2019-02-05 10:43:23,908 INFO  n.e.o.c.DesignSteps                 - Starting DesignSteps on sartaj-MacBook-Pro.local with PID 47949 (started by ssbaveja in /Users/ssbaveja/Desktop/Projects/oscars-newtech/backend)
2019-02-05 10:43:23,912 DEBUG n.e.o.c.DesignSteps                 - Running with Spring Boot v1.5.15.RELEASE, Spring v4.3.18.RELEASE
2019-02-05 10:43:23,912 INFO  n.e.o.c.DesignSteps                 - The following profiles are active: test                     
2019-02-05 10:43:29,114 INFO  n.e.o.a.s.JacksonConfig             - customizing jackson                                         
2019-02-05 10:43:29,771 INFO  n.e.o.p.s.RestPssServer             - PSS server URL: https://localhost:8002                      
2019-02-05 10:43:32,211 INFO  n.e.o.c.DesignSteps                 - Started DesignSteps in 8.57 seconds (JVM running for 9.785) 
2019-02-05 10:43:32,439 INFO  n.e.o.c.TopologySteps               - clearing adjacencies                                        
2019-02-05 10:43:32,480 INFO  n.e.o.c.TopologySteps               - clearing devices                                            
2019-02-05 10:43:32,485 INFO  n.e.o.c.TopologySteps               - clearing ports                                              
2019-02-05 10:43:32,490 INFO  n.e.o.c.TopologySteps               - clearing versions                                           
2019-02-05 10:43:32,657 DEBUG n.e.o.t.p.TopoPopulator             - Loaded topology from config/test/topo/two_routers.json , config/test/topo/adj_a_b_mpls.json
2019-02-05 10:43:32,669 INFO  n.e.o.t.s.TopoLibrary               -  will add port A:1                                          
2019-02-05 10:43:32,669 INFO  n.e.o.t.s.TopoLibrary               -  will add port A:2                                          
2019-02-05 10:43:32,670 INFO  n.e.o.t.s.TopoLibrary               -  will add port B:1                                          
2019-02-05 10:43:32,670 INFO  n.e.o.t.s.TopoLibrary               -  will add port B:2                                          
2019-02-05 10:43:32,767 DEBUG n.e.o.t.s.UpdateSvc                 - New version id is: 1                                        
2019-02-05 10:43:32,775 INFO  n.e.o.t.s.UpdateSvc                 - Merging version delta                                       
2019-02-05 10:43:32,844 INFO  n.e.o.t.s.UpdateSvc                 - d: inserting: A                                             
2019-02-05 10:43:32,859 INFO  n.e.o.t.s.UpdateSvc                 - d: inserting: B                                             
2019-02-05 10:43:32,861 INFO  n.e.o.t.s.UpdateSvc                 - finished merging devices                                    
2019-02-05 10:43:32,861 INFO  n.e.o.t.s.UpdateSvc                 -    inserted       : 2                                       
2019-02-05 10:43:32,861 INFO  n.e.o.t.s.UpdateSvc                 -    ver updated    : 0                                       
2019-02-05 10:43:32,861 INFO  n.e.o.t.s.UpdateSvc                 -     + unchanged      : 0                                    
2019-02-05 10:43:32,861 INFO  n.e.o.t.s.UpdateSvc                 -     + data updated   : 0                                    
2019-02-05 10:43:32,861 INFO  n.e.o.t.s.UpdateSvc                 -    invalidated    :   0                                     
2019-02-05 10:43:32,890 INFO  n.e.o.t.s.UpdateSvc                 - inserting p: A:1 to A                                       
2019-02-05 10:43:32,899 DEBUG n.e.o.t.s.UpdateSvc                 - A:1 2                                                       
2019-02-05 10:43:32,901 INFO  n.e.o.t.s.UpdateSvc                 - inserting p: A:2 to A                                       
2019-02-05 10:43:32,903 DEBUG n.e.o.t.s.UpdateSvc                 - A:2 2                                                       
2019-02-05 10:43:32,903 DEBUG n.e.o.t.s.UpdateSvc                 - A:1 2                                                       
2019-02-05 10:43:32,915 INFO  n.e.o.t.s.UpdateSvc                 - inserting p: B:1 to B                                       
2019-02-05 10:43:32,918 DEBUG n.e.o.t.s.UpdateSvc                 - B:1 3                                                       
2019-02-05 10:43:32,921 INFO  n.e.o.t.s.UpdateSvc                 - inserting p: B:2 to B                                       
2019-02-05 10:43:32,922 DEBUG n.e.o.t.s.UpdateSvc                 - B:2 3                                                       
2019-02-05 10:43:32,922 DEBUG n.e.o.t.s.UpdateSvc                 - B:1 3                                                       
2019-02-05 10:43:32,923 INFO  n.e.o.t.s.UpdateSvc                 - finished merging ports                                      
2019-02-05 10:43:32,923 INFO  n.e.o.t.s.UpdateSvc                 -    inserted     :   4                                       
2019-02-05 10:43:32,923 INFO  n.e.o.t.s.UpdateSvc                 -    ver updated  :   0                                       
2019-02-05 10:43:32,923 INFO  n.e.o.t.s.UpdateSvc                 -    data updated :   0                                       
2019-02-05 10:43:32,924 INFO  n.e.o.t.s.UpdateSvc                 -    invalidated  :   0                                       
2019-02-05 10:43:32,955 INFO  n.e.o.t.s.UpdateSvc                 - inserting pa: A:2 - B:2                                     
2019-02-05 10:43:32,963 INFO  n.e.o.t.s.UpdateSvc                 - inserting pa: B:2 - A:2                                     
2019-02-05 10:43:32,970 INFO  n.e.o.t.s.UpdateSvc                 - finished merging adjacencies                                
2019-02-05 10:43:32,970 INFO  n.e.o.t.s.UpdateSvc                 -    inserted     :   2                                       
2019-02-05 10:43:32,970 INFO  n.e.o.t.s.UpdateSvc                 -    ver updated  :   0                                       
2019-02-05 10:43:32,971 INFO  n.e.o.t.s.UpdateSvc                 -    data updated :   0                                       
2019-02-05 10:43:32,971 INFO  n.e.o.t.s.UpdateSvc                 -    invalidated  :   0                                       
2019-02-05 10:43:32,971 INFO  n.e.o.t.s.UpdateSvc                 - finished merging topology delta.                            
2019-02-05 10:43:32,989 INFO  n.e.o.t.s.TopoService               - updating pathfinding topo to version: 1                     
2019-02-05 10:43:33,058 INFO  n.e.o.t.s.TopoService               - updated with 10 topo adjacencies                            
2019-02-05 10:43:33,169 INFO  n.e.o.r.s.ResvLibrary               - evaluating a pbw: PeriodBandwidth(beginning=1970-01-01T00:01:40Z, ending=1970-01-01T00:04:10Z, bandwidth=10)
2019-02-05 10:43:33,170 INFO  n.e.o.r.s.ResvLibrary               - evaluating a pbw: PeriodBandwidth(beginning=1970-01-01T00:01:40Z, ending=1970-01-01T00:04:10Z, bandwidth=10)
2019-02-05 10:43:33,170 INFO  n.e.o.r.s.ResvLibrary               - evaluating a pbw: PeriodBandwidth(beginning=1970-01-01T00:01:40Z, ending=1970-01-01T00:04:10Z, bandwidth=10)
2019-02-05 10:43:33,170 INFO  n.e.o.r.s.ResvLibrary               - evaluating a pbw: PeriodBandwidth(beginning=1970-01-01T00:01:40Z, ending=1970-01-01T00:04:10Z, bandwidth=10)
2019-02-05 10:43:33,176 INFO  n.e.o.r.s.ResvLibrary               - evaluating a pbw: PeriodBandwidth(beginning=1970-01-01T00:01:40Z, ending=1970-01-01T00:04:10Z, bandwidth=10)
2019-02-05 10:43:33,176 INFO  n.e.o.r.s.ResvLibrary               - adding a pbw: PeriodBandwidth(beginning=1970-01-01T00:01:40Z, ending=1970-01-01T00:04:10Z, bandwidth=10)
2019-02-05 10:43:33,176 INFO  n.e.o.r.s.ResvLibrary               - evaluating a pbw: PeriodBandwidth(beginning=1970-01-01T00:01:40Z, ending=1970-01-01T00:04:10Z, bandwidth=10)
2019-02-05 10:43:33,177 INFO  n.e.o.r.s.ResvLibrary               - adding a pbw: PeriodBandwidth(beginning=1970-01-01T00:01:40Z, ending=1970-01-01T00:04:10Z, bandwidth=10)
2019-02-05 10:43:33,177 INFO  n.e.o.r.s.ResvLibrary               - evaluating a pbw: PeriodBandwidth(beginning=1970-01-01T00:01:40Z, ending=1970-01-01T00:04:10Z, bandwidth=10)
2019-02-05 10:43:33,177 INFO  n.e.o.r.s.ResvLibrary               - adding a pbw: PeriodBandwidth(beginning=1970-01-01T00:01:40Z, ending=1970-01-01T00:04:10Z, bandwidth=10)
2019-02-05 10:43:33,177 INFO  n.e.o.r.s.ResvLibrary               - evaluating a pbw: PeriodBandwidth(beginning=1970-01-01T00:01:40Z, ending=1970-01-01T00:04:10Z, bandwidth=10)
2019-02-05 10:43:33,177 INFO  n.e.o.r.s.ResvLibrary               - adding a pbw: PeriodBandwidth(beginning=1970-01-01T00:01:40Z, ending=1970-01-01T00:04:10Z, bandwidth=10)
2019-02-05 10:43:33,314 INFO  n.e.o.c.TopologySteps               - clearing adjacencies                                        
2019-02-05 10:43:33,338 INFO  n.e.o.c.TopologySteps               - clearing devices                                            
2019-02-05 10:43:33,346 INFO  n.e.o.c.TopologySteps               - deleting A:2                                                
2019-02-05 10:43:33,347 INFO  n.e.o.c.TopologySteps               - deleting A:1                                                
2019-02-05 10:43:33,349 INFO  n.e.o.c.TopologySteps               - deleting A                                                  
2019-02-05 10:43:33,353 INFO  n.e.o.c.TopologySteps               - deleting B:2                                                
2019-02-05 10:43:33,354 INFO  n.e.o.c.TopologySteps               - deleting B:1                                                
2019-02-05 10:43:33,355 INFO  n.e.o.c.TopologySteps               - deleting B                                                  
2019-02-05 10:43:33,361 INFO  n.e.o.c.TopologySteps               - clearing ports                                              
2019-02-05 10:43:33,363 INFO  n.e.o.c.TopologySteps               - clearing versions                                           
2019-02-05 10:43:33,380 DEBUG n.e.o.t.p.TopoPopulator             - Loaded topology from config/test/topo/two_routers.json , config/test/topo/adj_a_b_mpls.json
2019-02-05 10:43:33,383 INFO  n.e.o.t.s.TopoLibrary               -  will add port A:1                                          
2019-02-05 10:43:33,383 INFO  n.e.o.t.s.TopoLibrary               -  will add port A:2                                          
2019-02-05 10:43:33,383 INFO  n.e.o.t.s.TopoLibrary               -  will add port B:1                                          
2019-02-05 10:43:33,383 INFO  n.e.o.t.s.TopoLibrary               -  will add port B:2                                          
2019-02-05 10:43:33,388 DEBUG n.e.o.t.s.UpdateSvc                 - New version id is: 10                                       
2019-02-05 10:43:33,389 INFO  n.e.o.t.s.UpdateSvc                 - Merging version delta                                       
2019-02-05 10:43:33,402 INFO  n.e.o.t.s.UpdateSvc                 - d: inserting: A                                             
2019-02-05 10:43:33,403 INFO  n.e.o.t.s.UpdateSvc                 - d: inserting: B                                             
2019-02-05 10:43:33,404 INFO  n.e.o.t.s.UpdateSvc                 - finished merging devices                                    
2019-02-05 10:43:33,404 INFO  n.e.o.t.s.UpdateSvc                 -    inserted       : 2                                       
2019-02-05 10:43:33,404 INFO  n.e.o.t.s.UpdateSvc                 -    ver updated    : 0                                       
2019-02-05 10:43:33,404 INFO  n.e.o.t.s.UpdateSvc                 -     + unchanged      : 0                                    
2019-02-05 10:43:33,404 INFO  n.e.o.t.s.UpdateSvc                 -     + data updated   : 0                                    
2019-02-05 10:43:33,404 INFO  n.e.o.t.s.UpdateSvc                 -    invalidated    :   0                                     
2019-02-05 10:43:33,424 INFO  n.e.o.t.s.UpdateSvc                 - inserting p: A:1 to A                                       
2019-02-05 10:43:33,425 DEBUG n.e.o.t.s.UpdateSvc                 - A:1 11                                                      
2019-02-05 10:43:33,427 INFO  n.e.o.t.s.UpdateSvc                 - inserting p: A:2 to A                                       
2019-02-05 10:43:33,428 DEBUG n.e.o.t.s.UpdateSvc                 - A:1 11                                                      
2019-02-05 10:43:33,429 DEBUG n.e.o.t.s.UpdateSvc                 - A:2 11                                                      
2019-02-05 10:43:33,431 INFO  n.e.o.t.s.UpdateSvc                 - inserting p: B:1 to B                                       
2019-02-05 10:43:33,433 DEBUG n.e.o.t.s.UpdateSvc                 - B:1 12                                                      
2019-02-05 10:43:33,435 INFO  n.e.o.t.s.UpdateSvc                 - inserting p: B:2 to B                                       
2019-02-05 10:43:33,437 DEBUG n.e.o.t.s.UpdateSvc                 - B:1 12                                                      
2019-02-05 10:43:33,437 DEBUG n.e.o.t.s.UpdateSvc                 - B:2 12                                                      
2019-02-05 10:43:33,437 INFO  n.e.o.t.s.UpdateSvc                 - finished merging ports                                      
2019-02-05 10:43:33,437 INFO  n.e.o.t.s.UpdateSvc                 -    inserted     :   4                                       
2019-02-05 10:43:33,437 INFO  n.e.o.t.s.UpdateSvc                 -    ver updated  :   0                                       
2019-02-05 10:43:33,437 INFO  n.e.o.t.s.UpdateSvc                 -    data updated :   0                                       
2019-02-05 10:43:33,437 INFO  n.e.o.t.s.UpdateSvc                 -    invalidated  :   0                                       
2019-02-05 10:43:33,448 INFO  n.e.o.t.s.UpdateSvc                 - inserting pa: A:2 - B:2                                     
2019-02-05 10:43:33,455 INFO  n.e.o.t.s.UpdateSvc                 - inserting pa: B:2 - A:2                                     
2019-02-05 10:43:33,463 INFO  n.e.o.t.s.UpdateSvc                 - finished merging adjacencies                                
2019-02-05 10:43:33,463 INFO  n.e.o.t.s.UpdateSvc                 -    inserted     :   2                                       
2019-02-05 10:43:33,463 INFO  n.e.o.t.s.UpdateSvc                 -    ver updated  :   0                                       
2019-02-05 10:43:33,463 INFO  n.e.o.t.s.UpdateSvc                 -    data updated :   0                                       
2019-02-05 10:43:33,463 INFO  n.e.o.t.s.UpdateSvc                 -    invalidated  :   0                                       
2019-02-05 10:43:33,463 INFO  n.e.o.t.s.UpdateSvc                 - finished merging topology delta.                            
2019-02-05 10:43:33,472 INFO  n.e.o.t.s.TopoService               - updating pathfinding topo to version: 10                    
2019-02-05 10:43:33,487 INFO  n.e.o.t.s.TopoService               - updated with 10 topo adjacencies                            
2019-02-05 10:43:33,569 INFO  n.e.o.p.DijkstraPCE                 - shortest path cost: 3.0                                     
2019-02-05 10:43:33,571 INFO  n.e.o.p.DijkstraPCE                 - shortest path cost: 3.0                                     
2019-02-05 10:43:33,576 INFO  n.e.o.p.AllPathsPCE                 - long path; using long path max-length (13)                  
2019-02-05 10:43:33,579 INFO  n.e.o.p.AllPathsPCE                 - 1 distinct paths found between A and B found in time PT0.001S
2019-02-05 10:43:33,587 INFO  n.e.o.p.AllPathsPCE                 - widest paths found in time PT0.008S                         
2019-02-05 10:43:33,888 INFO  n.e.o.c.TopologySteps               - clearing adjacencies                                        
2019-02-05 10:43:33,901 INFO  n.e.o.c.TopologySteps               - clearing devices                                            
2019-02-05 10:43:33,906 INFO  n.e.o.c.TopologySteps               - deleting A:1                                                
2019-02-05 10:43:33,907 INFO  n.e.o.c.TopologySteps               - deleting A:2                                                
2019-02-05 10:43:33,907 INFO  n.e.o.c.TopologySteps               - deleting A                                                  
2019-02-05 10:43:33,909 INFO  n.e.o.c.TopologySteps               - deleting B:1                                                
2019-02-05 10:43:33,909 INFO  n.e.o.c.TopologySteps               - deleting B:2                                                
2019-02-05 10:43:33,910 INFO  n.e.o.c.TopologySteps               - deleting B                                                  
2019-02-05 10:43:33,914 INFO  n.e.o.c.TopologySteps               - clearing ports                                              
2019-02-05 10:43:33,915 INFO  n.e.o.c.TopologySteps               - clearing versions                                           
2019-02-05 10:43:33,970 DEBUG n.e.o.t.p.TopoPopulator             - Loaded topology from config/topo/esnet-devices.json , config/topo/esnet-adjcies.json
2019-02-05 10:43:33,977 INFO  n.e.o.t.s.TopoLibrary               -  will add port slac-mr2:xe-1/1/0                            
2019-02-05 10:43:33,977 INFO  n.e.o.t.s.TopoLibrary               -  will add port chic-cr5:BLANK                               
2019-02-05 10:43:33,977 INFO  n.e.o.t.s.TopoLibrary               -  will add port bost-cr5:10/2/3                              
2019-02-05 10:43:33,977 INFO  n.e.o.t.s.TopoLibrary               -  will add port lbl-mr2:xe-1/1/0                             
2019-02-05 10:43:33,977 INFO  n.e.o.t.s.TopoLibrary               -  will add port newy-cr5:9/1/4                               
2019-02-05 10:43:33,977 INFO  n.e.o.t.s.TopoLibrary               -  will add port cern-513-cr5:1/1/1                           
2019-02-05 10:43:33,977 INFO  n.e.o.t.s.TopoLibrary               -  will add port newy-cr5:9/1/1                               
2019-02-05 10:43:33,978 INFO  n.e.o.t.s.TopoLibrary               -  will add port bois-cr1:xe-7/3/0                            
2019-02-05 10:43:33,978 INFO  n.e.o.t.s.TopoLibrary               -  will add port aofa-cr5:10/1/2                              
2019-02-05 10:43:33,978 INFO  n.e.o.t.s.TopoLibrary               -  will add port amst-cr5:10/2/5                              
2019-02-05 10:43:33,978 INFO  n.e.o.t.s.TopoLibrary               -  will add port aofa-cr5:10/1/1                              
2019-02-05 10:43:33,978 INFO  n.e.o.t.s.TopoLibrary               -  will add port aofa-cr5:10/1/9                              
2019-02-05 10:43:33,978 INFO  n.e.o.t.s.TopoLibrary               -  will add port aofa-cr5:10/1/8                              
2019-02-05 10:43:33,978 INFO  n.e.o.t.s.TopoLibrary               -  will add port eqx-chi-cr5:10/1/2                           
2019-02-05 10:43:33,978 INFO  n.e.o.t.s.TopoLibrary               -  will add port lsvn-cr1:ge-1/0/1                            
2019-02-05 10:43:33,978 INFO  n.e.o.t.s.TopoLibrary               -  will add port eqx-chi-cr5:10/1/3                           
2019-02-05 10:43:33,978 INFO  n.e.o.t.s.TopoLibrary               -  will add port lsvn-cr1:ge-1/0/0                            
2019-02-05 10:43:33,978 INFO  n.e.o.t.s.TopoLibrary               -  will add port eqx-chi-cr5:10/1/1                           
2019-02-05 10:43:33,978 INFO  n.e.o.t.s.TopoLibrary               -  will add port lbl-mr2:xe-8/1/0                             
2019-02-05 10:43:33,978 INFO  n.e.o.t.s.TopoLibrary               -  will add port cern-773-cr5:10/1/2                          
2019-02-05 10:43:33,978 INFO  n.e.o.t.s.TopoLibrary               -  will add port nersc-mr2:xe-2/2/0                           
2019-02-05 10:43:33,978 INFO  n.e.o.t.s.TopoLibrary               -  will add port cern-773-cr5:10/1/1                          
2019-02-05 10:43:33,978 INFO  n.e.o.t.s.TopoLibrary               -  will add port cern-773-cr5:10/1/3                          
2019-02-05 10:43:33,978 INFO  n.e.o.t.s.TopoLibrary               -  will add port chic-cr5:6/1/1                               
2019-02-05 10:43:33,979 INFO  n.e.o.t.s.TopoLibrary               -  will add port star-cr5:3/1/1                               
2019-02-05 10:43:33,979 INFO  n.e.o.t.s.TopoLibrary               -  will add port lsvn-cr1:xe-2/1/0                            
2019-02-05 10:43:33,979 INFO  n.e.o.t.s.TopoLibrary               -  will add port sunn-cr5:7/1/1                               
2019-02-05 10:43:33,979 INFO  n.e.o.t.s.TopoLibrary               -  will add port bost-cr5:10/1/2                              
2019-02-05 10:43:33,979 INFO  n.e.o.t.s.TopoLibrary               -  will add port eqx-chi-cr5:BLANK                            
2019-02-05 10:43:33,979 INFO  n.e.o.t.s.TopoLibrary               -  will add port lbl-mr2:xe-8/3/0                             
2019-02-05 10:43:33,979 INFO  n.e.o.t.s.TopoLibrary               -  will add port bost-cr5:10/1/6                              
2019-02-05 10:43:33,979 INFO  n.e.o.t.s.TopoLibrary               -  will add port bost-cr5:10/1/5                              
2019-02-05 10:43:33,979 INFO  n.e.o.t.s.TopoLibrary               -  will add port slac-mr2:xe-0/2/0                            
2019-02-05 10:43:33,979 INFO  n.e.o.t.s.TopoLibrary               -  will add port albq-cr5:10/1/2                              
2019-02-05 10:43:33,979 INFO  n.e.o.t.s.TopoLibrary               -  will add port aofa-cr5:5/1/1                               
2019-02-05 10:43:33,979 INFO  n.e.o.t.s.TopoLibrary               -  will add port nash-cr5:10/1/4                              
2019-02-05 10:43:33,979 INFO  n.e.o.t.s.TopoLibrary               -  will add port albq-cr5:10/1/5                              
2019-02-05 10:43:33,979 INFO  n.e.o.t.s.TopoLibrary               -  will add port ga-rt2:ge-1/0/3                              
2019-02-05 10:43:33,979 INFO  n.e.o.t.s.TopoLibrary               -  will add port nash-cr5:10/1/3                              
2019-02-05 10:43:33,979 INFO  n.e.o.t.s.TopoLibrary               -  will add port albq-cr5:10/1/3                              
2019-02-05 10:43:33,979 INFO  n.e.o.t.s.TopoLibrary               -  will add port ga-rt2:ge-1/0/5                              
2019-02-05 10:43:33,980 INFO  n.e.o.t.s.TopoLibrary               -  will add port albq-cr5:10/1/4                              
2019-02-05 10:43:33,980 INFO  n.e.o.t.s.TopoLibrary               -  will add port amst-cr5:10/1/1                              
2019-02-05 10:43:33,980 INFO  n.e.o.t.s.TopoLibrary               -  will add port cern-513-cr5:1/2/1                           
2019-02-05 10:43:33,980 INFO  n.e.o.t.s.TopoLibrary               -  will add port amst-cr5:10/1/2                              
2019-02-05 10:43:33,980 INFO  n.e.o.t.s.TopoLibrary               -  will add port pnwg-cr5:BLANK                               
2019-02-05 10:43:33,980 INFO  n.e.o.t.s.TopoLibrary               -  will add port ornl-rt4:xe-2/3/0                            
2019-02-05 10:43:33,980 INFO  n.e.o.t.s.TopoLibrary               -  will add port newy-cr5:2/1/1                               
2019-02-05 10:43:33,980 INFO  n.e.o.t.s.TopoLibrary               -  will add port wash-cr5:10/1/3                              
2019-02-05 10:43:33,980 INFO  n.e.o.t.s.TopoLibrary               -  will add port lsvn-cr1:ge-1/1/0                            
2019-02-05 10:43:33,980 INFO  n.e.o.t.s.TopoLibrary               -  will add port newy-cr5:10/1/9                              
2019-02-05 10:43:33,981 INFO  n.e.o.t.s.TopoLibrary               -  will add port wash-cr5:10/1/4                              
2019-02-05 10:43:33,981 INFO  n.e.o.t.s.TopoLibrary               -  will add port nash-cr5:10/1/6                              
2019-02-05 10:43:33,981 INFO  n.e.o.t.s.TopoLibrary               -  will add port wash-cr5:10/1/5                              
2019-02-05 10:43:33,981 INFO  n.e.o.t.s.TopoLibrary               -  will add port nash-cr5:10/1/5                              
2019-02-05 10:43:33,981 INFO  n.e.o.t.s.TopoLibrary               -  will add port sacr-cr5:3/1/1                               
2019-02-05 10:43:33,981 INFO  n.e.o.t.s.TopoLibrary               -  will add port wash-cr5:10/1/9                              
2019-02-05 10:43:33,981 INFO  n.e.o.t.s.TopoLibrary               -  will add port lsvn-cr1:ge-1/1/1                            
2019-02-05 10:43:33,981 INFO  n.e.o.t.s.TopoLibrary               -  will add port atla-cr5:1/1/1                               
2019-02-05 10:43:33,981 INFO  n.e.o.t.s.TopoLibrary               -  will add port lsvn-cr1:ge-1/1/5                            
2019-02-05 10:43:33,981 INFO  n.e.o.t.s.TopoLibrary               -  will add port newy-cr5:10/1/2                              
2019-02-05 10:43:33,981 INFO  n.e.o.t.s.TopoLibrary               -  will add port newy-cr5:10/1/3                              
2019-02-05 10:43:33,981 INFO  n.e.o.t.s.TopoLibrary               -  will add port lsvn-cr1:xe-2/2/0                            
2019-02-05 10:43:33,981 INFO  n.e.o.t.s.TopoLibrary               -  will add port star-cr5:3/2/1                               
2019-02-05 10:43:33,982 INFO  n.e.o.t.s.TopoLibrary               -  will add port bois-cr1:xe-1/2/0                            
2019-02-05 10:43:33,982 INFO  n.e.o.t.s.TopoLibrary               -  will add port sunn-cr5:10/1/2                              
2019-02-05 10:43:33,982 INFO  n.e.o.t.s.TopoLibrary               -  will add port sunn-cr5:10/1/1                              
2019-02-05 10:43:33,982 INFO  n.e.o.t.s.TopoLibrary               -  will add port sunn-cr5:10/1/6                              
2019-02-05 10:43:33,982 INFO  n.e.o.t.s.TopoLibrary               -  will add port lond-cr5:5/1/1                               
2019-02-05 10:43:33,982 INFO  n.e.o.t.s.TopoLibrary               -  will add port sunn-cr5:10/1/5                              
2019-02-05 10:43:33,982 INFO  n.e.o.t.s.TopoLibrary               -  will add port sunn-cr5:10/1/4                              
2019-02-05 10:43:33,982 INFO  n.e.o.t.s.TopoLibrary               -  will add port sunn-cr5:10/1/3                              
2019-02-05 10:43:33,982 INFO  n.e.o.t.s.TopoLibrary               -  will add port anl-mr2:xe-2/3/0                             
2019-02-05 10:43:33,982 INFO  n.e.o.t.s.TopoLibrary               -  will add port netl-alb-rt1:xe-2/0/0                        
2019-02-05 10:43:33,982 INFO  n.e.o.t.s.TopoLibrary               -  will add port slac-mr2:xe-0/1/0                            
2019-02-05 10:43:33,982 INFO  n.e.o.t.s.TopoLibrary               -  will add port ga-rt2:ge-1/1/3                              
2019-02-05 10:43:33,982 INFO  n.e.o.t.s.TopoLibrary               -  will add port netl-alb-rt1:xe-2/0/3                        
2019-02-05 10:43:33,982 INFO  n.e.o.t.s.TopoLibrary               -  will add port netl-alb-rt1:xe-2/0/2                        
2019-02-05 10:43:33,982 INFO  n.e.o.t.s.TopoLibrary               -  will add port netl-alb-rt1:xe-2/0/1                        
2019-02-05 10:43:33,982 INFO  n.e.o.t.s.TopoLibrary               -  will add port bois-cr1:xe-7/1/0                            
2019-02-05 10:43:33,982 INFO  n.e.o.t.s.TopoLibrary               -  will add port srs-rt3:ge-0/1/0                             
2019-02-05 10:43:33,983 INFO  n.e.o.t.s.TopoLibrary               -  will add port albq-cr5:3/1/1                               
2019-02-05 10:43:33,983 INFO  n.e.o.t.s.TopoLibrary               -  will add port aofa-cr5:6/2/1                               
2019-02-05 10:43:33,983 INFO  n.e.o.t.s.TopoLibrary               -  will add port wash-cr5:10/1/10                             
2019-02-05 10:43:33,983 INFO  n.e.o.t.s.TopoLibrary               -  will add port chic-cr5:7/1/1                               
2019-02-05 10:43:33,983 INFO  n.e.o.t.s.TopoLibrary               -  will add port lbl-mr2:xe-0/1/0                             
2019-02-05 10:43:33,983 INFO  n.e.o.t.s.TopoLibrary               -  will add port sunn-cr5:8/1/1                               
2019-02-05 10:43:33,983 INFO  n.e.o.t.s.TopoLibrary               -  will add port denv-cr5:4/1/1                               
2019-02-05 10:43:33,983 INFO  n.e.o.t.s.TopoLibrary               -  will add port fnal-mr2:xe-1/3/0                            
2019-02-05 10:43:33,983 INFO  n.e.o.t.s.TopoLibrary               -  will add port sunn-cr5:10/2/1                              
2019-02-05 10:43:33,983 INFO  n.e.o.t.s.TopoLibrary               -  will add port sunn-cr5:10/2/5                              
2019-02-05 10:43:33,983 INFO  n.e.o.t.s.TopoLibrary               -  will add port sunn-cr5:10/2/4                              
2019-02-05 10:43:33,983 INFO  n.e.o.t.s.TopoLibrary               -  will add port sunn-cr5:10/2/3                              
2019-02-05 10:43:33,983 INFO  n.e.o.t.s.TopoLibrary               -  will add port sunn-cr5:10/2/2                              
2019-02-05 10:43:33,983 INFO  n.e.o.t.s.TopoLibrary               -  will add port llnl-mr2:xe-3/2/0                            
2019-02-05 10:43:33,983 INFO  n.e.o.t.s.TopoLibrary               -  will add port sunn-cr5:10/2/6                              
2019-02-05 10:43:33,983 INFO  n.e.o.t.s.TopoLibrary               -  will add port hous-cr5:1/1/1                               
2019-02-05 10:43:33,984 INFO  n.e.o.t.s.TopoLibrary               -  will add port slac-mr2:xe-0/0/0                            
2019-02-05 10:43:33,984 INFO  n.e.o.t.s.TopoLibrary               -  will add port srs-rt3:ge-0/0/0                             
2019-02-05 10:43:33,984 INFO  n.e.o.t.s.TopoLibrary               -  will add port lbl-mr2:xe-0/2/0                             
2019-02-05 10:43:33,984 INFO  n.e.o.t.s.TopoLibrary               -  will add port llnl-mr2:ge-3/0/1                            
2019-02-05 10:43:33,984 INFO  n.e.o.t.s.TopoLibrary               -  will add port llnl-mr2:ge-3/0/0                            
2019-02-05 10:43:33,984 INFO  n.e.o.t.s.TopoLibrary               -  will add port nersc-mr2:xe-1/3/0                           
2019-02-05 10:43:33,984 INFO  n.e.o.t.s.TopoLibrary               -  will add port denv-cr5:4/2/1                               
2019-02-05 10:43:33,984 INFO  n.e.o.t.s.TopoLibrary               -  will add port ameslab-rt3:xe-1/3/0                         
2019-02-05 10:43:33,984 INFO  n.e.o.t.s.TopoLibrary               -  will add port wash-cr5:1/1/1                               
2019-02-05 10:43:33,984 INFO  n.e.o.t.s.TopoLibrary               -  will add port newy-cr5:3/1/1                               
2019-02-05 10:43:33,984 INFO  n.e.o.t.s.TopoLibrary               -  will add port chic-cr5:6/2/1                               
2019-02-05 10:43:33,984 INFO  n.e.o.t.s.TopoLibrary               -  will add port sunn-cr5:7/2/1                               
2019-02-05 10:43:33,984 INFO  n.e.o.t.s.TopoLibrary               -  will add port lbl-mr2:xe-7/0/0                             
2019-02-05 10:43:33,984 INFO  n.e.o.t.s.TopoLibrary               -  will add port nersc-mr2:xe-7/3/0                           
2019-02-05 10:43:33,984 INFO  n.e.o.t.s.TopoLibrary               -  will add port hous-cr5:10/1/3                              
2019-02-05 10:43:33,984 INFO  n.e.o.t.s.TopoLibrary               -  will add port hous-cr5:10/1/4                              
2019-02-05 10:43:33,985 INFO  n.e.o.t.s.TopoLibrary               -  will add port ornl-rt4:xe-1/2/0                            
2019-02-05 10:43:33,985 INFO  n.e.o.t.s.TopoLibrary               -  will add port kans-cr5:1/1/1                               
2019-02-05 10:43:33,985 INFO  n.e.o.t.s.TopoLibrary               -  will add port sacr-cr5:10/2/5                              
2019-02-05 10:43:33,985 INFO  n.e.o.t.s.TopoLibrary               -  will add port denv-cr5:10/1/6                              
2019-02-05 10:43:33,985 INFO  n.e.o.t.s.TopoLibrary               -  will add port sacr-cr5:4/1/1                               
2019-02-05 10:43:33,985 INFO  n.e.o.t.s.TopoLibrary               -  will add port sacr-cr5:10/2/6                              
2019-02-05 10:43:33,985 INFO  n.e.o.t.s.TopoLibrary               -  will add port denv-cr5:10/1/7                              
2019-02-05 10:43:33,985 INFO  n.e.o.t.s.TopoLibrary               -  will add port llnl-mr2:xe-2/1/0                            
2019-02-05 10:43:33,985 INFO  n.e.o.t.s.TopoLibrary               -  will add port star-cr5:5/1/1                               
2019-02-05 10:43:33,985 INFO  n.e.o.t.s.TopoLibrary               -  will add port sunn-cr5:5/2/1                               
2019-02-05 10:43:33,985 INFO  n.e.o.t.s.TopoLibrary               -  will add port sacr-cr5:10/2/1                              
2019-02-05 10:43:33,985 INFO  n.e.o.t.s.TopoLibrary               -  will add port sacr-cr5:10/2/2                              
2019-02-05 10:43:33,985 INFO  n.e.o.t.s.TopoLibrary               -  will add port sacr-cr5:10/2/3                              
2019-02-05 10:43:33,985 INFO  n.e.o.t.s.TopoLibrary               -  will add port sacr-cr5:10/2/4                              
2019-02-05 10:43:33,985 INFO  n.e.o.t.s.TopoLibrary               -  will add port ornl-rt4:ge-0/0/1                            
2019-02-05 10:43:33,986 INFO  n.e.o.t.s.TopoLibrary               -  will add port eqx-ash-cr5:1/2/1                            
2019-02-05 10:43:33,986 INFO  n.e.o.t.s.TopoLibrary               -  will add port nersc-mr2:xe-0/2/0                           
2019-02-05 10:43:33,986 INFO  n.e.o.t.s.TopoLibrary               -  will add port eqx-ash-cr5:10/1/6                           
2019-02-05 10:43:33,986 INFO  n.e.o.t.s.TopoLibrary               -  will add port albq-cr5:2/1/1                               
2019-02-05 10:43:33,986 INFO  n.e.o.t.s.TopoLibrary               -  will add port eqx-ash-cr5:10/1/5                           
2019-02-05 10:43:33,986 INFO  n.e.o.t.s.TopoLibrary               -  will add port eqx-ash-cr5:10/1/2                           
2019-02-05 10:43:33,986 INFO  n.e.o.t.s.TopoLibrary               -  will add port llnl-mr2:xe-1/3/0                            
2019-02-05 10:43:33,986 INFO  n.e.o.t.s.TopoLibrary               -  will add port atla-cr5:10/1/8                              
2019-02-05 10:43:33,986 INFO  n.e.o.t.s.TopoLibrary               -  will add port eqx-ash-cr5:10/1/1                           
2019-02-05 10:43:33,986 INFO  n.e.o.t.s.TopoLibrary               -  will add port wash-cr5:6/1/1                               
2019-02-05 10:43:33,986 INFO  n.e.o.t.s.TopoLibrary               -  will add port eqx-sj-cr5:1/2/1                             
2019-02-05 10:43:33,986 INFO  n.e.o.t.s.TopoLibrary               -  will add port bost-cr5:2/1/1                               
2019-02-05 10:43:33,986 INFO  n.e.o.t.s.TopoLibrary               -  will add port chic-cr5:1/1/1                               
2019-02-05 10:43:33,987 INFO  n.e.o.t.s.TopoLibrary               -  will add port atla-cr5:10/1/2                              
2019-02-05 10:43:33,987 INFO  n.e.o.t.s.TopoLibrary               -  will add port atla-cr5:3/1/1                               
2019-02-05 10:43:33,987 INFO  n.e.o.t.s.TopoLibrary               -  will add port atla-cr5:10/1/3                              
2019-02-05 10:43:33,987 INFO  n.e.o.t.s.TopoLibrary               -  will add port sacr-cr5:10/1/1                              
2019-02-05 10:43:33,987 INFO  n.e.o.t.s.TopoLibrary               -  will add port newy-cr5:4/1/1                               
2019-02-05 10:43:33,987 INFO  n.e.o.t.s.TopoLibrary               -  will add port sacr-cr5:10/1/6                              
2019-02-05 10:43:33,987 INFO  n.e.o.t.s.TopoLibrary               -  will add port llnl-mr2:xe-2/2/0                            
2019-02-05 10:43:33,987 INFO  n.e.o.t.s.TopoLibrary               -  will add port chic-cr5:8/1/1                               
2019-02-05 10:43:33,987 INFO  n.e.o.t.s.TopoLibrary               -  will add port sacr-cr5:10/1/2                              
2019-02-05 10:43:33,987 INFO  n.e.o.t.s.TopoLibrary               -  will add port sacr-cr5:10/1/4                              
2019-02-05 10:43:33,987 INFO  n.e.o.t.s.TopoLibrary               -  will add port cern-773-cr5:BLANK                           
2019-02-05 10:43:33,987 INFO  n.e.o.t.s.TopoLibrary               -  will add port forr-rt2:ge-0/0/5                            
2019-02-05 10:43:33,987 INFO  n.e.o.t.s.TopoLibrary               -  will add port forr-rt2:ge-0/0/4                            
2019-02-05 10:43:33,988 INFO  n.e.o.t.s.TopoLibrary               -  will add port eqx-ash-cr5:1/1/1                            
2019-02-05 10:43:33,988 INFO  n.e.o.t.s.TopoLibrary               -  will add port forr-rt2:ge-0/0/2                            
2019-02-05 10:43:33,988 INFO  n.e.o.t.s.TopoLibrary               -  will add port forr-rt2:ge-0/0/1                            
2019-02-05 10:43:33,988 INFO  n.e.o.t.s.TopoLibrary               -  will add port forr-rt2:ge-0/0/0                            
2019-02-05 10:43:33,988 INFO  n.e.o.t.s.TopoLibrary               -  will add port chic-cr5:7/2/1                               
2019-02-05 10:43:33,988 INFO  n.e.o.t.s.TopoLibrary               -  will add port nersc-mr2:xe-1/1/0                           
2019-02-05 10:43:33,988 INFO  n.e.o.t.s.TopoLibrary               -  will add port amst-cr5:5/1/1                               
2019-02-05 10:43:33,988 INFO  n.e.o.t.s.TopoLibrary               -  will add port bois-cr1:xe-0/0/0                            
2019-02-05 10:43:33,988 INFO  n.e.o.t.s.TopoLibrary               -  will add port sacr-cr5:1/1/1                               
2019-02-05 10:43:33,988 INFO  n.e.o.t.s.TopoLibrary               -  will add port ameslab-rt3:xe-1/1/0                         
2019-02-05 10:43:33,988 INFO  n.e.o.t.s.TopoLibrary               -  will add port pnwg-cr5:3/1/1                               
2019-02-05 10:43:33,988 INFO  n.e.o.t.s.TopoLibrary               -  will add port lbl-mr2:xe-7/2/0                             
2019-02-05 10:43:33,988 INFO  n.e.o.t.s.TopoLibrary               -  will add port aofa-cr5:4/2/1                               
2019-02-05 10:43:33,988 INFO  n.e.o.t.s.TopoLibrary               -  will add port cern-513-cr5:2/1/1                           
2019-02-05 10:43:33,988 INFO  n.e.o.t.s.TopoLibrary               -  will add port ameslab-rt3:xe-0/2/0                         
2019-02-05 10:43:33,988 INFO  n.e.o.t.s.TopoLibrary               -  will add port star-cr5:4/1/1                               
2019-02-05 10:43:33,988 INFO  n.e.o.t.s.TopoLibrary               -  will add port lsvn-cr1:xe-1/2/0                            
2019-02-05 10:43:33,988 INFO  n.e.o.t.s.TopoLibrary               -  will add port newy-cr5:4/2/1                               
2019-02-05 10:43:33,988 INFO  n.e.o.t.s.TopoLibrary               -  will add port albq-cr5:1/1/1                               
2019-02-05 10:43:33,988 INFO  n.e.o.t.s.TopoLibrary               -  will add port pnwg-cr5:1/1/1                               
2019-02-05 10:43:33,988 INFO  n.e.o.t.s.TopoLibrary               -  will add port kans-cr5:10/1/4                              
2019-02-05 10:43:33,988 INFO  n.e.o.t.s.TopoLibrary               -  will add port elpa-cr5:10/1/5                              
2019-02-05 10:43:33,988 INFO  n.e.o.t.s.TopoLibrary               -  will add port kans-cr5:10/1/3                              
2019-02-05 10:43:33,989 INFO  n.e.o.t.s.TopoLibrary               -  will add port pnwg-cr5:2/2/1                               
2019-02-05 10:43:33,989 INFO  n.e.o.t.s.TopoLibrary               -  will add port bois-cr1:xe-0/1/0                            
2019-02-05 10:43:33,989 INFO  n.e.o.t.s.TopoLibrary               -  will add port eqx-ash-cr5:BLANK                            
2019-02-05 10:43:33,989 INFO  n.e.o.t.s.TopoLibrary               -  will add port bost-cr5:1/1/1                               
2019-02-05 10:43:33,989 INFO  n.e.o.t.s.TopoLibrary               -  will add port elpa-cr5:10/1/4                              
2019-02-05 10:43:33,989 INFO  n.e.o.t.s.TopoLibrary               -  will add port eqx-sj-cr5:BLANK                             
2019-02-05 10:43:33,989 INFO  n.e.o.t.s.TopoLibrary               -  will add port elpa-cr5:10/1/3                              
2019-02-05 10:43:33,989 INFO  n.e.o.t.s.TopoLibrary               -  will add port ameslab-rt3:xe-1/0/0                         
2019-02-05 10:43:33,989 INFO  n.e.o.t.s.TopoLibrary               -  will add port aofa-cr5:4/1/1                               
2019-02-05 10:43:33,989 INFO  n.e.o.t.s.TopoLibrary               -  will add port anl-mr2:ae0                                  
2019-02-05 10:43:33,989 INFO  n.e.o.t.s.TopoLibrary               -  will add port aofa-cr5:3/1/1                               
2019-02-05 10:43:33,989 INFO  n.e.o.t.s.TopoLibrary               -  will add port star-cr5:4/2/1                               
2019-02-05 10:43:33,989 INFO  n.e.o.t.s.TopoLibrary               -  will add port osti-rt2:ae0                                 
2019-02-05 10:43:33,989 INFO  n.e.o.t.s.TopoLibrary               -  will add port ameslab-rt3:xe-0/1/0                         
2019-02-05 10:43:33,989 INFO  n.e.o.t.s.TopoLibrary               -  will add port llnl-mr2:xe-2/0/0                            
2019-02-05 10:43:33,989 INFO  n.e.o.t.s.TopoLibrary               -  will add port cern-513-cr5:BLANK                           
2019-02-05 10:43:33,989 INFO  n.e.o.t.s.TopoLibrary               -  will add port atla-cr5:2/1/1                               
2019-02-05 10:43:33,989 INFO  n.e.o.t.s.TopoLibrary               -  will add port sunn-cr5:5/1/1                               
2019-02-05 10:43:33,990 INFO  n.e.o.t.s.TopoLibrary               -  will add port sacr-cr5:2/1/1                               
2019-02-05 10:43:33,990 INFO  n.e.o.t.s.TopoLibrary               -  will add port denv-cr5:10/1/3                              
2019-02-05 10:43:33,990 INFO  n.e.o.t.s.TopoLibrary               -  will add port denv-cr5:10/1/4                              
2019-02-05 10:43:33,990 INFO  n.e.o.t.s.TopoLibrary               -  will add port denv-cr5:10/1/5                              
2019-02-05 10:43:33,990 INFO  n.e.o.t.s.TopoLibrary               -  will add port eqx-ash-cr5:10/2/5                           
2019-02-05 10:43:33,990 INFO  n.e.o.t.s.TopoLibrary               -  will add port eqx-ash-cr5:10/2/6                           
2019-02-05 10:43:33,990 INFO  n.e.o.t.s.TopoLibrary               -  will add port bois-cr1:xe-0/2/0                            
2019-02-05 10:43:33,990 INFO  n.e.o.t.s.TopoLibrary               -  will add port pnwg-cr5:2/1/1                               
2019-02-05 10:43:33,990 INFO  n.e.o.t.s.TopoLibrary               -  will add port eqx-ash-cr5:10/2/2                           
2019-02-05 10:43:33,990 INFO  n.e.o.t.s.TopoLibrary               -  will add port eqx-ash-cr5:2/1/1                            
2019-02-05 10:43:33,990 INFO  n.e.o.t.s.TopoLibrary               -  will add port ornl-cr5:10/1/1                              
2019-02-05 10:43:33,990 INFO  n.e.o.t.s.TopoLibrary               -  will add port llnldc-rt4:ge-1/0/0                          
2019-02-05 10:43:33,990 INFO  n.e.o.t.s.TopoLibrary               -  will add port ornl-cr5:10/1/2                              
2019-02-05 10:43:33,990 INFO  n.e.o.t.s.TopoLibrary               -  will add port bois-cr1:xe-1/0/0                            
2019-02-05 10:43:33,990 INFO  n.e.o.t.s.TopoLibrary               -  will add port ornl-cr5:10/1/3                              
2019-02-05 10:43:33,990 INFO  n.e.o.t.s.TopoLibrary               -  will add port lsvn-cr1:xe-2/0/0                            
2019-02-05 10:43:33,990 INFO  n.e.o.t.s.TopoLibrary               -  will add port aofa-cr5:9/1/5                               
2019-02-05 10:43:33,990 INFO  n.e.o.t.s.TopoLibrary               -  will add port pnwg-cr5:9/1/2                               
2019-02-05 10:43:33,990 INFO  n.e.o.t.s.TopoLibrary               -  will add port wash-cr5:4/2/1                               
2019-02-05 10:43:33,990 INFO  n.e.o.t.s.TopoLibrary               -  will add port ameslab-rt3:xe-0/0/0                         
2019-02-05 10:43:33,990 INFO  n.e.o.t.s.TopoLibrary               -  will add port snll-mr2:xe-2/2/0                            
2019-02-05 10:43:33,991 INFO  n.e.o.t.s.TopoLibrary               -  will add port aofa-cr5:9/1/1                               
2019-02-05 10:43:33,991 INFO  n.e.o.t.s.TopoLibrary               -  will add port anl-mr2:xe-0/1/0                             
2019-02-05 10:43:33,991 INFO  n.e.o.t.s.TopoLibrary               -  will add port chic-cr5:10/1/3                              
2019-02-05 10:43:33,991 INFO  n.e.o.t.s.TopoLibrary               -  will add port doe-gtn-rt2:ge-0/0/0                         
2019-02-05 10:43:33,991 INFO  n.e.o.t.s.TopoLibrary               -  will add port ornl-cr5:6/1/1                               
2019-02-05 10:43:33,991 INFO  n.e.o.t.s.TopoLibrary               -  will add port chic-cr5:10/1/1                              
2019-02-05 10:43:33,991 INFO  n.e.o.t.s.TopoLibrary               -  will add port doe-gtn-rt2:ge-0/0/3                         
2019-02-05 10:43:33,991 INFO  n.e.o.t.s.TopoLibrary               -  will add port chic-cr5:10/1/7                              
2019-02-05 10:43:33,991 INFO  n.e.o.t.s.TopoLibrary               -  will add port pantex-rt4:ge-0/1/0                          
2019-02-05 10:43:33,991 INFO  n.e.o.t.s.TopoLibrary               -  will add port chic-cr5:10/1/5                              
2019-02-05 10:43:33,991 INFO  n.e.o.t.s.TopoLibrary               -  will add port chic-cr5:10/1/4                              
2019-02-05 10:43:33,991 INFO  n.e.o.t.s.TopoLibrary               -  will add port llnl-mr2:xe-0/1/0                            
2019-02-05 10:43:33,991 INFO  n.e.o.t.s.TopoLibrary               -  will add port cern-773-cr5:1/1/1                           
2019-02-05 10:43:33,991 INFO  n.e.o.t.s.TopoLibrary               -  will add port cern-513-cr5:5/1/1                           
2019-02-05 10:43:33,991 INFO  n.e.o.t.s.TopoLibrary               -  will add port nash-cr5:1/2/1                               
2019-02-05 10:43:33,991 INFO  n.e.o.t.s.TopoLibrary               -  will add port lond-cr5:2/2/1                               
2019-02-05 10:43:33,991 INFO  n.e.o.t.s.TopoLibrary               -  will add port snla-rt3:ge-1/0/2                            
2019-02-05 10:43:33,991 INFO  n.e.o.t.s.TopoLibrary               -  will add port hous-cr5:3/1/1                               
2019-02-05 10:43:33,991 INFO  n.e.o.t.s.TopoLibrary               -  will add port pantex-rt4:ge-0/0/2                          
2019-02-05 10:43:33,991 INFO  n.e.o.t.s.TopoLibrary               -  will add port wash-cr5:4/1/1                               
2019-02-05 10:43:33,991 INFO  n.e.o.t.s.TopoLibrary               -  will add port fnal-mr2:xe-0/0/0                            
2019-02-05 10:43:33,991 INFO  n.e.o.t.s.TopoLibrary               -  will add port snll-mr2:xe-2/3/0                            
2019-02-05 10:43:33,991 INFO  n.e.o.t.s.TopoLibrary               -  will add port doe-gtn-rt2:ge-0/1/3                         
2019-02-05 10:43:33,991 INFO  n.e.o.t.s.TopoLibrary               -  will add port doe-gtn-rt2:ge-0/1/0                         
2019-02-05 10:43:33,991 INFO  n.e.o.t.s.TopoLibrary               -  will add port jgi-mr2:xe-1/3/0                             
2019-02-05 10:43:33,992 INFO  n.e.o.t.s.TopoLibrary               -  will add port elpa-cr5:1/1/1                               
2019-02-05 10:43:33,992 INFO  n.e.o.t.s.TopoLibrary               -  will add port aofa-cr5:2/1/1                               
2019-02-05 10:43:33,992 INFO  n.e.o.t.s.TopoLibrary               -  will add port pantex-rt4:ge-0/0/0                          
2019-02-05 10:43:33,992 INFO  n.e.o.t.s.TopoLibrary               -  will add port pantex-rt4:ge-0/0/1                          
2019-02-05 10:43:33,992 INFO  n.e.o.t.s.TopoLibrary               -  will add port sunn-cr5:4/1/1                               
2019-02-05 10:43:33,992 INFO  n.e.o.t.s.TopoLibrary               -  will add port denv-cr5:10/1/12                             
2019-02-05 10:43:33,992 INFO  n.e.o.t.s.TopoLibrary               -  will add port nash-cr5:1/1/1                               
2019-02-05 10:43:33,992 INFO  n.e.o.t.s.TopoLibrary               -  will add port denv-cr5:10/1/11                             
2019-02-05 10:43:33,992 INFO  n.e.o.t.s.TopoLibrary               -  will add port lond-cr5:2/1/1                               
2019-02-05 10:43:33,992 INFO  n.e.o.t.s.TopoLibrary               -  will add port denv-cr5:10/1/10                             
2019-02-05 10:43:33,992 INFO  n.e.o.t.s.TopoLibrary               -  will add port cern-513-cr5:4/1/1                           
2019-02-05 10:43:33,992 INFO  n.e.o.t.s.TopoLibrary               -  will add port chic-cr5:3/1/1                               
2019-02-05 10:43:33,992 INFO  n.e.o.t.s.TopoLibrary               -  will add port llnl-mr2:xe-1/0/0                            
2019-02-05 10:43:33,992 INFO  n.e.o.t.s.TopoLibrary               -  will add port eqx-sj-cr5:10/1/4                            
2019-02-05 10:43:33,992 INFO  n.e.o.t.s.TopoLibrary               -  will add port eqx-sj-cr5:10/1/2                            
2019-02-05 10:43:33,992 INFO  n.e.o.t.s.TopoLibrary               -  will add port eqx-sj-cr5:10/1/1                            
2019-02-05 10:43:33,992 INFO  n.e.o.t.s.TopoLibrary               -  will add port denv-cr5:1/1/1                               
2019-02-05 10:43:33,992 INFO  n.e.o.t.s.TopoLibrary               -  will add port kans-cr5:2/1/1                               
2019-02-05 10:43:33,992 INFO  n.e.o.t.s.TopoLibrary               -  will add port llnl-mr2:xe-0/2/0                            
2019-02-05 10:43:33,993 INFO  n.e.o.t.s.TopoLibrary               -  will add port ornl-cr5:7/1/1                               
2019-02-05 10:43:33,993 INFO  n.e.o.t.s.TopoLibrary               -  will add port ornl-rt4:xe-0/2/0                            
2019-02-05 10:43:33,993 INFO  n.e.o.t.s.TopoLibrary               -  will add port wash-cr5:5/2/1                               
2019-02-05 10:43:33,993 INFO  n.e.o.t.s.TopoLibrary               -  will add port amst-cr5:3/1/1                               
2019-02-05 10:43:33,993 INFO  n.e.o.t.s.TopoLibrary               -  will add port sacr-cr5:5/1/1                               
2019-02-05 10:43:33,993 INFO  n.e.o.t.s.TopoLibrary               -  will add port snll-mr2:xe-2/0/0                            
2019-02-05 10:43:33,993 INFO  n.e.o.t.s.TopoLibrary               -  will add port cern-773-cr5:2/1/1                           
2019-02-05 10:43:33,993 INFO  n.e.o.t.s.TopoLibrary               -  will add port lond-cr5:10/1/4                              
2019-02-05 10:43:33,993 INFO  n.e.o.t.s.TopoLibrary               -  will add port lond-cr5:1/2/1                               
2019-02-05 10:43:33,993 INFO  n.e.o.t.s.TopoLibrary               -  will add port lond-cr5:10/1/2                              
2019-02-05 10:43:33,993 INFO  n.e.o.t.s.TopoLibrary               -  will add port star-cr5:BLANK                               
2019-02-05 10:43:33,993 INFO  n.e.o.t.s.TopoLibrary               -  will add port lond-cr5:10/1/1                              
2019-02-05 10:43:33,993 INFO  n.e.o.t.s.TopoLibrary               -  will add port star-cr5:6/1/1                               
2019-02-05 10:43:33,993 INFO  n.e.o.t.s.TopoLibrary               -  will add port star-cr5:10/1/1                              
2019-02-05 10:43:33,993 INFO  n.e.o.t.s.TopoLibrary               -  will add port nash-cr5:2/1/1                               
2019-02-05 10:43:33,993 INFO  n.e.o.t.s.TopoLibrary               -  will add port snll-mr2:xe-1/2/0                            
2019-02-05 10:43:33,993 INFO  n.e.o.t.s.TopoLibrary               -  will add port star-cr5:10/1/7                              
2019-02-05 10:43:33,993 INFO  n.e.o.t.s.TopoLibrary               -  will add port star-cr5:10/1/8                              
2019-02-05 10:43:33,993 INFO  n.e.o.t.s.TopoLibrary               -  will add port ornl-rt4:xe-1/0/0                            
2019-02-05 10:43:33,993 INFO  n.e.o.t.s.TopoLibrary               -  will add port eqx-sj-cr5:10/2/4                            
2019-02-05 10:43:33,993 INFO  n.e.o.t.s.TopoLibrary               -  will add port eqx-sj-cr5:10/2/2                            
2019-02-05 10:43:33,994 INFO  n.e.o.t.s.TopoLibrary               -  will add port atla-cr5:4/1/1                               
2019-02-05 10:43:33,994 INFO  n.e.o.t.s.TopoLibrary               -  will add port sunn-cr5:2/2/1                               
2019-02-05 10:43:33,994 INFO  n.e.o.t.s.TopoLibrary               -  will add port pnwg-cr5:10/1/10                             
2019-02-05 10:43:33,994 INFO  n.e.o.t.s.TopoLibrary               -  will add port wash-cr5:5/1/1                               
2019-02-05 10:43:33,994 INFO  n.e.o.t.s.TopoLibrary               -  will add port anl-mr2:xe-0/0/0                             
2019-02-05 10:43:33,994 INFO  n.e.o.t.s.TopoLibrary               -  will add port lbl-mr2:ae0                                  
2019-02-05 10:43:33,994 INFO  n.e.o.t.s.TopoLibrary               -  will add port lond-cr5:1/1/1                               
2019-02-05 10:43:33,994 INFO  n.e.o.t.s.TopoLibrary               -  will add port star-cr5:6/2/1                               
2019-02-05 10:43:33,994 INFO  n.e.o.t.s.TopoLibrary               -  will add port bost-cr5:3/1/1                               
2019-02-05 10:43:33,994 INFO  n.e.o.t.s.TopoLibrary               -  will add port snll-mr2:xe-1/3/0                            
2019-02-05 10:43:33,994 INFO  n.e.o.t.s.TopoLibrary               -  will add port netl-pgh-rt1:xe-2/0/0                        
2019-02-05 10:43:33,994 INFO  n.e.o.t.s.TopoLibrary               -  will add port llnl-mr2:xe-0/0/0                            
2019-02-05 10:43:33,994 INFO  n.e.o.t.s.TopoLibrary               -  will add port netl-pgh-rt1:xe-2/0/2                        
2019-02-05 10:43:33,994 INFO  n.e.o.t.s.TopoLibrary               -  will add port netl-pgh-rt1:xe-2/0/1                        
2019-02-05 10:43:33,994 INFO  n.e.o.t.s.TopoLibrary               -  will add port netl-pgh-rt1:xe-2/0/3                        
2019-02-05 10:43:33,994 INFO  n.e.o.t.s.TopoLibrary               -  will add port aofa-cr5:1/1/1                               
2019-02-05 10:43:33,994 INFO  n.e.o.t.s.TopoLibrary               -  will add port snla-rt3:xe-1/2/0                            
2019-02-05 10:43:33,994 INFO  n.e.o.t.s.TopoLibrary               -  will add port kans-cr5:3/1/1                               
2019-02-05 10:43:33,994 INFO  n.e.o.t.s.TopoLibrary               -  will add port llnl-mr2:ae0                                 
2019-02-05 10:43:33,994 INFO  n.e.o.t.s.TopoLibrary               -  will add port denv-cr5:9/1/3                               
2019-02-05 10:43:33,994 INFO  n.e.o.t.s.TopoLibrary               -  will add port denv-cr5:9/1/1                               
2019-02-05 10:43:33,994 INFO  n.e.o.t.s.TopoLibrary               -  will add port osti-rt2:xe-1/2/0                            
2019-02-05 10:43:33,994 INFO  n.e.o.t.s.TopoLibrary               -  will add port chic-cr5:2/1/1                               
2019-02-05 10:43:33,994 INFO  n.e.o.t.s.TopoLibrary               -  will add port lbl-mr2:xe-2/3/0                             
2019-02-05 10:43:33,994 INFO  n.e.o.t.s.TopoLibrary               -  will add port amst-cr5:2/1/1                               
2019-02-05 10:43:33,994 INFO  n.e.o.t.s.TopoLibrary               -  will add port sunn-cr5:2/1/1                               
2019-02-05 10:43:33,994 INFO  n.e.o.t.s.TopoLibrary               -  will add port nash-cr5:3/1/1                               
2019-02-05 10:43:33,994 INFO  n.e.o.t.s.TopoLibrary               -  will add port pppl-rt5:xe-1/3/0                            
2019-02-05 10:43:33,994 INFO  n.e.o.t.s.TopoLibrary               -  will add port snll-mr2:xe-0/2/0                            
2019-02-05 10:43:33,995 INFO  n.e.o.t.s.TopoLibrary               -  will add port lbl-mr2:ge-9/0/4                             
2019-02-05 10:43:33,995 INFO  n.e.o.t.s.TopoLibrary               -  will add port anl-mr2:xe-1/3/0                             
2019-02-05 10:43:33,995 INFO  n.e.o.t.s.TopoLibrary               -  will add port denv-cr5:3/1/1                               
2019-02-05 10:43:33,995 INFO  n.e.o.t.s.TopoLibrary               -  will add port star-cr5:1/2/1                               
2019-02-05 10:43:33,995 INFO  n.e.o.t.s.TopoLibrary               -  will add port chic-cr5:4/1/1                               
2019-02-05 10:43:33,995 INFO  n.e.o.t.s.TopoLibrary               -  will add port srs-rt3:ge-1/0/0                             
2019-02-05 10:43:33,995 INFO  n.e.o.t.s.TopoLibrary               -  will add port sunn-cr5:9/1/2                               
2019-02-05 10:43:33,995 INFO  n.e.o.t.s.TopoLibrary               -  will add port sunn-cr5:9/1/1                               
2019-02-05 10:43:33,995 INFO  n.e.o.t.s.TopoLibrary               -  will add port fnal-mr2:xe-8/1/0                            
2019-02-05 10:43:33,995 INFO  n.e.o.t.s.TopoLibrary               -  will add port aofa-cr5:7/2/1                               
2019-02-05 10:43:33,995 INFO  n.e.o.t.s.TopoLibrary               -  will add port ga-rt2:xe-0/0/0                              
2019-02-05 10:43:33,995 INFO  n.e.o.t.s.TopoLibrary               -  will add port fnal-mr2:xe-1/1/0                            
2019-02-05 10:43:33,995 INFO  n.e.o.t.s.TopoLibrary               -  will add port elpa-cr5:3/1/1                               
2019-02-05 10:43:33,995 INFO  n.e.o.t.s.TopoLibrary               -  will add port netl-mgn-rt1:xe-2/0/0                        
2019-02-05 10:43:33,995 INFO  n.e.o.t.s.TopoLibrary               -  will add port netl-mgn-rt1:xe-2/0/1                        
2019-02-05 10:43:33,995 INFO  n.e.o.t.s.TopoLibrary               -  will add port pppl-rt5:xe-1/2/0                            
2019-02-05 10:43:33,995 INFO  n.e.o.t.s.TopoLibrary               -  will add port hous-cr5:2/1/1                               
2019-02-05 10:43:33,995 INFO  n.e.o.t.s.TopoLibrary               -  will add port netl-mgn-rt1:xe-2/0/2                        
2019-02-05 10:43:33,995 INFO  n.e.o.t.s.TopoLibrary               -  will add port netl-mgn-rt1:xe-2/0/3                        
2019-02-05 10:43:33,995 INFO  n.e.o.t.s.TopoLibrary               -  will add port lbl-mr2:ge-9/1/2                             
2019-02-05 10:43:33,995 INFO  n.e.o.t.s.TopoLibrary               -  will add port kans-cr5:4/1/1                               
2019-02-05 10:43:33,995 INFO  n.e.o.t.s.TopoLibrary               -  will add port bois-cr1:xe-7/0/0                            
2019-02-05 10:43:33,995 INFO  n.e.o.t.s.TopoLibrary               -  will add port star-cr5:10/1/10                             
2019-02-05 10:43:33,995 INFO  n.e.o.t.s.TopoLibrary               -  will add port lbl-mr2:ge-9/1/0                             
2019-02-05 10:43:33,995 INFO  n.e.o.t.s.TopoLibrary               -  will add port snll-mr2:xe-1/1/0                            
2019-02-05 10:43:33,995 INFO  n.e.o.t.s.TopoLibrary               -  will add port sunn-cr5:9/1/5                               
2019-02-05 10:43:33,995 INFO  n.e.o.t.s.TopoLibrary               -  will add port lbl-mr2:ge-9/1/8                             
2019-02-05 10:43:33,996 INFO  n.e.o.t.s.TopoLibrary               -  will add port sunn-cr5:9/1/3                               
2019-02-05 10:43:33,996 INFO  n.e.o.t.s.TopoLibrary               -  will add port star-cr5:1/1/1                               
2019-02-05 10:43:33,996 INFO  n.e.o.t.s.TopoLibrary               -  will add port jgi-mr2:xe-2/2/0                             
2019-02-05 10:43:33,996 INFO  n.e.o.t.s.TopoLibrary               -  will add port srs-rt3:ge-1/1/0                             
2019-02-05 10:43:33,996 INFO  n.e.o.t.s.TopoLibrary               -  will add port wash-cr5:2/1/1                               
2019-02-05 10:43:33,996 INFO  n.e.o.t.s.TopoLibrary               -  will add port star-cr5:8/1/4                               
2019-02-05 10:43:33,996 INFO  n.e.o.t.s.TopoLibrary               -  will add port star-cr5:8/1/6                               
2019-02-05 10:43:33,996 INFO  n.e.o.t.s.TopoLibrary               -  will add port sunn-cr5:8/2/1                               
2019-02-05 10:43:33,996 INFO  n.e.o.t.s.TopoLibrary               -  will add port star-cr5:8/1/2                               
2019-02-05 10:43:33,996 INFO  n.e.o.t.s.TopoLibrary               -  will add port chic-cr5:5/1/1                               
2019-02-05 10:43:33,996 INFO  n.e.o.t.s.TopoLibrary               -  will add port lbl-mr2:xe-2/1/0                             
2019-02-05 10:43:33,996 INFO  n.e.o.t.s.TopoLibrary               -  will add port pppl-rt5:ge-0/0/2                            
2019-02-05 10:43:33,996 INFO  n.e.o.t.s.TopoLibrary               -  will add port orau-rt4:ge-0/1/0                            
2019-02-05 10:43:33,996 INFO  n.e.o.t.s.TopoLibrary               -  will add port orau-rt4:ge-0/1/1                            
2019-02-05 10:43:33,996 INFO  n.e.o.t.s.TopoLibrary               -  will add port orau-rt4:ge-0/1/2                            
2019-02-05 10:43:33,996 INFO  n.e.o.t.s.TopoLibrary               -  will add port eqx-chi-cr5:1/1/1                            
2019-02-05 10:43:33,996 INFO  n.e.o.t.s.TopoLibrary               -  will add port orau-rt4:ge-0/1/3                            
2019-02-05 10:43:33,996 INFO  n.e.o.t.s.TopoLibrary               -  will add port orau-rt4:ge-0/1/4                            
2019-02-05 10:43:33,996 INFO  n.e.o.t.s.TopoLibrary               -  will add port slac-mr2:xe-1/3/0                            
2019-02-05 10:43:33,996 INFO  n.e.o.t.s.TopoLibrary               -  will add port jgi-mr2:xe-0/2/0                             
2019-02-05 10:43:33,996 INFO  n.e.o.t.s.TopoLibrary               -  will add port pppl-rt5:xe-1/1/0                            
2019-02-05 10:43:33,996 INFO  n.e.o.t.s.TopoLibrary               -  will add port lbl-mr2:xe-1/3/0                             
2019-02-05 10:43:33,996 INFO  n.e.o.t.s.TopoLibrary               -  will add port ornl-cr5:9/1/4                               
2019-02-05 10:43:33,996 INFO  n.e.o.t.s.TopoLibrary               -  will add port sunn-cr5:1/1/1                               
2019-02-05 10:43:33,996 INFO  n.e.o.t.s.TopoLibrary               -  will add port fnal-mr2:xe-8/3/0                            
2019-02-05 10:43:33,996 INFO  n.e.o.t.s.TopoLibrary               -  will add port ga-rt2:xe-0/2/0                              
2019-02-05 10:43:33,997 INFO  n.e.o.t.s.TopoLibrary               -  will add port elpa-cr5:2/1/1                               
2019-02-05 10:43:33,997 INFO  n.e.o.t.s.TopoLibrary               -  will add port chic-cr5:3/2/1                               
2019-02-05 10:43:33,997 INFO  n.e.o.t.s.TopoLibrary               -  will add port srs-rt3:ge-1/2/0                             
2019-02-05 10:43:33,997 INFO  n.e.o.t.s.TopoLibrary               -  will add port hous-cr5:4/1/1                               
2019-02-05 10:43:33,997 INFO  n.e.o.t.s.TopoLibrary               -  will add port amst-cr5:1/1/1                               
2019-02-05 10:43:33,997 INFO  n.e.o.t.s.TopoLibrary               -  will add port nash-cr5:4/1/1                               
2019-02-05 10:43:33,997 INFO  n.e.o.t.s.TopoLibrary               -  will add port pnwg-cr5:10/1/9                              
2019-02-05 10:43:33,997 INFO  n.e.o.t.s.TopoLibrary               -  will add port lbl-mr2:xe-2/2/0                             
2019-02-05 10:43:33,997 INFO  n.e.o.t.s.TopoLibrary               -  will add port pnwg-cr5:10/1/6                              
2019-02-05 10:43:33,997 INFO  n.e.o.t.s.TopoLibrary               -  will add port nash-cr5:4/2/1                               
2019-02-05 10:43:33,997 INFO  n.e.o.t.s.TopoLibrary               -  will add port pnwg-cr5:10/1/5                              
2019-02-05 10:43:33,997 INFO  n.e.o.t.s.TopoLibrary               -  will add port pnwg-cr5:10/1/4                              
2019-02-05 10:43:33,997 INFO  n.e.o.t.s.TopoLibrary               -  will add port slac-mr2:xe-1/2/0                            
2019-02-05 10:43:33,997 INFO  n.e.o.t.s.TopoLibrary               -  will add port pnwg-cr5:10/1/3                              
2019-02-05 10:43:33,997 INFO  n.e.o.t.s.TopoLibrary               -  will add port pnwg-cr5:10/1/2                              
2019-02-05 10:43:33,997 INFO  n.e.o.t.s.TopoLibrary               -  will add port fnal-mr2:xe-0/2/0                            
2019-02-05 10:43:33,997 INFO  n.e.o.t.s.TopoLibrary               -  will add port pppl-rt5:xe-1/0/0                            
2019-02-05 10:43:33,997 INFO  n.e.o.t.s.TopoLibrary               -  will add port eqx-chi-cr5:1/2/1                            
2019-02-05 10:43:33,997 INFO  n.e.o.t.s.TopoLibrary               -  will add port cern-513-cr5:10/1/2                          
2019-02-05 10:43:33,997 INFO  n.e.o.t.s.TopoLibrary               -  will add port cern-513-cr5:10/1/3                          
2019-02-05 10:43:33,997 INFO  n.e.o.t.s.TopoLibrary               -  will add port snll-mr2:xe-0/1/0                            
2019-02-05 10:43:33,998 INFO  n.e.o.t.s.TopoLibrary               -  will add port jgi-mr2:xe-1/1/0                             
2019-02-05 10:43:33,998 INFO  n.e.o.t.s.TopoLibrary               -  will add port wash-cr5:3/1/1                               
2019-02-05 10:43:33,998 INFO  n.e.o.t.s.TopoLibrary               -  will add port star-cr5:9/1/4                               
2019-02-05 10:43:33,998 INFO  n.e.o.t.s.TopoLibrary               -  will add port ga-rt2:xe-0/3/0                              
2019-02-05 10:43:33,998 INFO  n.e.o.t.s.TopoLibrary               -  will add port denv-cr5:2/1/1                               
2019-02-05 10:43:33,998 INFO  n.e.o.t.s.TopoLibrary               -  will add port srs-rt3:ge-1/3/0                             
2019-02-05 10:43:33,998 INFO  n.e.o.t.s.TopoLibrary               -  will add port amst-cr5:1/2/1                               
2019-02-05 10:43:33,998 INFO  n.e.o.t.s.TopoLibrary               -  will add port lond-cr5:3/1/1                               
2019-02-05 10:43:33,998 INFO  n.e.o.t.s.TopoLibrary               -  will add port eqx-chi-cr5:2/1/1                            
2019-02-05 10:43:33,998 INFO  n.e.o.t.s.TopoLibrary               -  will add port snla-rt3:xe-0/0/0                            
2019-02-05 10:43:33,998 INFO  n.e.o.t.s.TopoLibrary               -  will add port pppl-rt5:xe-0/2/0                            
2019-02-05 10:43:34,004 DEBUG n.e.o.t.s.UpdateSvc                 - New version id is: 28                                       
2019-02-05 10:43:34,005 INFO  n.e.o.t.s.UpdateSvc                 - Merging version delta                                       
2019-02-05 10:43:34,102 INFO  n.e.o.t.s.UpdateSvc                 - d: inserting: nersc-mr2                                     
2019-02-05 10:43:34,103 INFO  n.e.o.t.s.UpdateSvc                 - d: inserting: pppl-rt5                                      
2019-02-05 10:43:34,103 INFO  n.e.o.t.s.UpdateSvc                 - d: inserting: srs-rt3                                       
2019-02-05 10:43:34,104 INFO  n.e.o.t.s.UpdateSvc                 - d: inserting: orau-rt4                                      
2019-02-05 10:43:34,105 INFO  n.e.o.t.s.UpdateSvc                 - d: inserting: doe-gtn-rt2                                   
2019-02-05 10:43:34,106 INFO  n.e.o.t.s.UpdateSvc                 - d: inserting: cern-513-cr5                                  
2019-02-05 10:43:34,106 INFO  n.e.o.t.s.UpdateSvc                 - d: inserting: eqx-sj-cr5                                    
2019-02-05 10:43:34,107 INFO  n.e.o.t.s.UpdateSvc                 - d: inserting: wash-cr5                                      
2019-02-05 10:43:34,107 INFO  n.e.o.t.s.UpdateSvc                 - d: inserting: ga-rt2                                        
2019-02-05 10:43:34,107 INFO  n.e.o.t.s.UpdateSvc                 - d: inserting: kans-cr5                                      
2019-02-05 10:43:34,108 INFO  n.e.o.t.s.UpdateSvc                 - d: inserting: bois-cr1                                      
2019-02-05 10:43:34,108 INFO  n.e.o.t.s.UpdateSvc                 - d: inserting: snll-mr2                                      
2019-02-05 10:43:34,109 INFO  n.e.o.t.s.UpdateSvc                 - d: inserting: atla-cr5                                      
2019-02-05 10:43:34,109 INFO  n.e.o.t.s.UpdateSvc                 - d: inserting: ornl-rt4                                      
2019-02-05 10:43:34,109 INFO  n.e.o.t.s.UpdateSvc                 - d: inserting: netl-mgn-rt1                                  
2019-02-05 10:43:34,110 INFO  n.e.o.t.s.UpdateSvc                 - d: inserting: cern-773-cr5                                  
2019-02-05 10:43:34,110 INFO  n.e.o.t.s.UpdateSvc                 - d: inserting: nash-cr5                                      
2019-02-05 10:43:34,110 INFO  n.e.o.t.s.UpdateSvc                 - d: inserting: elpa-cr5                                      
2019-02-05 10:43:34,111 INFO  n.e.o.t.s.UpdateSvc                 - d: inserting: sacr-cr5                                      
2019-02-05 10:43:34,111 INFO  n.e.o.t.s.UpdateSvc                 - d: inserting: snla-rt3                                      
2019-02-05 10:43:34,111 INFO  n.e.o.t.s.UpdateSvc                 - d: inserting: lsvn-cr1                                      
2019-02-05 10:43:34,112 INFO  n.e.o.t.s.UpdateSvc                 - d: inserting: sunn-cr5                                      
2019-02-05 10:43:34,112 INFO  n.e.o.t.s.UpdateSvc                 - d: inserting: netl-pgh-rt1                                  
2019-02-05 10:43:34,112 INFO  n.e.o.t.s.UpdateSvc                 - d: inserting: llnl-mr2                                      
2019-02-05 10:43:34,113 INFO  n.e.o.t.s.UpdateSvc                 - d: inserting: anl-mr2                                       
2019-02-05 10:43:34,113 INFO  n.e.o.t.s.UpdateSvc                 - d: inserting: llnldc-rt4                                    
2019-02-05 10:43:34,113 INFO  n.e.o.t.s.UpdateSvc                 - d: inserting: chic-cr5                                      
2019-02-05 10:43:34,114 INFO  n.e.o.t.s.UpdateSvc                 - d: inserting: slac-mr2                                      
2019-02-05 10:43:34,114 INFO  n.e.o.t.s.UpdateSvc                 - d: inserting: lond-cr5                                      
2019-02-05 10:43:34,114 INFO  n.e.o.t.s.UpdateSvc                 - d: inserting: eqx-chi-cr5                                   
2019-02-05 10:43:34,115 INFO  n.e.o.t.s.UpdateSvc                 - d: inserting: newy-cr5                                      
2019-02-05 10:43:34,115 INFO  n.e.o.t.s.UpdateSvc                 - d: inserting: netl-alb-rt1                                  
2019-02-05 10:43:34,115 INFO  n.e.o.t.s.UpdateSvc                 - d: inserting: jgi-mr2                                       
2019-02-05 10:43:34,116 INFO  n.e.o.t.s.UpdateSvc                 - d: inserting: eqx-ash-cr5                                   
2019-02-05 10:43:34,116 INFO  n.e.o.t.s.UpdateSvc                 - d: inserting: forr-rt2                                      
2019-02-05 10:43:34,116 INFO  n.e.o.t.s.UpdateSvc                 - d: inserting: ornl-cr5                                      
2019-02-05 10:43:34,117 INFO  n.e.o.t.s.UpdateSvc                 - d: inserting: fnal-mr2                                      
2019-02-05 10:43:34,117 INFO  n.e.o.t.s.UpdateSvc                 - d: inserting: pantex-rt4                                    
2019-02-05 10:43:34,117 INFO  n.e.o.t.s.UpdateSvc                 - d: inserting: ameslab-rt3                                   
2019-02-05 10:43:34,118 INFO  n.e.o.t.s.UpdateSvc                 - d: inserting: hous-cr5                                      
2019-02-05 10:43:34,118 INFO  n.e.o.t.s.UpdateSvc                 - d: inserting: aofa-cr5                                      
2019-02-05 10:43:34,118 INFO  n.e.o.t.s.UpdateSvc                 - d: inserting: osti-rt2                                      
2019-02-05 10:43:34,118 INFO  n.e.o.t.s.UpdateSvc                 - d: inserting: pnwg-cr5                                      
2019-02-05 10:43:34,119 INFO  n.e.o.t.s.UpdateSvc                 - d: inserting: amst-cr5                                      
2019-02-05 10:43:34,119 INFO  n.e.o.t.s.UpdateSvc                 - d: inserting: albq-cr5                                      
2019-02-05 10:43:34,120 INFO  n.e.o.t.s.UpdateSvc                 - d: inserting: lbl-mr2                                       
2019-02-05 10:43:34,120 INFO  n.e.o.t.s.UpdateSvc                 - d: inserting: denv-cr5                                      
2019-02-05 10:43:34,121 INFO  n.e.o.t.s.UpdateSvc                 - d: inserting: star-cr5                                      
2019-02-05 10:43:34,121 INFO  n.e.o.t.s.UpdateSvc                 - d: inserting: bost-cr5                                      
2019-02-05 10:43:34,122 INFO  n.e.o.t.s.UpdateSvc                 - finished merging devices                                    
2019-02-05 10:43:34,122 INFO  n.e.o.t.s.UpdateSvc                 -    inserted       : 49                                      
2019-02-05 10:43:34,122 INFO  n.e.o.t.s.UpdateSvc                 -    ver updated    : 0                                       
2019-02-05 10:43:34,122 INFO  n.e.o.t.s.UpdateSvc                 -     + unchanged      : 0                                    
2019-02-05 10:43:34,122 INFO  n.e.o.t.s.UpdateSvc                 -     + data updated   : 0                                    
2019-02-05 10:43:34,122 INFO  n.e.o.t.s.UpdateSvc                 -    invalidated    :   0                                     
2019-02-05 10:43:34,672 INFO  n.e.o.t.s.UpdateSvc                 - inserting p: slac-mr2:xe-1/1/0 to slac-mr2                  
2019-02-05 10:43:34,674 DEBUG n.e.o.t.s.UpdateSvc                 - slac-mr2:xe-1/1/0 56                                        
2019-02-05 10:43:34,679 INFO  n.e.o.t.s.UpdateSvc                 - inserting p: chic-cr5:BLANK to chic-cr5                     
2019-02-05 10:43:34,685 DEBUG n.e.o.t.s.UpdateSvc                 - chic-cr5:BLANK 55                                           
2019-02-05 10:43:34,687 INFO  n.e.o.t.s.UpdateSvc                 - inserting p: bost-cr5:10/2/3 to bost-cr5                    
2019-02-05 10:43:34,689 DEBUG n.e.o.t.s.UpdateSvc                 - bost-cr5:10/2/3 77                                          
2019-02-05 10:43:34,690 INFO  n.e.o.t.s.UpdateSvc                 - inserting p: lbl-mr2:xe-1/1/0 to lbl-mr2                    
2019-02-05 10:43:34,692 DEBUG n.e.o.t.s.UpdateSvc                 - lbl-mr2:xe-1/1/0 74                                         
2019-02-05 10:43:34,694 INFO  n.e.o.t.s.UpdateSvc                 - inserting p: newy-cr5:9/1/4 to newy-cr5                     
2019-02-05 10:43:34,696 DEBUG n.e.o.t.s.UpdateSvc                 - newy-cr5:9/1/4 59                                           
2019-02-05 10:43:34,697 INFO  n.e.o.t.s.UpdateSvc                 - inserting p: cern-513-cr5:1/1/1 to cern-513-cr5             
2019-02-05 10:43:34,698 DEBUG n.e.o.t.s.UpdateSvc                 - cern-513-cr5:1/1/1 34                                       
2019-02-05 10:43:34,700 INFO  n.e.o.t.s.UpdateSvc                 - inserting p: newy-cr5:9/1/1 to newy-cr5                     
2019-02-05 10:43:34,702 DEBUG n.e.o.t.s.UpdateSvc                 - newy-cr5:9/1/1 59                                           
2019-02-05 10:43:34,702 DEBUG n.e.o.t.s.UpdateSvc                 - newy-cr5:9/1/4 59                                           
2019-02-05 10:43:34,703 INFO  n.e.o.t.s.UpdateSvc                 - inserting p: bois-cr1:xe-7/3/0 to bois-cr1                  
2019-02-05 10:43:34,705 DEBUG n.e.o.t.s.UpdateSvc                 - bois-cr1:xe-7/3/0 39                                        
2019-02-05 10:43:34,706 INFO  n.e.o.t.s.UpdateSvc                 - inserting p: aofa-cr5:10/1/2 to aofa-cr5                    
2019-02-05 10:43:34,707 DEBUG n.e.o.t.s.UpdateSvc                 - aofa-cr5:10/1/2 69                                          
2019-02-05 10:43:34,708 INFO  n.e.o.t.s.UpdateSvc                 - inserting p: amst-cr5:10/2/5 to amst-cr5                    
2019-02-05 10:43:34,710 DEBUG n.e.o.t.s.UpdateSvc                 - amst-cr5:10/2/5 72                                          
2019-02-05 10:43:34,711 INFO  n.e.o.t.s.UpdateSvc                 - inserting p: aofa-cr5:10/1/1 to aofa-cr5                    
2019-02-05 10:43:34,713 DEBUG n.e.o.t.s.UpdateSvc                 - aofa-cr5:10/1/2 69                                          
2019-02-05 10:43:34,713 DEBUG n.e.o.t.s.UpdateSvc                 - aofa-cr5:10/1/1 69                                          
2019-02-05 10:43:34,714 INFO  n.e.o.t.s.UpdateSvc                 - inserting p: aofa-cr5:10/1/9 to aofa-cr5                    
2019-02-05 10:43:34,715 DEBUG n.e.o.t.s.UpdateSvc                 - aofa-cr5:10/1/2 69                                          
2019-02-05 10:43:34,716 DEBUG n.e.o.t.s.UpdateSvc                 - aofa-cr5:10/1/1 69                                          
2019-02-05 10:43:34,716 DEBUG n.e.o.t.s.UpdateSvc                 - aofa-cr5:10/1/9 69                                          
2019-02-05 10:43:34,717 INFO  n.e.o.t.s.UpdateSvc                 - inserting p: aofa-cr5:10/1/8 to aofa-cr5                    
2019-02-05 10:43:34,719 DEBUG n.e.o.t.s.UpdateSvc                 - aofa-cr5:10/1/2 69                                          
2019-02-05 10:43:34,719 DEBUG n.e.o.t.s.UpdateSvc                 - aofa-cr5:10/1/1 69                                          
2019-02-05 10:43:34,719 DEBUG n.e.o.t.s.UpdateSvc                 - aofa-cr5:10/1/9 69                                          
2019-02-05 10:43:34,719 DEBUG n.e.o.t.s.UpdateSvc                 - aofa-cr5:10/1/8 69                                          
2019-02-05 10:43:34,720 INFO  n.e.o.t.s.UpdateSvc                 - inserting p: eqx-chi-cr5:10/1/2 to eqx-chi-cr5              
2019-02-05 10:43:34,721 DEBUG n.e.o.t.s.UpdateSvc                 - eqx-chi-cr5:10/1/2 58                                       
2019-02-05 10:43:34,723 INFO  n.e.o.t.s.UpdateSvc                 - inserting p: lsvn-cr1:ge-1/0/1 to lsvn-cr1                  
2019-02-05 10:43:34,724 DEBUG n.e.o.t.s.UpdateSvc                 - lsvn-cr1:ge-1/0/1 49                                        
2019-02-05 10:43:34,725 INFO  n.e.o.t.s.UpdateSvc                 - inserting p: eqx-chi-cr5:10/1/3 to eqx-chi-cr5              
2019-02-05 10:43:34,727 DEBUG n.e.o.t.s.UpdateSvc                 - eqx-chi-cr5:10/1/3 58                                       
2019-02-05 10:43:34,727 DEBUG n.e.o.t.s.UpdateSvc                 - eqx-chi-cr5:10/1/2 58                                       
2019-02-05 10:43:34,728 INFO  n.e.o.t.s.UpdateSvc                 - inserting p: lsvn-cr1:ge-1/0/0 to lsvn-cr1                  
2019-02-05 10:43:34,729 DEBUG n.e.o.t.s.UpdateSvc                 - lsvn-cr1:ge-1/0/0 49                                        
2019-02-05 10:43:34,729 DEBUG n.e.o.t.s.UpdateSvc                 - lsvn-cr1:ge-1/0/1 49                                        
2019-02-05 10:43:34,740 INFO  n.e.o.t.s.UpdateSvc                 - inserting p: eqx-chi-cr5:10/1/1 to eqx-chi-cr5              
2019-02-05 10:43:34,742 DEBUG n.e.o.t.s.UpdateSvc                 - eqx-chi-cr5:10/1/3 58                                       
2019-02-05 10:43:34,742 DEBUG n.e.o.t.s.UpdateSvc                 - eqx-chi-cr5:10/1/1 58                                       
2019-02-05 10:43:34,742 DEBUG n.e.o.t.s.UpdateSvc                 - eqx-chi-cr5:10/1/2 58                                       
2019-02-05 10:43:34,744 INFO  n.e.o.t.s.UpdateSvc                 - inserting p: lbl-mr2:xe-8/1/0 to lbl-mr2                    
2019-02-05 10:43:34,746 DEBUG n.e.o.t.s.UpdateSvc                 - lbl-mr2:xe-8/1/0 74                                         
2019-02-05 10:43:34,746 DEBUG n.e.o.t.s.UpdateSvc                 - lbl-mr2:xe-1/1/0 74                                         
2019-02-05 10:43:34,748 INFO  n.e.o.t.s.UpdateSvc                 - inserting p: cern-773-cr5:10/1/2 to cern-773-cr5            
2019-02-05 10:43:34,749 DEBUG n.e.o.t.s.UpdateSvc                 - cern-773-cr5:10/1/2 44                                      
2019-02-05 10:43:34,751 INFO  n.e.o.t.s.UpdateSvc                 - inserting p: nersc-mr2:xe-2/2/0 to nersc-mr2                
2019-02-05 10:43:34,751 DEBUG n.e.o.t.s.UpdateSvc                 - nersc-mr2:xe-2/2/0 29                                       
2019-02-05 10:43:34,752 INFO  n.e.o.t.s.UpdateSvc                 - inserting p: cern-773-cr5:10/1/1 to cern-773-cr5            
2019-02-05 10:43:34,754 DEBUG n.e.o.t.s.UpdateSvc                 - cern-773-cr5:10/1/2 44                                      
2019-02-05 10:43:34,754 DEBUG n.e.o.t.s.UpdateSvc                 - cern-773-cr5:10/1/1 44                                      
2019-02-05 10:43:34,756 INFO  n.e.o.t.s.UpdateSvc                 - inserting p: cern-773-cr5:10/1/3 to cern-773-cr5            
2019-02-05 10:43:34,757 DEBUG n.e.o.t.s.UpdateSvc                 - cern-773-cr5:10/1/2 44                                      
2019-02-05 10:43:34,758 DEBUG n.e.o.t.s.UpdateSvc                 - cern-773-cr5:10/1/3 44                                      
2019-02-05 10:43:34,758 DEBUG n.e.o.t.s.UpdateSvc                 - cern-773-cr5:10/1/1 44                                      
2019-02-05 10:43:34,760 INFO  n.e.o.t.s.UpdateSvc                 - inserting p: chic-cr5:6/1/1 to chic-cr5                     
2019-02-05 10:43:34,761 DEBUG n.e.o.t.s.UpdateSvc                 - chic-cr5:6/1/1 55                                           
2019-02-05 10:43:34,761 DEBUG n.e.o.t.s.UpdateSvc                 - chic-cr5:BLANK 55                                           
2019-02-05 10:43:34,762 INFO  n.e.o.t.s.UpdateSvc                 - inserting p: star-cr5:3/1/1 to star-cr5                     
2019-02-05 10:43:34,764 DEBUG n.e.o.t.s.UpdateSvc                 - star-cr5:3/1/1 76                                           
2019-02-05 10:43:34,766 INFO  n.e.o.t.s.UpdateSvc                 - inserting p: lsvn-cr1:xe-2/1/0 to lsvn-cr1                  
2019-02-05 10:43:34,768 DEBUG n.e.o.t.s.UpdateSvc                 - lsvn-cr1:ge-1/0/0 49                                        
2019-02-05 10:43:34,768 DEBUG n.e.o.t.s.UpdateSvc                 - lsvn-cr1:ge-1/0/1 49                                        
2019-02-05 10:43:34,768 DEBUG n.e.o.t.s.UpdateSvc                 - lsvn-cr1:xe-2/1/0 49                                        
2019-02-05 10:43:34,770 INFO  n.e.o.t.s.UpdateSvc                 - inserting p: sunn-cr5:7/1/1 to sunn-cr5                     
2019-02-05 10:43:34,771 DEBUG n.e.o.t.s.UpdateSvc                 - sunn-cr5:7/1/1 50                                           
2019-02-05 10:43:34,773 INFO  n.e.o.t.s.UpdateSvc                 - inserting p: bost-cr5:10/1/2 to bost-cr5                    
2019-02-05 10:43:34,775 DEBUG n.e.o.t.s.UpdateSvc                 - bost-cr5:10/1/2 77                                          
2019-02-05 10:43:34,775 DEBUG n.e.o.t.s.UpdateSvc                 - bost-cr5:10/2/3 77                                          
2019-02-05 10:43:34,777 INFO  n.e.o.t.s.UpdateSvc                 - inserting p: eqx-chi-cr5:BLANK to eqx-chi-cr5               
2019-02-05 10:43:34,778 DEBUG n.e.o.t.s.UpdateSvc                 - eqx-chi-cr5:BLANK 58                                        
2019-02-05 10:43:34,778 DEBUG n.e.o.t.s.UpdateSvc                 - eqx-chi-cr5:10/1/3 58                                       
2019-02-05 10:43:34,778 DEBUG n.e.o.t.s.UpdateSvc                 - eqx-chi-cr5:10/1/1 58                                       
2019-02-05 10:43:34,778 DEBUG n.e.o.t.s.UpdateSvc                 - eqx-chi-cr5:10/1/2 58                                       
2019-02-05 10:43:34,780 INFO  n.e.o.t.s.UpdateSvc                 - inserting p: lbl-mr2:xe-8/3/0 to lbl-mr2                    
2019-02-05 10:43:34,783 DEBUG n.e.o.t.s.UpdateSvc                 - lbl-mr2:xe-8/3/0 74                                         
2019-02-05 10:43:34,783 DEBUG n.e.o.t.s.UpdateSvc                 - lbl-mr2:xe-8/1/0 74                                         
2019-02-05 10:43:34,783 DEBUG n.e.o.t.s.UpdateSvc                 - lbl-mr2:xe-1/1/0 74                                         
2019-02-05 10:43:34,784 INFO  n.e.o.t.s.UpdateSvc                 - inserting p: bost-cr5:10/1/6 to bost-cr5                    
2019-02-05 10:43:34,786 DEBUG n.e.o.t.s.UpdateSvc                 - bost-cr5:10/1/2 77                                          
2019-02-05 10:43:34,786 DEBUG n.e.o.t.s.UpdateSvc                 - bost-cr5:10/1/6 77                                          
2019-02-05 10:43:34,786 DEBUG n.e.o.t.s.UpdateSvc                 - bost-cr5:10/2/3 77                                          
2019-02-05 10:43:34,788 INFO  n.e.o.t.s.UpdateSvc                 - inserting p: bost-cr5:10/1/5 to bost-cr5                    
2019-02-05 10:43:34,789 DEBUG n.e.o.t.s.UpdateSvc                 - bost-cr5:10/1/2 77                                          
2019-02-05 10:43:34,789 DEBUG n.e.o.t.s.UpdateSvc                 - bost-cr5:10/1/6 77                                          
2019-02-05 10:43:34,789 DEBUG n.e.o.t.s.UpdateSvc                 - bost-cr5:10/2/3 77                                          
2019-02-05 10:43:34,789 DEBUG n.e.o.t.s.UpdateSvc                 - bost-cr5:10/1/5 77                                          
2019-02-05 10:43:34,791 INFO  n.e.o.t.s.UpdateSvc                 - inserting p: slac-mr2:xe-0/2/0 to slac-mr2                  
2019-02-05 10:43:34,792 DEBUG n.e.o.t.s.UpdateSvc                 - slac-mr2:xe-0/2/0 56                                        
2019-02-05 10:43:34,792 DEBUG n.e.o.t.s.UpdateSvc                 - slac-mr2:xe-1/1/0 56                                        
2019-02-05 10:43:34,794 INFO  n.e.o.t.s.UpdateSvc                 - inserting p: albq-cr5:10/1/2 to albq-cr5                    
2019-02-05 10:43:34,794 DEBUG n.e.o.t.s.UpdateSvc                 - albq-cr5:10/1/2 73                                          
2019-02-05 10:43:34,796 INFO  n.e.o.t.s.UpdateSvc                 - inserting p: aofa-cr5:5/1/1 to aofa-cr5                     
2019-02-05 10:43:34,797 DEBUG n.e.o.t.s.UpdateSvc                 - aofa-cr5:10/1/2 69                                          
2019-02-05 10:43:34,797 DEBUG n.e.o.t.s.UpdateSvc                 - aofa-cr5:5/1/1 69                                           
2019-02-05 10:43:34,797 DEBUG n.e.o.t.s.UpdateSvc                 - aofa-cr5:10/1/1 69                                          
2019-02-05 10:43:34,797 DEBUG n.e.o.t.s.UpdateSvc                 - aofa-cr5:10/1/9 69                                          
2019-02-05 10:43:34,797 DEBUG n.e.o.t.s.UpdateSvc                 - aofa-cr5:10/1/8 69                                          
2019-02-05 10:43:34,798 INFO  n.e.o.t.s.UpdateSvc                 - inserting p: nash-cr5:10/1/4 to nash-cr5                    
2019-02-05 10:43:34,799 DEBUG n.e.o.t.s.UpdateSvc                 - nash-cr5:10/1/4 45                                          
2019-02-05 10:43:34,800 INFO  n.e.o.t.s.UpdateSvc                 - inserting p: albq-cr5:10/1/5 to albq-cr5                    
2019-02-05 10:43:34,801 DEBUG n.e.o.t.s.UpdateSvc                 - albq-cr5:10/1/2 73                                          
2019-02-05 10:43:34,801 DEBUG n.e.o.t.s.UpdateSvc                 - albq-cr5:10/1/5 73                                          
2019-02-05 10:43:34,802 INFO  n.e.o.t.s.UpdateSvc                 - inserting p: ga-rt2:ge-1/0/3 to ga-rt2                      
2019-02-05 10:43:34,802 DEBUG n.e.o.t.s.UpdateSvc                 - ga-rt2:ge-1/0/3 37                                          
2019-02-05 10:43:34,804 INFO  n.e.o.t.s.UpdateSvc                 - inserting p: nash-cr5:10/1/3 to nash-cr5                    
2019-02-05 10:43:34,804 DEBUG n.e.o.t.s.UpdateSvc                 - nash-cr5:10/1/3 45                                          
2019-02-05 10:43:34,804 DEBUG n.e.o.t.s.UpdateSvc                 - nash-cr5:10/1/4 45                                          
2019-02-05 10:43:34,805 INFO  n.e.o.t.s.UpdateSvc                 - inserting p: albq-cr5:10/1/3 to albq-cr5                    
2019-02-05 10:43:34,806 DEBUG n.e.o.t.s.UpdateSvc                 - albq-cr5:10/1/3 73                                          
2019-02-05 10:43:34,806 DEBUG n.e.o.t.s.UpdateSvc                 - albq-cr5:10/1/2 73                                          
2019-02-05 10:43:34,806 DEBUG n.e.o.t.s.UpdateSvc                 - albq-cr5:10/1/5 73                                          
2019-02-05 10:43:34,807 INFO  n.e.o.t.s.UpdateSvc                 - inserting p: ga-rt2:ge-1/0/5 to ga-rt2                      
2019-02-05 10:43:34,809 DEBUG n.e.o.t.s.UpdateSvc                 - ga-rt2:ge-1/0/3 37                                          
2019-02-05 10:43:34,809 DEBUG n.e.o.t.s.UpdateSvc                 - ga-rt2:ge-1/0/5 37                                          
2019-02-05 10:43:34,810 INFO  n.e.o.t.s.UpdateSvc                 - inserting p: albq-cr5:10/1/4 to albq-cr5                    
2019-02-05 10:43:34,811 DEBUG n.e.o.t.s.UpdateSvc                 - albq-cr5:10/1/3 73                                          
2019-02-05 10:43:34,811 DEBUG n.e.o.t.s.UpdateSvc                 - albq-cr5:10/1/4 73                                          
2019-02-05 10:43:34,811 DEBUG n.e.o.t.s.UpdateSvc                 - albq-cr5:10/1/2 73                                          
2019-02-05 10:43:34,811 DEBUG n.e.o.t.s.UpdateSvc                 - albq-cr5:10/1/5 73                                          
2019-02-05 10:43:34,812 INFO  n.e.o.t.s.UpdateSvc                 - inserting p: amst-cr5:10/1/1 to amst-cr5                    
2019-02-05 10:43:34,813 DEBUG n.e.o.t.s.UpdateSvc                 - amst-cr5:10/2/5 72                                          
2019-02-05 10:43:34,813 DEBUG n.e.o.t.s.UpdateSvc                 - amst-cr5:10/1/1 72                                          
2019-02-05 10:43:34,814 INFO  n.e.o.t.s.UpdateSvc                 - inserting p: cern-513-cr5:1/2/1 to cern-513-cr5             
2019-02-05 10:43:34,814 DEBUG n.e.o.t.s.UpdateSvc                 - cern-513-cr5:1/2/1 34                                       
2019-02-05 10:43:34,814 DEBUG n.e.o.t.s.UpdateSvc                 - cern-513-cr5:1/1/1 34                                       
2019-02-05 10:43:34,815 INFO  n.e.o.t.s.UpdateSvc                 - inserting p: amst-cr5:10/1/2 to amst-cr5                    
2019-02-05 10:43:34,818 DEBUG n.e.o.t.s.UpdateSvc                 - amst-cr5:10/2/5 72                                          
2019-02-05 10:43:34,818 DEBUG n.e.o.t.s.UpdateSvc                 - amst-cr5:10/1/2 72                                          
2019-02-05 10:43:34,818 DEBUG n.e.o.t.s.UpdateSvc                 - amst-cr5:10/1/1 72                                          
2019-02-05 10:43:34,819 INFO  n.e.o.t.s.UpdateSvc                 - inserting p: pnwg-cr5:BLANK to pnwg-cr5                     
2019-02-05 10:43:34,820 DEBUG n.e.o.t.s.UpdateSvc                 - pnwg-cr5:BLANK 71                                           
2019-02-05 10:43:34,832 INFO  n.e.o.t.s.UpdateSvc                 - inserting p: ornl-rt4:xe-2/3/0 to ornl-rt4                  
2019-02-05 10:43:34,832 DEBUG n.e.o.t.s.UpdateSvc                 - ornl-rt4:xe-2/3/0 42                                        
2019-02-05 10:43:34,834 INFO  n.e.o.t.s.UpdateSvc                 - inserting p: newy-cr5:2/1/1 to newy-cr5                     
2019-02-05 10:43:34,835 DEBUG n.e.o.t.s.UpdateSvc                 - newy-cr5:9/1/1 59                                           
2019-02-05 10:43:34,835 DEBUG n.e.o.t.s.UpdateSvc                 - newy-cr5:9/1/4 59                                           
2019-02-05 10:43:34,835 DEBUG n.e.o.t.s.UpdateSvc                 - newy-cr5:2/1/1 59                                           
2019-02-05 10:43:34,836 INFO  n.e.o.t.s.UpdateSvc                 - inserting p: wash-cr5:10/1/3 to wash-cr5                    
2019-02-05 10:43:34,837 DEBUG n.e.o.t.s.UpdateSvc                 - wash-cr5:10/1/3 36                                          
2019-02-05 10:43:34,838 INFO  n.e.o.t.s.UpdateSvc                 - inserting p: lsvn-cr1:ge-1/1/0 to lsvn-cr1                  
2019-02-05 10:43:34,840 DEBUG n.e.o.t.s.UpdateSvc                 - lsvn-cr1:ge-1/0/0 49                                        
2019-02-05 10:43:34,840 DEBUG n.e.o.t.s.UpdateSvc                 - lsvn-cr1:ge-1/0/1 49                                        
2019-02-05 10:43:34,840 DEBUG n.e.o.t.s.UpdateSvc                 - lsvn-cr1:xe-2/1/0 49                                        
2019-02-05 10:43:34,840 DEBUG n.e.o.t.s.UpdateSvc                 - lsvn-cr1:ge-1/1/0 49                                        
2019-02-05 10:43:34,842 INFO  n.e.o.t.s.UpdateSvc                 - inserting p: newy-cr5:10/1/9 to newy-cr5                    
2019-02-05 10:43:34,844 DEBUG n.e.o.t.s.UpdateSvc                 - newy-cr5:10/1/9 59                                          
2019-02-05 10:43:34,844 DEBUG n.e.o.t.s.UpdateSvc                 - newy-cr5:9/1/1 59                                           
2019-02-05 10:43:34,844 DEBUG n.e.o.t.s.UpdateSvc                 - newy-cr5:9/1/4 59                                           
2019-02-05 10:43:34,844 DEBUG n.e.o.t.s.UpdateSvc                 - newy-cr5:2/1/1 59                                           
2019-02-05 10:43:34,845 INFO  n.e.o.t.s.UpdateSvc                 - inserting p: wash-cr5:10/1/4 to wash-cr5                    
2019-02-05 10:43:34,848 DEBUG n.e.o.t.s.UpdateSvc                 - wash-cr5:10/1/3 36                                          
2019-02-05 10:43:34,848 DEBUG n.e.o.t.s.UpdateSvc                 - wash-cr5:10/1/4 36                                          
2019-02-05 10:43:34,850 INFO  n.e.o.t.s.UpdateSvc                 - inserting p: nash-cr5:10/1/6 to nash-cr5                    
2019-02-05 10:43:34,851 DEBUG n.e.o.t.s.UpdateSvc                 - nash-cr5:10/1/6 45                                          
2019-02-05 10:43:34,852 DEBUG n.e.o.t.s.UpdateSvc                 - nash-cr5:10/1/3 45                                          
2019-02-05 10:43:34,852 DEBUG n.e.o.t.s.UpdateSvc                 - nash-cr5:10/1/4 45                                          
2019-02-05 10:43:34,854 INFO  n.e.o.t.s.UpdateSvc                 - inserting p: wash-cr5:10/1/5 to wash-cr5                    
2019-02-05 10:43:34,856 DEBUG n.e.o.t.s.UpdateSvc                 - wash-cr5:10/1/5 36                                          
2019-02-05 10:43:34,856 DEBUG n.e.o.t.s.UpdateSvc                 - wash-cr5:10/1/3 36                                          
2019-02-05 10:43:34,856 DEBUG n.e.o.t.s.UpdateSvc                 - wash-cr5:10/1/4 36                                          
2019-02-05 10:43:34,858 INFO  n.e.o.t.s.UpdateSvc                 - inserting p: nash-cr5:10/1/5 to nash-cr5                    
2019-02-05 10:43:34,859 DEBUG n.e.o.t.s.UpdateSvc                 - nash-cr5:10/1/6 45                                          
2019-02-05 10:43:34,860 DEBUG n.e.o.t.s.UpdateSvc                 - nash-cr5:10/1/3 45                                          
2019-02-05 10:43:34,860 DEBUG n.e.o.t.s.UpdateSvc                 - nash-cr5:10/1/5 45                                          
2019-02-05 10:43:34,860 DEBUG n.e.o.t.s.UpdateSvc                 - nash-cr5:10/1/4 45                                          
2019-02-05 10:43:34,862 INFO  n.e.o.t.s.UpdateSvc                 - inserting p: sacr-cr5:3/1/1 to sacr-cr5                     
2019-02-05 10:43:34,863 DEBUG n.e.o.t.s.UpdateSvc                 - sacr-cr5:3/1/1 47                                           
2019-02-05 10:43:34,866 INFO  n.e.o.t.s.UpdateSvc                 - inserting p: wash-cr5:10/1/9 to wash-cr5                    
2019-02-05 10:43:34,868 DEBUG n.e.o.t.s.UpdateSvc                 - wash-cr5:10/1/5 36                                          
2019-02-05 10:43:34,868 DEBUG n.e.o.t.s.UpdateSvc                 - wash-cr5:10/1/3 36                                          
2019-02-05 10:43:34,868 DEBUG n.e.o.t.s.UpdateSvc                 - wash-cr5:10/1/9 36                                          
2019-02-05 10:43:34,868 DEBUG n.e.o.t.s.UpdateSvc                 - wash-cr5:10/1/4 36                                          
2019-02-05 10:43:34,871 INFO  n.e.o.t.s.UpdateSvc                 - inserting p: lsvn-cr1:ge-1/1/1 to lsvn-cr1                  
2019-02-05 10:43:34,873 DEBUG n.e.o.t.s.UpdateSvc                 - lsvn-cr1:ge-1/0/0 49                                        
2019-02-05 10:43:34,873 DEBUG n.e.o.t.s.UpdateSvc                 - lsvn-cr1:ge-1/1/1 49                                        
2019-02-05 10:43:34,873 DEBUG n.e.o.t.s.UpdateSvc                 - lsvn-cr1:ge-1/0/1 49                                        
2019-02-05 10:43:34,873 DEBUG n.e.o.t.s.UpdateSvc                 - lsvn-cr1:xe-2/1/0 49                                        
2019-02-05 10:43:34,873 DEBUG n.e.o.t.s.UpdateSvc                 - lsvn-cr1:ge-1/1/0 49                                        
2019-02-05 10:43:34,875 INFO  n.e.o.t.s.UpdateSvc                 - inserting p: atla-cr5:1/1/1 to atla-cr5                     
2019-02-05 10:43:34,876 DEBUG n.e.o.t.s.UpdateSvc                 - atla-cr5:1/1/1 41                                           
2019-02-05 10:43:34,878 INFO  n.e.o.t.s.UpdateSvc                 - inserting p: lsvn-cr1:ge-1/1/5 to lsvn-cr1                  
2019-02-05 10:43:34,879 DEBUG n.e.o.t.s.UpdateSvc                 - lsvn-cr1:ge-1/0/0 49                                        
2019-02-05 10:43:34,880 DEBUG n.e.o.t.s.UpdateSvc                 - lsvn-cr1:ge-1/1/1 49                                        
2019-02-05 10:43:34,880 DEBUG n.e.o.t.s.UpdateSvc                 - lsvn-cr1:ge-1/0/1 49                                        
2019-02-05 10:43:34,880 DEBUG n.e.o.t.s.UpdateSvc                 - lsvn-cr1:xe-2/1/0 49                                        
2019-02-05 10:43:34,880 DEBUG n.e.o.t.s.UpdateSvc                 - lsvn-cr1:ge-1/1/0 49                                        
2019-02-05 10:43:34,880 DEBUG n.e.o.t.s.UpdateSvc                 - lsvn-cr1:ge-1/1/5 49                                        
2019-02-05 10:43:34,882 INFO  n.e.o.t.s.UpdateSvc                 - inserting p: newy-cr5:10/1/2 to newy-cr5                    
2019-02-05 10:43:34,883 DEBUG n.e.o.t.s.UpdateSvc                 - newy-cr5:10/1/9 59                                          
2019-02-05 10:43:34,883 DEBUG n.e.o.t.s.UpdateSvc                 - newy-cr5:9/1/1 59                                           
2019-02-05 10:43:34,883 DEBUG n.e.o.t.s.UpdateSvc                 - newy-cr5:9/1/4 59                                           
2019-02-05 10:43:34,883 DEBUG n.e.o.t.s.UpdateSvc                 - newy-cr5:2/1/1 59                                           
2019-02-05 10:43:34,883 DEBUG n.e.o.t.s.UpdateSvc                 - newy-cr5:10/1/2 59                                          
2019-02-05 10:43:34,884 INFO  n.e.o.t.s.UpdateSvc                 - inserting p: newy-cr5:10/1/3 to newy-cr5                    
2019-02-05 10:43:34,886 DEBUG n.e.o.t.s.UpdateSvc                 - newy-cr5:10/1/3 59                                          
2019-02-05 10:43:34,886 DEBUG n.e.o.t.s.UpdateSvc                 - newy-cr5:10/1/9 59                                          
2019-02-05 10:43:34,886 DEBUG n.e.o.t.s.UpdateSvc                 - newy-cr5:9/1/1 59                                           
2019-02-05 10:43:34,886 DEBUG n.e.o.t.s.UpdateSvc                 - newy-cr5:9/1/4 59                                           
2019-02-05 10:43:34,886 DEBUG n.e.o.t.s.UpdateSvc                 - newy-cr5:2/1/1 59                                           
2019-02-05 10:43:34,886 DEBUG n.e.o.t.s.UpdateSvc                 - newy-cr5:10/1/2 59                                          
2019-02-05 10:43:34,888 INFO  n.e.o.t.s.UpdateSvc                 - inserting p: lsvn-cr1:xe-2/2/0 to lsvn-cr1                  
2019-02-05 10:43:34,889 DEBUG n.e.o.t.s.UpdateSvc                 - lsvn-cr1:ge-1/0/0 49                                        
2019-02-05 10:43:34,889 DEBUG n.e.o.t.s.UpdateSvc                 - lsvn-cr1:ge-1/1/1 49                                        
2019-02-05 10:43:34,889 DEBUG n.e.o.t.s.UpdateSvc                 - lsvn-cr1:ge-1/0/1 49                                        
2019-02-05 10:43:34,889 DEBUG n.e.o.t.s.UpdateSvc                 - lsvn-cr1:xe-2/2/0 49                                        
2019-02-05 10:43:34,889 DEBUG n.e.o.t.s.UpdateSvc                 - lsvn-cr1:xe-2/1/0 49                                        
2019-02-05 10:43:34,889 DEBUG n.e.o.t.s.UpdateSvc                 - lsvn-cr1:ge-1/1/0 49                                        
2019-02-05 10:43:34,889 DEBUG n.e.o.t.s.UpdateSvc                 - lsvn-cr1:ge-1/1/5 49                                        
2019-02-05 10:43:34,891 INFO  n.e.o.t.s.UpdateSvc                 - inserting p: star-cr5:3/2/1 to star-cr5                     
2019-02-05 10:43:34,892 DEBUG n.e.o.t.s.UpdateSvc                 - star-cr5:3/1/1 76                                           
2019-02-05 10:43:34,892 DEBUG n.e.o.t.s.UpdateSvc                 - star-cr5:3/2/1 76                                           
2019-02-05 10:43:34,894 INFO  n.e.o.t.s.UpdateSvc                 - inserting p: bois-cr1:xe-1/2/0 to bois-cr1                  
2019-02-05 10:43:34,895 DEBUG n.e.o.t.s.UpdateSvc                 - bois-cr1:xe-7/3/0 39                                        
2019-02-05 10:43:34,895 DEBUG n.e.o.t.s.UpdateSvc                 - bois-cr1:xe-1/2/0 39                                        
2019-02-05 10:43:34,896 INFO  n.e.o.t.s.UpdateSvc                 - inserting p: sunn-cr5:10/1/2 to sunn-cr5                    
2019-02-05 10:43:34,897 DEBUG n.e.o.t.s.UpdateSvc                 - sunn-cr5:10/1/2 50                                          
2019-02-05 10:43:34,898 DEBUG n.e.o.t.s.UpdateSvc                 - sunn-cr5:7/1/1 50                                           
2019-02-05 10:43:34,899 INFO  n.e.o.t.s.UpdateSvc                 - inserting p: sunn-cr5:10/1/1 to sunn-cr5                    
2019-02-05 10:43:34,900 DEBUG n.e.o.t.s.UpdateSvc                 - sunn-cr5:10/1/1 50                                          
2019-02-05 10:43:34,900 DEBUG n.e.o.t.s.UpdateSvc                 - sunn-cr5:10/1/2 50                                          
2019-02-05 10:43:34,900 DEBUG n.e.o.t.s.UpdateSvc                 - sunn-cr5:7/1/1 50                                           
2019-02-05 10:43:34,902 INFO  n.e.o.t.s.UpdateSvc                 - inserting p: sunn-cr5:10/1/6 to sunn-cr5                    
2019-02-05 10:43:34,903 DEBUG n.e.o.t.s.UpdateSvc                 - sunn-cr5:10/1/1 50                                          
2019-02-05 10:43:34,903 DEBUG n.e.o.t.s.UpdateSvc                 - sunn-cr5:10/1/6 50                                          
2019-02-05 10:43:34,903 DEBUG n.e.o.t.s.UpdateSvc                 - sunn-cr5:10/1/2 50                                          
2019-02-05 10:43:34,903 DEBUG n.e.o.t.s.UpdateSvc                 - sunn-cr5:7/1/1 50                                           
2019-02-05 10:43:34,905 INFO  n.e.o.t.s.UpdateSvc                 - inserting p: lond-cr5:5/1/1 to lond-cr5                     
2019-02-05 10:43:34,905 DEBUG n.e.o.t.s.UpdateSvc                 - lond-cr5:5/1/1 57                                           
2019-02-05 10:43:34,907 INFO  n.e.o.t.s.UpdateSvc                 - inserting p: sunn-cr5:10/1/5 to sunn-cr5                    
2019-02-05 10:43:34,908 DEBUG n.e.o.t.s.UpdateSvc                 - sunn-cr5:10/1/1 50                                          
2019-02-05 10:43:34,908 DEBUG n.e.o.t.s.UpdateSvc                 - sunn-cr5:10/1/6 50                                          
2019-02-05 10:43:34,908 DEBUG n.e.o.t.s.UpdateSvc                 - sunn-cr5:10/1/2 50                                          
2019-02-05 10:43:34,908 DEBUG n.e.o.t.s.UpdateSvc                 - sunn-cr5:10/1/5 50                                          
2019-02-05 10:43:34,908 DEBUG n.e.o.t.s.UpdateSvc                 - sunn-cr5:7/1/1 50                                           
2019-02-05 10:43:34,910 INFO  n.e.o.t.s.UpdateSvc                 - inserting p: sunn-cr5:10/1/4 to sunn-cr5                    
2019-02-05 10:43:34,910 DEBUG n.e.o.t.s.UpdateSvc                 - sunn-cr5:10/1/1 50                                          
2019-02-05 10:43:34,911 DEBUG n.e.o.t.s.UpdateSvc                 - sunn-cr5:10/1/6 50                                          
2019-02-05 10:43:34,911 DEBUG n.e.o.t.s.UpdateSvc                 - sunn-cr5:10/1/2 50                                          
2019-02-05 10:43:34,911 DEBUG n.e.o.t.s.UpdateSvc                 - sunn-cr5:10/1/4 50                                          
2019-02-05 10:43:34,911 DEBUG n.e.o.t.s.UpdateSvc                 - sunn-cr5:10/1/5 50                                          
2019-02-05 10:43:34,911 DEBUG n.e.o.t.s.UpdateSvc                 - sunn-cr5:7/1/1 50                                           
2019-02-05 10:43:34,912 INFO  n.e.o.t.s.UpdateSvc                 - inserting p: sunn-cr5:10/1/3 to sunn-cr5                    
2019-02-05 10:43:34,913 DEBUG n.e.o.t.s.UpdateSvc                 - sunn-cr5:10/1/1 50                                          
2019-02-05 10:43:34,913 DEBUG n.e.o.t.s.UpdateSvc                 - sunn-cr5:10/1/6 50                                          
2019-02-05 10:43:34,913 DEBUG n.e.o.t.s.UpdateSvc                 - sunn-cr5:10/1/2 50                                          
2019-02-05 10:43:34,913 DEBUG n.e.o.t.s.UpdateSvc                 - sunn-cr5:10/1/4 50                                          
2019-02-05 10:43:34,913 DEBUG n.e.o.t.s.UpdateSvc                 - sunn-cr5:10/1/5 50                                          
2019-02-05 10:43:34,913 DEBUG n.e.o.t.s.UpdateSvc                 - sunn-cr5:7/1/1 50                                           
2019-02-05 10:43:34,913 DEBUG n.e.o.t.s.UpdateSvc                 - sunn-cr5:10/1/3 50                                          
2019-02-05 10:43:34,925 INFO  n.e.o.t.s.UpdateSvc                 - inserting p: anl-mr2:xe-2/3/0 to anl-mr2                    
2019-02-05 10:43:34,926 DEBUG n.e.o.t.s.UpdateSvc                 - anl-mr2:xe-2/3/0 53                                         
2019-02-05 10:43:34,928 INFO  n.e.o.t.s.UpdateSvc                 - inserting p: netl-alb-rt1:xe-2/0/0 to netl-alb-rt1          
2019-02-05 10:43:34,928 DEBUG n.e.o.t.s.UpdateSvc                 - netl-alb-rt1:xe-2/0/0 60                                    
2019-02-05 10:43:34,930 INFO  n.e.o.t.s.UpdateSvc                 - inserting p: slac-mr2:xe-0/1/0 to slac-mr2                  
2019-02-05 10:43:34,931 DEBUG n.e.o.t.s.UpdateSvc                 - slac-mr2:xe-0/2/0 56                                        
2019-02-05 10:43:34,931 DEBUG n.e.o.t.s.UpdateSvc                 - slac-mr2:xe-0/1/0 56                                        
2019-02-05 10:43:34,931 DEBUG n.e.o.t.s.UpdateSvc                 - slac-mr2:xe-1/1/0 56                                        
2019-02-05 10:43:34,933 INFO  n.e.o.t.s.UpdateSvc                 - inserting p: ga-rt2:ge-1/1/3 to ga-rt2                      
2019-02-05 10:43:34,933 DEBUG n.e.o.t.s.UpdateSvc                 - ga-rt2:ge-1/0/3 37                                          
2019-02-05 10:43:34,934 DEBUG n.e.o.t.s.UpdateSvc                 - ga-rt2:ge-1/0/5 37                                          
2019-02-05 10:43:34,934 DEBUG n.e.o.t.s.UpdateSvc                 - ga-rt2:ge-1/1/3 37                                          
2019-02-05 10:43:34,935 INFO  n.e.o.t.s.UpdateSvc                 - inserting p: netl-alb-rt1:xe-2/0/3 to netl-alb-rt1          
2019-02-05 10:43:34,936 DEBUG n.e.o.t.s.UpdateSvc                 - netl-alb-rt1:xe-2/0/3 60                                    
2019-02-05 10:43:34,937 DEBUG n.e.o.t.s.UpdateSvc                 - netl-alb-rt1:xe-2/0/0 60                                    
2019-02-05 10:43:34,939 INFO  n.e.o.t.s.UpdateSvc                 - inserting p: netl-alb-rt1:xe-2/0/2 to netl-alb-rt1          
2019-02-05 10:43:34,940 DEBUG n.e.o.t.s.UpdateSvc                 - netl-alb-rt1:xe-2/0/3 60                                    
2019-02-05 10:43:34,940 DEBUG n.e.o.t.s.UpdateSvc                 - netl-alb-rt1:xe-2/0/2 60                                    
2019-02-05 10:43:34,940 DEBUG n.e.o.t.s.UpdateSvc                 - netl-alb-rt1:xe-2/0/0 60                                    
2019-02-05 10:43:34,942 INFO  n.e.o.t.s.UpdateSvc                 - inserting p: netl-alb-rt1:xe-2/0/1 to netl-alb-rt1          
2019-02-05 10:43:34,943 DEBUG n.e.o.t.s.UpdateSvc                 - netl-alb-rt1:xe-2/0/3 60                                    
2019-02-05 10:43:34,943 DEBUG n.e.o.t.s.UpdateSvc                 - netl-alb-rt1:xe-2/0/1 60                                    
2019-02-05 10:43:34,943 DEBUG n.e.o.t.s.UpdateSvc                 - netl-alb-rt1:xe-2/0/2 60                                    
2019-02-05 10:43:34,943 DEBUG n.e.o.t.s.UpdateSvc                 - netl-alb-rt1:xe-2/0/0 60                                    
2019-02-05 10:43:34,945 INFO  n.e.o.t.s.UpdateSvc                 - inserting p: bois-cr1:xe-7/1/0 to bois-cr1                  
2019-02-05 10:43:34,946 DEBUG n.e.o.t.s.UpdateSvc                 - bois-cr1:xe-7/3/0 39                                        
2019-02-05 10:43:34,946 DEBUG n.e.o.t.s.UpdateSvc                 - bois-cr1:xe-7/1/0 39                                        
2019-02-05 10:43:34,946 DEBUG n.e.o.t.s.UpdateSvc                 - bois-cr1:xe-1/2/0 39                                        
2019-02-05 10:43:34,948 INFO  n.e.o.t.s.UpdateSvc                 - inserting p: srs-rt3:ge-0/1/0 to srs-rt3                    
2019-02-05 10:43:34,948 DEBUG n.e.o.t.s.UpdateSvc                 - srs-rt3:ge-0/1/0 31                                         
2019-02-05 10:43:34,950 INFO  n.e.o.t.s.UpdateSvc                 - inserting p: albq-cr5:3/1/1 to albq-cr5                     
2019-02-05 10:43:34,952 DEBUG n.e.o.t.s.UpdateSvc                 - albq-cr5:10/1/3 73                                          
2019-02-05 10:43:34,952 DEBUG n.e.o.t.s.UpdateSvc                 - albq-cr5:3/1/1 73                                           
2019-02-05 10:43:34,952 DEBUG n.e.o.t.s.UpdateSvc                 - albq-cr5:10/1/4 73                                          
2019-02-05 10:43:34,952 DEBUG n.e.o.t.s.UpdateSvc                 - albq-cr5:10/1/2 73                                          
2019-02-05 10:43:34,952 DEBUG n.e.o.t.s.UpdateSvc                 - albq-cr5:10/1/5 73                                          
2019-02-05 10:43:34,954 INFO  n.e.o.t.s.UpdateSvc                 - inserting p: aofa-cr5:6/2/1 to aofa-cr5                     
2019-02-05 10:43:34,955 DEBUG n.e.o.t.s.UpdateSvc                 - aofa-cr5:10/1/2 69                                          
2019-02-05 10:43:34,955 DEBUG n.e.o.t.s.UpdateSvc                 - aofa-cr5:5/1/1 69                                           
2019-02-05 10:43:34,955 DEBUG n.e.o.t.s.UpdateSvc                 - aofa-cr5:6/2/1 69                                           
2019-02-05 10:43:34,955 DEBUG n.e.o.t.s.UpdateSvc                 - aofa-cr5:10/1/1 69                                          
2019-02-05 10:43:34,956 DEBUG n.e.o.t.s.UpdateSvc                 - aofa-cr5:10/1/9 69                                          
2019-02-05 10:43:34,956 DEBUG n.e.o.t.s.UpdateSvc                 - aofa-cr5:10/1/8 69                                          
2019-02-05 10:43:34,958 INFO  n.e.o.t.s.UpdateSvc                 - inserting p: wash-cr5:10/1/10 to wash-cr5                   
2019-02-05 10:43:34,959 DEBUG n.e.o.t.s.UpdateSvc                 - wash-cr5:10/1/5 36                                          
2019-02-05 10:43:34,960 DEBUG n.e.o.t.s.UpdateSvc                 - wash-cr5:10/1/3 36                                          
2019-02-05 10:43:34,960 DEBUG n.e.o.t.s.UpdateSvc                 - wash-cr5:10/1/9 36                                          
2019-02-05 10:43:34,960 DEBUG n.e.o.t.s.UpdateSvc                 - wash-cr5:10/1/10 36                                         
2019-02-05 10:43:34,960 DEBUG n.e.o.t.s.UpdateSvc                 - wash-cr5:10/1/4 36                                          
2019-02-05 10:43:34,962 INFO  n.e.o.t.s.UpdateSvc                 - inserting p: chic-cr5:7/1/1 to chic-cr5                     
2019-02-05 10:43:34,962 DEBUG n.e.o.t.s.UpdateSvc                 - chic-cr5:7/1/1 55                                           
2019-02-05 10:43:34,963 DEBUG n.e.o.t.s.UpdateSvc                 - chic-cr5:6/1/1 55                                           
2019-02-05 10:43:34,963 DEBUG n.e.o.t.s.UpdateSvc                 - chic-cr5:BLANK 55                                           
2019-02-05 10:43:34,964 INFO  n.e.o.t.s.UpdateSvc                 - inserting p: lbl-mr2:xe-0/1/0 to lbl-mr2                    
2019-02-05 10:43:34,965 DEBUG n.e.o.t.s.UpdateSvc                 - lbl-mr2:xe-8/3/0 74                                         
2019-02-05 10:43:34,965 DEBUG n.e.o.t.s.UpdateSvc                 - lbl-mr2:xe-0/1/0 74                                         
2019-02-05 10:43:34,966 DEBUG n.e.o.t.s.UpdateSvc                 - lbl-mr2:xe-8/1/0 74                                         
2019-02-05 10:43:34,966 DEBUG n.e.o.t.s.UpdateSvc                 - lbl-mr2:xe-1/1/0 74                                         
2019-02-05 10:43:34,968 INFO  n.e.o.t.s.UpdateSvc                 - inserting p: sunn-cr5:8/1/1 to sunn-cr5                     
2019-02-05 10:43:34,969 DEBUG n.e.o.t.s.UpdateSvc                 - sunn-cr5:8/1/1 50                                           
2019-02-05 10:43:34,969 DEBUG n.e.o.t.s.UpdateSvc                 - sunn-cr5:10/1/1 50                                          
2019-02-05 10:43:34,969 DEBUG n.e.o.t.s.UpdateSvc                 - sunn-cr5:10/1/6 50                                          
2019-02-05 10:43:34,969 DEBUG n.e.o.t.s.UpdateSvc                 - sunn-cr5:10/1/2 50                                          
2019-02-05 10:43:34,970 DEBUG n.e.o.t.s.UpdateSvc                 - sunn-cr5:10/1/4 50                                          
2019-02-05 10:43:34,970 DEBUG n.e.o.t.s.UpdateSvc                 - sunn-cr5:10/1/5 50                                          
2019-02-05 10:43:34,970 DEBUG n.e.o.t.s.UpdateSvc                 - sunn-cr5:7/1/1 50                                           
2019-02-05 10:43:34,970 DEBUG n.e.o.t.s.UpdateSvc                 - sunn-cr5:10/1/3 50                                          
2019-02-05 10:43:34,972 INFO  n.e.o.t.s.UpdateSvc                 - inserting p: denv-cr5:4/1/1 to denv-cr5                     
2019-02-05 10:43:34,972 DEBUG n.e.o.t.s.UpdateSvc                 - denv-cr5:4/1/1 75                                           
2019-02-05 10:43:34,974 INFO  n.e.o.t.s.UpdateSvc                 - inserting p: fnal-mr2:xe-1/3/0 to fnal-mr2                  
2019-02-05 10:43:34,975 DEBUG n.e.o.t.s.UpdateSvc                 - fnal-mr2:xe-1/3/0 65                                        
2019-02-05 10:43:34,977 INFO  n.e.o.t.s.UpdateSvc                 - inserting p: sunn-cr5:10/2/1 to sunn-cr5                    
2019-02-05 10:43:34,979 DEBUG n.e.o.t.s.UpdateSvc                 - sunn-cr5:8/1/1 50                                           
2019-02-05 10:43:34,979 DEBUG n.e.o.t.s.UpdateSvc                 - sunn-cr5:10/1/1 50                                          
2019-02-05 10:43:34,979 DEBUG n.e.o.t.s.UpdateSvc                 - sunn-cr5:10/1/6 50                                          
2019-02-05 10:43:34,979 DEBUG n.e.o.t.s.UpdateSvc                 - sunn-cr5:10/1/2 50                                          
2019-02-05 10:43:34,979 DEBUG n.e.o.t.s.UpdateSvc                 - sunn-cr5:10/1/4 50                                          
2019-02-05 10:43:34,979 DEBUG n.e.o.t.s.UpdateSvc                 - sunn-cr5:10/1/5 50                                          
2019-02-05 10:43:34,979 DEBUG n.e.o.t.s.UpdateSvc                 - sunn-cr5:7/1/1 50                                           
2019-02-05 10:43:34,979 DEBUG n.e.o.t.s.UpdateSvc                 - sunn-cr5:10/2/1 50                                          
2019-02-05 10:43:34,979 DEBUG n.e.o.t.s.UpdateSvc                 - sunn-cr5:10/1/3 50                                          
2019-02-05 10:43:34,982 INFO  n.e.o.t.s.UpdateSvc                 - inserting p: sunn-cr5:10/2/5 to sunn-cr5                    
2019-02-05 10:43:34,983 DEBUG n.e.o.t.s.UpdateSvc                 - sunn-cr5:10/2/5 50                                          
2019-02-05 10:43:34,983 DEBUG n.e.o.t.s.UpdateSvc                 - sunn-cr5:8/1/1 50                                           
2019-02-05 10:43:34,983 DEBUG n.e.o.t.s.UpdateSvc                 - sunn-cr5:10/1/1 50                                          
2019-02-05 10:43:34,983 DEBUG n.e.o.t.s.UpdateSvc                 - sunn-cr5:10/1/6 50                                          
2019-02-05 10:43:34,983 DEBUG n.e.o.t.s.UpdateSvc                 - sunn-cr5:10/1/2 50                                          
2019-02-05 10:43:34,983 DEBUG n.e.o.t.s.UpdateSvc                 - sunn-cr5:10/1/4 50                                          
2019-02-05 10:43:34,983 DEBUG n.e.o.t.s.UpdateSvc                 - sunn-cr5:10/1/5 50                                          
2019-02-05 10:43:34,983 DEBUG n.e.o.t.s.UpdateSvc                 - sunn-cr5:7/1/1 50                                           
2019-02-05 10:43:34,983 DEBUG n.e.o.t.s.UpdateSvc                 - sunn-cr5:10/2/1 50                                          
2019-02-05 10:43:34,983 DEBUG n.e.o.t.s.UpdateSvc                 - sunn-cr5:10/1/3 50                                          
2019-02-05 10:43:34,985 INFO  n.e.o.t.s.UpdateSvc                 - inserting p: sunn-cr5:10/2/4 to sunn-cr5                    
2019-02-05 10:43:34,985 DEBUG n.e.o.t.s.UpdateSvc                 - sunn-cr5:10/2/5 50                                          
2019-02-05 10:43:34,985 DEBUG n.e.o.t.s.UpdateSvc                 - sunn-cr5:8/1/1 50                                           
2019-02-05 10:43:34,985 DEBUG n.e.o.t.s.UpdateSvc                 - sunn-cr5:10/2/4 50                                          
2019-02-05 10:43:34,985 DEBUG n.e.o.t.s.UpdateSvc                 - sunn-cr5:10/1/1 50                                          
2019-02-05 10:43:34,985 DEBUG n.e.o.t.s.UpdateSvc                 - sunn-cr5:10/1/6 50                                          
2019-02-05 10:43:34,985 DEBUG n.e.o.t.s.UpdateSvc                 - sunn-cr5:10/1/2 50                                          
2019-02-05 10:43:34,985 DEBUG n.e.o.t.s.UpdateSvc                 - sunn-cr5:10/1/4 50                                          
2019-02-05 10:43:34,985 DEBUG n.e.o.t.s.UpdateSvc                 - sunn-cr5:10/1/5 50                                          
2019-02-05 10:43:34,985 DEBUG n.e.o.t.s.UpdateSvc                 - sunn-cr5:7/1/1 50                                           
2019-02-05 10:43:34,985 DEBUG n.e.o.t.s.UpdateSvc                 - sunn-cr5:10/2/1 50                                          
2019-02-05 10:43:34,985 DEBUG n.e.o.t.s.UpdateSvc                 - sunn-cr5:10/1/3 50                                          
2019-02-05 10:43:34,987 INFO  n.e.o.t.s.UpdateSvc                 - inserting p: sunn-cr5:10/2/3 to sunn-cr5                    
2019-02-05 10:43:34,987 DEBUG n.e.o.t.s.UpdateSvc                 - sunn-cr5:10/2/5 50                                          
2019-02-05 10:43:34,987 DEBUG n.e.o.t.s.UpdateSvc                 - sunn-cr5:8/1/1 50                                           
2019-02-05 10:43:34,988 DEBUG n.e.o.t.s.UpdateSvc                 - sunn-cr5:10/2/4 50                                          
2019-02-05 10:43:34,988 DEBUG n.e.o.t.s.UpdateSvc                 - sunn-cr5:10/1/1 50                                          
2019-02-05 10:43:34,988 DEBUG n.e.o.t.s.UpdateSvc                 - sunn-cr5:10/1/6 50                                          
2019-02-05 10:43:34,988 DEBUG n.e.o.t.s.UpdateSvc                 - sunn-cr5:10/1/2 50                                          
2019-02-05 10:43:34,988 DEBUG n.e.o.t.s.UpdateSvc                 - sunn-cr5:10/1/4 50                                          
2019-02-05 10:43:34,988 DEBUG n.e.o.t.s.UpdateSvc                 - sunn-cr5:10/1/5 50                                          
2019-02-05 10:43:34,988 DEBUG n.e.o.t.s.UpdateSvc                 - sunn-cr5:10/2/3 50                                          
2019-02-05 10:43:34,988 DEBUG n.e.o.t.s.UpdateSvc                 - sunn-cr5:7/1/1 50                                           
2019-02-05 10:43:34,988 DEBUG n.e.o.t.s.UpdateSvc                 - sunn-cr5:10/2/1 50                                          
2019-02-05 10:43:34,988 DEBUG n.e.o.t.s.UpdateSvc                 - sunn-cr5:10/1/3 50                                          
2019-02-05 10:43:34,990 INFO  n.e.o.t.s.UpdateSvc                 - inserting p: sunn-cr5:10/2/2 to sunn-cr5                    
2019-02-05 10:43:34,990 DEBUG n.e.o.t.s.UpdateSvc                 - sunn-cr5:10/2/4 50                                          
2019-02-05 10:43:34,990 DEBUG n.e.o.t.s.UpdateSvc                 - sunn-cr5:10/1/6 50                                          
2019-02-05 10:43:34,990 DEBUG n.e.o.t.s.UpdateSvc                 - sunn-cr5:10/1/2 50                                          
2019-02-05 10:43:34,990 DEBUG n.e.o.t.s.UpdateSvc                 - sunn-cr5:7/1/1 50                                           
2019-02-05 10:43:34,990 DEBUG n.e.o.t.s.UpdateSvc                 - sunn-cr5:10/2/1 50                                          
2019-02-05 10:43:34,990 DEBUG n.e.o.t.s.UpdateSvc                 - sunn-cr5:10/1/3 50                                          
2019-02-05 10:43:34,990 DEBUG n.e.o.t.s.UpdateSvc                 - sunn-cr5:10/2/5 50                                          
2019-02-05 10:43:34,990 DEBUG n.e.o.t.s.UpdateSvc                 - sunn-cr5:8/1/1 50                                           
2019-02-05 10:43:34,990 DEBUG n.e.o.t.s.UpdateSvc                 - sunn-cr5:10/1/1 50                                          
2019-02-05 10:43:34,991 DEBUG n.e.o.t.s.UpdateSvc                 - sunn-cr5:10/1/4 50                                          
2019-02-05 10:43:34,991 DEBUG n.e.o.t.s.UpdateSvc                 - sunn-cr5:10/1/5 50                                          
2019-02-05 10:43:34,991 DEBUG n.e.o.t.s.UpdateSvc                 - sunn-cr5:10/2/3 50                                          
2019-02-05 10:43:34,991 DEBUG n.e.o.t.s.UpdateSvc                 - sunn-cr5:10/2/2 50                                          
2019-02-05 10:43:34,992 INFO  n.e.o.t.s.UpdateSvc                 - inserting p: llnl-mr2:xe-3/2/0 to llnl-mr2                  
2019-02-05 10:43:34,992 DEBUG n.e.o.t.s.UpdateSvc                 - llnl-mr2:xe-3/2/0 52                                        
2019-02-05 10:43:34,993 INFO  n.e.o.t.s.UpdateSvc                 - inserting p: sunn-cr5:10/2/6 to sunn-cr5                    
2019-02-05 10:43:34,994 DEBUG n.e.o.t.s.UpdateSvc                 - sunn-cr5:10/2/4 50                                          
2019-02-05 10:43:34,994 DEBUG n.e.o.t.s.UpdateSvc                 - sunn-cr5:10/2/6 50                                          
2019-02-05 10:43:34,994 DEBUG n.e.o.t.s.UpdateSvc                 - sunn-cr5:10/1/6 50                                          
2019-02-05 10:43:34,994 DEBUG n.e.o.t.s.UpdateSvc                 - sunn-cr5:10/1/2 50                                          
2019-02-05 10:43:34,994 DEBUG n.e.o.t.s.UpdateSvc                 - sunn-cr5:7/1/1 50                                           
2019-02-05 10:43:34,995 DEBUG n.e.o.t.s.UpdateSvc                 - sunn-cr5:10/2/1 50                                          
2019-02-05 10:43:34,995 DEBUG n.e.o.t.s.UpdateSvc                 - sunn-cr5:10/1/3 50                                          
2019-02-05 10:43:34,995 DEBUG n.e.o.t.s.UpdateSvc                 - sunn-cr5:10/2/5 50                                          
2019-02-05 10:43:34,995 DEBUG n.e.o.t.s.UpdateSvc                 - sunn-cr5:8/1/1 50                                           
2019-02-05 10:43:34,995 DEBUG n.e.o.t.s.UpdateSvc                 - sunn-cr5:10/1/1 50                                          
2019-02-05 10:43:34,995 DEBUG n.e.o.t.s.UpdateSvc                 - sunn-cr5:10/1/4 50                                          
2019-02-05 10:43:34,995 DEBUG n.e.o.t.s.UpdateSvc                 - sunn-cr5:10/1/5 50                                          
2019-02-05 10:43:34,995 DEBUG n.e.o.t.s.UpdateSvc                 - sunn-cr5:10/2/3 50                                          
2019-02-05 10:43:34,995 DEBUG n.e.o.t.s.UpdateSvc                 - sunn-cr5:10/2/2 50                                          
2019-02-05 10:43:34,996 INFO  n.e.o.t.s.UpdateSvc                 - inserting p: hous-cr5:1/1/1 to hous-cr5                     
2019-02-05 10:43:34,996 DEBUG n.e.o.t.s.UpdateSvc                 - hous-cr5:1/1/1 68                                           
2019-02-05 10:43:34,997 INFO  n.e.o.t.s.UpdateSvc                 - inserting p: slac-mr2:xe-0/0/0 to slac-mr2                  
2019-02-05 10:43:34,998 DEBUG n.e.o.t.s.UpdateSvc                 - slac-mr2:xe-0/2/0 56                                        
2019-02-05 10:43:34,998 DEBUG n.e.o.t.s.UpdateSvc                 - slac-mr2:xe-0/0/0 56                                        
2019-02-05 10:43:34,998 DEBUG n.e.o.t.s.UpdateSvc                 - slac-mr2:xe-0/1/0 56                                        
2019-02-05 10:43:34,998 DEBUG n.e.o.t.s.UpdateSvc                 - slac-mr2:xe-1/1/0 56                                        
2019-02-05 10:43:34,999 INFO  n.e.o.t.s.UpdateSvc                 - inserting p: srs-rt3:ge-0/0/0 to srs-rt3                    
2019-02-05 10:43:35,000 DEBUG n.e.o.t.s.UpdateSvc                 - srs-rt3:ge-0/1/0 31                                         
2019-02-05 10:43:35,000 DEBUG n.e.o.t.s.UpdateSvc                 - srs-rt3:ge-0/0/0 31                                         
2019-02-05 10:43:35,001 INFO  n.e.o.t.s.UpdateSvc                 - inserting p: lbl-mr2:xe-0/2/0 to lbl-mr2                    
2019-02-05 10:43:35,002 DEBUG n.e.o.t.s.UpdateSvc                 - lbl-mr2:xe-8/3/0 74                                         
2019-02-05 10:43:35,002 DEBUG n.e.o.t.s.UpdateSvc                 - lbl-mr2:xe-0/1/0 74                                         
2019-02-05 10:43:35,002 DEBUG n.e.o.t.s.UpdateSvc                 - lbl-mr2:xe-8/1/0 74                                         
2019-02-05 10:43:35,002 DEBUG n.e.o.t.s.UpdateSvc                 - lbl-mr2:xe-0/2/0 74                                         
2019-02-05 10:43:35,002 DEBUG n.e.o.t.s.UpdateSvc                 - lbl-mr2:xe-1/1/0 74                                         
2019-02-05 10:43:35,003 INFO  n.e.o.t.s.UpdateSvc                 - inserting p: llnl-mr2:ge-3/0/1 to llnl-mr2                  
2019-02-05 10:43:35,015 DEBUG n.e.o.t.s.UpdateSvc                 - llnl-mr2:xe-3/2/0 52                                        
2019-02-05 10:43:35,016 DEBUG n.e.o.t.s.UpdateSvc                 - llnl-mr2:ge-3/0/1 52                                        
2019-02-05 10:43:35,018 INFO  n.e.o.t.s.UpdateSvc                 - inserting p: llnl-mr2:ge-3/0/0 to llnl-mr2                  
2019-02-05 10:43:35,019 DEBUG n.e.o.t.s.UpdateSvc                 - llnl-mr2:xe-3/2/0 52                                        
2019-02-05 10:43:35,019 DEBUG n.e.o.t.s.UpdateSvc                 - llnl-mr2:ge-3/0/0 52                                        
2019-02-05 10:43:35,019 DEBUG n.e.o.t.s.UpdateSvc                 - llnl-mr2:ge-3/0/1 52                                        
2019-02-05 10:43:35,021 INFO  n.e.o.t.s.UpdateSvc                 - inserting p: nersc-mr2:xe-1/3/0 to nersc-mr2                
2019-02-05 10:43:35,021 DEBUG n.e.o.t.s.UpdateSvc                 - nersc-mr2:xe-2/2/0 29                                       
2019-02-05 10:43:35,021 DEBUG n.e.o.t.s.UpdateSvc                 - nersc-mr2:xe-1/3/0 29                                       
2019-02-05 10:43:35,023 INFO  n.e.o.t.s.UpdateSvc                 - inserting p: denv-cr5:4/2/1 to denv-cr5                     
2019-02-05 10:43:35,024 DEBUG n.e.o.t.s.UpdateSvc                 - denv-cr5:4/1/1 75                                           
2019-02-05 10:43:35,024 DEBUG n.e.o.t.s.UpdateSvc                 - denv-cr5:4/2/1 75                                           
2019-02-05 10:43:35,026 INFO  n.e.o.t.s.UpdateSvc                 - inserting p: ameslab-rt3:xe-1/3/0 to ameslab-rt3            
2019-02-05 10:43:35,027 DEBUG n.e.o.t.s.UpdateSvc                 - ameslab-rt3:xe-1/3/0 67                                     
2019-02-05 10:43:35,028 INFO  n.e.o.t.s.UpdateSvc                 - inserting p: wash-cr5:1/1/1 to wash-cr5                     
2019-02-05 10:43:35,029 DEBUG n.e.o.t.s.UpdateSvc                 - wash-cr5:10/1/5 36                                          
2019-02-05 10:43:35,029 DEBUG n.e.o.t.s.UpdateSvc                 - wash-cr5:10/1/3 36                                          
2019-02-05 10:43:35,029 DEBUG n.e.o.t.s.UpdateSvc                 - wash-cr5:10/1/9 36                                          
2019-02-05 10:43:35,029 DEBUG n.e.o.t.s.UpdateSvc                 - wash-cr5:10/1/10 36                                         
2019-02-05 10:43:35,029 DEBUG n.e.o.t.s.UpdateSvc                 - wash-cr5:10/1/4 36                                          
2019-02-05 10:43:35,029 DEBUG n.e.o.t.s.UpdateSvc                 - wash-cr5:1/1/1 36                                           
2019-02-05 10:43:35,030 INFO  n.e.o.t.s.UpdateSvc                 - inserting p: newy-cr5:3/1/1 to newy-cr5                     
2019-02-05 10:43:35,032 DEBUG n.e.o.t.s.UpdateSvc                 - newy-cr5:10/1/3 59                                          
2019-02-05 10:43:35,032 DEBUG n.e.o.t.s.UpdateSvc                 - newy-cr5:3/1/1 59                                           
2019-02-05 10:43:35,032 DEBUG n.e.o.t.s.UpdateSvc                 - newy-cr5:10/1/9 59                                          
2019-02-05 10:43:35,032 DEBUG n.e.o.t.s.UpdateSvc                 - newy-cr5:9/1/1 59                                           
2019-02-05 10:43:35,032 DEBUG n.e.o.t.s.UpdateSvc                 - newy-cr5:9/1/4 59                                           
2019-02-05 10:43:35,032 DEBUG n.e.o.t.s.UpdateSvc                 - newy-cr5:2/1/1 59                                           
2019-02-05 10:43:35,032 DEBUG n.e.o.t.s.UpdateSvc                 - newy-cr5:10/1/2 59                                          
2019-02-05 10:43:35,034 INFO  n.e.o.t.s.UpdateSvc                 - inserting p: chic-cr5:6/2/1 to chic-cr5                     
2019-02-05 10:43:35,035 DEBUG n.e.o.t.s.UpdateSvc                 - chic-cr5:7/1/1 55                                           
2019-02-05 10:43:35,035 DEBUG n.e.o.t.s.UpdateSvc                 - chic-cr5:6/1/1 55                                           
2019-02-05 10:43:35,035 DEBUG n.e.o.t.s.UpdateSvc                 - chic-cr5:6/2/1 55                                           
2019-02-05 10:43:35,035 DEBUG n.e.o.t.s.UpdateSvc                 - chic-cr5:BLANK 55                                           
2019-02-05 10:43:35,037 INFO  n.e.o.t.s.UpdateSvc                 - inserting p: sunn-cr5:7/2/1 to sunn-cr5                     
2019-02-05 10:43:35,039 DEBUG n.e.o.t.s.UpdateSvc                 - sunn-cr5:10/2/4 50                                          
2019-02-05 10:43:35,039 DEBUG n.e.o.t.s.UpdateSvc                 - sunn-cr5:10/2/6 50                                          
2019-02-05 10:43:35,039 DEBUG n.e.o.t.s.UpdateSvc                 - sunn-cr5:10/1/6 50                                          
2019-02-05 10:43:35,039 DEBUG n.e.o.t.s.UpdateSvc                 - sunn-cr5:10/1/2 50                                          
2019-02-05 10:43:35,039 DEBUG n.e.o.t.s.UpdateSvc                 - sunn-cr5:7/1/1 50                                           
2019-02-05 10:43:35,039 DEBUG n.e.o.t.s.UpdateSvc                 - sunn-cr5:10/2/1 50                                          
2019-02-05 10:43:35,039 DEBUG n.e.o.t.s.UpdateSvc                 - sunn-cr5:10/1/3 50                                          
2019-02-05 10:43:35,039 DEBUG n.e.o.t.s.UpdateSvc                 - sunn-cr5:10/2/5 50                                          
2019-02-05 10:43:35,039 DEBUG n.e.o.t.s.UpdateSvc                 - sunn-cr5:8/1/1 50                                           
2019-02-05 10:43:35,039 DEBUG n.e.o.t.s.UpdateSvc                 - sunn-cr5:10/1/1 50                                          
2019-02-05 10:43:35,039 DEBUG n.e.o.t.s.UpdateSvc                 - sunn-cr5:10/1/4 50                                          
2019-02-05 10:43:35,039 DEBUG n.e.o.t.s.UpdateSvc                 - sunn-cr5:7/2/1 50                                           
2019-02-05 10:43:35,039 DEBUG n.e.o.t.s.UpdateSvc                 - sunn-cr5:10/1/5 50                                          
2019-02-05 10:43:35,039 DEBUG n.e.o.t.s.UpdateSvc                 - sunn-cr5:10/2/3 50                                          
2019-02-05 10:43:35,039 DEBUG n.e.o.t.s.UpdateSvc                 - sunn-cr5:10/2/2 50                                          
2019-02-05 10:43:35,042 INFO  n.e.o.t.s.UpdateSvc                 - inserting p: lbl-mr2:xe-7/0/0 to lbl-mr2                    
2019-02-05 10:43:35,044 DEBUG n.e.o.t.s.UpdateSvc                 - lbl-mr2:xe-8/3/0 74                                         
2019-02-05 10:43:35,044 DEBUG n.e.o.t.s.UpdateSvc                 - lbl-mr2:xe-0/1/0 74                                         
2019-02-05 10:43:35,044 DEBUG n.e.o.t.s.UpdateSvc                 - lbl-mr2:xe-8/1/0 74                                         
2019-02-05 10:43:35,044 DEBUG n.e.o.t.s.UpdateSvc                 - lbl-mr2:xe-7/0/0 74                                         
2019-02-05 10:43:35,045 DEBUG n.e.o.t.s.UpdateSvc                 - lbl-mr2:xe-0/2/0 74                                         
2019-02-05 10:43:35,045 DEBUG n.e.o.t.s.UpdateSvc                 - lbl-mr2:xe-1/1/0 74                                         
2019-02-05 10:43:35,047 INFO  n.e.o.t.s.UpdateSvc                 - inserting p: nersc-mr2:xe-7/3/0 to nersc-mr2                
2019-02-05 10:43:35,049 DEBUG n.e.o.t.s.UpdateSvc                 - nersc-mr2:xe-7/3/0 29                                       
2019-02-05 10:43:35,049 DEBUG n.e.o.t.s.UpdateSvc                 - nersc-mr2:xe-2/2/0 29                                       
2019-02-05 10:43:35,049 DEBUG n.e.o.t.s.UpdateSvc                 - nersc-mr2:xe-1/3/0 29                                       
2019-02-05 10:43:35,051 INFO  n.e.o.t.s.UpdateSvc                 - inserting p: hous-cr5:10/1/3 to hous-cr5                    
2019-02-05 10:43:35,053 DEBUG n.e.o.t.s.UpdateSvc                 - hous-cr5:10/1/3 68                                          
2019-02-05 10:43:35,053 DEBUG n.e.o.t.s.UpdateSvc                 - hous-cr5:1/1/1 68                                           
2019-02-05 10:43:35,056 INFO  n.e.o.t.s.UpdateSvc                 - inserting p: hous-cr5:10/1/4 to hous-cr5                    
2019-02-05 10:43:35,058 DEBUG n.e.o.t.s.UpdateSvc                 - hous-cr5:10/1/3 68                                          
2019-02-05 10:43:35,058 DEBUG n.e.o.t.s.UpdateSvc                 - hous-cr5:10/1/4 68                                          
2019-02-05 10:43:35,058 DEBUG n.e.o.t.s.UpdateSvc                 - hous-cr5:1/1/1 68                                           
2019-02-05 10:43:35,060 INFO  n.e.o.t.s.UpdateSvc                 - inserting p: ornl-rt4:xe-1/2/0 to ornl-rt4                  
2019-02-05 10:43:35,062 DEBUG n.e.o.t.s.UpdateSvc                 - ornl-rt4:xe-2/3/0 42                                        
2019-02-05 10:43:35,062 DEBUG n.e.o.t.s.UpdateSvc                 - ornl-rt4:xe-1/2/0 42                                        
2019-02-05 10:43:35,064 INFO  n.e.o.t.s.UpdateSvc                 - inserting p: kans-cr5:1/1/1 to kans-cr5                     
2019-02-05 10:43:35,065 DEBUG n.e.o.t.s.UpdateSvc                 - kans-cr5:1/1/1 38                                           
2019-02-05 10:43:35,068 INFO  n.e.o.t.s.UpdateSvc                 - inserting p: sacr-cr5:10/2/5 to sacr-cr5                    
2019-02-05 10:43:35,069 DEBUG n.e.o.t.s.UpdateSvc                 - sacr-cr5:10/2/5 47                                          
2019-02-05 10:43:35,069 DEBUG n.e.o.t.s.UpdateSvc                 - sacr-cr5:3/1/1 47                                           
2019-02-05 10:43:35,072 INFO  n.e.o.t.s.UpdateSvc                 - inserting p: denv-cr5:10/1/6 to denv-cr5                    
2019-02-05 10:43:35,073 DEBUG n.e.o.t.s.UpdateSvc                 - denv-cr5:4/1/1 75                                           
2019-02-05 10:43:35,073 DEBUG n.e.o.t.s.UpdateSvc                 - denv-cr5:4/2/1 75                                           
2019-02-05 10:43:35,073 DEBUG n.e.o.t.s.UpdateSvc                 - denv-cr5:10/1/6 75                                          
2019-02-05 10:43:35,074 INFO  n.e.o.t.s.UpdateSvc                 - inserting p: sacr-cr5:4/1/1 to sacr-cr5                     
2019-02-05 10:43:35,075 DEBUG n.e.o.t.s.UpdateSvc                 - sacr-cr5:4/1/1 47                                           
2019-02-05 10:43:35,075 DEBUG n.e.o.t.s.UpdateSvc                 - sacr-cr5:10/2/5 47                                          
2019-02-05 10:43:35,075 DEBUG n.e.o.t.s.UpdateSvc                 - sacr-cr5:3/1/1 47                                           
2019-02-05 10:43:35,077 INFO  n.e.o.t.s.UpdateSvc                 - inserting p: sacr-cr5:10/2/6 to sacr-cr5                    
2019-02-05 10:43:35,077 DEBUG n.e.o.t.s.UpdateSvc                 - sacr-cr5:4/1/1 47                                           
2019-02-05 10:43:35,077 DEBUG n.e.o.t.s.UpdateSvc                 - sacr-cr5:10/2/5 47                                          
2019-02-05 10:43:35,078 DEBUG n.e.o.t.s.UpdateSvc                 - sacr-cr5:10/2/6 47                                          
2019-02-05 10:43:35,078 DEBUG n.e.o.t.s.UpdateSvc                 - sacr-cr5:3/1/1 47                                           
2019-02-05 10:43:35,079 INFO  n.e.o.t.s.UpdateSvc                 - inserting p: denv-cr5:10/1/7 to denv-cr5                    
2019-02-05 10:43:35,080 DEBUG n.e.o.t.s.UpdateSvc                 - denv-cr5:4/1/1 75                                           
2019-02-05 10:43:35,080 DEBUG n.e.o.t.s.UpdateSvc                 - denv-cr5:4/2/1 75                                           
2019-02-05 10:43:35,080 DEBUG n.e.o.t.s.UpdateSvc                 - denv-cr5:10/1/6 75                                          
2019-02-05 10:43:35,080 DEBUG n.e.o.t.s.UpdateSvc                 - denv-cr5:10/1/7 75                                          
2019-02-05 10:43:35,082 INFO  n.e.o.t.s.UpdateSvc                 - inserting p: llnl-mr2:xe-2/1/0 to llnl-mr2                  
2019-02-05 10:43:35,083 DEBUG n.e.o.t.s.UpdateSvc                 - llnl-mr2:xe-2/1/0 52                                        
2019-02-05 10:43:35,083 DEBUG n.e.o.t.s.UpdateSvc                 - llnl-mr2:xe-3/2/0 52                                        
2019-02-05 10:43:35,083 DEBUG n.e.o.t.s.UpdateSvc                 - llnl-mr2:ge-3/0/0 52                                        
2019-02-05 10:43:35,083 DEBUG n.e.o.t.s.UpdateSvc                 - llnl-mr2:ge-3/0/1 52                                        
2019-02-05 10:43:35,085 INFO  n.e.o.t.s.UpdateSvc                 - inserting p: star-cr5:5/1/1 to star-cr5                     
2019-02-05 10:43:35,085 DEBUG n.e.o.t.s.UpdateSvc                 - star-cr5:5/1/1 76                                           
2019-02-05 10:43:35,085 DEBUG n.e.o.t.s.UpdateSvc                 - star-cr5:3/1/1 76                                           
2019-02-05 10:43:35,085 DEBUG n.e.o.t.s.UpdateSvc                 - star-cr5:3/2/1 76                                           
2019-02-05 10:43:35,087 INFO  n.e.o.t.s.UpdateSvc                 - inserting p: sunn-cr5:5/2/1 to sunn-cr5                     
2019-02-05 10:43:35,088 DEBUG n.e.o.t.s.UpdateSvc                 - sunn-cr5:10/2/4 50                                          
2019-02-05 10:43:35,089 DEBUG n.e.o.t.s.UpdateSvc                 - sunn-cr5:10/2/6 50                                          
2019-02-05 10:43:35,089 DEBUG n.e.o.t.s.UpdateSvc                 - sunn-cr5:10/1/6 50                                          
2019-02-05 10:43:35,089 DEBUG n.e.o.t.s.UpdateSvc                 - sunn-cr5:10/1/2 50                                          
2019-02-05 10:43:35,089 DEBUG n.e.o.t.s.UpdateSvc                 - sunn-cr5:7/1/1 50                                           
2019-02-05 10:43:35,089 DEBUG n.e.o.t.s.UpdateSvc                 - sunn-cr5:10/2/1 50                                          
2019-02-05 10:43:35,089 DEBUG n.e.o.t.s.UpdateSvc                 - sunn-cr5:10/1/3 50                                          
2019-02-05 10:43:35,089 DEBUG n.e.o.t.s.UpdateSvc                 - sunn-cr5:10/2/5 50                                          
2019-02-05 10:43:35,089 DEBUG n.e.o.t.s.UpdateSvc                 - sunn-cr5:5/2/1 50                                           
2019-02-05 10:43:35,089 DEBUG n.e.o.t.s.UpdateSvc                 - sunn-cr5:8/1/1 50                                           
2019-02-05 10:43:35,089 DEBUG n.e.o.t.s.UpdateSvc                 - sunn-cr5:10/1/1 50                                          
2019-02-05 10:43:35,089 DEBUG n.e.o.t.s.UpdateSvc                 - sunn-cr5:10/1/4 50                                          
2019-02-05 10:43:35,089 DEBUG n.e.o.t.s.UpdateSvc                 - sunn-cr5:7/2/1 50                                           
2019-02-05 10:43:35,089 DEBUG n.e.o.t.s.UpdateSvc                 - sunn-cr5:10/1/5 50                                          
2019-02-05 10:43:35,089 DEBUG n.e.o.t.s.UpdateSvc                 - sunn-cr5:10/2/3 50                                          
2019-02-05 10:43:35,089 DEBUG n.e.o.t.s.UpdateSvc                 - sunn-cr5:10/2/2 50                                          
2019-02-05 10:43:35,091 INFO  n.e.o.t.s.UpdateSvc                 - inserting p: sacr-cr5:10/2/1 to sacr-cr5                    
2019-02-05 10:43:35,091 DEBUG n.e.o.t.s.UpdateSvc                 - sacr-cr5:10/2/1 47                                          
2019-02-05 10:43:35,091 DEBUG n.e.o.t.s.UpdateSvc                 - sacr-cr5:4/1/1 47                                           
2019-02-05 10:43:35,092 DEBUG n.e.o.t.s.UpdateSvc                 - sacr-cr5:10/2/5 47                                          
2019-02-05 10:43:35,092 DEBUG n.e.o.t.s.UpdateSvc                 - sacr-cr5:10/2/6 47                                          
2019-02-05 10:43:35,092 DEBUG n.e.o.t.s.UpdateSvc                 - sacr-cr5:3/1/1 47                                           
2019-02-05 10:43:35,093 INFO  n.e.o.t.s.UpdateSvc                 - inserting p: sacr-cr5:10/2/2 to sacr-cr5                    
2019-02-05 10:43:35,093 DEBUG n.e.o.t.s.UpdateSvc                 - sacr-cr5:10/2/1 47                                          
2019-02-05 10:43:35,093 DEBUG n.e.o.t.s.UpdateSvc                 - sacr-cr5:10/2/2 47                                          
2019-02-05 10:43:35,094 DEBUG n.e.o.t.s.UpdateSvc                 - sacr-cr5:4/1/1 47                                           
2019-02-05 10:43:35,094 DEBUG n.e.o.t.s.UpdateSvc                 - sacr-cr5:10/2/5 47                                          
2019-02-05 10:43:35,094 DEBUG n.e.o.t.s.UpdateSvc                 - sacr-cr5:10/2/6 47                                          
2019-02-05 10:43:35,094 DEBUG n.e.o.t.s.UpdateSvc                 - sacr-cr5:3/1/1 47                                           
2019-02-05 10:43:35,095 INFO  n.e.o.t.s.UpdateSvc                 - inserting p: sacr-cr5:10/2/3 to sacr-cr5                    
2019-02-05 10:43:35,095 DEBUG n.e.o.t.s.UpdateSvc                 - sacr-cr5:10/2/1 47                                          
2019-02-05 10:43:35,095 DEBUG n.e.o.t.s.UpdateSvc                 - sacr-cr5:10/2/2 47                                          
2019-02-05 10:43:35,095 DEBUG n.e.o.t.s.UpdateSvc                 - sacr-cr5:4/1/1 47                                           
2019-02-05 10:43:35,096 DEBUG n.e.o.t.s.UpdateSvc                 - sacr-cr5:10/2/3 47                                          
2019-02-05 10:43:35,096 DEBUG n.e.o.t.s.UpdateSvc                 - sacr-cr5:10/2/5 47                                          
2019-02-05 10:43:35,096 DEBUG n.e.o.t.s.UpdateSvc                 - sacr-cr5:10/2/6 47                                          
2019-02-05 10:43:35,096 DEBUG n.e.o.t.s.UpdateSvc                 - sacr-cr5:3/1/1 47                                           
2019-02-05 10:43:35,108 INFO  n.e.o.t.s.UpdateSvc                 - inserting p: sacr-cr5:10/2/4 to sacr-cr5                    
2019-02-05 10:43:35,108 DEBUG n.e.o.t.s.UpdateSvc                 - sacr-cr5:10/2/1 47                                          
2019-02-05 10:43:35,108 DEBUG n.e.o.t.s.UpdateSvc                 - sacr-cr5:10/2/2 47                                          
2019-02-05 10:43:35,108 DEBUG n.e.o.t.s.UpdateSvc                 - sacr-cr5:4/1/1 47                                           
2019-02-05 10:43:35,108 DEBUG n.e.o.t.s.UpdateSvc                 - sacr-cr5:10/2/3 47                                          
2019-02-05 10:43:35,108 DEBUG n.e.o.t.s.UpdateSvc                 - sacr-cr5:10/2/5 47                                          
2019-02-05 10:43:35,108 DEBUG n.e.o.t.s.UpdateSvc                 - sacr-cr5:10/2/6 47                                          
2019-02-05 10:43:35,108 DEBUG n.e.o.t.s.UpdateSvc                 - sacr-cr5:3/1/1 47                                           
2019-02-05 10:43:35,108 DEBUG n.e.o.t.s.UpdateSvc                 - sacr-cr5:10/2/4 47                                          
2019-02-05 10:43:35,110 INFO  n.e.o.t.s.UpdateSvc                 - inserting p: ornl-rt4:ge-0/0/1 to ornl-rt4                  
2019-02-05 10:43:35,111 DEBUG n.e.o.t.s.UpdateSvc                 - ornl-rt4:ge-0/0/1 42                                        
2019-02-05 10:43:35,111 DEBUG n.e.o.t.s.UpdateSvc                 - ornl-rt4:xe-2/3/0 42                                        
2019-02-05 10:43:35,111 DEBUG n.e.o.t.s.UpdateSvc                 - ornl-rt4:xe-1/2/0 42                                        
2019-02-05 10:43:35,113 INFO  n.e.o.t.s.UpdateSvc                 - inserting p: eqx-ash-cr5:1/2/1 to eqx-ash-cr5               
2019-02-05 10:43:35,114 DEBUG n.e.o.t.s.UpdateSvc                 - eqx-ash-cr5:1/2/1 62                                        
2019-02-05 10:43:35,116 INFO  n.e.o.t.s.UpdateSvc                 - inserting p: nersc-mr2:xe-0/2/0 to nersc-mr2                
2019-02-05 10:43:35,117 DEBUG n.e.o.t.s.UpdateSvc                 - nersc-mr2:xe-0/2/0 29                                       
2019-02-05 10:43:35,117 DEBUG n.e.o.t.s.UpdateSvc                 - nersc-mr2:xe-7/3/0 29                                       
2019-02-05 10:43:35,117 DEBUG n.e.o.t.s.UpdateSvc                 - nersc-mr2:xe-2/2/0 29                                       
2019-02-05 10:43:35,117 DEBUG n.e.o.t.s.UpdateSvc                 - nersc-mr2:xe-1/3/0 29                                       
2019-02-05 10:43:35,119 INFO  n.e.o.t.s.UpdateSvc                 - inserting p: eqx-ash-cr5:10/1/6 to eqx-ash-cr5              
2019-02-05 10:43:35,120 DEBUG n.e.o.t.s.UpdateSvc                 - eqx-ash-cr5:1/2/1 62                                        
2019-02-05 10:43:35,120 DEBUG n.e.o.t.s.UpdateSvc                 - eqx-ash-cr5:10/1/6 62                                       
2019-02-05 10:43:35,122 INFO  n.e.o.t.s.UpdateSvc                 - inserting p: albq-cr5:2/1/1 to albq-cr5                     
2019-02-05 10:43:35,123 DEBUG n.e.o.t.s.UpdateSvc                 - albq-cr5:10/1/3 73                                          
2019-02-05 10:43:35,123 DEBUG n.e.o.t.s.UpdateSvc                 - albq-cr5:3/1/1 73                                           
2019-02-05 10:43:35,123 DEBUG n.e.o.t.s.UpdateSvc                 - albq-cr5:2/1/1 73                                           
2019-02-05 10:43:35,123 DEBUG n.e.o.t.s.UpdateSvc                 - albq-cr5:10/1/4 73                                          
2019-02-05 10:43:35,123 DEBUG n.e.o.t.s.UpdateSvc                 - albq-cr5:10/1/2 73                                          
2019-02-05 10:43:35,123 DEBUG n.e.o.t.s.UpdateSvc                 - albq-cr5:10/1/5 73                                          
2019-02-05 10:43:35,125 INFO  n.e.o.t.s.UpdateSvc                 - inserting p: eqx-ash-cr5:10/1/5 to eqx-ash-cr5              
2019-02-05 10:43:35,127 DEBUG n.e.o.t.s.UpdateSvc                 - eqx-ash-cr5:1/2/1 62                                        
2019-02-05 10:43:35,127 DEBUG n.e.o.t.s.UpdateSvc                 - eqx-ash-cr5:10/1/5 62                                       
2019-02-05 10:43:35,127 DEBUG n.e.o.t.s.UpdateSvc                 - eqx-ash-cr5:10/1/6 62                                       
2019-02-05 10:43:35,129 INFO  n.e.o.t.s.UpdateSvc                 - inserting p: eqx-ash-cr5:10/1/2 to eqx-ash-cr5              
2019-02-05 10:43:35,130 DEBUG n.e.o.t.s.UpdateSvc                 - eqx-ash-cr5:1/2/1 62                                        
2019-02-05 10:43:35,130 DEBUG n.e.o.t.s.UpdateSvc                 - eqx-ash-cr5:10/1/5 62                                       
2019-02-05 10:43:35,130 DEBUG n.e.o.t.s.UpdateSvc                 - eqx-ash-cr5:10/1/6 62                                       
2019-02-05 10:43:35,130 DEBUG n.e.o.t.s.UpdateSvc                 - eqx-ash-cr5:10/1/2 62                                       
2019-02-05 10:43:35,132 INFO  n.e.o.t.s.UpdateSvc                 - inserting p: llnl-mr2:xe-1/3/0 to llnl-mr2                  
2019-02-05 10:43:35,134 DEBUG n.e.o.t.s.UpdateSvc                 - llnl-mr2:xe-2/1/0 52                                        
2019-02-05 10:43:35,134 DEBUG n.e.o.t.s.UpdateSvc                 - llnl-mr2:xe-1/3/0 52                                        
2019-02-05 10:43:35,134 DEBUG n.e.o.t.s.UpdateSvc                 - llnl-mr2:xe-3/2/0 52                                        
2019-02-05 10:43:35,134 DEBUG n.e.o.t.s.UpdateSvc                 - llnl-mr2:ge-3/0/0 52                                        
2019-02-05 10:43:35,134 DEBUG n.e.o.t.s.UpdateSvc                 - llnl-mr2:ge-3/0/1 52                                        
2019-02-05 10:43:35,136 INFO  n.e.o.t.s.UpdateSvc                 - inserting p: atla-cr5:10/1/8 to atla-cr5                    
2019-02-05 10:43:35,136 DEBUG n.e.o.t.s.UpdateSvc                 - atla-cr5:10/1/8 41                                          
2019-02-05 10:43:35,137 DEBUG n.e.o.t.s.UpdateSvc                 - atla-cr5:1/1/1 41                                           
2019-02-05 10:43:35,138 INFO  n.e.o.t.s.UpdateSvc                 - inserting p: eqx-ash-cr5:10/1/1 to eqx-ash-cr5              
2019-02-05 10:43:35,139 DEBUG n.e.o.t.s.UpdateSvc                 - eqx-ash-cr5:1/2/1 62                                        
2019-02-05 10:43:35,139 DEBUG n.e.o.t.s.UpdateSvc                 - eqx-ash-cr5:10/1/1 62                                       
2019-02-05 10:43:35,139 DEBUG n.e.o.t.s.UpdateSvc                 - eqx-ash-cr5:10/1/5 62                                       
2019-02-05 10:43:35,139 DEBUG n.e.o.t.s.UpdateSvc                 - eqx-ash-cr5:10/1/6 62                                       
2019-02-05 10:43:35,139 DEBUG n.e.o.t.s.UpdateSvc                 - eqx-ash-cr5:10/1/2 62                                       
2019-02-05 10:43:35,141 INFO  n.e.o.t.s.UpdateSvc                 - inserting p: wash-cr5:6/1/1 to wash-cr5                     
2019-02-05 10:43:35,143 DEBUG n.e.o.t.s.UpdateSvc                 - wash-cr5:10/1/5 36                                          
2019-02-05 10:43:35,143 DEBUG n.e.o.t.s.UpdateSvc                 - wash-cr5:6/1/1 36                                           
2019-02-05 10:43:35,143 DEBUG n.e.o.t.s.UpdateSvc                 - wash-cr5:10/1/3 36                                          
2019-02-05 10:43:35,143 DEBUG n.e.o.t.s.UpdateSvc                 - wash-cr5:10/1/9 36                                          
2019-02-05 10:43:35,143 DEBUG n.e.o.t.s.UpdateSvc                 - wash-cr5:10/1/10 36                                         
2019-02-05 10:43:35,143 DEBUG n.e.o.t.s.UpdateSvc                 - wash-cr5:10/1/4 36                                          
2019-02-05 10:43:35,143 DEBUG n.e.o.t.s.UpdateSvc                 - wash-cr5:1/1/1 36                                           
2019-02-05 10:43:35,147 INFO  n.e.o.t.s.UpdateSvc                 - inserting p: eqx-sj-cr5:1/2/1 to eqx-sj-cr5                 
2019-02-05 10:43:35,148 DEBUG n.e.o.t.s.UpdateSvc                 - eqx-sj-cr5:1/2/1 35                                         
2019-02-05 10:43:35,151 INFO  n.e.o.t.s.UpdateSvc                 - inserting p: bost-cr5:2/1/1 to bost-cr5                     
2019-02-05 10:43:35,152 DEBUG n.e.o.t.s.UpdateSvc                 - bost-cr5:10/1/2 77                                          
2019-02-05 10:43:35,152 DEBUG n.e.o.t.s.UpdateSvc                 - bost-cr5:10/1/6 77                                          
2019-02-05 10:43:35,153 DEBUG n.e.o.t.s.UpdateSvc                 - bost-cr5:2/1/1 77                                           
2019-02-05 10:43:35,153 DEBUG n.e.o.t.s.UpdateSvc                 - bost-cr5:10/2/3 77                                          
2019-02-05 10:43:35,153 DEBUG n.e.o.t.s.UpdateSvc                 - bost-cr5:10/1/5 77                                          
2019-02-05 10:43:35,155 INFO  n.e.o.t.s.UpdateSvc                 - inserting p: chic-cr5:1/1/1 to chic-cr5                     
2019-02-05 10:43:35,156 DEBUG n.e.o.t.s.UpdateSvc                 - chic-cr5:7/1/1 55                                           
2019-02-05 10:43:35,156 DEBUG n.e.o.t.s.UpdateSvc                 - chic-cr5:6/1/1 55                                           
2019-02-05 10:43:35,156 DEBUG n.e.o.t.s.UpdateSvc                 - chic-cr5:6/2/1 55                                           
2019-02-05 10:43:35,156 DEBUG n.e.o.t.s.UpdateSvc                 - chic-cr5:BLANK 55                                           
2019-02-05 10:43:35,156 DEBUG n.e.o.t.s.UpdateSvc                 - chic-cr5:1/1/1 55                                           
2019-02-05 10:43:35,157 INFO  n.e.o.t.s.UpdateSvc                 - inserting p: atla-cr5:10/1/2 to atla-cr5                    
2019-02-05 10:43:35,158 DEBUG n.e.o.t.s.UpdateSvc                 - atla-cr5:10/1/2 41                                          
2019-02-05 10:43:35,158 DEBUG n.e.o.t.s.UpdateSvc                 - atla-cr5:10/1/8 41                                          
2019-02-05 10:43:35,158 DEBUG n.e.o.t.s.UpdateSvc                 - atla-cr5:1/1/1 41                                           
2019-02-05 10:43:35,161 INFO  n.e.o.t.s.UpdateSvc                 - inserting p: atla-cr5:3/1/1 to atla-cr5                     
2019-02-05 10:43:35,162 DEBUG n.e.o.t.s.UpdateSvc                 - atla-cr5:10/1/2 41                                          
2019-02-05 10:43:35,162 DEBUG n.e.o.t.s.UpdateSvc                 - atla-cr5:10/1/8 41                                          
2019-02-05 10:43:35,162 DEBUG n.e.o.t.s.UpdateSvc                 - atla-cr5:1/1/1 41                                           
2019-02-05 10:43:35,162 DEBUG n.e.o.t.s.UpdateSvc                 - atla-cr5:3/1/1 41                                           
2019-02-05 10:43:35,164 INFO  n.e.o.t.s.UpdateSvc                 - inserting p: atla-cr5:10/1/3 to atla-cr5                    
2019-02-05 10:43:35,165 DEBUG n.e.o.t.s.UpdateSvc                 - atla-cr5:10/1/2 41                                          
2019-02-05 10:43:35,165 DEBUG n.e.o.t.s.UpdateSvc                 - atla-cr5:10/1/8 41                                          
2019-02-05 10:43:35,165 DEBUG n.e.o.t.s.UpdateSvc                 - atla-cr5:1/1/1 41                                           
2019-02-05 10:43:35,165 DEBUG n.e.o.t.s.UpdateSvc                 - atla-cr5:3/1/1 41                                           
2019-02-05 10:43:35,165 DEBUG n.e.o.t.s.UpdateSvc                 - atla-cr5:10/1/3 41                                          
2019-02-05 10:43:35,167 INFO  n.e.o.t.s.UpdateSvc                 - inserting p: sacr-cr5:10/1/1 to sacr-cr5                    
2019-02-05 10:43:35,168 DEBUG n.e.o.t.s.UpdateSvc                 - sacr-cr5:10/2/1 47                                          
2019-02-05 10:43:35,168 DEBUG n.e.o.t.s.UpdateSvc                 - sacr-cr5:10/2/2 47                                          
2019-02-05 10:43:35,168 DEBUG n.e.o.t.s.UpdateSvc                 - sacr-cr5:4/1/1 47                                           
2019-02-05 10:43:35,168 DEBUG n.e.o.t.s.UpdateSvc                 - sacr-cr5:10/2/3 47                                          
2019-02-05 10:43:35,168 DEBUG n.e.o.t.s.UpdateSvc                 - sacr-cr5:10/2/5 47                                          
2019-02-05 10:43:35,168 DEBUG n.e.o.t.s.UpdateSvc                 - sacr-cr5:10/1/1 47                                          
2019-02-05 10:43:35,168 DEBUG n.e.o.t.s.UpdateSvc                 - sacr-cr5:10/2/6 47                                          
2019-02-05 10:43:35,169 DEBUG n.e.o.t.s.UpdateSvc                 - sacr-cr5:3/1/1 47                                           
2019-02-05 10:43:35,169 DEBUG n.e.o.t.s.UpdateSvc                 - sacr-cr5:10/2/4 47                                          
2019-02-05 10:43:35,171 INFO  n.e.o.t.s.UpdateSvc                 - inserting p: newy-cr5:4/1/1 to newy-cr5                     
2019-02-05 10:43:35,171 DEBUG n.e.o.t.s.UpdateSvc                 - newy-cr5:10/1/3 59                                          
2019-02-05 10:43:35,171 DEBUG n.e.o.t.s.UpdateSvc                 - newy-cr5:3/1/1 59                                           
2019-02-05 10:43:35,171 DEBUG n.e.o.t.s.UpdateSvc                 - newy-cr5:10/1/9 59                                          
2019-02-05 10:43:35,171 DEBUG n.e.o.t.s.UpdateSvc                 - newy-cr5:9/1/1 59                                           
2019-02-05 10:43:35,171 DEBUG n.e.o.t.s.UpdateSvc                 - newy-cr5:9/1/4 59                                           
2019-02-05 10:43:35,171 DEBUG n.e.o.t.s.UpdateSvc                 - newy-cr5:2/1/1 59                                           
2019-02-05 10:43:35,171 DEBUG n.e.o.t.s.UpdateSvc                 - newy-cr5:4/1/1 59                                           
2019-02-05 10:43:35,171 DEBUG n.e.o.t.s.UpdateSvc                 - newy-cr5:10/1/2 59                                          
2019-02-05 10:43:35,173 INFO  n.e.o.t.s.UpdateSvc                 - inserting p: sacr-cr5:10/1/6 to sacr-cr5                    
2019-02-05 10:43:35,174 DEBUG n.e.o.t.s.UpdateSvc                 - sacr-cr5:10/2/1 47                                          
2019-02-05 10:43:35,174 DEBUG n.e.o.t.s.UpdateSvc                 - sacr-cr5:10/2/2 47                                          
2019-02-05 10:43:35,174 DEBUG n.e.o.t.s.UpdateSvc                 - sacr-cr5:4/1/1 47                                           
2019-02-05 10:43:35,174 DEBUG n.e.o.t.s.UpdateSvc                 - sacr-cr5:10/2/3 47                                          
2019-02-05 10:43:35,175 DEBUG n.e.o.t.s.UpdateSvc                 - sacr-cr5:10/2/5 47                                          
2019-02-05 10:43:35,175 DEBUG n.e.o.t.s.UpdateSvc                 - sacr-cr5:10/1/1 47                                          
2019-02-05 10:43:35,175 DEBUG n.e.o.t.s.UpdateSvc                 - sacr-cr5:10/2/6 47                                          
2019-02-05 10:43:35,175 DEBUG n.e.o.t.s.UpdateSvc                 - sacr-cr5:3/1/1 47                                           
2019-02-05 10:43:35,175 DEBUG n.e.o.t.s.UpdateSvc                 - sacr-cr5:10/1/6 47                                          
2019-02-05 10:43:35,175 DEBUG n.e.o.t.s.UpdateSvc                 - sacr-cr5:10/2/4 47                                          
2019-02-05 10:43:35,177 INFO  n.e.o.t.s.UpdateSvc                 - inserting p: llnl-mr2:xe-2/2/0 to llnl-mr2                  
2019-02-05 10:43:35,178 DEBUG n.e.o.t.s.UpdateSvc                 - llnl-mr2:xe-2/1/0 52                                        
2019-02-05 10:43:35,178 DEBUG n.e.o.t.s.UpdateSvc                 - llnl-mr2:xe-1/3/0 52                                        
2019-02-05 10:43:35,178 DEBUG n.e.o.t.s.UpdateSvc                 - llnl-mr2:xe-3/2/0 52                                        
2019-02-05 10:43:35,178 DEBUG n.e.o.t.s.UpdateSvc                 - llnl-mr2:ge-3/0/0 52                                        
2019-02-05 10:43:35,178 DEBUG n.e.o.t.s.UpdateSvc                 - llnl-mr2:xe-2/2/0 52                                        
2019-02-05 10:43:35,178 DEBUG n.e.o.t.s.UpdateSvc                 - llnl-mr2:ge-3/0/1 52                                        
2019-02-05 10:43:35,180 INFO  n.e.o.t.s.UpdateSvc                 - inserting p: chic-cr5:8/1/1 to chic-cr5                     
2019-02-05 10:43:35,181 DEBUG n.e.o.t.s.UpdateSvc                 - chic-cr5:7/1/1 55                                           
2019-02-05 10:43:35,181 DEBUG n.e.o.t.s.UpdateSvc                 - chic-cr5:6/1/1 55                                           
2019-02-05 10:43:35,181 DEBUG n.e.o.t.s.UpdateSvc                 - chic-cr5:8/1/1 55                                           
2019-02-05 10:43:35,181 DEBUG n.e.o.t.s.UpdateSvc                 - chic-cr5:6/2/1 55                                           
2019-02-05 10:43:35,181 DEBUG n.e.o.t.s.UpdateSvc                 - chic-cr5:BLANK 55                                           
2019-02-05 10:43:35,181 DEBUG n.e.o.t.s.UpdateSvc                 - chic-cr5:1/1/1 55                                           
2019-02-05 10:43:35,183 INFO  n.e.o.t.s.UpdateSvc                 - inserting p: sacr-cr5:10/1/2 to sacr-cr5                    
2019-02-05 10:43:35,184 DEBUG n.e.o.t.s.UpdateSvc                 - sacr-cr5:10/2/1 47                                          
2019-02-05 10:43:35,184 DEBUG n.e.o.t.s.UpdateSvc                 - sacr-cr5:10/2/2 47                                          
2019-02-05 10:43:35,184 DEBUG n.e.o.t.s.UpdateSvc                 - sacr-cr5:4/1/1 47                                           
2019-02-05 10:43:35,184 DEBUG n.e.o.t.s.UpdateSvc                 - sacr-cr5:10/2/3 47                                          
2019-02-05 10:43:35,184 DEBUG n.e.o.t.s.UpdateSvc                 - sacr-cr5:10/2/5 47                                          
2019-02-05 10:43:35,184 DEBUG n.e.o.t.s.UpdateSvc                 - sacr-cr5:10/1/1 47                                          
2019-02-05 10:43:35,184 DEBUG n.e.o.t.s.UpdateSvc                 - sacr-cr5:10/2/6 47                                          
2019-02-05 10:43:35,184 DEBUG n.e.o.t.s.UpdateSvc                 - sacr-cr5:3/1/1 47                                           
2019-02-05 10:43:35,184 DEBUG n.e.o.t.s.UpdateSvc                 - sacr-cr5:10/1/6 47                                          
2019-02-05 10:43:35,184 DEBUG n.e.o.t.s.UpdateSvc                 - sacr-cr5:10/1/2 47                                          
2019-02-05 10:43:35,184 DEBUG n.e.o.t.s.UpdateSvc                 - sacr-cr5:10/2/4 47                                          
2019-02-05 10:43:35,186 INFO  n.e.o.t.s.UpdateSvc                 - inserting p: sacr-cr5:10/1/4 to sacr-cr5                    
2019-02-05 10:43:35,187 DEBUG n.e.o.t.s.UpdateSvc                 - sacr-cr5:10/2/1 47                                          
2019-02-05 10:43:35,187 DEBUG n.e.o.t.s.UpdateSvc                 - sacr-cr5:10/2/2 47                                          
2019-02-05 10:43:35,187 DEBUG n.e.o.t.s.UpdateSvc                 - sacr-cr5:4/1/1 47                                           
2019-02-05 10:43:35,187 DEBUG n.e.o.t.s.UpdateSvc                 - sacr-cr5:10/2/3 47                                          
2019-02-05 10:43:35,187 DEBUG n.e.o.t.s.UpdateSvc                 - sacr-cr5:10/2/5 47                                          
2019-02-05 10:43:35,187 DEBUG n.e.o.t.s.UpdateSvc                 - sacr-cr5:10/1/1 47                                          
2019-02-05 10:43:35,187 DEBUG n.e.o.t.s.UpdateSvc                 - sacr-cr5:10/2/6 47                                          
2019-02-05 10:43:35,187 DEBUG n.e.o.t.s.UpdateSvc                 - sacr-cr5:10/1/4 47                                          
2019-02-05 10:43:35,187 DEBUG n.e.o.t.s.UpdateSvc                 - sacr-cr5:3/1/1 47                                           
2019-02-05 10:43:35,187 DEBUG n.e.o.t.s.UpdateSvc                 - sacr-cr5:10/1/6 47                                          
2019-02-05 10:43:35,187 DEBUG n.e.o.t.s.UpdateSvc                 - sacr-cr5:10/1/2 47                                          
2019-02-05 10:43:35,187 DEBUG n.e.o.t.s.UpdateSvc                 - sacr-cr5:10/2/4 47                                          
2019-02-05 10:43:35,189 INFO  n.e.o.t.s.UpdateSvc                 - inserting p: cern-773-cr5:BLANK to cern-773-cr5             
2019-02-05 10:43:35,190 DEBUG n.e.o.t.s.UpdateSvc                 - cern-773-cr5:10/1/2 44                                      
2019-02-05 10:43:35,190 DEBUG n.e.o.t.s.UpdateSvc                 - cern-773-cr5:10/1/3 44                                      
2019-02-05 10:43:35,190 DEBUG n.e.o.t.s.UpdateSvc                 - cern-773-cr5:10/1/1 44                                      
2019-02-05 10:43:35,190 DEBUG n.e.o.t.s.UpdateSvc                 - cern-773-cr5:BLANK 44                                       
2019-02-05 10:43:35,192 INFO  n.e.o.t.s.UpdateSvc                 - inserting p: forr-rt2:ge-0/0/5 to forr-rt2                  
2019-02-05 10:43:35,193 DEBUG n.e.o.t.s.UpdateSvc                 - forr-rt2:ge-0/0/5 63                                        
2019-02-05 10:43:35,195 INFO  n.e.o.t.s.UpdateSvc                 - inserting p: forr-rt2:ge-0/0/4 to forr-rt2                  
2019-02-05 10:43:35,196 DEBUG n.e.o.t.s.UpdateSvc                 - forr-rt2:ge-0/0/4 63                                        
2019-02-05 10:43:35,196 DEBUG n.e.o.t.s.UpdateSvc                 - forr-rt2:ge-0/0/5 63                                        
2019-02-05 10:43:35,208 INFO  n.e.o.t.s.UpdateSvc                 - inserting p: eqx-ash-cr5:1/1/1 to eqx-ash-cr5               
2019-02-05 10:43:35,208 DEBUG n.e.o.t.s.UpdateSvc                 - eqx-ash-cr5:1/2/1 62                                        
2019-02-05 10:43:35,208 DEBUG n.e.o.t.s.UpdateSvc                 - eqx-ash-cr5:1/1/1 62                                        
2019-02-05 10:43:35,208 DEBUG n.e.o.t.s.UpdateSvc                 - eqx-ash-cr5:10/1/1 62                                       
2019-02-05 10:43:35,208 DEBUG n.e.o.t.s.UpdateSvc                 - eqx-ash-cr5:10/1/5 62                                       
2019-02-05 10:43:35,208 DEBUG n.e.o.t.s.UpdateSvc                 - eqx-ash-cr5:10/1/6 62                                       
2019-02-05 10:43:35,208 DEBUG n.e.o.t.s.UpdateSvc                 - eqx-ash-cr5:10/1/2 62                                       
2019-02-05 10:43:35,209 INFO  n.e.o.t.s.UpdateSvc                 - inserting p: forr-rt2:ge-0/0/2 to forr-rt2                  
2019-02-05 10:43:35,210 DEBUG n.e.o.t.s.UpdateSvc                 - forr-rt2:ge-0/0/2 63                                        
2019-02-05 10:43:35,210 DEBUG n.e.o.t.s.UpdateSvc                 - forr-rt2:ge-0/0/4 63                                        
2019-02-05 10:43:35,210 DEBUG n.e.o.t.s.UpdateSvc                 - forr-rt2:ge-0/0/5 63                                        
2019-02-05 10:43:35,212 INFO  n.e.o.t.s.UpdateSvc                 - inserting p: forr-rt2:ge-0/0/1 to forr-rt2                  
2019-02-05 10:43:35,212 DEBUG n.e.o.t.s.UpdateSvc                 - forr-rt2:ge-0/0/1 63                                        
2019-02-05 10:43:35,212 DEBUG n.e.o.t.s.UpdateSvc                 - forr-rt2:ge-0/0/2 63                                        
2019-02-05 10:43:35,212 DEBUG n.e.o.t.s.UpdateSvc                 - forr-rt2:ge-0/0/4 63                                        
2019-02-05 10:43:35,212 DEBUG n.e.o.t.s.UpdateSvc                 - forr-rt2:ge-0/0/5 63                                        
2019-02-05 10:43:35,214 INFO  n.e.o.t.s.UpdateSvc                 - inserting p: forr-rt2:ge-0/0/0 to forr-rt2                  
2019-02-05 10:43:35,215 DEBUG n.e.o.t.s.UpdateSvc                 - forr-rt2:ge-0/0/1 63                                        
2019-02-05 10:43:35,215 DEBUG n.e.o.t.s.UpdateSvc                 - forr-rt2:ge-0/0/0 63                                        
2019-02-05 10:43:35,215 DEBUG n.e.o.t.s.UpdateSvc                 - forr-rt2:ge-0/0/2 63                                        
2019-02-05 10:43:35,215 DEBUG n.e.o.t.s.UpdateSvc                 - forr-rt2:ge-0/0/4 63                                        
2019-02-05 10:43:35,215 DEBUG n.e.o.t.s.UpdateSvc                 - forr-rt2:ge-0/0/5 63                                        
2019-02-05 10:43:35,217 INFO  n.e.o.t.s.UpdateSvc                 - inserting p: chic-cr5:7/2/1 to chic-cr5                     
2019-02-05 10:43:35,218 DEBUG n.e.o.t.s.UpdateSvc                 - chic-cr5:7/2/1 55                                           
2019-02-05 10:43:35,218 DEBUG n.e.o.t.s.UpdateSvc                 - chic-cr5:7/1/1 55                                           
2019-02-05 10:43:35,218 DEBUG n.e.o.t.s.UpdateSvc                 - chic-cr5:6/1/1 55                                           
2019-02-05 10:43:35,218 DEBUG n.e.o.t.s.UpdateSvc                 - chic-cr5:8/1/1 55                                           
2019-02-05 10:43:35,218 DEBUG n.e.o.t.s.UpdateSvc                 - chic-cr5:6/2/1 55                                           
2019-02-05 10:43:35,218 DEBUG n.e.o.t.s.UpdateSvc                 - chic-cr5:BLANK 55                                           
2019-02-05 10:43:35,218 DEBUG n.e.o.t.s.UpdateSvc                 - chic-cr5:1/1/1 55                                           
2019-02-05 10:43:35,220 INFO  n.e.o.t.s.UpdateSvc                 - inserting p: nersc-mr2:xe-1/1/0 to nersc-mr2                
2019-02-05 10:43:35,221 DEBUG n.e.o.t.s.UpdateSvc                 - nersc-mr2:xe-0/2/0 29                                       
2019-02-05 10:43:35,221 DEBUG n.e.o.t.s.UpdateSvc                 - nersc-mr2:xe-1/1/0 29                                       
2019-02-05 10:43:35,221 DEBUG n.e.o.t.s.UpdateSvc                 - nersc-mr2:xe-7/3/0 29                                       
2019-02-05 10:43:35,221 DEBUG n.e.o.t.s.UpdateSvc                 - nersc-mr2:xe-2/2/0 29                                       
2019-02-05 10:43:35,221 DEBUG n.e.o.t.s.UpdateSvc                 - nersc-mr2:xe-1/3/0 29                                       
2019-02-05 10:43:35,223 INFO  n.e.o.t.s.UpdateSvc                 - inserting p: amst-cr5:5/1/1 to amst-cr5                     
2019-02-05 10:43:35,224 DEBUG n.e.o.t.s.UpdateSvc                 - amst-cr5:10/2/5 72                                          
2019-02-05 10:43:35,225 DEBUG n.e.o.t.s.UpdateSvc                 - amst-cr5:5/1/1 72                                           
2019-02-05 10:43:35,225 DEBUG n.e.o.t.s.UpdateSvc                 - amst-cr5:10/1/2 72                                          
2019-02-05 10:43:35,225 DEBUG n.e.o.t.s.UpdateSvc                 - amst-cr5:10/1/1 72                                          
2019-02-05 10:43:35,227 INFO  n.e.o.t.s.UpdateSvc                 - inserting p: bois-cr1:xe-0/0/0 to bois-cr1                  
2019-02-05 10:43:35,228 DEBUG n.e.o.t.s.UpdateSvc                 - bois-cr1:xe-7/3/0 39                                        
2019-02-05 10:43:35,228 DEBUG n.e.o.t.s.UpdateSvc                 - bois-cr1:xe-7/1/0 39                                        
2019-02-05 10:43:35,228 DEBUG n.e.o.t.s.UpdateSvc                 - bois-cr1:xe-1/2/0 39                                        
2019-02-05 10:43:35,228 DEBUG n.e.o.t.s.UpdateSvc                 - bois-cr1:xe-0/0/0 39                                        
2019-02-05 10:43:35,230 INFO  n.e.o.t.s.UpdateSvc                 - inserting p: sacr-cr5:1/1/1 to sacr-cr5                     
2019-02-05 10:43:35,231 DEBUG n.e.o.t.s.UpdateSvc                 - sacr-cr5:10/2/1 47                                          
2019-02-05 10:43:35,232 DEBUG n.e.o.t.s.UpdateSvc                 - sacr-cr5:10/2/2 47                                          
2019-02-05 10:43:35,232 DEBUG n.e.o.t.s.UpdateSvc                 - sacr-cr5:10/1/1 47                                          
2019-02-05 10:43:35,232 DEBUG n.e.o.t.s.UpdateSvc                 - sacr-cr5:10/2/6 47                                          
2019-02-05 10:43:35,232 DEBUG n.e.o.t.s.UpdateSvc                 - sacr-cr5:1/1/1 47                                           
2019-02-05 10:43:35,232 DEBUG n.e.o.t.s.UpdateSvc                 - sacr-cr5:3/1/1 47                                           
2019-02-05 10:43:35,232 DEBUG n.e.o.t.s.UpdateSvc                 - sacr-cr5:10/1/6 47                                          
2019-02-05 10:43:35,232 DEBUG n.e.o.t.s.UpdateSvc                 - sacr-cr5:10/1/2 47                                          
2019-02-05 10:43:35,232 DEBUG n.e.o.t.s.UpdateSvc                 - sacr-cr5:4/1/1 47                                           
2019-02-05 10:43:35,232 DEBUG n.e.o.t.s.UpdateSvc                 - sacr-cr5:10/2/3 47                                          
2019-02-05 10:43:35,232 DEBUG n.e.o.t.s.UpdateSvc                 - sacr-cr5:10/2/5 47                                          
2019-02-05 10:43:35,232 DEBUG n.e.o.t.s.UpdateSvc                 - sacr-cr5:10/1/4 47                                          
2019-02-05 10:43:35,232 DEBUG n.e.o.t.s.UpdateSvc                 - sacr-cr5:10/2/4 47                                          
2019-02-05 10:43:35,234 INFO  n.e.o.t.s.UpdateSvc                 - inserting p: ameslab-rt3:xe-1/1/0 to ameslab-rt3            
2019-02-05 10:43:35,236 DEBUG n.e.o.t.s.UpdateSvc                 - ameslab-rt3:xe-1/3/0 67                                     
2019-02-05 10:43:35,236 DEBUG n.e.o.t.s.UpdateSvc                 - ameslab-rt3:xe-1/1/0 67                                     
2019-02-05 10:43:35,238 INFO  n.e.o.t.s.UpdateSvc                 - inserting p: pnwg-cr5:3/1/1 to pnwg-cr5                     
2019-02-05 10:43:35,239 DEBUG n.e.o.t.s.UpdateSvc                 - pnwg-cr5:3/1/1 71                                           
2019-02-05 10:43:35,239 DEBUG n.e.o.t.s.UpdateSvc                 - pnwg-cr5:BLANK 71                                           
2019-02-05 10:43:35,242 INFO  n.e.o.t.s.UpdateSvc                 - inserting p: lbl-mr2:xe-7/2/0 to lbl-mr2                    
2019-02-05 10:43:35,243 DEBUG n.e.o.t.s.UpdateSvc                 - lbl-mr2:xe-8/3/0 74                                         
2019-02-05 10:43:35,243 DEBUG n.e.o.t.s.UpdateSvc                 - lbl-mr2:xe-7/2/0 74                                         
2019-02-05 10:43:35,243 DEBUG n.e.o.t.s.UpdateSvc                 - lbl-mr2:xe-0/1/0 74                                         
2019-02-05 10:43:35,243 DEBUG n.e.o.t.s.UpdateSvc                 - lbl-mr2:xe-8/1/0 74                                         
2019-02-05 10:43:35,243 DEBUG n.e.o.t.s.UpdateSvc                 - lbl-mr2:xe-7/0/0 74                                         
2019-02-05 10:43:35,243 DEBUG n.e.o.t.s.UpdateSvc                 - lbl-mr2:xe-0/2/0 74                                         
2019-02-05 10:43:35,243 DEBUG n.e.o.t.s.UpdateSvc                 - lbl-mr2:xe-1/1/0 74                                         
2019-02-05 10:43:35,246 INFO  n.e.o.t.s.UpdateSvc                 - inserting p: aofa-cr5:4/2/1 to aofa-cr5                     
2019-02-05 10:43:35,247 DEBUG n.e.o.t.s.UpdateSvc                 - aofa-cr5:10/1/2 69                                          
2019-02-05 10:43:35,247 DEBUG n.e.o.t.s.UpdateSvc                 - aofa-cr5:5/1/1 69                                           
2019-02-05 10:43:35,247 DEBUG n.e.o.t.s.UpdateSvc                 - aofa-cr5:6/2/1 69                                           
2019-02-05 10:43:35,248 DEBUG n.e.o.t.s.UpdateSvc                 - aofa-cr5:10/1/1 69                                          
2019-02-05 10:43:35,248 DEBUG n.e.o.t.s.UpdateSvc                 - aofa-cr5:10/1/9 69                                          
2019-02-05 10:43:35,248 DEBUG n.e.o.t.s.UpdateSvc                 - aofa-cr5:4/2/1 69                                           
2019-02-05 10:43:35,248 DEBUG n.e.o.t.s.UpdateSvc                 - aofa-cr5:10/1/8 69                                          
2019-02-05 10:43:35,250 INFO  n.e.o.t.s.UpdateSvc                 - inserting p: cern-513-cr5:2/1/1 to cern-513-cr5             
2019-02-05 10:43:35,251 DEBUG n.e.o.t.s.UpdateSvc                 - cern-513-cr5:2/1/1 34                                       
2019-02-05 10:43:35,251 DEBUG n.e.o.t.s.UpdateSvc                 - cern-513-cr5:1/2/1 34                                       
2019-02-05 10:43:35,251 DEBUG n.e.o.t.s.UpdateSvc                 - cern-513-cr5:1/1/1 34                                       
2019-02-05 10:43:35,254 INFO  n.e.o.t.s.UpdateSvc                 - inserting p: ameslab-rt3:xe-0/2/0 to ameslab-rt3            
2019-02-05 10:43:35,255 DEBUG n.e.o.t.s.UpdateSvc                 - ameslab-rt3:xe-1/3/0 67                                     
2019-02-05 10:43:35,255 DEBUG n.e.o.t.s.UpdateSvc                 - ameslab-rt3:xe-0/2/0 67                                     
2019-02-05 10:43:35,255 DEBUG n.e.o.t.s.UpdateSvc                 - ameslab-rt3:xe-1/1/0 67                                     
2019-02-05 10:43:35,257 INFO  n.e.o.t.s.UpdateSvc                 - inserting p: star-cr5:4/1/1 to star-cr5                     
2019-02-05 10:43:35,258 DEBUG n.e.o.t.s.UpdateSvc                 - star-cr5:5/1/1 76                                           
2019-02-05 10:43:35,258 DEBUG n.e.o.t.s.UpdateSvc                 - star-cr5:4/1/1 76                                           
2019-02-05 10:43:35,258 DEBUG n.e.o.t.s.UpdateSvc                 - star-cr5:3/1/1 76                                           
2019-02-05 10:43:35,258 DEBUG n.e.o.t.s.UpdateSvc                 - star-cr5:3/2/1 76                                           
2019-02-05 10:43:35,260 INFO  n.e.o.t.s.UpdateSvc                 - inserting p: lsvn-cr1:xe-1/2/0 to lsvn-cr1                  
2019-02-05 10:43:35,260 DEBUG n.e.o.t.s.UpdateSvc                 - lsvn-cr1:ge-1/0/0 49                                        
2019-02-05 10:43:35,260 DEBUG n.e.o.t.s.UpdateSvc                 - lsvn-cr1:ge-1/1/1 49                                        
2019-02-05 10:43:35,260 DEBUG n.e.o.t.s.UpdateSvc                 - lsvn-cr1:ge-1/0/1 49                                        
2019-02-05 10:43:35,260 DEBUG n.e.o.t.s.UpdateSvc                 - lsvn-cr1:xe-2/2/0 49                                        
2019-02-05 10:43:35,260 DEBUG n.e.o.t.s.UpdateSvc                 - lsvn-cr1:xe-1/2/0 49                                        
2019-02-05 10:43:35,260 DEBUG n.e.o.t.s.UpdateSvc                 - lsvn-cr1:xe-2/1/0 49                                        
2019-02-05 10:43:35,260 DEBUG n.e.o.t.s.UpdateSvc                 - lsvn-cr1:ge-1/1/0 49                                        
2019-02-05 10:43:35,260 DEBUG n.e.o.t.s.UpdateSvc                 - lsvn-cr1:ge-1/1/5 49                                        
2019-02-05 10:43:35,262 INFO  n.e.o.t.s.UpdateSvc                 - inserting p: newy-cr5:4/2/1 to newy-cr5                     
2019-02-05 10:43:35,263 DEBUG n.e.o.t.s.UpdateSvc                 - newy-cr5:10/1/3 59                                          
2019-02-05 10:43:35,263 DEBUG n.e.o.t.s.UpdateSvc                 - newy-cr5:3/1/1 59                                           
2019-02-05 10:43:35,263 DEBUG n.e.o.t.s.UpdateSvc                 - newy-cr5:10/1/9 59                                          
2019-02-05 10:43:35,263 DEBUG n.e.o.t.s.UpdateSvc                 - newy-cr5:4/2/1 59                                           
2019-02-05 10:43:35,263 DEBUG n.e.o.t.s.UpdateSvc                 - newy-cr5:9/1/1 59                                           
2019-02-05 10:43:35,263 DEBUG n.e.o.t.s.UpdateSvc                 - newy-cr5:9/1/4 59                                           
2019-02-05 10:43:35,263 DEBUG n.e.o.t.s.UpdateSvc                 - newy-cr5:2/1/1 59                                           
2019-02-05 10:43:35,263 DEBUG n.e.o.t.s.UpdateSvc                 - newy-cr5:4/1/1 59                                           
2019-02-05 10:43:35,263 DEBUG n.e.o.t.s.UpdateSvc                 - newy-cr5:10/1/2 59                                          
2019-02-05 10:43:35,266 INFO  n.e.o.t.s.UpdateSvc                 - inserting p: albq-cr5:1/1/1 to albq-cr5                     
2019-02-05 10:43:35,267 DEBUG n.e.o.t.s.UpdateSvc                 - albq-cr5:10/1/3 73                                          
2019-02-05 10:43:35,267 DEBUG n.e.o.t.s.UpdateSvc                 - albq-cr5:3/1/1 73                                           
2019-02-05 10:43:35,267 DEBUG n.e.o.t.s.UpdateSvc                 - albq-cr5:2/1/1 73                                           
2019-02-05 10:43:35,267 DEBUG n.e.o.t.s.UpdateSvc                 - albq-cr5:10/1/4 73                                          
2019-02-05 10:43:35,267 DEBUG n.e.o.t.s.UpdateSvc                 - albq-cr5:10/1/2 73                                          
2019-02-05 10:43:35,267 DEBUG n.e.o.t.s.UpdateSvc                 - albq-cr5:10/1/5 73                                          
2019-02-05 10:43:35,267 DEBUG n.e.o.t.s.UpdateSvc                 - albq-cr5:1/1/1 73                                           
2019-02-05 10:43:35,269 INFO  n.e.o.t.s.UpdateSvc                 - inserting p: pnwg-cr5:1/1/1 to pnwg-cr5                     
2019-02-05 10:43:35,270 DEBUG n.e.o.t.s.UpdateSvc                 - pnwg-cr5:3/1/1 71                                           
2019-02-05 10:43:35,270 DEBUG n.e.o.t.s.UpdateSvc                 - pnwg-cr5:BLANK 71                                           
2019-02-05 10:43:35,270 DEBUG n.e.o.t.s.UpdateSvc                 - pnwg-cr5:1/1/1 71                                           
2019-02-05 10:43:35,272 INFO  n.e.o.t.s.UpdateSvc                 - inserting p: kans-cr5:10/1/4 to kans-cr5                    
2019-02-05 10:43:35,273 DEBUG n.e.o.t.s.UpdateSvc                 - kans-cr5:1/1/1 38                                           
2019-02-05 10:43:35,273 DEBUG n.e.o.t.s.UpdateSvc                 - kans-cr5:10/1/4 38                                          
2019-02-05 10:43:35,275 INFO  n.e.o.t.s.UpdateSvc                 - inserting p: elpa-cr5:10/1/5 to elpa-cr5                    
2019-02-05 10:43:35,276 DEBUG n.e.o.t.s.UpdateSvc                 - elpa-cr5:10/1/5 46                                          
2019-02-05 10:43:35,278 INFO  n.e.o.t.s.UpdateSvc                 - inserting p: kans-cr5:10/1/3 to kans-cr5                    
2019-02-05 10:43:35,279 DEBUG n.e.o.t.s.UpdateSvc                 - kans-cr5:10/1/3 38                                          
2019-02-05 10:43:35,279 DEBUG n.e.o.t.s.UpdateSvc                 - kans-cr5:1/1/1 38                                           
2019-02-05 10:43:35,279 DEBUG n.e.o.t.s.UpdateSvc                 - kans-cr5:10/1/4 38                                          
2019-02-05 10:43:35,281 INFO  n.e.o.t.s.UpdateSvc                 - inserting p: pnwg-cr5:2/2/1 to pnwg-cr5                     
2019-02-05 10:43:35,282 DEBUG n.e.o.t.s.UpdateSvc                 - pnwg-cr5:2/2/1 71                                           
2019-02-05 10:43:35,282 DEBUG n.e.o.t.s.UpdateSvc                 - pnwg-cr5:3/1/1 71                                           
2019-02-05 10:43:35,282 DEBUG n.e.o.t.s.UpdateSvc                 - pnwg-cr5:BLANK 71                                           
2019-02-05 10:43:35,282 DEBUG n.e.o.t.s.UpdateSvc                 - pnwg-cr5:1/1/1 71                                           
2019-02-05 10:43:35,284 INFO  n.e.o.t.s.UpdateSvc                 - inserting p: bois-cr1:xe-0/1/0 to bois-cr1                  
2019-02-05 10:43:35,285 DEBUG n.e.o.t.s.UpdateSvc                 - bois-cr1:xe-7/3/0 39                                        
2019-02-05 10:43:35,285 DEBUG n.e.o.t.s.UpdateSvc                 - bois-cr1:xe-0/1/0 39                                        
2019-02-05 10:43:35,285 DEBUG n.e.o.t.s.UpdateSvc                 - bois-cr1:xe-7/1/0 39                                        
2019-02-05 10:43:35,285 DEBUG n.e.o.t.s.UpdateSvc                 - bois-cr1:xe-1/2/0 39                                        
2019-02-05 10:43:35,285 DEBUG n.e.o.t.s.UpdateSvc                 - bois-cr1:xe-0/0/0 39                                        
2019-02-05 10:43:35,287 INFO  n.e.o.t.s.UpdateSvc                 - inserting p: eqx-ash-cr5:BLANK to eqx-ash-cr5               
2019-02-05 10:43:35,288 DEBUG n.e.o.t.s.UpdateSvc                 - eqx-ash-cr5:1/2/1 62                                        
2019-02-05 10:43:35,288 DEBUG n.e.o.t.s.UpdateSvc                 - eqx-ash-cr5:1/1/1 62                                        
2019-02-05 10:43:35,288 DEBUG n.e.o.t.s.UpdateSvc                 - eqx-ash-cr5:BLANK 62                                        
2019-02-05 10:43:35,288 DEBUG n.e.o.t.s.UpdateSvc                 - eqx-ash-cr5:10/1/1 62                                       
2019-02-05 10:43:35,288 DEBUG n.e.o.t.s.UpdateSvc                 - eqx-ash-cr5:10/1/5 62                                       
2019-02-05 10:43:35,288 DEBUG n.e.o.t.s.UpdateSvc                 - eqx-ash-cr5:10/1/6 62                                       
2019-02-05 10:43:35,288 DEBUG n.e.o.t.s.UpdateSvc                 - eqx-ash-cr5:10/1/2 62                                       
2019-02-05 10:43:35,290 INFO  n.e.o.t.s.UpdateSvc                 - inserting p: bost-cr5:1/1/1 to bost-cr5                     
2019-02-05 10:43:35,291 DEBUG n.e.o.t.s.UpdateSvc                 - bost-cr5:1/1/1 77                                           
2019-02-05 10:43:35,291 DEBUG n.e.o.t.s.UpdateSvc                 - bost-cr5:10/1/2 77                                          
2019-02-05 10:43:35,291 DEBUG n.e.o.t.s.UpdateSvc                 - bost-cr5:10/1/6 77                                          
2019-02-05 10:43:35,291 DEBUG n.e.o.t.s.UpdateSvc                 - bost-cr5:2/1/1 77                                           
2019-02-05 10:43:35,291 DEBUG n.e.o.t.s.UpdateSvc                 - bost-cr5:10/2/3 77                                          
2019-02-05 10:43:35,291 DEBUG n.e.o.t.s.UpdateSvc                 - bost-cr5:10/1/5 77                                          
2019-02-05 10:43:35,293 INFO  n.e.o.t.s.UpdateSvc                 - inserting p: elpa-cr5:10/1/4 to elpa-cr5                    
2019-02-05 10:43:35,294 DEBUG n.e.o.t.s.UpdateSvc                 - elpa-cr5:10/1/5 46                                          
2019-02-05 10:43:35,294 DEBUG n.e.o.t.s.UpdateSvc                 - elpa-cr5:10/1/4 46                                          
2019-02-05 10:43:35,296 INFO  n.e.o.t.s.UpdateSvc                 - inserting p: eqx-sj-cr5:BLANK to eqx-sj-cr5                 
2019-02-05 10:43:35,297 DEBUG n.e.o.t.s.UpdateSvc                 - eqx-sj-cr5:1/2/1 35                                         
2019-02-05 10:43:35,297 DEBUG n.e.o.t.s.UpdateSvc                 - eqx-sj-cr5:BLANK 35                                         
2019-02-05 10:43:35,299 INFO  n.e.o.t.s.UpdateSvc                 - inserting p: elpa-cr5:10/1/3 to elpa-cr5                    
2019-02-05 10:43:35,310 DEBUG n.e.o.t.s.UpdateSvc                 - elpa-cr5:10/1/5 46                                          
2019-02-05 10:43:35,310 DEBUG n.e.o.t.s.UpdateSvc                 - elpa-cr5:10/1/4 46                                          
2019-02-05 10:43:35,310 DEBUG n.e.o.t.s.UpdateSvc                 - elpa-cr5:10/1/3 46                                          
2019-02-05 10:43:35,312 INFO  n.e.o.t.s.UpdateSvc                 - inserting p: ameslab-rt3:xe-1/0/0 to ameslab-rt3            
2019-02-05 10:43:35,312 DEBUG n.e.o.t.s.UpdateSvc                 - ameslab-rt3:xe-1/3/0 67                                     
2019-02-05 10:43:35,312 DEBUG n.e.o.t.s.UpdateSvc                 - ameslab-rt3:xe-0/2/0 67                                     
2019-02-05 10:43:35,312 DEBUG n.e.o.t.s.UpdateSvc                 - ameslab-rt3:xe-1/0/0 67                                     
2019-02-05 10:43:35,312 DEBUG n.e.o.t.s.UpdateSvc                 - ameslab-rt3:xe-1/1/0 67                                     
2019-02-05 10:43:35,314 INFO  n.e.o.t.s.UpdateSvc                 - inserting p: aofa-cr5:4/1/1 to aofa-cr5                     
2019-02-05 10:43:35,315 DEBUG n.e.o.t.s.UpdateSvc                 - aofa-cr5:10/1/2 69                                          
2019-02-05 10:43:35,316 DEBUG n.e.o.t.s.UpdateSvc                 - aofa-cr5:5/1/1 69                                           
2019-02-05 10:43:35,316 DEBUG n.e.o.t.s.UpdateSvc                 - aofa-cr5:6/2/1 69                                           
2019-02-05 10:43:35,316 DEBUG n.e.o.t.s.UpdateSvc                 - aofa-cr5:10/1/1 69                                          
2019-02-05 10:43:35,316 DEBUG n.e.o.t.s.UpdateSvc                 - aofa-cr5:10/1/9 69                                          
2019-02-05 10:43:35,316 DEBUG n.e.o.t.s.UpdateSvc                 - aofa-cr5:4/2/1 69                                           
2019-02-05 10:43:35,316 DEBUG n.e.o.t.s.UpdateSvc                 - aofa-cr5:4/1/1 69                                           
2019-02-05 10:43:35,316 DEBUG n.e.o.t.s.UpdateSvc                 - aofa-cr5:10/1/8 69                                          
2019-02-05 10:43:35,318 INFO  n.e.o.t.s.UpdateSvc                 - inserting p: anl-mr2:ae0 to anl-mr2                         
2019-02-05 10:43:35,319 DEBUG n.e.o.t.s.UpdateSvc                 - anl-mr2:xe-2/3/0 53                                         
2019-02-05 10:43:35,319 DEBUG n.e.o.t.s.UpdateSvc                 - anl-mr2:ae0 53                                              
2019-02-05 10:43:35,321 INFO  n.e.o.t.s.UpdateSvc                 - inserting p: aofa-cr5:3/1/1 to aofa-cr5                     
2019-02-05 10:43:35,322 DEBUG n.e.o.t.s.UpdateSvc                 - aofa-cr5:10/1/2 69                                          
2019-02-05 10:43:35,322 DEBUG n.e.o.t.s.UpdateSvc                 - aofa-cr5:5/1/1 69                                           
2019-02-05 10:43:35,322 DEBUG n.e.o.t.s.UpdateSvc                 - aofa-cr5:6/2/1 69                                           
2019-02-05 10:43:35,322 DEBUG n.e.o.t.s.UpdateSvc                 - aofa-cr5:3/1/1 69                                           
2019-02-05 10:43:35,322 DEBUG n.e.o.t.s.UpdateSvc                 - aofa-cr5:10/1/1 69                                          
2019-02-05 10:43:35,322 DEBUG n.e.o.t.s.UpdateSvc                 - aofa-cr5:10/1/9 69                                          
2019-02-05 10:43:35,322 DEBUG n.e.o.t.s.UpdateSvc                 - aofa-cr5:4/2/1 69                                           
2019-02-05 10:43:35,322 DEBUG n.e.o.t.s.UpdateSvc                 - aofa-cr5:4/1/1 69                                           
2019-02-05 10:43:35,322 DEBUG n.e.o.t.s.UpdateSvc                 - aofa-cr5:10/1/8 69                                          
2019-02-05 10:43:35,325 INFO  n.e.o.t.s.UpdateSvc                 - inserting p: star-cr5:4/2/1 to star-cr5                     
2019-02-05 10:43:35,326 DEBUG n.e.o.t.s.UpdateSvc                 - star-cr5:5/1/1 76                                           
2019-02-05 10:43:35,326 DEBUG n.e.o.t.s.UpdateSvc                 - star-cr5:4/1/1 76                                           
2019-02-05 10:43:35,326 DEBUG n.e.o.t.s.UpdateSvc                 - star-cr5:4/2/1 76                                           
2019-02-05 10:43:35,326 DEBUG n.e.o.t.s.UpdateSvc                 - star-cr5:3/1/1 76                                           
2019-02-05 10:43:35,326 DEBUG n.e.o.t.s.UpdateSvc                 - star-cr5:3/2/1 76                                           
2019-02-05 10:43:35,329 INFO  n.e.o.t.s.UpdateSvc                 - inserting p: osti-rt2:ae0 to osti-rt2                       
2019-02-05 10:43:35,329 DEBUG n.e.o.t.s.UpdateSvc                 - osti-rt2:ae0 70                                             
2019-02-05 10:43:35,332 INFO  n.e.o.t.s.UpdateSvc                 - inserting p: ameslab-rt3:xe-0/1/0 to ameslab-rt3            
2019-02-05 10:43:35,334 DEBUG n.e.o.t.s.UpdateSvc                 - ameslab-rt3:xe-1/3/0 67                                     
2019-02-05 10:43:35,334 DEBUG n.e.o.t.s.UpdateSvc                 - ameslab-rt3:xe-0/1/0 67                                     
2019-02-05 10:43:35,334 DEBUG n.e.o.t.s.UpdateSvc                 - ameslab-rt3:xe-0/2/0 67                                     
2019-02-05 10:43:35,334 DEBUG n.e.o.t.s.UpdateSvc                 - ameslab-rt3:xe-1/0/0 67                                     
2019-02-05 10:43:35,334 DEBUG n.e.o.t.s.UpdateSvc                 - ameslab-rt3:xe-1/1/0 67                                     
2019-02-05 10:43:35,337 INFO  n.e.o.t.s.UpdateSvc                 - inserting p: llnl-mr2:xe-2/0/0 to llnl-mr2                  
2019-02-05 10:43:35,338 DEBUG n.e.o.t.s.UpdateSvc                 - llnl-mr2:xe-2/1/0 52                                        
2019-02-05 10:43:35,338 DEBUG n.e.o.t.s.UpdateSvc                 - llnl-mr2:xe-1/3/0 52                                        
2019-02-05 10:43:35,338 DEBUG n.e.o.t.s.UpdateSvc                 - llnl-mr2:xe-3/2/0 52                                        
2019-02-05 10:43:35,338 DEBUG n.e.o.t.s.UpdateSvc                 - llnl-mr2:ge-3/0/0 52                                        
2019-02-05 10:43:35,338 DEBUG n.e.o.t.s.UpdateSvc                 - llnl-mr2:xe-2/2/0 52                                        
2019-02-05 10:43:35,338 DEBUG n.e.o.t.s.UpdateSvc                 - llnl-mr2:ge-3/0/1 52                                        
2019-02-05 10:43:35,338 DEBUG n.e.o.t.s.UpdateSvc                 - llnl-mr2:xe-2/0/0 52                                        
2019-02-05 10:43:35,340 INFO  n.e.o.t.s.UpdateSvc                 - inserting p: cern-513-cr5:BLANK to cern-513-cr5             
2019-02-05 10:43:35,342 DEBUG n.e.o.t.s.UpdateSvc                 - cern-513-cr5:2/1/1 34                                       
2019-02-05 10:43:35,342 DEBUG n.e.o.t.s.UpdateSvc                 - cern-513-cr5:BLANK 34                                       
2019-02-05 10:43:35,342 DEBUG n.e.o.t.s.UpdateSvc                 - cern-513-cr5:1/2/1 34                                       
2019-02-05 10:43:35,342 DEBUG n.e.o.t.s.UpdateSvc                 - cern-513-cr5:1/1/1 34                                       
2019-02-05 10:43:35,345 INFO  n.e.o.t.s.UpdateSvc                 - inserting p: atla-cr5:2/1/1 to atla-cr5                     
2019-02-05 10:43:35,345 DEBUG n.e.o.t.s.UpdateSvc                 - atla-cr5:10/1/2 41                                          
2019-02-05 10:43:35,346 DEBUG n.e.o.t.s.UpdateSvc                 - atla-cr5:10/1/8 41                                          
2019-02-05 10:43:35,346 DEBUG n.e.o.t.s.UpdateSvc                 - atla-cr5:2/1/1 41                                           
2019-02-05 10:43:35,346 DEBUG n.e.o.t.s.UpdateSvc                 - atla-cr5:1/1/1 41                                           
2019-02-05 10:43:35,346 DEBUG n.e.o.t.s.UpdateSvc                 - atla-cr5:3/1/1 41                                           
2019-02-05 10:43:35,346 DEBUG n.e.o.t.s.UpdateSvc                 - atla-cr5:10/1/3 41                                          
2019-02-05 10:43:35,348 INFO  n.e.o.t.s.UpdateSvc                 - inserting p: sunn-cr5:5/1/1 to sunn-cr5                     
2019-02-05 10:43:35,349 DEBUG n.e.o.t.s.UpdateSvc                 - sunn-cr5:10/2/4 50                                          
2019-02-05 10:43:35,350 DEBUG n.e.o.t.s.UpdateSvc                 - sunn-cr5:10/2/6 50                                          
2019-02-05 10:43:35,350 DEBUG n.e.o.t.s.UpdateSvc                 - sunn-cr5:10/1/6 50                                          
2019-02-05 10:43:35,350 DEBUG n.e.o.t.s.UpdateSvc                 - sunn-cr5:10/1/2 50                                          
2019-02-05 10:43:35,350 DEBUG n.e.o.t.s.UpdateSvc                 - sunn-cr5:5/1/1 50                                           
2019-02-05 10:43:35,350 DEBUG n.e.o.t.s.UpdateSvc                 - sunn-cr5:7/1/1 50                                           
2019-02-05 10:43:35,350 DEBUG n.e.o.t.s.UpdateSvc                 - sunn-cr5:10/2/1 50                                          
2019-02-05 10:43:35,350 DEBUG n.e.o.t.s.UpdateSvc                 - sunn-cr5:10/1/3 50                                          
2019-02-05 10:43:35,350 DEBUG n.e.o.t.s.UpdateSvc                 - sunn-cr5:10/2/5 50                                          
2019-02-05 10:43:35,350 DEBUG n.e.o.t.s.UpdateSvc                 - sunn-cr5:5/2/1 50                                           
2019-02-05 10:43:35,350 DEBUG n.e.o.t.s.UpdateSvc                 - sunn-cr5:8/1/1 50                                           
2019-02-05 10:43:35,350 DEBUG n.e.o.t.s.UpdateSvc                 - sunn-cr5:10/1/1 50                                          
2019-02-05 10:43:35,350 DEBUG n.e.o.t.s.UpdateSvc                 - sunn-cr5:10/1/4 50                                          
2019-02-05 10:43:35,350 DEBUG n.e.o.t.s.UpdateSvc                 - sunn-cr5:7/2/1 50                                           
2019-02-05 10:43:35,350 DEBUG n.e.o.t.s.UpdateSvc                 - sunn-cr5:10/1/5 50                                          
2019-02-05 10:43:35,350 DEBUG n.e.o.t.s.UpdateSvc                 - sunn-cr5:10/2/3 50                                          
2019-02-05 10:43:35,350 DEBUG n.e.o.t.s.UpdateSvc                 - sunn-cr5:10/2/2 50                                          
2019-02-05 10:43:35,354 INFO  n.e.o.t.s.UpdateSvc                 - inserting p: sacr-cr5:2/1/1 to sacr-cr5                     
2019-02-05 10:43:35,355 DEBUG n.e.o.t.s.UpdateSvc                 - sacr-cr5:10/2/1 47                                          
2019-02-05 10:43:35,355 DEBUG n.e.o.t.s.UpdateSvc                 - sacr-cr5:10/2/2 47                                          
2019-02-05 10:43:35,355 DEBUG n.e.o.t.s.UpdateSvc                 - sacr-cr5:10/1/1 47                                          
2019-02-05 10:43:35,355 DEBUG n.e.o.t.s.UpdateSvc                 - sacr-cr5:10/2/6 47                                          
2019-02-05 10:43:35,355 DEBUG n.e.o.t.s.UpdateSvc                 - sacr-cr5:1/1/1 47                                           
2019-02-05 10:43:35,355 DEBUG n.e.o.t.s.UpdateSvc                 - sacr-cr5:3/1/1 47                                           
2019-02-05 10:43:35,355 DEBUG n.e.o.t.s.UpdateSvc                 - sacr-cr5:10/1/6 47                                          
2019-02-05 10:43:35,355 DEBUG n.e.o.t.s.UpdateSvc                 - sacr-cr5:10/1/2 47                                          
2019-02-05 10:43:35,355 DEBUG n.e.o.t.s.UpdateSvc                 - sacr-cr5:4/1/1 47                                           
2019-02-05 10:43:35,355 DEBUG n.e.o.t.s.UpdateSvc                 - sacr-cr5:10/2/3 47                                          
2019-02-05 10:43:35,355 DEBUG n.e.o.t.s.UpdateSvc                 - sacr-cr5:10/2/5 47                                          
2019-02-05 10:43:35,355 DEBUG n.e.o.t.s.UpdateSvc                 - sacr-cr5:10/1/4 47                                          
2019-02-05 10:43:35,355 DEBUG n.e.o.t.s.UpdateSvc                 - sacr-cr5:2/1/1 47                                           
2019-02-05 10:43:35,355 DEBUG n.e.o.t.s.UpdateSvc                 - sacr-cr5:10/2/4 47                                          
2019-02-05 10:43:35,357 INFO  n.e.o.t.s.UpdateSvc                 - inserting p: denv-cr5:10/1/3 to denv-cr5                    
2019-02-05 10:43:35,359 DEBUG n.e.o.t.s.UpdateSvc                 - denv-cr5:4/1/1 75                                           
2019-02-05 10:43:35,359 DEBUG n.e.o.t.s.UpdateSvc                 - denv-cr5:4/2/1 75                                           
2019-02-05 10:43:35,359 DEBUG n.e.o.t.s.UpdateSvc                 - denv-cr5:10/1/6 75                                          
2019-02-05 10:43:35,359 DEBUG n.e.o.t.s.UpdateSvc                 - denv-cr5:10/1/7 75                                          
2019-02-05 10:43:35,359 DEBUG n.e.o.t.s.UpdateSvc                 - denv-cr5:10/1/3 75                                          
2019-02-05 10:43:35,361 INFO  n.e.o.t.s.UpdateSvc                 - inserting p: denv-cr5:10/1/4 to denv-cr5                    
2019-02-05 10:43:35,362 DEBUG n.e.o.t.s.UpdateSvc                 - denv-cr5:10/1/4 75                                          
2019-02-05 10:43:35,362 DEBUG n.e.o.t.s.UpdateSvc                 - denv-cr5:4/1/1 75                                           
2019-02-05 10:43:35,362 DEBUG n.e.o.t.s.UpdateSvc                 - denv-cr5:4/2/1 75                                           
2019-02-05 10:43:35,362 DEBUG n.e.o.t.s.UpdateSvc                 - denv-cr5:10/1/6 75                                          
2019-02-05 10:43:35,362 DEBUG n.e.o.t.s.UpdateSvc                 - denv-cr5:10/1/7 75                                          
2019-02-05 10:43:35,362 DEBUG n.e.o.t.s.UpdateSvc                 - denv-cr5:10/1/3 75                                          
2019-02-05 10:43:35,364 INFO  n.e.o.t.s.UpdateSvc                 - inserting p: denv-cr5:10/1/5 to denv-cr5                    
2019-02-05 10:43:35,365 DEBUG n.e.o.t.s.UpdateSvc                 - denv-cr5:10/1/4 75                                          
2019-02-05 10:43:35,365 DEBUG n.e.o.t.s.UpdateSvc                 - denv-cr5:4/1/1 75                                           
2019-02-05 10:43:35,365 DEBUG n.e.o.t.s.UpdateSvc                 - denv-cr5:10/1/5 75                                          
2019-02-05 10:43:35,365 DEBUG n.e.o.t.s.UpdateSvc                 - denv-cr5:4/2/1 75                                           
2019-02-05 10:43:35,365 DEBUG n.e.o.t.s.UpdateSvc                 - denv-cr5:10/1/6 75                                          
2019-02-05 10:43:35,365 DEBUG n.e.o.t.s.UpdateSvc                 - denv-cr5:10/1/7 75                                          
2019-02-05 10:43:35,365 DEBUG n.e.o.t.s.UpdateSvc                 - denv-cr5:10/1/3 75                                          
2019-02-05 10:43:35,367 INFO  n.e.o.t.s.UpdateSvc                 - inserting p: eqx-ash-cr5:10/2/5 to eqx-ash-cr5              
2019-02-05 10:43:35,369 DEBUG n.e.o.t.s.UpdateSvc                 - eqx-ash-cr5:1/2/1 62                                        
2019-02-05 10:43:35,369 DEBUG n.e.o.t.s.UpdateSvc                 - eqx-ash-cr5:1/1/1 62                                        
2019-02-05 10:43:35,369 DEBUG n.e.o.t.s.UpdateSvc                 - eqx-ash-cr5:BLANK 62                                        
2019-02-05 10:43:35,369 DEBUG n.e.o.t.s.UpdateSvc                 - eqx-ash-cr5:10/2/5 62                                       
2019-02-05 10:43:35,369 DEBUG n.e.o.t.s.UpdateSvc                 - eqx-ash-cr5:10/1/1 62                                       
2019-02-05 10:43:35,369 DEBUG n.e.o.t.s.UpdateSvc                 - eqx-ash-cr5:10/1/5 62                                       
2019-02-05 10:43:35,369 DEBUG n.e.o.t.s.UpdateSvc                 - eqx-ash-cr5:10/1/6 62                                       
2019-02-05 10:43:35,369 DEBUG n.e.o.t.s.UpdateSvc                 - eqx-ash-cr5:10/1/2 62                                       
2019-02-05 10:43:35,371 INFO  n.e.o.t.s.UpdateSvc                 - inserting p: eqx-ash-cr5:10/2/6 to eqx-ash-cr5              
2019-02-05 10:43:35,372 DEBUG n.e.o.t.s.UpdateSvc                 - eqx-ash-cr5:1/2/1 62                                        
2019-02-05 10:43:35,373 DEBUG n.e.o.t.s.UpdateSvc                 - eqx-ash-cr5:1/1/1 62                                        
2019-02-05 10:43:35,373 DEBUG n.e.o.t.s.UpdateSvc                 - eqx-ash-cr5:BLANK 62                                        
2019-02-05 10:43:35,373 DEBUG n.e.o.t.s.UpdateSvc                 - eqx-ash-cr5:10/2/5 62                                       
2019-02-05 10:43:35,373 DEBUG n.e.o.t.s.UpdateSvc                 - eqx-ash-cr5:10/1/1 62                                       
2019-02-05 10:43:35,373 DEBUG n.e.o.t.s.UpdateSvc                 - eqx-ash-cr5:10/1/5 62                                       
2019-02-05 10:43:35,373 DEBUG n.e.o.t.s.UpdateSvc                 - eqx-ash-cr5:10/1/6 62                                       
2019-02-05 10:43:35,373 DEBUG n.e.o.t.s.UpdateSvc                 - eqx-ash-cr5:10/1/2 62                                       
2019-02-05 10:43:35,373 DEBUG n.e.o.t.s.UpdateSvc                 - eqx-ash-cr5:10/2/6 62                                       
2019-02-05 10:43:35,375 INFO  n.e.o.t.s.UpdateSvc                 - inserting p: bois-cr1:xe-0/2/0 to bois-cr1                  
2019-02-05 10:43:35,376 DEBUG n.e.o.t.s.UpdateSvc                 - bois-cr1:xe-7/3/0 39                                        
2019-02-05 10:43:35,376 DEBUG n.e.o.t.s.UpdateSvc                 - bois-cr1:xe-0/1/0 39                                        
2019-02-05 10:43:35,376 DEBUG n.e.o.t.s.UpdateSvc                 - bois-cr1:xe-7/1/0 39                                        
2019-02-05 10:43:35,376 DEBUG n.e.o.t.s.UpdateSvc                 - bois-cr1:xe-1/2/0 39                                        
2019-02-05 10:43:35,376 DEBUG n.e.o.t.s.UpdateSvc                 - bois-cr1:xe-0/2/0 39                                        
2019-02-05 10:43:35,376 DEBUG n.e.o.t.s.UpdateSvc                 - bois-cr1:xe-0/0/0 39                                        
2019-02-05 10:43:35,378 INFO  n.e.o.t.s.UpdateSvc                 - inserting p: pnwg-cr5:2/1/1 to pnwg-cr5                     
2019-02-05 10:43:35,379 DEBUG n.e.o.t.s.UpdateSvc                 - pnwg-cr5:2/2/1 71                                           
2019-02-05 10:43:35,379 DEBUG n.e.o.t.s.UpdateSvc                 - pnwg-cr5:3/1/1 71                                           
2019-02-05 10:43:35,379 DEBUG n.e.o.t.s.UpdateSvc                 - pnwg-cr5:2/1/1 71                                           
2019-02-05 10:43:35,379 DEBUG n.e.o.t.s.UpdateSvc                 - pnwg-cr5:BLANK 71                                           
2019-02-05 10:43:35,379 DEBUG n.e.o.t.s.UpdateSvc                 - pnwg-cr5:1/1/1 71                                           
2019-02-05 10:43:35,381 INFO  n.e.o.t.s.UpdateSvc                 - inserting p: eqx-ash-cr5:10/2/2 to eqx-ash-cr5              
2019-02-05 10:43:35,382 DEBUG n.e.o.t.s.UpdateSvc                 - eqx-ash-cr5:1/2/1 62                                        
2019-02-05 10:43:35,382 DEBUG n.e.o.t.s.UpdateSvc                 - eqx-ash-cr5:1/1/1 62                                        
2019-02-05 10:43:35,382 DEBUG n.e.o.t.s.UpdateSvc                 - eqx-ash-cr5:BLANK 62                                        
2019-02-05 10:43:35,382 DEBUG n.e.o.t.s.UpdateSvc                 - eqx-ash-cr5:10/2/5 62                                       
2019-02-05 10:43:35,382 DEBUG n.e.o.t.s.UpdateSvc                 - eqx-ash-cr5:10/1/1 62                                       
2019-02-05 10:43:35,382 DEBUG n.e.o.t.s.UpdateSvc                 - eqx-ash-cr5:10/2/2 62                                       
2019-02-05 10:43:35,382 DEBUG n.e.o.t.s.UpdateSvc                 - eqx-ash-cr5:10/1/5 62                                       
2019-02-05 10:43:35,382 DEBUG n.e.o.t.s.UpdateSvc                 - eqx-ash-cr5:10/1/6 62                                       
2019-02-05 10:43:35,382 DEBUG n.e.o.t.s.UpdateSvc                 - eqx-ash-cr5:10/1/2 62                                       
2019-02-05 10:43:35,382 DEBUG n.e.o.t.s.UpdateSvc                 - eqx-ash-cr5:10/2/6 62                                       
2019-02-05 10:43:35,384 INFO  n.e.o.t.s.UpdateSvc                 - inserting p: eqx-ash-cr5:2/1/1 to eqx-ash-cr5               
2019-02-05 10:43:35,384 DEBUG n.e.o.t.s.UpdateSvc                 - eqx-ash-cr5:1/2/1 62                                        
2019-02-05 10:43:35,384 DEBUG n.e.o.t.s.UpdateSvc                 - eqx-ash-cr5:1/1/1 62                                        
2019-02-05 10:43:35,385 DEBUG n.e.o.t.s.UpdateSvc                 - eqx-ash-cr5:BLANK 62                                        
2019-02-05 10:43:35,385 DEBUG n.e.o.t.s.UpdateSvc                 - eqx-ash-cr5:10/2/5 62                                       
2019-02-05 10:43:35,385 DEBUG n.e.o.t.s.UpdateSvc                 - eqx-ash-cr5:10/1/1 62                                       
2019-02-05 10:43:35,385 DEBUG n.e.o.t.s.UpdateSvc                 - eqx-ash-cr5:10/2/2 62                                       
2019-02-05 10:43:35,385 DEBUG n.e.o.t.s.UpdateSvc                 - eqx-ash-cr5:10/1/5 62                                       
2019-02-05 10:43:35,385 DEBUG n.e.o.t.s.UpdateSvc                 - eqx-ash-cr5:10/1/6 62                                       
2019-02-05 10:43:35,385 DEBUG n.e.o.t.s.UpdateSvc                 - eqx-ash-cr5:10/1/2 62                                       
2019-02-05 10:43:35,385 DEBUG n.e.o.t.s.UpdateSvc                 - eqx-ash-cr5:10/2/6 62                                       
2019-02-05 10:43:35,385 DEBUG n.e.o.t.s.UpdateSvc                 - eqx-ash-cr5:2/1/1 62                                        
2019-02-05 10:43:35,386 INFO  n.e.o.t.s.UpdateSvc                 - inserting p: ornl-cr5:10/1/1 to ornl-cr5                    
2019-02-05 10:43:35,387 DEBUG n.e.o.t.s.UpdateSvc                 - ornl-cr5:10/1/1 64                                          
2019-02-05 10:43:35,389 INFO  n.e.o.t.s.UpdateSvc                 - inserting p: llnldc-rt4:ge-1/0/0 to llnldc-rt4              
2019-02-05 10:43:35,389 DEBUG n.e.o.t.s.UpdateSvc                 - llnldc-rt4:ge-1/0/0 54                                      
2019-02-05 10:43:35,391 INFO  n.e.o.t.s.UpdateSvc                 - inserting p: ornl-cr5:10/1/2 to ornl-cr5                    
2019-02-05 10:43:35,392 DEBUG n.e.o.t.s.UpdateSvc                 - ornl-cr5:10/1/1 64                                          
2019-02-05 10:43:35,392 DEBUG n.e.o.t.s.UpdateSvc                 - ornl-cr5:10/1/2 64                                          
2019-02-05 10:43:35,393 INFO  n.e.o.t.s.UpdateSvc                 - inserting p: bois-cr1:xe-1/0/0 to bois-cr1                  
2019-02-05 10:43:35,394 DEBUG n.e.o.t.s.UpdateSvc                 - bois-cr1:xe-1/0/0 39                                        
2019-02-05 10:43:35,394 DEBUG n.e.o.t.s.UpdateSvc                 - bois-cr1:xe-7/3/0 39                                        
2019-02-05 10:43:35,394 DEBUG n.e.o.t.s.UpdateSvc                 - bois-cr1:xe-0/1/0 39                                        
2019-02-05 10:43:35,394 DEBUG n.e.o.t.s.UpdateSvc                 - bois-cr1:xe-7/1/0 39                                        
2019-02-05 10:43:35,394 DEBUG n.e.o.t.s.UpdateSvc                 - bois-cr1:xe-1/2/0 39                                        
2019-02-05 10:43:35,394 DEBUG n.e.o.t.s.UpdateSvc                 - bois-cr1:xe-0/2/0 39                                        
2019-02-05 10:43:35,394 DEBUG n.e.o.t.s.UpdateSvc                 - bois-cr1:xe-0/0/0 39                                        
2019-02-05 10:43:35,406 INFO  n.e.o.t.s.UpdateSvc                 - inserting p: ornl-cr5:10/1/3 to ornl-cr5                    
2019-02-05 10:43:35,407 DEBUG n.e.o.t.s.UpdateSvc                 - ornl-cr5:10/1/1 64                                          
2019-02-05 10:43:35,407 DEBUG n.e.o.t.s.UpdateSvc                 - ornl-cr5:10/1/3 64                                          
2019-02-05 10:43:35,407 DEBUG n.e.o.t.s.UpdateSvc                 - ornl-cr5:10/1/2 64                                          
2019-02-05 10:43:35,409 INFO  n.e.o.t.s.UpdateSvc                 - inserting p: lsvn-cr1:xe-2/0/0 to lsvn-cr1                  
2019-02-05 10:43:35,410 DEBUG n.e.o.t.s.UpdateSvc                 - lsvn-cr1:ge-1/0/0 49                                        
2019-02-05 10:43:35,410 DEBUG n.e.o.t.s.UpdateSvc                 - lsvn-cr1:ge-1/1/1 49                                        
2019-02-05 10:43:35,410 DEBUG n.e.o.t.s.UpdateSvc                 - lsvn-cr1:ge-1/0/1 49                                        
2019-02-05 10:43:35,410 DEBUG n.e.o.t.s.UpdateSvc                 - lsvn-cr1:xe-2/0/0 49                                        
2019-02-05 10:43:35,411 DEBUG n.e.o.t.s.UpdateSvc                 - lsvn-cr1:xe-2/2/0 49                                        
2019-02-05 10:43:35,411 DEBUG n.e.o.t.s.UpdateSvc                 - lsvn-cr1:xe-1/2/0 49                                        
2019-02-05 10:43:35,411 DEBUG n.e.o.t.s.UpdateSvc                 - lsvn-cr1:xe-2/1/0 49                                        
2019-02-05 10:43:35,411 DEBUG n.e.o.t.s.UpdateSvc                 - lsvn-cr1:ge-1/1/0 49                                        
2019-02-05 10:43:35,411 DEBUG n.e.o.t.s.UpdateSvc                 - lsvn-cr1:ge-1/1/5 49                                        
2019-02-05 10:43:35,412 INFO  n.e.o.t.s.UpdateSvc                 - inserting p: aofa-cr5:9/1/5 to aofa-cr5                     
2019-02-05 10:43:35,414 DEBUG n.e.o.t.s.UpdateSvc                 - aofa-cr5:10/1/2 69                                          
2019-02-05 10:43:35,414 DEBUG n.e.o.t.s.UpdateSvc                 - aofa-cr5:5/1/1 69                                           
2019-02-05 10:43:35,414 DEBUG n.e.o.t.s.UpdateSvc                 - aofa-cr5:6/2/1 69                                           
2019-02-05 10:43:35,414 DEBUG n.e.o.t.s.UpdateSvc                 - aofa-cr5:9/1/5 69                                           
2019-02-05 10:43:35,414 DEBUG n.e.o.t.s.UpdateSvc                 - aofa-cr5:3/1/1 69                                           
2019-02-05 10:43:35,414 DEBUG n.e.o.t.s.UpdateSvc                 - aofa-cr5:10/1/1 69                                          
2019-02-05 10:43:35,414 DEBUG n.e.o.t.s.UpdateSvc                 - aofa-cr5:10/1/9 69                                          
2019-02-05 10:43:35,414 DEBUG n.e.o.t.s.UpdateSvc                 - aofa-cr5:4/2/1 69                                           
2019-02-05 10:43:35,414 DEBUG n.e.o.t.s.UpdateSvc                 - aofa-cr5:4/1/1 69                                           
2019-02-05 10:43:35,414 DEBUG n.e.o.t.s.UpdateSvc                 - aofa-cr5:10/1/8 69                                          
2019-02-05 10:43:35,416 INFO  n.e.o.t.s.UpdateSvc                 - inserting p: pnwg-cr5:9/1/2 to pnwg-cr5                     
2019-02-05 10:43:35,417 DEBUG n.e.o.t.s.UpdateSvc                 - pnwg-cr5:9/1/2 71                                           
2019-02-05 10:43:35,417 DEBUG n.e.o.t.s.UpdateSvc                 - pnwg-cr5:2/2/1 71                                           
2019-02-05 10:43:35,417 DEBUG n.e.o.t.s.UpdateSvc                 - pnwg-cr5:3/1/1 71                                           
2019-02-05 10:43:35,418 DEBUG n.e.o.t.s.UpdateSvc                 - pnwg-cr5:2/1/1 71                                           
2019-02-05 10:43:35,418 DEBUG n.e.o.t.s.UpdateSvc                 - pnwg-cr5:BLANK 71                                           
2019-02-05 10:43:35,418 DEBUG n.e.o.t.s.UpdateSvc                 - pnwg-cr5:1/1/1 71                                           
2019-02-05 10:43:35,420 INFO  n.e.o.t.s.UpdateSvc                 - inserting p: wash-cr5:4/2/1 to wash-cr5                     
2019-02-05 10:43:35,421 DEBUG n.e.o.t.s.UpdateSvc                 - wash-cr5:10/1/5 36                                          
2019-02-05 10:43:35,421 DEBUG n.e.o.t.s.UpdateSvc                 - wash-cr5:6/1/1 36                                           
2019-02-05 10:43:35,421 DEBUG n.e.o.t.s.UpdateSvc                 - wash-cr5:10/1/3 36                                          
2019-02-05 10:43:35,421 DEBUG n.e.o.t.s.UpdateSvc                 - wash-cr5:10/1/9 36                                          
2019-02-05 10:43:35,421 DEBUG n.e.o.t.s.UpdateSvc                 - wash-cr5:10/1/10 36                                         
2019-02-05 10:43:35,421 DEBUG n.e.o.t.s.UpdateSvc                 - wash-cr5:10/1/4 36                                          
2019-02-05 10:43:35,421 DEBUG n.e.o.t.s.UpdateSvc                 - wash-cr5:1/1/1 36                                           
2019-02-05 10:43:35,421 DEBUG n.e.o.t.s.UpdateSvc                 - wash-cr5:4/2/1 36                                           
2019-02-05 10:43:35,424 INFO  n.e.o.t.s.UpdateSvc                 - inserting p: ameslab-rt3:xe-0/0/0 to ameslab-rt3            
2019-02-05 10:43:35,425 DEBUG n.e.o.t.s.UpdateSvc                 - ameslab-rt3:xe-0/0/0 67                                     
2019-02-05 10:43:35,425 DEBUG n.e.o.t.s.UpdateSvc                 - ameslab-rt3:xe-1/3/0 67                                     
2019-02-05 10:43:35,425 DEBUG n.e.o.t.s.UpdateSvc                 - ameslab-rt3:xe-0/1/0 67                                     
2019-02-05 10:43:35,425 DEBUG n.e.o.t.s.UpdateSvc                 - ameslab-rt3:xe-0/2/0 67                                     
2019-02-05 10:43:35,425 DEBUG n.e.o.t.s.UpdateSvc                 - ameslab-rt3:xe-1/0/0 67                                     
2019-02-05 10:43:35,425 DEBUG n.e.o.t.s.UpdateSvc                 - ameslab-rt3:xe-1/1/0 67                                     
2019-02-05 10:43:35,428 INFO  n.e.o.t.s.UpdateSvc                 - inserting p: snll-mr2:xe-2/2/0 to snll-mr2                  
2019-02-05 10:43:35,429 DEBUG n.e.o.t.s.UpdateSvc                 - snll-mr2:xe-2/2/0 40                                        
2019-02-05 10:43:35,431 INFO  n.e.o.t.s.UpdateSvc                 - inserting p: aofa-cr5:9/1/1 to aofa-cr5                     
2019-02-05 10:43:35,432 DEBUG n.e.o.t.s.UpdateSvc                 - aofa-cr5:10/1/2 69                                          
2019-02-05 10:43:35,432 DEBUG n.e.o.t.s.UpdateSvc                 - aofa-cr5:5/1/1 69                                           
2019-02-05 10:43:35,432 DEBUG n.e.o.t.s.UpdateSvc                 - aofa-cr5:6/2/1 69                                           
2019-02-05 10:43:35,432 DEBUG n.e.o.t.s.UpdateSvc                 - aofa-cr5:9/1/5 69                                           
2019-02-05 10:43:35,432 DEBUG n.e.o.t.s.UpdateSvc                 - aofa-cr5:3/1/1 69                                           
2019-02-05 10:43:35,432 DEBUG n.e.o.t.s.UpdateSvc                 - aofa-cr5:10/1/1 69                                          
2019-02-05 10:43:35,432 DEBUG n.e.o.t.s.UpdateSvc                 - aofa-cr5:10/1/9 69                                          
2019-02-05 10:43:35,432 DEBUG n.e.o.t.s.UpdateSvc                 - aofa-cr5:4/2/1 69                                           
2019-02-05 10:43:35,432 DEBUG n.e.o.t.s.UpdateSvc                 - aofa-cr5:4/1/1 69                                           
2019-02-05 10:43:35,433 DEBUG n.e.o.t.s.UpdateSvc                 - aofa-cr5:9/1/1 69                                           
2019-02-05 10:43:35,433 DEBUG n.e.o.t.s.UpdateSvc                 - aofa-cr5:10/1/8 69                                          
2019-02-05 10:43:35,435 INFO  n.e.o.t.s.UpdateSvc                 - inserting p: anl-mr2:xe-0/1/0 to anl-mr2                    
2019-02-05 10:43:35,436 DEBUG n.e.o.t.s.UpdateSvc                 - anl-mr2:xe-2/3/0 53                                         
2019-02-05 10:43:35,436 DEBUG n.e.o.t.s.UpdateSvc                 - anl-mr2:ae0 53                                              
2019-02-05 10:43:35,436 DEBUG n.e.o.t.s.UpdateSvc                 - anl-mr2:xe-0/1/0 53                                         
2019-02-05 10:43:35,439 INFO  n.e.o.t.s.UpdateSvc                 - inserting p: chic-cr5:10/1/3 to chic-cr5                    
2019-02-05 10:43:35,441 DEBUG n.e.o.t.s.UpdateSvc                 - chic-cr5:7/2/1 55                                           
2019-02-05 10:43:35,441 DEBUG n.e.o.t.s.UpdateSvc                 - chic-cr5:7/1/1 55                                           
2019-02-05 10:43:35,441 DEBUG n.e.o.t.s.UpdateSvc                 - chic-cr5:6/1/1 55                                           
2019-02-05 10:43:35,441 DEBUG n.e.o.t.s.UpdateSvc                 - chic-cr5:10/1/3 55                                          
2019-02-05 10:43:35,441 DEBUG n.e.o.t.s.UpdateSvc                 - chic-cr5:8/1/1 55                                           
2019-02-05 10:43:35,441 DEBUG n.e.o.t.s.UpdateSvc                 - chic-cr5:6/2/1 55                                           
2019-02-05 10:43:35,441 DEBUG n.e.o.t.s.UpdateSvc                 - chic-cr5:BLANK 55                                           
2019-02-05 10:43:35,441 DEBUG n.e.o.t.s.UpdateSvc                 - chic-cr5:1/1/1 55                                           
2019-02-05 10:43:35,443 INFO  n.e.o.t.s.UpdateSvc                 - inserting p: doe-gtn-rt2:ge-0/0/0 to doe-gtn-rt2            
2019-02-05 10:43:35,444 DEBUG n.e.o.t.s.UpdateSvc                 - doe-gtn-rt2:ge-0/0/0 33                                     
2019-02-05 10:43:35,446 INFO  n.e.o.t.s.UpdateSvc                 - inserting p: ornl-cr5:6/1/1 to ornl-cr5                     
2019-02-05 10:43:35,447 DEBUG n.e.o.t.s.UpdateSvc                 - ornl-cr5:10/1/1 64                                          
2019-02-05 10:43:35,447 DEBUG n.e.o.t.s.UpdateSvc                 - ornl-cr5:10/1/3 64                                          
2019-02-05 10:43:35,447 DEBUG n.e.o.t.s.UpdateSvc                 - ornl-cr5:6/1/1 64                                           
2019-02-05 10:43:35,447 DEBUG n.e.o.t.s.UpdateSvc                 - ornl-cr5:10/1/2 64                                          
2019-02-05 10:43:35,450 INFO  n.e.o.t.s.UpdateSvc                 - inserting p: chic-cr5:10/1/1 to chic-cr5                    
2019-02-05 10:43:35,451 DEBUG n.e.o.t.s.UpdateSvc                 - chic-cr5:7/2/1 55                                           
2019-02-05 10:43:35,451 DEBUG n.e.o.t.s.UpdateSvc                 - chic-cr5:7/1/1 55                                           
2019-02-05 10:43:35,451 DEBUG n.e.o.t.s.UpdateSvc                 - chic-cr5:6/1/1 55                                           
2019-02-05 10:43:35,451 DEBUG n.e.o.t.s.UpdateSvc                 - chic-cr5:10/1/3 55                                          
2019-02-05 10:43:35,451 DEBUG n.e.o.t.s.UpdateSvc                 - chic-cr5:10/1/1 55                                          
2019-02-05 10:43:35,451 DEBUG n.e.o.t.s.UpdateSvc                 - chic-cr5:8/1/1 55                                           
2019-02-05 10:43:35,451 DEBUG n.e.o.t.s.UpdateSvc                 - chic-cr5:6/2/1 55                                           
2019-02-05 10:43:35,451 DEBUG n.e.o.t.s.UpdateSvc                 - chic-cr5:BLANK 55                                           
2019-02-05 10:43:35,452 DEBUG n.e.o.t.s.UpdateSvc                 - chic-cr5:1/1/1 55                                           
2019-02-05 10:43:35,454 INFO  n.e.o.t.s.UpdateSvc                 - inserting p: doe-gtn-rt2:ge-0/0/3 to doe-gtn-rt2            
2019-02-05 10:43:35,455 DEBUG n.e.o.t.s.UpdateSvc                 - doe-gtn-rt2:ge-0/0/0 33                                     
2019-02-05 10:43:35,455 DEBUG n.e.o.t.s.UpdateSvc                 - doe-gtn-rt2:ge-0/0/3 33                                     
2019-02-05 10:43:35,458 INFO  n.e.o.t.s.UpdateSvc                 - inserting p: chic-cr5:10/1/7 to chic-cr5                    
2019-02-05 10:43:35,458 DEBUG n.e.o.t.s.UpdateSvc                 - chic-cr5:7/2/1 55                                           
2019-02-05 10:43:35,458 DEBUG n.e.o.t.s.UpdateSvc                 - chic-cr5:7/1/1 55                                           
2019-02-05 10:43:35,459 DEBUG n.e.o.t.s.UpdateSvc                 - chic-cr5:6/1/1 55                                           
2019-02-05 10:43:35,459 DEBUG n.e.o.t.s.UpdateSvc                 - chic-cr5:10/1/3 55                                          
2019-02-05 10:43:35,459 DEBUG n.e.o.t.s.UpdateSvc                 - chic-cr5:10/1/1 55                                          
2019-02-05 10:43:35,459 DEBUG n.e.o.t.s.UpdateSvc                 - chic-cr5:8/1/1 55                                           
2019-02-05 10:43:35,459 DEBUG n.e.o.t.s.UpdateSvc                 - chic-cr5:6/2/1 55                                           
2019-02-05 10:43:35,459 DEBUG n.e.o.t.s.UpdateSvc                 - chic-cr5:10/1/7 55                                          
2019-02-05 10:43:35,459 DEBUG n.e.o.t.s.UpdateSvc                 - chic-cr5:BLANK 55                                           
2019-02-05 10:43:35,459 DEBUG n.e.o.t.s.UpdateSvc                 - chic-cr5:1/1/1 55                                           
2019-02-05 10:43:35,461 INFO  n.e.o.t.s.UpdateSvc                 - inserting p: pantex-rt4:ge-0/1/0 to pantex-rt4              
2019-02-05 10:43:35,461 DEBUG n.e.o.t.s.UpdateSvc                 - pantex-rt4:ge-0/1/0 66                                      
2019-02-05 10:43:35,463 INFO  n.e.o.t.s.UpdateSvc                 - inserting p: chic-cr5:10/1/5 to chic-cr5                    
2019-02-05 10:43:35,463 DEBUG n.e.o.t.s.UpdateSvc                 - chic-cr5:7/2/1 55                                           
2019-02-05 10:43:35,463 DEBUG n.e.o.t.s.UpdateSvc                 - chic-cr5:10/1/5 55                                          
2019-02-05 10:43:35,463 DEBUG n.e.o.t.s.UpdateSvc                 - chic-cr5:7/1/1 55                                           
2019-02-05 10:43:35,463 DEBUG n.e.o.t.s.UpdateSvc                 - chic-cr5:6/1/1 55                                           
2019-02-05 10:43:35,463 DEBUG n.e.o.t.s.UpdateSvc                 - chic-cr5:10/1/3 55                                          
2019-02-05 10:43:35,463 DEBUG n.e.o.t.s.UpdateSvc                 - chic-cr5:10/1/1 55                                          
2019-02-05 10:43:35,463 DEBUG n.e.o.t.s.UpdateSvc                 - chic-cr5:8/1/1 55                                           
2019-02-05 10:43:35,463 DEBUG n.e.o.t.s.UpdateSvc                 - chic-cr5:6/2/1 55                                           
2019-02-05 10:43:35,463 DEBUG n.e.o.t.s.UpdateSvc                 - chic-cr5:10/1/7 55                                          
2019-02-05 10:43:35,463 DEBUG n.e.o.t.s.UpdateSvc                 - chic-cr5:BLANK 55                                           
2019-02-05 10:43:35,463 DEBUG n.e.o.t.s.UpdateSvc                 - chic-cr5:1/1/1 55                                           
2019-02-05 10:43:35,465 INFO  n.e.o.t.s.UpdateSvc                 - inserting p: chic-cr5:10/1/4 to chic-cr5                    
2019-02-05 10:43:35,466 DEBUG n.e.o.t.s.UpdateSvc                 - chic-cr5:7/2/1 55                                           
2019-02-05 10:43:35,466 DEBUG n.e.o.t.s.UpdateSvc                 - chic-cr5:10/1/5 55                                          
2019-02-05 10:43:35,466 DEBUG n.e.o.t.s.UpdateSvc                 - chic-cr5:7/1/1 55                                           
2019-02-05 10:43:35,466 DEBUG n.e.o.t.s.UpdateSvc                 - chic-cr5:6/1/1 55                                           
2019-02-05 10:43:35,466 DEBUG n.e.o.t.s.UpdateSvc                 - chic-cr5:10/1/4 55                                          
2019-02-05 10:43:35,466 DEBUG n.e.o.t.s.UpdateSvc                 - chic-cr5:10/1/3 55                                          
2019-02-05 10:43:35,466 DEBUG n.e.o.t.s.UpdateSvc                 - chic-cr5:10/1/1 55                                          
2019-02-05 10:43:35,466 DEBUG n.e.o.t.s.UpdateSvc                 - chic-cr5:8/1/1 55                                           
2019-02-05 10:43:35,466 DEBUG n.e.o.t.s.UpdateSvc                 - chic-cr5:6/2/1 55                                           
2019-02-05 10:43:35,466 DEBUG n.e.o.t.s.UpdateSvc                 - chic-cr5:10/1/7 55                                          
2019-02-05 10:43:35,466 DEBUG n.e.o.t.s.UpdateSvc                 - chic-cr5:BLANK 55                                           
2019-02-05 10:43:35,466 DEBUG n.e.o.t.s.UpdateSvc                 - chic-cr5:1/1/1 55                                           
2019-02-05 10:43:35,467 INFO  n.e.o.t.s.UpdateSvc                 - inserting p: llnl-mr2:xe-0/1/0 to llnl-mr2                  
2019-02-05 10:43:35,468 DEBUG n.e.o.t.s.UpdateSvc                 - llnl-mr2:xe-0/1/0 52                                        
2019-02-05 10:43:35,468 DEBUG n.e.o.t.s.UpdateSvc                 - llnl-mr2:xe-2/1/0 52                                        
2019-02-05 10:43:35,468 DEBUG n.e.o.t.s.UpdateSvc                 - llnl-mr2:xe-1/3/0 52                                        
2019-02-05 10:43:35,468 DEBUG n.e.o.t.s.UpdateSvc                 - llnl-mr2:xe-3/2/0 52                                        
2019-02-05 10:43:35,468 DEBUG n.e.o.t.s.UpdateSvc                 - llnl-mr2:ge-3/0/0 52                                        
2019-02-05 10:43:35,468 DEBUG n.e.o.t.s.UpdateSvc                 - llnl-mr2:xe-2/2/0 52                                        
2019-02-05 10:43:35,468 DEBUG n.e.o.t.s.UpdateSvc                 - llnl-mr2:ge-3/0/1 52                                        
2019-02-05 10:43:35,468 DEBUG n.e.o.t.s.UpdateSvc                 - llnl-mr2:xe-2/0/0 52                                        
2019-02-05 10:43:35,470 INFO  n.e.o.t.s.UpdateSvc                 - inserting p: cern-773-cr5:1/1/1 to cern-773-cr5             
2019-02-05 10:43:35,470 DEBUG n.e.o.t.s.UpdateSvc                 - cern-773-cr5:10/1/2 44                                      
2019-02-05 10:43:35,470 DEBUG n.e.o.t.s.UpdateSvc                 - cern-773-cr5:10/1/3 44                                      
2019-02-05 10:43:35,470 DEBUG n.e.o.t.s.UpdateSvc                 - cern-773-cr5:10/1/1 44                                      
2019-02-05 10:43:35,470 DEBUG n.e.o.t.s.UpdateSvc                 - cern-773-cr5:BLANK 44                                       
2019-02-05 10:43:35,470 DEBUG n.e.o.t.s.UpdateSvc                 - cern-773-cr5:1/1/1 44                                       
2019-02-05 10:43:35,472 INFO  n.e.o.t.s.UpdateSvc                 - inserting p: cern-513-cr5:5/1/1 to cern-513-cr5             
2019-02-05 10:43:35,472 DEBUG n.e.o.t.s.UpdateSvc                 - cern-513-cr5:2/1/1 34                                       
2019-02-05 10:43:35,472 DEBUG n.e.o.t.s.UpdateSvc                 - cern-513-cr5:BLANK 34                                       
2019-02-05 10:43:35,472 DEBUG n.e.o.t.s.UpdateSvc                 - cern-513-cr5:1/2/1 34                                       
2019-02-05 10:43:35,472 DEBUG n.e.o.t.s.UpdateSvc                 - cern-513-cr5:5/1/1 34                                       
2019-02-05 10:43:35,472 DEBUG n.e.o.t.s.UpdateSvc                 - cern-513-cr5:1/1/1 34                                       
2019-02-05 10:43:35,474 INFO  n.e.o.t.s.UpdateSvc                 - inserting p: nash-cr5:1/2/1 to nash-cr5                     
2019-02-05 10:43:35,475 DEBUG n.e.o.t.s.UpdateSvc                 - nash-cr5:10/1/6 45                                          
2019-02-05 10:43:35,475 DEBUG n.e.o.t.s.UpdateSvc                 - nash-cr5:10/1/3 45                                          
2019-02-05 10:43:35,475 DEBUG n.e.o.t.s.UpdateSvc                 - nash-cr5:1/2/1 45                                           
2019-02-05 10:43:35,475 DEBUG n.e.o.t.s.UpdateSvc                 - nash-cr5:10/1/5 45                                          
2019-02-05 10:43:35,475 DEBUG n.e.o.t.s.UpdateSvc                 - nash-cr5:10/1/4 45                                          
2019-02-05 10:43:35,477 INFO  n.e.o.t.s.UpdateSvc                 - inserting p: lond-cr5:2/2/1 to lond-cr5                     
2019-02-05 10:43:35,478 DEBUG n.e.o.t.s.UpdateSvc                 - lond-cr5:2/2/1 57                                           
2019-02-05 10:43:35,478 DEBUG n.e.o.t.s.UpdateSvc                 - lond-cr5:5/1/1 57                                           
2019-02-05 10:43:35,479 INFO  n.e.o.t.s.UpdateSvc                 - inserting p: snla-rt3:ge-1/0/2 to snla-rt3                  
2019-02-05 10:43:35,480 DEBUG n.e.o.t.s.UpdateSvc                 - snla-rt3:ge-1/0/2 48                                        
2019-02-05 10:43:35,481 INFO  n.e.o.t.s.UpdateSvc                 - inserting p: hous-cr5:3/1/1 to hous-cr5                     
2019-02-05 10:43:35,481 DEBUG n.e.o.t.s.UpdateSvc                 - hous-cr5:10/1/3 68                                          
2019-02-05 10:43:35,481 DEBUG n.e.o.t.s.UpdateSvc                 - hous-cr5:3/1/1 68                                           
2019-02-05 10:43:35,481 DEBUG n.e.o.t.s.UpdateSvc                 - hous-cr5:10/1/4 68                                          
2019-02-05 10:43:35,481 DEBUG n.e.o.t.s.UpdateSvc                 - hous-cr5:1/1/1 68                                           
2019-02-05 10:43:35,483 INFO  n.e.o.t.s.UpdateSvc                 - inserting p: pantex-rt4:ge-0/0/2 to pantex-rt4              
2019-02-05 10:43:35,484 DEBUG n.e.o.t.s.UpdateSvc                 - pantex-rt4:ge-0/1/0 66                                      
2019-02-05 10:43:35,484 DEBUG n.e.o.t.s.UpdateSvc                 - pantex-rt4:ge-0/0/2 66                                      
2019-02-05 10:43:35,485 INFO  n.e.o.t.s.UpdateSvc                 - inserting p: wash-cr5:4/1/1 to wash-cr5                     
2019-02-05 10:43:35,485 DEBUG n.e.o.t.s.UpdateSvc                 - wash-cr5:10/1/5 36                                          
2019-02-05 10:43:35,486 DEBUG n.e.o.t.s.UpdateSvc                 - wash-cr5:6/1/1 36                                           
2019-02-05 10:43:35,486 DEBUG n.e.o.t.s.UpdateSvc                 - wash-cr5:10/1/3 36                                          
2019-02-05 10:43:35,486 DEBUG n.e.o.t.s.UpdateSvc                 - wash-cr5:10/1/9 36                                          
2019-02-05 10:43:35,486 DEBUG n.e.o.t.s.UpdateSvc                 - wash-cr5:4/1/1 36                                           
2019-02-05 10:43:35,486 DEBUG n.e.o.t.s.UpdateSvc                 - wash-cr5:10/1/10 36                                         
2019-02-05 10:43:35,486 DEBUG n.e.o.t.s.UpdateSvc                 - wash-cr5:10/1/4 36                                          
2019-02-05 10:43:35,486 DEBUG n.e.o.t.s.UpdateSvc                 - wash-cr5:1/1/1 36                                           
2019-02-05 10:43:35,486 DEBUG n.e.o.t.s.UpdateSvc                 - wash-cr5:4/2/1 36                                           
2019-02-05 10:43:35,487 INFO  n.e.o.t.s.UpdateSvc                 - inserting p: fnal-mr2:xe-0/0/0 to fnal-mr2                  
2019-02-05 10:43:35,487 DEBUG n.e.o.t.s.UpdateSvc                 - fnal-mr2:xe-0/0/0 65                                        
2019-02-05 10:43:35,487 DEBUG n.e.o.t.s.UpdateSvc                 - fnal-mr2:xe-1/3/0 65                                        
2019-02-05 10:43:35,499 INFO  n.e.o.t.s.UpdateSvc                 - inserting p: snll-mr2:xe-2/3/0 to snll-mr2                  
2019-02-05 10:43:35,500 DEBUG n.e.o.t.s.UpdateSvc                 - snll-mr2:xe-2/2/0 40                                        
2019-02-05 10:43:35,500 DEBUG n.e.o.t.s.UpdateSvc                 - snll-mr2:xe-2/3/0 40                                        
2019-02-05 10:43:35,502 INFO  n.e.o.t.s.UpdateSvc                 - inserting p: doe-gtn-rt2:ge-0/1/3 to doe-gtn-rt2            
2019-02-05 10:43:35,503 DEBUG n.e.o.t.s.UpdateSvc                 - doe-gtn-rt2:ge-0/0/0 33                                     
2019-02-05 10:43:35,503 DEBUG n.e.o.t.s.UpdateSvc                 - doe-gtn-rt2:ge-0/1/3 33                                     
2019-02-05 10:43:35,503 DEBUG n.e.o.t.s.UpdateSvc                 - doe-gtn-rt2:ge-0/0/3 33                                     
2019-02-05 10:43:35,506 INFO  n.e.o.t.s.UpdateSvc                 - inserting p: doe-gtn-rt2:ge-0/1/0 to doe-gtn-rt2            
2019-02-05 10:43:35,506 DEBUG n.e.o.t.s.UpdateSvc                 - doe-gtn-rt2:ge-0/0/0 33                                     
2019-02-05 10:43:35,506 DEBUG n.e.o.t.s.UpdateSvc                 - doe-gtn-rt2:ge-0/1/3 33                                     
2019-02-05 10:43:35,506 DEBUG n.e.o.t.s.UpdateSvc                 - doe-gtn-rt2:ge-0/1/0 33                                     
2019-02-05 10:43:35,506 DEBUG n.e.o.t.s.UpdateSvc                 - doe-gtn-rt2:ge-0/0/3 33                                     
2019-02-05 10:43:35,508 INFO  n.e.o.t.s.UpdateSvc                 - inserting p: jgi-mr2:xe-1/3/0 to jgi-mr2                    
2019-02-05 10:43:35,510 DEBUG n.e.o.t.s.UpdateSvc                 - jgi-mr2:xe-1/3/0 61                                         
2019-02-05 10:43:35,511 INFO  n.e.o.t.s.UpdateSvc                 - inserting p: elpa-cr5:1/1/1 to elpa-cr5                     
2019-02-05 10:43:35,512 DEBUG n.e.o.t.s.UpdateSvc                 - elpa-cr5:1/1/1 46                                           
2019-02-05 10:43:35,512 DEBUG n.e.o.t.s.UpdateSvc                 - elpa-cr5:10/1/5 46                                          
2019-02-05 10:43:35,512 DEBUG n.e.o.t.s.UpdateSvc                 - elpa-cr5:10/1/4 46                                          
2019-02-05 10:43:35,512 DEBUG n.e.o.t.s.UpdateSvc                 - elpa-cr5:10/1/3 46                                          
2019-02-05 10:43:35,514 INFO  n.e.o.t.s.UpdateSvc                 - inserting p: aofa-cr5:2/1/1 to aofa-cr5                     
2019-02-05 10:43:35,514 DEBUG n.e.o.t.s.UpdateSvc                 - aofa-cr5:10/1/2 69                                          
2019-02-05 10:43:35,514 DEBUG n.e.o.t.s.UpdateSvc                 - aofa-cr5:5/1/1 69                                           
2019-02-05 10:43:35,514 DEBUG n.e.o.t.s.UpdateSvc                 - aofa-cr5:6/2/1 69                                           
2019-02-05 10:43:35,514 DEBUG n.e.o.t.s.UpdateSvc                 - aofa-cr5:9/1/5 69                                           
2019-02-05 10:43:35,515 DEBUG n.e.o.t.s.UpdateSvc                 - aofa-cr5:3/1/1 69                                           
2019-02-05 10:43:35,515 DEBUG n.e.o.t.s.UpdateSvc                 - aofa-cr5:10/1/1 69                                          
2019-02-05 10:43:35,515 DEBUG n.e.o.t.s.UpdateSvc                 - aofa-cr5:10/1/9 69                                          
2019-02-05 10:43:35,515 DEBUG n.e.o.t.s.UpdateSvc                 - aofa-cr5:4/2/1 69                                           
2019-02-05 10:43:35,515 DEBUG n.e.o.t.s.UpdateSvc                 - aofa-cr5:4/1/1 69                                           
2019-02-05 10:43:35,515 DEBUG n.e.o.t.s.UpdateSvc                 - aofa-cr5:9/1/1 69                                           
2019-02-05 10:43:35,515 DEBUG n.e.o.t.s.UpdateSvc                 - aofa-cr5:10/1/8 69                                          
2019-02-05 10:43:35,515 DEBUG n.e.o.t.s.UpdateSvc                 - aofa-cr5:2/1/1 69                                           
2019-02-05 10:43:35,517 INFO  n.e.o.t.s.UpdateSvc                 - inserting p: pantex-rt4:ge-0/0/0 to pantex-rt4              
2019-02-05 10:43:35,518 DEBUG n.e.o.t.s.UpdateSvc                 - pantex-rt4:ge-0/1/0 66                                      
2019-02-05 10:43:35,518 DEBUG n.e.o.t.s.UpdateSvc                 - pantex-rt4:ge-0/0/2 66                                      
2019-02-05 10:43:35,518 DEBUG n.e.o.t.s.UpdateSvc                 - pantex-rt4:ge-0/0/0 66                                      
2019-02-05 10:43:35,520 INFO  n.e.o.t.s.UpdateSvc                 - inserting p: pantex-rt4:ge-0/0/1 to pantex-rt4              
2019-02-05 10:43:35,521 DEBUG n.e.o.t.s.UpdateSvc                 - pantex-rt4:ge-0/1/0 66                                      
2019-02-05 10:43:35,522 DEBUG n.e.o.t.s.UpdateSvc                 - pantex-rt4:ge-0/0/1 66                                      
2019-02-05 10:43:35,522 DEBUG n.e.o.t.s.UpdateSvc                 - pantex-rt4:ge-0/0/2 66                                      
2019-02-05 10:43:35,522 DEBUG n.e.o.t.s.UpdateSvc                 - pantex-rt4:ge-0/0/0 66                                      
2019-02-05 10:43:35,524 INFO  n.e.o.t.s.UpdateSvc                 - inserting p: sunn-cr5:4/1/1 to sunn-cr5                     
2019-02-05 10:43:35,525 DEBUG n.e.o.t.s.UpdateSvc                 - sunn-cr5:10/2/4 50                                          
2019-02-05 10:43:35,525 DEBUG n.e.o.t.s.UpdateSvc                 - sunn-cr5:10/2/6 50                                          
2019-02-05 10:43:35,526 DEBUG n.e.o.t.s.UpdateSvc                 - sunn-cr5:4/1/1 50                                           
2019-02-05 10:43:35,526 DEBUG n.e.o.t.s.UpdateSvc                 - sunn-cr5:10/1/6 50                                          
2019-02-05 10:43:35,526 DEBUG n.e.o.t.s.UpdateSvc                 - sunn-cr5:10/1/2 50                                          
2019-02-05 10:43:35,526 DEBUG n.e.o.t.s.UpdateSvc                 - sunn-cr5:5/1/1 50                                           
2019-02-05 10:43:35,526 DEBUG n.e.o.t.s.UpdateSvc                 - sunn-cr5:7/1/1 50                                           
2019-02-05 10:43:35,526 DEBUG n.e.o.t.s.UpdateSvc                 - sunn-cr5:10/2/1 50                                          
2019-02-05 10:43:35,526 DEBUG n.e.o.t.s.UpdateSvc                 - sunn-cr5:10/1/3 50                                          
2019-02-05 10:43:35,526 DEBUG n.e.o.t.s.UpdateSvc                 - sunn-cr5:10/2/5 50                                          
2019-02-05 10:43:35,526 DEBUG n.e.o.t.s.UpdateSvc                 - sunn-cr5:5/2/1 50                                           
2019-02-05 10:43:35,526 DEBUG n.e.o.t.s.UpdateSvc                 - sunn-cr5:8/1/1 50                                           
2019-02-05 10:43:35,526 DEBUG n.e.o.t.s.UpdateSvc                 - sunn-cr5:10/1/1 50                                          
2019-02-05 10:43:35,526 DEBUG n.e.o.t.s.UpdateSvc                 - sunn-cr5:10/1/4 50                                          
2019-02-05 10:43:35,526 DEBUG n.e.o.t.s.UpdateSvc                 - sunn-cr5:7/2/1 50                                           
2019-02-05 10:43:35,526 DEBUG n.e.o.t.s.UpdateSvc                 - sunn-cr5:10/1/5 50                                          
2019-02-05 10:43:35,526 DEBUG n.e.o.t.s.UpdateSvc                 - sunn-cr5:10/2/3 50                                          
2019-02-05 10:43:35,526 DEBUG n.e.o.t.s.UpdateSvc                 - sunn-cr5:10/2/2 50                                          
2019-02-05 10:43:35,528 INFO  n.e.o.t.s.UpdateSvc                 - inserting p: denv-cr5:10/1/12 to denv-cr5                   
2019-02-05 10:43:35,529 DEBUG n.e.o.t.s.UpdateSvc                 - denv-cr5:10/1/4 75                                          
2019-02-05 10:43:35,530 DEBUG n.e.o.t.s.UpdateSvc                 - denv-cr5:4/1/1 75                                           
2019-02-05 10:43:35,530 DEBUG n.e.o.t.s.UpdateSvc                 - denv-cr5:10/1/5 75                                          
2019-02-05 10:43:35,530 DEBUG n.e.o.t.s.UpdateSvc                 - denv-cr5:4/2/1 75                                           
2019-02-05 10:43:35,530 DEBUG n.e.o.t.s.UpdateSvc                 - denv-cr5:10/1/6 75                                          
2019-02-05 10:43:35,530 DEBUG n.e.o.t.s.UpdateSvc                 - denv-cr5:10/1/12 75                                         
2019-02-05 10:43:35,530 DEBUG n.e.o.t.s.UpdateSvc                 - denv-cr5:10/1/7 75                                          
2019-02-05 10:43:35,530 DEBUG n.e.o.t.s.UpdateSvc                 - denv-cr5:10/1/3 75                                          
2019-02-05 10:43:35,532 INFO  n.e.o.t.s.UpdateSvc                 - inserting p: nash-cr5:1/1/1 to nash-cr5                     
2019-02-05 10:43:35,533 DEBUG n.e.o.t.s.UpdateSvc                 - nash-cr5:10/1/6 45                                          
2019-02-05 10:43:35,533 DEBUG n.e.o.t.s.UpdateSvc                 - nash-cr5:10/1/3 45                                          
2019-02-05 10:43:35,533 DEBUG n.e.o.t.s.UpdateSvc                 - nash-cr5:1/1/1 45                                           
2019-02-05 10:43:35,533 DEBUG n.e.o.t.s.UpdateSvc                 - nash-cr5:1/2/1 45                                           
2019-02-05 10:43:35,533 DEBUG n.e.o.t.s.UpdateSvc                 - nash-cr5:10/1/5 45                                          
2019-02-05 10:43:35,533 DEBUG n.e.o.t.s.UpdateSvc                 - nash-cr5:10/1/4 45                                          
2019-02-05 10:43:35,536 INFO  n.e.o.t.s.UpdateSvc                 - inserting p: denv-cr5:10/1/11 to denv-cr5                   
2019-02-05 10:43:35,538 DEBUG n.e.o.t.s.UpdateSvc                 - denv-cr5:10/1/4 75                                          
2019-02-05 10:43:35,538 DEBUG n.e.o.t.s.UpdateSvc                 - denv-cr5:4/1/1 75                                           
2019-02-05 10:43:35,538 DEBUG n.e.o.t.s.UpdateSvc                 - denv-cr5:10/1/5 75                                          
2019-02-05 10:43:35,538 DEBUG n.e.o.t.s.UpdateSvc                 - denv-cr5:4/2/1 75                                           
2019-02-05 10:43:35,538 DEBUG n.e.o.t.s.UpdateSvc                 - denv-cr5:10/1/6 75                                          
2019-02-05 10:43:35,538 DEBUG n.e.o.t.s.UpdateSvc                 - denv-cr5:10/1/11 75                                         
2019-02-05 10:43:35,538 DEBUG n.e.o.t.s.UpdateSvc                 - denv-cr5:10/1/12 75                                         
2019-02-05 10:43:35,538 DEBUG n.e.o.t.s.UpdateSvc                 - denv-cr5:10/1/7 75                                          
2019-02-05 10:43:35,538 DEBUG n.e.o.t.s.UpdateSvc                 - denv-cr5:10/1/3 75                                          
2019-02-05 10:43:35,541 INFO  n.e.o.t.s.UpdateSvc                 - inserting p: lond-cr5:2/1/1 to lond-cr5                     
2019-02-05 10:43:35,542 DEBUG n.e.o.t.s.UpdateSvc                 - lond-cr5:2/2/1 57                                           
2019-02-05 10:43:35,542 DEBUG n.e.o.t.s.UpdateSvc                 - lond-cr5:2/1/1 57                                           
2019-02-05 10:43:35,542 DEBUG n.e.o.t.s.UpdateSvc                 - lond-cr5:5/1/1 57                                           
2019-02-05 10:43:35,547 INFO  n.e.o.t.s.UpdateSvc                 - inserting p: denv-cr5:10/1/10 to denv-cr5                   
2019-02-05 10:43:35,547 DEBUG n.e.o.t.s.UpdateSvc                 - denv-cr5:10/1/4 75                                          
2019-02-05 10:43:35,548 DEBUG n.e.o.t.s.UpdateSvc                 - denv-cr5:4/1/1 75                                           
2019-02-05 10:43:35,548 DEBUG n.e.o.t.s.UpdateSvc                 - denv-cr5:10/1/5 75                                          
2019-02-05 10:43:35,548 DEBUG n.e.o.t.s.UpdateSvc                 - denv-cr5:4/2/1 75                                           
2019-02-05 10:43:35,548 DEBUG n.e.o.t.s.UpdateSvc                 - denv-cr5:10/1/6 75                                          
2019-02-05 10:43:35,548 DEBUG n.e.o.t.s.UpdateSvc                 - denv-cr5:10/1/11 75                                         
2019-02-05 10:43:35,548 DEBUG n.e.o.t.s.UpdateSvc                 - denv-cr5:10/1/12 75                                         
2019-02-05 10:43:35,548 DEBUG n.e.o.t.s.UpdateSvc                 - denv-cr5:10/1/7 75                                          
2019-02-05 10:43:35,548 DEBUG n.e.o.t.s.UpdateSvc                 - denv-cr5:10/1/3 75                                          
2019-02-05 10:43:35,548 DEBUG n.e.o.t.s.UpdateSvc                 - denv-cr5:10/1/10 75                                         
2019-02-05 10:43:35,552 INFO  n.e.o.t.s.UpdateSvc                 - inserting p: cern-513-cr5:4/1/1 to cern-513-cr5             
2019-02-05 10:43:35,553 DEBUG n.e.o.t.s.UpdateSvc                 - cern-513-cr5:2/1/1 34                                       
2019-02-05 10:43:35,553 DEBUG n.e.o.t.s.UpdateSvc                 - cern-513-cr5:BLANK 34                                       
2019-02-05 10:43:35,553 DEBUG n.e.o.t.s.UpdateSvc                 - cern-513-cr5:1/2/1 34                                       
2019-02-05 10:43:35,553 DEBUG n.e.o.t.s.UpdateSvc                 - cern-513-cr5:5/1/1 34                                       
2019-02-05 10:43:35,553 DEBUG n.e.o.t.s.UpdateSvc                 - cern-513-cr5:1/1/1 34                                       
2019-02-05 10:43:35,553 DEBUG n.e.o.t.s.UpdateSvc                 - cern-513-cr5:4/1/1 34                                       
2019-02-05 10:43:35,556 INFO  n.e.o.t.s.UpdateSvc                 - inserting p: chic-cr5:3/1/1 to chic-cr5                     
2019-02-05 10:43:35,557 DEBUG n.e.o.t.s.UpdateSvc                 - chic-cr5:10/1/5 55                                          
2019-02-05 10:43:35,557 DEBUG n.e.o.t.s.UpdateSvc                 - chic-cr5:7/1/1 55                                           
2019-02-05 10:43:35,557 DEBUG n.e.o.t.s.UpdateSvc                 - chic-cr5:6/1/1 55                                           
2019-02-05 10:43:35,557 DEBUG n.e.o.t.s.UpdateSvc                 - chic-cr5:10/1/3 55                                          
2019-02-05 10:43:35,557 DEBUG n.e.o.t.s.UpdateSvc                 - chic-cr5:10/1/1 55                                          
2019-02-05 10:43:35,557 DEBUG n.e.o.t.s.UpdateSvc                 - chic-cr5:8/1/1 55                                           
2019-02-05 10:43:35,557 DEBUG n.e.o.t.s.UpdateSvc                 - chic-cr5:BLANK 55                                           
2019-02-05 10:43:35,557 DEBUG n.e.o.t.s.UpdateSvc                 - chic-cr5:1/1/1 55                                           
2019-02-05 10:43:35,557 DEBUG n.e.o.t.s.UpdateSvc                 - chic-cr5:7/2/1 55                                           
2019-02-05 10:43:35,557 DEBUG n.e.o.t.s.UpdateSvc                 - chic-cr5:10/1/4 55                                          
2019-02-05 10:43:35,557 DEBUG n.e.o.t.s.UpdateSvc                 - chic-cr5:3/1/1 55                                           
2019-02-05 10:43:35,557 DEBUG n.e.o.t.s.UpdateSvc                 - chic-cr5:6/2/1 55                                           
2019-02-05 10:43:35,557 DEBUG n.e.o.t.s.UpdateSvc                 - chic-cr5:10/1/7 55                                          
2019-02-05 10:43:35,559 INFO  n.e.o.t.s.UpdateSvc                 - inserting p: llnl-mr2:xe-1/0/0 to llnl-mr2                  
2019-02-05 10:43:35,560 DEBUG n.e.o.t.s.UpdateSvc                 - llnl-mr2:xe-0/1/0 52                                        
2019-02-05 10:43:35,560 DEBUG n.e.o.t.s.UpdateSvc                 - llnl-mr2:xe-2/1/0 52                                        
2019-02-05 10:43:35,561 DEBUG n.e.o.t.s.UpdateSvc                 - llnl-mr2:xe-1/3/0 52                                        
2019-02-05 10:43:35,561 DEBUG n.e.o.t.s.UpdateSvc                 - llnl-mr2:xe-3/2/0 52                                        
2019-02-05 10:43:35,561 DEBUG n.e.o.t.s.UpdateSvc                 - llnl-mr2:ge-3/0/0 52                                        
2019-02-05 10:43:35,561 DEBUG n.e.o.t.s.UpdateSvc                 - llnl-mr2:xe-2/2/0 52                                        
2019-02-05 10:43:35,561 DEBUG n.e.o.t.s.UpdateSvc                 - llnl-mr2:ge-3/0/1 52                                        
2019-02-05 10:43:35,561 DEBUG n.e.o.t.s.UpdateSvc                 - llnl-mr2:xe-2/0/0 52                                        
2019-02-05 10:43:35,561 DEBUG n.e.o.t.s.UpdateSvc                 - llnl-mr2:xe-1/0/0 52                                        
2019-02-05 10:43:35,563 INFO  n.e.o.t.s.UpdateSvc                 - inserting p: eqx-sj-cr5:10/1/4 to eqx-sj-cr5                
2019-02-05 10:43:35,564 DEBUG n.e.o.t.s.UpdateSvc                 - eqx-sj-cr5:10/1/4 35                                        
2019-02-05 10:43:35,564 DEBUG n.e.o.t.s.UpdateSvc                 - eqx-sj-cr5:1/2/1 35                                         
2019-02-05 10:43:35,564 DEBUG n.e.o.t.s.UpdateSvc                 - eqx-sj-cr5:BLANK 35                                         
2019-02-05 10:43:35,567 INFO  n.e.o.t.s.UpdateSvc                 - inserting p: eqx-sj-cr5:10/1/2 to eqx-sj-cr5                
2019-02-05 10:43:35,568 DEBUG n.e.o.t.s.UpdateSvc                 - eqx-sj-cr5:10/1/2 35                                        
2019-02-05 10:43:35,568 DEBUG n.e.o.t.s.UpdateSvc                 - eqx-sj-cr5:10/1/4 35                                        
2019-02-05 10:43:35,568 DEBUG n.e.o.t.s.UpdateSvc                 - eqx-sj-cr5:1/2/1 35                                         
2019-02-05 10:43:35,568 DEBUG n.e.o.t.s.UpdateSvc                 - eqx-sj-cr5:BLANK 35                                         
2019-02-05 10:43:35,571 INFO  n.e.o.t.s.UpdateSvc                 - inserting p: eqx-sj-cr5:10/1/1 to eqx-sj-cr5                
2019-02-05 10:43:35,572 DEBUG n.e.o.t.s.UpdateSvc                 - eqx-sj-cr5:10/1/2 35                                        
2019-02-05 10:43:35,572 DEBUG n.e.o.t.s.UpdateSvc                 - eqx-sj-cr5:10/1/4 35                                        
2019-02-05 10:43:35,572 DEBUG n.e.o.t.s.UpdateSvc                 - eqx-sj-cr5:1/2/1 35                                         
2019-02-05 10:43:35,572 DEBUG n.e.o.t.s.UpdateSvc                 - eqx-sj-cr5:BLANK 35                                         
2019-02-05 10:43:35,572 DEBUG n.e.o.t.s.UpdateSvc                 - eqx-sj-cr5:10/1/1 35                                        
2019-02-05 10:43:35,575 INFO  n.e.o.t.s.UpdateSvc                 - inserting p: denv-cr5:1/1/1 to denv-cr5                     
2019-02-05 10:43:35,575 DEBUG n.e.o.t.s.UpdateSvc                 - denv-cr5:10/1/4 75                                          
2019-02-05 10:43:35,575 DEBUG n.e.o.t.s.UpdateSvc                 - denv-cr5:1/1/1 75                                           
2019-02-05 10:43:35,575 DEBUG n.e.o.t.s.UpdateSvc                 - denv-cr5:4/1/1 75                                           
2019-02-05 10:43:35,575 DEBUG n.e.o.t.s.UpdateSvc                 - denv-cr5:10/1/5 75                                          
2019-02-05 10:43:35,575 DEBUG n.e.o.t.s.UpdateSvc                 - denv-cr5:4/2/1 75                                           
2019-02-05 10:43:35,575 DEBUG n.e.o.t.s.UpdateSvc                 - denv-cr5:10/1/6 75                                          
2019-02-05 10:43:35,575 DEBUG n.e.o.t.s.UpdateSvc                 - denv-cr5:10/1/11 75                                         
2019-02-05 10:43:35,575 DEBUG n.e.o.t.s.UpdateSvc                 - denv-cr5:10/1/12 75                                         
2019-02-05 10:43:35,575 DEBUG n.e.o.t.s.UpdateSvc                 - denv-cr5:10/1/7 75                                          
2019-02-05 10:43:35,575 DEBUG n.e.o.t.s.UpdateSvc                 - denv-cr5:10/1/3 75                                          
2019-02-05 10:43:35,575 DEBUG n.e.o.t.s.UpdateSvc                 - denv-cr5:10/1/10 75                                         
2019-02-05 10:43:35,577 INFO  n.e.o.t.s.UpdateSvc                 - inserting p: kans-cr5:2/1/1 to kans-cr5                     
2019-02-05 10:43:35,578 DEBUG n.e.o.t.s.UpdateSvc                 - kans-cr5:10/1/3 38                                          
2019-02-05 10:43:35,578 DEBUG n.e.o.t.s.UpdateSvc                 - kans-cr5:2/1/1 38                                           
2019-02-05 10:43:35,578 DEBUG n.e.o.t.s.UpdateSvc                 - kans-cr5:1/1/1 38                                           
2019-02-05 10:43:35,578 DEBUG n.e.o.t.s.UpdateSvc                 - kans-cr5:10/1/4 38                                          
2019-02-05 10:43:35,580 INFO  n.e.o.t.s.UpdateSvc                 - inserting p: llnl-mr2:xe-0/2/0 to llnl-mr2                  
2019-02-05 10:43:35,581 DEBUG n.e.o.t.s.UpdateSvc                 - llnl-mr2:xe-0/1/0 52                                        
2019-02-05 10:43:35,581 DEBUG n.e.o.t.s.UpdateSvc                 - llnl-mr2:xe-2/1/0 52                                        
2019-02-05 10:43:35,581 DEBUG n.e.o.t.s.UpdateSvc                 - llnl-mr2:xe-1/3/0 52                                        
2019-02-05 10:43:35,581 DEBUG n.e.o.t.s.UpdateSvc                 - llnl-mr2:xe-3/2/0 52                                        
2019-02-05 10:43:35,581 DEBUG n.e.o.t.s.UpdateSvc                 - llnl-mr2:ge-3/0/0 52                                        
2019-02-05 10:43:35,581 DEBUG n.e.o.t.s.UpdateSvc                 - llnl-mr2:xe-2/2/0 52                                        
2019-02-05 10:43:35,581 DEBUG n.e.o.t.s.UpdateSvc                 - llnl-mr2:ge-3/0/1 52                                        
2019-02-05 10:43:35,581 DEBUG n.e.o.t.s.UpdateSvc                 - llnl-mr2:xe-2/0/0 52                                        
2019-02-05 10:43:35,582 DEBUG n.e.o.t.s.UpdateSvc                 - llnl-mr2:xe-1/0/0 52                                        
2019-02-05 10:43:35,582 DEBUG n.e.o.t.s.UpdateSvc                 - llnl-mr2:xe-0/2/0 52                                        
2019-02-05 10:43:35,584 INFO  n.e.o.t.s.UpdateSvc                 - inserting p: ornl-cr5:7/1/1 to ornl-cr5                     
2019-02-05 10:43:35,585 DEBUG n.e.o.t.s.UpdateSvc                 - ornl-cr5:7/1/1 64                                           
2019-02-05 10:43:35,585 DEBUG n.e.o.t.s.UpdateSvc                 - ornl-cr5:10/1/1 64                                          
2019-02-05 10:43:35,585 DEBUG n.e.o.t.s.UpdateSvc                 - ornl-cr5:10/1/3 64                                          
2019-02-05 10:43:35,585 DEBUG n.e.o.t.s.UpdateSvc                 - ornl-cr5:6/1/1 64                                           
2019-02-05 10:43:35,585 DEBUG n.e.o.t.s.UpdateSvc                 - ornl-cr5:10/1/2 64                                          
2019-02-05 10:43:35,588 INFO  n.e.o.t.s.UpdateSvc                 - inserting p: ornl-rt4:xe-0/2/0 to ornl-rt4                  
2019-02-05 10:43:35,588 DEBUG n.e.o.t.s.UpdateSvc                 - ornl-rt4:xe-0/2/0 42                                        
2019-02-05 10:43:35,588 DEBUG n.e.o.t.s.UpdateSvc                 - ornl-rt4:ge-0/0/1 42                                        
2019-02-05 10:43:35,588 DEBUG n.e.o.t.s.UpdateSvc                 - ornl-rt4:xe-2/3/0 42                                        
2019-02-05 10:43:35,588 DEBUG n.e.o.t.s.UpdateSvc                 - ornl-rt4:xe-1/2/0 42                                        
2019-02-05 10:43:35,600 INFO  n.e.o.t.s.UpdateSvc                 - inserting p: wash-cr5:5/2/1 to wash-cr5                     
2019-02-05 10:43:35,601 DEBUG n.e.o.t.s.UpdateSvc                 - wash-cr5:10/1/5 36                                          
2019-02-05 10:43:35,601 DEBUG n.e.o.t.s.UpdateSvc                 - wash-cr5:6/1/1 36                                           
2019-02-05 10:43:35,601 DEBUG n.e.o.t.s.UpdateSvc                 - wash-cr5:10/1/3 36                                          
2019-02-05 10:43:35,601 DEBUG n.e.o.t.s.UpdateSvc                 - wash-cr5:10/1/9 36                                          
2019-02-05 10:43:35,601 DEBUG n.e.o.t.s.UpdateSvc                 - wash-cr5:5/2/1 36                                           
2019-02-05 10:43:35,601 DEBUG n.e.o.t.s.UpdateSvc                 - wash-cr5:4/1/1 36                                           
2019-02-05 10:43:35,601 DEBUG n.e.o.t.s.UpdateSvc                 - wash-cr5:10/1/10 36                                         
2019-02-05 10:43:35,601 DEBUG n.e.o.t.s.UpdateSvc                 - wash-cr5:10/1/4 36                                          
2019-02-05 10:43:35,601 DEBUG n.e.o.t.s.UpdateSvc                 - wash-cr5:1/1/1 36                                           
2019-02-05 10:43:35,601 DEBUG n.e.o.t.s.UpdateSvc                 - wash-cr5:4/2/1 36                                           
2019-02-05 10:43:35,603 INFO  n.e.o.t.s.UpdateSvc                 - inserting p: amst-cr5:3/1/1 to amst-cr5                     
2019-02-05 10:43:35,604 DEBUG n.e.o.t.s.UpdateSvc                 - amst-cr5:10/2/5 72                                          
2019-02-05 10:43:35,604 DEBUG n.e.o.t.s.UpdateSvc                 - amst-cr5:5/1/1 72                                           
2019-02-05 10:43:35,604 DEBUG n.e.o.t.s.UpdateSvc                 - amst-cr5:3/1/1 72                                           
2019-02-05 10:43:35,604 DEBUG n.e.o.t.s.UpdateSvc                 - amst-cr5:10/1/2 72                                          
2019-02-05 10:43:35,604 DEBUG n.e.o.t.s.UpdateSvc                 - amst-cr5:10/1/1 72                                          
2019-02-05 10:43:35,606 INFO  n.e.o.t.s.UpdateSvc                 - inserting p: sacr-cr5:5/1/1 to sacr-cr5                     
2019-02-05 10:43:35,607 DEBUG n.e.o.t.s.UpdateSvc                 - sacr-cr5:10/2/1 47                                          
2019-02-05 10:43:35,607 DEBUG n.e.o.t.s.UpdateSvc                 - sacr-cr5:10/2/2 47                                          
2019-02-05 10:43:35,607 DEBUG n.e.o.t.s.UpdateSvc                 - sacr-cr5:10/1/1 47                                          
2019-02-05 10:43:35,607 DEBUG n.e.o.t.s.UpdateSvc                 - sacr-cr5:10/2/6 47                                          
2019-02-05 10:43:35,607 DEBUG n.e.o.t.s.UpdateSvc                 - sacr-cr5:1/1/1 47                                           
2019-02-05 10:43:35,607 DEBUG n.e.o.t.s.UpdateSvc                 - sacr-cr5:3/1/1 47                                           
2019-02-05 10:43:35,607 DEBUG n.e.o.t.s.UpdateSvc                 - sacr-cr5:10/1/6 47                                          
2019-02-05 10:43:35,607 DEBUG n.e.o.t.s.UpdateSvc                 - sacr-cr5:10/1/2 47                                          
2019-02-05 10:43:35,607 DEBUG n.e.o.t.s.UpdateSvc                 - sacr-cr5:4/1/1 47                                           
2019-02-05 10:43:35,607 DEBUG n.e.o.t.s.UpdateSvc                 - sacr-cr5:10/2/3 47                                          
2019-02-05 10:43:35,607 DEBUG n.e.o.t.s.UpdateSvc                 - sacr-cr5:10/2/5 47                                          
2019-02-05 10:43:35,607 DEBUG n.e.o.t.s.UpdateSvc                 - sacr-cr5:10/1/4 47                                          
2019-02-05 10:43:35,607 DEBUG n.e.o.t.s.UpdateSvc                 - sacr-cr5:5/1/1 47                                           
2019-02-05 10:43:35,607 DEBUG n.e.o.t.s.UpdateSvc                 - sacr-cr5:2/1/1 47                                           
2019-02-05 10:43:35,607 DEBUG n.e.o.t.s.UpdateSvc                 - sacr-cr5:10/2/4 47                                          
2019-02-05 10:43:35,610 INFO  n.e.o.t.s.UpdateSvc                 - inserting p: snll-mr2:xe-2/0/0 to snll-mr2                  
2019-02-05 10:43:35,610 DEBUG n.e.o.t.s.UpdateSvc                 - snll-mr2:xe-2/2/0 40                                        
2019-02-05 10:43:35,610 DEBUG n.e.o.t.s.UpdateSvc                 - snll-mr2:xe-2/0/0 40                                        
2019-02-05 10:43:35,610 DEBUG n.e.o.t.s.UpdateSvc                 - snll-mr2:xe-2/3/0 40                                        
2019-02-05 10:43:35,612 INFO  n.e.o.t.s.UpdateSvc                 - inserting p: cern-773-cr5:2/1/1 to cern-773-cr5             
2019-02-05 10:43:35,613 DEBUG n.e.o.t.s.UpdateSvc                 - cern-773-cr5:10/1/2 44                                      
2019-02-05 10:43:35,613 DEBUG n.e.o.t.s.UpdateSvc                 - cern-773-cr5:10/1/3 44                                      
2019-02-05 10:43:35,613 DEBUG n.e.o.t.s.UpdateSvc                 - cern-773-cr5:10/1/1 44                                      
2019-02-05 10:43:35,613 DEBUG n.e.o.t.s.UpdateSvc                 - cern-773-cr5:BLANK 44                                       
2019-02-05 10:43:35,613 DEBUG n.e.o.t.s.UpdateSvc                 - cern-773-cr5:2/1/1 44                                       
2019-02-05 10:43:35,613 DEBUG n.e.o.t.s.UpdateSvc                 - cern-773-cr5:1/1/1 44                                       
2019-02-05 10:43:35,616 INFO  n.e.o.t.s.UpdateSvc                 - inserting p: lond-cr5:10/1/4 to lond-cr5                    
2019-02-05 10:43:35,617 DEBUG n.e.o.t.s.UpdateSvc                 - lond-cr5:10/1/4 57                                          
2019-02-05 10:43:35,617 DEBUG n.e.o.t.s.UpdateSvc                 - lond-cr5:2/2/1 57                                           
2019-02-05 10:43:35,617 DEBUG n.e.o.t.s.UpdateSvc                 - lond-cr5:2/1/1 57                                           
2019-02-05 10:43:35,617 DEBUG n.e.o.t.s.UpdateSvc                 - lond-cr5:5/1/1 57                                           
2019-02-05 10:43:35,619 INFO  n.e.o.t.s.UpdateSvc                 - inserting p: lond-cr5:1/2/1 to lond-cr5                     
2019-02-05 10:43:35,620 DEBUG n.e.o.t.s.UpdateSvc                 - lond-cr5:10/1/4 57                                          
2019-02-05 10:43:35,620 DEBUG n.e.o.t.s.UpdateSvc                 - lond-cr5:2/2/1 57                                           
2019-02-05 10:43:35,620 DEBUG n.e.o.t.s.UpdateSvc                 - lond-cr5:1/2/1 57                                           
2019-02-05 10:43:35,620 DEBUG n.e.o.t.s.UpdateSvc                 - lond-cr5:2/1/1 57                                           
2019-02-05 10:43:35,620 DEBUG n.e.o.t.s.UpdateSvc                 - lond-cr5:5/1/1 57                                           
2019-02-05 10:43:35,624 INFO  n.e.o.t.s.UpdateSvc                 - inserting p: lond-cr5:10/1/2 to lond-cr5                    
2019-02-05 10:43:35,625 DEBUG n.e.o.t.s.UpdateSvc                 - lond-cr5:10/1/4 57                                          
2019-02-05 10:43:35,625 DEBUG n.e.o.t.s.UpdateSvc                 - lond-cr5:2/2/1 57                                           
2019-02-05 10:43:35,625 DEBUG n.e.o.t.s.UpdateSvc                 - lond-cr5:1/2/1 57                                           
2019-02-05 10:43:35,625 DEBUG n.e.o.t.s.UpdateSvc                 - lond-cr5:2/1/1 57                                           
2019-02-05 10:43:35,626 DEBUG n.e.o.t.s.UpdateSvc                 - lond-cr5:5/1/1 57                                           
2019-02-05 10:43:35,626 DEBUG n.e.o.t.s.UpdateSvc                 - lond-cr5:10/1/2 57                                          
2019-02-05 10:43:35,630 INFO  n.e.o.t.s.UpdateSvc                 - inserting p: star-cr5:BLANK to star-cr5                     
2019-02-05 10:43:35,631 DEBUG n.e.o.t.s.UpdateSvc                 - star-cr5:5/1/1 76                                           
2019-02-05 10:43:35,632 DEBUG n.e.o.t.s.UpdateSvc                 - star-cr5:4/1/1 76                                           
2019-02-05 10:43:35,632 DEBUG n.e.o.t.s.UpdateSvc                 - star-cr5:BLANK 76                                           
2019-02-05 10:43:35,632 DEBUG n.e.o.t.s.UpdateSvc                 - star-cr5:4/2/1 76                                           
2019-02-05 10:43:35,632 DEBUG n.e.o.t.s.UpdateSvc                 - star-cr5:3/1/1 76                                           
2019-02-05 10:43:35,632 DEBUG n.e.o.t.s.UpdateSvc                 - star-cr5:3/2/1 76                                           
2019-02-05 10:43:35,635 INFO  n.e.o.t.s.UpdateSvc                 - inserting p: lond-cr5:10/1/1 to lond-cr5                    
2019-02-05 10:43:35,636 DEBUG n.e.o.t.s.UpdateSvc                 - lond-cr5:10/1/4 57                                          
2019-02-05 10:43:35,636 DEBUG n.e.o.t.s.UpdateSvc                 - lond-cr5:2/2/1 57                                           
2019-02-05 10:43:35,637 DEBUG n.e.o.t.s.UpdateSvc                 - lond-cr5:1/2/1 57                                           
2019-02-05 10:43:35,637 DEBUG n.e.o.t.s.UpdateSvc                 - lond-cr5:2/1/1 57                                           
2019-02-05 10:43:35,637 DEBUG n.e.o.t.s.UpdateSvc                 - lond-cr5:10/1/1 57                                          
2019-02-05 10:43:35,637 DEBUG n.e.o.t.s.UpdateSvc                 - lond-cr5:5/1/1 57                                           
2019-02-05 10:43:35,637 DEBUG n.e.o.t.s.UpdateSvc                 - lond-cr5:10/1/2 57                                          
2019-02-05 10:43:35,640 INFO  n.e.o.t.s.UpdateSvc                 - inserting p: star-cr5:6/1/1 to star-cr5                     
2019-02-05 10:43:35,642 DEBUG n.e.o.t.s.UpdateSvc                 - star-cr5:5/1/1 76                                           
2019-02-05 10:43:35,642 DEBUG n.e.o.t.s.UpdateSvc                 - star-cr5:4/1/1 76                                           
2019-02-05 10:43:35,642 DEBUG n.e.o.t.s.UpdateSvc                 - star-cr5:BLANK 76                                           
2019-02-05 10:43:35,642 DEBUG n.e.o.t.s.UpdateSvc                 - star-cr5:6/1/1 76                                           
2019-02-05 10:43:35,642 DEBUG n.e.o.t.s.UpdateSvc                 - star-cr5:4/2/1 76                                           
2019-02-05 10:43:35,642 DEBUG n.e.o.t.s.UpdateSvc                 - star-cr5:3/1/1 76                                           
2019-02-05 10:43:35,642 DEBUG n.e.o.t.s.UpdateSvc                 - star-cr5:3/2/1 76                                           
2019-02-05 10:43:35,646 INFO  n.e.o.t.s.UpdateSvc                 - inserting p: star-cr5:10/1/1 to star-cr5                    
2019-02-05 10:43:35,647 DEBUG n.e.o.t.s.UpdateSvc                 - star-cr5:5/1/1 76                                           
2019-02-05 10:43:35,647 DEBUG n.e.o.t.s.UpdateSvc                 - star-cr5:4/1/1 76                                           
2019-02-05 10:43:35,647 DEBUG n.e.o.t.s.UpdateSvc                 - star-cr5:BLANK 76                                           
2019-02-05 10:43:35,647 DEBUG n.e.o.t.s.UpdateSvc                 - star-cr5:6/1/1 76                                           
2019-02-05 10:43:35,647 DEBUG n.e.o.t.s.UpdateSvc                 - star-cr5:10/1/1 76                                          
2019-02-05 10:43:35,647 DEBUG n.e.o.t.s.UpdateSvc                 - star-cr5:4/2/1 76                                           
2019-02-05 10:43:35,647 DEBUG n.e.o.t.s.UpdateSvc                 - star-cr5:3/1/1 76                                           
2019-02-05 10:43:35,647 DEBUG n.e.o.t.s.UpdateSvc                 - star-cr5:3/2/1 76                                           
2019-02-05 10:43:35,650 INFO  n.e.o.t.s.UpdateSvc                 - inserting p: nash-cr5:2/1/1 to nash-cr5                     
2019-02-05 10:43:35,651 DEBUG n.e.o.t.s.UpdateSvc                 - nash-cr5:10/1/6 45                                          
2019-02-05 10:43:35,651 DEBUG n.e.o.t.s.UpdateSvc                 - nash-cr5:10/1/3 45                                          
2019-02-05 10:43:35,651 DEBUG n.e.o.t.s.UpdateSvc                 - nash-cr5:1/1/1 45                                           
2019-02-05 10:43:35,651 DEBUG n.e.o.t.s.UpdateSvc                 - nash-cr5:1/2/1 45                                           
2019-02-05 10:43:35,651 DEBUG n.e.o.t.s.UpdateSvc                 - nash-cr5:2/1/1 45                                           
2019-02-05 10:43:35,651 DEBUG n.e.o.t.s.UpdateSvc                 - nash-cr5:10/1/5 45                                          
2019-02-05 10:43:35,651 DEBUG n.e.o.t.s.UpdateSvc                 - nash-cr5:10/1/4 45                                          
2019-02-05 10:43:35,654 INFO  n.e.o.t.s.UpdateSvc                 - inserting p: snll-mr2:xe-1/2/0 to snll-mr2                  
2019-02-05 10:43:35,655 DEBUG n.e.o.t.s.UpdateSvc                 - snll-mr2:xe-1/2/0 40                                        
2019-02-05 10:43:35,655 DEBUG n.e.o.t.s.UpdateSvc                 - snll-mr2:xe-2/2/0 40                                        
2019-02-05 10:43:35,655 DEBUG n.e.o.t.s.UpdateSvc                 - snll-mr2:xe-2/0/0 40                                        
2019-02-05 10:43:35,655 DEBUG n.e.o.t.s.UpdateSvc                 - snll-mr2:xe-2/3/0 40                                        
2019-02-05 10:43:35,658 INFO  n.e.o.t.s.UpdateSvc                 - inserting p: star-cr5:10/1/7 to star-cr5                    
2019-02-05 10:43:35,659 DEBUG n.e.o.t.s.UpdateSvc                 - star-cr5:5/1/1 76                                           
2019-02-05 10:43:35,659 DEBUG n.e.o.t.s.UpdateSvc                 - star-cr5:4/1/1 76                                           
2019-02-05 10:43:35,659 DEBUG n.e.o.t.s.UpdateSvc                 - star-cr5:BLANK 76                                           
2019-02-05 10:43:35,659 DEBUG n.e.o.t.s.UpdateSvc                 - star-cr5:6/1/1 76                                           
2019-02-05 10:43:35,659 DEBUG n.e.o.t.s.UpdateSvc                 - star-cr5:10/1/1 76                                          
2019-02-05 10:43:35,659 DEBUG n.e.o.t.s.UpdateSvc                 - star-cr5:10/1/7 76                                          
2019-02-05 10:43:35,659 DEBUG n.e.o.t.s.UpdateSvc                 - star-cr5:4/2/1 76                                           
2019-02-05 10:43:35,659 DEBUG n.e.o.t.s.UpdateSvc                 - star-cr5:3/1/1 76                                           
2019-02-05 10:43:35,659 DEBUG n.e.o.t.s.UpdateSvc                 - star-cr5:3/2/1 76                                           
2019-02-05 10:43:35,662 INFO  n.e.o.t.s.UpdateSvc                 - inserting p: star-cr5:10/1/8 to star-cr5                    
2019-02-05 10:43:35,663 DEBUG n.e.o.t.s.UpdateSvc                 - star-cr5:5/1/1 76                                           
2019-02-05 10:43:35,663 DEBUG n.e.o.t.s.UpdateSvc                 - star-cr5:4/1/1 76                                           
2019-02-05 10:43:35,663 DEBUG n.e.o.t.s.UpdateSvc                 - star-cr5:BLANK 76                                           
2019-02-05 10:43:35,664 DEBUG n.e.o.t.s.UpdateSvc                 - star-cr5:6/1/1 76                                           
2019-02-05 10:43:35,664 DEBUG n.e.o.t.s.UpdateSvc                 - star-cr5:10/1/1 76                                          
2019-02-05 10:43:35,664 DEBUG n.e.o.t.s.UpdateSvc                 - star-cr5:10/1/7 76                                          
2019-02-05 10:43:35,664 DEBUG n.e.o.t.s.UpdateSvc                 - star-cr5:4/2/1 76                                           
2019-02-05 10:43:35,664 DEBUG n.e.o.t.s.UpdateSvc                 - star-cr5:10/1/8 76                                          
2019-02-05 10:43:35,664 DEBUG n.e.o.t.s.UpdateSvc                 - star-cr5:3/1/1 76                                           
2019-02-05 10:43:35,664 DEBUG n.e.o.t.s.UpdateSvc                 - star-cr5:3/2/1 76                                           
2019-02-05 10:43:35,667 INFO  n.e.o.t.s.UpdateSvc                 - inserting p: ornl-rt4:xe-1/0/0 to ornl-rt4                  
2019-02-05 10:43:35,668 DEBUG n.e.o.t.s.UpdateSvc                 - ornl-rt4:xe-0/2/0 42                                        
2019-02-05 10:43:35,668 DEBUG n.e.o.t.s.UpdateSvc                 - ornl-rt4:ge-0/0/1 42                                        
2019-02-05 10:43:35,668 DEBUG n.e.o.t.s.UpdateSvc                 - ornl-rt4:xe-2/3/0 42                                        
2019-02-05 10:43:35,668 DEBUG n.e.o.t.s.UpdateSvc                 - ornl-rt4:xe-1/2/0 42                                        
2019-02-05 10:43:35,668 DEBUG n.e.o.t.s.UpdateSvc                 - ornl-rt4:xe-1/0/0 42                                        
2019-02-05 10:43:35,670 INFO  n.e.o.t.s.UpdateSvc                 - inserting p: eqx-sj-cr5:10/2/4 to eqx-sj-cr5                
2019-02-05 10:43:35,671 DEBUG n.e.o.t.s.UpdateSvc                 - eqx-sj-cr5:10/1/2 35                                        
2019-02-05 10:43:35,671 DEBUG n.e.o.t.s.UpdateSvc                 - eqx-sj-cr5:10/1/4 35                                        
2019-02-05 10:43:35,671 DEBUG n.e.o.t.s.UpdateSvc                 - eqx-sj-cr5:1/2/1 35                                         
2019-02-05 10:43:35,671 DEBUG n.e.o.t.s.UpdateSvc                 - eqx-sj-cr5:10/2/4 35                                        
2019-02-05 10:43:35,671 DEBUG n.e.o.t.s.UpdateSvc                 - eqx-sj-cr5:BLANK 35                                         
2019-02-05 10:43:35,671 DEBUG n.e.o.t.s.UpdateSvc                 - eqx-sj-cr5:10/1/1 35                                        
2019-02-05 10:43:35,673 INFO  n.e.o.t.s.UpdateSvc                 - inserting p: eqx-sj-cr5:10/2/2 to eqx-sj-cr5                
2019-02-05 10:43:35,674 DEBUG n.e.o.t.s.UpdateSvc                 - eqx-sj-cr5:10/1/2 35                                        
2019-02-05 10:43:35,674 DEBUG n.e.o.t.s.UpdateSvc                 - eqx-sj-cr5:10/1/4 35                                        
2019-02-05 10:43:35,674 DEBUG n.e.o.t.s.UpdateSvc                 - eqx-sj-cr5:10/2/2 35                                        
2019-02-05 10:43:35,674 DEBUG n.e.o.t.s.UpdateSvc                 - eqx-sj-cr5:1/2/1 35                                         
2019-02-05 10:43:35,674 DEBUG n.e.o.t.s.UpdateSvc                 - eqx-sj-cr5:10/2/4 35                                        
2019-02-05 10:43:35,674 DEBUG n.e.o.t.s.UpdateSvc                 - eqx-sj-cr5:BLANK 35                                         
2019-02-05 10:43:35,675 DEBUG n.e.o.t.s.UpdateSvc                 - eqx-sj-cr5:10/1/1 35                                        
2019-02-05 10:43:35,677 INFO  n.e.o.t.s.UpdateSvc                 - inserting p: atla-cr5:4/1/1 to atla-cr5                     
2019-02-05 10:43:35,678 DEBUG n.e.o.t.s.UpdateSvc                 - atla-cr5:4/1/1 41                                           
2019-02-05 10:43:35,678 DEBUG n.e.o.t.s.UpdateSvc                 - atla-cr5:10/1/2 41                                          
2019-02-05 10:43:35,678 DEBUG n.e.o.t.s.UpdateSvc                 - atla-cr5:10/1/8 41                                          
2019-02-05 10:43:35,678 DEBUG n.e.o.t.s.UpdateSvc                 - atla-cr5:2/1/1 41                                           
2019-02-05 10:43:35,678 DEBUG n.e.o.t.s.UpdateSvc                 - atla-cr5:1/1/1 41                                           
2019-02-05 10:43:35,678 DEBUG n.e.o.t.s.UpdateSvc                 - atla-cr5:3/1/1 41                                           
2019-02-05 10:43:35,678 DEBUG n.e.o.t.s.UpdateSvc                 - atla-cr5:10/1/3 41                                          
2019-02-05 10:43:35,680 INFO  n.e.o.t.s.UpdateSvc                 - inserting p: sunn-cr5:2/2/1 to sunn-cr5                     
2019-02-05 10:43:35,683 DEBUG n.e.o.t.s.UpdateSvc                 - sunn-cr5:10/2/4 50                                          
2019-02-05 10:43:35,683 DEBUG n.e.o.t.s.UpdateSvc                 - sunn-cr5:10/2/6 50                                          
2019-02-05 10:43:35,683 DEBUG n.e.o.t.s.UpdateSvc                 - sunn-cr5:4/1/1 50                                           
2019-02-05 10:43:35,683 DEBUG n.e.o.t.s.UpdateSvc                 - sunn-cr5:10/1/6 50                                          
2019-02-05 10:43:35,683 DEBUG n.e.o.t.s.UpdateSvc                 - sunn-cr5:10/1/2 50                                          
2019-02-05 10:43:35,683 DEBUG n.e.o.t.s.UpdateSvc                 - sunn-cr5:5/1/1 50                                           
2019-02-05 10:43:35,683 DEBUG n.e.o.t.s.UpdateSvc                 - sunn-cr5:7/1/1 50                                           
2019-02-05 10:43:35,683 DEBUG n.e.o.t.s.UpdateSvc                 - sunn-cr5:10/2/1 50                                          
2019-02-05 10:43:35,683 DEBUG n.e.o.t.s.UpdateSvc                 - sunn-cr5:10/1/3 50                                          
2019-02-05 10:43:35,683 DEBUG n.e.o.t.s.UpdateSvc                 - sunn-cr5:10/2/5 50                                          
2019-02-05 10:43:35,683 DEBUG n.e.o.t.s.UpdateSvc                 - sunn-cr5:5/2/1 50                                           
2019-02-05 10:43:35,683 DEBUG n.e.o.t.s.UpdateSvc                 - sunn-cr5:8/1/1 50                                           
2019-02-05 10:43:35,683 DEBUG n.e.o.t.s.UpdateSvc                 - sunn-cr5:2/2/1 50                                           
2019-02-05 10:43:35,683 DEBUG n.e.o.t.s.UpdateSvc                 - sunn-cr5:10/1/1 50                                          
2019-02-05 10:43:35,683 DEBUG n.e.o.t.s.UpdateSvc                 - sunn-cr5:10/1/4 50                                          
2019-02-05 10:43:35,683 DEBUG n.e.o.t.s.UpdateSvc                 - sunn-cr5:7/2/1 50                                           
2019-02-05 10:43:35,683 DEBUG n.e.o.t.s.UpdateSvc                 - sunn-cr5:10/1/5 50                                          
2019-02-05 10:43:35,683 DEBUG n.e.o.t.s.UpdateSvc                 - sunn-cr5:10/2/3 50                                          
2019-02-05 10:43:35,683 DEBUG n.e.o.t.s.UpdateSvc                 - sunn-cr5:10/2/2 50                                          
2019-02-05 10:43:35,685 INFO  n.e.o.t.s.UpdateSvc                 - inserting p: pnwg-cr5:10/1/10 to pnwg-cr5                   
2019-02-05 10:43:35,686 DEBUG n.e.o.t.s.UpdateSvc                 - pnwg-cr5:9/1/2 71                                           
2019-02-05 10:43:35,686 DEBUG n.e.o.t.s.UpdateSvc                 - pnwg-cr5:10/1/10 71                                         
2019-02-05 10:43:35,686 DEBUG n.e.o.t.s.UpdateSvc                 - pnwg-cr5:2/2/1 71                                           
2019-02-05 10:43:35,686 DEBUG n.e.o.t.s.UpdateSvc                 - pnwg-cr5:3/1/1 71                                           
2019-02-05 10:43:35,686 DEBUG n.e.o.t.s.UpdateSvc                 - pnwg-cr5:2/1/1 71                                           
2019-02-05 10:43:35,686 DEBUG n.e.o.t.s.UpdateSvc                 - pnwg-cr5:BLANK 71                                           
2019-02-05 10:43:35,686 DEBUG n.e.o.t.s.UpdateSvc                 - pnwg-cr5:1/1/1 71                                           
2019-02-05 10:43:35,689 INFO  n.e.o.t.s.UpdateSvc                 - inserting p: wash-cr5:5/1/1 to wash-cr5                     
2019-02-05 10:43:35,690 DEBUG n.e.o.t.s.UpdateSvc                 - wash-cr5:10/1/5 36                                          
2019-02-05 10:43:35,690 DEBUG n.e.o.t.s.UpdateSvc                 - wash-cr5:6/1/1 36                                           
2019-02-05 10:43:35,690 DEBUG n.e.o.t.s.UpdateSvc                 - wash-cr5:10/1/3 36                                          
2019-02-05 10:43:35,690 DEBUG n.e.o.t.s.UpdateSvc                 - wash-cr5:10/1/9 36                                          
2019-02-05 10:43:35,690 DEBUG n.e.o.t.s.UpdateSvc                 - wash-cr5:5/1/1 36                                           
2019-02-05 10:43:35,690 DEBUG n.e.o.t.s.UpdateSvc                 - wash-cr5:5/2/1 36                                           
2019-02-05 10:43:35,690 DEBUG n.e.o.t.s.UpdateSvc                 - wash-cr5:4/1/1 36                                           
2019-02-05 10:43:35,690 DEBUG n.e.o.t.s.UpdateSvc                 - wash-cr5:10/1/10 36                                         
2019-02-05 10:43:35,690 DEBUG n.e.o.t.s.UpdateSvc                 - wash-cr5:10/1/4 36                                          
2019-02-05 10:43:35,690 DEBUG n.e.o.t.s.UpdateSvc                 - wash-cr5:1/1/1 36                                           
2019-02-05 10:43:35,690 DEBUG n.e.o.t.s.UpdateSvc                 - wash-cr5:4/2/1 36                                           
2019-02-05 10:43:35,692 INFO  n.e.o.t.s.UpdateSvc                 - inserting p: anl-mr2:xe-0/0/0 to anl-mr2                    
2019-02-05 10:43:35,693 DEBUG n.e.o.t.s.UpdateSvc                 - anl-mr2:xe-2/3/0 53                                         
2019-02-05 10:43:35,693 DEBUG n.e.o.t.s.UpdateSvc                 - anl-mr2:ae0 53                                              
2019-02-05 10:43:35,693 DEBUG n.e.o.t.s.UpdateSvc                 - anl-mr2:xe-0/0/0 53                                         
2019-02-05 10:43:35,693 DEBUG n.e.o.t.s.UpdateSvc                 - anl-mr2:xe-0/1/0 53                                         
2019-02-05 10:43:35,695 INFO  n.e.o.t.s.UpdateSvc                 - inserting p: lbl-mr2:ae0 to lbl-mr2                         
2019-02-05 10:43:35,696 DEBUG n.e.o.t.s.UpdateSvc                 - lbl-mr2:xe-8/3/0 74                                         
2019-02-05 10:43:35,707 DEBUG n.e.o.t.s.UpdateSvc                 - lbl-mr2:xe-7/2/0 74                                         
2019-02-05 10:43:35,707 DEBUG n.e.o.t.s.UpdateSvc                 - lbl-mr2:xe-0/1/0 74                                         
2019-02-05 10:43:35,708 DEBUG n.e.o.t.s.UpdateSvc                 - lbl-mr2:xe-8/1/0 74                                         
2019-02-05 10:43:35,708 DEBUG n.e.o.t.s.UpdateSvc                 - lbl-mr2:ae0 74                                              
2019-02-05 10:43:35,708 DEBUG n.e.o.t.s.UpdateSvc                 - lbl-mr2:xe-7/0/0 74                                         
2019-02-05 10:43:35,708 DEBUG n.e.o.t.s.UpdateSvc                 - lbl-mr2:xe-0/2/0 74                                         
2019-02-05 10:43:35,708 DEBUG n.e.o.t.s.UpdateSvc                 - lbl-mr2:xe-1/1/0 74                                         
2019-02-05 10:43:35,711 INFO  n.e.o.t.s.UpdateSvc                 - inserting p: lond-cr5:1/1/1 to lond-cr5                     
2019-02-05 10:43:35,711 DEBUG n.e.o.t.s.UpdateSvc                 - lond-cr5:10/1/4 57                                          
2019-02-05 10:43:35,711 DEBUG n.e.o.t.s.UpdateSvc                 - lond-cr5:2/2/1 57                                           
2019-02-05 10:43:35,711 DEBUG n.e.o.t.s.UpdateSvc                 - lond-cr5:1/2/1 57                                           
2019-02-05 10:43:35,711 DEBUG n.e.o.t.s.UpdateSvc                 - lond-cr5:2/1/1 57                                           
2019-02-05 10:43:35,711 DEBUG n.e.o.t.s.UpdateSvc                 - lond-cr5:1/1/1 57                                           
2019-02-05 10:43:35,712 DEBUG n.e.o.t.s.UpdateSvc                 - lond-cr5:10/1/1 57                                          
2019-02-05 10:43:35,712 DEBUG n.e.o.t.s.UpdateSvc                 - lond-cr5:5/1/1 57                                           
2019-02-05 10:43:35,712 DEBUG n.e.o.t.s.UpdateSvc                 - lond-cr5:10/1/2 57                                          
2019-02-05 10:43:35,714 INFO  n.e.o.t.s.UpdateSvc                 - inserting p: star-cr5:6/2/1 to star-cr5                     
2019-02-05 10:43:35,716 DEBUG n.e.o.t.s.UpdateSvc                 - star-cr5:5/1/1 76                                           
2019-02-05 10:43:35,716 DEBUG n.e.o.t.s.UpdateSvc                 - star-cr5:4/1/1 76                                           
2019-02-05 10:43:35,716 DEBUG n.e.o.t.s.UpdateSvc                 - star-cr5:BLANK 76                                           
2019-02-05 10:43:35,716 DEBUG n.e.o.t.s.UpdateSvc                 - star-cr5:6/1/1 76                                           
2019-02-05 10:43:35,716 DEBUG n.e.o.t.s.UpdateSvc                 - star-cr5:10/1/1 76                                          
2019-02-05 10:43:35,716 DEBUG n.e.o.t.s.UpdateSvc                 - star-cr5:10/1/7 76                                          
2019-02-05 10:43:35,716 DEBUG n.e.o.t.s.UpdateSvc                 - star-cr5:4/2/1 76                                           
2019-02-05 10:43:35,716 DEBUG n.e.o.t.s.UpdateSvc                 - star-cr5:10/1/8 76                                          
2019-02-05 10:43:35,716 DEBUG n.e.o.t.s.UpdateSvc                 - star-cr5:3/1/1 76                                           
2019-02-05 10:43:35,716 DEBUG n.e.o.t.s.UpdateSvc                 - star-cr5:3/2/1 76                                           
2019-02-05 10:43:35,716 DEBUG n.e.o.t.s.UpdateSvc                 - star-cr5:6/2/1 76                                           
2019-02-05 10:43:35,719 INFO  n.e.o.t.s.UpdateSvc                 - inserting p: bost-cr5:3/1/1 to bost-cr5                     
2019-02-05 10:43:35,720 DEBUG n.e.o.t.s.UpdateSvc                 - bost-cr5:1/1/1 77                                           
2019-02-05 10:43:35,720 DEBUG n.e.o.t.s.UpdateSvc                 - bost-cr5:10/1/2 77                                          
2019-02-05 10:43:35,720 DEBUG n.e.o.t.s.UpdateSvc                 - bost-cr5:10/1/6 77                                          
2019-02-05 10:43:35,720 DEBUG n.e.o.t.s.UpdateSvc                 - bost-cr5:2/1/1 77                                           
2019-02-05 10:43:35,720 DEBUG n.e.o.t.s.UpdateSvc                 - bost-cr5:10/2/3 77                                          
2019-02-05 10:43:35,720 DEBUG n.e.o.t.s.UpdateSvc                 - bost-cr5:3/1/1 77                                           
2019-02-05 10:43:35,720 DEBUG n.e.o.t.s.UpdateSvc                 - bost-cr5:10/1/5 77                                          
2019-02-05 10:43:35,723 INFO  n.e.o.t.s.UpdateSvc                 - inserting p: snll-mr2:xe-1/3/0 to snll-mr2                  
2019-02-05 10:43:35,724 DEBUG n.e.o.t.s.UpdateSvc                 - snll-mr2:xe-1/3/0 40                                        
2019-02-05 10:43:35,724 DEBUG n.e.o.t.s.UpdateSvc                 - snll-mr2:xe-1/2/0 40                                        
2019-02-05 10:43:35,724 DEBUG n.e.o.t.s.UpdateSvc                 - snll-mr2:xe-2/2/0 40                                        
2019-02-05 10:43:35,724 DEBUG n.e.o.t.s.UpdateSvc                 - snll-mr2:xe-2/0/0 40                                        
2019-02-05 10:43:35,724 DEBUG n.e.o.t.s.UpdateSvc                 - snll-mr2:xe-2/3/0 40                                        
2019-02-05 10:43:35,727 INFO  n.e.o.t.s.UpdateSvc                 - inserting p: netl-pgh-rt1:xe-2/0/0 to netl-pgh-rt1          
2019-02-05 10:43:35,728 DEBUG n.e.o.t.s.UpdateSvc                 - netl-pgh-rt1:xe-2/0/0 51                                    
2019-02-05 10:43:35,731 INFO  n.e.o.t.s.UpdateSvc                 - inserting p: llnl-mr2:xe-0/0/0 to llnl-mr2                  
2019-02-05 10:43:35,733 DEBUG n.e.o.t.s.UpdateSvc                 - llnl-mr2:xe-0/1/0 52                                        
2019-02-05 10:43:35,733 DEBUG n.e.o.t.s.UpdateSvc                 - llnl-mr2:xe-2/1/0 52                                        
2019-02-05 10:43:35,733 DEBUG n.e.o.t.s.UpdateSvc                 - llnl-mr2:xe-1/3/0 52                                        
2019-02-05 10:43:35,733 DEBUG n.e.o.t.s.UpdateSvc                 - llnl-mr2:xe-3/2/0 52                                        
2019-02-05 10:43:35,733 DEBUG n.e.o.t.s.UpdateSvc                 - llnl-mr2:ge-3/0/0 52                                        
2019-02-05 10:43:35,733 DEBUG n.e.o.t.s.UpdateSvc                 - llnl-mr2:xe-2/2/0 52                                        
2019-02-05 10:43:35,733 DEBUG n.e.o.t.s.UpdateSvc                 - llnl-mr2:ge-3/0/1 52                                        
2019-02-05 10:43:35,733 DEBUG n.e.o.t.s.UpdateSvc                 - llnl-mr2:xe-2/0/0 52                                        
2019-02-05 10:43:35,733 DEBUG n.e.o.t.s.UpdateSvc                 - llnl-mr2:xe-1/0/0 52                                        
2019-02-05 10:43:35,733 DEBUG n.e.o.t.s.UpdateSvc                 - llnl-mr2:xe-0/2/0 52                                        
2019-02-05 10:43:35,733 DEBUG n.e.o.t.s.UpdateSvc                 - llnl-mr2:xe-0/0/0 52                                        
2019-02-05 10:43:35,736 INFO  n.e.o.t.s.UpdateSvc                 - inserting p: netl-pgh-rt1:xe-2/0/2 to netl-pgh-rt1          
2019-02-05 10:43:35,737 DEBUG n.e.o.t.s.UpdateSvc                 - netl-pgh-rt1:xe-2/0/2 51                                    
2019-02-05 10:43:35,737 DEBUG n.e.o.t.s.UpdateSvc                 - netl-pgh-rt1:xe-2/0/0 51                                    
2019-02-05 10:43:35,740 INFO  n.e.o.t.s.UpdateSvc                 - inserting p: netl-pgh-rt1:xe-2/0/1 to netl-pgh-rt1          
2019-02-05 10:43:35,742 DEBUG n.e.o.t.s.UpdateSvc                 - netl-pgh-rt1:xe-2/0/2 51                                    
2019-02-05 10:43:35,742 DEBUG n.e.o.t.s.UpdateSvc                 - netl-pgh-rt1:xe-2/0/0 51                                    
2019-02-05 10:43:35,742 DEBUG n.e.o.t.s.UpdateSvc                 - netl-pgh-rt1:xe-2/0/1 51                                    
2019-02-05 10:43:35,745 INFO  n.e.o.t.s.UpdateSvc                 - inserting p: netl-pgh-rt1:xe-2/0/3 to netl-pgh-rt1          
2019-02-05 10:43:35,746 DEBUG n.e.o.t.s.UpdateSvc                 - netl-pgh-rt1:xe-2/0/2 51                                    
2019-02-05 10:43:35,746 DEBUG n.e.o.t.s.UpdateSvc                 - netl-pgh-rt1:xe-2/0/0 51                                    
2019-02-05 10:43:35,746 DEBUG n.e.o.t.s.UpdateSvc                 - netl-pgh-rt1:xe-2/0/3 51                                    
2019-02-05 10:43:35,746 DEBUG n.e.o.t.s.UpdateSvc                 - netl-pgh-rt1:xe-2/0/1 51                                    
2019-02-05 10:43:35,749 INFO  n.e.o.t.s.UpdateSvc                 - inserting p: aofa-cr5:1/1/1 to aofa-cr5                     
2019-02-05 10:43:35,750 DEBUG n.e.o.t.s.UpdateSvc                 - aofa-cr5:9/1/5 69                                           
2019-02-05 10:43:35,751 DEBUG n.e.o.t.s.UpdateSvc                 - aofa-cr5:3/1/1 69                                           
2019-02-05 10:43:35,751 DEBUG n.e.o.t.s.UpdateSvc                 - aofa-cr5:10/1/1 69                                          
2019-02-05 10:43:35,751 DEBUG n.e.o.t.s.UpdateSvc                 - aofa-cr5:4/1/1 69                                           
2019-02-05 10:43:35,751 DEBUG n.e.o.t.s.UpdateSvc                 - aofa-cr5:10/1/8 69                                          
2019-02-05 10:43:35,751 DEBUG n.e.o.t.s.UpdateSvc                 - aofa-cr5:2/1/1 69                                           
2019-02-05 10:43:35,751 DEBUG n.e.o.t.s.UpdateSvc                 - aofa-cr5:10/1/2 69                                          
2019-02-05 10:43:35,751 DEBUG n.e.o.t.s.UpdateSvc                 - aofa-cr5:5/1/1 69                                           
2019-02-05 10:43:35,751 DEBUG n.e.o.t.s.UpdateSvc                 - aofa-cr5:1/1/1 69                                           
2019-02-05 10:43:35,751 DEBUG n.e.o.t.s.UpdateSvc                 - aofa-cr5:6/2/1 69                                           
2019-02-05 10:43:35,751 DEBUG n.e.o.t.s.UpdateSvc                 - aofa-cr5:10/1/9 69                                          
2019-02-05 10:43:35,751 DEBUG n.e.o.t.s.UpdateSvc                 - aofa-cr5:4/2/1 69                                           
2019-02-05 10:43:35,751 DEBUG n.e.o.t.s.UpdateSvc                 - aofa-cr5:9/1/1 69                                           
2019-02-05 10:43:35,754 INFO  n.e.o.t.s.UpdateSvc                 - inserting p: snla-rt3:xe-1/2/0 to snla-rt3                  
2019-02-05 10:43:35,755 DEBUG n.e.o.t.s.UpdateSvc                 - snla-rt3:xe-1/2/0 48                                        
2019-02-05 10:43:35,755 DEBUG n.e.o.t.s.UpdateSvc                 - snla-rt3:ge-1/0/2 48                                        
2019-02-05 10:43:35,758 INFO  n.e.o.t.s.UpdateSvc                 - inserting p: kans-cr5:3/1/1 to kans-cr5                     
2019-02-05 10:43:35,759 DEBUG n.e.o.t.s.UpdateSvc                 - kans-cr5:10/1/3 38                                          
2019-02-05 10:43:35,759 DEBUG n.e.o.t.s.UpdateSvc                 - kans-cr5:2/1/1 38                                           
2019-02-05 10:43:35,759 DEBUG n.e.o.t.s.UpdateSvc                 - kans-cr5:1/1/1 38                                           
2019-02-05 10:43:35,759 DEBUG n.e.o.t.s.UpdateSvc                 - kans-cr5:10/1/4 38                                          
2019-02-05 10:43:35,759 DEBUG n.e.o.t.s.UpdateSvc                 - kans-cr5:3/1/1 38                                           
2019-02-05 10:43:35,761 INFO  n.e.o.t.s.UpdateSvc                 - inserting p: llnl-mr2:ae0 to llnl-mr2                       
2019-02-05 10:43:35,762 DEBUG n.e.o.t.s.UpdateSvc                 - llnl-mr2:xe-0/1/0 52                                        
2019-02-05 10:43:35,762 DEBUG n.e.o.t.s.UpdateSvc                 - llnl-mr2:ae0 52                                             
2019-02-05 10:43:35,762 DEBUG n.e.o.t.s.UpdateSvc                 - llnl-mr2:xe-2/1/0 52                                        
2019-02-05 10:43:35,762 DEBUG n.e.o.t.s.UpdateSvc                 - llnl-mr2:xe-1/3/0 52                                        
2019-02-05 10:43:35,762 DEBUG n.e.o.t.s.UpdateSvc                 - llnl-mr2:xe-3/2/0 52                                        
2019-02-05 10:43:35,762 DEBUG n.e.o.t.s.UpdateSvc                 - llnl-mr2:ge-3/0/0 52                                        
2019-02-05 10:43:35,762 DEBUG n.e.o.t.s.UpdateSvc                 - llnl-mr2:xe-2/2/0 52                                        
2019-02-05 10:43:35,762 DEBUG n.e.o.t.s.UpdateSvc                 - llnl-mr2:ge-3/0/1 52                                        
2019-02-05 10:43:35,763 DEBUG n.e.o.t.s.UpdateSvc                 - llnl-mr2:xe-2/0/0 52                                        
2019-02-05 10:43:35,763 DEBUG n.e.o.t.s.UpdateSvc                 - llnl-mr2:xe-1/0/0 52                                        
2019-02-05 10:43:35,763 DEBUG n.e.o.t.s.UpdateSvc                 - llnl-mr2:xe-0/2/0 52                                        
2019-02-05 10:43:35,763 DEBUG n.e.o.t.s.UpdateSvc                 - llnl-mr2:xe-0/0/0 52                                        
2019-02-05 10:43:35,765 INFO  n.e.o.t.s.UpdateSvc                 - inserting p: denv-cr5:9/1/3 to denv-cr5                     
2019-02-05 10:43:35,766 DEBUG n.e.o.t.s.UpdateSvc                 - denv-cr5:10/1/4 75                                          
2019-02-05 10:43:35,766 DEBUG n.e.o.t.s.UpdateSvc                 - denv-cr5:1/1/1 75                                           
2019-02-05 10:43:35,766 DEBUG n.e.o.t.s.UpdateSvc                 - denv-cr5:4/1/1 75                                           
2019-02-05 10:43:35,766 DEBUG n.e.o.t.s.UpdateSvc                 - denv-cr5:10/1/5 75                                          
2019-02-05 10:43:35,766 DEBUG n.e.o.t.s.UpdateSvc                 - denv-cr5:4/2/1 75                                           
2019-02-05 10:43:35,766 DEBUG n.e.o.t.s.UpdateSvc                 - denv-cr5:10/1/6 75                                          
2019-02-05 10:43:35,766 DEBUG n.e.o.t.s.UpdateSvc                 - denv-cr5:10/1/11 75                                         
2019-02-05 10:43:35,766 DEBUG n.e.o.t.s.UpdateSvc                 - denv-cr5:10/1/12 75                                         
2019-02-05 10:43:35,766 DEBUG n.e.o.t.s.UpdateSvc                 - denv-cr5:10/1/7 75                                          
2019-02-05 10:43:35,766 DEBUG n.e.o.t.s.UpdateSvc                 - denv-cr5:10/1/3 75                                          
2019-02-05 10:43:35,766 DEBUG n.e.o.t.s.UpdateSvc                 - denv-cr5:10/1/10 75                                         
2019-02-05 10:43:35,766 DEBUG n.e.o.t.s.UpdateSvc                 - denv-cr5:9/1/3 75                                           
2019-02-05 10:43:35,769 INFO  n.e.o.t.s.UpdateSvc                 - inserting p: denv-cr5:9/1/1 to denv-cr5                     
2019-02-05 10:43:35,770 DEBUG n.e.o.t.s.UpdateSvc                 - denv-cr5:10/1/4 75                                          
2019-02-05 10:43:35,770 DEBUG n.e.o.t.s.UpdateSvc                 - denv-cr5:1/1/1 75                                           
2019-02-05 10:43:35,770 DEBUG n.e.o.t.s.UpdateSvc                 - denv-cr5:4/1/1 75                                           
2019-02-05 10:43:35,770 DEBUG n.e.o.t.s.UpdateSvc                 - denv-cr5:4/2/1 75                                           
2019-02-05 10:43:35,770 DEBUG n.e.o.t.s.UpdateSvc                 - denv-cr5:10/1/12 75                                         
2019-02-05 10:43:35,770 DEBUG n.e.o.t.s.UpdateSvc                 - denv-cr5:10/1/7 75                                          
2019-02-05 10:43:35,770 DEBUG n.e.o.t.s.UpdateSvc                 - denv-cr5:10/1/3 75                                          
2019-02-05 10:43:35,770 DEBUG n.e.o.t.s.UpdateSvc                 - denv-cr5:10/1/10 75                                         
2019-02-05 10:43:35,770 DEBUG n.e.o.t.s.UpdateSvc                 - denv-cr5:10/1/5 75                                          
2019-02-05 10:43:35,770 DEBUG n.e.o.t.s.UpdateSvc                 - denv-cr5:10/1/6 75                                          
2019-02-05 10:43:35,770 DEBUG n.e.o.t.s.UpdateSvc                 - denv-cr5:10/1/11 75                                         
2019-02-05 10:43:35,770 DEBUG n.e.o.t.s.UpdateSvc                 - denv-cr5:9/1/1 75                                           
2019-02-05 10:43:35,770 DEBUG n.e.o.t.s.UpdateSvc                 - denv-cr5:9/1/3 75                                           
2019-02-05 10:43:35,772 INFO  n.e.o.t.s.UpdateSvc                 - inserting p: osti-rt2:xe-1/2/0 to osti-rt2                  
2019-02-05 10:43:35,773 DEBUG n.e.o.t.s.UpdateSvc                 - osti-rt2:ae0 70                                             
2019-02-05 10:43:35,773 DEBUG n.e.o.t.s.UpdateSvc                 - osti-rt2:xe-1/2/0 70                                        
2019-02-05 10:43:35,774 INFO  n.e.o.t.s.UpdateSvc                 - inserting p: chic-cr5:2/1/1 to chic-cr5                     
2019-02-05 10:43:35,775 DEBUG n.e.o.t.s.UpdateSvc                 - chic-cr5:10/1/5 55                                          
2019-02-05 10:43:35,775 DEBUG n.e.o.t.s.UpdateSvc                 - chic-cr5:2/1/1 55                                           
2019-02-05 10:43:35,775 DEBUG n.e.o.t.s.UpdateSvc                 - chic-cr5:7/1/1 55                                           
2019-02-05 10:43:35,775 DEBUG n.e.o.t.s.UpdateSvc                 - chic-cr5:6/1/1 55                                           
2019-02-05 10:43:35,775 DEBUG n.e.o.t.s.UpdateSvc                 - chic-cr5:10/1/3 55                                          
2019-02-05 10:43:35,775 DEBUG n.e.o.t.s.UpdateSvc                 - chic-cr5:10/1/1 55                                          
2019-02-05 10:43:35,775 DEBUG n.e.o.t.s.UpdateSvc                 - chic-cr5:8/1/1 55                                           
2019-02-05 10:43:35,775 DEBUG n.e.o.t.s.UpdateSvc                 - chic-cr5:BLANK 55                                           
2019-02-05 10:43:35,775 DEBUG n.e.o.t.s.UpdateSvc                 - chic-cr5:1/1/1 55                                           
2019-02-05 10:43:35,775 DEBUG n.e.o.t.s.UpdateSvc                 - chic-cr5:7/2/1 55                                           
2019-02-05 10:43:35,775 DEBUG n.e.o.t.s.UpdateSvc                 - chic-cr5:10/1/4 55                                          
2019-02-05 10:43:35,775 DEBUG n.e.o.t.s.UpdateSvc                 - chic-cr5:3/1/1 55                                           
2019-02-05 10:43:35,775 DEBUG n.e.o.t.s.UpdateSvc                 - chic-cr5:6/2/1 55                                           
2019-02-05 10:43:35,775 DEBUG n.e.o.t.s.UpdateSvc                 - chic-cr5:10/1/7 55                                          
2019-02-05 10:43:35,777 INFO  n.e.o.t.s.UpdateSvc                 - inserting p: lbl-mr2:xe-2/3/0 to lbl-mr2                    
2019-02-05 10:43:35,777 DEBUG n.e.o.t.s.UpdateSvc                 - lbl-mr2:xe-8/3/0 74                                         
2019-02-05 10:43:35,777 DEBUG n.e.o.t.s.UpdateSvc                 - lbl-mr2:xe-7/2/0 74                                         
2019-02-05 10:43:35,777 DEBUG n.e.o.t.s.UpdateSvc                 - lbl-mr2:xe-0/1/0 74                                         
2019-02-05 10:43:35,777 DEBUG n.e.o.t.s.UpdateSvc                 - lbl-mr2:xe-8/1/0 74                                         
2019-02-05 10:43:35,777 DEBUG n.e.o.t.s.UpdateSvc                 - lbl-mr2:ae0 74                                              
2019-02-05 10:43:35,778 DEBUG n.e.o.t.s.UpdateSvc                 - lbl-mr2:xe-7/0/0 74                                         
2019-02-05 10:43:35,778 DEBUG n.e.o.t.s.UpdateSvc                 - lbl-mr2:xe-0/2/0 74                                         
2019-02-05 10:43:35,778 DEBUG n.e.o.t.s.UpdateSvc                 - lbl-mr2:xe-1/1/0 74                                         
2019-02-05 10:43:35,778 DEBUG n.e.o.t.s.UpdateSvc                 - lbl-mr2:xe-2/3/0 74                                         
2019-02-05 10:43:35,779 INFO  n.e.o.t.s.UpdateSvc                 - inserting p: amst-cr5:2/1/1 to amst-cr5                     
2019-02-05 10:43:35,780 DEBUG n.e.o.t.s.UpdateSvc                 - amst-cr5:10/2/5 72                                          
2019-02-05 10:43:35,780 DEBUG n.e.o.t.s.UpdateSvc                 - amst-cr5:5/1/1 72                                           
2019-02-05 10:43:35,780 DEBUG n.e.o.t.s.UpdateSvc                 - amst-cr5:3/1/1 72                                           
2019-02-05 10:43:35,780 DEBUG n.e.o.t.s.UpdateSvc                 - amst-cr5:10/1/2 72                                          
2019-02-05 10:43:35,780 DEBUG n.e.o.t.s.UpdateSvc                 - amst-cr5:2/1/1 72                                           
2019-02-05 10:43:35,780 DEBUG n.e.o.t.s.UpdateSvc                 - amst-cr5:10/1/1 72                                          
2019-02-05 10:43:35,782 INFO  n.e.o.t.s.UpdateSvc                 - inserting p: sunn-cr5:2/1/1 to sunn-cr5                     
2019-02-05 10:43:35,783 DEBUG n.e.o.t.s.UpdateSvc                 - sunn-cr5:10/2/4 50                                          
2019-02-05 10:43:35,783 DEBUG n.e.o.t.s.UpdateSvc                 - sunn-cr5:10/2/6 50                                          
2019-02-05 10:43:35,783 DEBUG n.e.o.t.s.UpdateSvc                 - sunn-cr5:4/1/1 50                                           
2019-02-05 10:43:35,783 DEBUG n.e.o.t.s.UpdateSvc                 - sunn-cr5:10/1/6 50                                          
2019-02-05 10:43:35,783 DEBUG n.e.o.t.s.UpdateSvc                 - sunn-cr5:10/1/2 50                                          
2019-02-05 10:43:35,783 DEBUG n.e.o.t.s.UpdateSvc                 - sunn-cr5:5/1/1 50                                           
2019-02-05 10:43:35,783 DEBUG n.e.o.t.s.UpdateSvc                 - sunn-cr5:7/1/1 50                                           
2019-02-05 10:43:35,783 DEBUG n.e.o.t.s.UpdateSvc                 - sunn-cr5:10/2/1 50                                          
2019-02-05 10:43:35,783 DEBUG n.e.o.t.s.UpdateSvc                 - sunn-cr5:10/1/3 50                                          
2019-02-05 10:43:35,783 DEBUG n.e.o.t.s.UpdateSvc                 - sunn-cr5:10/2/5 50                                          
2019-02-05 10:43:35,783 DEBUG n.e.o.t.s.UpdateSvc                 - sunn-cr5:5/2/1 50                                           
2019-02-05 10:43:35,783 DEBUG n.e.o.t.s.UpdateSvc                 - sunn-cr5:8/1/1 50                                           
2019-02-05 10:43:35,783 DEBUG n.e.o.t.s.UpdateSvc                 - sunn-cr5:2/2/1 50                                           
2019-02-05 10:43:35,783 DEBUG n.e.o.t.s.UpdateSvc                 - sunn-cr5:10/1/1 50                                          
2019-02-05 10:43:35,783 DEBUG n.e.o.t.s.UpdateSvc                 - sunn-cr5:10/1/4 50                                          
2019-02-05 10:43:35,783 DEBUG n.e.o.t.s.UpdateSvc                 - sunn-cr5:2/1/1 50                                           
2019-02-05 10:43:35,783 DEBUG n.e.o.t.s.UpdateSvc                 - sunn-cr5:7/2/1 50                                           
2019-02-05 10:43:35,783 DEBUG n.e.o.t.s.UpdateSvc                 - sunn-cr5:10/1/5 50                                          
2019-02-05 10:43:35,783 DEBUG n.e.o.t.s.UpdateSvc                 - sunn-cr5:10/2/3 50                                          
2019-02-05 10:43:35,783 DEBUG n.e.o.t.s.UpdateSvc                 - sunn-cr5:10/2/2 50                                          
2019-02-05 10:43:35,785 INFO  n.e.o.t.s.UpdateSvc                 - inserting p: nash-cr5:3/1/1 to nash-cr5                     
2019-02-05 10:43:35,787 DEBUG n.e.o.t.s.UpdateSvc                 - nash-cr5:3/1/1 45                                           
2019-02-05 10:43:35,787 DEBUG n.e.o.t.s.UpdateSvc                 - nash-cr5:10/1/6 45                                          
2019-02-05 10:43:35,787 DEBUG n.e.o.t.s.UpdateSvc                 - nash-cr5:10/1/3 45                                          
2019-02-05 10:43:35,787 DEBUG n.e.o.t.s.UpdateSvc                 - nash-cr5:1/1/1 45                                           
2019-02-05 10:43:35,787 DEBUG n.e.o.t.s.UpdateSvc                 - nash-cr5:1/2/1 45                                           
2019-02-05 10:43:35,787 DEBUG n.e.o.t.s.UpdateSvc                 - nash-cr5:2/1/1 45                                           
2019-02-05 10:43:35,787 DEBUG n.e.o.t.s.UpdateSvc                 - nash-cr5:10/1/5 45                                          
2019-02-05 10:43:35,787 DEBUG n.e.o.t.s.UpdateSvc                 - nash-cr5:10/1/4 45                                          
2019-02-05 10:43:35,789 INFO  n.e.o.t.s.UpdateSvc                 - inserting p: pppl-rt5:xe-1/3/0 to pppl-rt5                  
2019-02-05 10:43:35,789 DEBUG n.e.o.t.s.UpdateSvc                 - pppl-rt5:xe-1/3/0 30                                        
2019-02-05 10:43:35,802 INFO  n.e.o.t.s.UpdateSvc                 - inserting p: snll-mr2:xe-0/2/0 to snll-mr2                  
2019-02-05 10:43:35,803 DEBUG n.e.o.t.s.UpdateSvc                 - snll-mr2:xe-1/3/0 40                                        
2019-02-05 10:43:35,803 DEBUG n.e.o.t.s.UpdateSvc                 - snll-mr2:xe-0/2/0 40                                        
2019-02-05 10:43:35,803 DEBUG n.e.o.t.s.UpdateSvc                 - snll-mr2:xe-1/2/0 40                                        
2019-02-05 10:43:35,803 DEBUG n.e.o.t.s.UpdateSvc                 - snll-mr2:xe-2/2/0 40                                        
2019-02-05 10:43:35,803 DEBUG n.e.o.t.s.UpdateSvc                 - snll-mr2:xe-2/0/0 40                                        
2019-02-05 10:43:35,803 DEBUG n.e.o.t.s.UpdateSvc                 - snll-mr2:xe-2/3/0 40                                        
2019-02-05 10:43:35,805 INFO  n.e.o.t.s.UpdateSvc                 - inserting p: lbl-mr2:ge-9/0/4 to lbl-mr2                    
2019-02-05 10:43:35,806 DEBUG n.e.o.t.s.UpdateSvc                 - lbl-mr2:xe-8/3/0 74                                         
2019-02-05 10:43:35,806 DEBUG n.e.o.t.s.UpdateSvc                 - lbl-mr2:xe-7/2/0 74                                         
2019-02-05 10:43:35,806 DEBUG n.e.o.t.s.UpdateSvc                 - lbl-mr2:xe-0/1/0 74                                         
2019-02-05 10:43:35,806 DEBUG n.e.o.t.s.UpdateSvc                 - lbl-mr2:xe-8/1/0 74                                         
2019-02-05 10:43:35,806 DEBUG n.e.o.t.s.UpdateSvc                 - lbl-mr2:ae0 74                                              
2019-02-05 10:43:35,806 DEBUG n.e.o.t.s.UpdateSvc                 - lbl-mr2:xe-7/0/0 74                                         
2019-02-05 10:43:35,806 DEBUG n.e.o.t.s.UpdateSvc                 - lbl-mr2:xe-0/2/0 74                                         
2019-02-05 10:43:35,806 DEBUG n.e.o.t.s.UpdateSvc                 - lbl-mr2:ge-9/0/4 74                                         
2019-02-05 10:43:35,806 DEBUG n.e.o.t.s.UpdateSvc                 - lbl-mr2:xe-1/1/0 74                                         
2019-02-05 10:43:35,806 DEBUG n.e.o.t.s.UpdateSvc                 - lbl-mr2:xe-2/3/0 74                                         
2019-02-05 10:43:35,809 INFO  n.e.o.t.s.UpdateSvc                 - inserting p: anl-mr2:xe-1/3/0 to anl-mr2                    
2019-02-05 10:43:35,809 DEBUG n.e.o.t.s.UpdateSvc                 - anl-mr2:xe-2/3/0 53                                         
2019-02-05 10:43:35,809 DEBUG n.e.o.t.s.UpdateSvc                 - anl-mr2:ae0 53                                              
2019-02-05 10:43:35,810 DEBUG n.e.o.t.s.UpdateSvc                 - anl-mr2:xe-0/0/0 53                                         
2019-02-05 10:43:35,810 DEBUG n.e.o.t.s.UpdateSvc                 - anl-mr2:xe-1/3/0 53                                         
2019-02-05 10:43:35,810 DEBUG n.e.o.t.s.UpdateSvc                 - anl-mr2:xe-0/1/0 53                                         
2019-02-05 10:43:35,812 INFO  n.e.o.t.s.UpdateSvc                 - inserting p: denv-cr5:3/1/1 to denv-cr5                     
2019-02-05 10:43:35,812 DEBUG n.e.o.t.s.UpdateSvc                 - denv-cr5:10/1/4 75                                          
2019-02-05 10:43:35,812 DEBUG n.e.o.t.s.UpdateSvc                 - denv-cr5:1/1/1 75                                           
2019-02-05 10:43:35,812 DEBUG n.e.o.t.s.UpdateSvc                 - denv-cr5:4/1/1 75                                           
2019-02-05 10:43:35,812 DEBUG n.e.o.t.s.UpdateSvc                 - denv-cr5:4/2/1 75                                           
2019-02-05 10:43:35,812 DEBUG n.e.o.t.s.UpdateSvc                 - denv-cr5:10/1/12 75                                         
2019-02-05 10:43:35,812 DEBUG n.e.o.t.s.UpdateSvc                 - denv-cr5:10/1/7 75                                          
2019-02-05 10:43:35,813 DEBUG n.e.o.t.s.UpdateSvc                 - denv-cr5:10/1/3 75                                          
2019-02-05 10:43:35,813 DEBUG n.e.o.t.s.UpdateSvc                 - denv-cr5:10/1/10 75                                         
2019-02-05 10:43:35,813 DEBUG n.e.o.t.s.UpdateSvc                 - denv-cr5:10/1/5 75                                          
2019-02-05 10:43:35,813 DEBUG n.e.o.t.s.UpdateSvc                 - denv-cr5:10/1/6 75                                          
2019-02-05 10:43:35,813 DEBUG n.e.o.t.s.UpdateSvc                 - denv-cr5:10/1/11 75                                         
2019-02-05 10:43:35,813 DEBUG n.e.o.t.s.UpdateSvc                 - denv-cr5:3/1/1 75                                           
2019-02-05 10:43:35,813 DEBUG n.e.o.t.s.UpdateSvc                 - denv-cr5:9/1/1 75                                           
2019-02-05 10:43:35,813 DEBUG n.e.o.t.s.UpdateSvc                 - denv-cr5:9/1/3 75                                           
2019-02-05 10:43:35,815 INFO  n.e.o.t.s.UpdateSvc                 - inserting p: star-cr5:1/2/1 to star-cr5                     
2019-02-05 10:43:35,816 DEBUG n.e.o.t.s.UpdateSvc                 - star-cr5:5/1/1 76                                           
2019-02-05 10:43:35,816 DEBUG n.e.o.t.s.UpdateSvc                 - star-cr5:4/1/1 76                                           
2019-02-05 10:43:35,816 DEBUG n.e.o.t.s.UpdateSvc                 - star-cr5:BLANK 76                                           
2019-02-05 10:43:35,816 DEBUG n.e.o.t.s.UpdateSvc                 - star-cr5:6/1/1 76                                           
2019-02-05 10:43:35,816 DEBUG n.e.o.t.s.UpdateSvc                 - star-cr5:10/1/1 76                                          
2019-02-05 10:43:35,816 DEBUG n.e.o.t.s.UpdateSvc                 - star-cr5:10/1/7 76                                          
2019-02-05 10:43:35,816 DEBUG n.e.o.t.s.UpdateSvc                 - star-cr5:4/2/1 76                                           
2019-02-05 10:43:35,816 DEBUG n.e.o.t.s.UpdateSvc                 - star-cr5:10/1/8 76                                          
2019-02-05 10:43:35,816 DEBUG n.e.o.t.s.UpdateSvc                 - star-cr5:1/2/1 76                                           
2019-02-05 10:43:35,816 DEBUG n.e.o.t.s.UpdateSvc                 - star-cr5:3/1/1 76                                           
2019-02-05 10:43:35,816 DEBUG n.e.o.t.s.UpdateSvc                 - star-cr5:3/2/1 76                                           
2019-02-05 10:43:35,816 DEBUG n.e.o.t.s.UpdateSvc                 - star-cr5:6/2/1 76                                           
2019-02-05 10:43:35,819 INFO  n.e.o.t.s.UpdateSvc                 - inserting p: chic-cr5:4/1/1 to chic-cr5                     
2019-02-05 10:43:35,819 DEBUG n.e.o.t.s.UpdateSvc                 - chic-cr5:10/1/5 55                                          
2019-02-05 10:43:35,819 DEBUG n.e.o.t.s.UpdateSvc                 - chic-cr5:2/1/1 55                                           
2019-02-05 10:43:35,819 DEBUG n.e.o.t.s.UpdateSvc                 - chic-cr5:7/1/1 55                                           
2019-02-05 10:43:35,819 DEBUG n.e.o.t.s.UpdateSvc                 - chic-cr5:6/1/1 55                                           
2019-02-05 10:43:35,819 DEBUG n.e.o.t.s.UpdateSvc                 - chic-cr5:10/1/3 55                                          
2019-02-05 10:43:35,819 DEBUG n.e.o.t.s.UpdateSvc                 - chic-cr5:10/1/1 55                                          
2019-02-05 10:43:35,819 DEBUG n.e.o.t.s.UpdateSvc                 - chic-cr5:8/1/1 55                                           
2019-02-05 10:43:35,819 DEBUG n.e.o.t.s.UpdateSvc                 - chic-cr5:BLANK 55                                           
2019-02-05 10:43:35,821 DEBUG n.e.o.t.s.UpdateSvc                 - chic-cr5:1/1/1 55                                           
2019-02-05 10:43:35,821 DEBUG n.e.o.t.s.UpdateSvc                 - chic-cr5:7/2/1 55                                           
2019-02-05 10:43:35,821 DEBUG n.e.o.t.s.UpdateSvc                 - chic-cr5:4/1/1 55                                           
2019-02-05 10:43:35,821 DEBUG n.e.o.t.s.UpdateSvc                 - chic-cr5:10/1/4 55                                          
2019-02-05 10:43:35,821 DEBUG n.e.o.t.s.UpdateSvc                 - chic-cr5:3/1/1 55                                           
2019-02-05 10:43:35,821 DEBUG n.e.o.t.s.UpdateSvc                 - chic-cr5:6/2/1 55                                           
2019-02-05 10:43:35,821 DEBUG n.e.o.t.s.UpdateSvc                 - chic-cr5:10/1/7 55                                          
2019-02-05 10:43:35,824 INFO  n.e.o.t.s.UpdateSvc                 - inserting p: srs-rt3:ge-1/0/0 to srs-rt3                    
2019-02-05 10:43:35,825 DEBUG n.e.o.t.s.UpdateSvc                 - srs-rt3:ge-0/1/0 31                                         
2019-02-05 10:43:35,826 DEBUG n.e.o.t.s.UpdateSvc                 - srs-rt3:ge-1/0/0 31                                         
2019-02-05 10:43:35,826 DEBUG n.e.o.t.s.UpdateSvc                 - srs-rt3:ge-0/0/0 31                                         
2019-02-05 10:43:35,828 INFO  n.e.o.t.s.UpdateSvc                 - inserting p: sunn-cr5:9/1/2 to sunn-cr5                     
2019-02-05 10:43:35,829 DEBUG n.e.o.t.s.UpdateSvc                 - sunn-cr5:10/2/4 50                                          
2019-02-05 10:43:35,829 DEBUG n.e.o.t.s.UpdateSvc                 - sunn-cr5:10/2/6 50                                          
2019-02-05 10:43:35,829 DEBUG n.e.o.t.s.UpdateSvc                 - sunn-cr5:4/1/1 50                                           
2019-02-05 10:43:35,829 DEBUG n.e.o.t.s.UpdateSvc                 - sunn-cr5:10/1/6 50                                          
2019-02-05 10:43:35,829 DEBUG n.e.o.t.s.UpdateSvc                 - sunn-cr5:10/1/2 50                                          
2019-02-05 10:43:35,829 DEBUG n.e.o.t.s.UpdateSvc                 - sunn-cr5:5/1/1 50                                           
2019-02-05 10:43:35,829 DEBUG n.e.o.t.s.UpdateSvc                 - sunn-cr5:7/1/1 50                                           
2019-02-05 10:43:35,829 DEBUG n.e.o.t.s.UpdateSvc                 - sunn-cr5:10/2/1 50                                          
2019-02-05 10:43:35,829 DEBUG n.e.o.t.s.UpdateSvc                 - sunn-cr5:10/1/3 50                                          
2019-02-05 10:43:35,829 DEBUG n.e.o.t.s.UpdateSvc                 - sunn-cr5:10/2/5 50                                          
2019-02-05 10:43:35,829 DEBUG n.e.o.t.s.UpdateSvc                 - sunn-cr5:5/2/1 50                                           
2019-02-05 10:43:35,829 DEBUG n.e.o.t.s.UpdateSvc                 - sunn-cr5:8/1/1 50                                           
2019-02-05 10:43:35,829 DEBUG n.e.o.t.s.UpdateSvc                 - sunn-cr5:2/2/1 50                                           
2019-02-05 10:43:35,829 DEBUG n.e.o.t.s.UpdateSvc                 - sunn-cr5:10/1/1 50                                          
2019-02-05 10:43:35,829 DEBUG n.e.o.t.s.UpdateSvc                 - sunn-cr5:10/1/4 50                                          
2019-02-05 10:43:35,829 DEBUG n.e.o.t.s.UpdateSvc                 - sunn-cr5:2/1/1 50                                           
2019-02-05 10:43:35,830 DEBUG n.e.o.t.s.UpdateSvc                 - sunn-cr5:7/2/1 50                                           
2019-02-05 10:43:35,830 DEBUG n.e.o.t.s.UpdateSvc                 - sunn-cr5:10/1/5 50                                          
2019-02-05 10:43:35,830 DEBUG n.e.o.t.s.UpdateSvc                 - sunn-cr5:10/2/3 50                                          
2019-02-05 10:43:35,830 DEBUG n.e.o.t.s.UpdateSvc                 - sunn-cr5:10/2/2 50                                          
2019-02-05 10:43:35,830 DEBUG n.e.o.t.s.UpdateSvc                 - sunn-cr5:9/1/2 50                                           
2019-02-05 10:43:35,833 INFO  n.e.o.t.s.UpdateSvc                 - inserting p: sunn-cr5:9/1/1 to sunn-cr5                     
2019-02-05 10:43:35,834 DEBUG n.e.o.t.s.UpdateSvc                 - sunn-cr5:10/2/4 50                                          
2019-02-05 10:43:35,834 DEBUG n.e.o.t.s.UpdateSvc                 - sunn-cr5:10/2/6 50                                          
2019-02-05 10:43:35,834 DEBUG n.e.o.t.s.UpdateSvc                 - sunn-cr5:4/1/1 50                                           
2019-02-05 10:43:35,834 DEBUG n.e.o.t.s.UpdateSvc                 - sunn-cr5:10/1/6 50                                          
2019-02-05 10:43:35,834 DEBUG n.e.o.t.s.UpdateSvc                 - sunn-cr5:10/1/2 50                                          
2019-02-05 10:43:35,834 DEBUG n.e.o.t.s.UpdateSvc                 - sunn-cr5:9/1/1 50                                           
2019-02-05 10:43:35,834 DEBUG n.e.o.t.s.UpdateSvc                 - sunn-cr5:5/1/1 50                                           
2019-02-05 10:43:35,834 DEBUG n.e.o.t.s.UpdateSvc                 - sunn-cr5:7/1/1 50                                           
2019-02-05 10:43:35,834 DEBUG n.e.o.t.s.UpdateSvc                 - sunn-cr5:10/2/1 50                                          
2019-02-05 10:43:35,834 DEBUG n.e.o.t.s.UpdateSvc                 - sunn-cr5:10/1/3 50                                          
2019-02-05 10:43:35,834 DEBUG n.e.o.t.s.UpdateSvc                 - sunn-cr5:10/2/5 50                                          
2019-02-05 10:43:35,834 DEBUG n.e.o.t.s.UpdateSvc                 - sunn-cr5:5/2/1 50                                           
2019-02-05 10:43:35,834 DEBUG n.e.o.t.s.UpdateSvc                 - sunn-cr5:8/1/1 50                                           
2019-02-05 10:43:35,834 DEBUG n.e.o.t.s.UpdateSvc                 - sunn-cr5:2/2/1 50                                           
2019-02-05 10:43:35,834 DEBUG n.e.o.t.s.UpdateSvc                 - sunn-cr5:10/1/1 50                                          
2019-02-05 10:43:35,834 DEBUG n.e.o.t.s.UpdateSvc                 - sunn-cr5:10/1/4 50                                          
2019-02-05 10:43:35,834 DEBUG n.e.o.t.s.UpdateSvc                 - sunn-cr5:2/1/1 50                                           
2019-02-05 10:43:35,835 DEBUG n.e.o.t.s.UpdateSvc                 - sunn-cr5:7/2/1 50                                           
2019-02-05 10:43:35,835 DEBUG n.e.o.t.s.UpdateSvc                 - sunn-cr5:10/1/5 50                                          
2019-02-05 10:43:35,835 DEBUG n.e.o.t.s.UpdateSvc                 - sunn-cr5:10/2/3 50                                          
2019-02-05 10:43:35,835 DEBUG n.e.o.t.s.UpdateSvc                 - sunn-cr5:10/2/2 50                                          
2019-02-05 10:43:35,835 DEBUG n.e.o.t.s.UpdateSvc                 - sunn-cr5:9/1/2 50                                           
2019-02-05 10:43:35,838 INFO  n.e.o.t.s.UpdateSvc                 - inserting p: fnal-mr2:xe-8/1/0 to fnal-mr2                  
2019-02-05 10:43:35,839 DEBUG n.e.o.t.s.UpdateSvc                 - fnal-mr2:xe-0/0/0 65                                        
2019-02-05 10:43:35,839 DEBUG n.e.o.t.s.UpdateSvc                 - fnal-mr2:xe-8/1/0 65                                        
2019-02-05 10:43:35,839 DEBUG n.e.o.t.s.UpdateSvc                 - fnal-mr2:xe-1/3/0 65                                        
2019-02-05 10:43:35,842 INFO  n.e.o.t.s.UpdateSvc                 - inserting p: aofa-cr5:7/2/1 to aofa-cr5                     
2019-02-05 10:43:35,843 DEBUG n.e.o.t.s.UpdateSvc                 - aofa-cr5:9/1/5 69                                           
2019-02-05 10:43:35,843 DEBUG n.e.o.t.s.UpdateSvc                 - aofa-cr5:3/1/1 69                                           
2019-02-05 10:43:35,843 DEBUG n.e.o.t.s.UpdateSvc                 - aofa-cr5:10/1/1 69                                          
2019-02-05 10:43:35,843 DEBUG n.e.o.t.s.UpdateSvc                 - aofa-cr5:7/2/1 69                                           
2019-02-05 10:43:35,843 DEBUG n.e.o.t.s.UpdateSvc                 - aofa-cr5:4/1/1 69                                           
2019-02-05 10:43:35,843 DEBUG n.e.o.t.s.UpdateSvc                 - aofa-cr5:10/1/8 69                                          
2019-02-05 10:43:35,843 DEBUG n.e.o.t.s.UpdateSvc                 - aofa-cr5:2/1/1 69                                           
2019-02-05 10:43:35,843 DEBUG n.e.o.t.s.UpdateSvc                 - aofa-cr5:10/1/2 69                                          
2019-02-05 10:43:35,843 DEBUG n.e.o.t.s.UpdateSvc                 - aofa-cr5:5/1/1 69                                           
2019-02-05 10:43:35,843 DEBUG n.e.o.t.s.UpdateSvc                 - aofa-cr5:1/1/1 69                                           
2019-02-05 10:43:35,843 DEBUG n.e.o.t.s.UpdateSvc                 - aofa-cr5:6/2/1 69                                           
2019-02-05 10:43:35,843 DEBUG n.e.o.t.s.UpdateSvc                 - aofa-cr5:10/1/9 69                                          
2019-02-05 10:43:35,843 DEBUG n.e.o.t.s.UpdateSvc                 - aofa-cr5:4/2/1 69                                           
2019-02-05 10:43:35,843 DEBUG n.e.o.t.s.UpdateSvc                 - aofa-cr5:9/1/1 69                                           
2019-02-05 10:43:35,846 INFO  n.e.o.t.s.UpdateSvc                 - inserting p: ga-rt2:xe-0/0/0 to ga-rt2                      
2019-02-05 10:43:35,847 DEBUG n.e.o.t.s.UpdateSvc                 - ga-rt2:xe-0/0/0 37                                          
2019-02-05 10:43:35,847 DEBUG n.e.o.t.s.UpdateSvc                 - ga-rt2:ge-1/0/3 37                                          
2019-02-05 10:43:35,847 DEBUG n.e.o.t.s.UpdateSvc                 - ga-rt2:ge-1/0/5 37                                          
2019-02-05 10:43:35,847 DEBUG n.e.o.t.s.UpdateSvc                 - ga-rt2:ge-1/1/3 37                                          
2019-02-05 10:43:35,849 INFO  n.e.o.t.s.UpdateSvc                 - inserting p: fnal-mr2:xe-1/1/0 to fnal-mr2                  
2019-02-05 10:43:35,850 DEBUG n.e.o.t.s.UpdateSvc                 - fnal-mr2:xe-0/0/0 65                                        
2019-02-05 10:43:35,850 DEBUG n.e.o.t.s.UpdateSvc                 - fnal-mr2:xe-8/1/0 65                                        
2019-02-05 10:43:35,850 DEBUG n.e.o.t.s.UpdateSvc                 - fnal-mr2:xe-1/1/0 65                                        
2019-02-05 10:43:35,850 DEBUG n.e.o.t.s.UpdateSvc                 - fnal-mr2:xe-1/3/0 65                                        
2019-02-05 10:43:35,853 INFO  n.e.o.t.s.UpdateSvc                 - inserting p: elpa-cr5:3/1/1 to elpa-cr5                     
2019-02-05 10:43:35,854 DEBUG n.e.o.t.s.UpdateSvc                 - elpa-cr5:1/1/1 46                                           
2019-02-05 10:43:35,854 DEBUG n.e.o.t.s.UpdateSvc                 - elpa-cr5:3/1/1 46                                           
2019-02-05 10:43:35,854 DEBUG n.e.o.t.s.UpdateSvc                 - elpa-cr5:10/1/5 46                                          
2019-02-05 10:43:35,854 DEBUG n.e.o.t.s.UpdateSvc                 - elpa-cr5:10/1/4 46                                          
2019-02-05 10:43:35,854 DEBUG n.e.o.t.s.UpdateSvc                 - elpa-cr5:10/1/3 46                                          
2019-02-05 10:43:35,856 INFO  n.e.o.t.s.UpdateSvc                 - inserting p: netl-mgn-rt1:xe-2/0/0 to netl-mgn-rt1          
2019-02-05 10:43:35,857 DEBUG n.e.o.t.s.UpdateSvc                 - netl-mgn-rt1:xe-2/0/0 43                                    
2019-02-05 10:43:35,859 INFO  n.e.o.t.s.UpdateSvc                 - inserting p: netl-mgn-rt1:xe-2/0/1 to netl-mgn-rt1          
2019-02-05 10:43:35,859 DEBUG n.e.o.t.s.UpdateSvc                 - netl-mgn-rt1:xe-2/0/1 43                                    
2019-02-05 10:43:35,860 DEBUG n.e.o.t.s.UpdateSvc                 - netl-mgn-rt1:xe-2/0/0 43                                    
2019-02-05 10:43:35,862 INFO  n.e.o.t.s.UpdateSvc                 - inserting p: pppl-rt5:xe-1/2/0 to pppl-rt5                  
2019-02-05 10:43:35,862 DEBUG n.e.o.t.s.UpdateSvc                 - pppl-rt5:xe-1/2/0 30                                        
2019-02-05 10:43:35,862 DEBUG n.e.o.t.s.UpdateSvc                 - pppl-rt5:xe-1/3/0 30                                        
2019-02-05 10:43:35,864 INFO  n.e.o.t.s.UpdateSvc                 - inserting p: hous-cr5:2/1/1 to hous-cr5                     
2019-02-05 10:43:35,864 DEBUG n.e.o.t.s.UpdateSvc                 - hous-cr5:10/1/3 68                                          
2019-02-05 10:43:35,865 DEBUG n.e.o.t.s.UpdateSvc                 - hous-cr5:3/1/1 68                                           
2019-02-05 10:43:35,865 DEBUG n.e.o.t.s.UpdateSvc                 - hous-cr5:10/1/4 68                                          
2019-02-05 10:43:35,865 DEBUG n.e.o.t.s.UpdateSvc                 - hous-cr5:2/1/1 68                                           
2019-02-05 10:43:35,865 DEBUG n.e.o.t.s.UpdateSvc                 - hous-cr5:1/1/1 68                                           
2019-02-05 10:43:35,866 INFO  n.e.o.t.s.UpdateSvc                 - inserting p: netl-mgn-rt1:xe-2/0/2 to netl-mgn-rt1          
2019-02-05 10:43:35,867 DEBUG n.e.o.t.s.UpdateSvc                 - netl-mgn-rt1:xe-2/0/1 43                                    
2019-02-05 10:43:35,867 DEBUG n.e.o.t.s.UpdateSvc                 - netl-mgn-rt1:xe-2/0/2 43                                    
2019-02-05 10:43:35,867 DEBUG n.e.o.t.s.UpdateSvc                 - netl-mgn-rt1:xe-2/0/0 43                                    
2019-02-05 10:43:35,869 INFO  n.e.o.t.s.UpdateSvc                 - inserting p: netl-mgn-rt1:xe-2/0/3 to netl-mgn-rt1          
2019-02-05 10:43:35,870 DEBUG n.e.o.t.s.UpdateSvc                 - netl-mgn-rt1:xe-2/0/1 43                                    
2019-02-05 10:43:35,870 DEBUG n.e.o.t.s.UpdateSvc                 - netl-mgn-rt1:xe-2/0/2 43                                    
2019-02-05 10:43:35,870 DEBUG n.e.o.t.s.UpdateSvc                 - netl-mgn-rt1:xe-2/0/0 43                                    
2019-02-05 10:43:35,870 DEBUG n.e.o.t.s.UpdateSvc                 - netl-mgn-rt1:xe-2/0/3 43                                    
2019-02-05 10:43:35,871 INFO  n.e.o.t.s.UpdateSvc                 - inserting p: lbl-mr2:ge-9/1/2 to lbl-mr2                    
2019-02-05 10:43:35,872 DEBUG n.e.o.t.s.UpdateSvc                 - lbl-mr2:xe-8/3/0 74                                         
2019-02-05 10:43:35,872 DEBUG n.e.o.t.s.UpdateSvc                 - lbl-mr2:xe-7/2/0 74                                         
2019-02-05 10:43:35,872 DEBUG n.e.o.t.s.UpdateSvc                 - lbl-mr2:ge-9/1/2 74                                         
2019-02-05 10:43:35,872 DEBUG n.e.o.t.s.UpdateSvc                 - lbl-mr2:xe-0/1/0 74                                         
2019-02-05 10:43:35,872 DEBUG n.e.o.t.s.UpdateSvc                 - lbl-mr2:xe-8/1/0 74                                         
2019-02-05 10:43:35,872 DEBUG n.e.o.t.s.UpdateSvc                 - lbl-mr2:ae0 74                                              
2019-02-05 10:43:35,872 DEBUG n.e.o.t.s.UpdateSvc                 - lbl-mr2:xe-7/0/0 74                                         
2019-02-05 10:43:35,872 DEBUG n.e.o.t.s.UpdateSvc                 - lbl-mr2:xe-0/2/0 74                                         
2019-02-05 10:43:35,872 DEBUG n.e.o.t.s.UpdateSvc                 - lbl-mr2:ge-9/0/4 74                                         
2019-02-05 10:43:35,872 DEBUG n.e.o.t.s.UpdateSvc                 - lbl-mr2:xe-1/1/0 74                                         
2019-02-05 10:43:35,872 DEBUG n.e.o.t.s.UpdateSvc                 - lbl-mr2:xe-2/3/0 74                                         
2019-02-05 10:43:35,874 INFO  n.e.o.t.s.UpdateSvc                 - inserting p: kans-cr5:4/1/1 to kans-cr5                     
2019-02-05 10:43:35,875 DEBUG n.e.o.t.s.UpdateSvc                 - kans-cr5:10/1/3 38                                          
2019-02-05 10:43:35,875 DEBUG n.e.o.t.s.UpdateSvc                 - kans-cr5:4/1/1 38                                           
2019-02-05 10:43:35,875 DEBUG n.e.o.t.s.UpdateSvc                 - kans-cr5:2/1/1 38                                           
2019-02-05 10:43:35,875 DEBUG n.e.o.t.s.UpdateSvc                 - kans-cr5:1/1/1 38                                           
2019-02-05 10:43:35,875 DEBUG n.e.o.t.s.UpdateSvc                 - kans-cr5:10/1/4 38                                          
2019-02-05 10:43:35,875 DEBUG n.e.o.t.s.UpdateSvc                 - kans-cr5:3/1/1 38                                           
2019-02-05 10:43:35,877 INFO  n.e.o.t.s.UpdateSvc                 - inserting p: bois-cr1:xe-7/0/0 to bois-cr1                  
2019-02-05 10:43:35,877 DEBUG n.e.o.t.s.UpdateSvc                 - bois-cr1:xe-1/0/0 39                                        
2019-02-05 10:43:35,877 DEBUG n.e.o.t.s.UpdateSvc                 - bois-cr1:xe-7/3/0 39                                        
2019-02-05 10:43:35,877 DEBUG n.e.o.t.s.UpdateSvc                 - bois-cr1:xe-0/1/0 39                                        
2019-02-05 10:43:35,877 DEBUG n.e.o.t.s.UpdateSvc                 - bois-cr1:xe-7/1/0 39                                        
2019-02-05 10:43:35,877 DEBUG n.e.o.t.s.UpdateSvc                 - bois-cr1:xe-1/2/0 39                                        
2019-02-05 10:43:35,877 DEBUG n.e.o.t.s.UpdateSvc                 - bois-cr1:xe-0/2/0 39                                        
2019-02-05 10:43:35,877 DEBUG n.e.o.t.s.UpdateSvc                 - bois-cr1:xe-7/0/0 39                                        
2019-02-05 10:43:35,877 DEBUG n.e.o.t.s.UpdateSvc                 - bois-cr1:xe-0/0/0 39                                        
2019-02-05 10:43:35,879 INFO  n.e.o.t.s.UpdateSvc                 - inserting p: star-cr5:10/1/10 to star-cr5                   
2019-02-05 10:43:35,880 DEBUG n.e.o.t.s.UpdateSvc                 - star-cr5:5/1/1 76                                           
2019-02-05 10:43:35,880 DEBUG n.e.o.t.s.UpdateSvc                 - star-cr5:BLANK 76                                           
2019-02-05 10:43:35,880 DEBUG n.e.o.t.s.UpdateSvc                 - star-cr5:6/1/1 76                                           
2019-02-05 10:43:35,880 DEBUG n.e.o.t.s.UpdateSvc                 - star-cr5:10/1/1 76                                          
2019-02-05 10:43:35,880 DEBUG n.e.o.t.s.UpdateSvc                 - star-cr5:4/2/1 76                                           
2019-02-05 10:43:35,880 DEBUG n.e.o.t.s.UpdateSvc                 - star-cr5:10/1/10 76                                         
2019-02-05 10:43:35,880 DEBUG n.e.o.t.s.UpdateSvc                 - star-cr5:10/1/8 76                                          
2019-02-05 10:43:35,880 DEBUG n.e.o.t.s.UpdateSvc                 - star-cr5:3/2/1 76                                           
2019-02-05 10:43:35,880 DEBUG n.e.o.t.s.UpdateSvc                 - star-cr5:6/2/1 76                                           
2019-02-05 10:43:35,880 DEBUG n.e.o.t.s.UpdateSvc                 - star-cr5:4/1/1 76                                           
2019-02-05 10:43:35,880 DEBUG n.e.o.t.s.UpdateSvc                 - star-cr5:10/1/7 76                                          
2019-02-05 10:43:35,880 DEBUG n.e.o.t.s.UpdateSvc                 - star-cr5:1/2/1 76                                           
2019-02-05 10:43:35,880 DEBUG n.e.o.t.s.UpdateSvc                 - star-cr5:3/1/1 76                                           
2019-02-05 10:43:35,882 INFO  n.e.o.t.s.UpdateSvc                 - inserting p: lbl-mr2:ge-9/1/0 to lbl-mr2                    
2019-02-05 10:43:35,882 DEBUG n.e.o.t.s.UpdateSvc                 - lbl-mr2:xe-8/3/0 74                                         
2019-02-05 10:43:35,882 DEBUG n.e.o.t.s.UpdateSvc                 - lbl-mr2:xe-7/2/0 74                                         
2019-02-05 10:43:35,882 DEBUG n.e.o.t.s.UpdateSvc                 - lbl-mr2:ge-9/1/0 74                                         
2019-02-05 10:43:35,882 DEBUG n.e.o.t.s.UpdateSvc                 - lbl-mr2:ge-9/1/2 74                                         
2019-02-05 10:43:35,882 DEBUG n.e.o.t.s.UpdateSvc                 - lbl-mr2:xe-0/1/0 74                                         
2019-02-05 10:43:35,882 DEBUG n.e.o.t.s.UpdateSvc                 - lbl-mr2:xe-8/1/0 74                                         
2019-02-05 10:43:35,882 DEBUG n.e.o.t.s.UpdateSvc                 - lbl-mr2:ae0 74                                              
2019-02-05 10:43:35,882 DEBUG n.e.o.t.s.UpdateSvc                 - lbl-mr2:xe-7/0/0 74                                         
2019-02-05 10:43:35,882 DEBUG n.e.o.t.s.UpdateSvc                 - lbl-mr2:xe-0/2/0 74                                         
2019-02-05 10:43:35,882 DEBUG n.e.o.t.s.UpdateSvc                 - lbl-mr2:ge-9/0/4 74                                         
2019-02-05 10:43:35,882 DEBUG n.e.o.t.s.UpdateSvc                 - lbl-mr2:xe-1/1/0 74                                         
2019-02-05 10:43:35,882 DEBUG n.e.o.t.s.UpdateSvc                 - lbl-mr2:xe-2/3/0 74                                         
2019-02-05 10:43:35,894 INFO  n.e.o.t.s.UpdateSvc                 - inserting p: snll-mr2:xe-1/1/0 to snll-mr2                  
2019-02-05 10:43:35,895 DEBUG n.e.o.t.s.UpdateSvc                 - snll-mr2:xe-1/3/0 40                                        
2019-02-05 10:43:35,895 DEBUG n.e.o.t.s.UpdateSvc                 - snll-mr2:xe-0/2/0 40                                        
2019-02-05 10:43:35,895 DEBUG n.e.o.t.s.UpdateSvc                 - snll-mr2:xe-1/1/0 40                                        
2019-02-05 10:43:35,895 DEBUG n.e.o.t.s.UpdateSvc                 - snll-mr2:xe-1/2/0 40                                        
2019-02-05 10:43:35,895 DEBUG n.e.o.t.s.UpdateSvc                 - snll-mr2:xe-2/2/0 40                                        
2019-02-05 10:43:35,895 DEBUG n.e.o.t.s.UpdateSvc                 - snll-mr2:xe-2/0/0 40                                        
2019-02-05 10:43:35,895 DEBUG n.e.o.t.s.UpdateSvc                 - snll-mr2:xe-2/3/0 40                                        
2019-02-05 10:43:35,897 INFO  n.e.o.t.s.UpdateSvc                 - inserting p: sunn-cr5:9/1/5 to sunn-cr5                     
2019-02-05 10:43:35,898 DEBUG n.e.o.t.s.UpdateSvc                 - sunn-cr5:10/2/4 50                                          
2019-02-05 10:43:35,899 DEBUG n.e.o.t.s.UpdateSvc                 - sunn-cr5:10/2/6 50                                          
2019-02-05 10:43:35,899 DEBUG n.e.o.t.s.UpdateSvc                 - sunn-cr5:4/1/1 50                                           
2019-02-05 10:43:35,899 DEBUG n.e.o.t.s.UpdateSvc                 - sunn-cr5:10/1/6 50                                          
2019-02-05 10:43:35,899 DEBUG n.e.o.t.s.UpdateSvc                 - sunn-cr5:10/1/2 50                                          
2019-02-05 10:43:35,899 DEBUG n.e.o.t.s.UpdateSvc                 - sunn-cr5:9/1/1 50                                           
2019-02-05 10:43:35,899 DEBUG n.e.o.t.s.UpdateSvc                 - sunn-cr5:5/1/1 50                                           
2019-02-05 10:43:35,899 DEBUG n.e.o.t.s.UpdateSvc                 - sunn-cr5:7/1/1 50                                           
2019-02-05 10:43:35,899 DEBUG n.e.o.t.s.UpdateSvc                 - sunn-cr5:10/2/1 50                                          
2019-02-05 10:43:35,899 DEBUG n.e.o.t.s.UpdateSvc                 - sunn-cr5:9/1/5 50                                           
2019-02-05 10:43:35,899 DEBUG n.e.o.t.s.UpdateSvc                 - sunn-cr5:10/1/3 50                                          
2019-02-05 10:43:35,899 DEBUG n.e.o.t.s.UpdateSvc                 - sunn-cr5:10/2/5 50                                          
2019-02-05 10:43:35,899 DEBUG n.e.o.t.s.UpdateSvc                 - sunn-cr5:5/2/1 50                                           
2019-02-05 10:43:35,899 DEBUG n.e.o.t.s.UpdateSvc                 - sunn-cr5:8/1/1 50                                           
2019-02-05 10:43:35,899 DEBUG n.e.o.t.s.UpdateSvc                 - sunn-cr5:2/2/1 50                                           
2019-02-05 10:43:35,899 DEBUG n.e.o.t.s.UpdateSvc                 - sunn-cr5:10/1/1 50                                          
2019-02-05 10:43:35,899 DEBUG n.e.o.t.s.UpdateSvc                 - sunn-cr5:10/1/4 50                                          
2019-02-05 10:43:35,899 DEBUG n.e.o.t.s.UpdateSvc                 - sunn-cr5:2/1/1 50                                           
2019-02-05 10:43:35,899 DEBUG n.e.o.t.s.UpdateSvc                 - sunn-cr5:7/2/1 50                                           
2019-02-05 10:43:35,899 DEBUG n.e.o.t.s.UpdateSvc                 - sunn-cr5:10/1/5 50                                          
2019-02-05 10:43:35,899 DEBUG n.e.o.t.s.UpdateSvc                 - sunn-cr5:10/2/3 50                                          
2019-02-05 10:43:35,899 DEBUG n.e.o.t.s.UpdateSvc                 - sunn-cr5:10/2/2 50                                          
2019-02-05 10:43:35,899 DEBUG n.e.o.t.s.UpdateSvc                 - sunn-cr5:9/1/2 50                                           
2019-02-05 10:43:35,901 INFO  n.e.o.t.s.UpdateSvc                 - inserting p: lbl-mr2:ge-9/1/8 to lbl-mr2                    
2019-02-05 10:43:35,902 DEBUG n.e.o.t.s.UpdateSvc                 - lbl-mr2:xe-8/3/0 74                                         
2019-02-05 10:43:35,902 DEBUG n.e.o.t.s.UpdateSvc                 - lbl-mr2:ge-9/1/0 74                                         
2019-02-05 10:43:35,902 DEBUG n.e.o.t.s.UpdateSvc                 - lbl-mr2:ge-9/1/2 74                                         
2019-02-05 10:43:35,902 DEBUG n.e.o.t.s.UpdateSvc                 - lbl-mr2:xe-0/1/0 74                                         
2019-02-05 10:43:35,902 DEBUG n.e.o.t.s.UpdateSvc                 - lbl-mr2:xe-8/1/0 74                                         
2019-02-05 10:43:35,902 DEBUG n.e.o.t.s.UpdateSvc                 - lbl-mr2:xe-0/2/0 74                                         
2019-02-05 10:43:35,902 DEBUG n.e.o.t.s.UpdateSvc                 - lbl-mr2:ge-9/0/4 74                                         
2019-02-05 10:43:35,902 DEBUG n.e.o.t.s.UpdateSvc                 - lbl-mr2:xe-1/1/0 74                                         
2019-02-05 10:43:35,902 DEBUG n.e.o.t.s.UpdateSvc                 - lbl-mr2:xe-7/2/0 74                                         
2019-02-05 10:43:35,902 DEBUG n.e.o.t.s.UpdateSvc                 - lbl-mr2:ge-9/1/8 74                                         
2019-02-05 10:43:35,902 DEBUG n.e.o.t.s.UpdateSvc                 - lbl-mr2:ae0 74                                              
2019-02-05 10:43:35,902 DEBUG n.e.o.t.s.UpdateSvc                 - lbl-mr2:xe-7/0/0 74                                         
2019-02-05 10:43:35,902 DEBUG n.e.o.t.s.UpdateSvc                 - lbl-mr2:xe-2/3/0 74                                         
2019-02-05 10:43:35,905 INFO  n.e.o.t.s.UpdateSvc                 - inserting p: sunn-cr5:9/1/3 to sunn-cr5                     
2019-02-05 10:43:35,906 DEBUG n.e.o.t.s.UpdateSvc                 - sunn-cr5:10/2/4 50                                          
2019-02-05 10:43:35,906 DEBUG n.e.o.t.s.UpdateSvc                 - sunn-cr5:10/2/6 50                                          
2019-02-05 10:43:35,907 DEBUG n.e.o.t.s.UpdateSvc                 - sunn-cr5:4/1/1 50                                           
2019-02-05 10:43:35,907 DEBUG n.e.o.t.s.UpdateSvc                 - sunn-cr5:10/1/6 50                                          
2019-02-05 10:43:35,907 DEBUG n.e.o.t.s.UpdateSvc                 - sunn-cr5:9/1/3 50                                           
2019-02-05 10:43:35,907 DEBUG n.e.o.t.s.UpdateSvc                 - sunn-cr5:10/1/2 50                                          
2019-02-05 10:43:35,907 DEBUG n.e.o.t.s.UpdateSvc                 - sunn-cr5:9/1/1 50                                           
2019-02-05 10:43:35,907 DEBUG n.e.o.t.s.UpdateSvc                 - sunn-cr5:5/1/1 50                                           
2019-02-05 10:43:35,907 DEBUG n.e.o.t.s.UpdateSvc                 - sunn-cr5:7/1/1 50                                           
2019-02-05 10:43:35,907 DEBUG n.e.o.t.s.UpdateSvc                 - sunn-cr5:10/2/1 50                                          
2019-02-05 10:43:35,907 DEBUG n.e.o.t.s.UpdateSvc                 - sunn-cr5:9/1/5 50                                           
2019-02-05 10:43:35,907 DEBUG n.e.o.t.s.UpdateSvc                 - sunn-cr5:10/1/3 50                                          
2019-02-05 10:43:35,907 DEBUG n.e.o.t.s.UpdateSvc                 - sunn-cr5:10/2/5 50                                          
2019-02-05 10:43:35,907 DEBUG n.e.o.t.s.UpdateSvc                 - sunn-cr5:5/2/1 50                                           
2019-02-05 10:43:35,907 DEBUG n.e.o.t.s.UpdateSvc                 - sunn-cr5:8/1/1 50                                           
2019-02-05 10:43:35,907 DEBUG n.e.o.t.s.UpdateSvc                 - sunn-cr5:2/2/1 50                                           
2019-02-05 10:43:35,907 DEBUG n.e.o.t.s.UpdateSvc                 - sunn-cr5:10/1/1 50                                          
2019-02-05 10:43:35,907 DEBUG n.e.o.t.s.UpdateSvc                 - sunn-cr5:10/1/4 50                                          
2019-02-05 10:43:35,907 DEBUG n.e.o.t.s.UpdateSvc                 - sunn-cr5:2/1/1 50                                           
2019-02-05 10:43:35,907 DEBUG n.e.o.t.s.UpdateSvc                 - sunn-cr5:7/2/1 50                                           
2019-02-05 10:43:35,907 DEBUG n.e.o.t.s.UpdateSvc                 - sunn-cr5:10/1/5 50                                          
2019-02-05 10:43:35,907 DEBUG n.e.o.t.s.UpdateSvc                 - sunn-cr5:10/2/3 50                                          
2019-02-05 10:43:35,907 DEBUG n.e.o.t.s.UpdateSvc                 - sunn-cr5:10/2/2 50                                          
2019-02-05 10:43:35,907 DEBUG n.e.o.t.s.UpdateSvc                 - sunn-cr5:9/1/2 50                                           
2019-02-05 10:43:35,910 INFO  n.e.o.t.s.UpdateSvc                 - inserting p: star-cr5:1/1/1 to star-cr5                     
2019-02-05 10:43:35,911 DEBUG n.e.o.t.s.UpdateSvc                 - star-cr5:5/1/1 76                                           
2019-02-05 10:43:35,911 DEBUG n.e.o.t.s.UpdateSvc                 - star-cr5:BLANK 76                                           
2019-02-05 10:43:35,911 DEBUG n.e.o.t.s.UpdateSvc                 - star-cr5:6/1/1 76                                           
2019-02-05 10:43:35,911 DEBUG n.e.o.t.s.UpdateSvc                 - star-cr5:10/1/1 76                                          
2019-02-05 10:43:35,911 DEBUG n.e.o.t.s.UpdateSvc                 - star-cr5:4/2/1 76                                           
2019-02-05 10:43:35,911 DEBUG n.e.o.t.s.UpdateSvc                 - star-cr5:10/1/10 76                                         
2019-02-05 10:43:35,911 DEBUG n.e.o.t.s.UpdateSvc                 - star-cr5:10/1/8 76                                          
2019-02-05 10:43:35,911 DEBUG n.e.o.t.s.UpdateSvc                 - star-cr5:3/2/1 76                                           
2019-02-05 10:43:35,911 DEBUG n.e.o.t.s.UpdateSvc                 - star-cr5:6/2/1 76                                           
2019-02-05 10:43:35,911 DEBUG n.e.o.t.s.UpdateSvc                 - star-cr5:4/1/1 76                                           
2019-02-05 10:43:35,911 DEBUG n.e.o.t.s.UpdateSvc                 - star-cr5:10/1/7 76                                          
2019-02-05 10:43:35,911 DEBUG n.e.o.t.s.UpdateSvc                 - star-cr5:1/2/1 76                                           
2019-02-05 10:43:35,911 DEBUG n.e.o.t.s.UpdateSvc                 - star-cr5:3/1/1 76                                           
2019-02-05 10:43:35,911 DEBUG n.e.o.t.s.UpdateSvc                 - star-cr5:1/1/1 76                                           
2019-02-05 10:43:35,914 INFO  n.e.o.t.s.UpdateSvc                 - inserting p: jgi-mr2:xe-2/2/0 to jgi-mr2                    
2019-02-05 10:43:35,915 DEBUG n.e.o.t.s.UpdateSvc                 - jgi-mr2:xe-2/2/0 61                                         
2019-02-05 10:43:35,915 DEBUG n.e.o.t.s.UpdateSvc                 - jgi-mr2:xe-1/3/0 61                                         
2019-02-05 10:43:35,918 INFO  n.e.o.t.s.UpdateSvc                 - inserting p: srs-rt3:ge-1/1/0 to srs-rt3                    
2019-02-05 10:43:35,919 DEBUG n.e.o.t.s.UpdateSvc                 - srs-rt3:ge-0/1/0 31                                         
2019-02-05 10:43:35,919 DEBUG n.e.o.t.s.UpdateSvc                 - srs-rt3:ge-1/0/0 31                                         
2019-02-05 10:43:35,919 DEBUG n.e.o.t.s.UpdateSvc                 - srs-rt3:ge-0/0/0 31                                         
2019-02-05 10:43:35,919 DEBUG n.e.o.t.s.UpdateSvc                 - srs-rt3:ge-1/1/0 31                                         
2019-02-05 10:43:35,923 INFO  n.e.o.t.s.UpdateSvc                 - inserting p: wash-cr5:2/1/1 to wash-cr5                     
2019-02-05 10:43:35,924 DEBUG n.e.o.t.s.UpdateSvc                 - wash-cr5:10/1/5 36                                          
2019-02-05 10:43:35,924 DEBUG n.e.o.t.s.UpdateSvc                 - wash-cr5:6/1/1 36                                           
2019-02-05 10:43:35,924 DEBUG n.e.o.t.s.UpdateSvc                 - wash-cr5:10/1/3 36                                          
2019-02-05 10:43:35,924 DEBUG n.e.o.t.s.UpdateSvc                 - wash-cr5:10/1/9 36                                          
2019-02-05 10:43:35,924 DEBUG n.e.o.t.s.UpdateSvc                 - wash-cr5:5/1/1 36                                           
2019-02-05 10:43:35,924 DEBUG n.e.o.t.s.UpdateSvc                 - wash-cr5:5/2/1 36                                           
2019-02-05 10:43:35,924 DEBUG n.e.o.t.s.UpdateSvc                 - wash-cr5:2/1/1 36                                           
2019-02-05 10:43:35,924 DEBUG n.e.o.t.s.UpdateSvc                 - wash-cr5:4/1/1 36                                           
2019-02-05 10:43:35,924 DEBUG n.e.o.t.s.UpdateSvc                 - wash-cr5:10/1/10 36                                         
2019-02-05 10:43:35,924 DEBUG n.e.o.t.s.UpdateSvc                 - wash-cr5:10/1/4 36                                          
2019-02-05 10:43:35,924 DEBUG n.e.o.t.s.UpdateSvc                 - wash-cr5:1/1/1 36                                           
2019-02-05 10:43:35,924 DEBUG n.e.o.t.s.UpdateSvc                 - wash-cr5:4/2/1 36                                           
2019-02-05 10:43:35,927 INFO  n.e.o.t.s.UpdateSvc                 - inserting p: star-cr5:8/1/4 to star-cr5                     
2019-02-05 10:43:35,929 DEBUG n.e.o.t.s.UpdateSvc                 - star-cr5:5/1/1 76                                           
2019-02-05 10:43:35,929 DEBUG n.e.o.t.s.UpdateSvc                 - star-cr5:BLANK 76                                           
2019-02-05 10:43:35,929 DEBUG n.e.o.t.s.UpdateSvc                 - star-cr5:6/1/1 76                                           
2019-02-05 10:43:35,929 DEBUG n.e.o.t.s.UpdateSvc                 - star-cr5:10/1/1 76                                          
2019-02-05 10:43:35,929 DEBUG n.e.o.t.s.UpdateSvc                 - star-cr5:4/2/1 76                                           
2019-02-05 10:43:35,929 DEBUG n.e.o.t.s.UpdateSvc                 - star-cr5:10/1/10 76                                         
2019-02-05 10:43:35,929 DEBUG n.e.o.t.s.UpdateSvc                 - star-cr5:10/1/8 76                                          
2019-02-05 10:43:35,929 DEBUG n.e.o.t.s.UpdateSvc                 - star-cr5:8/1/4 76                                           
2019-02-05 10:43:35,929 DEBUG n.e.o.t.s.UpdateSvc                 - star-cr5:3/2/1 76                                           
2019-02-05 10:43:35,929 DEBUG n.e.o.t.s.UpdateSvc                 - star-cr5:6/2/1 76                                           
2019-02-05 10:43:35,929 DEBUG n.e.o.t.s.UpdateSvc                 - star-cr5:4/1/1 76                                           
2019-02-05 10:43:35,929 DEBUG n.e.o.t.s.UpdateSvc                 - star-cr5:10/1/7 76                                          
2019-02-05 10:43:35,929 DEBUG n.e.o.t.s.UpdateSvc                 - star-cr5:1/2/1 76                                           
2019-02-05 10:43:35,929 DEBUG n.e.o.t.s.UpdateSvc                 - star-cr5:3/1/1 76                                           
2019-02-05 10:43:35,929 DEBUG n.e.o.t.s.UpdateSvc                 - star-cr5:1/1/1 76                                           
2019-02-05 10:43:35,934 INFO  n.e.o.t.s.UpdateSvc                 - inserting p: star-cr5:8/1/6 to star-cr5                     
2019-02-05 10:43:35,935 DEBUG n.e.o.t.s.UpdateSvc                 - star-cr5:5/1/1 76                                           
2019-02-05 10:43:35,935 DEBUG n.e.o.t.s.UpdateSvc                 - star-cr5:BLANK 76                                           
2019-02-05 10:43:35,935 DEBUG n.e.o.t.s.UpdateSvc                 - star-cr5:6/1/1 76                                           
2019-02-05 10:43:35,935 DEBUG n.e.o.t.s.UpdateSvc                 - star-cr5:10/1/1 76                                          
2019-02-05 10:43:35,935 DEBUG n.e.o.t.s.UpdateSvc                 - star-cr5:4/2/1 76                                           
2019-02-05 10:43:35,935 DEBUG n.e.o.t.s.UpdateSvc                 - star-cr5:10/1/10 76                                         
2019-02-05 10:43:35,935 DEBUG n.e.o.t.s.UpdateSvc                 - star-cr5:10/1/8 76                                          
2019-02-05 10:43:35,935 DEBUG n.e.o.t.s.UpdateSvc                 - star-cr5:8/1/4 76                                           
2019-02-05 10:43:35,935 DEBUG n.e.o.t.s.UpdateSvc                 - star-cr5:3/2/1 76                                           
2019-02-05 10:43:35,935 DEBUG n.e.o.t.s.UpdateSvc                 - star-cr5:6/2/1 76                                           
2019-02-05 10:43:35,935 DEBUG n.e.o.t.s.UpdateSvc                 - star-cr5:4/1/1 76                                           
2019-02-05 10:43:35,935 DEBUG n.e.o.t.s.UpdateSvc                 - star-cr5:10/1/7 76                                          
2019-02-05 10:43:35,935 DEBUG n.e.o.t.s.UpdateSvc                 - star-cr5:8/1/6 76                                           
2019-02-05 10:43:35,935 DEBUG n.e.o.t.s.UpdateSvc                 - star-cr5:1/2/1 76                                           
2019-02-05 10:43:35,935 DEBUG n.e.o.t.s.UpdateSvc                 - star-cr5:3/1/1 76                                           
2019-02-05 10:43:35,935 DEBUG n.e.o.t.s.UpdateSvc                 - star-cr5:1/1/1 76                                           
2019-02-05 10:43:35,938 INFO  n.e.o.t.s.UpdateSvc                 - inserting p: sunn-cr5:8/2/1 to sunn-cr5                     
2019-02-05 10:43:35,940 DEBUG n.e.o.t.s.UpdateSvc                 - sunn-cr5:10/2/4 50                                          
2019-02-05 10:43:35,940 DEBUG n.e.o.t.s.UpdateSvc                 - sunn-cr5:10/2/6 50                                          
2019-02-05 10:43:35,940 DEBUG n.e.o.t.s.UpdateSvc                 - sunn-cr5:4/1/1 50                                           
2019-02-05 10:43:35,940 DEBUG n.e.o.t.s.UpdateSvc                 - sunn-cr5:5/1/1 50                                           
2019-02-05 10:43:35,940 DEBUG n.e.o.t.s.UpdateSvc                 - sunn-cr5:7/1/1 50                                           
2019-02-05 10:43:35,940 DEBUG n.e.o.t.s.UpdateSvc                 - sunn-cr5:5/2/1 50                                           
2019-02-05 10:43:35,940 DEBUG n.e.o.t.s.UpdateSvc                 - sunn-cr5:2/2/1 50                                           
2019-02-05 10:43:35,940 DEBUG n.e.o.t.s.UpdateSvc                 - sunn-cr5:10/1/1 50                                          
2019-02-05 10:43:35,940 DEBUG n.e.o.t.s.UpdateSvc                 - sunn-cr5:8/2/1 50                                           
2019-02-05 10:43:35,940 DEBUG n.e.o.t.s.UpdateSvc                 - sunn-cr5:10/1/4 50                                          
2019-02-05 10:43:35,940 DEBUG n.e.o.t.s.UpdateSvc                 - sunn-cr5:10/1/6 50                                          
2019-02-05 10:43:35,940 DEBUG n.e.o.t.s.UpdateSvc                 - sunn-cr5:9/1/3 50                                           
2019-02-05 10:43:35,940 DEBUG n.e.o.t.s.UpdateSvc                 - sunn-cr5:10/1/2 50                                          
2019-02-05 10:43:35,940 DEBUG n.e.o.t.s.UpdateSvc                 - sunn-cr5:9/1/1 50                                           
2019-02-05 10:43:35,940 DEBUG n.e.o.t.s.UpdateSvc                 - sunn-cr5:10/2/1 50                                          
2019-02-05 10:43:35,940 DEBUG n.e.o.t.s.UpdateSvc                 - sunn-cr5:9/1/5 50                                           
2019-02-05 10:43:35,940 DEBUG n.e.o.t.s.UpdateSvc                 - sunn-cr5:10/1/3 50                                          
2019-02-05 10:43:35,940 DEBUG n.e.o.t.s.UpdateSvc                 - sunn-cr5:10/2/5 50                                          
2019-02-05 10:43:35,940 DEBUG n.e.o.t.s.UpdateSvc                 - sunn-cr5:8/1/1 50                                           
2019-02-05 10:43:35,940 DEBUG n.e.o.t.s.UpdateSvc                 - sunn-cr5:2/1/1 50                                           
2019-02-05 10:43:35,940 DEBUG n.e.o.t.s.UpdateSvc                 - sunn-cr5:7/2/1 50                                           
2019-02-05 10:43:35,940 DEBUG n.e.o.t.s.UpdateSvc                 - sunn-cr5:10/1/5 50                                          
2019-02-05 10:43:35,940 DEBUG n.e.o.t.s.UpdateSvc                 - sunn-cr5:10/2/3 50                                          
2019-02-05 10:43:35,940 DEBUG n.e.o.t.s.UpdateSvc                 - sunn-cr5:10/2/2 50                                          
2019-02-05 10:43:35,940 DEBUG n.e.o.t.s.UpdateSvc                 - sunn-cr5:9/1/2 50                                           
2019-02-05 10:43:35,943 INFO  n.e.o.t.s.UpdateSvc                 - inserting p: star-cr5:8/1/2 to star-cr5                     
2019-02-05 10:43:35,944 DEBUG n.e.o.t.s.UpdateSvc                 - star-cr5:5/1/1 76                                           
2019-02-05 10:43:35,944 DEBUG n.e.o.t.s.UpdateSvc                 - star-cr5:BLANK 76                                           
2019-02-05 10:43:35,944 DEBUG n.e.o.t.s.UpdateSvc                 - star-cr5:6/1/1 76                                           
2019-02-05 10:43:35,944 DEBUG n.e.o.t.s.UpdateSvc                 - star-cr5:10/1/1 76                                          
2019-02-05 10:43:35,944 DEBUG n.e.o.t.s.UpdateSvc                 - star-cr5:4/2/1 76                                           
2019-02-05 10:43:35,944 DEBUG n.e.o.t.s.UpdateSvc                 - star-cr5:10/1/10 76                                         
2019-02-05 10:43:35,944 DEBUG n.e.o.t.s.UpdateSvc                 - star-cr5:10/1/8 76                                          
2019-02-05 10:43:35,944 DEBUG n.e.o.t.s.UpdateSvc                 - star-cr5:8/1/4 76                                           
2019-02-05 10:43:35,944 DEBUG n.e.o.t.s.UpdateSvc                 - star-cr5:3/2/1 76                                           
2019-02-05 10:43:35,944 DEBUG n.e.o.t.s.UpdateSvc                 - star-cr5:6/2/1 76                                           
2019-02-05 10:43:35,944 DEBUG n.e.o.t.s.UpdateSvc                 - star-cr5:4/1/1 76                                           
2019-02-05 10:43:35,944 DEBUG n.e.o.t.s.UpdateSvc                 - star-cr5:10/1/7 76                                          
2019-02-05 10:43:35,944 DEBUG n.e.o.t.s.UpdateSvc                 - star-cr5:8/1/2 76                                           
2019-02-05 10:43:35,945 DEBUG n.e.o.t.s.UpdateSvc                 - star-cr5:8/1/6 76                                           
2019-02-05 10:43:35,945 DEBUG n.e.o.t.s.UpdateSvc                 - star-cr5:1/2/1 76                                           
2019-02-05 10:43:35,945 DEBUG n.e.o.t.s.UpdateSvc                 - star-cr5:3/1/1 76                                           
2019-02-05 10:43:35,945 DEBUG n.e.o.t.s.UpdateSvc                 - star-cr5:1/1/1 76                                           
2019-02-05 10:43:35,948 INFO  n.e.o.t.s.UpdateSvc                 - inserting p: chic-cr5:5/1/1 to chic-cr5                     
2019-02-05 10:43:35,949 DEBUG n.e.o.t.s.UpdateSvc                 - chic-cr5:10/1/5 55                                          
2019-02-05 10:43:35,949 DEBUG n.e.o.t.s.UpdateSvc                 - chic-cr5:2/1/1 55                                           
2019-02-05 10:43:35,949 DEBUG n.e.o.t.s.UpdateSvc                 - chic-cr5:7/1/1 55                                           
2019-02-05 10:43:35,949 DEBUG n.e.o.t.s.UpdateSvc                 - chic-cr5:6/1/1 55                                           
2019-02-05 10:43:35,949 DEBUG n.e.o.t.s.UpdateSvc                 - chic-cr5:10/1/3 55                                          
2019-02-05 10:43:35,949 DEBUG n.e.o.t.s.UpdateSvc                 - chic-cr5:10/1/1 55                                          
2019-02-05 10:43:35,949 DEBUG n.e.o.t.s.UpdateSvc                 - chic-cr5:8/1/1 55                                           
2019-02-05 10:43:35,949 DEBUG n.e.o.t.s.UpdateSvc                 - chic-cr5:5/1/1 55                                           
2019-02-05 10:43:35,949 DEBUG n.e.o.t.s.UpdateSvc                 - chic-cr5:BLANK 55                                           
2019-02-05 10:43:35,949 DEBUG n.e.o.t.s.UpdateSvc                 - chic-cr5:1/1/1 55                                           
2019-02-05 10:43:35,949 DEBUG n.e.o.t.s.UpdateSvc                 - chic-cr5:7/2/1 55                                           
2019-02-05 10:43:35,949 DEBUG n.e.o.t.s.UpdateSvc                 - chic-cr5:4/1/1 55                                           
2019-02-05 10:43:35,949 DEBUG n.e.o.t.s.UpdateSvc                 - chic-cr5:10/1/4 55                                          
2019-02-05 10:43:35,949 DEBUG n.e.o.t.s.UpdateSvc                 - chic-cr5:3/1/1 55                                           
2019-02-05 10:43:35,949 DEBUG n.e.o.t.s.UpdateSvc                 - chic-cr5:6/2/1 55                                           
2019-02-05 10:43:35,949 DEBUG n.e.o.t.s.UpdateSvc                 - chic-cr5:10/1/7 55                                          
2019-02-05 10:43:35,951 INFO  n.e.o.t.s.UpdateSvc                 - inserting p: lbl-mr2:xe-2/1/0 to lbl-mr2                    
2019-02-05 10:43:35,953 DEBUG n.e.o.t.s.UpdateSvc                 - lbl-mr2:xe-8/3/0 74                                         
2019-02-05 10:43:35,953 DEBUG n.e.o.t.s.UpdateSvc                 - lbl-mr2:ge-9/1/0 74                                         
2019-02-05 10:43:35,953 DEBUG n.e.o.t.s.UpdateSvc                 - lbl-mr2:ge-9/1/2 74                                         
2019-02-05 10:43:35,953 DEBUG n.e.o.t.s.UpdateSvc                 - lbl-mr2:xe-0/1/0 74                                         
2019-02-05 10:43:35,953 DEBUG n.e.o.t.s.UpdateSvc                 - lbl-mr2:xe-8/1/0 74                                         
2019-02-05 10:43:35,953 DEBUG n.e.o.t.s.UpdateSvc                 - lbl-mr2:xe-0/2/0 74                                         
2019-02-05 10:43:35,953 DEBUG n.e.o.t.s.UpdateSvc                 - lbl-mr2:ge-9/0/4 74                                         
2019-02-05 10:43:35,953 DEBUG n.e.o.t.s.UpdateSvc                 - lbl-mr2:xe-1/1/0 74                                         
2019-02-05 10:43:35,953 DEBUG n.e.o.t.s.UpdateSvc                 - lbl-mr2:xe-7/2/0 74                                         
2019-02-05 10:43:35,953 DEBUG n.e.o.t.s.UpdateSvc                 - lbl-mr2:ge-9/1/8 74                                         
2019-02-05 10:43:35,953 DEBUG n.e.o.t.s.UpdateSvc                 - lbl-mr2:ae0 74                                              
2019-02-05 10:43:35,953 DEBUG n.e.o.t.s.UpdateSvc                 - lbl-mr2:xe-7/0/0 74                                         
2019-02-05 10:43:35,953 DEBUG n.e.o.t.s.UpdateSvc                 - lbl-mr2:xe-2/1/0 74                                         
2019-02-05 10:43:35,953 DEBUG n.e.o.t.s.UpdateSvc                 - lbl-mr2:xe-2/3/0 74                                         
2019-02-05 10:43:35,956 INFO  n.e.o.t.s.UpdateSvc                 - inserting p: pppl-rt5:ge-0/0/2 to pppl-rt5                  
2019-02-05 10:43:35,957 DEBUG n.e.o.t.s.UpdateSvc                 - pppl-rt5:ge-0/0/2 30                                        
2019-02-05 10:43:35,957 DEBUG n.e.o.t.s.UpdateSvc                 - pppl-rt5:xe-1/2/0 30                                        
2019-02-05 10:43:35,957 DEBUG n.e.o.t.s.UpdateSvc                 - pppl-rt5:xe-1/3/0 30                                        
2019-02-05 10:43:35,960 INFO  n.e.o.t.s.UpdateSvc                 - inserting p: orau-rt4:ge-0/1/0 to orau-rt4                  
2019-02-05 10:43:35,960 DEBUG n.e.o.t.s.UpdateSvc                 - orau-rt4:ge-0/1/0 32                                        
2019-02-05 10:43:35,963 INFO  n.e.o.t.s.UpdateSvc                 - inserting p: orau-rt4:ge-0/1/1 to orau-rt4                  
2019-02-05 10:43:35,964 DEBUG n.e.o.t.s.UpdateSvc                 - orau-rt4:ge-0/1/0 32                                        
2019-02-05 10:43:35,964 DEBUG n.e.o.t.s.UpdateSvc                 - orau-rt4:ge-0/1/1 32                                        
2019-02-05 10:43:35,967 INFO  n.e.o.t.s.UpdateSvc                 - inserting p: orau-rt4:ge-0/1/2 to orau-rt4                  
2019-02-05 10:43:35,967 DEBUG n.e.o.t.s.UpdateSvc                 - orau-rt4:ge-0/1/0 32                                        
2019-02-05 10:43:35,968 DEBUG n.e.o.t.s.UpdateSvc                 - orau-rt4:ge-0/1/2 32                                        
2019-02-05 10:43:35,968 DEBUG n.e.o.t.s.UpdateSvc                 - orau-rt4:ge-0/1/1 32                                        
2019-02-05 10:43:35,970 INFO  n.e.o.t.s.UpdateSvc                 - inserting p: eqx-chi-cr5:1/1/1 to eqx-chi-cr5               
2019-02-05 10:43:35,970 DEBUG n.e.o.t.s.UpdateSvc                 - eqx-chi-cr5:BLANK 58                                        
2019-02-05 10:43:35,970 DEBUG n.e.o.t.s.UpdateSvc                 - eqx-chi-cr5:10/1/3 58                                       
2019-02-05 10:43:35,970 DEBUG n.e.o.t.s.UpdateSvc                 - eqx-chi-cr5:10/1/1 58                                       
2019-02-05 10:43:35,970 DEBUG n.e.o.t.s.UpdateSvc                 - eqx-chi-cr5:1/1/1 58                                        
2019-02-05 10:43:35,970 DEBUG n.e.o.t.s.UpdateSvc                 - eqx-chi-cr5:10/1/2 58                                       
2019-02-05 10:43:35,983 INFO  n.e.o.t.s.UpdateSvc                 - inserting p: orau-rt4:ge-0/1/3 to orau-rt4                  
2019-02-05 10:43:35,983 DEBUG n.e.o.t.s.UpdateSvc                 - orau-rt4:ge-0/1/0 32                                        
2019-02-05 10:43:35,984 DEBUG n.e.o.t.s.UpdateSvc                 - orau-rt4:ge-0/1/2 32                                        
2019-02-05 10:43:35,984 DEBUG n.e.o.t.s.UpdateSvc                 - orau-rt4:ge-0/1/3 32                                        
2019-02-05 10:43:35,984 DEBUG n.e.o.t.s.UpdateSvc                 - orau-rt4:ge-0/1/1 32                                        
2019-02-05 10:43:35,986 INFO  n.e.o.t.s.UpdateSvc                 - inserting p: orau-rt4:ge-0/1/4 to orau-rt4                  
2019-02-05 10:43:35,987 DEBUG n.e.o.t.s.UpdateSvc                 - orau-rt4:ge-0/1/0 32                                        
2019-02-05 10:43:35,987 DEBUG n.e.o.t.s.UpdateSvc                 - orau-rt4:ge-0/1/2 32                                        
2019-02-05 10:43:35,987 DEBUG n.e.o.t.s.UpdateSvc                 - orau-rt4:ge-0/1/3 32                                        
2019-02-05 10:43:35,987 DEBUG n.e.o.t.s.UpdateSvc                 - orau-rt4:ge-0/1/4 32                                        
2019-02-05 10:43:35,987 DEBUG n.e.o.t.s.UpdateSvc                 - orau-rt4:ge-0/1/1 32                                        
2019-02-05 10:43:35,989 INFO  n.e.o.t.s.UpdateSvc                 - inserting p: slac-mr2:xe-1/3/0 to slac-mr2                  
2019-02-05 10:43:35,990 DEBUG n.e.o.t.s.UpdateSvc                 - slac-mr2:xe-0/2/0 56                                        
2019-02-05 10:43:35,990 DEBUG n.e.o.t.s.UpdateSvc                 - slac-mr2:xe-0/0/0 56                                        
2019-02-05 10:43:35,990 DEBUG n.e.o.t.s.UpdateSvc                 - slac-mr2:xe-0/1/0 56                                        
2019-02-05 10:43:35,990 DEBUG n.e.o.t.s.UpdateSvc                 - slac-mr2:xe-1/3/0 56                                        
2019-02-05 10:43:35,990 DEBUG n.e.o.t.s.UpdateSvc                 - slac-mr2:xe-1/1/0 56                                        
2019-02-05 10:43:35,993 INFO  n.e.o.t.s.UpdateSvc                 - inserting p: jgi-mr2:xe-0/2/0 to jgi-mr2                    
2019-02-05 10:43:35,994 DEBUG n.e.o.t.s.UpdateSvc                 - jgi-mr2:xe-2/2/0 61                                         
2019-02-05 10:43:35,994 DEBUG n.e.o.t.s.UpdateSvc                 - jgi-mr2:xe-0/2/0 61                                         
2019-02-05 10:43:35,994 DEBUG n.e.o.t.s.UpdateSvc                 - jgi-mr2:xe-1/3/0 61                                         
2019-02-05 10:43:35,997 INFO  n.e.o.t.s.UpdateSvc                 - inserting p: pppl-rt5:xe-1/1/0 to pppl-rt5                  
2019-02-05 10:43:35,997 DEBUG n.e.o.t.s.UpdateSvc                 - pppl-rt5:ge-0/0/2 30                                        
2019-02-05 10:43:35,998 DEBUG n.e.o.t.s.UpdateSvc                 - pppl-rt5:xe-1/1/0 30                                        
2019-02-05 10:43:35,998 DEBUG n.e.o.t.s.UpdateSvc                 - pppl-rt5:xe-1/2/0 30                                        
2019-02-05 10:43:35,998 DEBUG n.e.o.t.s.UpdateSvc                 - pppl-rt5:xe-1/3/0 30                                        
2019-02-05 10:43:36,000 INFO  n.e.o.t.s.UpdateSvc                 - inserting p: lbl-mr2:xe-1/3/0 to lbl-mr2                    
2019-02-05 10:43:36,001 DEBUG n.e.o.t.s.UpdateSvc                 - lbl-mr2:xe-8/3/0 74                                         
2019-02-05 10:43:36,001 DEBUG n.e.o.t.s.UpdateSvc                 - lbl-mr2:ge-9/1/0 74                                         
2019-02-05 10:43:36,001 DEBUG n.e.o.t.s.UpdateSvc                 - lbl-mr2:ge-9/1/2 74                                         
2019-02-05 10:43:36,001 DEBUG n.e.o.t.s.UpdateSvc                 - lbl-mr2:xe-0/1/0 74                                         
2019-02-05 10:43:36,001 DEBUG n.e.o.t.s.UpdateSvc                 - lbl-mr2:xe-8/1/0 74                                         
2019-02-05 10:43:36,001 DEBUG n.e.o.t.s.UpdateSvc                 - lbl-mr2:xe-0/2/0 74                                         
2019-02-05 10:43:36,001 DEBUG n.e.o.t.s.UpdateSvc                 - lbl-mr2:ge-9/0/4 74                                         
2019-02-05 10:43:36,001 DEBUG n.e.o.t.s.UpdateSvc                 - lbl-mr2:xe-1/1/0 74                                         
2019-02-05 10:43:36,001 DEBUG n.e.o.t.s.UpdateSvc                 - lbl-mr2:xe-7/2/0 74                                         
2019-02-05 10:43:36,002 DEBUG n.e.o.t.s.UpdateSvc                 - lbl-mr2:ge-9/1/8 74                                         
2019-02-05 10:43:36,002 DEBUG n.e.o.t.s.UpdateSvc                 - lbl-mr2:ae0 74                                              
2019-02-05 10:43:36,002 DEBUG n.e.o.t.s.UpdateSvc                 - lbl-mr2:xe-1/3/0 74                                         
2019-02-05 10:43:36,002 DEBUG n.e.o.t.s.UpdateSvc                 - lbl-mr2:xe-7/0/0 74                                         
2019-02-05 10:43:36,002 DEBUG n.e.o.t.s.UpdateSvc                 - lbl-mr2:xe-2/1/0 74                                         
2019-02-05 10:43:36,002 DEBUG n.e.o.t.s.UpdateSvc                 - lbl-mr2:xe-2/3/0 74                                         
2019-02-05 10:43:36,004 INFO  n.e.o.t.s.UpdateSvc                 - inserting p: ornl-cr5:9/1/4 to ornl-cr5                     
2019-02-05 10:43:36,005 DEBUG n.e.o.t.s.UpdateSvc                 - ornl-cr5:7/1/1 64                                           
2019-02-05 10:43:36,005 DEBUG n.e.o.t.s.UpdateSvc                 - ornl-cr5:10/1/1 64                                          
2019-02-05 10:43:36,005 DEBUG n.e.o.t.s.UpdateSvc                 - ornl-cr5:10/1/3 64                                          
2019-02-05 10:43:36,005 DEBUG n.e.o.t.s.UpdateSvc                 - ornl-cr5:6/1/1 64                                           
2019-02-05 10:43:36,005 DEBUG n.e.o.t.s.UpdateSvc                 - ornl-cr5:9/1/4 64                                           
2019-02-05 10:43:36,005 DEBUG n.e.o.t.s.UpdateSvc                 - ornl-cr5:10/1/2 64                                          
2019-02-05 10:43:36,008 INFO  n.e.o.t.s.UpdateSvc                 - inserting p: sunn-cr5:1/1/1 to sunn-cr5                     
2019-02-05 10:43:36,009 DEBUG n.e.o.t.s.UpdateSvc                 - sunn-cr5:10/2/4 50                                          
2019-02-05 10:43:36,009 DEBUG n.e.o.t.s.UpdateSvc                 - sunn-cr5:10/2/6 50                                          
2019-02-05 10:43:36,009 DEBUG n.e.o.t.s.UpdateSvc                 - sunn-cr5:4/1/1 50                                           
2019-02-05 10:43:36,009 DEBUG n.e.o.t.s.UpdateSvc                 - sunn-cr5:1/1/1 50                                           
2019-02-05 10:43:36,009 DEBUG n.e.o.t.s.UpdateSvc                 - sunn-cr5:5/1/1 50                                           
2019-02-05 10:43:36,009 DEBUG n.e.o.t.s.UpdateSvc                 - sunn-cr5:7/1/1 50                                           
2019-02-05 10:43:36,009 DEBUG n.e.o.t.s.UpdateSvc                 - sunn-cr5:5/2/1 50                                           
2019-02-05 10:43:36,009 DEBUG n.e.o.t.s.UpdateSvc                 - sunn-cr5:2/2/1 50                                           
2019-02-05 10:43:36,009 DEBUG n.e.o.t.s.UpdateSvc                 - sunn-cr5:10/1/1 50                                          
2019-02-05 10:43:36,009 DEBUG n.e.o.t.s.UpdateSvc                 - sunn-cr5:8/2/1 50                                           
2019-02-05 10:43:36,009 DEBUG n.e.o.t.s.UpdateSvc                 - sunn-cr5:10/1/4 50                                          
2019-02-05 10:43:36,009 DEBUG n.e.o.t.s.UpdateSvc                 - sunn-cr5:10/1/6 50                                          
2019-02-05 10:43:36,009 DEBUG n.e.o.t.s.UpdateSvc                 - sunn-cr5:9/1/3 50                                           
2019-02-05 10:43:36,009 DEBUG n.e.o.t.s.UpdateSvc                 - sunn-cr5:10/1/2 50                                          
2019-02-05 10:43:36,009 DEBUG n.e.o.t.s.UpdateSvc                 - sunn-cr5:9/1/1 50                                           
2019-02-05 10:43:36,009 DEBUG n.e.o.t.s.UpdateSvc                 - sunn-cr5:10/2/1 50                                          
2019-02-05 10:43:36,009 DEBUG n.e.o.t.s.UpdateSvc                 - sunn-cr5:9/1/5 50                                           
2019-02-05 10:43:36,009 DEBUG n.e.o.t.s.UpdateSvc                 - sunn-cr5:10/1/3 50                                          
2019-02-05 10:43:36,009 DEBUG n.e.o.t.s.UpdateSvc                 - sunn-cr5:10/2/5 50                                          
2019-02-05 10:43:36,009 DEBUG n.e.o.t.s.UpdateSvc                 - sunn-cr5:8/1/1 50                                           
2019-02-05 10:43:36,009 DEBUG n.e.o.t.s.UpdateSvc                 - sunn-cr5:2/1/1 50                                           
2019-02-05 10:43:36,009 DEBUG n.e.o.t.s.UpdateSvc                 - sunn-cr5:7/2/1 50                                           
2019-02-05 10:43:36,009 DEBUG n.e.o.t.s.UpdateSvc                 - sunn-cr5:10/1/5 50                                          
2019-02-05 10:43:36,009 DEBUG n.e.o.t.s.UpdateSvc                 - sunn-cr5:10/2/3 50                                          
2019-02-05 10:43:36,009 DEBUG n.e.o.t.s.UpdateSvc                 - sunn-cr5:10/2/2 50                                          
2019-02-05 10:43:36,009 DEBUG n.e.o.t.s.UpdateSvc                 - sunn-cr5:9/1/2 50                                           
2019-02-05 10:43:36,012 INFO  n.e.o.t.s.UpdateSvc                 - inserting p: fnal-mr2:xe-8/3/0 to fnal-mr2                  
2019-02-05 10:43:36,013 DEBUG n.e.o.t.s.UpdateSvc                 - fnal-mr2:xe-0/0/0 65                                        
2019-02-05 10:43:36,013 DEBUG n.e.o.t.s.UpdateSvc                 - fnal-mr2:xe-8/1/0 65                                        
2019-02-05 10:43:36,013 DEBUG n.e.o.t.s.UpdateSvc                 - fnal-mr2:xe-1/1/0 65                                        
2019-02-05 10:43:36,013 DEBUG n.e.o.t.s.UpdateSvc                 - fnal-mr2:xe-8/3/0 65                                        
2019-02-05 10:43:36,013 DEBUG n.e.o.t.s.UpdateSvc                 - fnal-mr2:xe-1/3/0 65                                        
2019-02-05 10:43:36,016 INFO  n.e.o.t.s.UpdateSvc                 - inserting p: ga-rt2:xe-0/2/0 to ga-rt2                      
2019-02-05 10:43:36,017 DEBUG n.e.o.t.s.UpdateSvc                 - ga-rt2:xe-0/0/0 37                                          
2019-02-05 10:43:36,017 DEBUG n.e.o.t.s.UpdateSvc                 - ga-rt2:ge-1/0/3 37                                          
2019-02-05 10:43:36,017 DEBUG n.e.o.t.s.UpdateSvc                 - ga-rt2:ge-1/0/5 37                                          
2019-02-05 10:43:36,017 DEBUG n.e.o.t.s.UpdateSvc                 - ga-rt2:ge-1/1/3 37                                          
2019-02-05 10:43:36,017 DEBUG n.e.o.t.s.UpdateSvc                 - ga-rt2:xe-0/2/0 37                                          
2019-02-05 10:43:36,021 INFO  n.e.o.t.s.UpdateSvc                 - inserting p: elpa-cr5:2/1/1 to elpa-cr5                     
2019-02-05 10:43:36,022 DEBUG n.e.o.t.s.UpdateSvc                 - elpa-cr5:1/1/1 46                                           
2019-02-05 10:43:36,022 DEBUG n.e.o.t.s.UpdateSvc                 - elpa-cr5:3/1/1 46                                           
2019-02-05 10:43:36,022 DEBUG n.e.o.t.s.UpdateSvc                 - elpa-cr5:2/1/1 46                                           
2019-02-05 10:43:36,022 DEBUG n.e.o.t.s.UpdateSvc                 - elpa-cr5:10/1/5 46                                          
2019-02-05 10:43:36,022 DEBUG n.e.o.t.s.UpdateSvc                 - elpa-cr5:10/1/4 46                                          
2019-02-05 10:43:36,022 DEBUG n.e.o.t.s.UpdateSvc                 - elpa-cr5:10/1/3 46                                          
2019-02-05 10:43:36,025 INFO  n.e.o.t.s.UpdateSvc                 - inserting p: chic-cr5:3/2/1 to chic-cr5                     
2019-02-05 10:43:36,026 DEBUG n.e.o.t.s.UpdateSvc                 - chic-cr5:10/1/5 55                                          
2019-02-05 10:43:36,027 DEBUG n.e.o.t.s.UpdateSvc                 - chic-cr5:2/1/1 55                                           
2019-02-05 10:43:36,027 DEBUG n.e.o.t.s.UpdateSvc                 - chic-cr5:7/1/1 55                                           
2019-02-05 10:43:36,027 DEBUG n.e.o.t.s.UpdateSvc                 - chic-cr5:3/2/1 55                                           
2019-02-05 10:43:36,027 DEBUG n.e.o.t.s.UpdateSvc                 - chic-cr5:6/1/1 55                                           
2019-02-05 10:43:36,027 DEBUG n.e.o.t.s.UpdateSvc                 - chic-cr5:10/1/3 55                                          
2019-02-05 10:43:36,027 DEBUG n.e.o.t.s.UpdateSvc                 - chic-cr5:10/1/1 55                                          
2019-02-05 10:43:36,027 DEBUG n.e.o.t.s.UpdateSvc                 - chic-cr5:8/1/1 55                                           
2019-02-05 10:43:36,027 DEBUG n.e.o.t.s.UpdateSvc                 - chic-cr5:5/1/1 55                                           
2019-02-05 10:43:36,027 DEBUG n.e.o.t.s.UpdateSvc                 - chic-cr5:BLANK 55                                           
2019-02-05 10:43:36,027 DEBUG n.e.o.t.s.UpdateSvc                 - chic-cr5:1/1/1 55                                           
2019-02-05 10:43:36,027 DEBUG n.e.o.t.s.UpdateSvc                 - chic-cr5:7/2/1 55                                           
2019-02-05 10:43:36,027 DEBUG n.e.o.t.s.UpdateSvc                 - chic-cr5:4/1/1 55                                           
2019-02-05 10:43:36,027 DEBUG n.e.o.t.s.UpdateSvc                 - chic-cr5:10/1/4 55                                          
2019-02-05 10:43:36,027 DEBUG n.e.o.t.s.UpdateSvc                 - chic-cr5:3/1/1 55                                           
2019-02-05 10:43:36,027 DEBUG n.e.o.t.s.UpdateSvc                 - chic-cr5:6/2/1 55                                           
2019-02-05 10:43:36,027 DEBUG n.e.o.t.s.UpdateSvc                 - chic-cr5:10/1/7 55                                          
2019-02-05 10:43:36,031 INFO  n.e.o.t.s.UpdateSvc                 - inserting p: srs-rt3:ge-1/2/0 to srs-rt3                    
2019-02-05 10:43:36,032 DEBUG n.e.o.t.s.UpdateSvc                 - srs-rt3:ge-0/1/0 31                                         
2019-02-05 10:43:36,032 DEBUG n.e.o.t.s.UpdateSvc                 - srs-rt3:ge-1/0/0 31                                         
2019-02-05 10:43:36,032 DEBUG n.e.o.t.s.UpdateSvc                 - srs-rt3:ge-0/0/0 31                                         
2019-02-05 10:43:36,032 DEBUG n.e.o.t.s.UpdateSvc                 - srs-rt3:ge-1/2/0 31                                         
2019-02-05 10:43:36,032 DEBUG n.e.o.t.s.UpdateSvc                 - srs-rt3:ge-1/1/0 31                                         
2019-02-05 10:43:36,036 INFO  n.e.o.t.s.UpdateSvc                 - inserting p: hous-cr5:4/1/1 to hous-cr5                     
2019-02-05 10:43:36,037 DEBUG n.e.o.t.s.UpdateSvc                 - hous-cr5:10/1/3 68                                          
2019-02-05 10:43:36,037 DEBUG n.e.o.t.s.UpdateSvc                 - hous-cr5:3/1/1 68                                           
2019-02-05 10:43:36,037 DEBUG n.e.o.t.s.UpdateSvc                 - hous-cr5:4/1/1 68                                           
2019-02-05 10:43:36,037 DEBUG n.e.o.t.s.UpdateSvc                 - hous-cr5:10/1/4 68                                          
2019-02-05 10:43:36,037 DEBUG n.e.o.t.s.UpdateSvc                 - hous-cr5:2/1/1 68                                           
2019-02-05 10:43:36,037 DEBUG n.e.o.t.s.UpdateSvc                 - hous-cr5:1/1/1 68                                           
2019-02-05 10:43:36,040 INFO  n.e.o.t.s.UpdateSvc                 - inserting p: amst-cr5:1/1/1 to amst-cr5                     
2019-02-05 10:43:36,041 DEBUG n.e.o.t.s.UpdateSvc                 - amst-cr5:10/2/5 72                                          
2019-02-05 10:43:36,041 DEBUG n.e.o.t.s.UpdateSvc                 - amst-cr5:5/1/1 72                                           
2019-02-05 10:43:36,041 DEBUG n.e.o.t.s.UpdateSvc                 - amst-cr5:3/1/1 72                                           
2019-02-05 10:43:36,041 DEBUG n.e.o.t.s.UpdateSvc                 - amst-cr5:10/1/2 72                                          
2019-02-05 10:43:36,041 DEBUG n.e.o.t.s.UpdateSvc                 - amst-cr5:2/1/1 72                                           
2019-02-05 10:43:36,041 DEBUG n.e.o.t.s.UpdateSvc                 - amst-cr5:10/1/1 72                                          
2019-02-05 10:43:36,041 DEBUG n.e.o.t.s.UpdateSvc                 - amst-cr5:1/1/1 72                                           
2019-02-05 10:43:36,043 INFO  n.e.o.t.s.UpdateSvc                 - inserting p: nash-cr5:4/1/1 to nash-cr5                     
2019-02-05 10:43:36,044 DEBUG n.e.o.t.s.UpdateSvc                 - nash-cr5:3/1/1 45                                           
2019-02-05 10:43:36,044 DEBUG n.e.o.t.s.UpdateSvc                 - nash-cr5:10/1/6 45                                          
2019-02-05 10:43:36,044 DEBUG n.e.o.t.s.UpdateSvc                 - nash-cr5:10/1/3 45                                          
2019-02-05 10:43:36,044 DEBUG n.e.o.t.s.UpdateSvc                 - nash-cr5:1/1/1 45                                           
2019-02-05 10:43:36,044 DEBUG n.e.o.t.s.UpdateSvc                 - nash-cr5:4/1/1 45                                           
2019-02-05 10:43:36,044 DEBUG n.e.o.t.s.UpdateSvc                 - nash-cr5:1/2/1 45                                           
2019-02-05 10:43:36,044 DEBUG n.e.o.t.s.UpdateSvc                 - nash-cr5:2/1/1 45                                           
2019-02-05 10:43:36,044 DEBUG n.e.o.t.s.UpdateSvc                 - nash-cr5:10/1/5 45                                          
2019-02-05 10:43:36,044 DEBUG n.e.o.t.s.UpdateSvc                 - nash-cr5:10/1/4 45                                          
2019-02-05 10:43:36,046 INFO  n.e.o.t.s.UpdateSvc                 - inserting p: pnwg-cr5:10/1/9 to pnwg-cr5                    
2019-02-05 10:43:36,047 DEBUG n.e.o.t.s.UpdateSvc                 - pnwg-cr5:9/1/2 71                                           
2019-02-05 10:43:36,047 DEBUG n.e.o.t.s.UpdateSvc                 - pnwg-cr5:10/1/10 71                                         
2019-02-05 10:43:36,047 DEBUG n.e.o.t.s.UpdateSvc                 - pnwg-cr5:2/2/1 71                                           
2019-02-05 10:43:36,047 DEBUG n.e.o.t.s.UpdateSvc                 - pnwg-cr5:3/1/1 71                                           
2019-02-05 10:43:36,047 DEBUG n.e.o.t.s.UpdateSvc                 - pnwg-cr5:2/1/1 71                                           
2019-02-05 10:43:36,047 DEBUG n.e.o.t.s.UpdateSvc                 - pnwg-cr5:BLANK 71                                           
2019-02-05 10:43:36,047 DEBUG n.e.o.t.s.UpdateSvc                 - pnwg-cr5:10/1/9 71                                          
2019-02-05 10:43:36,047 DEBUG n.e.o.t.s.UpdateSvc                 - pnwg-cr5:1/1/1 71                                           
2019-02-05 10:43:36,050 INFO  n.e.o.t.s.UpdateSvc                 - inserting p: lbl-mr2:xe-2/2/0 to lbl-mr2                    
2019-02-05 10:43:36,050 DEBUG n.e.o.t.s.UpdateSvc                 - lbl-mr2:xe-8/3/0 74                                         
2019-02-05 10:43:36,050 DEBUG n.e.o.t.s.UpdateSvc                 - lbl-mr2:ge-9/1/0 74                                         
2019-02-05 10:43:36,050 DEBUG n.e.o.t.s.UpdateSvc                 - lbl-mr2:ge-9/1/2 74                                         
2019-02-05 10:43:36,051 DEBUG n.e.o.t.s.UpdateSvc                 - lbl-mr2:xe-0/1/0 74                                         
2019-02-05 10:43:36,051 DEBUG n.e.o.t.s.UpdateSvc                 - lbl-mr2:xe-8/1/0 74                                         
2019-02-05 10:43:36,051 DEBUG n.e.o.t.s.UpdateSvc                 - lbl-mr2:xe-0/2/0 74                                         
2019-02-05 10:43:36,051 DEBUG n.e.o.t.s.UpdateSvc                 - lbl-mr2:ge-9/0/4 74                                         
2019-02-05 10:43:36,051 DEBUG n.e.o.t.s.UpdateSvc                 - lbl-mr2:xe-2/2/0 74                                         
2019-02-05 10:43:36,051 DEBUG n.e.o.t.s.UpdateSvc                 - lbl-mr2:xe-1/1/0 74                                         
2019-02-05 10:43:36,051 DEBUG n.e.o.t.s.UpdateSvc                 - lbl-mr2:xe-7/2/0 74                                         
2019-02-05 10:43:36,051 DEBUG n.e.o.t.s.UpdateSvc                 - lbl-mr2:ge-9/1/8 74                                         
2019-02-05 10:43:36,051 DEBUG n.e.o.t.s.UpdateSvc                 - lbl-mr2:ae0 74                                              
2019-02-05 10:43:36,051 DEBUG n.e.o.t.s.UpdateSvc                 - lbl-mr2:xe-1/3/0 74                                         
2019-02-05 10:43:36,051 DEBUG n.e.o.t.s.UpdateSvc                 - lbl-mr2:xe-7/0/0 74                                         
2019-02-05 10:43:36,051 DEBUG n.e.o.t.s.UpdateSvc                 - lbl-mr2:xe-2/1/0 74                                         
2019-02-05 10:43:36,051 DEBUG n.e.o.t.s.UpdateSvc                 - lbl-mr2:xe-2/3/0 74                                         
2019-02-05 10:43:36,053 INFO  n.e.o.t.s.UpdateSvc                 - inserting p: pnwg-cr5:10/1/6 to pnwg-cr5                    
2019-02-05 10:43:36,054 DEBUG n.e.o.t.s.UpdateSvc                 - pnwg-cr5:9/1/2 71                                           
2019-02-05 10:43:36,054 DEBUG n.e.o.t.s.UpdateSvc                 - pnwg-cr5:10/1/10 71                                         
2019-02-05 10:43:36,054 DEBUG n.e.o.t.s.UpdateSvc                 - pnwg-cr5:2/2/1 71                                           
2019-02-05 10:43:36,054 DEBUG n.e.o.t.s.UpdateSvc                 - pnwg-cr5:3/1/1 71                                           
2019-02-05 10:43:36,054 DEBUG n.e.o.t.s.UpdateSvc                 - pnwg-cr5:10/1/6 71                                          
2019-02-05 10:43:36,054 DEBUG n.e.o.t.s.UpdateSvc                 - pnwg-cr5:2/1/1 71                                           
2019-02-05 10:43:36,054 DEBUG n.e.o.t.s.UpdateSvc                 - pnwg-cr5:BLANK 71                                           
2019-02-05 10:43:36,054 DEBUG n.e.o.t.s.UpdateSvc                 - pnwg-cr5:10/1/9 71                                          
2019-02-05 10:43:36,054 DEBUG n.e.o.t.s.UpdateSvc                 - pnwg-cr5:1/1/1 71                                           
2019-02-05 10:43:36,056 INFO  n.e.o.t.s.UpdateSvc                 - inserting p: nash-cr5:4/2/1 to nash-cr5                     
2019-02-05 10:43:36,057 DEBUG n.e.o.t.s.UpdateSvc                 - nash-cr5:3/1/1 45                                           
2019-02-05 10:43:36,057 DEBUG n.e.o.t.s.UpdateSvc                 - nash-cr5:10/1/6 45                                          
2019-02-05 10:43:36,057 DEBUG n.e.o.t.s.UpdateSvc                 - nash-cr5:10/1/3 45                                          
2019-02-05 10:43:36,057 DEBUG n.e.o.t.s.UpdateSvc                 - nash-cr5:1/1/1 45                                           
2019-02-05 10:43:36,057 DEBUG n.e.o.t.s.UpdateSvc                 - nash-cr5:4/1/1 45                                           
2019-02-05 10:43:36,057 DEBUG n.e.o.t.s.UpdateSvc                 - nash-cr5:1/2/1 45                                           
2019-02-05 10:43:36,057 DEBUG n.e.o.t.s.UpdateSvc                 - nash-cr5:4/2/1 45                                           
2019-02-05 10:43:36,057 DEBUG n.e.o.t.s.UpdateSvc                 - nash-cr5:2/1/1 45                                           
2019-02-05 10:43:36,057 DEBUG n.e.o.t.s.UpdateSvc                 - nash-cr5:10/1/5 45                                          
2019-02-05 10:43:36,057 DEBUG n.e.o.t.s.UpdateSvc                 - nash-cr5:10/1/4 45                                          
2019-02-05 10:43:36,059 INFO  n.e.o.t.s.UpdateSvc                 - inserting p: pnwg-cr5:10/1/5 to pnwg-cr5                    
2019-02-05 10:43:36,060 DEBUG n.e.o.t.s.UpdateSvc                 - pnwg-cr5:9/1/2 71                                           
2019-02-05 10:43:36,060 DEBUG n.e.o.t.s.UpdateSvc                 - pnwg-cr5:10/1/10 71                                         
2019-02-05 10:43:36,060 DEBUG n.e.o.t.s.UpdateSvc                 - pnwg-cr5:10/1/5 71                                          
2019-02-05 10:43:36,060 DEBUG n.e.o.t.s.UpdateSvc                 - pnwg-cr5:2/2/1 71                                           
2019-02-05 10:43:36,060 DEBUG n.e.o.t.s.UpdateSvc                 - pnwg-cr5:3/1/1 71                                           
2019-02-05 10:43:36,060 DEBUG n.e.o.t.s.UpdateSvc                 - pnwg-cr5:10/1/6 71                                          
2019-02-05 10:43:36,060 DEBUG n.e.o.t.s.UpdateSvc                 - pnwg-cr5:2/1/1 71                                           
2019-02-05 10:43:36,060 DEBUG n.e.o.t.s.UpdateSvc                 - pnwg-cr5:BLANK 71                                           
2019-02-05 10:43:36,060 DEBUG n.e.o.t.s.UpdateSvc                 - pnwg-cr5:10/1/9 71                                          
2019-02-05 10:43:36,060 DEBUG n.e.o.t.s.UpdateSvc                 - pnwg-cr5:1/1/1 71                                           
2019-02-05 10:43:36,062 INFO  n.e.o.t.s.UpdateSvc                 - inserting p: pnwg-cr5:10/1/4 to pnwg-cr5                    
2019-02-05 10:43:36,063 DEBUG n.e.o.t.s.UpdateSvc                 - pnwg-cr5:9/1/2 71                                           
2019-02-05 10:43:36,063 DEBUG n.e.o.t.s.UpdateSvc                 - pnwg-cr5:10/1/10 71                                         
2019-02-05 10:43:36,063 DEBUG n.e.o.t.s.UpdateSvc                 - pnwg-cr5:10/1/5 71                                          
2019-02-05 10:43:36,063 DEBUG n.e.o.t.s.UpdateSvc                 - pnwg-cr5:10/1/4 71                                          
2019-02-05 10:43:36,063 DEBUG n.e.o.t.s.UpdateSvc                 - pnwg-cr5:2/2/1 71                                           
2019-02-05 10:43:36,063 DEBUG n.e.o.t.s.UpdateSvc                 - pnwg-cr5:3/1/1 71                                           
2019-02-05 10:43:36,063 DEBUG n.e.o.t.s.UpdateSvc                 - pnwg-cr5:10/1/6 71                                          
2019-02-05 10:43:36,063 DEBUG n.e.o.t.s.UpdateSvc                 - pnwg-cr5:2/1/1 71                                           
2019-02-05 10:43:36,063 DEBUG n.e.o.t.s.UpdateSvc                 - pnwg-cr5:BLANK 71                                           
2019-02-05 10:43:36,063 DEBUG n.e.o.t.s.UpdateSvc                 - pnwg-cr5:10/1/9 71                                          
2019-02-05 10:43:36,063 DEBUG n.e.o.t.s.UpdateSvc                 - pnwg-cr5:1/1/1 71                                           
2019-02-05 10:43:36,065 INFO  n.e.o.t.s.UpdateSvc                 - inserting p: slac-mr2:xe-1/2/0 to slac-mr2                  
2019-02-05 10:43:36,065 DEBUG n.e.o.t.s.UpdateSvc                 - slac-mr2:xe-0/2/0 56                                        
2019-02-05 10:43:36,065 DEBUG n.e.o.t.s.UpdateSvc                 - slac-mr2:xe-0/0/0 56                                        
2019-02-05 10:43:36,065 DEBUG n.e.o.t.s.UpdateSvc                 - slac-mr2:xe-1/2/0 56                                        
2019-02-05 10:43:36,066 DEBUG n.e.o.t.s.UpdateSvc                 - slac-mr2:xe-0/1/0 56                                        
2019-02-05 10:43:36,066 DEBUG n.e.o.t.s.UpdateSvc                 - slac-mr2:xe-1/3/0 56                                        
2019-02-05 10:43:36,066 DEBUG n.e.o.t.s.UpdateSvc                 - slac-mr2:xe-1/1/0 56                                        
2019-02-05 10:43:36,068 INFO  n.e.o.t.s.UpdateSvc                 - inserting p: pnwg-cr5:10/1/3 to pnwg-cr5                    
2019-02-05 10:43:36,069 DEBUG n.e.o.t.s.UpdateSvc                 - pnwg-cr5:9/1/2 71                                           
2019-02-05 10:43:36,069 DEBUG n.e.o.t.s.UpdateSvc                 - pnwg-cr5:10/1/10 71                                         
2019-02-05 10:43:36,069 DEBUG n.e.o.t.s.UpdateSvc                 - pnwg-cr5:10/1/5 71                                          
2019-02-05 10:43:36,069 DEBUG n.e.o.t.s.UpdateSvc                 - pnwg-cr5:10/1/4 71                                          
2019-02-05 10:43:36,069 DEBUG n.e.o.t.s.UpdateSvc                 - pnwg-cr5:10/1/3 71                                          
2019-02-05 10:43:36,069 DEBUG n.e.o.t.s.UpdateSvc                 - pnwg-cr5:2/2/1 71                                           
2019-02-05 10:43:36,069 DEBUG n.e.o.t.s.UpdateSvc                 - pnwg-cr5:3/1/1 71                                           
2019-02-05 10:43:36,069 DEBUG n.e.o.t.s.UpdateSvc                 - pnwg-cr5:10/1/6 71                                          
2019-02-05 10:43:36,069 DEBUG n.e.o.t.s.UpdateSvc                 - pnwg-cr5:2/1/1 71                                           
2019-02-05 10:43:36,069 DEBUG n.e.o.t.s.UpdateSvc                 - pnwg-cr5:BLANK 71                                           
2019-02-05 10:43:36,069 DEBUG n.e.o.t.s.UpdateSvc                 - pnwg-cr5:10/1/9 71                                          
2019-02-05 10:43:36,069 DEBUG n.e.o.t.s.UpdateSvc                 - pnwg-cr5:1/1/1 71                                           
2019-02-05 10:43:36,071 INFO  n.e.o.t.s.UpdateSvc                 - inserting p: pnwg-cr5:10/1/2 to pnwg-cr5                    
2019-02-05 10:43:36,072 DEBUG n.e.o.t.s.UpdateSvc                 - pnwg-cr5:10/1/10 71                                         
2019-02-05 10:43:36,072 DEBUG n.e.o.t.s.UpdateSvc                 - pnwg-cr5:10/1/4 71                                          
2019-02-05 10:43:36,072 DEBUG n.e.o.t.s.UpdateSvc                 - pnwg-cr5:2/1/1 71                                           
2019-02-05 10:43:36,072 DEBUG n.e.o.t.s.UpdateSvc                 - pnwg-cr5:BLANK 71                                           
2019-02-05 10:43:36,072 DEBUG n.e.o.t.s.UpdateSvc                 - pnwg-cr5:1/1/1 71                                           
2019-02-05 10:43:36,072 DEBUG n.e.o.t.s.UpdateSvc                 - pnwg-cr5:9/1/2 71                                           
2019-02-05 10:43:36,072 DEBUG n.e.o.t.s.UpdateSvc                 - pnwg-cr5:10/1/5 71                                          
2019-02-05 10:43:36,072 DEBUG n.e.o.t.s.UpdateSvc                 - pnwg-cr5:10/1/3 71                                          
2019-02-05 10:43:36,072 DEBUG n.e.o.t.s.UpdateSvc                 - pnwg-cr5:2/2/1 71                                           
2019-02-05 10:43:36,072 DEBUG n.e.o.t.s.UpdateSvc                 - pnwg-cr5:3/1/1 71                                           
2019-02-05 10:43:36,072 DEBUG n.e.o.t.s.UpdateSvc                 - pnwg-cr5:10/1/6 71                                          
2019-02-05 10:43:36,072 DEBUG n.e.o.t.s.UpdateSvc                 - pnwg-cr5:10/1/2 71                                          
2019-02-05 10:43:36,072 DEBUG n.e.o.t.s.UpdateSvc                 - pnwg-cr5:10/1/9 71                                          
2019-02-05 10:43:36,085 INFO  n.e.o.t.s.UpdateSvc                 - inserting p: fnal-mr2:xe-0/2/0 to fnal-mr2                  
2019-02-05 10:43:36,086 DEBUG n.e.o.t.s.UpdateSvc                 - fnal-mr2:xe-0/0/0 65                                        
2019-02-05 10:43:36,086 DEBUG n.e.o.t.s.UpdateSvc                 - fnal-mr2:xe-8/1/0 65                                        
2019-02-05 10:43:36,086 DEBUG n.e.o.t.s.UpdateSvc                 - fnal-mr2:xe-1/1/0 65                                        
2019-02-05 10:43:36,086 DEBUG n.e.o.t.s.UpdateSvc                 - fnal-mr2:xe-8/3/0 65                                        
2019-02-05 10:43:36,086 DEBUG n.e.o.t.s.UpdateSvc                 - fnal-mr2:xe-0/2/0 65                                        
2019-02-05 10:43:36,086 DEBUG n.e.o.t.s.UpdateSvc                 - fnal-mr2:xe-1/3/0 65                                        
2019-02-05 10:43:36,088 INFO  n.e.o.t.s.UpdateSvc                 - inserting p: pppl-rt5:xe-1/0/0 to pppl-rt5                  
2019-02-05 10:43:36,089 DEBUG n.e.o.t.s.UpdateSvc                 - pppl-rt5:ge-0/0/2 30                                        
2019-02-05 10:43:36,089 DEBUG n.e.o.t.s.UpdateSvc                 - pppl-rt5:xe-1/0/0 30                                        
2019-02-05 10:43:36,089 DEBUG n.e.o.t.s.UpdateSvc                 - pppl-rt5:xe-1/1/0 30                                        
2019-02-05 10:43:36,089 DEBUG n.e.o.t.s.UpdateSvc                 - pppl-rt5:xe-1/2/0 30                                        
2019-02-05 10:43:36,089 DEBUG n.e.o.t.s.UpdateSvc                 - pppl-rt5:xe-1/3/0 30                                        
2019-02-05 10:43:36,091 INFO  n.e.o.t.s.UpdateSvc                 - inserting p: eqx-chi-cr5:1/2/1 to eqx-chi-cr5               
2019-02-05 10:43:36,092 DEBUG n.e.o.t.s.UpdateSvc                 - eqx-chi-cr5:BLANK 58                                        
2019-02-05 10:43:36,092 DEBUG n.e.o.t.s.UpdateSvc                 - eqx-chi-cr5:10/1/3 58                                       
2019-02-05 10:43:36,092 DEBUG n.e.o.t.s.UpdateSvc                 - eqx-chi-cr5:10/1/1 58                                       
2019-02-05 10:43:36,092 DEBUG n.e.o.t.s.UpdateSvc                 - eqx-chi-cr5:1/2/1 58                                        
2019-02-05 10:43:36,092 DEBUG n.e.o.t.s.UpdateSvc                 - eqx-chi-cr5:1/1/1 58                                        
2019-02-05 10:43:36,092 DEBUG n.e.o.t.s.UpdateSvc                 - eqx-chi-cr5:10/1/2 58                                       
2019-02-05 10:43:36,095 INFO  n.e.o.t.s.UpdateSvc                 - inserting p: cern-513-cr5:10/1/2 to cern-513-cr5            
2019-02-05 10:43:36,095 DEBUG n.e.o.t.s.UpdateSvc                 - cern-513-cr5:2/1/1 34                                       
2019-02-05 10:43:36,095 DEBUG n.e.o.t.s.UpdateSvc                 - cern-513-cr5:BLANK 34                                       
2019-02-05 10:43:36,095 DEBUG n.e.o.t.s.UpdateSvc                 - cern-513-cr5:1/2/1 34                                       
2019-02-05 10:43:36,096 DEBUG n.e.o.t.s.UpdateSvc                 - cern-513-cr5:5/1/1 34                                       
2019-02-05 10:43:36,096 DEBUG n.e.o.t.s.UpdateSvc                 - cern-513-cr5:1/1/1 34                                       
2019-02-05 10:43:36,096 DEBUG n.e.o.t.s.UpdateSvc                 - cern-513-cr5:10/1/2 34                                      
2019-02-05 10:43:36,096 DEBUG n.e.o.t.s.UpdateSvc                 - cern-513-cr5:4/1/1 34                                       
2019-02-05 10:43:36,098 INFO  n.e.o.t.s.UpdateSvc                 - inserting p: cern-513-cr5:10/1/3 to cern-513-cr5            
2019-02-05 10:43:36,099 DEBUG n.e.o.t.s.UpdateSvc                 - cern-513-cr5:10/1/3 34                                      
2019-02-05 10:43:36,099 DEBUG n.e.o.t.s.UpdateSvc                 - cern-513-cr5:2/1/1 34                                       
2019-02-05 10:43:36,099 DEBUG n.e.o.t.s.UpdateSvc                 - cern-513-cr5:BLANK 34                                       
2019-02-05 10:43:36,099 DEBUG n.e.o.t.s.UpdateSvc                 - cern-513-cr5:1/2/1 34                                       
2019-02-05 10:43:36,099 DEBUG n.e.o.t.s.UpdateSvc                 - cern-513-cr5:5/1/1 34                                       
2019-02-05 10:43:36,099 DEBUG n.e.o.t.s.UpdateSvc                 - cern-513-cr5:1/1/1 34                                       
2019-02-05 10:43:36,099 DEBUG n.e.o.t.s.UpdateSvc                 - cern-513-cr5:10/1/2 34                                      
2019-02-05 10:43:36,099 DEBUG n.e.o.t.s.UpdateSvc                 - cern-513-cr5:4/1/1 34                                       
2019-02-05 10:43:36,103 INFO  n.e.o.t.s.UpdateSvc                 - inserting p: snll-mr2:xe-0/1/0 to snll-mr2                  
2019-02-05 10:43:36,104 DEBUG n.e.o.t.s.UpdateSvc                 - snll-mr2:xe-1/3/0 40                                        
2019-02-05 10:43:36,104 DEBUG n.e.o.t.s.UpdateSvc                 - snll-mr2:xe-0/1/0 40                                        
2019-02-05 10:43:36,104 DEBUG n.e.o.t.s.UpdateSvc                 - snll-mr2:xe-0/2/0 40                                        
2019-02-05 10:43:36,104 DEBUG n.e.o.t.s.UpdateSvc                 - snll-mr2:xe-1/1/0 40                                        
2019-02-05 10:43:36,104 DEBUG n.e.o.t.s.UpdateSvc                 - snll-mr2:xe-1/2/0 40                                        
2019-02-05 10:43:36,104 DEBUG n.e.o.t.s.UpdateSvc                 - snll-mr2:xe-2/2/0 40                                        
2019-02-05 10:43:36,104 DEBUG n.e.o.t.s.UpdateSvc                 - snll-mr2:xe-2/0/0 40                                        
2019-02-05 10:43:36,104 DEBUG n.e.o.t.s.UpdateSvc                 - snll-mr2:xe-2/3/0 40                                        
2019-02-05 10:43:36,108 INFO  n.e.o.t.s.UpdateSvc                 - inserting p: jgi-mr2:xe-1/1/0 to jgi-mr2                    
2019-02-05 10:43:36,109 DEBUG n.e.o.t.s.UpdateSvc                 - jgi-mr2:xe-2/2/0 61                                         
2019-02-05 10:43:36,109 DEBUG n.e.o.t.s.UpdateSvc                 - jgi-mr2:xe-1/1/0 61                                         
2019-02-05 10:43:36,109 DEBUG n.e.o.t.s.UpdateSvc                 - jgi-mr2:xe-0/2/0 61                                         
2019-02-05 10:43:36,109 DEBUG n.e.o.t.s.UpdateSvc                 - jgi-mr2:xe-1/3/0 61                                         
2019-02-05 10:43:36,113 INFO  n.e.o.t.s.UpdateSvc                 - inserting p: wash-cr5:3/1/1 to wash-cr5                     
2019-02-05 10:43:36,114 DEBUG n.e.o.t.s.UpdateSvc                 - wash-cr5:10/1/5 36                                          
2019-02-05 10:43:36,114 DEBUG n.e.o.t.s.UpdateSvc                 - wash-cr5:6/1/1 36                                           
2019-02-05 10:43:36,114 DEBUG n.e.o.t.s.UpdateSvc                 - wash-cr5:10/1/3 36                                          
2019-02-05 10:43:36,114 DEBUG n.e.o.t.s.UpdateSvc                 - wash-cr5:5/2/1 36                                           
2019-02-05 10:43:36,114 DEBUG n.e.o.t.s.UpdateSvc                 - wash-cr5:10/1/10 36                                         
2019-02-05 10:43:36,114 DEBUG n.e.o.t.s.UpdateSvc                 - wash-cr5:10/1/4 36                                          
2019-02-05 10:43:36,114 DEBUG n.e.o.t.s.UpdateSvc                 - wash-cr5:3/1/1 36                                           
2019-02-05 10:43:36,114 DEBUG n.e.o.t.s.UpdateSvc                 - wash-cr5:10/1/9 36                                          
2019-02-05 10:43:36,114 DEBUG n.e.o.t.s.UpdateSvc                 - wash-cr5:5/1/1 36                                           
2019-02-05 10:43:36,114 DEBUG n.e.o.t.s.UpdateSvc                 - wash-cr5:2/1/1 36                                           
2019-02-05 10:43:36,114 DEBUG n.e.o.t.s.UpdateSvc                 - wash-cr5:4/1/1 36                                           
2019-02-05 10:43:36,114 DEBUG n.e.o.t.s.UpdateSvc                 - wash-cr5:1/1/1 36                                           
2019-02-05 10:43:36,114 DEBUG n.e.o.t.s.UpdateSvc                 - wash-cr5:4/2/1 36                                           
2019-02-05 10:43:36,119 INFO  n.e.o.t.s.UpdateSvc                 - inserting p: star-cr5:9/1/4 to star-cr5                     
2019-02-05 10:43:36,120 DEBUG n.e.o.t.s.UpdateSvc                 - star-cr5:5/1/1 76                                           
2019-02-05 10:43:36,121 DEBUG n.e.o.t.s.UpdateSvc                 - star-cr5:BLANK 76                                           
2019-02-05 10:43:36,121 DEBUG n.e.o.t.s.UpdateSvc                 - star-cr5:6/1/1 76                                           
2019-02-05 10:43:36,121 DEBUG n.e.o.t.s.UpdateSvc                 - star-cr5:10/1/1 76                                          
2019-02-05 10:43:36,121 DEBUG n.e.o.t.s.UpdateSvc                 - star-cr5:9/1/4 76                                           
2019-02-05 10:43:36,121 DEBUG n.e.o.t.s.UpdateSvc                 - star-cr5:4/2/1 76                                           
2019-02-05 10:43:36,121 DEBUG n.e.o.t.s.UpdateSvc                 - star-cr5:10/1/10 76                                         
2019-02-05 10:43:36,121 DEBUG n.e.o.t.s.UpdateSvc                 - star-cr5:10/1/8 76                                          
2019-02-05 10:43:36,121 DEBUG n.e.o.t.s.UpdateSvc                 - star-cr5:8/1/4 76                                           
2019-02-05 10:43:36,121 DEBUG n.e.o.t.s.UpdateSvc                 - star-cr5:3/2/1 76                                           
2019-02-05 10:43:36,121 DEBUG n.e.o.t.s.UpdateSvc                 - star-cr5:6/2/1 76                                           
2019-02-05 10:43:36,121 DEBUG n.e.o.t.s.UpdateSvc                 - star-cr5:4/1/1 76                                           
2019-02-05 10:43:36,121 DEBUG n.e.o.t.s.UpdateSvc                 - star-cr5:10/1/7 76                                          
2019-02-05 10:43:36,121 DEBUG n.e.o.t.s.UpdateSvc                 - star-cr5:8/1/2 76                                           
2019-02-05 10:43:36,121 DEBUG n.e.o.t.s.UpdateSvc                 - star-cr5:8/1/6 76                                           
2019-02-05 10:43:36,121 DEBUG n.e.o.t.s.UpdateSvc                 - star-cr5:1/2/1 76                                           
2019-02-05 10:43:36,121 DEBUG n.e.o.t.s.UpdateSvc                 - star-cr5:3/1/1 76                                           
2019-02-05 10:43:36,121 DEBUG n.e.o.t.s.UpdateSvc                 - star-cr5:1/1/1 76                                           
2019-02-05 10:43:36,125 INFO  n.e.o.t.s.UpdateSvc                 - inserting p: ga-rt2:xe-0/3/0 to ga-rt2                      
2019-02-05 10:43:36,126 DEBUG n.e.o.t.s.UpdateSvc                 - ga-rt2:xe-0/3/0 37                                          
2019-02-05 10:43:36,127 DEBUG n.e.o.t.s.UpdateSvc                 - ga-rt2:xe-0/0/0 37                                          
2019-02-05 10:43:36,127 DEBUG n.e.o.t.s.UpdateSvc                 - ga-rt2:ge-1/0/3 37                                          
2019-02-05 10:43:36,127 DEBUG n.e.o.t.s.UpdateSvc                 - ga-rt2:ge-1/0/5 37                                          
2019-02-05 10:43:36,127 DEBUG n.e.o.t.s.UpdateSvc                 - ga-rt2:ge-1/1/3 37                                          
2019-02-05 10:43:36,127 DEBUG n.e.o.t.s.UpdateSvc                 - ga-rt2:xe-0/2/0 37                                          
2019-02-05 10:43:36,131 INFO  n.e.o.t.s.UpdateSvc                 - inserting p: denv-cr5:2/1/1 to denv-cr5                     
2019-02-05 10:43:36,132 DEBUG n.e.o.t.s.UpdateSvc                 - denv-cr5:10/1/4 75                                          
2019-02-05 10:43:36,132 DEBUG n.e.o.t.s.UpdateSvc                 - denv-cr5:1/1/1 75                                           
2019-02-05 10:43:36,132 DEBUG n.e.o.t.s.UpdateSvc                 - denv-cr5:4/1/1 75                                           
2019-02-05 10:43:36,132 DEBUG n.e.o.t.s.UpdateSvc                 - denv-cr5:4/2/1 75                                           
2019-02-05 10:43:36,132 DEBUG n.e.o.t.s.UpdateSvc                 - denv-cr5:10/1/12 75                                         
2019-02-05 10:43:36,132 DEBUG n.e.o.t.s.UpdateSvc                 - denv-cr5:10/1/7 75                                          
2019-02-05 10:43:36,132 DEBUG n.e.o.t.s.UpdateSvc                 - denv-cr5:10/1/3 75                                          
2019-02-05 10:43:36,132 DEBUG n.e.o.t.s.UpdateSvc                 - denv-cr5:10/1/10 75                                         
2019-02-05 10:43:36,132 DEBUG n.e.o.t.s.UpdateSvc                 - denv-cr5:2/1/1 75                                           
2019-02-05 10:43:36,132 DEBUG n.e.o.t.s.UpdateSvc                 - denv-cr5:10/1/5 75                                          
2019-02-05 10:43:36,132 DEBUG n.e.o.t.s.UpdateSvc                 - denv-cr5:10/1/6 75                                          
2019-02-05 10:43:36,132 DEBUG n.e.o.t.s.UpdateSvc                 - denv-cr5:10/1/11 75                                         
2019-02-05 10:43:36,133 DEBUG n.e.o.t.s.UpdateSvc                 - denv-cr5:3/1/1 75                                           
2019-02-05 10:43:36,133 DEBUG n.e.o.t.s.UpdateSvc                 - denv-cr5:9/1/1 75                                           
2019-02-05 10:43:36,133 DEBUG n.e.o.t.s.UpdateSvc                 - denv-cr5:9/1/3 75                                           
2019-02-05 10:43:36,136 INFO  n.e.o.t.s.UpdateSvc                 - inserting p: srs-rt3:ge-1/3/0 to srs-rt3                    
2019-02-05 10:43:36,137 DEBUG n.e.o.t.s.UpdateSvc                 - srs-rt3:ge-0/1/0 31                                         
2019-02-05 10:43:36,137 DEBUG n.e.o.t.s.UpdateSvc                 - srs-rt3:ge-1/0/0 31                                         
2019-02-05 10:43:36,138 DEBUG n.e.o.t.s.UpdateSvc                 - srs-rt3:ge-0/0/0 31                                         
2019-02-05 10:43:36,138 DEBUG n.e.o.t.s.UpdateSvc                 - srs-rt3:ge-1/2/0 31                                         
2019-02-05 10:43:36,138 DEBUG n.e.o.t.s.UpdateSvc                 - srs-rt3:ge-1/1/0 31                                         
2019-02-05 10:43:36,138 DEBUG n.e.o.t.s.UpdateSvc                 - srs-rt3:ge-1/3/0 31                                         
2019-02-05 10:43:36,140 INFO  n.e.o.t.s.UpdateSvc                 - inserting p: amst-cr5:1/2/1 to amst-cr5                     
2019-02-05 10:43:36,141 DEBUG n.e.o.t.s.UpdateSvc                 - amst-cr5:10/2/5 72                                          
2019-02-05 10:43:36,141 DEBUG n.e.o.t.s.UpdateSvc                 - amst-cr5:5/1/1 72                                           
2019-02-05 10:43:36,141 DEBUG n.e.o.t.s.UpdateSvc                 - amst-cr5:3/1/1 72                                           
2019-02-05 10:43:36,141 DEBUG n.e.o.t.s.UpdateSvc                 - amst-cr5:10/1/2 72                                          
2019-02-05 10:43:36,141 DEBUG n.e.o.t.s.UpdateSvc                 - amst-cr5:1/2/1 72                                           
2019-02-05 10:43:36,141 DEBUG n.e.o.t.s.UpdateSvc                 - amst-cr5:2/1/1 72                                           
2019-02-05 10:43:36,141 DEBUG n.e.o.t.s.UpdateSvc                 - amst-cr5:10/1/1 72                                          
2019-02-05 10:43:36,141 DEBUG n.e.o.t.s.UpdateSvc                 - amst-cr5:1/1/1 72                                           
2019-02-05 10:43:36,143 INFO  n.e.o.t.s.UpdateSvc                 - inserting p: lond-cr5:3/1/1 to lond-cr5                     
2019-02-05 10:43:36,144 DEBUG n.e.o.t.s.UpdateSvc                 - lond-cr5:10/1/4 57                                          
2019-02-05 10:43:36,144 DEBUG n.e.o.t.s.UpdateSvc                 - lond-cr5:2/2/1 57                                           
2019-02-05 10:43:36,144 DEBUG n.e.o.t.s.UpdateSvc                 - lond-cr5:1/2/1 57                                           
2019-02-05 10:43:36,144 DEBUG n.e.o.t.s.UpdateSvc                 - lond-cr5:2/1/1 57                                           
2019-02-05 10:43:36,144 DEBUG n.e.o.t.s.UpdateSvc                 - lond-cr5:1/1/1 57                                           
2019-02-05 10:43:36,144 DEBUG n.e.o.t.s.UpdateSvc                 - lond-cr5:3/1/1 57                                           
2019-02-05 10:43:36,144 DEBUG n.e.o.t.s.UpdateSvc                 - lond-cr5:10/1/1 57                                          
2019-02-05 10:43:36,144 DEBUG n.e.o.t.s.UpdateSvc                 - lond-cr5:5/1/1 57                                           
2019-02-05 10:43:36,144 DEBUG n.e.o.t.s.UpdateSvc                 - lond-cr5:10/1/2 57                                          
2019-02-05 10:43:36,146 INFO  n.e.o.t.s.UpdateSvc                 - inserting p: eqx-chi-cr5:2/1/1 to eqx-chi-cr5               
2019-02-05 10:43:36,147 DEBUG n.e.o.t.s.UpdateSvc                 - eqx-chi-cr5:BLANK 58                                        
2019-02-05 10:43:36,147 DEBUG n.e.o.t.s.UpdateSvc                 - eqx-chi-cr5:10/1/3 58                                       
2019-02-05 10:43:36,147 DEBUG n.e.o.t.s.UpdateSvc                 - eqx-chi-cr5:10/1/1 58                                       
2019-02-05 10:43:36,147 DEBUG n.e.o.t.s.UpdateSvc                 - eqx-chi-cr5:1/2/1 58                                        
2019-02-05 10:43:36,147 DEBUG n.e.o.t.s.UpdateSvc                 - eqx-chi-cr5:2/1/1 58                                        
2019-02-05 10:43:36,147 DEBUG n.e.o.t.s.UpdateSvc                 - eqx-chi-cr5:1/1/1 58                                        
2019-02-05 10:43:36,147 DEBUG n.e.o.t.s.UpdateSvc                 - eqx-chi-cr5:10/1/2 58                                       
2019-02-05 10:43:36,150 INFO  n.e.o.t.s.UpdateSvc                 - inserting p: snla-rt3:xe-0/0/0 to snla-rt3                  
2019-02-05 10:43:36,151 DEBUG n.e.o.t.s.UpdateSvc                 - snla-rt3:xe-1/2/0 48                                        
2019-02-05 10:43:36,151 DEBUG n.e.o.t.s.UpdateSvc                 - snla-rt3:ge-1/0/2 48                                        
2019-02-05 10:43:36,151 DEBUG n.e.o.t.s.UpdateSvc                 - snla-rt3:xe-0/0/0 48                                        
2019-02-05 10:43:36,153 INFO  n.e.o.t.s.UpdateSvc                 - inserting p: pppl-rt5:xe-0/2/0 to pppl-rt5                  
2019-02-05 10:43:36,153 DEBUG n.e.o.t.s.UpdateSvc                 - pppl-rt5:ge-0/0/2 30                                        
2019-02-05 10:43:36,153 DEBUG n.e.o.t.s.UpdateSvc                 - pppl-rt5:xe-1/0/0 30                                        
2019-02-05 10:43:36,153 DEBUG n.e.o.t.s.UpdateSvc                 - pppl-rt5:xe-1/1/0 30                                        
2019-02-05 10:43:36,153 DEBUG n.e.o.t.s.UpdateSvc                 - pppl-rt5:xe-1/2/0 30                                        
2019-02-05 10:43:36,153 DEBUG n.e.o.t.s.UpdateSvc                 - pppl-rt5:xe-0/2/0 30                                        
2019-02-05 10:43:36,153 DEBUG n.e.o.t.s.UpdateSvc                 - pppl-rt5:xe-1/3/0 30                                        
2019-02-05 10:43:36,153 INFO  n.e.o.t.s.UpdateSvc                 - finished merging ports                                      
2019-02-05 10:43:36,153 INFO  n.e.o.t.s.UpdateSvc                 -    inserted     :   395                                     
2019-02-05 10:43:36,153 INFO  n.e.o.t.s.UpdateSvc                 -    ver updated  :   0                                       
2019-02-05 10:43:36,154 INFO  n.e.o.t.s.UpdateSvc                 -    data updated :   0                                       
2019-02-05 10:43:36,154 INFO  n.e.o.t.s.UpdateSvc                 -    invalidated  :   0                                       
2019-02-05 10:43:37,033 INFO  n.e.o.t.s.UpdateSvc                 - inserting pa: sunn-cr5:9/1/1 - jgi-mr2:xe-1/1/0             
2019-02-05 10:43:37,037 INFO  n.e.o.t.s.UpdateSvc                 - inserting pa: fnal-mr2:xe-8/1/0 - star-cr5:9/1/4            
2019-02-05 10:43:37,041 INFO  n.e.o.t.s.UpdateSvc                 - inserting pa: wash-cr5:5/1/1 - cern-513-cr5:1/1/1           
2019-02-05 10:43:37,045 INFO  n.e.o.t.s.UpdateSvc                 - inserting pa: denv-cr5:10/1/5 - bois-cr1:xe-7/1/0           
2019-02-05 10:43:37,060 INFO  n.e.o.t.s.UpdateSvc                 - inserting pa: sunn-cr5:1/1/1 - sacr-cr5:1/1/1               
2019-02-05 10:43:37,067 INFO  n.e.o.t.s.UpdateSvc                 - inserting pa: orau-rt4:ge-0/1/2 - ornl-cr5:10/1/2           
2019-02-05 10:43:37,076 INFO  n.e.o.t.s.UpdateSvc                 - inserting pa: lsvn-cr1:xe-1/2/0 - sunn-cr5:10/2/4           
2019-02-05 10:43:37,084 INFO  n.e.o.t.s.UpdateSvc                 - inserting pa: pppl-rt5:xe-1/0/0 - wash-cr5:10/1/5           
2019-02-05 10:43:37,092 INFO  n.e.o.t.s.UpdateSvc                 - inserting pa: kans-cr5:1/1/1 - chic-cr5:3/1/1               
2019-02-05 10:43:37,100 INFO  n.e.o.t.s.UpdateSvc                 - inserting pa: pnwg-cr5:10/1/4 - netl-alb-rt1:xe-2/0/0       
2019-02-05 10:43:37,108 INFO  n.e.o.t.s.UpdateSvc                 - inserting pa: jgi-mr2:xe-2/2/0 - sacr-cr5:10/2/3            
2019-02-05 10:43:37,114 INFO  n.e.o.t.s.UpdateSvc                 - inserting pa: wash-cr5:3/1/1 - atla-cr5:1/1/1               
2019-02-05 10:43:37,120 INFO  n.e.o.t.s.UpdateSvc                 - inserting pa: amst-cr5:2/1/1 - lond-cr5:2/1/1               
2019-02-05 10:43:37,125 INFO  n.e.o.t.s.UpdateSvc                 - inserting pa: forr-rt2:ge-0/0/0 - wash-cr5:10/1/3           
2019-02-05 10:43:37,130 INFO  n.e.o.t.s.UpdateSvc                 - inserting pa: star-cr5:8/1/2 - fnal-mr2:xe-1/1/0            
2019-02-05 10:43:37,134 INFO  n.e.o.t.s.UpdateSvc                 - inserting pa: cern-773-cr5:1/1/1 - lond-cr5:1/1/1           
2019-02-05 10:43:37,151 INFO  n.e.o.t.s.UpdateSvc                 - inserting pa: sacr-cr5:1/1/1 - sunn-cr5:1/1/1               
2019-02-05 10:43:37,160 INFO  n.e.o.t.s.UpdateSvc                 - inserting pa: hous-cr5:2/1/1 - kans-cr5:3/1/1               
2019-02-05 10:43:37,167 INFO  n.e.o.t.s.UpdateSvc                 - inserting pa: llnl-mr2:xe-2/0/0 - snll-mr2:xe-2/0/0         
2019-02-05 10:43:37,175 INFO  n.e.o.t.s.UpdateSvc                 - inserting pa: ornl-cr5:9/1/4 - osti-rt2:xe-1/2/0            
2019-02-05 10:43:37,182 INFO  n.e.o.t.s.UpdateSvc                 - inserting pa: snla-rt3:xe-1/2/0 - albq-cr5:10/1/2           
2019-02-05 10:43:37,188 INFO  n.e.o.t.s.UpdateSvc                 - inserting pa: doe-gtn-rt2:ge-0/1/0 - eqx-ash-cr5:10/1/1     
2019-02-05 10:43:37,194 INFO  n.e.o.t.s.UpdateSvc                 - inserting pa: srs-rt3:ge-1/1/0 - nash-cr5:10/1/3            
2019-02-05 10:43:37,199 INFO  n.e.o.t.s.UpdateSvc                 - inserting pa: slac-mr2:xe-0/0/0 - sunn-cr5:10/1/1           
2019-02-05 10:43:37,204 INFO  n.e.o.t.s.UpdateSvc                 - inserting pa: lond-cr5:5/1/1 - aofa-cr5:7/2/1               
2019-02-05 10:43:37,208 INFO  n.e.o.t.s.UpdateSvc                 - inserting pa: slac-mr2:xe-1/1/0 - sunn-cr5:10/1/4           
2019-02-05 10:43:37,212 INFO  n.e.o.t.s.UpdateSvc                 - inserting pa: snll-mr2:xe-1/2/0 - sacr-cr5:10/2/4           
2019-02-05 10:43:37,217 INFO  n.e.o.t.s.UpdateSvc                 - inserting pa: star-cr5:1/1/1 - bost-cr5:2/1/1               
2019-02-05 10:43:37,233 INFO  n.e.o.t.s.UpdateSvc                 - inserting pa: wash-cr5:1/1/1 - chic-cr5:1/1/1               
2019-02-05 10:43:37,240 INFO  n.e.o.t.s.UpdateSvc                 - inserting pa: sunn-cr5:10/1/3 - nersc-mr2:xe-1/1/0          
2019-02-05 10:43:37,247 INFO  n.e.o.t.s.UpdateSvc                 - inserting pa: wash-cr5:10/1/5 - pppl-rt5:xe-1/0/0           
2019-02-05 10:43:37,253 INFO  n.e.o.t.s.UpdateSvc                 - inserting pa: star-cr5:9/1/4 - fnal-mr2:xe-8/1/0            
2019-02-05 10:43:37,260 INFO  n.e.o.t.s.UpdateSvc                 - inserting pa: sacr-cr5:3/1/1 - pnwg-cr5:1/1/1               
2019-02-05 10:43:37,268 INFO  n.e.o.t.s.UpdateSvc                 - inserting pa: sunn-cr5:10/1/1 - slac-mr2:xe-0/0/0           
2019-02-05 10:43:37,277 INFO  n.e.o.t.s.UpdateSvc                 - inserting pa: pnwg-cr5:1/1/1 - sacr-cr5:3/1/1               
2019-02-05 10:43:37,283 INFO  n.e.o.t.s.UpdateSvc                 - inserting pa: pnwg-cr5:10/1/9 - bois-cr1:xe-0/0/0           
2019-02-05 10:43:37,288 INFO  n.e.o.t.s.UpdateSvc                 - inserting pa: nash-cr5:4/2/1 - wash-cr5:5/2/1               
2019-02-05 10:43:37,292 INFO  n.e.o.t.s.UpdateSvc                 - inserting pa: elpa-cr5:2/1/1 - albq-cr5:2/1/1               
2019-02-05 10:43:37,296 INFO  n.e.o.t.s.UpdateSvc                 - inserting pa: llnl-mr2:xe-0/2/0 - sacr-cr5:10/2/6           
2019-02-05 10:43:37,300 INFO  n.e.o.t.s.UpdateSvc                 - inserting pa: aofa-cr5:3/1/1 - newy-cr5:2/1/1               
2019-02-05 10:43:37,317 INFO  n.e.o.t.s.UpdateSvc                 - inserting pa: hous-cr5:3/1/1 - nash-cr5:3/1/1               
2019-02-05 10:43:37,324 INFO  n.e.o.t.s.UpdateSvc                 - inserting pa: netl-mgn-rt1:xe-2/0/0 - eqx-ash-cr5:10/1/2    
2019-02-05 10:43:37,332 INFO  n.e.o.t.s.UpdateSvc                 - inserting pa: ga-rt2:ge-1/1/3 - lsvn-cr1:ge-1/1/5           
2019-02-05 10:43:37,338 INFO  n.e.o.t.s.UpdateSvc                 - inserting pa: eqx-ash-cr5:1/1/1 - wash-cr5:4/2/1            
2019-02-05 10:43:37,343 INFO  n.e.o.t.s.UpdateSvc                 - inserting pa: lond-cr5:2/1/1 - amst-cr5:2/1/1               
2019-02-05 10:43:37,348 INFO  n.e.o.t.s.UpdateSvc                 - inserting pa: sunn-cr5:10/1/4 - slac-mr2:xe-1/1/0           
2019-02-05 10:43:37,353 INFO  n.e.o.t.s.UpdateSvc                 - inserting pa: sacr-cr5:2/1/1 - denv-cr5:2/1/1               
2019-02-05 10:43:37,357 INFO  n.e.o.t.s.UpdateSvc                 - inserting pa: nash-cr5:3/1/1 - hous-cr5:3/1/1               
2019-02-05 10:43:37,362 INFO  n.e.o.t.s.UpdateSvc                 - inserting pa: ameslab-rt3:xe-0/0/0 - chic-cr5:10/1/7        
2019-02-05 10:43:37,367 INFO  n.e.o.t.s.UpdateSvc                 - inserting pa: orau-rt4:ge-0/1/4 - ornl-rt4:ge-0/0/1         
2019-02-05 10:43:37,371 INFO  n.e.o.t.s.UpdateSvc                 - inserting pa: aofa-cr5:6/2/1 - wash-cr5:4/1/1               
2019-02-05 10:43:37,375 INFO  n.e.o.t.s.UpdateSvc                 - inserting pa: snll-mr2:xe-2/0/0 - llnl-mr2:xe-2/0/0         
2019-02-05 10:43:37,380 INFO  n.e.o.t.s.UpdateSvc                 - inserting pa: sunn-cr5:9/1/3 - llnl-mr2:xe-3/2/0            
2019-02-05 10:43:37,394 INFO  n.e.o.t.s.UpdateSvc                 - inserting pa: eqx-ash-cr5:10/1/2 - netl-mgn-rt1:xe-2/0/0    
2019-02-05 10:43:37,400 INFO  n.e.o.t.s.UpdateSvc                 - inserting pa: chic-cr5:10/1/5 - anl-mr2:xe-0/0/0            
2019-02-05 10:43:37,409 INFO  n.e.o.t.s.UpdateSvc                 - inserting pa: pantex-rt4:ge-0/1/0 - hous-cr5:10/1/3         
2019-02-05 10:43:37,415 INFO  n.e.o.t.s.UpdateSvc                 - inserting pa: sunn-cr5:10/2/3 - ga-rt2:xe-0/0/0             
2019-02-05 10:43:37,422 INFO  n.e.o.t.s.UpdateSvc                 - inserting pa: nash-cr5:10/1/5 - ornl-rt4:xe-1/2/0           
2019-02-05 10:43:37,429 INFO  n.e.o.t.s.UpdateSvc                 - inserting pa: netl-pgh-rt1:xe-2/0/0 - eqx-ash-cr5:10/2/2    
2019-02-05 10:43:37,436 INFO  n.e.o.t.s.UpdateSvc                 - inserting pa: cern-513-cr5:1/2/1 - cern-773-cr5:2/1/1       
2019-02-05 10:43:37,442 INFO  n.e.o.t.s.UpdateSvc                 - inserting pa: aofa-cr5:2/1/1 - lond-cr5:2/2/1               
2019-02-05 10:43:37,446 INFO  n.e.o.t.s.UpdateSvc                 - inserting pa: star-cr5:8/1/6 - ameslab-rt3:xe-1/0/0         
2019-02-05 10:43:37,450 INFO  n.e.o.t.s.UpdateSvc                 - inserting pa: sacr-cr5:10/2/1 - nersc-mr2:xe-2/2/0          
2019-02-05 10:43:37,453 INFO  n.e.o.t.s.UpdateSvc                 - inserting pa: slac-mr2:xe-1/2/0 - sacr-cr5:10/2/5           
2019-02-05 10:43:37,457 INFO  n.e.o.t.s.UpdateSvc                 - inserting pa: llnl-mr2:xe-3/2/0 - sunn-cr5:9/1/3            
2019-02-05 10:43:37,461 INFO  n.e.o.t.s.UpdateSvc                 - inserting pa: hous-cr5:1/1/1 - elpa-cr5:1/1/1               
2019-02-05 10:43:37,464 INFO  n.e.o.t.s.UpdateSvc                 - inserting pa: atla-cr5:2/1/1 - nash-cr5:2/1/1               
2019-02-05 10:43:37,480 INFO  n.e.o.t.s.UpdateSvc                 - inserting pa: chic-cr5:6/2/1 - star-cr5:5/1/1               
2019-02-05 10:43:37,486 INFO  n.e.o.t.s.UpdateSvc                 - inserting pa: eqx-ash-cr5:10/1/1 - doe-gtn-rt2:ge-0/1/0     
2019-02-05 10:43:37,491 INFO  n.e.o.t.s.UpdateSvc                 - inserting pa: denv-cr5:3/1/1 - albq-cr5:1/1/1               
2019-02-05 10:43:37,496 INFO  n.e.o.t.s.UpdateSvc                 - inserting pa: wash-cr5:4/2/1 - eqx-ash-cr5:1/1/1            
2019-02-05 10:43:37,501 INFO  n.e.o.t.s.UpdateSvc                 - inserting pa: cern-513-cr5:5/1/1 - amst-cr5:1/1/1           
2019-02-05 10:43:37,505 INFO  n.e.o.t.s.UpdateSvc                 - inserting pa: lond-cr5:1/1/1 - cern-773-cr5:1/1/1           
2019-02-05 10:43:37,512 INFO  n.e.o.t.s.UpdateSvc                 - inserting pa: aofa-cr5:5/1/1 - star-cr5:4/2/1               
2019-02-05 10:43:37,519 INFO  n.e.o.t.s.UpdateSvc                 - inserting pa: doe-gtn-rt2:ge-0/0/0 - forr-rt2:ge-0/0/1      
2019-02-05 10:43:37,526 INFO  n.e.o.t.s.UpdateSvc                 - inserting pa: wash-cr5:4/1/1 - aofa-cr5:6/2/1               
2019-02-05 10:43:37,533 INFO  n.e.o.t.s.UpdateSvc                 - inserting pa: albq-cr5:1/1/1 - denv-cr5:3/1/1               
2019-02-05 10:43:37,538 INFO  n.e.o.t.s.UpdateSvc                 - inserting pa: denv-cr5:10/1/10 - lsvn-cr1:xe-2/2/0          
2019-02-05 10:43:37,543 INFO  n.e.o.t.s.UpdateSvc                 - inserting pa: wash-cr5:2/1/1 - aofa-cr5:1/1/1               
2019-02-05 10:43:37,548 INFO  n.e.o.t.s.UpdateSvc                 - inserting pa: pnwg-cr5:2/2/1 - denv-cr5:4/1/1               
2019-02-05 10:43:37,553 INFO  n.e.o.t.s.UpdateSvc                 - inserting pa: atla-cr5:1/1/1 - wash-cr5:3/1/1               
2019-02-05 10:43:37,569 INFO  n.e.o.t.s.UpdateSvc                 - inserting pa: denv-cr5:1/1/1 - kans-cr5:2/1/1               
2019-02-05 10:43:37,575 INFO  n.e.o.t.s.UpdateSvc                 - inserting pa: pnwg-cr5:10/1/6 - denv-cr5:10/1/4             
2019-02-05 10:43:37,581 INFO  n.e.o.t.s.UpdateSvc                 - inserting pa: sunn-cr5:10/2/4 - lsvn-cr1:xe-1/2/0           
2019-02-05 10:43:37,587 INFO  n.e.o.t.s.UpdateSvc                 - inserting pa: nash-cr5:4/1/1 - chic-cr5:6/1/1               
2019-02-05 10:43:37,593 INFO  n.e.o.t.s.UpdateSvc                 - inserting pa: nersc-mr2:xe-1/1/0 - sunn-cr5:10/1/3          
2019-02-05 10:43:37,598 INFO  n.e.o.t.s.UpdateSvc                 - inserting pa: pppl-rt5:xe-0/2/0 - aofa-cr5:9/1/1            
2019-02-05 10:43:37,602 INFO  n.e.o.t.s.UpdateSvc                 - inserting pa: amst-cr5:1/1/1 - cern-513-cr5:5/1/1           
2019-02-05 10:43:37,608 INFO  n.e.o.t.s.UpdateSvc                 - inserting pa: orau-rt4:ge-0/1/2 - ornl-rt4:xe-2/3/0         
2019-02-05 10:43:37,617 INFO  n.e.o.t.s.UpdateSvc                 - inserting pa: chic-cr5:2/1/1 - star-cr5:4/1/1               
2019-02-05 10:43:37,624 INFO  n.e.o.t.s.UpdateSvc                 - inserting pa: aofa-cr5:1/1/1 - wash-cr5:2/1/1               
2019-02-05 10:43:37,629 INFO  n.e.o.t.s.UpdateSvc                 - inserting pa: anl-mr2:xe-0/0/0 - chic-cr5:10/1/5            
2019-02-05 10:43:37,634 INFO  n.e.o.t.s.UpdateSvc                 - inserting pa: elpa-cr5:1/1/1 - hous-cr5:1/1/1               
2019-02-05 10:43:37,650 INFO  n.e.o.t.s.UpdateSvc                 - inserting pa: osti-rt2:xe-1/2/0 - ornl-cr5:9/1/4            
2019-02-05 10:43:37,656 INFO  n.e.o.t.s.UpdateSvc                 - inserting pa: srs-rt3:ge-0/1/0 - atla-cr5:10/1/3            
2019-02-05 10:43:37,660 INFO  n.e.o.t.s.UpdateSvc                 - inserting pa: eqx-ash-cr5:10/2/2 - netl-pgh-rt1:xe-2/0/0    
2019-02-05 10:43:37,665 INFO  n.e.o.t.s.UpdateSvc                 - inserting pa: nash-cr5:10/1/4 - ornl-rt4:xe-0/2/0           
2019-02-05 10:43:37,671 INFO  n.e.o.t.s.UpdateSvc                 - inserting pa: eqx-chi-cr5:1/1/1 - chic-cr5:7/1/1            
2019-02-05 10:43:37,678 INFO  n.e.o.t.s.UpdateSvc                 - inserting pa: ornl-cr5:10/1/2 - orau-rt4:ge-0/1/2           
2019-02-05 10:43:37,685 INFO  n.e.o.t.s.UpdateSvc                 - inserting pa: sacr-cr5:10/2/6 - llnl-mr2:xe-0/2/0           
2019-02-05 10:43:37,693 INFO  n.e.o.t.s.UpdateSvc                 - inserting pa: star-cr5:4/1/1 - chic-cr5:2/1/1               
2019-02-05 10:43:37,700 INFO  n.e.o.t.s.UpdateSvc                 - inserting pa: ornl-rt4:xe-1/0/0 - ornl-cr5:10/1/1           
2019-02-05 10:43:37,706 INFO  n.e.o.t.s.UpdateSvc                 - inserting pa: chic-cr5:10/1/7 - ameslab-rt3:xe-0/0/0        
2019-02-05 10:43:37,711 INFO  n.e.o.t.s.UpdateSvc                 - inserting pa: lbl-mr2:xe-7/2/0 - sacr-cr5:10/2/2            
2019-02-05 10:43:37,715 INFO  n.e.o.t.s.UpdateSvc                 - inserting pa: ornl-rt4:xe-2/3/0 - orau-rt4:ge-0/1/2         
2019-02-05 10:43:37,719 INFO  n.e.o.t.s.UpdateSvc                 - inserting pa: star-cr5:10/1/1 - anl-mr2:xe-2/3/0            
2019-02-05 10:43:37,723 INFO  n.e.o.t.s.UpdateSvc                 - inserting pa: sacr-cr5:10/2/5 - slac-mr2:xe-1/2/0           
2019-02-05 10:43:37,727 INFO  n.e.o.t.s.UpdateSvc                 - inserting pa: bost-cr5:1/1/1 - newy-cr5:4/2/1               
2019-02-05 10:43:37,730 INFO  n.e.o.t.s.UpdateSvc                 - inserting pa: sunn-cr5:10/1/5 - snll-mr2:xe-2/2/0           
2019-02-05 10:43:37,745 INFO  n.e.o.t.s.UpdateSvc                 - inserting pa: lond-cr5:2/2/1 - aofa-cr5:2/1/1               
2019-02-05 10:43:37,752 INFO  n.e.o.t.s.UpdateSvc                 - inserting pa: newy-cr5:4/2/1 - bost-cr5:1/1/1               
2019-02-05 10:43:37,759 INFO  n.e.o.t.s.UpdateSvc                 - inserting pa: jgi-mr2:xe-1/1/0 - sunn-cr5:9/1/1             
2019-02-05 10:43:37,768 INFO  n.e.o.t.s.UpdateSvc                 - inserting pa: denv-cr5:10/1/6 - pnwg-cr5:10/1/10            
2019-02-05 10:43:37,775 INFO  n.e.o.t.s.UpdateSvc                 - inserting pa: kans-cr5:3/1/1 - hous-cr5:2/1/1               
2019-02-05 10:43:37,780 INFO  n.e.o.t.s.UpdateSvc                 - inserting pa: hous-cr5:10/1/3 - pantex-rt4:ge-0/1/0         
2019-02-05 10:43:37,785 INFO  n.e.o.t.s.UpdateSvc                 - inserting pa: bois-cr1:xe-0/0/0 - pnwg-cr5:10/1/9           
2019-02-05 10:43:37,789 INFO  n.e.o.t.s.UpdateSvc                 - inserting pa: ornl-rt4:xe-0/2/0 - nash-cr5:10/1/4           
2019-02-05 10:43:37,794 INFO  n.e.o.t.s.UpdateSvc                 - inserting pa: netl-alb-rt1:xe-2/0/0 - pnwg-cr5:10/1/4       
2019-02-05 10:43:37,798 INFO  n.e.o.t.s.UpdateSvc                 - inserting pa: sunn-cr5:10/2/2 - eqx-sj-cr5:10/2/4           
2019-02-05 10:43:37,802 INFO  n.e.o.t.s.UpdateSvc                 - inserting pa: osti-rt2:ae0 - ornl-rt4:xe-2/3/0              
2019-02-05 10:43:37,806 INFO  n.e.o.t.s.UpdateSvc                 - inserting pa: snll-mr2:xe-1/1/0 - llnl-mr2:xe-0/1/0         
2019-02-05 10:43:37,810 INFO  n.e.o.t.s.UpdateSvc                 - inserting pa: lsvn-cr1:xe-2/2/0 - denv-cr5:10/1/10          
2019-02-05 10:43:37,814 INFO  n.e.o.t.s.UpdateSvc                 - inserting pa: elpa-cr5:3/1/1 - sunn-cr5:5/1/1               
2019-02-05 10:43:37,818 INFO  n.e.o.t.s.UpdateSvc                 - inserting pa: lond-cr5:3/1/1 - newy-cr5:4/1/1               
2019-02-05 10:43:37,834 INFO  n.e.o.t.s.UpdateSvc                 - inserting pa: ornl-cr5:10/1/1 - ornl-rt4:xe-1/0/0           
2019-02-05 10:43:37,839 INFO  n.e.o.t.s.UpdateSvc                 - inserting pa: eqx-chi-cr5:2/1/1 - eqx-ash-cr5:2/1/1         
2019-02-05 10:43:37,846 INFO  n.e.o.t.s.UpdateSvc                 - inserting pa: sacr-cr5:10/2/3 - jgi-mr2:xe-2/2/0            
2019-02-05 10:43:37,851 INFO  n.e.o.t.s.UpdateSvc                 - inserting pa: star-cr5:4/2/1 - aofa-cr5:5/1/1               
2019-02-05 10:43:37,856 INFO  n.e.o.t.s.UpdateSvc                 - inserting pa: ornl-rt4:xe-1/2/0 - nash-cr5:10/1/5           
2019-02-05 10:43:37,862 INFO  n.e.o.t.s.UpdateSvc                 - inserting pa: chic-cr5:3/1/1 - kans-cr5:1/1/1               
2019-02-05 10:43:37,869 INFO  n.e.o.t.s.UpdateSvc                 - inserting pa: snll-mr2:xe-2/2/0 - sunn-cr5:10/1/5           
2019-02-05 10:43:37,874 INFO  n.e.o.t.s.UpdateSvc                 - inserting pa: nash-cr5:10/1/3 - srs-rt3:ge-1/1/0            
2019-02-05 10:43:37,879 INFO  n.e.o.t.s.UpdateSvc                 - inserting pa: llnl-mr2:xe-0/1/0 - snll-mr2:xe-1/1/0         
2019-02-05 10:43:37,883 INFO  n.e.o.t.s.UpdateSvc                 - inserting pa: kans-cr5:2/1/1 - denv-cr5:1/1/1               
2019-02-05 10:43:37,887 INFO  n.e.o.t.s.UpdateSvc                 - inserting pa: anl-mr2:xe-2/3/0 - star-cr5:10/1/1            
2019-02-05 10:43:37,891 INFO  n.e.o.t.s.UpdateSvc                 - inserting pa: sacr-cr5:10/2/2 - lbl-mr2:xe-7/2/0            
2019-02-05 10:43:37,894 INFO  n.e.o.t.s.UpdateSvc                 - inserting pa: wash-cr5:5/2/1 - nash-cr5:4/2/1               
2019-02-05 10:43:37,898 INFO  n.e.o.t.s.UpdateSvc                 - inserting pa: ameslab-rt3:xe-1/0/0 - star-cr5:8/1/6         
2019-02-05 10:43:37,913 INFO  n.e.o.t.s.UpdateSvc                 - inserting pa: albq-cr5:2/1/1 - elpa-cr5:2/1/1               
2019-02-05 10:43:37,919 INFO  n.e.o.t.s.UpdateSvc                 - inserting pa: chic-cr5:7/1/1 - eqx-chi-cr5:1/1/1            
2019-02-05 10:43:37,925 INFO  n.e.o.t.s.UpdateSvc                 - inserting pa: star-cr5:5/1/1 - chic-cr5:6/2/1               
2019-02-05 10:43:37,930 INFO  n.e.o.t.s.UpdateSvc                 - inserting pa: denv-cr5:10/1/4 - pnwg-cr5:10/1/6             
2019-02-05 10:43:37,937 INFO  n.e.o.t.s.UpdateSvc                 - inserting pa: lbl-mr2:xe-1/3/0 - sunn-cr5:9/1/2             
2019-02-05 10:43:37,944 INFO  n.e.o.t.s.UpdateSvc                 - inserting pa: newy-cr5:2/1/1 - aofa-cr5:3/1/1               
2019-02-05 10:43:37,951 INFO  n.e.o.t.s.UpdateSvc                 - inserting pa: forr-rt2:ge-0/0/1 - doe-gtn-rt2:ge-0/0/0      
2019-02-05 10:43:37,956 INFO  n.e.o.t.s.UpdateSvc                 - inserting pa: cern-773-cr5:2/1/1 - cern-513-cr5:1/2/1       
2019-02-05 10:43:37,961 INFO  n.e.o.t.s.UpdateSvc                 - inserting pa: chic-cr5:10/1/4 - fnal-mr2:xe-0/0/0           
2019-02-05 10:43:37,965 INFO  n.e.o.t.s.UpdateSvc                 - inserting pa: ornl-rt4:ge-0/0/1 - orau-rt4:ge-0/1/4         
2019-02-05 10:43:37,969 INFO  n.e.o.t.s.UpdateSvc                 - inserting pa: nash-cr5:2/1/1 - atla-cr5:2/1/1               
2019-02-05 10:43:37,972 INFO  n.e.o.t.s.UpdateSvc                 - inserting pa: ornl-cr5:6/1/1 - atla-cr5:3/1/1               
2019-02-05 10:43:37,976 INFO  n.e.o.t.s.UpdateSvc                 - inserting pa: denv-cr5:2/1/1 - sacr-cr5:2/1/1               
2019-02-05 10:43:37,980 INFO  n.e.o.t.s.UpdateSvc                 - inserting pa: chic-cr5:1/1/1 - wash-cr5:1/1/1               
2019-02-05 10:43:37,995 INFO  n.e.o.t.s.UpdateSvc                 - inserting pa: lsvn-cr1:ge-1/1/5 - ga-rt2:ge-1/1/3           
2019-02-05 10:43:38,000 INFO  n.e.o.t.s.UpdateSvc                 - inserting pa: sunn-cr5:9/1/2 - lbl-mr2:xe-1/3/0             
2019-02-05 10:43:38,006 INFO  n.e.o.t.s.UpdateSvc                 - inserting pa: ga-rt2:xe-0/0/0 - sunn-cr5:10/2/3             
2019-02-05 10:43:38,011 INFO  n.e.o.t.s.UpdateSvc                 - inserting pa: nersc-mr2:xe-2/2/0 - sacr-cr5:10/2/1          
2019-02-05 10:43:38,017 INFO  n.e.o.t.s.UpdateSvc                 - inserting pa: bost-cr5:3/1/1 - amst-cr5:5/1/1               
2019-02-05 10:43:38,022 INFO  n.e.o.t.s.UpdateSvc                 - inserting pa: bois-cr1:xe-7/1/0 - denv-cr5:10/1/5           
2019-02-05 10:43:38,028 INFO  n.e.o.t.s.UpdateSvc                 - inserting pa: denv-cr5:4/1/1 - pnwg-cr5:2/2/1               
2019-02-05 10:43:38,035 INFO  n.e.o.t.s.UpdateSvc                 - inserting pa: wash-cr5:10/1/3 - forr-rt2:ge-0/0/0           
2019-02-05 10:43:38,041 INFO  n.e.o.t.s.UpdateSvc                 - inserting pa: cern-513-cr5:1/1/1 - wash-cr5:5/1/1           
2019-02-05 10:43:38,045 INFO  n.e.o.t.s.UpdateSvc                 - inserting pa: aofa-cr5:9/1/1 - pppl-rt5:xe-0/2/0            
2019-02-05 10:43:38,049 INFO  n.e.o.t.s.UpdateSvc                 - inserting pa: fnal-mr2:xe-1/1/0 - star-cr5:8/1/2            
2019-02-05 10:43:38,053 INFO  n.e.o.t.s.UpdateSvc                 - inserting pa: bost-cr5:2/1/1 - star-cr5:1/1/1               
2019-02-05 10:43:38,057 INFO  n.e.o.t.s.UpdateSvc                 - inserting pa: eqx-sj-cr5:10/2/4 - sunn-cr5:10/2/2           
2019-02-05 10:43:38,060 INFO  n.e.o.t.s.UpdateSvc                 - inserting pa: chic-cr5:4/1/1 - nash-cr5:1/1/1               
2019-02-05 10:43:38,064 INFO  n.e.o.t.s.UpdateSvc                 - inserting pa: fnal-mr2:xe-0/0/0 - chic-cr5:10/1/4           
2019-02-05 10:43:38,067 INFO  n.e.o.t.s.UpdateSvc                 - inserting pa: amst-cr5:5/1/1 - bost-cr5:3/1/1               
2019-02-05 10:43:38,084 INFO  n.e.o.t.s.UpdateSvc                 - inserting pa: pnwg-cr5:10/1/10 - denv-cr5:10/1/6            
2019-02-05 10:43:38,090 INFO  n.e.o.t.s.UpdateSvc                 - inserting pa: atla-cr5:10/1/3 - srs-rt3:ge-0/1/0            
2019-02-05 10:43:38,097 INFO  n.e.o.t.s.UpdateSvc                 - inserting pa: newy-cr5:4/1/1 - lond-cr5:3/1/1               
2019-02-05 10:43:38,102 INFO  n.e.o.t.s.UpdateSvc                 - inserting pa: llnldc-rt4:ge-1/0/0 - wash-cr5:10/1/3         
2019-02-05 10:43:38,107 INFO  n.e.o.t.s.UpdateSvc                 - inserting pa: sunn-cr5:5/1/1 - elpa-cr5:3/1/1               
2019-02-05 10:43:38,112 INFO  n.e.o.t.s.UpdateSvc                 - inserting pa: eqx-ash-cr5:2/1/1 - eqx-chi-cr5:2/1/1         
2019-02-05 10:43:38,118 INFO  n.e.o.t.s.UpdateSvc                 - inserting pa: chic-cr5:6/1/1 - nash-cr5:4/1/1               
2019-02-05 10:43:38,122 INFO  n.e.o.t.s.UpdateSvc                 - inserting pa: sacr-cr5:10/2/4 - snll-mr2:xe-1/2/0           
2019-02-05 10:43:38,127 INFO  n.e.o.t.s.UpdateSvc                 - inserting pa: atla-cr5:3/1/1 - ornl-cr5:6/1/1               
2019-02-05 10:43:38,131 INFO  n.e.o.t.s.UpdateSvc                 - inserting pa: aofa-cr5:7/2/1 - lond-cr5:5/1/1               
2019-02-05 10:43:38,135 INFO  n.e.o.t.s.UpdateSvc                 - inserting pa: nash-cr5:1/1/1 - chic-cr5:4/1/1               
2019-02-05 10:43:38,138 INFO  n.e.o.t.s.UpdateSvc                 - inserting pa: wash-cr5:10/1/3 - llnldc-rt4:ge-1/0/0         
2019-02-05 10:43:38,142 INFO  n.e.o.t.s.UpdateSvc                 - inserting pa: albq-cr5:10/1/2 - snla-rt3:xe-1/2/0           
2019-02-05 10:43:38,146 INFO  n.e.o.t.s.UpdateSvc                 - inserting pa: ornl-rt4:xe-2/3/0 - osti-rt2:ae0              
2019-02-05 10:43:38,150 INFO  n.e.o.t.s.UpdateSvc                 - finished merging adjacencies                                
2019-02-05 10:43:38,150 INFO  n.e.o.t.s.UpdateSvc                 -    inserted     :   182                                     
2019-02-05 10:43:38,150 INFO  n.e.o.t.s.UpdateSvc                 -    ver updated  :   0                                       
2019-02-05 10:43:38,150 INFO  n.e.o.t.s.UpdateSvc                 -    data updated :   0                                       
2019-02-05 10:43:38,150 INFO  n.e.o.t.s.UpdateSvc                 -    invalidated  :   0                                       
2019-02-05 10:43:38,150 INFO  n.e.o.t.s.UpdateSvc                 - finished merging topology delta.                            
2019-02-05 10:43:38,204 INFO  n.e.o.t.s.TopoService               - updating pathfinding topo to version: 28                    
2019-02-05 10:43:38,524 INFO  n.e.o.t.s.TopoService               - updated with 972 topo adjacencies                           
2019-02-05 10:43:38,560 INFO  n.e.o.c.FancyPCESteps               - adjcies size: 972                                           
2019-02-05 10:43:38,720 INFO  n.e.o.c.FancyPCESteps               - 97 distinct paths found between aofa-cr5 and chic-cr5 found in PT0.138S
2019-02-05 10:43:38,906 INFO  n.e.o.c.TopologySteps               - clearing adjacencies                                        
2019-02-05 10:43:39,088 INFO  n.e.o.c.TopologySteps               - clearing devices                                            
2019-02-05 10:43:39,102 INFO  n.e.o.c.TopologySteps               - deleting nersc-mr2:xe-0/2/0                                 
2019-02-05 10:43:39,104 INFO  n.e.o.c.TopologySteps               - deleting nersc-mr2:xe-1/1/0                                 
2019-02-05 10:43:39,104 INFO  n.e.o.c.TopologySteps               - deleting nersc-mr2:xe-7/3/0                                 
2019-02-05 10:43:39,104 INFO  n.e.o.c.TopologySteps               - deleting nersc-mr2:xe-2/2/0                                 
2019-02-05 10:43:39,105 INFO  n.e.o.c.TopologySteps               - deleting nersc-mr2:xe-1/3/0                                 
2019-02-05 10:43:39,105 INFO  n.e.o.c.TopologySteps               - deleting nersc-mr2                                          
2019-02-05 10:43:39,108 INFO  n.e.o.c.TopologySteps               - deleting pppl-rt5:ge-0/0/2                                  
2019-02-05 10:43:39,109 INFO  n.e.o.c.TopologySteps               - deleting pppl-rt5:xe-1/0/0                                  
2019-02-05 10:43:39,109 INFO  n.e.o.c.TopologySteps               - deleting pppl-rt5:xe-1/1/0                                  
2019-02-05 10:43:39,109 INFO  n.e.o.c.TopologySteps               - deleting pppl-rt5:xe-1/2/0                                  
2019-02-05 10:43:39,109 INFO  n.e.o.c.TopologySteps               - deleting pppl-rt5:xe-0/2/0                                  
2019-02-05 10:43:39,109 INFO  n.e.o.c.TopologySteps               - deleting pppl-rt5:xe-1/3/0                                  
2019-02-05 10:43:39,114 INFO  n.e.o.c.TopologySteps               - deleting pppl-rt5                                           
2019-02-05 10:43:39,125 INFO  n.e.o.c.TopologySteps               - deleting srs-rt3:ge-0/1/0                                   
2019-02-05 10:43:39,129 INFO  n.e.o.c.TopologySteps               - deleting srs-rt3:ge-1/0/0                                   
2019-02-05 10:43:39,131 INFO  n.e.o.c.TopologySteps               - deleting srs-rt3:ge-0/0/0                                   
2019-02-05 10:43:39,131 INFO  n.e.o.c.TopologySteps               - deleting srs-rt3:ge-1/2/0                                   
2019-02-05 10:43:39,131 INFO  n.e.o.c.TopologySteps               - deleting srs-rt3:ge-1/1/0                                   
2019-02-05 10:43:39,131 INFO  n.e.o.c.TopologySteps               - deleting srs-rt3:ge-1/3/0                                   
2019-02-05 10:43:39,138 INFO  n.e.o.c.TopologySteps               - deleting srs-rt3                                            
2019-02-05 10:43:39,143 INFO  n.e.o.c.TopologySteps               - deleting orau-rt4:ge-0/1/0                                  
2019-02-05 10:43:39,143 INFO  n.e.o.c.TopologySteps               - deleting orau-rt4:ge-0/1/2                                  
2019-02-05 10:43:39,143 INFO  n.e.o.c.TopologySteps               - deleting orau-rt4:ge-0/1/3                                  
2019-02-05 10:43:39,144 INFO  n.e.o.c.TopologySteps               - deleting orau-rt4:ge-0/1/4                                  
2019-02-05 10:43:39,144 INFO  n.e.o.c.TopologySteps               - deleting orau-rt4:ge-0/1/1                                  
2019-02-05 10:43:39,144 INFO  n.e.o.c.TopologySteps               - deleting orau-rt4                                           
2019-02-05 10:43:39,146 INFO  n.e.o.c.TopologySteps               - deleting doe-gtn-rt2:ge-0/0/0                               
2019-02-05 10:43:39,147 INFO  n.e.o.c.TopologySteps               - deleting doe-gtn-rt2:ge-0/1/3                               
2019-02-05 10:43:39,147 INFO  n.e.o.c.TopologySteps               - deleting doe-gtn-rt2:ge-0/1/0                               
2019-02-05 10:43:39,147 INFO  n.e.o.c.TopologySteps               - deleting doe-gtn-rt2:ge-0/0/3                               
2019-02-05 10:43:39,148 INFO  n.e.o.c.TopologySteps               - deleting doe-gtn-rt2                                        
2019-02-05 10:43:39,151 INFO  n.e.o.c.TopologySteps               - deleting cern-513-cr5:10/1/3                                
2019-02-05 10:43:39,152 INFO  n.e.o.c.TopologySteps               - deleting cern-513-cr5:2/1/1                                 
2019-02-05 10:43:39,153 INFO  n.e.o.c.TopologySteps               - deleting cern-513-cr5:BLANK                                 
2019-02-05 10:43:39,153 INFO  n.e.o.c.TopologySteps               - deleting cern-513-cr5:1/2/1                                 
2019-02-05 10:43:39,153 INFO  n.e.o.c.TopologySteps               - deleting cern-513-cr5:5/1/1                                 
2019-02-05 10:43:39,153 INFO  n.e.o.c.TopologySteps               - deleting cern-513-cr5:1/1/1                                 
2019-02-05 10:43:39,153 INFO  n.e.o.c.TopologySteps               - deleting cern-513-cr5:10/1/2                                
2019-02-05 10:43:39,153 INFO  n.e.o.c.TopologySteps               - deleting cern-513-cr5:4/1/1                                 
2019-02-05 10:43:39,154 INFO  n.e.o.c.TopologySteps               - deleting cern-513-cr5                                       
2019-02-05 10:43:39,157 INFO  n.e.o.c.TopologySteps               - deleting eqx-sj-cr5:10/1/2                                  
2019-02-05 10:43:39,158 INFO  n.e.o.c.TopologySteps               - deleting eqx-sj-cr5:10/1/4                                  
2019-02-05 10:43:39,158 INFO  n.e.o.c.TopologySteps               - deleting eqx-sj-cr5:10/2/2                                  
2019-02-05 10:43:39,158 INFO  n.e.o.c.TopologySteps               - deleting eqx-sj-cr5:1/2/1                                   
2019-02-05 10:43:39,158 INFO  n.e.o.c.TopologySteps               - deleting eqx-sj-cr5:10/2/4                                  
2019-02-05 10:43:39,159 INFO  n.e.o.c.TopologySteps               - deleting eqx-sj-cr5:BLANK                                   
2019-02-05 10:43:39,159 INFO  n.e.o.c.TopologySteps               - deleting eqx-sj-cr5:10/1/1                                  
2019-02-05 10:43:39,159 INFO  n.e.o.c.TopologySteps               - deleting eqx-sj-cr5                                         
2019-02-05 10:43:39,161 INFO  n.e.o.c.TopologySteps               - deleting wash-cr5:10/1/5                                    
2019-02-05 10:43:39,162 INFO  n.e.o.c.TopologySteps               - deleting wash-cr5:6/1/1                                     
2019-02-05 10:43:39,162 INFO  n.e.o.c.TopologySteps               - deleting wash-cr5:10/1/3                                    
2019-02-05 10:43:39,162 INFO  n.e.o.c.TopologySteps               - deleting wash-cr5:5/2/1                                     
2019-02-05 10:43:39,162 INFO  n.e.o.c.TopologySteps               - deleting wash-cr5:10/1/10                                   
2019-02-05 10:43:39,162 INFO  n.e.o.c.TopologySteps               - deleting wash-cr5:10/1/4                                    
2019-02-05 10:43:39,163 INFO  n.e.o.c.TopologySteps               - deleting wash-cr5:3/1/1                                     
2019-02-05 10:43:39,163 INFO  n.e.o.c.TopologySteps               - deleting wash-cr5:10/1/9                                    
2019-02-05 10:43:39,163 INFO  n.e.o.c.TopologySteps               - deleting wash-cr5:5/1/1                                     
2019-02-05 10:43:39,163 INFO  n.e.o.c.TopologySteps               - deleting wash-cr5:2/1/1                                     
2019-02-05 10:43:39,163 INFO  n.e.o.c.TopologySteps               - deleting wash-cr5:4/1/1                                     
2019-02-05 10:43:39,163 INFO  n.e.o.c.TopologySteps               - deleting wash-cr5:1/1/1                                     
2019-02-05 10:43:39,163 INFO  n.e.o.c.TopologySteps               - deleting wash-cr5:4/2/1                                     
2019-02-05 10:43:39,163 INFO  n.e.o.c.TopologySteps               - deleting wash-cr5                                           
2019-02-05 10:43:39,168 INFO  n.e.o.c.TopologySteps               - deleting ga-rt2:xe-0/3/0                                    
2019-02-05 10:43:39,168 INFO  n.e.o.c.TopologySteps               - deleting ga-rt2:xe-0/0/0                                    
2019-02-05 10:43:39,168 INFO  n.e.o.c.TopologySteps               - deleting ga-rt2:ge-1/0/3                                    
2019-02-05 10:43:39,168 INFO  n.e.o.c.TopologySteps               - deleting ga-rt2:ge-1/0/5                                    
2019-02-05 10:43:39,169 INFO  n.e.o.c.TopologySteps               - deleting ga-rt2:ge-1/1/3                                    
2019-02-05 10:43:39,169 INFO  n.e.o.c.TopologySteps               - deleting ga-rt2:xe-0/2/0                                    
2019-02-05 10:43:39,169 INFO  n.e.o.c.TopologySteps               - deleting ga-rt2                                             
2019-02-05 10:43:39,170 INFO  n.e.o.c.TopologySteps               - deleting kans-cr5:10/1/3                                    
2019-02-05 10:43:39,171 INFO  n.e.o.c.TopologySteps               - deleting kans-cr5:4/1/1                                     
2019-02-05 10:43:39,171 INFO  n.e.o.c.TopologySteps               - deleting kans-cr5:2/1/1                                     
2019-02-05 10:43:39,171 INFO  n.e.o.c.TopologySteps               - deleting kans-cr5:1/1/1                                     
2019-02-05 10:43:39,171 INFO  n.e.o.c.TopologySteps               - deleting kans-cr5:10/1/4                                    
2019-02-05 10:43:39,171 INFO  n.e.o.c.TopologySteps               - deleting kans-cr5:3/1/1                                     
2019-02-05 10:43:39,172 INFO  n.e.o.c.TopologySteps               - deleting kans-cr5                                           
2019-02-05 10:43:39,174 INFO  n.e.o.c.TopologySteps               - deleting bois-cr1:xe-1/0/0                                  
2019-02-05 10:43:39,174 INFO  n.e.o.c.TopologySteps               - deleting bois-cr1:xe-7/3/0                                  
2019-02-05 10:43:39,174 INFO  n.e.o.c.TopologySteps               - deleting bois-cr1:xe-0/1/0                                  
2019-02-05 10:43:39,175 INFO  n.e.o.c.TopologySteps               - deleting bois-cr1:xe-7/1/0                                  
2019-02-05 10:43:39,175 INFO  n.e.o.c.TopologySteps               - deleting bois-cr1:xe-1/2/0                                  
2019-02-05 10:43:39,175 INFO  n.e.o.c.TopologySteps               - deleting bois-cr1:xe-0/2/0                                  
2019-02-05 10:43:39,175 INFO  n.e.o.c.TopologySteps               - deleting bois-cr1:xe-7/0/0                                  
2019-02-05 10:43:39,175 INFO  n.e.o.c.TopologySteps               - deleting bois-cr1:xe-0/0/0                                  
2019-02-05 10:43:39,175 INFO  n.e.o.c.TopologySteps               - deleting bois-cr1                                           
2019-02-05 10:43:39,177 INFO  n.e.o.c.TopologySteps               - deleting snll-mr2:xe-1/3/0                                  
2019-02-05 10:43:39,177 INFO  n.e.o.c.TopologySteps               - deleting snll-mr2:xe-0/1/0                                  
2019-02-05 10:43:39,177 INFO  n.e.o.c.TopologySteps               - deleting snll-mr2:xe-0/2/0                                  
2019-02-05 10:43:39,178 INFO  n.e.o.c.TopologySteps               - deleting snll-mr2:xe-1/1/0                                  
2019-02-05 10:43:39,178 INFO  n.e.o.c.TopologySteps               - deleting snll-mr2:xe-1/2/0                                  
2019-02-05 10:43:39,178 INFO  n.e.o.c.TopologySteps               - deleting snll-mr2:xe-2/2/0                                  
2019-02-05 10:43:39,178 INFO  n.e.o.c.TopologySteps               - deleting snll-mr2:xe-2/0/0                                  
2019-02-05 10:43:39,178 INFO  n.e.o.c.TopologySteps               - deleting snll-mr2:xe-2/3/0                                  
2019-02-05 10:43:39,178 INFO  n.e.o.c.TopologySteps               - deleting snll-mr2                                           
2019-02-05 10:43:39,180 INFO  n.e.o.c.TopologySteps               - deleting atla-cr5:4/1/1                                     
2019-02-05 10:43:39,180 INFO  n.e.o.c.TopologySteps               - deleting atla-cr5:10/1/2                                    
2019-02-05 10:43:39,181 INFO  n.e.o.c.TopologySteps               - deleting atla-cr5:10/1/8                                    
2019-02-05 10:43:39,181 INFO  n.e.o.c.TopologySteps               - deleting atla-cr5:2/1/1                                     
2019-02-05 10:43:39,181 INFO  n.e.o.c.TopologySteps               - deleting atla-cr5:1/1/1                                     
2019-02-05 10:43:39,181 INFO  n.e.o.c.TopologySteps               - deleting atla-cr5:3/1/1                                     
2019-02-05 10:43:39,181 INFO  n.e.o.c.TopologySteps               - deleting atla-cr5:10/1/3                                    
2019-02-05 10:43:39,181 INFO  n.e.o.c.TopologySteps               - deleting atla-cr5                                           
2019-02-05 10:43:39,182 INFO  n.e.o.c.TopologySteps               - deleting ornl-rt4:xe-0/2/0                                  
2019-02-05 10:43:39,182 INFO  n.e.o.c.TopologySteps               - deleting ornl-rt4:ge-0/0/1                                  
2019-02-05 10:43:39,182 INFO  n.e.o.c.TopologySteps               - deleting ornl-rt4:xe-2/3/0                                  
2019-02-05 10:43:39,183 INFO  n.e.o.c.TopologySteps               - deleting ornl-rt4:xe-1/2/0                                  
2019-02-05 10:43:39,183 INFO  n.e.o.c.TopologySteps               - deleting ornl-rt4:xe-1/0/0                                  
2019-02-05 10:43:39,183 INFO  n.e.o.c.TopologySteps               - deleting ornl-rt4                                           
2019-02-05 10:43:39,185 INFO  n.e.o.c.TopologySteps               - deleting netl-mgn-rt1:xe-2/0/1                              
2019-02-05 10:43:39,186 INFO  n.e.o.c.TopologySteps               - deleting netl-mgn-rt1:xe-2/0/2                              
2019-02-05 10:43:39,186 INFO  n.e.o.c.TopologySteps               - deleting netl-mgn-rt1:xe-2/0/0                              
2019-02-05 10:43:39,186 INFO  n.e.o.c.TopologySteps               - deleting netl-mgn-rt1:xe-2/0/3                              
2019-02-05 10:43:39,186 INFO  n.e.o.c.TopologySteps               - deleting netl-mgn-rt1                                       
2019-02-05 10:43:39,190 INFO  n.e.o.c.TopologySteps               - deleting cern-773-cr5:10/1/2                                
2019-02-05 10:43:39,190 INFO  n.e.o.c.TopologySteps               - deleting cern-773-cr5:10/1/3                                
2019-02-05 10:43:39,191 INFO  n.e.o.c.TopologySteps               - deleting cern-773-cr5:10/1/1                                
2019-02-05 10:43:39,191 INFO  n.e.o.c.TopologySteps               - deleting cern-773-cr5:BLANK                                 
2019-02-05 10:43:39,192 INFO  n.e.o.c.TopologySteps               - deleting cern-773-cr5:2/1/1                                 
2019-02-05 10:43:39,192 INFO  n.e.o.c.TopologySteps               - deleting cern-773-cr5:1/1/1                                 
2019-02-05 10:43:39,192 INFO  n.e.o.c.TopologySteps               - deleting cern-773-cr5                                       
2019-02-05 10:43:39,194 INFO  n.e.o.c.TopologySteps               - deleting nash-cr5:3/1/1                                     
2019-02-05 10:43:39,195 INFO  n.e.o.c.TopologySteps               - deleting nash-cr5:10/1/6                                    
2019-02-05 10:43:39,195 INFO  n.e.o.c.TopologySteps               - deleting nash-cr5:10/1/3                                    
2019-02-05 10:43:39,195 INFO  n.e.o.c.TopologySteps               - deleting nash-cr5:1/1/1                                     
2019-02-05 10:43:39,195 INFO  n.e.o.c.TopologySteps               - deleting nash-cr5:4/1/1                                     
2019-02-05 10:43:39,195 INFO  n.e.o.c.TopologySteps               - deleting nash-cr5:1/2/1                                     
2019-02-05 10:43:39,195 INFO  n.e.o.c.TopologySteps               - deleting nash-cr5:4/2/1                                     
2019-02-05 10:43:39,196 INFO  n.e.o.c.TopologySteps               - deleting nash-cr5:2/1/1                                     
2019-02-05 10:43:39,196 INFO  n.e.o.c.TopologySteps               - deleting nash-cr5:10/1/5                                    
2019-02-05 10:43:39,196 INFO  n.e.o.c.TopologySteps               - deleting nash-cr5:10/1/4                                    
2019-02-05 10:43:39,196 INFO  n.e.o.c.TopologySteps               - deleting nash-cr5                                           
2019-02-05 10:43:39,211 INFO  n.e.o.c.TopologySteps               - deleting elpa-cr5:1/1/1                                     
2019-02-05 10:43:39,212 INFO  n.e.o.c.TopologySteps               - deleting elpa-cr5:3/1/1                                     
2019-02-05 10:43:39,216 INFO  n.e.o.c.TopologySteps               - deleting elpa-cr5:2/1/1                                     
2019-02-05 10:43:39,216 INFO  n.e.o.c.TopologySteps               - deleting elpa-cr5:10/1/5                                    
2019-02-05 10:43:39,221 INFO  n.e.o.c.TopologySteps               - deleting elpa-cr5:10/1/4                                    
2019-02-05 10:43:39,222 INFO  n.e.o.c.TopologySteps               - deleting elpa-cr5:10/1/3                                    
2019-02-05 10:43:39,223 INFO  n.e.o.c.TopologySteps               - deleting elpa-cr5                                           
2019-02-05 10:43:39,229 INFO  n.e.o.c.TopologySteps               - deleting sacr-cr5:10/2/1                                    
2019-02-05 10:43:39,231 INFO  n.e.o.c.TopologySteps               - deleting sacr-cr5:10/2/2                                    
2019-02-05 10:43:39,231 INFO  n.e.o.c.TopologySteps               - deleting sacr-cr5:10/1/1                                    
2019-02-05 10:43:39,232 INFO  n.e.o.c.TopologySteps               - deleting sacr-cr5:10/2/6                                    
2019-02-05 10:43:39,232 INFO  n.e.o.c.TopologySteps               - deleting sacr-cr5:1/1/1                                     
2019-02-05 10:43:39,232 INFO  n.e.o.c.TopologySteps               - deleting sacr-cr5:3/1/1                                     
2019-02-05 10:43:39,232 INFO  n.e.o.c.TopologySteps               - deleting sacr-cr5:10/1/6                                    
2019-02-05 10:43:39,233 INFO  n.e.o.c.TopologySteps               - deleting sacr-cr5:10/1/2                                    
2019-02-05 10:43:39,233 INFO  n.e.o.c.TopologySteps               - deleting sacr-cr5:4/1/1                                     
2019-02-05 10:43:39,234 INFO  n.e.o.c.TopologySteps               - deleting sacr-cr5:10/2/3                                    
2019-02-05 10:43:39,234 INFO  n.e.o.c.TopologySteps               - deleting sacr-cr5:10/2/5                                    
2019-02-05 10:43:39,234 INFO  n.e.o.c.TopologySteps               - deleting sacr-cr5:10/1/4                                    
2019-02-05 10:43:39,234 INFO  n.e.o.c.TopologySteps               - deleting sacr-cr5:5/1/1                                     
2019-02-05 10:43:39,235 INFO  n.e.o.c.TopologySteps               - deleting sacr-cr5:2/1/1                                     
2019-02-05 10:43:39,235 INFO  n.e.o.c.TopologySteps               - deleting sacr-cr5:10/2/4                                    
2019-02-05 10:43:39,236 INFO  n.e.o.c.TopologySteps               - deleting sacr-cr5                                           
2019-02-05 10:43:39,239 INFO  n.e.o.c.TopologySteps               - deleting snla-rt3:xe-1/2/0                                  
2019-02-05 10:43:39,241 INFO  n.e.o.c.TopologySteps               - deleting snla-rt3:ge-1/0/2                                  
2019-02-05 10:43:39,241 INFO  n.e.o.c.TopologySteps               - deleting snla-rt3:xe-0/0/0                                  
2019-02-05 10:43:39,242 INFO  n.e.o.c.TopologySteps               - deleting snla-rt3                                           
2019-02-05 10:43:39,248 INFO  n.e.o.c.TopologySteps               - deleting lsvn-cr1:ge-1/0/0                                  
2019-02-05 10:43:39,253 INFO  n.e.o.c.TopologySteps               - deleting lsvn-cr1:ge-1/1/1                                  
2019-02-05 10:43:39,254 INFO  n.e.o.c.TopologySteps               - deleting lsvn-cr1:ge-1/0/1                                  
2019-02-05 10:43:39,255 INFO  n.e.o.c.TopologySteps               - deleting lsvn-cr1:xe-2/0/0                                  
2019-02-05 10:43:39,255 INFO  n.e.o.c.TopologySteps               - deleting lsvn-cr1:xe-2/2/0                                  
2019-02-05 10:43:39,255 INFO  n.e.o.c.TopologySteps               - deleting lsvn-cr1:xe-1/2/0                                  
2019-02-05 10:43:39,256 INFO  n.e.o.c.TopologySteps               - deleting lsvn-cr1:xe-2/1/0                                  
2019-02-05 10:43:39,256 INFO  n.e.o.c.TopologySteps               - deleting lsvn-cr1:ge-1/1/0                                  
2019-02-05 10:43:39,257 INFO  n.e.o.c.TopologySteps               - deleting lsvn-cr1:ge-1/1/5                                  
2019-02-05 10:43:39,258 INFO  n.e.o.c.TopologySteps               - deleting lsvn-cr1                                           
2019-02-05 10:43:39,264 INFO  n.e.o.c.TopologySteps               - deleting sunn-cr5:10/2/4                                    
2019-02-05 10:43:39,264 INFO  n.e.o.c.TopologySteps               - deleting sunn-cr5:10/2/6                                    
2019-02-05 10:43:39,264 INFO  n.e.o.c.TopologySteps               - deleting sunn-cr5:4/1/1                                     
2019-02-05 10:43:39,265 INFO  n.e.o.c.TopologySteps               - deleting sunn-cr5:1/1/1                                     
2019-02-05 10:43:39,265 INFO  n.e.o.c.TopologySteps               - deleting sunn-cr5:5/1/1                                     
2019-02-05 10:43:39,265 INFO  n.e.o.c.TopologySteps               - deleting sunn-cr5:7/1/1                                     
2019-02-05 10:43:39,265 INFO  n.e.o.c.TopologySteps               - deleting sunn-cr5:5/2/1                                     
2019-02-05 10:43:39,265 INFO  n.e.o.c.TopologySteps               - deleting sunn-cr5:2/2/1                                     
2019-02-05 10:43:39,265 INFO  n.e.o.c.TopologySteps               - deleting sunn-cr5:10/1/1                                    
2019-02-05 10:43:39,265 INFO  n.e.o.c.TopologySteps               - deleting sunn-cr5:8/2/1                                     
2019-02-05 10:43:39,266 INFO  n.e.o.c.TopologySteps               - deleting sunn-cr5:10/1/4                                    
2019-02-05 10:43:39,266 INFO  n.e.o.c.TopologySteps               - deleting sunn-cr5:10/1/6                                    
2019-02-05 10:43:39,266 INFO  n.e.o.c.TopologySteps               - deleting sunn-cr5:9/1/3                                     
2019-02-05 10:43:39,266 INFO  n.e.o.c.TopologySteps               - deleting sunn-cr5:10/1/2                                    
2019-02-05 10:43:39,266 INFO  n.e.o.c.TopologySteps               - deleting sunn-cr5:9/1/1                                     
2019-02-05 10:43:39,266 INFO  n.e.o.c.TopologySteps               - deleting sunn-cr5:10/2/1                                    
2019-02-05 10:43:39,266 INFO  n.e.o.c.TopologySteps               - deleting sunn-cr5:9/1/5                                     
2019-02-05 10:43:39,266 INFO  n.e.o.c.TopologySteps               - deleting sunn-cr5:10/1/3                                    
2019-02-05 10:43:39,266 INFO  n.e.o.c.TopologySteps               - deleting sunn-cr5:10/2/5                                    
2019-02-05 10:43:39,267 INFO  n.e.o.c.TopologySteps               - deleting sunn-cr5:8/1/1                                     
2019-02-05 10:43:39,267 INFO  n.e.o.c.TopologySteps               - deleting sunn-cr5:2/1/1                                     
2019-02-05 10:43:39,267 INFO  n.e.o.c.TopologySteps               - deleting sunn-cr5:7/2/1                                     
2019-02-05 10:43:39,267 INFO  n.e.o.c.TopologySteps               - deleting sunn-cr5:10/1/5                                    
2019-02-05 10:43:39,267 INFO  n.e.o.c.TopologySteps               - deleting sunn-cr5:10/2/3                                    
2019-02-05 10:43:39,267 INFO  n.e.o.c.TopologySteps               - deleting sunn-cr5:10/2/2                                    
2019-02-05 10:43:39,267 INFO  n.e.o.c.TopologySteps               - deleting sunn-cr5:9/1/2                                     
2019-02-05 10:43:39,268 INFO  n.e.o.c.TopologySteps               - deleting sunn-cr5                                           
2019-02-05 10:43:39,269 INFO  n.e.o.c.TopologySteps               - deleting netl-pgh-rt1:xe-2/0/2                              
2019-02-05 10:43:39,270 INFO  n.e.o.c.TopologySteps               - deleting netl-pgh-rt1:xe-2/0/0                              
2019-02-05 10:43:39,270 INFO  n.e.o.c.TopologySteps               - deleting netl-pgh-rt1:xe-2/0/3                              
2019-02-05 10:43:39,270 INFO  n.e.o.c.TopologySteps               - deleting netl-pgh-rt1:xe-2/0/1                              
2019-02-05 10:43:39,271 INFO  n.e.o.c.TopologySteps               - deleting netl-pgh-rt1                                       
2019-02-05 10:43:39,274 INFO  n.e.o.c.TopologySteps               - deleting llnl-mr2:ae0                                       
2019-02-05 10:43:39,275 INFO  n.e.o.c.TopologySteps               - deleting llnl-mr2:xe-2/1/0                                  
2019-02-05 10:43:39,275 INFO  n.e.o.c.TopologySteps               - deleting llnl-mr2:xe-1/3/0                                  
2019-02-05 10:43:39,276 INFO  n.e.o.c.TopologySteps               - deleting llnl-mr2:xe-3/2/0                                  
2019-02-05 10:43:39,276 INFO  n.e.o.c.TopologySteps               - deleting llnl-mr2:ge-3/0/0                                  
2019-02-05 10:43:39,276 INFO  n.e.o.c.TopologySteps               - deleting llnl-mr2:xe-2/2/0                                  
2019-02-05 10:43:39,276 INFO  n.e.o.c.TopologySteps               - deleting llnl-mr2:ge-3/0/1                                  
2019-02-05 10:43:39,276 INFO  n.e.o.c.TopologySteps               - deleting llnl-mr2:xe-0/2/0                                  
2019-02-05 10:43:39,276 INFO  n.e.o.c.TopologySteps               - deleting llnl-mr2:xe-0/0/0                                  
2019-02-05 10:43:39,276 INFO  n.e.o.c.TopologySteps               - deleting llnl-mr2:xe-0/1/0                                  
2019-02-05 10:43:39,276 INFO  n.e.o.c.TopologySteps               - deleting llnl-mr2:xe-2/0/0                                  
2019-02-05 10:43:39,276 INFO  n.e.o.c.TopologySteps               - deleting llnl-mr2:xe-1/0/0                                  
2019-02-05 10:43:39,277 INFO  n.e.o.c.TopologySteps               - deleting llnl-mr2                                           
2019-02-05 10:43:39,278 INFO  n.e.o.c.TopologySteps               - deleting anl-mr2:xe-2/3/0                                   
2019-02-05 10:43:39,279 INFO  n.e.o.c.TopologySteps               - deleting anl-mr2:ae0                                        
2019-02-05 10:43:39,279 INFO  n.e.o.c.TopologySteps               - deleting anl-mr2:xe-0/0/0                                   
2019-02-05 10:43:39,279 INFO  n.e.o.c.TopologySteps               - deleting anl-mr2:xe-1/3/0                                   
2019-02-05 10:43:39,279 INFO  n.e.o.c.TopologySteps               - deleting anl-mr2:xe-0/1/0                                   
2019-02-05 10:43:39,279 INFO  n.e.o.c.TopologySteps               - deleting anl-mr2                                            
2019-02-05 10:43:39,280 INFO  n.e.o.c.TopologySteps               - deleting llnldc-rt4:ge-1/0/0                                
2019-02-05 10:43:39,280 INFO  n.e.o.c.TopologySteps               - deleting llnldc-rt4                                         
2019-02-05 10:43:39,283 INFO  n.e.o.c.TopologySteps               - deleting chic-cr5:10/1/5                                    
2019-02-05 10:43:39,283 INFO  n.e.o.c.TopologySteps               - deleting chic-cr5:2/1/1                                     
2019-02-05 10:43:39,283 INFO  n.e.o.c.TopologySteps               - deleting chic-cr5:7/1/1                                     
2019-02-05 10:43:39,283 INFO  n.e.o.c.TopologySteps               - deleting chic-cr5:3/2/1                                     
2019-02-05 10:43:39,283 INFO  n.e.o.c.TopologySteps               - deleting chic-cr5:6/1/1                                     
2019-02-05 10:43:39,283 INFO  n.e.o.c.TopologySteps               - deleting chic-cr5:10/1/3                                    
2019-02-05 10:43:39,284 INFO  n.e.o.c.TopologySteps               - deleting chic-cr5:10/1/1                                    
2019-02-05 10:43:39,284 INFO  n.e.o.c.TopologySteps               - deleting chic-cr5:8/1/1                                     
2019-02-05 10:43:39,284 INFO  n.e.o.c.TopologySteps               - deleting chic-cr5:5/1/1                                     
2019-02-05 10:43:39,284 INFO  n.e.o.c.TopologySteps               - deleting chic-cr5:BLANK                                     
2019-02-05 10:43:39,284 INFO  n.e.o.c.TopologySteps               - deleting chic-cr5:1/1/1                                     
2019-02-05 10:43:39,284 INFO  n.e.o.c.TopologySteps               - deleting chic-cr5:7/2/1                                     
2019-02-05 10:43:39,284 INFO  n.e.o.c.TopologySteps               - deleting chic-cr5:4/1/1                                     
2019-02-05 10:43:39,285 INFO  n.e.o.c.TopologySteps               - deleting chic-cr5:10/1/4                                    
2019-02-05 10:43:39,285 INFO  n.e.o.c.TopologySteps               - deleting chic-cr5:3/1/1                                     
2019-02-05 10:43:39,285 INFO  n.e.o.c.TopologySteps               - deleting chic-cr5:6/2/1                                     
2019-02-05 10:43:39,285 INFO  n.e.o.c.TopologySteps               - deleting chic-cr5:10/1/7                                    
2019-02-05 10:43:39,285 INFO  n.e.o.c.TopologySteps               - deleting chic-cr5                                           
2019-02-05 10:43:39,287 INFO  n.e.o.c.TopologySteps               - deleting slac-mr2:xe-0/2/0                                  
2019-02-05 10:43:39,287 INFO  n.e.o.c.TopologySteps               - deleting slac-mr2:xe-0/0/0                                  
2019-02-05 10:43:39,287 INFO  n.e.o.c.TopologySteps               - deleting slac-mr2:xe-1/2/0                                  
2019-02-05 10:43:39,287 INFO  n.e.o.c.TopologySteps               - deleting slac-mr2:xe-0/1/0                                  
2019-02-05 10:43:39,288 INFO  n.e.o.c.TopologySteps               - deleting slac-mr2:xe-1/3/0                                  
2019-02-05 10:43:39,288 INFO  n.e.o.c.TopologySteps               - deleting slac-mr2:xe-1/1/0                                  
2019-02-05 10:43:39,288 INFO  n.e.o.c.TopologySteps               - deleting slac-mr2                                           
2019-02-05 10:43:39,290 INFO  n.e.o.c.TopologySteps               - deleting lond-cr5:10/1/4                                    
2019-02-05 10:43:39,290 INFO  n.e.o.c.TopologySteps               - deleting lond-cr5:2/2/1                                     
2019-02-05 10:43:39,290 INFO  n.e.o.c.TopologySteps               - deleting lond-cr5:1/2/1                                     
2019-02-05 10:43:39,290 INFO  n.e.o.c.TopologySteps               - deleting lond-cr5:2/1/1                                     
2019-02-05 10:43:39,290 INFO  n.e.o.c.TopologySteps               - deleting lond-cr5:1/1/1                                     
2019-02-05 10:43:39,291 INFO  n.e.o.c.TopologySteps               - deleting lond-cr5:3/1/1                                     
2019-02-05 10:43:39,291 INFO  n.e.o.c.TopologySteps               - deleting lond-cr5:10/1/1                                    
2019-02-05 10:43:39,291 INFO  n.e.o.c.TopologySteps               - deleting lond-cr5:5/1/1                                     
2019-02-05 10:43:39,291 INFO  n.e.o.c.TopologySteps               - deleting lond-cr5:10/1/2                                    
2019-02-05 10:43:39,291 INFO  n.e.o.c.TopologySteps               - deleting lond-cr5                                           
2019-02-05 10:43:39,293 INFO  n.e.o.c.TopologySteps               - deleting eqx-chi-cr5:BLANK                                  
2019-02-05 10:43:39,293 INFO  n.e.o.c.TopologySteps               - deleting eqx-chi-cr5:10/1/3                                 
2019-02-05 10:43:39,293 INFO  n.e.o.c.TopologySteps               - deleting eqx-chi-cr5:10/1/1                                 
2019-02-05 10:43:39,293 INFO  n.e.o.c.TopologySteps               - deleting eqx-chi-cr5:1/2/1                                  
2019-02-05 10:43:39,293 INFO  n.e.o.c.TopologySteps               - deleting eqx-chi-cr5:2/1/1                                  
2019-02-05 10:43:39,293 INFO  n.e.o.c.TopologySteps               - deleting eqx-chi-cr5:1/1/1                                  
2019-02-05 10:43:39,293 INFO  n.e.o.c.TopologySteps               - deleting eqx-chi-cr5:10/1/2                                 
2019-02-05 10:43:39,294 INFO  n.e.o.c.TopologySteps               - deleting eqx-chi-cr5                                        
2019-02-05 10:43:39,296 INFO  n.e.o.c.TopologySteps               - deleting newy-cr5:10/1/3                                    
2019-02-05 10:43:39,296 INFO  n.e.o.c.TopologySteps               - deleting newy-cr5:3/1/1                                     
2019-02-05 10:43:39,296 INFO  n.e.o.c.TopologySteps               - deleting newy-cr5:10/1/9                                    
2019-02-05 10:43:39,296 INFO  n.e.o.c.TopologySteps               - deleting newy-cr5:4/2/1                                     
2019-02-05 10:43:39,297 INFO  n.e.o.c.TopologySteps               - deleting newy-cr5:9/1/1                                     
2019-02-05 10:43:39,297 INFO  n.e.o.c.TopologySteps               - deleting newy-cr5:9/1/4                                     
2019-02-05 10:43:39,297 INFO  n.e.o.c.TopologySteps               - deleting newy-cr5:2/1/1                                     
2019-02-05 10:43:39,297 INFO  n.e.o.c.TopologySteps               - deleting newy-cr5:4/1/1                                     
2019-02-05 10:43:39,297 INFO  n.e.o.c.TopologySteps               - deleting newy-cr5:10/1/2                                    
2019-02-05 10:43:39,297 INFO  n.e.o.c.TopologySteps               - deleting newy-cr5                                           
2019-02-05 10:43:39,299 INFO  n.e.o.c.TopologySteps               - deleting netl-alb-rt1:xe-2/0/3                              
2019-02-05 10:43:39,299 INFO  n.e.o.c.TopologySteps               - deleting netl-alb-rt1:xe-2/0/1                              
2019-02-05 10:43:39,299 INFO  n.e.o.c.TopologySteps               - deleting netl-alb-rt1:xe-2/0/2                              
2019-02-05 10:43:39,299 INFO  n.e.o.c.TopologySteps               - deleting netl-alb-rt1:xe-2/0/0                              
2019-02-05 10:43:39,299 INFO  n.e.o.c.TopologySteps               - deleting netl-alb-rt1                                       
2019-02-05 10:43:39,300 INFO  n.e.o.c.TopologySteps               - deleting jgi-mr2:xe-2/2/0                                   
2019-02-05 10:43:39,300 INFO  n.e.o.c.TopologySteps               - deleting jgi-mr2:xe-1/1/0                                   
2019-02-05 10:43:39,300 INFO  n.e.o.c.TopologySteps               - deleting jgi-mr2:xe-0/2/0                                   
2019-02-05 10:43:39,301 INFO  n.e.o.c.TopologySteps               - deleting jgi-mr2:xe-1/3/0                                   
2019-02-05 10:43:39,301 INFO  n.e.o.c.TopologySteps               - deleting jgi-mr2                                            
2019-02-05 10:43:39,303 INFO  n.e.o.c.TopologySteps               - deleting eqx-ash-cr5:1/2/1                                  
2019-02-05 10:43:39,303 INFO  n.e.o.c.TopologySteps               - deleting eqx-ash-cr5:1/1/1                                  
2019-02-05 10:43:39,304 INFO  n.e.o.c.TopologySteps               - deleting eqx-ash-cr5:BLANK                                  
2019-02-05 10:43:39,304 INFO  n.e.o.c.TopologySteps               - deleting eqx-ash-cr5:10/2/5                                 
2019-02-05 10:43:39,304 INFO  n.e.o.c.TopologySteps               - deleting eqx-ash-cr5:10/1/1                                 
2019-02-05 10:43:39,304 INFO  n.e.o.c.TopologySteps               - deleting eqx-ash-cr5:10/2/2                                 
2019-02-05 10:43:39,304 INFO  n.e.o.c.TopologySteps               - deleting eqx-ash-cr5:10/1/5                                 
2019-02-05 10:43:39,304 INFO  n.e.o.c.TopologySteps               - deleting eqx-ash-cr5:10/1/6                                 
2019-02-05 10:43:39,304 INFO  n.e.o.c.TopologySteps               - deleting eqx-ash-cr5:10/1/2                                 
2019-02-05 10:43:39,304 INFO  n.e.o.c.TopologySteps               - deleting eqx-ash-cr5:10/2/6                                 
2019-02-05 10:43:39,305 INFO  n.e.o.c.TopologySteps               - deleting eqx-ash-cr5:2/1/1                                  
2019-02-05 10:43:39,305 INFO  n.e.o.c.TopologySteps               - deleting eqx-ash-cr5                                        
2019-02-05 10:43:39,306 INFO  n.e.o.c.TopologySteps               - deleting forr-rt2:ge-0/0/1                                  
2019-02-05 10:43:39,306 INFO  n.e.o.c.TopologySteps               - deleting forr-rt2:ge-0/0/0                                  
2019-02-05 10:43:39,307 INFO  n.e.o.c.TopologySteps               - deleting forr-rt2:ge-0/0/2                                  
2019-02-05 10:43:39,307 INFO  n.e.o.c.TopologySteps               - deleting forr-rt2:ge-0/0/4                                  
2019-02-05 10:43:39,307 INFO  n.e.o.c.TopologySteps               - deleting forr-rt2:ge-0/0/5                                  
2019-02-05 10:43:39,307 INFO  n.e.o.c.TopologySteps               - deleting forr-rt2                                           
2019-02-05 10:43:39,308 INFO  n.e.o.c.TopologySteps               - deleting ornl-cr5:7/1/1                                     
2019-02-05 10:43:39,308 INFO  n.e.o.c.TopologySteps               - deleting ornl-cr5:10/1/1                                    
2019-02-05 10:43:39,308 INFO  n.e.o.c.TopologySteps               - deleting ornl-cr5:10/1/3                                    
2019-02-05 10:43:39,308 INFO  n.e.o.c.TopologySteps               - deleting ornl-cr5:6/1/1                                     
2019-02-05 10:43:39,308 INFO  n.e.o.c.TopologySteps               - deleting ornl-cr5:9/1/4                                     
2019-02-05 10:43:39,308 INFO  n.e.o.c.TopologySteps               - deleting ornl-cr5:10/1/2                                    
2019-02-05 10:43:39,308 INFO  n.e.o.c.TopologySteps               - deleting ornl-cr5                                           
2019-02-05 10:43:39,309 INFO  n.e.o.c.TopologySteps               - deleting fnal-mr2:xe-0/0/0                                  
2019-02-05 10:43:39,309 INFO  n.e.o.c.TopologySteps               - deleting fnal-mr2:xe-8/1/0                                  
2019-02-05 10:43:39,309 INFO  n.e.o.c.TopologySteps               - deleting fnal-mr2:xe-1/1/0                                  
2019-02-05 10:43:39,310 INFO  n.e.o.c.TopologySteps               - deleting fnal-mr2:xe-8/3/0                                  
2019-02-05 10:43:39,310 INFO  n.e.o.c.TopologySteps               - deleting fnal-mr2:xe-0/2/0                                  
2019-02-05 10:43:39,310 INFO  n.e.o.c.TopologySteps               - deleting fnal-mr2:xe-1/3/0                                  
2019-02-05 10:43:39,310 INFO  n.e.o.c.TopologySteps               - deleting fnal-mr2                                           
2019-02-05 10:43:39,311 INFO  n.e.o.c.TopologySteps               - deleting pantex-rt4:ge-0/1/0                                
2019-02-05 10:43:39,312 INFO  n.e.o.c.TopologySteps               - deleting pantex-rt4:ge-0/0/1                                
2019-02-05 10:43:39,312 INFO  n.e.o.c.TopologySteps               - deleting pantex-rt4:ge-0/0/2                                
2019-02-05 10:43:39,312 INFO  n.e.o.c.TopologySteps               - deleting pantex-rt4:ge-0/0/0                                
2019-02-05 10:43:39,312 INFO  n.e.o.c.TopologySteps               - deleting pantex-rt4                                         
2019-02-05 10:43:39,314 INFO  n.e.o.c.TopologySteps               - deleting ameslab-rt3:xe-0/0/0                               
2019-02-05 10:43:39,314 INFO  n.e.o.c.TopologySteps               - deleting ameslab-rt3:xe-1/3/0                               
2019-02-05 10:43:39,314 INFO  n.e.o.c.TopologySteps               - deleting ameslab-rt3:xe-0/1/0                               
2019-02-05 10:43:39,314 INFO  n.e.o.c.TopologySteps               - deleting ameslab-rt3:xe-0/2/0                               
2019-02-05 10:43:39,314 INFO  n.e.o.c.TopologySteps               - deleting ameslab-rt3:xe-1/0/0                               
2019-02-05 10:43:39,314 INFO  n.e.o.c.TopologySteps               - deleting ameslab-rt3:xe-1/1/0                               
2019-02-05 10:43:39,314 INFO  n.e.o.c.TopologySteps               - deleting ameslab-rt3                                        
2019-02-05 10:43:39,326 INFO  n.e.o.c.TopologySteps               - deleting hous-cr5:10/1/3                                    
2019-02-05 10:43:39,326 INFO  n.e.o.c.TopologySteps               - deleting hous-cr5:3/1/1                                     
2019-02-05 10:43:39,327 INFO  n.e.o.c.TopologySteps               - deleting hous-cr5:4/1/1                                     
2019-02-05 10:43:39,327 INFO  n.e.o.c.TopologySteps               - deleting hous-cr5:10/1/4                                    
2019-02-05 10:43:39,327 INFO  n.e.o.c.TopologySteps               - deleting hous-cr5:2/1/1                                     
2019-02-05 10:43:39,327 INFO  n.e.o.c.TopologySteps               - deleting hous-cr5:1/1/1                                     
2019-02-05 10:43:39,327 INFO  n.e.o.c.TopologySteps               - deleting hous-cr5                                           
2019-02-05 10:43:39,330 INFO  n.e.o.c.TopologySteps               - deleting aofa-cr5:9/1/5                                     
2019-02-05 10:43:39,330 INFO  n.e.o.c.TopologySteps               - deleting aofa-cr5:3/1/1                                     
2019-02-05 10:43:39,330 INFO  n.e.o.c.TopologySteps               - deleting aofa-cr5:10/1/1                                    
2019-02-05 10:43:39,330 INFO  n.e.o.c.TopologySteps               - deleting aofa-cr5:7/2/1                                     
2019-02-05 10:43:39,330 INFO  n.e.o.c.TopologySteps               - deleting aofa-cr5:4/1/1                                     
2019-02-05 10:43:39,330 INFO  n.e.o.c.TopologySteps               - deleting aofa-cr5:10/1/8                                    
2019-02-05 10:43:39,330 INFO  n.e.o.c.TopologySteps               - deleting aofa-cr5:2/1/1                                     
2019-02-05 10:43:39,331 INFO  n.e.o.c.TopologySteps               - deleting aofa-cr5:10/1/2                                    
2019-02-05 10:43:39,331 INFO  n.e.o.c.TopologySteps               - deleting aofa-cr5:5/1/1                                     
2019-02-05 10:43:39,331 INFO  n.e.o.c.TopologySteps               - deleting aofa-cr5:1/1/1                                     
2019-02-05 10:43:39,331 INFO  n.e.o.c.TopologySteps               - deleting aofa-cr5:6/2/1                                     
2019-02-05 10:43:39,331 INFO  n.e.o.c.TopologySteps               - deleting aofa-cr5:10/1/9                                    
2019-02-05 10:43:39,331 INFO  n.e.o.c.TopologySteps               - deleting aofa-cr5:4/2/1                                     
2019-02-05 10:43:39,331 INFO  n.e.o.c.TopologySteps               - deleting aofa-cr5:9/1/1                                     
2019-02-05 10:43:39,331 INFO  n.e.o.c.TopologySteps               - deleting aofa-cr5                                           
2019-02-05 10:43:39,332 INFO  n.e.o.c.TopologySteps               - deleting osti-rt2:ae0                                       
2019-02-05 10:43:39,332 INFO  n.e.o.c.TopologySteps               - deleting osti-rt2:xe-1/2/0                                  
2019-02-05 10:43:39,332 INFO  n.e.o.c.TopologySteps               - deleting osti-rt2                                           
2019-02-05 10:43:39,335 INFO  n.e.o.c.TopologySteps               - deleting pnwg-cr5:10/1/10                                   
2019-02-05 10:43:39,335 INFO  n.e.o.c.TopologySteps               - deleting pnwg-cr5:10/1/4                                    
2019-02-05 10:43:39,335 INFO  n.e.o.c.TopologySteps               - deleting pnwg-cr5:2/1/1                                     
2019-02-05 10:43:39,335 INFO  n.e.o.c.TopologySteps               - deleting pnwg-cr5:BLANK                                     
2019-02-05 10:43:39,335 INFO  n.e.o.c.TopologySteps               - deleting pnwg-cr5:1/1/1                                     
2019-02-05 10:43:39,335 INFO  n.e.o.c.TopologySteps               - deleting pnwg-cr5:9/1/2                                     
2019-02-05 10:43:39,336 INFO  n.e.o.c.TopologySteps               - deleting pnwg-cr5:10/1/5                                    
2019-02-05 10:43:39,336 INFO  n.e.o.c.TopologySteps               - deleting pnwg-cr5:10/1/3                                    
2019-02-05 10:43:39,336 INFO  n.e.o.c.TopologySteps               - deleting pnwg-cr5:2/2/1                                     
2019-02-05 10:43:39,336 INFO  n.e.o.c.TopologySteps               - deleting pnwg-cr5:3/1/1                                     
2019-02-05 10:43:39,336 INFO  n.e.o.c.TopologySteps               - deleting pnwg-cr5:10/1/6                                    
2019-02-05 10:43:39,336 INFO  n.e.o.c.TopologySteps               - deleting pnwg-cr5:10/1/2                                    
2019-02-05 10:43:39,336 INFO  n.e.o.c.TopologySteps               - deleting pnwg-cr5:10/1/9                                    
2019-02-05 10:43:39,336 INFO  n.e.o.c.TopologySteps               - deleting pnwg-cr5                                           
2019-02-05 10:43:39,339 INFO  n.e.o.c.TopologySteps               - deleting amst-cr5:10/2/5                                    
2019-02-05 10:43:39,339 INFO  n.e.o.c.TopologySteps               - deleting amst-cr5:5/1/1                                     
2019-02-05 10:43:39,339 INFO  n.e.o.c.TopologySteps               - deleting amst-cr5:3/1/1                                     
2019-02-05 10:43:39,339 INFO  n.e.o.c.TopologySteps               - deleting amst-cr5:10/1/2                                    
2019-02-05 10:43:39,339 INFO  n.e.o.c.TopologySteps               - deleting amst-cr5:1/2/1                                     
2019-02-05 10:43:39,339 INFO  n.e.o.c.TopologySteps               - deleting amst-cr5:2/1/1                                     
2019-02-05 10:43:39,339 INFO  n.e.o.c.TopologySteps               - deleting amst-cr5:10/1/1                                    
2019-02-05 10:43:39,340 INFO  n.e.o.c.TopologySteps               - deleting amst-cr5:1/1/1                                     
2019-02-05 10:43:39,340 INFO  n.e.o.c.TopologySteps               - deleting amst-cr5                                           
2019-02-05 10:43:39,341 INFO  n.e.o.c.TopologySteps               - deleting albq-cr5:10/1/3                                    
2019-02-05 10:43:39,342 INFO  n.e.o.c.TopologySteps               - deleting albq-cr5:3/1/1                                     
2019-02-05 10:43:39,342 INFO  n.e.o.c.TopologySteps               - deleting albq-cr5:2/1/1                                     
2019-02-05 10:43:39,342 INFO  n.e.o.c.TopologySteps               - deleting albq-cr5:10/1/4                                    
2019-02-05 10:43:39,342 INFO  n.e.o.c.TopologySteps               - deleting albq-cr5:10/1/2                                    
2019-02-05 10:43:39,342 INFO  n.e.o.c.TopologySteps               - deleting albq-cr5:10/1/5                                    
2019-02-05 10:43:39,342 INFO  n.e.o.c.TopologySteps               - deleting albq-cr5:1/1/1                                     
2019-02-05 10:43:39,342 INFO  n.e.o.c.TopologySteps               - deleting albq-cr5                                           
2019-02-05 10:43:39,347 INFO  n.e.o.c.TopologySteps               - deleting lbl-mr2:xe-8/3/0                                   
2019-02-05 10:43:39,347 INFO  n.e.o.c.TopologySteps               - deleting lbl-mr2:ge-9/1/0                                   
2019-02-05 10:43:39,347 INFO  n.e.o.c.TopologySteps               - deleting lbl-mr2:ge-9/1/2                                   
2019-02-05 10:43:39,347 INFO  n.e.o.c.TopologySteps               - deleting lbl-mr2:xe-0/1/0                                   
2019-02-05 10:43:39,348 INFO  n.e.o.c.TopologySteps               - deleting lbl-mr2:xe-8/1/0                                   
2019-02-05 10:43:39,348 INFO  n.e.o.c.TopologySteps               - deleting lbl-mr2:xe-0/2/0                                   
2019-02-05 10:43:39,348 INFO  n.e.o.c.TopologySteps               - deleting lbl-mr2:ge-9/0/4                                   
2019-02-05 10:43:39,348 INFO  n.e.o.c.TopologySteps               - deleting lbl-mr2:xe-2/2/0                                   
2019-02-05 10:43:39,348 INFO  n.e.o.c.TopologySteps               - deleting lbl-mr2:xe-1/1/0                                   
2019-02-05 10:43:39,348 INFO  n.e.o.c.TopologySteps               - deleting lbl-mr2:xe-7/2/0                                   
2019-02-05 10:43:39,348 INFO  n.e.o.c.TopologySteps               - deleting lbl-mr2:ge-9/1/8                                   
2019-02-05 10:43:39,348 INFO  n.e.o.c.TopologySteps               - deleting lbl-mr2:ae0                                        
2019-02-05 10:43:39,349 INFO  n.e.o.c.TopologySteps               - deleting lbl-mr2:xe-1/3/0                                   
2019-02-05 10:43:39,349 INFO  n.e.o.c.TopologySteps               - deleting lbl-mr2:xe-7/0/0                                   
2019-02-05 10:43:39,349 INFO  n.e.o.c.TopologySteps               - deleting lbl-mr2:xe-2/1/0                                   
2019-02-05 10:43:39,349 INFO  n.e.o.c.TopologySteps               - deleting lbl-mr2:xe-2/3/0                                   
2019-02-05 10:43:39,349 INFO  n.e.o.c.TopologySteps               - deleting lbl-mr2                                            
2019-02-05 10:43:39,352 INFO  n.e.o.c.TopologySteps               - deleting denv-cr5:10/1/4                                    
2019-02-05 10:43:39,352 INFO  n.e.o.c.TopologySteps               - deleting denv-cr5:1/1/1                                     
2019-02-05 10:43:39,352 INFO  n.e.o.c.TopologySteps               - deleting denv-cr5:4/1/1                                     
2019-02-05 10:43:39,352 INFO  n.e.o.c.TopologySteps               - deleting denv-cr5:4/2/1                                     
2019-02-05 10:43:39,352 INFO  n.e.o.c.TopologySteps               - deleting denv-cr5:10/1/12                                   
2019-02-05 10:43:39,352 INFO  n.e.o.c.TopologySteps               - deleting denv-cr5:10/1/7                                    
2019-02-05 10:43:39,352 INFO  n.e.o.c.TopologySteps               - deleting denv-cr5:10/1/3                                    
2019-02-05 10:43:39,353 INFO  n.e.o.c.TopologySteps               - deleting denv-cr5:10/1/10                                   
2019-02-05 10:43:39,353 INFO  n.e.o.c.TopologySteps               - deleting denv-cr5:2/1/1                                     
2019-02-05 10:43:39,353 INFO  n.e.o.c.TopologySteps               - deleting denv-cr5:10/1/5                                    
2019-02-05 10:43:39,353 INFO  n.e.o.c.TopologySteps               - deleting denv-cr5:10/1/6                                    
2019-02-05 10:43:39,353 INFO  n.e.o.c.TopologySteps               - deleting denv-cr5:10/1/11                                   
2019-02-05 10:43:39,353 INFO  n.e.o.c.TopologySteps               - deleting denv-cr5:3/1/1                                     
2019-02-05 10:43:39,353 INFO  n.e.o.c.TopologySteps               - deleting denv-cr5:9/1/1                                     
2019-02-05 10:43:39,354 INFO  n.e.o.c.TopologySteps               - deleting denv-cr5:9/1/3                                     
2019-02-05 10:43:39,355 INFO  n.e.o.c.TopologySteps               - deleting denv-cr5                                           
2019-02-05 10:43:39,358 INFO  n.e.o.c.TopologySteps               - deleting star-cr5:5/1/1                                     
2019-02-05 10:43:39,358 INFO  n.e.o.c.TopologySteps               - deleting star-cr5:BLANK                                     
2019-02-05 10:43:39,358 INFO  n.e.o.c.TopologySteps               - deleting star-cr5:6/1/1                                     
2019-02-05 10:43:39,358 INFO  n.e.o.c.TopologySteps               - deleting star-cr5:10/1/1                                    
2019-02-05 10:43:39,358 INFO  n.e.o.c.TopologySteps               - deleting star-cr5:9/1/4                                     
2019-02-05 10:43:39,358 INFO  n.e.o.c.TopologySteps               - deleting star-cr5:4/2/1                                     
2019-02-05 10:43:39,358 INFO  n.e.o.c.TopologySteps               - deleting star-cr5:10/1/10                                   
2019-02-05 10:43:39,358 INFO  n.e.o.c.TopologySteps               - deleting star-cr5:10/1/8                                    
2019-02-05 10:43:39,359 INFO  n.e.o.c.TopologySteps               - deleting star-cr5:8/1/4                                     
2019-02-05 10:43:39,359 INFO  n.e.o.c.TopologySteps               - deleting star-cr5:3/2/1                                     
2019-02-05 10:43:39,359 INFO  n.e.o.c.TopologySteps               - deleting star-cr5:6/2/1                                     
2019-02-05 10:43:39,359 INFO  n.e.o.c.TopologySteps               - deleting star-cr5:4/1/1                                     
2019-02-05 10:43:39,359 INFO  n.e.o.c.TopologySteps               - deleting star-cr5:10/1/7                                    
2019-02-05 10:43:39,359 INFO  n.e.o.c.TopologySteps               - deleting star-cr5:8/1/2                                     
2019-02-05 10:43:39,359 INFO  n.e.o.c.TopologySteps               - deleting star-cr5:8/1/6                                     
2019-02-05 10:43:39,359 INFO  n.e.o.c.TopologySteps               - deleting star-cr5:1/2/1                                     
2019-02-05 10:43:39,359 INFO  n.e.o.c.TopologySteps               - deleting star-cr5:3/1/1                                     
2019-02-05 10:43:39,359 INFO  n.e.o.c.TopologySteps               - deleting star-cr5:1/1/1                                     
2019-02-05 10:43:39,360 INFO  n.e.o.c.TopologySteps               - deleting star-cr5                                           
2019-02-05 10:43:39,361 INFO  n.e.o.c.TopologySteps               - deleting bost-cr5:1/1/1                                     
2019-02-05 10:43:39,361 INFO  n.e.o.c.TopologySteps               - deleting bost-cr5:10/1/2                                    
2019-02-05 10:43:39,361 INFO  n.e.o.c.TopologySteps               - deleting bost-cr5:10/1/6                                    
2019-02-05 10:43:39,362 INFO  n.e.o.c.TopologySteps               - deleting bost-cr5:2/1/1                                     
2019-02-05 10:43:39,362 INFO  n.e.o.c.TopologySteps               - deleting bost-cr5:10/2/3                                    
2019-02-05 10:43:39,362 INFO  n.e.o.c.TopologySteps               - deleting bost-cr5:3/1/1                                     
2019-02-05 10:43:39,362 INFO  n.e.o.c.TopologySteps               - deleting bost-cr5:10/1/5                                    
2019-02-05 10:43:39,362 INFO  n.e.o.c.TopologySteps               - deleting bost-cr5                                           
2019-02-05 10:43:39,454 INFO  n.e.o.c.TopologySteps               - clearing ports                                              
2019-02-05 10:43:39,455 INFO  n.e.o.c.TopologySteps               - clearing versions                                           
2019-02-05 10:43:39,476 DEBUG n.e.o.t.p.TopoPopulator             - Loaded topology from config/test/topo/one.json , config/test/topo/adj_none.json
2019-02-05 10:43:39,479 INFO  n.e.o.t.s.TopoLibrary               -  will add port A:1                                          
2019-02-05 10:43:39,479 INFO  n.e.o.t.s.TopoLibrary               -  will add port A:2                                          
2019-02-05 10:43:39,484 DEBUG n.e.o.t.s.UpdateSvc                 - New version id is: 655                                      
2019-02-05 10:43:39,485 INFO  n.e.o.t.s.UpdateSvc                 - Merging version delta                                       
2019-02-05 10:43:39,493 INFO  n.e.o.t.s.UpdateSvc                 - d: inserting: A                                             
2019-02-05 10:43:39,493 INFO  n.e.o.t.s.UpdateSvc                 - finished merging devices                                    
2019-02-05 10:43:39,494 INFO  n.e.o.t.s.UpdateSvc                 -    inserted       : 1                                       
2019-02-05 10:43:39,494 INFO  n.e.o.t.s.UpdateSvc                 -    ver updated    : 0                                       
2019-02-05 10:43:39,494 INFO  n.e.o.t.s.UpdateSvc                 -     + unchanged      : 0                                    
2019-02-05 10:43:39,494 INFO  n.e.o.t.s.UpdateSvc                 -     + data updated   : 0                                    
2019-02-05 10:43:39,494 INFO  n.e.o.t.s.UpdateSvc                 -    invalidated    :   0                                     
2019-02-05 10:43:39,496 INFO  n.e.o.t.s.UpdateSvc                 - inserting p: A:1 to A                                       
2019-02-05 10:43:39,496 DEBUG n.e.o.t.s.UpdateSvc                 - A:1 656                                                     
2019-02-05 10:43:39,497 INFO  n.e.o.t.s.UpdateSvc                 - inserting p: A:2 to A                                       
2019-02-05 10:43:39,497 DEBUG n.e.o.t.s.UpdateSvc                 - A:1 656                                                     
2019-02-05 10:43:39,497 DEBUG n.e.o.t.s.UpdateSvc                 - A:2 656                                                     
2019-02-05 10:43:39,497 INFO  n.e.o.t.s.UpdateSvc                 - finished merging ports                                      
2019-02-05 10:43:39,497 INFO  n.e.o.t.s.UpdateSvc                 -    inserted     :   2                                       
2019-02-05 10:43:39,497 INFO  n.e.o.t.s.UpdateSvc                 -    ver updated  :   0                                       
2019-02-05 10:43:39,497 INFO  n.e.o.t.s.UpdateSvc                 -    data updated :   0                                       
2019-02-05 10:43:39,497 INFO  n.e.o.t.s.UpdateSvc                 -    invalidated  :   0                                       
2019-02-05 10:43:39,497 INFO  n.e.o.t.s.UpdateSvc                 - finished merging adjacencies                                
2019-02-05 10:43:39,497 INFO  n.e.o.t.s.UpdateSvc                 -    inserted     :   0                                       
2019-02-05 10:43:39,497 INFO  n.e.o.t.s.UpdateSvc                 -    ver updated  :   0                                       
2019-02-05 10:43:39,497 INFO  n.e.o.t.s.UpdateSvc                 -    data updated :   0                                       
2019-02-05 10:43:39,497 INFO  n.e.o.t.s.UpdateSvc                 -    invalidated  :   0                                       
2019-02-05 10:43:39,497 INFO  n.e.o.t.s.UpdateSvc                 - finished merging topology delta.                            
2019-02-05 10:43:39,528 INFO  n.e.o.c.TopologySteps               - clearing adjacencies                                        
2019-02-05 10:43:39,528 INFO  n.e.o.c.TopologySteps               - clearing devices                                            
2019-02-05 10:43:39,531 INFO  n.e.o.c.TopologySteps               - deleting A:1                                                
2019-02-05 10:43:39,531 INFO  n.e.o.c.TopologySteps               - deleting A:2                                                
2019-02-05 10:43:39,531 INFO  n.e.o.c.TopologySteps               - deleting A                                                  
2019-02-05 10:43:39,533 INFO  n.e.o.c.TopologySteps               - clearing ports                                              
2019-02-05 10:43:39,533 INFO  n.e.o.c.TopologySteps               - clearing versions                                           
2019-02-05 10:43:39,542 DEBUG n.e.o.t.p.TopoPopulator             - Loaded topology from config/test/topo/two_routers.json , config/test/topo/adj_a_b_mpls.json
2019-02-05 10:43:39,544 INFO  n.e.o.t.s.TopoLibrary               -  will add port A:1                                          
2019-02-05 10:43:39,544 INFO  n.e.o.t.s.TopoLibrary               -  will add port A:2                                          
2019-02-05 10:43:39,544 INFO  n.e.o.t.s.TopoLibrary               -  will add port B:1                                          
2019-02-05 10:43:39,544 INFO  n.e.o.t.s.TopoLibrary               -  will add port B:2                                          
2019-02-05 10:43:39,549 DEBUG n.e.o.t.s.UpdateSvc                 - New version id is: 659                                      
2019-02-05 10:43:39,550 INFO  n.e.o.t.s.UpdateSvc                 - Merging version delta                                       
2019-02-05 10:43:39,560 INFO  n.e.o.t.s.UpdateSvc                 - d: inserting: A                                             
2019-02-05 10:43:39,560 INFO  n.e.o.t.s.UpdateSvc                 - d: inserting: B                                             
2019-02-05 10:43:39,560 INFO  n.e.o.t.s.UpdateSvc                 - finished merging devices                                    
2019-02-05 10:43:39,561 INFO  n.e.o.t.s.UpdateSvc                 -    inserted       : 2                                       
2019-02-05 10:43:39,561 INFO  n.e.o.t.s.UpdateSvc                 -    ver updated    : 0                                       
2019-02-05 10:43:39,561 INFO  n.e.o.t.s.UpdateSvc                 -     + unchanged      : 0                                    
2019-02-05 10:43:39,561 INFO  n.e.o.t.s.UpdateSvc                 -     + data updated   : 0                                    
2019-02-05 10:43:39,561 INFO  n.e.o.t.s.UpdateSvc                 -    invalidated    :   0                                     
2019-02-05 10:43:39,563 INFO  n.e.o.t.s.UpdateSvc                 - inserting p: A:1 to A                                       
2019-02-05 10:43:39,564 DEBUG n.e.o.t.s.UpdateSvc                 - A:1 660                                                     
2019-02-05 10:43:39,564 INFO  n.e.o.t.s.UpdateSvc                 - inserting p: A:2 to A                                       
2019-02-05 10:43:39,565 DEBUG n.e.o.t.s.UpdateSvc                 - A:1 660                                                     
2019-02-05 10:43:39,565 DEBUG n.e.o.t.s.UpdateSvc                 - A:2 660                                                     
2019-02-05 10:43:39,565 INFO  n.e.o.t.s.UpdateSvc                 - inserting p: B:1 to B                                       
2019-02-05 10:43:39,566 DEBUG n.e.o.t.s.UpdateSvc                 - B:1 661                                                     
2019-02-05 10:43:39,566 INFO  n.e.o.t.s.UpdateSvc                 - inserting p: B:2 to B                                       
2019-02-05 10:43:39,567 DEBUG n.e.o.t.s.UpdateSvc                 - B:1 661                                                     
2019-02-05 10:43:39,567 DEBUG n.e.o.t.s.UpdateSvc                 - B:2 661                                                     
2019-02-05 10:43:39,567 INFO  n.e.o.t.s.UpdateSvc                 - finished merging ports                                      
2019-02-05 10:43:39,567 INFO  n.e.o.t.s.UpdateSvc                 -    inserted     :   4                                       
2019-02-05 10:43:39,567 INFO  n.e.o.t.s.UpdateSvc                 -    ver updated  :   0                                       
2019-02-05 10:43:39,567 INFO  n.e.o.t.s.UpdateSvc                 -    data updated :   0                                       
2019-02-05 10:43:39,567 INFO  n.e.o.t.s.UpdateSvc                 -    invalidated  :   0                                       
2019-02-05 10:43:39,571 INFO  n.e.o.t.s.UpdateSvc                 - inserting pa: A:2 - B:2                                     
2019-02-05 10:43:39,572 INFO  n.e.o.t.s.UpdateSvc                 - inserting pa: B:2 - A:2                                     
2019-02-05 10:43:39,573 INFO  n.e.o.t.s.UpdateSvc                 - finished merging adjacencies                                
2019-02-05 10:43:39,573 INFO  n.e.o.t.s.UpdateSvc                 -    inserted     :   2                                       
2019-02-05 10:43:39,573 INFO  n.e.o.t.s.UpdateSvc                 -    ver updated  :   0                                       
2019-02-05 10:43:39,573 INFO  n.e.o.t.s.UpdateSvc                 -    data updated :   0                                       
2019-02-05 10:43:39,573 INFO  n.e.o.t.s.UpdateSvc                 -    invalidated  :   0                                       
2019-02-05 10:43:39,573 INFO  n.e.o.t.s.UpdateSvc                 - finished merging topology delta.                            
2019-02-05 10:43:39,594 INFO  n.e.o.c.TopologySteps               - clearing adjacencies                                        
2019-02-05 10:43:39,596 INFO  n.e.o.c.TopologySteps               - clearing devices                                            
2019-02-05 10:43:39,598 INFO  n.e.o.c.TopologySteps               - deleting A:1                                                
2019-02-05 10:43:39,598 INFO  n.e.o.c.TopologySteps               - deleting A:2                                                
2019-02-05 10:43:39,598 INFO  n.e.o.c.TopologySteps               - deleting A                                                  
2019-02-05 10:43:39,599 INFO  n.e.o.c.TopologySteps               - deleting B:1                                                
2019-02-05 10:43:39,599 INFO  n.e.o.c.TopologySteps               - deleting B:2                                                
2019-02-05 10:43:39,599 INFO  n.e.o.c.TopologySteps               - deleting B                                                  
2019-02-05 10:43:39,600 INFO  n.e.o.c.TopologySteps               - clearing ports                                              
2019-02-05 10:43:39,601 INFO  n.e.o.c.TopologySteps               - clearing versions                                           
2019-02-05 10:43:39,609 DEBUG n.e.o.t.p.TopoPopulator             - Loaded topology from config/test/topo/router_and_switch.json , config/test/topo/adj_a_b_eth.json
2019-02-05 10:43:39,611 INFO  n.e.o.t.s.TopoLibrary               -  will add port A:1                                          
2019-02-05 10:43:39,611 INFO  n.e.o.t.s.TopoLibrary               -  will add port A:2                                          
2019-02-05 10:43:39,611 INFO  n.e.o.t.s.TopoLibrary               -  will add port B:1                                          
2019-02-05 10:43:39,611 INFO  n.e.o.t.s.TopoLibrary               -  will add port B:2                                          
2019-02-05 10:43:39,613 DEBUG n.e.o.t.s.UpdateSvc                 - New version id is: 668                                      
2019-02-05 10:43:39,614 INFO  n.e.o.t.s.UpdateSvc                 - Merging version delta                                       
2019-02-05 10:43:39,638 INFO  n.e.o.t.s.UpdateSvc                 - d: inserting: A                                             
2019-02-05 10:43:39,639 INFO  n.e.o.t.s.UpdateSvc                 - d: inserting: B                                             
2019-02-05 10:43:39,639 INFO  n.e.o.t.s.UpdateSvc                 - finished merging devices                                    
2019-02-05 10:43:39,639 INFO  n.e.o.t.s.UpdateSvc                 -    inserted       : 2                                       
2019-02-05 10:43:39,639 INFO  n.e.o.t.s.UpdateSvc                 -    ver updated    : 0                                       
2019-02-05 10:43:39,639 INFO  n.e.o.t.s.UpdateSvc                 -     + unchanged      : 0                                    
2019-02-05 10:43:39,639 INFO  n.e.o.t.s.UpdateSvc                 -     + data updated   : 0                                    
2019-02-05 10:43:39,639 INFO  n.e.o.t.s.UpdateSvc                 -    invalidated    :   0                                     
2019-02-05 10:43:39,643 INFO  n.e.o.t.s.UpdateSvc                 - inserting p: A:1 to A                                       
2019-02-05 10:43:39,644 DEBUG n.e.o.t.s.UpdateSvc                 - A:1 669                                                     
2019-02-05 10:43:39,645 INFO  n.e.o.t.s.UpdateSvc                 - inserting p: A:2 to A                                       
2019-02-05 10:43:39,645 DEBUG n.e.o.t.s.UpdateSvc                 - A:1 669                                                     
2019-02-05 10:43:39,645 DEBUG n.e.o.t.s.UpdateSvc                 - A:2 669                                                     
2019-02-05 10:43:39,646 INFO  n.e.o.t.s.UpdateSvc                 - inserting p: B:1 to B                                       
2019-02-05 10:43:39,647 DEBUG n.e.o.t.s.UpdateSvc                 - B:1 670                                                     
2019-02-05 10:43:39,647 INFO  n.e.o.t.s.UpdateSvc                 - inserting p: B:2 to B                                       
2019-02-05 10:43:39,648 DEBUG n.e.o.t.s.UpdateSvc                 - B:1 670                                                     
2019-02-05 10:43:39,648 DEBUG n.e.o.t.s.UpdateSvc                 - B:2 670                                                     
2019-02-05 10:43:39,648 INFO  n.e.o.t.s.UpdateSvc                 - finished merging ports                                      
2019-02-05 10:43:39,648 INFO  n.e.o.t.s.UpdateSvc                 -    inserted     :   4                                       
2019-02-05 10:43:39,648 INFO  n.e.o.t.s.UpdateSvc                 -    ver updated  :   0                                       
2019-02-05 10:43:39,648 INFO  n.e.o.t.s.UpdateSvc                 -    data updated :   0                                       
2019-02-05 10:43:39,648 INFO  n.e.o.t.s.UpdateSvc                 -    invalidated  :   0                                       
2019-02-05 10:43:39,651 INFO  n.e.o.t.s.UpdateSvc                 - inserting pa: A:2 - B:2                                     
2019-02-05 10:43:39,652 INFO  n.e.o.t.s.UpdateSvc                 - inserting pa: B:2 - A:2                                     
2019-02-05 10:43:39,653 INFO  n.e.o.t.s.UpdateSvc                 - finished merging adjacencies                                
2019-02-05 10:43:39,653 INFO  n.e.o.t.s.UpdateSvc                 -    inserted     :   2                                       
2019-02-05 10:43:39,653 INFO  n.e.o.t.s.UpdateSvc                 -    ver updated  :   0                                       
2019-02-05 10:43:39,653 INFO  n.e.o.t.s.UpdateSvc                 -    data updated :   0                                       
2019-02-05 10:43:39,653 INFO  n.e.o.t.s.UpdateSvc                 -    invalidated  :   0                                       
2019-02-05 10:43:39,654 INFO  n.e.o.t.s.UpdateSvc                 - finished merging topology delta.                            
2019-02-05 10:43:39,692 INFO  n.e.o.c.TopologySteps               - clearing adjacencies                                        
2019-02-05 10:43:39,696 INFO  n.e.o.c.TopologySteps               - clearing devices                                            
2019-02-05 10:43:39,697 INFO  n.e.o.c.TopologySteps               - deleting A:1                                                
2019-02-05 10:43:39,697 INFO  n.e.o.c.TopologySteps               - deleting A:2                                                
2019-02-05 10:43:39,697 INFO  n.e.o.c.TopologySteps               - deleting A                                                  
2019-02-05 10:43:39,698 INFO  n.e.o.c.TopologySteps               - deleting B:1                                                
2019-02-05 10:43:39,698 INFO  n.e.o.c.TopologySteps               - deleting B:2                                                
2019-02-05 10:43:39,698 INFO  n.e.o.c.TopologySteps               - deleting B                                                  
2019-02-05 10:43:39,700 INFO  n.e.o.c.TopologySteps               - clearing ports                                              
2019-02-05 10:43:39,700 INFO  n.e.o.c.TopologySteps               - clearing versions                                           
2019-02-05 10:43:39,709 DEBUG n.e.o.t.p.TopoPopulator             - Loaded topology from config/test/topo/one.json , config/test/topo/adj_none.json
2019-02-05 10:43:39,710 INFO  n.e.o.t.s.TopoLibrary               -  will add port A:1                                          
2019-02-05 10:43:39,710 INFO  n.e.o.t.s.TopoLibrary               -  will add port A:2                                          
2019-02-05 10:43:39,719 DEBUG n.e.o.t.s.UpdateSvc                 - New version id is: 677                                      
2019-02-05 10:43:39,719 INFO  n.e.o.t.s.UpdateSvc                 - Merging version delta                                       
2019-02-05 10:43:39,737 INFO  n.e.o.t.s.UpdateSvc                 - d: inserting: A                                             
2019-02-05 10:43:39,738 INFO  n.e.o.t.s.UpdateSvc                 - finished merging devices                                    
2019-02-05 10:43:39,738 INFO  n.e.o.t.s.UpdateSvc                 -    inserted       : 1                                       
2019-02-05 10:43:39,738 INFO  n.e.o.t.s.UpdateSvc                 -    ver updated    : 0                                       
2019-02-05 10:43:39,738 INFO  n.e.o.t.s.UpdateSvc                 -     + unchanged      : 0                                    
2019-02-05 10:43:39,738 INFO  n.e.o.t.s.UpdateSvc                 -     + data updated   : 0                                    
2019-02-05 10:43:39,738 INFO  n.e.o.t.s.UpdateSvc                 -    invalidated    :   0                                     
2019-02-05 10:43:39,739 INFO  n.e.o.t.s.UpdateSvc                 - inserting p: A:1 to A                                       
2019-02-05 10:43:39,739 DEBUG n.e.o.t.s.UpdateSvc                 - A:1 678                                                     
2019-02-05 10:43:39,740 INFO  n.e.o.t.s.UpdateSvc                 - inserting p: A:2 to A                                       
2019-02-05 10:43:39,740 DEBUG n.e.o.t.s.UpdateSvc                 - A:1 678                                                     
2019-02-05 10:43:39,740 DEBUG n.e.o.t.s.UpdateSvc                 - A:2 678                                                     
2019-02-05 10:43:39,740 INFO  n.e.o.t.s.UpdateSvc                 - finished merging ports                                      
2019-02-05 10:43:39,740 INFO  n.e.o.t.s.UpdateSvc                 -    inserted     :   2                                       
2019-02-05 10:43:39,740 INFO  n.e.o.t.s.UpdateSvc                 -    ver updated  :   0                                       
2019-02-05 10:43:39,740 INFO  n.e.o.t.s.UpdateSvc                 -    data updated :   0                                       
2019-02-05 10:43:39,740 INFO  n.e.o.t.s.UpdateSvc                 -    invalidated  :   0                                       
2019-02-05 10:43:39,740 INFO  n.e.o.t.s.UpdateSvc                 - finished merging adjacencies                                
2019-02-05 10:43:39,740 INFO  n.e.o.t.s.UpdateSvc                 -    inserted     :   0                                       
2019-02-05 10:43:39,740 INFO  n.e.o.t.s.UpdateSvc                 -    ver updated  :   0                                       
2019-02-05 10:43:39,740 INFO  n.e.o.t.s.UpdateSvc                 -    data updated :   0                                       
2019-02-05 10:43:39,740 INFO  n.e.o.t.s.UpdateSvc                 -    invalidated  :   0                                       
2019-02-05 10:43:39,740 INFO  n.e.o.t.s.UpdateSvc                 - finished merging topology delta.                            
2019-02-05 10:43:39,752 DEBUG n.e.o.t.p.TopoPopulator             - Loaded topology from config/test/topo/two_routers.json , config/test/topo/adj_a_b_mpls.json
2019-02-05 10:43:39,756 INFO  n.e.o.t.s.TopoService               - found 1 devices in version 677                              
2019-02-05 10:43:39,757 INFO  n.e.o.t.s.TopoService               - found 0 adjcies in version 677                              
2019-02-05 10:43:39,802 INFO  n.e.o.c.TopologySteps               - clearing adjacencies                                        
2019-02-05 10:43:39,802 INFO  n.e.o.c.TopologySteps               - clearing devices                                            
2019-02-05 10:43:39,804 INFO  n.e.o.c.TopologySteps               - deleting A:1                                                
2019-02-05 10:43:39,804 INFO  n.e.o.c.TopologySteps               - deleting A:2                                                
2019-02-05 10:43:39,804 INFO  n.e.o.c.TopologySteps               - deleting A                                                  
2019-02-05 10:43:39,805 INFO  n.e.o.c.TopologySteps               - clearing ports                                              
2019-02-05 10:43:39,805 INFO  n.e.o.c.TopologySteps               - clearing versions                                           
2019-02-05 10:43:39,811 DEBUG n.e.o.t.p.TopoPopulator             - Loaded topology from config/test/topo/two_routers.json , config/test/topo/adj_a_b_mpls.json
2019-02-05 10:43:39,812 INFO  n.e.o.t.s.TopoLibrary               -  will add port A:1                                          
2019-02-05 10:43:39,812 INFO  n.e.o.t.s.TopoLibrary               -  will add port A:2                                          
2019-02-05 10:43:39,812 INFO  n.e.o.t.s.TopoLibrary               -  will add port B:1                                          
2019-02-05 10:43:39,812 INFO  n.e.o.t.s.TopoLibrary               -  will add port B:2                                          
2019-02-05 10:43:39,815 DEBUG n.e.o.t.s.UpdateSvc                 - New version id is: 681                                      
2019-02-05 10:43:39,815 INFO  n.e.o.t.s.UpdateSvc                 - Merging version delta                                       
2019-02-05 10:43:39,821 INFO  n.e.o.t.s.UpdateSvc                 - d: inserting: A                                             
2019-02-05 10:43:39,822 INFO  n.e.o.t.s.UpdateSvc                 - d: inserting: B                                             
2019-02-05 10:43:39,822 INFO  n.e.o.t.s.UpdateSvc                 - finished merging devices                                    
2019-02-05 10:43:39,822 INFO  n.e.o.t.s.UpdateSvc                 -    inserted       : 2                                       
2019-02-05 10:43:39,822 INFO  n.e.o.t.s.UpdateSvc                 -    ver updated    : 0                                       
2019-02-05 10:43:39,822 INFO  n.e.o.t.s.UpdateSvc                 -     + unchanged      : 0                                    
2019-02-05 10:43:39,822 INFO  n.e.o.t.s.UpdateSvc                 -     + data updated   : 0                                    
2019-02-05 10:43:39,822 INFO  n.e.o.t.s.UpdateSvc                 -    invalidated    :   0                                     
2019-02-05 10:43:39,835 INFO  n.e.o.t.s.UpdateSvc                 - inserting p: A:1 to A                                       
2019-02-05 10:43:39,836 DEBUG n.e.o.t.s.UpdateSvc                 - A:1 682                                                     
2019-02-05 10:43:39,836 INFO  n.e.o.t.s.UpdateSvc                 - inserting p: A:2 to A                                       
2019-02-05 10:43:39,837 DEBUG n.e.o.t.s.UpdateSvc                 - A:2 682                                                     
2019-02-05 10:43:39,837 DEBUG n.e.o.t.s.UpdateSvc                 - A:1 682                                                     
2019-02-05 10:43:39,837 INFO  n.e.o.t.s.UpdateSvc                 - inserting p: B:1 to B                                       
2019-02-05 10:43:39,837 DEBUG n.e.o.t.s.UpdateSvc                 - B:1 683                                                     
2019-02-05 10:43:39,838 INFO  n.e.o.t.s.UpdateSvc                 - inserting p: B:2 to B                                       
2019-02-05 10:43:39,838 DEBUG n.e.o.t.s.UpdateSvc                 - B:1 683                                                     
2019-02-05 10:43:39,838 DEBUG n.e.o.t.s.UpdateSvc                 - B:2 683                                                     
2019-02-05 10:43:39,838 INFO  n.e.o.t.s.UpdateSvc                 - finished merging ports                                      
2019-02-05 10:43:39,838 INFO  n.e.o.t.s.UpdateSvc                 -    inserted     :   4                                       
2019-02-05 10:43:39,838 INFO  n.e.o.t.s.UpdateSvc                 -    ver updated  :   0                                       
2019-02-05 10:43:39,838 INFO  n.e.o.t.s.UpdateSvc                 -    data updated :   0                                       
2019-02-05 10:43:39,838 INFO  n.e.o.t.s.UpdateSvc                 -    invalidated  :   0                                       
2019-02-05 10:43:39,841 INFO  n.e.o.t.s.UpdateSvc                 - inserting pa: A:2 - B:2                                     
2019-02-05 10:43:39,842 INFO  n.e.o.t.s.UpdateSvc                 - inserting pa: B:2 - A:2                                     
2019-02-05 10:43:39,843 INFO  n.e.o.t.s.UpdateSvc                 - finished merging adjacencies                                
2019-02-05 10:43:39,843 INFO  n.e.o.t.s.UpdateSvc                 -    inserted     :   2                                       
2019-02-05 10:43:39,843 INFO  n.e.o.t.s.UpdateSvc                 -    ver updated  :   0                                       
2019-02-05 10:43:39,843 INFO  n.e.o.t.s.UpdateSvc                 -    data updated :   0                                       
2019-02-05 10:43:39,843 INFO  n.e.o.t.s.UpdateSvc                 -    invalidated  :   0                                       
2019-02-05 10:43:39,843 INFO  n.e.o.t.s.UpdateSvc                 - finished merging topology delta.                            
2019-02-05 10:43:39,850 DEBUG n.e.o.t.p.TopoPopulator             - Loaded topology from config/test/topo/two_routers.json , config/test/topo/adj_a_b_mpls.json
2019-02-05 10:43:39,854 INFO  n.e.o.t.s.TopoService               - found 2 devices in version 681                              
2019-02-05 10:43:39,854 INFO  n.e.o.t.s.TopoService               - found 2 adjcies in version 681                              
2019-02-05 10:43:39,896 INFO  n.e.o.c.TopologySteps               - clearing adjacencies                                        
2019-02-05 10:43:39,899 INFO  n.e.o.c.TopologySteps               - clearing devices                                            
2019-02-05 10:43:39,900 INFO  n.e.o.c.TopologySteps               - deleting A:2                                                
2019-02-05 10:43:39,901 INFO  n.e.o.c.TopologySteps               - deleting A:1                                                
2019-02-05 10:43:39,901 INFO  n.e.o.c.TopologySteps               - deleting A                                                  
2019-02-05 10:43:39,901 INFO  n.e.o.c.TopologySteps               - deleting B:1                                                
2019-02-05 10:43:39,901 INFO  n.e.o.c.TopologySteps               - deleting B:2                                                
2019-02-05 10:43:39,902 INFO  n.e.o.c.TopologySteps               - deleting B                                                  
2019-02-05 10:43:39,903 INFO  n.e.o.c.TopologySteps               - clearing ports                                              
2019-02-05 10:43:39,903 INFO  n.e.o.c.TopologySteps               - clearing versions                                           
2019-02-05 10:43:39,910 DEBUG n.e.o.t.p.TopoPopulator             - Loaded topology from config/test/topo/two_routers.json , config/test/topo/adj_a_b_mpls.json
2019-02-05 10:43:39,911 INFO  n.e.o.t.s.TopoLibrary               -  will add port A:1                                          
2019-02-05 10:43:39,911 INFO  n.e.o.t.s.TopoLibrary               -  will add port A:2                                          
2019-02-05 10:43:39,911 INFO  n.e.o.t.s.TopoLibrary               -  will add port B:1                                          
2019-02-05 10:43:39,911 INFO  n.e.o.t.s.TopoLibrary               -  will add port B:2                                          
2019-02-05 10:43:39,913 DEBUG n.e.o.t.s.UpdateSvc                 - New version id is: 690                                      
2019-02-05 10:43:39,914 INFO  n.e.o.t.s.UpdateSvc                 - Merging version delta                                       
2019-02-05 10:43:39,920 INFO  n.e.o.t.s.UpdateSvc                 - d: inserting: A                                             
2019-02-05 10:43:39,920 INFO  n.e.o.t.s.UpdateSvc                 - d: inserting: B                                             
2019-02-05 10:43:39,920 INFO  n.e.o.t.s.UpdateSvc                 - finished merging devices                                    
2019-02-05 10:43:39,920 INFO  n.e.o.t.s.UpdateSvc                 -    inserted       : 2                                       
2019-02-05 10:43:39,920 INFO  n.e.o.t.s.UpdateSvc                 -    ver updated    : 0                                       
2019-02-05 10:43:39,920 INFO  n.e.o.t.s.UpdateSvc                 -     + unchanged      : 0                                    
2019-02-05 10:43:39,920 INFO  n.e.o.t.s.UpdateSvc                 -     + data updated   : 0                                    
2019-02-05 10:43:39,920 INFO  n.e.o.t.s.UpdateSvc                 -    invalidated    :   0                                     
2019-02-05 10:43:39,923 INFO  n.e.o.t.s.UpdateSvc                 - inserting p: A:1 to A                                       
2019-02-05 10:43:39,923 DEBUG n.e.o.t.s.UpdateSvc                 - A:1 691                                                     
2019-02-05 10:43:39,923 INFO  n.e.o.t.s.UpdateSvc                 - inserting p: A:2 to A                                       
2019-02-05 10:43:39,923 DEBUG n.e.o.t.s.UpdateSvc                 - A:1 691                                                     
2019-02-05 10:43:39,923 DEBUG n.e.o.t.s.UpdateSvc                 - A:2 691                                                     
2019-02-05 10:43:39,924 INFO  n.e.o.t.s.UpdateSvc                 - inserting p: B:1 to B                                       
2019-02-05 10:43:39,924 DEBUG n.e.o.t.s.UpdateSvc                 - B:1 692                                                     
2019-02-05 10:43:39,924 INFO  n.e.o.t.s.UpdateSvc                 - inserting p: B:2 to B                                       
2019-02-05 10:43:39,924 DEBUG n.e.o.t.s.UpdateSvc                 - B:2 692                                                     
2019-02-05 10:43:39,924 DEBUG n.e.o.t.s.UpdateSvc                 - B:1 692                                                     
2019-02-05 10:43:39,924 INFO  n.e.o.t.s.UpdateSvc                 - finished merging ports                                      
2019-02-05 10:43:39,924 INFO  n.e.o.t.s.UpdateSvc                 -    inserted     :   4                                       
2019-02-05 10:43:39,924 INFO  n.e.o.t.s.UpdateSvc                 -    ver updated  :   0                                       
2019-02-05 10:43:39,924 INFO  n.e.o.t.s.UpdateSvc                 -    data updated :   0                                       
2019-02-05 10:43:39,924 INFO  n.e.o.t.s.UpdateSvc                 -    invalidated  :   0                                       
2019-02-05 10:43:39,927 INFO  n.e.o.t.s.UpdateSvc                 - inserting pa: A:2 - B:2                                     
2019-02-05 10:43:39,927 INFO  n.e.o.t.s.UpdateSvc                 - inserting pa: B:2 - A:2                                     
2019-02-05 10:43:39,928 INFO  n.e.o.t.s.UpdateSvc                 - finished merging adjacencies                                
2019-02-05 10:43:39,928 INFO  n.e.o.t.s.UpdateSvc                 -    inserted     :   2                                       
2019-02-05 10:43:39,928 INFO  n.e.o.t.s.UpdateSvc                 -    ver updated  :   0                                       
2019-02-05 10:43:39,928 INFO  n.e.o.t.s.UpdateSvc                 -    data updated :   0                                       
2019-02-05 10:43:39,928 INFO  n.e.o.t.s.UpdateSvc                 -    invalidated  :   0                                       
2019-02-05 10:43:39,928 INFO  n.e.o.t.s.UpdateSvc                 - finished merging topology delta.                            
2019-02-05 10:43:39,944 DEBUG n.e.o.t.p.TopoPopulator             - Loaded topology from config/test/topo/one.json , config/test/topo/adj_none.json
2019-02-05 10:43:39,948 INFO  n.e.o.t.s.TopoService               - found 2 devices in version 690                              
2019-02-05 10:43:39,948 INFO  n.e.o.t.s.TopoService               - found 2 adjcies in version 690                              
2019-02-05 10:43:39,976 INFO  n.e.o.c.TopologySteps               - clearing adjacencies                                        
2019-02-05 10:43:39,981 INFO  n.e.o.c.TopologySteps               - clearing devices                                            
2019-02-05 10:43:39,982 INFO  n.e.o.c.TopologySteps               - deleting A:1                                                
2019-02-05 10:43:39,982 INFO  n.e.o.c.TopologySteps               - deleting A:2                                                
2019-02-05 10:43:39,983 INFO  n.e.o.c.TopologySteps               - deleting A                                                  
2019-02-05 10:43:39,983 INFO  n.e.o.c.TopologySteps               - deleting B:2                                                
2019-02-05 10:43:39,983 INFO  n.e.o.c.TopologySteps               - deleting B:1                                                
2019-02-05 10:43:39,984 INFO  n.e.o.c.TopologySteps               - deleting B                                                  
2019-02-05 10:43:39,985 INFO  n.e.o.c.TopologySteps               - clearing ports                                              
2019-02-05 10:43:39,985 INFO  n.e.o.c.TopologySteps               - clearing versions                                           
2019-02-05 10:43:39,993 DEBUG n.e.o.t.p.TopoPopulator             - Loaded topology from config/test/topo/one.json , config/test/topo/adj_none.json
2019-02-05 10:43:39,995 INFO  n.e.o.t.s.TopoLibrary               -  will add port A:1                                          
2019-02-05 10:43:39,995 INFO  n.e.o.t.s.TopoLibrary               -  will add port A:2                                          
2019-02-05 10:43:39,999 DEBUG n.e.o.t.s.UpdateSvc                 - New version id is: 699                                      
2019-02-05 10:43:40,000 INFO  n.e.o.t.s.UpdateSvc                 - Merging version delta                                       
2019-02-05 10:43:40,005 INFO  n.e.o.t.s.UpdateSvc                 - d: inserting: A                                             
2019-02-05 10:43:40,005 INFO  n.e.o.t.s.UpdateSvc                 - finished merging devices                                    
2019-02-05 10:43:40,005 INFO  n.e.o.t.s.UpdateSvc                 -    inserted       : 1                                       
2019-02-05 10:43:40,005 INFO  n.e.o.t.s.UpdateSvc                 -    ver updated    : 0                                       
2019-02-05 10:43:40,005 INFO  n.e.o.t.s.UpdateSvc                 -     + unchanged      : 0                                    
2019-02-05 10:43:40,005 INFO  n.e.o.t.s.UpdateSvc                 -     + data updated   : 0                                    
2019-02-05 10:43:40,005 INFO  n.e.o.t.s.UpdateSvc                 -    invalidated    :   0                                     
2019-02-05 10:43:40,007 INFO  n.e.o.t.s.UpdateSvc                 - inserting p: A:1 to A                                       
2019-02-05 10:43:40,007 DEBUG n.e.o.t.s.UpdateSvc                 - A:1 700                                                     
2019-02-05 10:43:40,007 INFO  n.e.o.t.s.UpdateSvc                 - inserting p: A:2 to A                                       
2019-02-05 10:43:40,007 DEBUG n.e.o.t.s.UpdateSvc                 - A:1 700                                                     
2019-02-05 10:43:40,007 DEBUG n.e.o.t.s.UpdateSvc                 - A:2 700                                                     
2019-02-05 10:43:40,007 INFO  n.e.o.t.s.UpdateSvc                 - finished merging ports                                      
2019-02-05 10:43:40,007 INFO  n.e.o.t.s.UpdateSvc                 -    inserted     :   2                                       
2019-02-05 10:43:40,007 INFO  n.e.o.t.s.UpdateSvc                 -    ver updated  :   0                                       
2019-02-05 10:43:40,007 INFO  n.e.o.t.s.UpdateSvc                 -    data updated :   0                                       
2019-02-05 10:43:40,007 INFO  n.e.o.t.s.UpdateSvc                 -    invalidated  :   0                                       
2019-02-05 10:43:40,008 INFO  n.e.o.t.s.UpdateSvc                 - finished merging adjacencies                                
2019-02-05 10:43:40,008 INFO  n.e.o.t.s.UpdateSvc                 -    inserted     :   0                                       
2019-02-05 10:43:40,008 INFO  n.e.o.t.s.UpdateSvc                 -    ver updated  :   0                                       
2019-02-05 10:43:40,008 INFO  n.e.o.t.s.UpdateSvc                 -    data updated :   0                                       
2019-02-05 10:43:40,008 INFO  n.e.o.t.s.UpdateSvc                 -    invalidated  :   0                                       
2019-02-05 10:43:40,008 INFO  n.e.o.t.s.UpdateSvc                 - finished merging topology delta.                            
2019-02-05 10:43:40,010 INFO  n.e.o.t.s.TopoService               - updating pathfinding topo to version: 699                   
2019-02-05 10:43:40,012 INFO  n.e.o.t.s.TopoService               - updated with 4 topo adjacencies                             
2019-02-05 10:52:18,767 INFO  n.e.o.c.DesignSteps                 - Starting DesignSteps on sartaj-MacBook-Pro.local with PID 48079 (started by ssbaveja in /Users/ssbaveja/Desktop/Projects/oscars-newtech/backend)
2019-02-05 10:52:18,771 DEBUG n.e.o.c.DesignSteps                 - Running with Spring Boot v1.5.15.RELEASE, Spring v4.3.18.RELEASE
2019-02-05 10:52:18,772 INFO  n.e.o.c.DesignSteps                 - The following profiles are active: test                     
2019-02-05 10:52:24,050 INFO  n.e.o.a.s.JacksonConfig             - customizing jackson                                         
2019-02-05 10:52:24,816 INFO  n.e.o.p.s.RestPssServer             - PSS server URL: https://localhost:8002                      
2019-02-05 10:52:27,461 INFO  n.e.o.c.DesignSteps                 - Started DesignSteps in 8.971 seconds (JVM running for 10.188)
2019-02-05 10:52:27,673 INFO  n.e.o.c.TopologySteps               - clearing adjacencies                                        
2019-02-05 10:52:27,712 INFO  n.e.o.c.TopologySteps               - clearing devices                                            
2019-02-05 10:52:27,719 INFO  n.e.o.c.TopologySteps               - clearing ports                                              
2019-02-05 10:52:27,723 INFO  n.e.o.c.TopologySteps               - clearing versions                                           
2019-02-05 10:52:27,884 DEBUG n.e.o.t.p.TopoPopulator             - Loaded topology from config/test/topo/two_routers.json , config/test/topo/adj_a_b_mpls.json
2019-02-05 10:52:27,897 INFO  n.e.o.t.s.TopoLibrary               -  will add port A:1                                          
2019-02-05 10:52:27,898 INFO  n.e.o.t.s.TopoLibrary               -  will add port A:2                                          
2019-02-05 10:52:27,898 INFO  n.e.o.t.s.TopoLibrary               -  will add port B:1                                          
2019-02-05 10:52:27,898 INFO  n.e.o.t.s.TopoLibrary               -  will add port B:2                                          
2019-02-05 10:52:27,998 DEBUG n.e.o.t.s.UpdateSvc                 - New version id is: 1                                        
2019-02-05 10:52:28,002 INFO  n.e.o.t.s.UpdateSvc                 - Merging version delta                                       
2019-02-05 10:52:28,075 INFO  n.e.o.t.s.UpdateSvc                 - d: inserting: A                                             
2019-02-05 10:52:28,098 INFO  n.e.o.t.s.UpdateSvc                 - d: inserting: B                                             
2019-02-05 10:52:28,099 INFO  n.e.o.t.s.UpdateSvc                 - finished merging devices                                    
2019-02-05 10:52:28,099 INFO  n.e.o.t.s.UpdateSvc                 -    inserted       : 2                                       
2019-02-05 10:52:28,099 INFO  n.e.o.t.s.UpdateSvc                 -    ver updated    : 0                                       
2019-02-05 10:52:28,099 INFO  n.e.o.t.s.UpdateSvc                 -     + unchanged      : 0                                    
2019-02-05 10:52:28,100 INFO  n.e.o.t.s.UpdateSvc                 -     + data updated   : 0                                    
2019-02-05 10:52:28,100 INFO  n.e.o.t.s.UpdateSvc                 -    invalidated    :   0                                     
2019-02-05 10:52:28,137 INFO  n.e.o.t.s.UpdateSvc                 - inserting p: A:1 to A                                       
2019-02-05 10:52:28,150 DEBUG n.e.o.t.s.UpdateSvc                 - A:1 2                                                       
2019-02-05 10:52:28,155 INFO  n.e.o.t.s.UpdateSvc                 - inserting p: A:2 to A                                       
2019-02-05 10:52:28,158 DEBUG n.e.o.t.s.UpdateSvc                 - A:1 2                                                       
2019-02-05 10:52:28,158 DEBUG n.e.o.t.s.UpdateSvc                 - A:2 2                                                       
2019-02-05 10:52:28,160 INFO  n.e.o.t.s.UpdateSvc                 - inserting p: B:1 to B                                       
2019-02-05 10:52:28,162 DEBUG n.e.o.t.s.UpdateSvc                 - B:1 3                                                       
2019-02-05 10:52:28,165 INFO  n.e.o.t.s.UpdateSvc                 - inserting p: B:2 to B                                       
2019-02-05 10:52:28,167 DEBUG n.e.o.t.s.UpdateSvc                 - B:1 3                                                       
2019-02-05 10:52:28,167 DEBUG n.e.o.t.s.UpdateSvc                 - B:2 3                                                       
2019-02-05 10:52:28,168 INFO  n.e.o.t.s.UpdateSvc                 - finished merging ports                                      
2019-02-05 10:52:28,168 INFO  n.e.o.t.s.UpdateSvc                 -    inserted     :   4                                       
2019-02-05 10:52:28,168 INFO  n.e.o.t.s.UpdateSvc                 -    ver updated  :   0                                       
2019-02-05 10:52:28,168 INFO  n.e.o.t.s.UpdateSvc                 -    data updated :   0                                       
2019-02-05 10:52:28,168 INFO  n.e.o.t.s.UpdateSvc                 -    invalidated  :   0                                       
2019-02-05 10:52:28,199 INFO  n.e.o.t.s.UpdateSvc                 - inserting pa: A:2 - B:2                                     
2019-02-05 10:52:28,209 INFO  n.e.o.t.s.UpdateSvc                 - inserting pa: B:2 - A:2                                     
2019-02-05 10:52:28,218 INFO  n.e.o.t.s.UpdateSvc                 - finished merging adjacencies                                
2019-02-05 10:52:28,219 INFO  n.e.o.t.s.UpdateSvc                 -    inserted     :   2                                       
2019-02-05 10:52:28,219 INFO  n.e.o.t.s.UpdateSvc                 -    ver updated  :   0                                       
2019-02-05 10:52:28,219 INFO  n.e.o.t.s.UpdateSvc                 -    data updated :   0                                       
2019-02-05 10:52:28,219 INFO  n.e.o.t.s.UpdateSvc                 -    invalidated  :   0                                       
2019-02-05 10:52:28,219 INFO  n.e.o.t.s.UpdateSvc                 - finished merging topology delta.                            
2019-02-05 10:52:28,245 INFO  n.e.o.t.s.TopoService               - updating pathfinding topo to version: 1                     
2019-02-05 10:52:28,314 INFO  n.e.o.t.s.TopoService               - updated with 10 topo adjacencies                            
2019-02-05 10:52:28,420 INFO  n.e.o.r.s.ResvLibrary               - evaluating a pbw: PeriodBandwidth(beginning=1970-01-01T00:01:40Z, ending=1970-01-01T00:04:10Z, bandwidth=10)
2019-02-05 10:52:28,421 INFO  n.e.o.r.s.ResvLibrary               - evaluating a pbw: PeriodBandwidth(beginning=1970-01-01T00:01:40Z, ending=1970-01-01T00:04:10Z, bandwidth=10)
2019-02-05 10:52:28,421 INFO  n.e.o.r.s.ResvLibrary               - evaluating a pbw: PeriodBandwidth(beginning=1970-01-01T00:01:40Z, ending=1970-01-01T00:04:10Z, bandwidth=10)
2019-02-05 10:52:28,422 INFO  n.e.o.r.s.ResvLibrary               - evaluating a pbw: PeriodBandwidth(beginning=1970-01-01T00:01:40Z, ending=1970-01-01T00:04:10Z, bandwidth=10)
2019-02-05 10:52:28,431 INFO  n.e.o.r.s.ResvLibrary               - evaluating a pbw: PeriodBandwidth(beginning=1970-01-01T00:01:40Z, ending=1970-01-01T00:04:10Z, bandwidth=10)
2019-02-05 10:52:28,432 INFO  n.e.o.r.s.ResvLibrary               - adding a pbw: PeriodBandwidth(beginning=1970-01-01T00:01:40Z, ending=1970-01-01T00:04:10Z, bandwidth=10)
2019-02-05 10:52:28,432 INFO  n.e.o.r.s.ResvLibrary               - evaluating a pbw: PeriodBandwidth(beginning=1970-01-01T00:01:40Z, ending=1970-01-01T00:04:10Z, bandwidth=10)
2019-02-05 10:52:28,432 INFO  n.e.o.r.s.ResvLibrary               - adding a pbw: PeriodBandwidth(beginning=1970-01-01T00:01:40Z, ending=1970-01-01T00:04:10Z, bandwidth=10)
2019-02-05 10:52:28,433 INFO  n.e.o.r.s.ResvLibrary               - evaluating a pbw: PeriodBandwidth(beginning=1970-01-01T00:01:40Z, ending=1970-01-01T00:04:10Z, bandwidth=10)
2019-02-05 10:52:28,433 INFO  n.e.o.r.s.ResvLibrary               - adding a pbw: PeriodBandwidth(beginning=1970-01-01T00:01:40Z, ending=1970-01-01T00:04:10Z, bandwidth=10)
2019-02-05 10:52:28,433 INFO  n.e.o.r.s.ResvLibrary               - evaluating a pbw: PeriodBandwidth(beginning=1970-01-01T00:01:40Z, ending=1970-01-01T00:04:10Z, bandwidth=10)
2019-02-05 10:52:28,433 INFO  n.e.o.r.s.ResvLibrary               - adding a pbw: PeriodBandwidth(beginning=1970-01-01T00:01:40Z, ending=1970-01-01T00:04:10Z, bandwidth=10)
2019-02-05 10:52:28,625 INFO  n.e.o.c.TopologySteps               - clearing adjacencies                                        
2019-02-05 10:52:28,647 INFO  n.e.o.c.TopologySteps               - clearing devices                                            
2019-02-05 10:52:28,653 INFO  n.e.o.c.TopologySteps               - deleting A:1                                                
2019-02-05 10:52:28,655 INFO  n.e.o.c.TopologySteps               - deleting A:2                                                
2019-02-05 10:52:28,656 INFO  n.e.o.c.TopologySteps               - deleting A                                                  
2019-02-05 10:52:28,660 INFO  n.e.o.c.TopologySteps               - deleting B:1                                                
2019-02-05 10:52:28,660 INFO  n.e.o.c.TopologySteps               - deleting B:2                                                
2019-02-05 10:52:28,661 INFO  n.e.o.c.TopologySteps               - deleting B                                                  
2019-02-05 10:52:28,667 INFO  n.e.o.c.TopologySteps               - clearing ports                                              
2019-02-05 10:52:28,668 INFO  n.e.o.c.TopologySteps               - clearing versions                                           
2019-02-05 10:52:28,683 DEBUG n.e.o.t.p.TopoPopulator             - Loaded topology from config/test/topo/two_routers.json , config/test/topo/adj_a_b_mpls.json
2019-02-05 10:52:28,686 INFO  n.e.o.t.s.TopoLibrary               -  will add port A:1                                          
2019-02-05 10:52:28,687 INFO  n.e.o.t.s.TopoLibrary               -  will add port A:2                                          
2019-02-05 10:52:28,688 INFO  n.e.o.t.s.TopoLibrary               -  will add port B:1                                          
2019-02-05 10:52:28,688 INFO  n.e.o.t.s.TopoLibrary               -  will add port B:2                                          
2019-02-05 10:52:28,691 DEBUG n.e.o.t.s.UpdateSvc                 - New version id is: 10                                       
2019-02-05 10:52:28,693 INFO  n.e.o.t.s.UpdateSvc                 - Merging version delta                                       
2019-02-05 10:52:28,716 INFO  n.e.o.t.s.UpdateSvc                 - d: inserting: A                                             
2019-02-05 10:52:28,718 INFO  n.e.o.t.s.UpdateSvc                 - d: inserting: B                                             
2019-02-05 10:52:28,719 INFO  n.e.o.t.s.UpdateSvc                 - finished merging devices                                    
2019-02-05 10:52:28,719 INFO  n.e.o.t.s.UpdateSvc                 -    inserted       : 2                                       
2019-02-05 10:52:28,719 INFO  n.e.o.t.s.UpdateSvc                 -    ver updated    : 0                                       
2019-02-05 10:52:28,719 INFO  n.e.o.t.s.UpdateSvc                 -     + unchanged      : 0                                    
2019-02-05 10:52:28,719 INFO  n.e.o.t.s.UpdateSvc                 -     + data updated   : 0                                    
2019-02-05 10:52:28,719 INFO  n.e.o.t.s.UpdateSvc                 -    invalidated    :   0                                     
2019-02-05 10:52:28,730 INFO  n.e.o.t.s.UpdateSvc                 - inserting p: A:1 to A                                       
2019-02-05 10:52:28,732 DEBUG n.e.o.t.s.UpdateSvc                 - A:1 11                                                      
2019-02-05 10:52:28,734 INFO  n.e.o.t.s.UpdateSvc                 - inserting p: A:2 to A                                       
2019-02-05 10:52:28,736 DEBUG n.e.o.t.s.UpdateSvc                 - A:2 11                                                      
2019-02-05 10:52:28,736 DEBUG n.e.o.t.s.UpdateSvc                 - A:1 11                                                      
2019-02-05 10:52:28,738 INFO  n.e.o.t.s.UpdateSvc                 - inserting p: B:1 to B                                       
2019-02-05 10:52:28,740 DEBUG n.e.o.t.s.UpdateSvc                 - B:1 12                                                      
2019-02-05 10:52:28,742 INFO  n.e.o.t.s.UpdateSvc                 - inserting p: B:2 to B                                       
2019-02-05 10:52:28,744 DEBUG n.e.o.t.s.UpdateSvc                 - B:2 12                                                      
2019-02-05 10:52:28,744 DEBUG n.e.o.t.s.UpdateSvc                 - B:1 12                                                      
2019-02-05 10:52:28,744 INFO  n.e.o.t.s.UpdateSvc                 - finished merging ports                                      
2019-02-05 10:52:28,744 INFO  n.e.o.t.s.UpdateSvc                 -    inserted     :   4                                       
2019-02-05 10:52:28,744 INFO  n.e.o.t.s.UpdateSvc                 -    ver updated  :   0                                       
2019-02-05 10:52:28,744 INFO  n.e.o.t.s.UpdateSvc                 -    data updated :   0                                       
2019-02-05 10:52:28,744 INFO  n.e.o.t.s.UpdateSvc                 -    invalidated  :   0                                       
2019-02-05 10:52:28,755 INFO  n.e.o.t.s.UpdateSvc                 - inserting pa: A:2 - B:2                                     
2019-02-05 10:52:28,760 INFO  n.e.o.t.s.UpdateSvc                 - inserting pa: B:2 - A:2                                     
2019-02-05 10:52:28,765 INFO  n.e.o.t.s.UpdateSvc                 - finished merging adjacencies                                
2019-02-05 10:52:28,766 INFO  n.e.o.t.s.UpdateSvc                 -    inserted     :   2                                       
2019-02-05 10:52:28,766 INFO  n.e.o.t.s.UpdateSvc                 -    ver updated  :   0                                       
2019-02-05 10:52:28,766 INFO  n.e.o.t.s.UpdateSvc                 -    data updated :   0                                       
2019-02-05 10:52:28,766 INFO  n.e.o.t.s.UpdateSvc                 -    invalidated  :   0                                       
2019-02-05 10:52:28,766 INFO  n.e.o.t.s.UpdateSvc                 - finished merging topology delta.                            
2019-02-05 10:52:28,775 INFO  n.e.o.t.s.TopoService               - updating pathfinding topo to version: 10                    
2019-02-05 10:52:28,789 INFO  n.e.o.t.s.TopoService               - updated with 10 topo adjacencies                            
2019-02-05 10:52:28,845 INFO  n.e.o.p.DijkstraPCE                 - shortest path cost: 3.0                                     
2019-02-05 10:52:28,848 INFO  n.e.o.p.DijkstraPCE                 - shortest path cost: 3.0                                     
2019-02-05 10:52:28,851 INFO  n.e.o.p.AllPathsPCE                 - long path; using long path max-length (13)                  
2019-02-05 10:52:28,854 INFO  n.e.o.p.AllPathsPCE                 - 1 distinct paths found between A and B found in time PT0.001S
2019-02-05 10:52:28,861 INFO  n.e.o.p.AllPathsPCE                 - widest paths found in time PT0.007S                         
2019-02-05 10:52:29,195 INFO  n.e.o.c.TopologySteps               - clearing adjacencies                                        
2019-02-05 10:52:29,203 INFO  n.e.o.c.TopologySteps               - clearing devices                                            
2019-02-05 10:52:29,206 INFO  n.e.o.c.TopologySteps               - deleting A:2                                                
2019-02-05 10:52:29,207 INFO  n.e.o.c.TopologySteps               - deleting A:1                                                
2019-02-05 10:52:29,207 INFO  n.e.o.c.TopologySteps               - deleting A                                                  
2019-02-05 10:52:29,210 INFO  n.e.o.c.TopologySteps               - deleting B:2                                                
2019-02-05 10:52:29,210 INFO  n.e.o.c.TopologySteps               - deleting B:1                                                
2019-02-05 10:52:29,211 INFO  n.e.o.c.TopologySteps               - deleting B                                                  
2019-02-05 10:52:29,217 INFO  n.e.o.c.TopologySteps               - clearing ports                                              
2019-02-05 10:52:29,218 INFO  n.e.o.c.TopologySteps               - clearing versions                                           
2019-02-05 10:52:29,282 DEBUG n.e.o.t.p.TopoPopulator             - Loaded topology from config/topo/esnet-devices.json , config/topo/esnet-adjcies.json
2019-02-05 10:52:29,289 INFO  n.e.o.t.s.TopoLibrary               -  will add port slac-mr2:xe-1/1/0                            
2019-02-05 10:52:29,289 INFO  n.e.o.t.s.TopoLibrary               -  will add port chic-cr5:BLANK                               
2019-02-05 10:52:29,289 INFO  n.e.o.t.s.TopoLibrary               -  will add port bost-cr5:10/2/3                              
2019-02-05 10:52:29,289 INFO  n.e.o.t.s.TopoLibrary               -  will add port lbl-mr2:xe-1/1/0                             
2019-02-05 10:52:29,289 INFO  n.e.o.t.s.TopoLibrary               -  will add port newy-cr5:9/1/4                               
2019-02-05 10:52:29,289 INFO  n.e.o.t.s.TopoLibrary               -  will add port cern-513-cr5:1/1/1                           
2019-02-05 10:52:29,290 INFO  n.e.o.t.s.TopoLibrary               -  will add port newy-cr5:9/1/1                               
2019-02-05 10:52:29,290 INFO  n.e.o.t.s.TopoLibrary               -  will add port bois-cr1:xe-7/3/0                            
2019-02-05 10:52:29,290 INFO  n.e.o.t.s.TopoLibrary               -  will add port aofa-cr5:10/1/2                              
2019-02-05 10:52:29,290 INFO  n.e.o.t.s.TopoLibrary               -  will add port amst-cr5:10/2/5                              
2019-02-05 10:52:29,290 INFO  n.e.o.t.s.TopoLibrary               -  will add port aofa-cr5:10/1/1                              
2019-02-05 10:52:29,290 INFO  n.e.o.t.s.TopoLibrary               -  will add port aofa-cr5:10/1/9                              
2019-02-05 10:52:29,290 INFO  n.e.o.t.s.TopoLibrary               -  will add port aofa-cr5:10/1/8                              
2019-02-05 10:52:29,290 INFO  n.e.o.t.s.TopoLibrary               -  will add port eqx-chi-cr5:10/1/2                           
2019-02-05 10:52:29,290 INFO  n.e.o.t.s.TopoLibrary               -  will add port lsvn-cr1:ge-1/0/1                            
2019-02-05 10:52:29,290 INFO  n.e.o.t.s.TopoLibrary               -  will add port eqx-chi-cr5:10/1/3                           
2019-02-05 10:52:29,290 INFO  n.e.o.t.s.TopoLibrary               -  will add port lsvn-cr1:ge-1/0/0                            
2019-02-05 10:52:29,290 INFO  n.e.o.t.s.TopoLibrary               -  will add port eqx-chi-cr5:10/1/1                           
2019-02-05 10:52:29,290 INFO  n.e.o.t.s.TopoLibrary               -  will add port lbl-mr2:xe-8/1/0                             
2019-02-05 10:52:29,291 INFO  n.e.o.t.s.TopoLibrary               -  will add port cern-773-cr5:10/1/2                          
2019-02-05 10:52:29,291 INFO  n.e.o.t.s.TopoLibrary               -  will add port nersc-mr2:xe-2/2/0                           
2019-02-05 10:52:29,291 INFO  n.e.o.t.s.TopoLibrary               -  will add port cern-773-cr5:10/1/1                          
2019-02-05 10:52:29,291 INFO  n.e.o.t.s.TopoLibrary               -  will add port cern-773-cr5:10/1/3                          
2019-02-05 10:52:29,291 INFO  n.e.o.t.s.TopoLibrary               -  will add port chic-cr5:6/1/1                               
2019-02-05 10:52:29,291 INFO  n.e.o.t.s.TopoLibrary               -  will add port star-cr5:3/1/1                               
2019-02-05 10:52:29,291 INFO  n.e.o.t.s.TopoLibrary               -  will add port lsvn-cr1:xe-2/1/0                            
2019-02-05 10:52:29,291 INFO  n.e.o.t.s.TopoLibrary               -  will add port sunn-cr5:7/1/1                               
2019-02-05 10:52:29,291 INFO  n.e.o.t.s.TopoLibrary               -  will add port bost-cr5:10/1/2                              
2019-02-05 10:52:29,291 INFO  n.e.o.t.s.TopoLibrary               -  will add port eqx-chi-cr5:BLANK                            
2019-02-05 10:52:29,291 INFO  n.e.o.t.s.TopoLibrary               -  will add port lbl-mr2:xe-8/3/0                             
2019-02-05 10:52:29,291 INFO  n.e.o.t.s.TopoLibrary               -  will add port bost-cr5:10/1/6                              
2019-02-05 10:52:29,291 INFO  n.e.o.t.s.TopoLibrary               -  will add port bost-cr5:10/1/5                              
2019-02-05 10:52:29,291 INFO  n.e.o.t.s.TopoLibrary               -  will add port slac-mr2:xe-0/2/0                            
2019-02-05 10:52:29,292 INFO  n.e.o.t.s.TopoLibrary               -  will add port albq-cr5:10/1/2                              
2019-02-05 10:52:29,292 INFO  n.e.o.t.s.TopoLibrary               -  will add port aofa-cr5:5/1/1                               
2019-02-05 10:52:29,292 INFO  n.e.o.t.s.TopoLibrary               -  will add port nash-cr5:10/1/4                              
2019-02-05 10:52:29,292 INFO  n.e.o.t.s.TopoLibrary               -  will add port albq-cr5:10/1/5                              
2019-02-05 10:52:29,292 INFO  n.e.o.t.s.TopoLibrary               -  will add port ga-rt2:ge-1/0/3                              
2019-02-05 10:52:29,292 INFO  n.e.o.t.s.TopoLibrary               -  will add port nash-cr5:10/1/3                              
2019-02-05 10:52:29,292 INFO  n.e.o.t.s.TopoLibrary               -  will add port albq-cr5:10/1/3                              
2019-02-05 10:52:29,292 INFO  n.e.o.t.s.TopoLibrary               -  will add port ga-rt2:ge-1/0/5                              
2019-02-05 10:52:29,292 INFO  n.e.o.t.s.TopoLibrary               -  will add port albq-cr5:10/1/4                              
2019-02-05 10:52:29,292 INFO  n.e.o.t.s.TopoLibrary               -  will add port amst-cr5:10/1/1                              
2019-02-05 10:52:29,292 INFO  n.e.o.t.s.TopoLibrary               -  will add port cern-513-cr5:1/2/1                           
2019-02-05 10:52:29,292 INFO  n.e.o.t.s.TopoLibrary               -  will add port amst-cr5:10/1/2                              
2019-02-05 10:52:29,292 INFO  n.e.o.t.s.TopoLibrary               -  will add port pnwg-cr5:BLANK                               
2019-02-05 10:52:29,292 INFO  n.e.o.t.s.TopoLibrary               -  will add port ornl-rt4:xe-2/3/0                            
2019-02-05 10:52:29,292 INFO  n.e.o.t.s.TopoLibrary               -  will add port newy-cr5:2/1/1                               
2019-02-05 10:52:29,292 INFO  n.e.o.t.s.TopoLibrary               -  will add port wash-cr5:10/1/3                              
2019-02-05 10:52:29,292 INFO  n.e.o.t.s.TopoLibrary               -  will add port lsvn-cr1:ge-1/1/0                            
2019-02-05 10:52:29,292 INFO  n.e.o.t.s.TopoLibrary               -  will add port newy-cr5:10/1/9                              
2019-02-05 10:52:29,293 INFO  n.e.o.t.s.TopoLibrary               -  will add port wash-cr5:10/1/4                              
2019-02-05 10:52:29,293 INFO  n.e.o.t.s.TopoLibrary               -  will add port nash-cr5:10/1/6                              
2019-02-05 10:52:29,293 INFO  n.e.o.t.s.TopoLibrary               -  will add port wash-cr5:10/1/5                              
2019-02-05 10:52:29,293 INFO  n.e.o.t.s.TopoLibrary               -  will add port nash-cr5:10/1/5                              
2019-02-05 10:52:29,293 INFO  n.e.o.t.s.TopoLibrary               -  will add port sacr-cr5:3/1/1                               
2019-02-05 10:52:29,293 INFO  n.e.o.t.s.TopoLibrary               -  will add port wash-cr5:10/1/9                              
2019-02-05 10:52:29,293 INFO  n.e.o.t.s.TopoLibrary               -  will add port lsvn-cr1:ge-1/1/1                            
2019-02-05 10:52:29,293 INFO  n.e.o.t.s.TopoLibrary               -  will add port atla-cr5:1/1/1                               
2019-02-05 10:52:29,293 INFO  n.e.o.t.s.TopoLibrary               -  will add port lsvn-cr1:ge-1/1/5                            
2019-02-05 10:52:29,293 INFO  n.e.o.t.s.TopoLibrary               -  will add port newy-cr5:10/1/2                              
2019-02-05 10:52:29,293 INFO  n.e.o.t.s.TopoLibrary               -  will add port newy-cr5:10/1/3                              
2019-02-05 10:52:29,293 INFO  n.e.o.t.s.TopoLibrary               -  will add port lsvn-cr1:xe-2/2/0                            
2019-02-05 10:52:29,293 INFO  n.e.o.t.s.TopoLibrary               -  will add port star-cr5:3/2/1                               
2019-02-05 10:52:29,293 INFO  n.e.o.t.s.TopoLibrary               -  will add port bois-cr1:xe-1/2/0                            
2019-02-05 10:52:29,294 INFO  n.e.o.t.s.TopoLibrary               -  will add port sunn-cr5:10/1/2                              
2019-02-05 10:52:29,294 INFO  n.e.o.t.s.TopoLibrary               -  will add port sunn-cr5:10/1/1                              
2019-02-05 10:52:29,294 INFO  n.e.o.t.s.TopoLibrary               -  will add port sunn-cr5:10/1/6                              
2019-02-05 10:52:29,294 INFO  n.e.o.t.s.TopoLibrary               -  will add port lond-cr5:5/1/1                               
2019-02-05 10:52:29,294 INFO  n.e.o.t.s.TopoLibrary               -  will add port sunn-cr5:10/1/5                              
2019-02-05 10:52:29,294 INFO  n.e.o.t.s.TopoLibrary               -  will add port sunn-cr5:10/1/4                              
2019-02-05 10:52:29,294 INFO  n.e.o.t.s.TopoLibrary               -  will add port sunn-cr5:10/1/3                              
2019-02-05 10:52:29,294 INFO  n.e.o.t.s.TopoLibrary               -  will add port anl-mr2:xe-2/3/0                             
2019-02-05 10:52:29,294 INFO  n.e.o.t.s.TopoLibrary               -  will add port netl-alb-rt1:xe-2/0/0                        
2019-02-05 10:52:29,294 INFO  n.e.o.t.s.TopoLibrary               -  will add port slac-mr2:xe-0/1/0                            
2019-02-05 10:52:29,294 INFO  n.e.o.t.s.TopoLibrary               -  will add port ga-rt2:ge-1/1/3                              
2019-02-05 10:52:29,294 INFO  n.e.o.t.s.TopoLibrary               -  will add port netl-alb-rt1:xe-2/0/3                        
2019-02-05 10:52:29,294 INFO  n.e.o.t.s.TopoLibrary               -  will add port netl-alb-rt1:xe-2/0/2                        
2019-02-05 10:52:29,294 INFO  n.e.o.t.s.TopoLibrary               -  will add port netl-alb-rt1:xe-2/0/1                        
2019-02-05 10:52:29,294 INFO  n.e.o.t.s.TopoLibrary               -  will add port bois-cr1:xe-7/1/0                            
2019-02-05 10:52:29,295 INFO  n.e.o.t.s.TopoLibrary               -  will add port srs-rt3:ge-0/1/0                             
2019-02-05 10:52:29,295 INFO  n.e.o.t.s.TopoLibrary               -  will add port albq-cr5:3/1/1                               
2019-02-05 10:52:29,295 INFO  n.e.o.t.s.TopoLibrary               -  will add port aofa-cr5:6/2/1                               
2019-02-05 10:52:29,295 INFO  n.e.o.t.s.TopoLibrary               -  will add port wash-cr5:10/1/10                             
2019-02-05 10:52:29,295 INFO  n.e.o.t.s.TopoLibrary               -  will add port chic-cr5:7/1/1                               
2019-02-05 10:52:29,295 INFO  n.e.o.t.s.TopoLibrary               -  will add port lbl-mr2:xe-0/1/0                             
2019-02-05 10:52:29,295 INFO  n.e.o.t.s.TopoLibrary               -  will add port sunn-cr5:8/1/1                               
2019-02-05 10:52:29,295 INFO  n.e.o.t.s.TopoLibrary               -  will add port denv-cr5:4/1/1                               
2019-02-05 10:52:29,295 INFO  n.e.o.t.s.TopoLibrary               -  will add port fnal-mr2:xe-1/3/0                            
2019-02-05 10:52:29,295 INFO  n.e.o.t.s.TopoLibrary               -  will add port sunn-cr5:10/2/1                              
2019-02-05 10:52:29,295 INFO  n.e.o.t.s.TopoLibrary               -  will add port sunn-cr5:10/2/5                              
2019-02-05 10:52:29,295 INFO  n.e.o.t.s.TopoLibrary               -  will add port sunn-cr5:10/2/4                              
2019-02-05 10:52:29,295 INFO  n.e.o.t.s.TopoLibrary               -  will add port sunn-cr5:10/2/3                              
2019-02-05 10:52:29,295 INFO  n.e.o.t.s.TopoLibrary               -  will add port sunn-cr5:10/2/2                              
2019-02-05 10:52:29,295 INFO  n.e.o.t.s.TopoLibrary               -  will add port llnl-mr2:xe-3/2/0                            
2019-02-05 10:52:29,295 INFO  n.e.o.t.s.TopoLibrary               -  will add port sunn-cr5:10/2/6                              
2019-02-05 10:52:29,295 INFO  n.e.o.t.s.TopoLibrary               -  will add port hous-cr5:1/1/1                               
2019-02-05 10:52:29,295 INFO  n.e.o.t.s.TopoLibrary               -  will add port slac-mr2:xe-0/0/0                            
2019-02-05 10:52:29,296 INFO  n.e.o.t.s.TopoLibrary               -  will add port srs-rt3:ge-0/0/0                             
2019-02-05 10:52:29,296 INFO  n.e.o.t.s.TopoLibrary               -  will add port lbl-mr2:xe-0/2/0                             
2019-02-05 10:52:29,296 INFO  n.e.o.t.s.TopoLibrary               -  will add port llnl-mr2:ge-3/0/1                            
2019-02-05 10:52:29,296 INFO  n.e.o.t.s.TopoLibrary               -  will add port llnl-mr2:ge-3/0/0                            
2019-02-05 10:52:29,296 INFO  n.e.o.t.s.TopoLibrary               -  will add port nersc-mr2:xe-1/3/0                           
2019-02-05 10:52:29,296 INFO  n.e.o.t.s.TopoLibrary               -  will add port denv-cr5:4/2/1                               
2019-02-05 10:52:29,296 INFO  n.e.o.t.s.TopoLibrary               -  will add port ameslab-rt3:xe-1/3/0                         
2019-02-05 10:52:29,296 INFO  n.e.o.t.s.TopoLibrary               -  will add port wash-cr5:1/1/1                               
2019-02-05 10:52:29,296 INFO  n.e.o.t.s.TopoLibrary               -  will add port newy-cr5:3/1/1                               
2019-02-05 10:52:29,296 INFO  n.e.o.t.s.TopoLibrary               -  will add port chic-cr5:6/2/1                               
2019-02-05 10:52:29,296 INFO  n.e.o.t.s.TopoLibrary               -  will add port sunn-cr5:7/2/1                               
2019-02-05 10:52:29,296 INFO  n.e.o.t.s.TopoLibrary               -  will add port lbl-mr2:xe-7/0/0                             
2019-02-05 10:52:29,296 INFO  n.e.o.t.s.TopoLibrary               -  will add port nersc-mr2:xe-7/3/0                           
2019-02-05 10:52:29,296 INFO  n.e.o.t.s.TopoLibrary               -  will add port hous-cr5:10/1/3                              
2019-02-05 10:52:29,296 INFO  n.e.o.t.s.TopoLibrary               -  will add port hous-cr5:10/1/4                              
2019-02-05 10:52:29,296 INFO  n.e.o.t.s.TopoLibrary               -  will add port ornl-rt4:xe-1/2/0                            
2019-02-05 10:52:29,296 INFO  n.e.o.t.s.TopoLibrary               -  will add port kans-cr5:1/1/1                               
2019-02-05 10:52:29,296 INFO  n.e.o.t.s.TopoLibrary               -  will add port sacr-cr5:10/2/5                              
2019-02-05 10:52:29,296 INFO  n.e.o.t.s.TopoLibrary               -  will add port denv-cr5:10/1/6                              
2019-02-05 10:52:29,297 INFO  n.e.o.t.s.TopoLibrary               -  will add port sacr-cr5:4/1/1                               
2019-02-05 10:52:29,297 INFO  n.e.o.t.s.TopoLibrary               -  will add port sacr-cr5:10/2/6                              
2019-02-05 10:52:29,297 INFO  n.e.o.t.s.TopoLibrary               -  will add port denv-cr5:10/1/7                              
2019-02-05 10:52:29,297 INFO  n.e.o.t.s.TopoLibrary               -  will add port llnl-mr2:xe-2/1/0                            
2019-02-05 10:52:29,297 INFO  n.e.o.t.s.TopoLibrary               -  will add port star-cr5:5/1/1                               
2019-02-05 10:52:29,297 INFO  n.e.o.t.s.TopoLibrary               -  will add port sunn-cr5:5/2/1                               
2019-02-05 10:52:29,297 INFO  n.e.o.t.s.TopoLibrary               -  will add port sacr-cr5:10/2/1                              
2019-02-05 10:52:29,297 INFO  n.e.o.t.s.TopoLibrary               -  will add port sacr-cr5:10/2/2                              
2019-02-05 10:52:29,297 INFO  n.e.o.t.s.TopoLibrary               -  will add port sacr-cr5:10/2/3                              
2019-02-05 10:52:29,297 INFO  n.e.o.t.s.TopoLibrary               -  will add port sacr-cr5:10/2/4                              
2019-02-05 10:52:29,297 INFO  n.e.o.t.s.TopoLibrary               -  will add port ornl-rt4:ge-0/0/1                            
2019-02-05 10:52:29,298 INFO  n.e.o.t.s.TopoLibrary               -  will add port eqx-ash-cr5:1/2/1                            
2019-02-05 10:52:29,298 INFO  n.e.o.t.s.TopoLibrary               -  will add port nersc-mr2:xe-0/2/0                           
2019-02-05 10:52:29,298 INFO  n.e.o.t.s.TopoLibrary               -  will add port eqx-ash-cr5:10/1/6                           
2019-02-05 10:52:29,298 INFO  n.e.o.t.s.TopoLibrary               -  will add port albq-cr5:2/1/1                               
2019-02-05 10:52:29,298 INFO  n.e.o.t.s.TopoLibrary               -  will add port eqx-ash-cr5:10/1/5                           
2019-02-05 10:52:29,298 INFO  n.e.o.t.s.TopoLibrary               -  will add port eqx-ash-cr5:10/1/2                           
2019-02-05 10:52:29,298 INFO  n.e.o.t.s.TopoLibrary               -  will add port llnl-mr2:xe-1/3/0                            
2019-02-05 10:52:29,298 INFO  n.e.o.t.s.TopoLibrary               -  will add port atla-cr5:10/1/8                              
2019-02-05 10:52:29,298 INFO  n.e.o.t.s.TopoLibrary               -  will add port eqx-ash-cr5:10/1/1                           
2019-02-05 10:52:29,298 INFO  n.e.o.t.s.TopoLibrary               -  will add port wash-cr5:6/1/1                               
2019-02-05 10:52:29,298 INFO  n.e.o.t.s.TopoLibrary               -  will add port eqx-sj-cr5:1/2/1                             
2019-02-05 10:52:29,298 INFO  n.e.o.t.s.TopoLibrary               -  will add port bost-cr5:2/1/1                               
2019-02-05 10:52:29,298 INFO  n.e.o.t.s.TopoLibrary               -  will add port chic-cr5:1/1/1                               
2019-02-05 10:52:29,299 INFO  n.e.o.t.s.TopoLibrary               -  will add port atla-cr5:10/1/2                              
2019-02-05 10:52:29,299 INFO  n.e.o.t.s.TopoLibrary               -  will add port atla-cr5:3/1/1                               
2019-02-05 10:52:29,299 INFO  n.e.o.t.s.TopoLibrary               -  will add port atla-cr5:10/1/3                              
2019-02-05 10:52:29,299 INFO  n.e.o.t.s.TopoLibrary               -  will add port sacr-cr5:10/1/1                              
2019-02-05 10:52:29,299 INFO  n.e.o.t.s.TopoLibrary               -  will add port newy-cr5:4/1/1                               
2019-02-05 10:52:29,299 INFO  n.e.o.t.s.TopoLibrary               -  will add port sacr-cr5:10/1/6                              
2019-02-05 10:52:29,299 INFO  n.e.o.t.s.TopoLibrary               -  will add port llnl-mr2:xe-2/2/0                            
2019-02-05 10:52:29,299 INFO  n.e.o.t.s.TopoLibrary               -  will add port chic-cr5:8/1/1                               
2019-02-05 10:52:29,299 INFO  n.e.o.t.s.TopoLibrary               -  will add port sacr-cr5:10/1/2                              
2019-02-05 10:52:29,299 INFO  n.e.o.t.s.TopoLibrary               -  will add port sacr-cr5:10/1/4                              
2019-02-05 10:52:29,299 INFO  n.e.o.t.s.TopoLibrary               -  will add port cern-773-cr5:BLANK                           
2019-02-05 10:52:29,299 INFO  n.e.o.t.s.TopoLibrary               -  will add port forr-rt2:ge-0/0/5                            
2019-02-05 10:52:29,299 INFO  n.e.o.t.s.TopoLibrary               -  will add port forr-rt2:ge-0/0/4                            
2019-02-05 10:52:29,299 INFO  n.e.o.t.s.TopoLibrary               -  will add port eqx-ash-cr5:1/1/1                            
2019-02-05 10:52:29,299 INFO  n.e.o.t.s.TopoLibrary               -  will add port forr-rt2:ge-0/0/2                            
2019-02-05 10:52:29,299 INFO  n.e.o.t.s.TopoLibrary               -  will add port forr-rt2:ge-0/0/1                            
2019-02-05 10:52:29,299 INFO  n.e.o.t.s.TopoLibrary               -  will add port forr-rt2:ge-0/0/0                            
2019-02-05 10:52:29,300 INFO  n.e.o.t.s.TopoLibrary               -  will add port chic-cr5:7/2/1                               
2019-02-05 10:52:29,300 INFO  n.e.o.t.s.TopoLibrary               -  will add port nersc-mr2:xe-1/1/0                           
2019-02-05 10:52:29,300 INFO  n.e.o.t.s.TopoLibrary               -  will add port amst-cr5:5/1/1                               
2019-02-05 10:52:29,300 INFO  n.e.o.t.s.TopoLibrary               -  will add port bois-cr1:xe-0/0/0                            
2019-02-05 10:52:29,300 INFO  n.e.o.t.s.TopoLibrary               -  will add port sacr-cr5:1/1/1                               
2019-02-05 10:52:29,300 INFO  n.e.o.t.s.TopoLibrary               -  will add port ameslab-rt3:xe-1/1/0                         
2019-02-05 10:52:29,300 INFO  n.e.o.t.s.TopoLibrary               -  will add port pnwg-cr5:3/1/1                               
2019-02-05 10:52:29,300 INFO  n.e.o.t.s.TopoLibrary               -  will add port lbl-mr2:xe-7/2/0                             
2019-02-05 10:52:29,300 INFO  n.e.o.t.s.TopoLibrary               -  will add port aofa-cr5:4/2/1                               
2019-02-05 10:52:29,300 INFO  n.e.o.t.s.TopoLibrary               -  will add port cern-513-cr5:2/1/1                           
2019-02-05 10:52:29,300 INFO  n.e.o.t.s.TopoLibrary               -  will add port ameslab-rt3:xe-0/2/0                         
2019-02-05 10:52:29,300 INFO  n.e.o.t.s.TopoLibrary               -  will add port star-cr5:4/1/1                               
2019-02-05 10:52:29,300 INFO  n.e.o.t.s.TopoLibrary               -  will add port lsvn-cr1:xe-1/2/0                            
2019-02-05 10:52:29,300 INFO  n.e.o.t.s.TopoLibrary               -  will add port newy-cr5:4/2/1                               
2019-02-05 10:52:29,300 INFO  n.e.o.t.s.TopoLibrary               -  will add port albq-cr5:1/1/1                               
2019-02-05 10:52:29,300 INFO  n.e.o.t.s.TopoLibrary               -  will add port pnwg-cr5:1/1/1                               
2019-02-05 10:52:29,300 INFO  n.e.o.t.s.TopoLibrary               -  will add port kans-cr5:10/1/4                              
2019-02-05 10:52:29,301 INFO  n.e.o.t.s.TopoLibrary               -  will add port elpa-cr5:10/1/5                              
2019-02-05 10:52:29,301 INFO  n.e.o.t.s.TopoLibrary               -  will add port kans-cr5:10/1/3                              
2019-02-05 10:52:29,301 INFO  n.e.o.t.s.TopoLibrary               -  will add port pnwg-cr5:2/2/1                               
2019-02-05 10:52:29,301 INFO  n.e.o.t.s.TopoLibrary               -  will add port bois-cr1:xe-0/1/0                            
2019-02-05 10:52:29,301 INFO  n.e.o.t.s.TopoLibrary               -  will add port eqx-ash-cr5:BLANK                            
2019-02-05 10:52:29,301 INFO  n.e.o.t.s.TopoLibrary               -  will add port bost-cr5:1/1/1                               
2019-02-05 10:52:29,301 INFO  n.e.o.t.s.TopoLibrary               -  will add port elpa-cr5:10/1/4                              
2019-02-05 10:52:29,301 INFO  n.e.o.t.s.TopoLibrary               -  will add port eqx-sj-cr5:BLANK                             
2019-02-05 10:52:29,301 INFO  n.e.o.t.s.TopoLibrary               -  will add port elpa-cr5:10/1/3                              
2019-02-05 10:52:29,301 INFO  n.e.o.t.s.TopoLibrary               -  will add port ameslab-rt3:xe-1/0/0                         
2019-02-05 10:52:29,301 INFO  n.e.o.t.s.TopoLibrary               -  will add port aofa-cr5:4/1/1                               
2019-02-05 10:52:29,301 INFO  n.e.o.t.s.TopoLibrary               -  will add port anl-mr2:ae0                                  
2019-02-05 10:52:29,301 INFO  n.e.o.t.s.TopoLibrary               -  will add port aofa-cr5:3/1/1                               
2019-02-05 10:52:29,301 INFO  n.e.o.t.s.TopoLibrary               -  will add port star-cr5:4/2/1                               
2019-02-05 10:52:29,301 INFO  n.e.o.t.s.TopoLibrary               -  will add port osti-rt2:ae0                                 
2019-02-05 10:52:29,301 INFO  n.e.o.t.s.TopoLibrary               -  will add port ameslab-rt3:xe-0/1/0                         
2019-02-05 10:52:29,301 INFO  n.e.o.t.s.TopoLibrary               -  will add port llnl-mr2:xe-2/0/0                            
2019-02-05 10:52:29,302 INFO  n.e.o.t.s.TopoLibrary               -  will add port cern-513-cr5:BLANK                           
2019-02-05 10:52:29,302 INFO  n.e.o.t.s.TopoLibrary               -  will add port atla-cr5:2/1/1                               
2019-02-05 10:52:29,302 INFO  n.e.o.t.s.TopoLibrary               -  will add port sunn-cr5:5/1/1                               
2019-02-05 10:52:29,302 INFO  n.e.o.t.s.TopoLibrary               -  will add port sacr-cr5:2/1/1                               
2019-02-05 10:52:29,302 INFO  n.e.o.t.s.TopoLibrary               -  will add port denv-cr5:10/1/3                              
2019-02-05 10:52:29,302 INFO  n.e.o.t.s.TopoLibrary               -  will add port denv-cr5:10/1/4                              
2019-02-05 10:52:29,302 INFO  n.e.o.t.s.TopoLibrary               -  will add port denv-cr5:10/1/5                              
2019-02-05 10:52:29,302 INFO  n.e.o.t.s.TopoLibrary               -  will add port eqx-ash-cr5:10/2/5                           
2019-02-05 10:52:29,302 INFO  n.e.o.t.s.TopoLibrary               -  will add port eqx-ash-cr5:10/2/6                           
2019-02-05 10:52:29,302 INFO  n.e.o.t.s.TopoLibrary               -  will add port bois-cr1:xe-0/2/0                            
2019-02-05 10:52:29,302 INFO  n.e.o.t.s.TopoLibrary               -  will add port pnwg-cr5:2/1/1                               
2019-02-05 10:52:29,302 INFO  n.e.o.t.s.TopoLibrary               -  will add port eqx-ash-cr5:10/2/2                           
2019-02-05 10:52:29,302 INFO  n.e.o.t.s.TopoLibrary               -  will add port eqx-ash-cr5:2/1/1                            
2019-02-05 10:52:29,302 INFO  n.e.o.t.s.TopoLibrary               -  will add port ornl-cr5:10/1/1                              
2019-02-05 10:52:29,302 INFO  n.e.o.t.s.TopoLibrary               -  will add port llnldc-rt4:ge-1/0/0                          
2019-02-05 10:52:29,302 INFO  n.e.o.t.s.TopoLibrary               -  will add port ornl-cr5:10/1/2                              
2019-02-05 10:52:29,303 INFO  n.e.o.t.s.TopoLibrary               -  will add port bois-cr1:xe-1/0/0                            
2019-02-05 10:52:29,303 INFO  n.e.o.t.s.TopoLibrary               -  will add port ornl-cr5:10/1/3                              
2019-02-05 10:52:29,303 INFO  n.e.o.t.s.TopoLibrary               -  will add port lsvn-cr1:xe-2/0/0                            
2019-02-05 10:52:29,303 INFO  n.e.o.t.s.TopoLibrary               -  will add port aofa-cr5:9/1/5                               
2019-02-05 10:52:29,303 INFO  n.e.o.t.s.TopoLibrary               -  will add port pnwg-cr5:9/1/2                               
2019-02-05 10:52:29,303 INFO  n.e.o.t.s.TopoLibrary               -  will add port wash-cr5:4/2/1                               
2019-02-05 10:52:29,303 INFO  n.e.o.t.s.TopoLibrary               -  will add port ameslab-rt3:xe-0/0/0                         
2019-02-05 10:52:29,303 INFO  n.e.o.t.s.TopoLibrary               -  will add port snll-mr2:xe-2/2/0                            
2019-02-05 10:52:29,303 INFO  n.e.o.t.s.TopoLibrary               -  will add port aofa-cr5:9/1/1                               
2019-02-05 10:52:29,303 INFO  n.e.o.t.s.TopoLibrary               -  will add port anl-mr2:xe-0/1/0                             
2019-02-05 10:52:29,303 INFO  n.e.o.t.s.TopoLibrary               -  will add port chic-cr5:10/1/3                              
2019-02-05 10:52:29,303 INFO  n.e.o.t.s.TopoLibrary               -  will add port doe-gtn-rt2:ge-0/0/0                         
2019-02-05 10:52:29,303 INFO  n.e.o.t.s.TopoLibrary               -  will add port ornl-cr5:6/1/1                               
2019-02-05 10:52:29,303 INFO  n.e.o.t.s.TopoLibrary               -  will add port chic-cr5:10/1/1                              
2019-02-05 10:52:29,303 INFO  n.e.o.t.s.TopoLibrary               -  will add port doe-gtn-rt2:ge-0/0/3                         
2019-02-05 10:52:29,303 INFO  n.e.o.t.s.TopoLibrary               -  will add port chic-cr5:10/1/7                              
2019-02-05 10:52:29,303 INFO  n.e.o.t.s.TopoLibrary               -  will add port pantex-rt4:ge-0/1/0                          
2019-02-05 10:52:29,304 INFO  n.e.o.t.s.TopoLibrary               -  will add port chic-cr5:10/1/5                              
2019-02-05 10:52:29,304 INFO  n.e.o.t.s.TopoLibrary               -  will add port chic-cr5:10/1/4                              
2019-02-05 10:52:29,304 INFO  n.e.o.t.s.TopoLibrary               -  will add port llnl-mr2:xe-0/1/0                            
2019-02-05 10:52:29,304 INFO  n.e.o.t.s.TopoLibrary               -  will add port cern-773-cr5:1/1/1                           
2019-02-05 10:52:29,304 INFO  n.e.o.t.s.TopoLibrary               -  will add port cern-513-cr5:5/1/1                           
2019-02-05 10:52:29,304 INFO  n.e.o.t.s.TopoLibrary               -  will add port nash-cr5:1/2/1                               
2019-02-05 10:52:29,304 INFO  n.e.o.t.s.TopoLibrary               -  will add port lond-cr5:2/2/1                               
2019-02-05 10:52:29,304 INFO  n.e.o.t.s.TopoLibrary               -  will add port snla-rt3:ge-1/0/2                            
2019-02-05 10:52:29,304 INFO  n.e.o.t.s.TopoLibrary               -  will add port hous-cr5:3/1/1                               
2019-02-05 10:52:29,304 INFO  n.e.o.t.s.TopoLibrary               -  will add port pantex-rt4:ge-0/0/2                          
2019-02-05 10:52:29,304 INFO  n.e.o.t.s.TopoLibrary               -  will add port wash-cr5:4/1/1                               
2019-02-05 10:52:29,304 INFO  n.e.o.t.s.TopoLibrary               -  will add port fnal-mr2:xe-0/0/0                            
2019-02-05 10:52:29,304 INFO  n.e.o.t.s.TopoLibrary               -  will add port snll-mr2:xe-2/3/0                            
2019-02-05 10:52:29,304 INFO  n.e.o.t.s.TopoLibrary               -  will add port doe-gtn-rt2:ge-0/1/3                         
2019-02-05 10:52:29,304 INFO  n.e.o.t.s.TopoLibrary               -  will add port doe-gtn-rt2:ge-0/1/0                         
2019-02-05 10:52:29,304 INFO  n.e.o.t.s.TopoLibrary               -  will add port jgi-mr2:xe-1/3/0                             
2019-02-05 10:52:29,304 INFO  n.e.o.t.s.TopoLibrary               -  will add port elpa-cr5:1/1/1                               
2019-02-05 10:52:29,304 INFO  n.e.o.t.s.TopoLibrary               -  will add port aofa-cr5:2/1/1                               
2019-02-05 10:52:29,304 INFO  n.e.o.t.s.TopoLibrary               -  will add port pantex-rt4:ge-0/0/0                          
2019-02-05 10:52:29,304 INFO  n.e.o.t.s.TopoLibrary               -  will add port pantex-rt4:ge-0/0/1                          
2019-02-05 10:52:29,305 INFO  n.e.o.t.s.TopoLibrary               -  will add port sunn-cr5:4/1/1                               
2019-02-05 10:52:29,305 INFO  n.e.o.t.s.TopoLibrary               -  will add port denv-cr5:10/1/12                             
2019-02-05 10:52:29,305 INFO  n.e.o.t.s.TopoLibrary               -  will add port nash-cr5:1/1/1                               
2019-02-05 10:52:29,305 INFO  n.e.o.t.s.TopoLibrary               -  will add port denv-cr5:10/1/11                             
2019-02-05 10:52:29,305 INFO  n.e.o.t.s.TopoLibrary               -  will add port lond-cr5:2/1/1                               
2019-02-05 10:52:29,305 INFO  n.e.o.t.s.TopoLibrary               -  will add port denv-cr5:10/1/10                             
2019-02-05 10:52:29,305 INFO  n.e.o.t.s.TopoLibrary               -  will add port cern-513-cr5:4/1/1                           
2019-02-05 10:52:29,305 INFO  n.e.o.t.s.TopoLibrary               -  will add port chic-cr5:3/1/1                               
2019-02-05 10:52:29,305 INFO  n.e.o.t.s.TopoLibrary               -  will add port llnl-mr2:xe-1/0/0                            
2019-02-05 10:52:29,305 INFO  n.e.o.t.s.TopoLibrary               -  will add port eqx-sj-cr5:10/1/4                            
2019-02-05 10:52:29,305 INFO  n.e.o.t.s.TopoLibrary               -  will add port eqx-sj-cr5:10/1/2                            
2019-02-05 10:52:29,305 INFO  n.e.o.t.s.TopoLibrary               -  will add port eqx-sj-cr5:10/1/1                            
2019-02-05 10:52:29,305 INFO  n.e.o.t.s.TopoLibrary               -  will add port denv-cr5:1/1/1                               
2019-02-05 10:52:29,305 INFO  n.e.o.t.s.TopoLibrary               -  will add port kans-cr5:2/1/1                               
2019-02-05 10:52:29,305 INFO  n.e.o.t.s.TopoLibrary               -  will add port llnl-mr2:xe-0/2/0                            
2019-02-05 10:52:29,305 INFO  n.e.o.t.s.TopoLibrary               -  will add port ornl-cr5:7/1/1                               
2019-02-05 10:52:29,305 INFO  n.e.o.t.s.TopoLibrary               -  will add port ornl-rt4:xe-0/2/0                            
2019-02-05 10:52:29,306 INFO  n.e.o.t.s.TopoLibrary               -  will add port wash-cr5:5/2/1                               
2019-02-05 10:52:29,306 INFO  n.e.o.t.s.TopoLibrary               -  will add port amst-cr5:3/1/1                               
2019-02-05 10:52:29,306 INFO  n.e.o.t.s.TopoLibrary               -  will add port sacr-cr5:5/1/1                               
2019-02-05 10:52:29,306 INFO  n.e.o.t.s.TopoLibrary               -  will add port snll-mr2:xe-2/0/0                            
2019-02-05 10:52:29,306 INFO  n.e.o.t.s.TopoLibrary               -  will add port cern-773-cr5:2/1/1                           
2019-02-05 10:52:29,306 INFO  n.e.o.t.s.TopoLibrary               -  will add port lond-cr5:10/1/4                              
2019-02-05 10:52:29,306 INFO  n.e.o.t.s.TopoLibrary               -  will add port lond-cr5:1/2/1                               
2019-02-05 10:52:29,306 INFO  n.e.o.t.s.TopoLibrary               -  will add port lond-cr5:10/1/2                              
2019-02-05 10:52:29,306 INFO  n.e.o.t.s.TopoLibrary               -  will add port star-cr5:BLANK                               
2019-02-05 10:52:29,306 INFO  n.e.o.t.s.TopoLibrary               -  will add port lond-cr5:10/1/1                              
2019-02-05 10:52:29,306 INFO  n.e.o.t.s.TopoLibrary               -  will add port star-cr5:6/1/1                               
2019-02-05 10:52:29,306 INFO  n.e.o.t.s.TopoLibrary               -  will add port star-cr5:10/1/1                              
2019-02-05 10:52:29,306 INFO  n.e.o.t.s.TopoLibrary               -  will add port nash-cr5:2/1/1                               
2019-02-05 10:52:29,306 INFO  n.e.o.t.s.TopoLibrary               -  will add port snll-mr2:xe-1/2/0                            
2019-02-05 10:52:29,306 INFO  n.e.o.t.s.TopoLibrary               -  will add port star-cr5:10/1/7                              
2019-02-05 10:52:29,306 INFO  n.e.o.t.s.TopoLibrary               -  will add port star-cr5:10/1/8                              
2019-02-05 10:52:29,306 INFO  n.e.o.t.s.TopoLibrary               -  will add port ornl-rt4:xe-1/0/0                            
2019-02-05 10:52:29,306 INFO  n.e.o.t.s.TopoLibrary               -  will add port eqx-sj-cr5:10/2/4                            
2019-02-05 10:52:29,306 INFO  n.e.o.t.s.TopoLibrary               -  will add port eqx-sj-cr5:10/2/2                            
2019-02-05 10:52:29,306 INFO  n.e.o.t.s.TopoLibrary               -  will add port atla-cr5:4/1/1                               
2019-02-05 10:52:29,307 INFO  n.e.o.t.s.TopoLibrary               -  will add port sunn-cr5:2/2/1                               
2019-02-05 10:52:29,307 INFO  n.e.o.t.s.TopoLibrary               -  will add port pnwg-cr5:10/1/10                             
2019-02-05 10:52:29,307 INFO  n.e.o.t.s.TopoLibrary               -  will add port wash-cr5:5/1/1                               
2019-02-05 10:52:29,307 INFO  n.e.o.t.s.TopoLibrary               -  will add port anl-mr2:xe-0/0/0                             
2019-02-05 10:52:29,307 INFO  n.e.o.t.s.TopoLibrary               -  will add port lbl-mr2:ae0                                  
2019-02-05 10:52:29,307 INFO  n.e.o.t.s.TopoLibrary               -  will add port lond-cr5:1/1/1                               
2019-02-05 10:52:29,307 INFO  n.e.o.t.s.TopoLibrary               -  will add port star-cr5:6/2/1                               
2019-02-05 10:52:29,307 INFO  n.e.o.t.s.TopoLibrary               -  will add port bost-cr5:3/1/1                               
2019-02-05 10:52:29,307 INFO  n.e.o.t.s.TopoLibrary               -  will add port snll-mr2:xe-1/3/0                            
2019-02-05 10:52:29,307 INFO  n.e.o.t.s.TopoLibrary               -  will add port netl-pgh-rt1:xe-2/0/0                        
2019-02-05 10:52:29,307 INFO  n.e.o.t.s.TopoLibrary               -  will add port llnl-mr2:xe-0/0/0                            
2019-02-05 10:52:29,307 INFO  n.e.o.t.s.TopoLibrary               -  will add port netl-pgh-rt1:xe-2/0/2                        
2019-02-05 10:52:29,307 INFO  n.e.o.t.s.TopoLibrary               -  will add port netl-pgh-rt1:xe-2/0/1                        
2019-02-05 10:52:29,307 INFO  n.e.o.t.s.TopoLibrary               -  will add port netl-pgh-rt1:xe-2/0/3                        
2019-02-05 10:52:29,307 INFO  n.e.o.t.s.TopoLibrary               -  will add port aofa-cr5:1/1/1                               
2019-02-05 10:52:29,307 INFO  n.e.o.t.s.TopoLibrary               -  will add port snla-rt3:xe-1/2/0                            
2019-02-05 10:52:29,307 INFO  n.e.o.t.s.TopoLibrary               -  will add port kans-cr5:3/1/1                               
2019-02-05 10:52:29,307 INFO  n.e.o.t.s.TopoLibrary               -  will add port llnl-mr2:ae0                                 
2019-02-05 10:52:29,307 INFO  n.e.o.t.s.TopoLibrary               -  will add port denv-cr5:9/1/3                               
2019-02-05 10:52:29,307 INFO  n.e.o.t.s.TopoLibrary               -  will add port denv-cr5:9/1/1                               
2019-02-05 10:52:29,307 INFO  n.e.o.t.s.TopoLibrary               -  will add port osti-rt2:xe-1/2/0                            
2019-02-05 10:52:29,307 INFO  n.e.o.t.s.TopoLibrary               -  will add port chic-cr5:2/1/1                               
2019-02-05 10:52:29,307 INFO  n.e.o.t.s.TopoLibrary               -  will add port lbl-mr2:xe-2/3/0                             
2019-02-05 10:52:29,308 INFO  n.e.o.t.s.TopoLibrary               -  will add port amst-cr5:2/1/1                               
2019-02-05 10:52:29,308 INFO  n.e.o.t.s.TopoLibrary               -  will add port sunn-cr5:2/1/1                               
2019-02-05 10:52:29,308 INFO  n.e.o.t.s.TopoLibrary               -  will add port nash-cr5:3/1/1                               
2019-02-05 10:52:29,308 INFO  n.e.o.t.s.TopoLibrary               -  will add port pppl-rt5:xe-1/3/0                            
2019-02-05 10:52:29,308 INFO  n.e.o.t.s.TopoLibrary               -  will add port snll-mr2:xe-0/2/0                            
2019-02-05 10:52:29,308 INFO  n.e.o.t.s.TopoLibrary               -  will add port lbl-mr2:ge-9/0/4                             
2019-02-05 10:52:29,308 INFO  n.e.o.t.s.TopoLibrary               -  will add port anl-mr2:xe-1/3/0                             
2019-02-05 10:52:29,308 INFO  n.e.o.t.s.TopoLibrary               -  will add port denv-cr5:3/1/1                               
2019-02-05 10:52:29,308 INFO  n.e.o.t.s.TopoLibrary               -  will add port star-cr5:1/2/1                               
2019-02-05 10:52:29,308 INFO  n.e.o.t.s.TopoLibrary               -  will add port chic-cr5:4/1/1                               
2019-02-05 10:52:29,308 INFO  n.e.o.t.s.TopoLibrary               -  will add port srs-rt3:ge-1/0/0                             
2019-02-05 10:52:29,308 INFO  n.e.o.t.s.TopoLibrary               -  will add port sunn-cr5:9/1/2                               
2019-02-05 10:52:29,308 INFO  n.e.o.t.s.TopoLibrary               -  will add port sunn-cr5:9/1/1                               
2019-02-05 10:52:29,308 INFO  n.e.o.t.s.TopoLibrary               -  will add port fnal-mr2:xe-8/1/0                            
2019-02-05 10:52:29,308 INFO  n.e.o.t.s.TopoLibrary               -  will add port aofa-cr5:7/2/1                               
2019-02-05 10:52:29,308 INFO  n.e.o.t.s.TopoLibrary               -  will add port ga-rt2:xe-0/0/0                              
2019-02-05 10:52:29,308 INFO  n.e.o.t.s.TopoLibrary               -  will add port fnal-mr2:xe-1/1/0                            
2019-02-05 10:52:29,308 INFO  n.e.o.t.s.TopoLibrary               -  will add port elpa-cr5:3/1/1                               
2019-02-05 10:52:29,308 INFO  n.e.o.t.s.TopoLibrary               -  will add port netl-mgn-rt1:xe-2/0/0                        
2019-02-05 10:52:29,308 INFO  n.e.o.t.s.TopoLibrary               -  will add port netl-mgn-rt1:xe-2/0/1                        
2019-02-05 10:52:29,308 INFO  n.e.o.t.s.TopoLibrary               -  will add port pppl-rt5:xe-1/2/0                            
2019-02-05 10:52:29,309 INFO  n.e.o.t.s.TopoLibrary               -  will add port hous-cr5:2/1/1                               
2019-02-05 10:52:29,309 INFO  n.e.o.t.s.TopoLibrary               -  will add port netl-mgn-rt1:xe-2/0/2                        
2019-02-05 10:52:29,309 INFO  n.e.o.t.s.TopoLibrary               -  will add port netl-mgn-rt1:xe-2/0/3                        
2019-02-05 10:52:29,309 INFO  n.e.o.t.s.TopoLibrary               -  will add port lbl-mr2:ge-9/1/2                             
2019-02-05 10:52:29,309 INFO  n.e.o.t.s.TopoLibrary               -  will add port kans-cr5:4/1/1                               
2019-02-05 10:52:29,309 INFO  n.e.o.t.s.TopoLibrary               -  will add port bois-cr1:xe-7/0/0                            
2019-02-05 10:52:29,309 INFO  n.e.o.t.s.TopoLibrary               -  will add port star-cr5:10/1/10                             
2019-02-05 10:52:29,309 INFO  n.e.o.t.s.TopoLibrary               -  will add port lbl-mr2:ge-9/1/0                             
2019-02-05 10:52:29,309 INFO  n.e.o.t.s.TopoLibrary               -  will add port snll-mr2:xe-1/1/0                            
2019-02-05 10:52:29,309 INFO  n.e.o.t.s.TopoLibrary               -  will add port sunn-cr5:9/1/5                               
2019-02-05 10:52:29,309 INFO  n.e.o.t.s.TopoLibrary               -  will add port lbl-mr2:ge-9/1/8                             
2019-02-05 10:52:29,309 INFO  n.e.o.t.s.TopoLibrary               -  will add port sunn-cr5:9/1/3                               
2019-02-05 10:52:29,309 INFO  n.e.o.t.s.TopoLibrary               -  will add port star-cr5:1/1/1                               
2019-02-05 10:52:29,309 INFO  n.e.o.t.s.TopoLibrary               -  will add port jgi-mr2:xe-2/2/0                             
2019-02-05 10:52:29,309 INFO  n.e.o.t.s.TopoLibrary               -  will add port srs-rt3:ge-1/1/0                             
2019-02-05 10:52:29,309 INFO  n.e.o.t.s.TopoLibrary               -  will add port wash-cr5:2/1/1                               
2019-02-05 10:52:29,309 INFO  n.e.o.t.s.TopoLibrary               -  will add port star-cr5:8/1/4                               
2019-02-05 10:52:29,309 INFO  n.e.o.t.s.TopoLibrary               -  will add port star-cr5:8/1/6                               
2019-02-05 10:52:29,309 INFO  n.e.o.t.s.TopoLibrary               -  will add port sunn-cr5:8/2/1                               
2019-02-05 10:52:29,309 INFO  n.e.o.t.s.TopoLibrary               -  will add port star-cr5:8/1/2                               
2019-02-05 10:52:29,309 INFO  n.e.o.t.s.TopoLibrary               -  will add port chic-cr5:5/1/1                               
2019-02-05 10:52:29,309 INFO  n.e.o.t.s.TopoLibrary               -  will add port lbl-mr2:xe-2/1/0                             
2019-02-05 10:52:29,309 INFO  n.e.o.t.s.TopoLibrary               -  will add port pppl-rt5:ge-0/0/2                            
2019-02-05 10:52:29,309 INFO  n.e.o.t.s.TopoLibrary               -  will add port orau-rt4:ge-0/1/0                            
2019-02-05 10:52:29,310 INFO  n.e.o.t.s.TopoLibrary               -  will add port orau-rt4:ge-0/1/1                            
2019-02-05 10:52:29,310 INFO  n.e.o.t.s.TopoLibrary               -  will add port orau-rt4:ge-0/1/2                            
2019-02-05 10:52:29,310 INFO  n.e.o.t.s.TopoLibrary               -  will add port eqx-chi-cr5:1/1/1                            
2019-02-05 10:52:29,310 INFO  n.e.o.t.s.TopoLibrary               -  will add port orau-rt4:ge-0/1/3                            
2019-02-05 10:52:29,310 INFO  n.e.o.t.s.TopoLibrary               -  will add port orau-rt4:ge-0/1/4                            
2019-02-05 10:52:29,310 INFO  n.e.o.t.s.TopoLibrary               -  will add port slac-mr2:xe-1/3/0                            
2019-02-05 10:52:29,310 INFO  n.e.o.t.s.TopoLibrary               -  will add port jgi-mr2:xe-0/2/0                             
2019-02-05 10:52:29,310 INFO  n.e.o.t.s.TopoLibrary               -  will add port pppl-rt5:xe-1/1/0                            
2019-02-05 10:52:29,310 INFO  n.e.o.t.s.TopoLibrary               -  will add port lbl-mr2:xe-1/3/0                             
2019-02-05 10:52:29,310 INFO  n.e.o.t.s.TopoLibrary               -  will add port ornl-cr5:9/1/4                               
2019-02-05 10:52:29,310 INFO  n.e.o.t.s.TopoLibrary               -  will add port sunn-cr5:1/1/1                               
2019-02-05 10:52:29,310 INFO  n.e.o.t.s.TopoLibrary               -  will add port fnal-mr2:xe-8/3/0                            
2019-02-05 10:52:29,310 INFO  n.e.o.t.s.TopoLibrary               -  will add port ga-rt2:xe-0/2/0                              
2019-02-05 10:52:29,310 INFO  n.e.o.t.s.TopoLibrary               -  will add port elpa-cr5:2/1/1                               
2019-02-05 10:52:29,310 INFO  n.e.o.t.s.TopoLibrary               -  will add port chic-cr5:3/2/1                               
2019-02-05 10:52:29,310 INFO  n.e.o.t.s.TopoLibrary               -  will add port srs-rt3:ge-1/2/0                             
2019-02-05 10:52:29,310 INFO  n.e.o.t.s.TopoLibrary               -  will add port hous-cr5:4/1/1                               
2019-02-05 10:52:29,310 INFO  n.e.o.t.s.TopoLibrary               -  will add port amst-cr5:1/1/1                               
2019-02-05 10:52:29,310 INFO  n.e.o.t.s.TopoLibrary               -  will add port nash-cr5:4/1/1                               
2019-02-05 10:52:29,310 INFO  n.e.o.t.s.TopoLibrary               -  will add port pnwg-cr5:10/1/9                              
2019-02-05 10:52:29,310 INFO  n.e.o.t.s.TopoLibrary               -  will add port lbl-mr2:xe-2/2/0                             
2019-02-05 10:52:29,310 INFO  n.e.o.t.s.TopoLibrary               -  will add port pnwg-cr5:10/1/6                              
2019-02-05 10:52:29,310 INFO  n.e.o.t.s.TopoLibrary               -  will add port nash-cr5:4/2/1                               
2019-02-05 10:52:29,311 INFO  n.e.o.t.s.TopoLibrary               -  will add port pnwg-cr5:10/1/5                              
2019-02-05 10:52:29,311 INFO  n.e.o.t.s.TopoLibrary               -  will add port pnwg-cr5:10/1/4                              
2019-02-05 10:52:29,311 INFO  n.e.o.t.s.TopoLibrary               -  will add port slac-mr2:xe-1/2/0                            
2019-02-05 10:52:29,311 INFO  n.e.o.t.s.TopoLibrary               -  will add port pnwg-cr5:10/1/3                              
2019-02-05 10:52:29,311 INFO  n.e.o.t.s.TopoLibrary               -  will add port pnwg-cr5:10/1/2                              
2019-02-05 10:52:29,311 INFO  n.e.o.t.s.TopoLibrary               -  will add port fnal-mr2:xe-0/2/0                            
2019-02-05 10:52:29,311 INFO  n.e.o.t.s.TopoLibrary               -  will add port pppl-rt5:xe-1/0/0                            
2019-02-05 10:52:29,311 INFO  n.e.o.t.s.TopoLibrary               -  will add port eqx-chi-cr5:1/2/1                            
2019-02-05 10:52:29,311 INFO  n.e.o.t.s.TopoLibrary               -  will add port cern-513-cr5:10/1/2                          
2019-02-05 10:52:29,311 INFO  n.e.o.t.s.TopoLibrary               -  will add port cern-513-cr5:10/1/3                          
2019-02-05 10:52:29,311 INFO  n.e.o.t.s.TopoLibrary               -  will add port snll-mr2:xe-0/1/0                            
2019-02-05 10:52:29,312 INFO  n.e.o.t.s.TopoLibrary               -  will add port jgi-mr2:xe-1/1/0                             
2019-02-05 10:52:29,312 INFO  n.e.o.t.s.TopoLibrary               -  will add port wash-cr5:3/1/1                               
2019-02-05 10:52:29,322 INFO  n.e.o.t.s.TopoLibrary               -  will add port star-cr5:9/1/4                               
2019-02-05 10:52:29,322 INFO  n.e.o.t.s.TopoLibrary               -  will add port ga-rt2:xe-0/3/0                              
2019-02-05 10:52:29,322 INFO  n.e.o.t.s.TopoLibrary               -  will add port denv-cr5:2/1/1                               
2019-02-05 10:52:29,322 INFO  n.e.o.t.s.TopoLibrary               -  will add port srs-rt3:ge-1/3/0                             
2019-02-05 10:52:29,322 INFO  n.e.o.t.s.TopoLibrary               -  will add port amst-cr5:1/2/1                               
2019-02-05 10:52:29,322 INFO  n.e.o.t.s.TopoLibrary               -  will add port lond-cr5:3/1/1                               
2019-02-05 10:52:29,322 INFO  n.e.o.t.s.TopoLibrary               -  will add port eqx-chi-cr5:2/1/1                            
2019-02-05 10:52:29,322 INFO  n.e.o.t.s.TopoLibrary               -  will add port snla-rt3:xe-0/0/0                            
2019-02-05 10:52:29,322 INFO  n.e.o.t.s.TopoLibrary               -  will add port pppl-rt5:xe-0/2/0                            
2019-02-05 10:52:29,328 DEBUG n.e.o.t.s.UpdateSvc                 - New version id is: 28                                       
2019-02-05 10:52:29,330 INFO  n.e.o.t.s.UpdateSvc                 - Merging version delta                                       
2019-02-05 10:52:29,417 INFO  n.e.o.t.s.UpdateSvc                 - d: inserting: nersc-mr2                                     
2019-02-05 10:52:29,418 INFO  n.e.o.t.s.UpdateSvc                 - d: inserting: pppl-rt5                                      
2019-02-05 10:52:29,418 INFO  n.e.o.t.s.UpdateSvc                 - d: inserting: srs-rt3                                       
2019-02-05 10:52:29,419 INFO  n.e.o.t.s.UpdateSvc                 - d: inserting: orau-rt4                                      
2019-02-05 10:52:29,420 INFO  n.e.o.t.s.UpdateSvc                 - d: inserting: doe-gtn-rt2                                   
2019-02-05 10:52:29,420 INFO  n.e.o.t.s.UpdateSvc                 - d: inserting: cern-513-cr5                                  
2019-02-05 10:52:29,421 INFO  n.e.o.t.s.UpdateSvc                 - d: inserting: eqx-sj-cr5                                    
2019-02-05 10:52:29,421 INFO  n.e.o.t.s.UpdateSvc                 - d: inserting: wash-cr5                                      
2019-02-05 10:52:29,421 INFO  n.e.o.t.s.UpdateSvc                 - d: inserting: ga-rt2                                        
2019-02-05 10:52:29,422 INFO  n.e.o.t.s.UpdateSvc                 - d: inserting: kans-cr5                                      
2019-02-05 10:52:29,422 INFO  n.e.o.t.s.UpdateSvc                 - d: inserting: bois-cr1                                      
2019-02-05 10:52:29,423 INFO  n.e.o.t.s.UpdateSvc                 - d: inserting: snll-mr2                                      
2019-02-05 10:52:29,423 INFO  n.e.o.t.s.UpdateSvc                 - d: inserting: atla-cr5                                      
2019-02-05 10:52:29,434 INFO  n.e.o.t.s.UpdateSvc                 - d: inserting: ornl-rt4                                      
2019-02-05 10:52:29,435 INFO  n.e.o.t.s.UpdateSvc                 - d: inserting: netl-mgn-rt1                                  
2019-02-05 10:52:29,435 INFO  n.e.o.t.s.UpdateSvc                 - d: inserting: cern-773-cr5                                  
2019-02-05 10:52:29,436 INFO  n.e.o.t.s.UpdateSvc                 - d: inserting: nash-cr5                                      
2019-02-05 10:52:29,437 INFO  n.e.o.t.s.UpdateSvc                 - d: inserting: elpa-cr5                                      
2019-02-05 10:52:29,437 INFO  n.e.o.t.s.UpdateSvc                 - d: inserting: sacr-cr5                                      
2019-02-05 10:52:29,438 INFO  n.e.o.t.s.UpdateSvc                 - d: inserting: snla-rt3                                      
2019-02-05 10:52:29,438 INFO  n.e.o.t.s.UpdateSvc                 - d: inserting: lsvn-cr1                                      
2019-02-05 10:52:29,439 INFO  n.e.o.t.s.UpdateSvc                 - d: inserting: sunn-cr5                                      
2019-02-05 10:52:29,439 INFO  n.e.o.t.s.UpdateSvc                 - d: inserting: netl-pgh-rt1                                  
2019-02-05 10:52:29,440 INFO  n.e.o.t.s.UpdateSvc                 - d: inserting: llnl-mr2                                      
2019-02-05 10:52:29,440 INFO  n.e.o.t.s.UpdateSvc                 - d: inserting: anl-mr2                                       
2019-02-05 10:52:29,441 INFO  n.e.o.t.s.UpdateSvc                 - d: inserting: llnldc-rt4                                    
2019-02-05 10:52:29,441 INFO  n.e.o.t.s.UpdateSvc                 - d: inserting: chic-cr5                                      
2019-02-05 10:52:29,442 INFO  n.e.o.t.s.UpdateSvc                 - d: inserting: slac-mr2                                      
2019-02-05 10:52:29,442 INFO  n.e.o.t.s.UpdateSvc                 - d: inserting: lond-cr5                                      
2019-02-05 10:52:29,443 INFO  n.e.o.t.s.UpdateSvc                 - d: inserting: eqx-chi-cr5                                   
2019-02-05 10:52:29,443 INFO  n.e.o.t.s.UpdateSvc                 - d: inserting: newy-cr5                                      
2019-02-05 10:52:29,444 INFO  n.e.o.t.s.UpdateSvc                 - d: inserting: netl-alb-rt1                                  
2019-02-05 10:52:29,445 INFO  n.e.o.t.s.UpdateSvc                 - d: inserting: jgi-mr2                                       
2019-02-05 10:52:29,446 INFO  n.e.o.t.s.UpdateSvc                 - d: inserting: eqx-ash-cr5                                   
2019-02-05 10:52:29,446 INFO  n.e.o.t.s.UpdateSvc                 - d: inserting: forr-rt2                                      
2019-02-05 10:52:29,447 INFO  n.e.o.t.s.UpdateSvc                 - d: inserting: ornl-cr5                                      
2019-02-05 10:52:29,448 INFO  n.e.o.t.s.UpdateSvc                 - d: inserting: fnal-mr2                                      
2019-02-05 10:52:29,448 INFO  n.e.o.t.s.UpdateSvc                 - d: inserting: pantex-rt4                                    
2019-02-05 10:52:29,449 INFO  n.e.o.t.s.UpdateSvc                 - d: inserting: ameslab-rt3                                   
2019-02-05 10:52:29,449 INFO  n.e.o.t.s.UpdateSvc                 - d: inserting: hous-cr5                                      
2019-02-05 10:52:29,449 INFO  n.e.o.t.s.UpdateSvc                 - d: inserting: aofa-cr5                                      
2019-02-05 10:52:29,450 INFO  n.e.o.t.s.UpdateSvc                 - d: inserting: osti-rt2                                      
2019-02-05 10:52:29,450 INFO  n.e.o.t.s.UpdateSvc                 - d: inserting: pnwg-cr5                                      
2019-02-05 10:52:29,451 INFO  n.e.o.t.s.UpdateSvc                 - d: inserting: amst-cr5                                      
2019-02-05 10:52:29,451 INFO  n.e.o.t.s.UpdateSvc                 - d: inserting: albq-cr5                                      
2019-02-05 10:52:29,452 INFO  n.e.o.t.s.UpdateSvc                 - d: inserting: lbl-mr2                                       
2019-02-05 10:52:29,452 INFO  n.e.o.t.s.UpdateSvc                 - d: inserting: denv-cr5                                      
2019-02-05 10:52:29,453 INFO  n.e.o.t.s.UpdateSvc                 - d: inserting: star-cr5                                      
2019-02-05 10:52:29,453 INFO  n.e.o.t.s.UpdateSvc                 - d: inserting: bost-cr5                                      
2019-02-05 10:52:29,454 INFO  n.e.o.t.s.UpdateSvc                 - finished merging devices                                    
2019-02-05 10:52:29,454 INFO  n.e.o.t.s.UpdateSvc                 -    inserted       : 49                                      
2019-02-05 10:52:29,454 INFO  n.e.o.t.s.UpdateSvc                 -    ver updated    : 0                                       
2019-02-05 10:52:29,454 INFO  n.e.o.t.s.UpdateSvc                 -     + unchanged      : 0                                    
2019-02-05 10:52:29,454 INFO  n.e.o.t.s.UpdateSvc                 -     + data updated   : 0                                    
2019-02-05 10:52:29,454 INFO  n.e.o.t.s.UpdateSvc                 -    invalidated    :   0                                     
2019-02-05 10:52:30,073 INFO  n.e.o.t.s.UpdateSvc                 - inserting p: slac-mr2:xe-1/1/0 to slac-mr2                  
2019-02-05 10:52:30,076 DEBUG n.e.o.t.s.UpdateSvc                 - slac-mr2:xe-1/1/0 56                                        
2019-02-05 10:52:30,079 INFO  n.e.o.t.s.UpdateSvc                 - inserting p: chic-cr5:BLANK to chic-cr5                     
2019-02-05 10:52:30,085 DEBUG n.e.o.t.s.UpdateSvc                 - chic-cr5:BLANK 55                                           
2019-02-05 10:52:30,087 INFO  n.e.o.t.s.UpdateSvc                 - inserting p: bost-cr5:10/2/3 to bost-cr5                    
2019-02-05 10:52:30,089 DEBUG n.e.o.t.s.UpdateSvc                 - bost-cr5:10/2/3 77                                          
2019-02-05 10:52:30,092 INFO  n.e.o.t.s.UpdateSvc                 - inserting p: lbl-mr2:xe-1/1/0 to lbl-mr2                    
2019-02-05 10:52:30,093 DEBUG n.e.o.t.s.UpdateSvc                 - lbl-mr2:xe-1/1/0 74                                         
2019-02-05 10:52:30,096 INFO  n.e.o.t.s.UpdateSvc                 - inserting p: newy-cr5:9/1/4 to newy-cr5                     
2019-02-05 10:52:30,097 DEBUG n.e.o.t.s.UpdateSvc                 - newy-cr5:9/1/4 59                                           
2019-02-05 10:52:30,099 INFO  n.e.o.t.s.UpdateSvc                 - inserting p: cern-513-cr5:1/1/1 to cern-513-cr5             
2019-02-05 10:52:30,099 DEBUG n.e.o.t.s.UpdateSvc                 - cern-513-cr5:1/1/1 34                                       
2019-02-05 10:52:30,101 INFO  n.e.o.t.s.UpdateSvc                 - inserting p: newy-cr5:9/1/1 to newy-cr5                     
2019-02-05 10:52:30,103 DEBUG n.e.o.t.s.UpdateSvc                 - newy-cr5:9/1/1 59                                           
2019-02-05 10:52:30,103 DEBUG n.e.o.t.s.UpdateSvc                 - newy-cr5:9/1/4 59                                           
2019-02-05 10:52:30,105 INFO  n.e.o.t.s.UpdateSvc                 - inserting p: bois-cr1:xe-7/3/0 to bois-cr1                  
2019-02-05 10:52:30,107 DEBUG n.e.o.t.s.UpdateSvc                 - bois-cr1:xe-7/3/0 39                                        
2019-02-05 10:52:30,108 INFO  n.e.o.t.s.UpdateSvc                 - inserting p: aofa-cr5:10/1/2 to aofa-cr5                    
2019-02-05 10:52:30,109 DEBUG n.e.o.t.s.UpdateSvc                 - aofa-cr5:10/1/2 69                                          
2019-02-05 10:52:30,111 INFO  n.e.o.t.s.UpdateSvc                 - inserting p: amst-cr5:10/2/5 to amst-cr5                    
2019-02-05 10:52:30,113 DEBUG n.e.o.t.s.UpdateSvc                 - amst-cr5:10/2/5 72                                          
2019-02-05 10:52:30,114 INFO  n.e.o.t.s.UpdateSvc                 - inserting p: aofa-cr5:10/1/1 to aofa-cr5                    
2019-02-05 10:52:30,116 DEBUG n.e.o.t.s.UpdateSvc                 - aofa-cr5:10/1/2 69                                          
2019-02-05 10:52:30,116 DEBUG n.e.o.t.s.UpdateSvc                 - aofa-cr5:10/1/1 69                                          
2019-02-05 10:52:30,117 INFO  n.e.o.t.s.UpdateSvc                 - inserting p: aofa-cr5:10/1/9 to aofa-cr5                    
2019-02-05 10:52:30,119 DEBUG n.e.o.t.s.UpdateSvc                 - aofa-cr5:10/1/2 69                                          
2019-02-05 10:52:30,119 DEBUG n.e.o.t.s.UpdateSvc                 - aofa-cr5:10/1/9 69                                          
2019-02-05 10:52:30,119 DEBUG n.e.o.t.s.UpdateSvc                 - aofa-cr5:10/1/1 69                                          
2019-02-05 10:52:30,121 INFO  n.e.o.t.s.UpdateSvc                 - inserting p: aofa-cr5:10/1/8 to aofa-cr5                    
2019-02-05 10:52:30,122 DEBUG n.e.o.t.s.UpdateSvc                 - aofa-cr5:10/1/2 69                                          
2019-02-05 10:52:30,122 DEBUG n.e.o.t.s.UpdateSvc                 - aofa-cr5:10/1/9 69                                          
2019-02-05 10:52:30,122 DEBUG n.e.o.t.s.UpdateSvc                 - aofa-cr5:10/1/8 69                                          
2019-02-05 10:52:30,122 DEBUG n.e.o.t.s.UpdateSvc                 - aofa-cr5:10/1/1 69                                          
2019-02-05 10:52:30,124 INFO  n.e.o.t.s.UpdateSvc                 - inserting p: eqx-chi-cr5:10/1/2 to eqx-chi-cr5              
2019-02-05 10:52:30,125 DEBUG n.e.o.t.s.UpdateSvc                 - eqx-chi-cr5:10/1/2 58                                       
2019-02-05 10:52:30,127 INFO  n.e.o.t.s.UpdateSvc                 - inserting p: lsvn-cr1:ge-1/0/1 to lsvn-cr1                  
2019-02-05 10:52:30,128 DEBUG n.e.o.t.s.UpdateSvc                 - lsvn-cr1:ge-1/0/1 49                                        
2019-02-05 10:52:30,130 INFO  n.e.o.t.s.UpdateSvc                 - inserting p: eqx-chi-cr5:10/1/3 to eqx-chi-cr5              
2019-02-05 10:52:30,141 DEBUG n.e.o.t.s.UpdateSvc                 - eqx-chi-cr5:10/1/2 58                                       
2019-02-05 10:52:30,141 DEBUG n.e.o.t.s.UpdateSvc                 - eqx-chi-cr5:10/1/3 58                                       
2019-02-05 10:52:30,143 INFO  n.e.o.t.s.UpdateSvc                 - inserting p: lsvn-cr1:ge-1/0/0 to lsvn-cr1                  
2019-02-05 10:52:30,144 DEBUG n.e.o.t.s.UpdateSvc                 - lsvn-cr1:ge-1/0/1 49                                        
2019-02-05 10:52:30,144 DEBUG n.e.o.t.s.UpdateSvc                 - lsvn-cr1:ge-1/0/0 49                                        
2019-02-05 10:52:30,146 INFO  n.e.o.t.s.UpdateSvc                 - inserting p: eqx-chi-cr5:10/1/1 to eqx-chi-cr5              
2019-02-05 10:52:30,147 DEBUG n.e.o.t.s.UpdateSvc                 - eqx-chi-cr5:10/1/2 58                                       
2019-02-05 10:52:30,147 DEBUG n.e.o.t.s.UpdateSvc                 - eqx-chi-cr5:10/1/3 58                                       
2019-02-05 10:52:30,147 DEBUG n.e.o.t.s.UpdateSvc                 - eqx-chi-cr5:10/1/1 58                                       
2019-02-05 10:52:30,150 INFO  n.e.o.t.s.UpdateSvc                 - inserting p: lbl-mr2:xe-8/1/0 to lbl-mr2                    
2019-02-05 10:52:30,153 DEBUG n.e.o.t.s.UpdateSvc                 - lbl-mr2:xe-8/1/0 74                                         
2019-02-05 10:52:30,153 DEBUG n.e.o.t.s.UpdateSvc                 - lbl-mr2:xe-1/1/0 74                                         
2019-02-05 10:52:30,155 INFO  n.e.o.t.s.UpdateSvc                 - inserting p: cern-773-cr5:10/1/2 to cern-773-cr5            
2019-02-05 10:52:30,156 DEBUG n.e.o.t.s.UpdateSvc                 - cern-773-cr5:10/1/2 44                                      
2019-02-05 10:52:30,158 INFO  n.e.o.t.s.UpdateSvc                 - inserting p: nersc-mr2:xe-2/2/0 to nersc-mr2                
2019-02-05 10:52:30,158 DEBUG n.e.o.t.s.UpdateSvc                 - nersc-mr2:xe-2/2/0 29                                       
2019-02-05 10:52:30,161 INFO  n.e.o.t.s.UpdateSvc                 - inserting p: cern-773-cr5:10/1/1 to cern-773-cr5            
2019-02-05 10:52:30,163 DEBUG n.e.o.t.s.UpdateSvc                 - cern-773-cr5:10/1/2 44                                      
2019-02-05 10:52:30,163 DEBUG n.e.o.t.s.UpdateSvc                 - cern-773-cr5:10/1/1 44                                      
2019-02-05 10:52:30,166 INFO  n.e.o.t.s.UpdateSvc                 - inserting p: cern-773-cr5:10/1/3 to cern-773-cr5            
2019-02-05 10:52:30,167 DEBUG n.e.o.t.s.UpdateSvc                 - cern-773-cr5:10/1/2 44                                      
2019-02-05 10:52:30,167 DEBUG n.e.o.t.s.UpdateSvc                 - cern-773-cr5:10/1/1 44                                      
2019-02-05 10:52:30,168 DEBUG n.e.o.t.s.UpdateSvc                 - cern-773-cr5:10/1/3 44                                      
2019-02-05 10:52:30,170 INFO  n.e.o.t.s.UpdateSvc                 - inserting p: chic-cr5:6/1/1 to chic-cr5                     
2019-02-05 10:52:30,171 DEBUG n.e.o.t.s.UpdateSvc                 - chic-cr5:BLANK 55                                           
2019-02-05 10:52:30,171 DEBUG n.e.o.t.s.UpdateSvc                 - chic-cr5:6/1/1 55                                           
2019-02-05 10:52:30,173 INFO  n.e.o.t.s.UpdateSvc                 - inserting p: star-cr5:3/1/1 to star-cr5                     
2019-02-05 10:52:30,176 DEBUG n.e.o.t.s.UpdateSvc                 - star-cr5:3/1/1 76                                           
2019-02-05 10:52:30,178 INFO  n.e.o.t.s.UpdateSvc                 - inserting p: lsvn-cr1:xe-2/1/0 to lsvn-cr1                  
2019-02-05 10:52:30,180 DEBUG n.e.o.t.s.UpdateSvc                 - lsvn-cr1:ge-1/0/1 49                                        
2019-02-05 10:52:30,180 DEBUG n.e.o.t.s.UpdateSvc                 - lsvn-cr1:xe-2/1/0 49                                        
2019-02-05 10:52:30,180 DEBUG n.e.o.t.s.UpdateSvc                 - lsvn-cr1:ge-1/0/0 49                                        
2019-02-05 10:52:30,183 INFO  n.e.o.t.s.UpdateSvc                 - inserting p: sunn-cr5:7/1/1 to sunn-cr5                     
2019-02-05 10:52:30,185 DEBUG n.e.o.t.s.UpdateSvc                 - sunn-cr5:7/1/1 50                                           
2019-02-05 10:52:30,188 INFO  n.e.o.t.s.UpdateSvc                 - inserting p: bost-cr5:10/1/2 to bost-cr5                    
2019-02-05 10:52:30,189 DEBUG n.e.o.t.s.UpdateSvc                 - bost-cr5:10/2/3 77                                          
2019-02-05 10:52:30,189 DEBUG n.e.o.t.s.UpdateSvc                 - bost-cr5:10/1/2 77                                          
2019-02-05 10:52:30,191 INFO  n.e.o.t.s.UpdateSvc                 - inserting p: eqx-chi-cr5:BLANK to eqx-chi-cr5               
2019-02-05 10:52:30,193 DEBUG n.e.o.t.s.UpdateSvc                 - eqx-chi-cr5:10/1/2 58                                       
2019-02-05 10:52:30,193 DEBUG n.e.o.t.s.UpdateSvc                 - eqx-chi-cr5:10/1/3 58                                       
2019-02-05 10:52:30,193 DEBUG n.e.o.t.s.UpdateSvc                 - eqx-chi-cr5:BLANK 58                                        
2019-02-05 10:52:30,193 DEBUG n.e.o.t.s.UpdateSvc                 - eqx-chi-cr5:10/1/1 58                                       
2019-02-05 10:52:30,195 INFO  n.e.o.t.s.UpdateSvc                 - inserting p: lbl-mr2:xe-8/3/0 to lbl-mr2                    
2019-02-05 10:52:30,196 DEBUG n.e.o.t.s.UpdateSvc                 - lbl-mr2:xe-8/1/0 74                                         
2019-02-05 10:52:30,197 DEBUG n.e.o.t.s.UpdateSvc                 - lbl-mr2:xe-8/3/0 74                                         
2019-02-05 10:52:30,197 DEBUG n.e.o.t.s.UpdateSvc                 - lbl-mr2:xe-1/1/0 74                                         
2019-02-05 10:52:30,198 INFO  n.e.o.t.s.UpdateSvc                 - inserting p: bost-cr5:10/1/6 to bost-cr5                    
2019-02-05 10:52:30,199 DEBUG n.e.o.t.s.UpdateSvc                 - bost-cr5:10/2/3 77                                          
2019-02-05 10:52:30,200 DEBUG n.e.o.t.s.UpdateSvc                 - bost-cr5:10/1/2 77                                          
2019-02-05 10:52:30,200 DEBUG n.e.o.t.s.UpdateSvc                 - bost-cr5:10/1/6 77                                          
2019-02-05 10:52:30,202 INFO  n.e.o.t.s.UpdateSvc                 - inserting p: bost-cr5:10/1/5 to bost-cr5                    
2019-02-05 10:52:30,203 DEBUG n.e.o.t.s.UpdateSvc                 - bost-cr5:10/2/3 77                                          
2019-02-05 10:52:30,204 DEBUG n.e.o.t.s.UpdateSvc                 - bost-cr5:10/1/2 77                                          
2019-02-05 10:52:30,204 DEBUG n.e.o.t.s.UpdateSvc                 - bost-cr5:10/1/6 77                                          
2019-02-05 10:52:30,204 DEBUG n.e.o.t.s.UpdateSvc                 - bost-cr5:10/1/5 77                                          
2019-02-05 10:52:30,206 INFO  n.e.o.t.s.UpdateSvc                 - inserting p: slac-mr2:xe-0/2/0 to slac-mr2                  
2019-02-05 10:52:30,207 DEBUG n.e.o.t.s.UpdateSvc                 - slac-mr2:xe-1/1/0 56                                        
2019-02-05 10:52:30,207 DEBUG n.e.o.t.s.UpdateSvc                 - slac-mr2:xe-0/2/0 56                                        
2019-02-05 10:52:30,209 INFO  n.e.o.t.s.UpdateSvc                 - inserting p: albq-cr5:10/1/2 to albq-cr5                    
2019-02-05 10:52:30,209 DEBUG n.e.o.t.s.UpdateSvc                 - albq-cr5:10/1/2 73                                          
2019-02-05 10:52:30,211 INFO  n.e.o.t.s.UpdateSvc                 - inserting p: aofa-cr5:5/1/1 to aofa-cr5                     
2019-02-05 10:52:30,212 DEBUG n.e.o.t.s.UpdateSvc                 - aofa-cr5:10/1/2 69                                          
2019-02-05 10:52:30,212 DEBUG n.e.o.t.s.UpdateSvc                 - aofa-cr5:5/1/1 69                                           
2019-02-05 10:52:30,212 DEBUG n.e.o.t.s.UpdateSvc                 - aofa-cr5:10/1/9 69                                          
2019-02-05 10:52:30,212 DEBUG n.e.o.t.s.UpdateSvc                 - aofa-cr5:10/1/8 69                                          
2019-02-05 10:52:30,212 DEBUG n.e.o.t.s.UpdateSvc                 - aofa-cr5:10/1/1 69                                          
2019-02-05 10:52:30,213 INFO  n.e.o.t.s.UpdateSvc                 - inserting p: nash-cr5:10/1/4 to nash-cr5                    
2019-02-05 10:52:30,214 DEBUG n.e.o.t.s.UpdateSvc                 - nash-cr5:10/1/4 45                                          
2019-02-05 10:52:30,216 INFO  n.e.o.t.s.UpdateSvc                 - inserting p: albq-cr5:10/1/5 to albq-cr5                    
2019-02-05 10:52:30,217 DEBUG n.e.o.t.s.UpdateSvc                 - albq-cr5:10/1/5 73                                          
2019-02-05 10:52:30,217 DEBUG n.e.o.t.s.UpdateSvc                 - albq-cr5:10/1/2 73                                          
2019-02-05 10:52:30,218 INFO  n.e.o.t.s.UpdateSvc                 - inserting p: ga-rt2:ge-1/0/3 to ga-rt2                      
2019-02-05 10:52:30,219 DEBUG n.e.o.t.s.UpdateSvc                 - ga-rt2:ge-1/0/3 37                                          
2019-02-05 10:52:30,220 INFO  n.e.o.t.s.UpdateSvc                 - inserting p: nash-cr5:10/1/3 to nash-cr5                    
2019-02-05 10:52:30,221 DEBUG n.e.o.t.s.UpdateSvc                 - nash-cr5:10/1/4 45                                          
2019-02-05 10:52:30,221 DEBUG n.e.o.t.s.UpdateSvc                 - nash-cr5:10/1/3 45                                          
2019-02-05 10:52:30,222 INFO  n.e.o.t.s.UpdateSvc                 - inserting p: albq-cr5:10/1/3 to albq-cr5                    
2019-02-05 10:52:30,223 DEBUG n.e.o.t.s.UpdateSvc                 - albq-cr5:10/1/3 73                                          
2019-02-05 10:52:30,223 DEBUG n.e.o.t.s.UpdateSvc                 - albq-cr5:10/1/5 73                                          
2019-02-05 10:52:30,223 DEBUG n.e.o.t.s.UpdateSvc                 - albq-cr5:10/1/2 73                                          
2019-02-05 10:52:30,225 INFO  n.e.o.t.s.UpdateSvc                 - inserting p: ga-rt2:ge-1/0/5 to ga-rt2                      
2019-02-05 10:52:30,227 DEBUG n.e.o.t.s.UpdateSvc                 - ga-rt2:ge-1/0/3 37                                          
2019-02-05 10:52:30,227 DEBUG n.e.o.t.s.UpdateSvc                 - ga-rt2:ge-1/0/5 37                                          
2019-02-05 10:52:30,228 INFO  n.e.o.t.s.UpdateSvc                 - inserting p: albq-cr5:10/1/4 to albq-cr5                    
2019-02-05 10:52:30,229 DEBUG n.e.o.t.s.UpdateSvc                 - albq-cr5:10/1/3 73                                          
2019-02-05 10:52:30,229 DEBUG n.e.o.t.s.UpdateSvc                 - albq-cr5:10/1/4 73                                          
2019-02-05 10:52:30,230 DEBUG n.e.o.t.s.UpdateSvc                 - albq-cr5:10/1/5 73                                          
2019-02-05 10:52:30,230 DEBUG n.e.o.t.s.UpdateSvc                 - albq-cr5:10/1/2 73                                          
2019-02-05 10:52:30,231 INFO  n.e.o.t.s.UpdateSvc                 - inserting p: amst-cr5:10/1/1 to amst-cr5                    
2019-02-05 10:52:30,232 DEBUG n.e.o.t.s.UpdateSvc                 - amst-cr5:10/2/5 72                                          
2019-02-05 10:52:30,232 DEBUG n.e.o.t.s.UpdateSvc                 - amst-cr5:10/1/1 72                                          
2019-02-05 10:52:30,244 INFO  n.e.o.t.s.UpdateSvc                 - inserting p: cern-513-cr5:1/2/1 to cern-513-cr5             
2019-02-05 10:52:30,245 DEBUG n.e.o.t.s.UpdateSvc                 - cern-513-cr5:1/1/1 34                                       
2019-02-05 10:52:30,245 DEBUG n.e.o.t.s.UpdateSvc                 - cern-513-cr5:1/2/1 34                                       
2019-02-05 10:52:30,247 INFO  n.e.o.t.s.UpdateSvc                 - inserting p: amst-cr5:10/1/2 to amst-cr5                    
2019-02-05 10:52:30,250 DEBUG n.e.o.t.s.UpdateSvc                 - amst-cr5:10/2/5 72                                          
2019-02-05 10:52:30,250 DEBUG n.e.o.t.s.UpdateSvc                 - amst-cr5:10/1/1 72                                          
2019-02-05 10:52:30,250 DEBUG n.e.o.t.s.UpdateSvc                 - amst-cr5:10/1/2 72                                          
2019-02-05 10:52:30,252 INFO  n.e.o.t.s.UpdateSvc                 - inserting p: pnwg-cr5:BLANK to pnwg-cr5                     
2019-02-05 10:52:30,253 DEBUG n.e.o.t.s.UpdateSvc                 - pnwg-cr5:BLANK 71                                           
2019-02-05 10:52:30,254 INFO  n.e.o.t.s.UpdateSvc                 - inserting p: ornl-rt4:xe-2/3/0 to ornl-rt4                  
2019-02-05 10:52:30,255 DEBUG n.e.o.t.s.UpdateSvc                 - ornl-rt4:xe-2/3/0 42                                        
2019-02-05 10:52:30,257 INFO  n.e.o.t.s.UpdateSvc                 - inserting p: newy-cr5:2/1/1 to newy-cr5                     
2019-02-05 10:52:30,258 DEBUG n.e.o.t.s.UpdateSvc                 - newy-cr5:9/1/1 59                                           
2019-02-05 10:52:30,258 DEBUG n.e.o.t.s.UpdateSvc                 - newy-cr5:9/1/4 59                                           
2019-02-05 10:52:30,258 DEBUG n.e.o.t.s.UpdateSvc                 - newy-cr5:2/1/1 59                                           
2019-02-05 10:52:30,260 INFO  n.e.o.t.s.UpdateSvc                 - inserting p: wash-cr5:10/1/3 to wash-cr5                    
2019-02-05 10:52:30,261 DEBUG n.e.o.t.s.UpdateSvc                 - wash-cr5:10/1/3 36                                          
2019-02-05 10:52:30,263 INFO  n.e.o.t.s.UpdateSvc                 - inserting p: lsvn-cr1:ge-1/1/0 to lsvn-cr1                  
2019-02-05 10:52:30,265 DEBUG n.e.o.t.s.UpdateSvc                 - lsvn-cr1:ge-1/0/1 49                                        
2019-02-05 10:52:30,265 DEBUG n.e.o.t.s.UpdateSvc                 - lsvn-cr1:xe-2/1/0 49                                        
2019-02-05 10:52:30,265 DEBUG n.e.o.t.s.UpdateSvc                 - lsvn-cr1:ge-1/1/0 49                                        
2019-02-05 10:52:30,265 DEBUG n.e.o.t.s.UpdateSvc                 - lsvn-cr1:ge-1/0/0 49                                        
2019-02-05 10:52:30,267 INFO  n.e.o.t.s.UpdateSvc                 - inserting p: newy-cr5:10/1/9 to newy-cr5                    
2019-02-05 10:52:30,269 DEBUG n.e.o.t.s.UpdateSvc                 - newy-cr5:9/1/1 59                                           
2019-02-05 10:52:30,269 DEBUG n.e.o.t.s.UpdateSvc                 - newy-cr5:9/1/4 59                                           
2019-02-05 10:52:30,269 DEBUG n.e.o.t.s.UpdateSvc                 - newy-cr5:2/1/1 59                                           
2019-02-05 10:52:30,269 DEBUG n.e.o.t.s.UpdateSvc                 - newy-cr5:10/1/9 59                                          
2019-02-05 10:52:30,271 INFO  n.e.o.t.s.UpdateSvc                 - inserting p: wash-cr5:10/1/4 to wash-cr5                    
2019-02-05 10:52:30,273 DEBUG n.e.o.t.s.UpdateSvc                 - wash-cr5:10/1/3 36                                          
2019-02-05 10:52:30,273 DEBUG n.e.o.t.s.UpdateSvc                 - wash-cr5:10/1/4 36                                          
2019-02-05 10:52:30,275 INFO  n.e.o.t.s.UpdateSvc                 - inserting p: nash-cr5:10/1/6 to nash-cr5                    
2019-02-05 10:52:30,277 DEBUG n.e.o.t.s.UpdateSvc                 - nash-cr5:10/1/6 45                                          
2019-02-05 10:52:30,277 DEBUG n.e.o.t.s.UpdateSvc                 - nash-cr5:10/1/4 45                                          
2019-02-05 10:52:30,277 DEBUG n.e.o.t.s.UpdateSvc                 - nash-cr5:10/1/3 45                                          
2019-02-05 10:52:30,278 INFO  n.e.o.t.s.UpdateSvc                 - inserting p: wash-cr5:10/1/5 to wash-cr5                    
2019-02-05 10:52:30,279 DEBUG n.e.o.t.s.UpdateSvc                 - wash-cr5:10/1/3 36                                          
2019-02-05 10:52:30,280 DEBUG n.e.o.t.s.UpdateSvc                 - wash-cr5:10/1/4 36                                          
2019-02-05 10:52:30,280 DEBUG n.e.o.t.s.UpdateSvc                 - wash-cr5:10/1/5 36                                          
2019-02-05 10:52:30,281 INFO  n.e.o.t.s.UpdateSvc                 - inserting p: nash-cr5:10/1/5 to nash-cr5                    
2019-02-05 10:52:30,283 DEBUG n.e.o.t.s.UpdateSvc                 - nash-cr5:10/1/6 45                                          
2019-02-05 10:52:30,283 DEBUG n.e.o.t.s.UpdateSvc                 - nash-cr5:10/1/4 45                                          
2019-02-05 10:52:30,283 DEBUG n.e.o.t.s.UpdateSvc                 - nash-cr5:10/1/5 45                                          
2019-02-05 10:52:30,283 DEBUG n.e.o.t.s.UpdateSvc                 - nash-cr5:10/1/3 45                                          
2019-02-05 10:52:30,285 INFO  n.e.o.t.s.UpdateSvc                 - inserting p: sacr-cr5:3/1/1 to sacr-cr5                     
2019-02-05 10:52:30,286 DEBUG n.e.o.t.s.UpdateSvc                 - sacr-cr5:3/1/1 47                                           
2019-02-05 10:52:30,288 INFO  n.e.o.t.s.UpdateSvc                 - inserting p: wash-cr5:10/1/9 to wash-cr5                    
2019-02-05 10:52:30,289 DEBUG n.e.o.t.s.UpdateSvc                 - wash-cr5:10/1/9 36                                          
2019-02-05 10:52:30,290 DEBUG n.e.o.t.s.UpdateSvc                 - wash-cr5:10/1/3 36                                          
2019-02-05 10:52:30,290 DEBUG n.e.o.t.s.UpdateSvc                 - wash-cr5:10/1/4 36                                          
2019-02-05 10:52:30,290 DEBUG n.e.o.t.s.UpdateSvc                 - wash-cr5:10/1/5 36                                          
2019-02-05 10:52:30,292 INFO  n.e.o.t.s.UpdateSvc                 - inserting p: lsvn-cr1:ge-1/1/1 to lsvn-cr1                  
2019-02-05 10:52:30,293 DEBUG n.e.o.t.s.UpdateSvc                 - lsvn-cr1:ge-1/1/1 49                                        
2019-02-05 10:52:30,293 DEBUG n.e.o.t.s.UpdateSvc                 - lsvn-cr1:ge-1/0/1 49                                        
2019-02-05 10:52:30,293 DEBUG n.e.o.t.s.UpdateSvc                 - lsvn-cr1:xe-2/1/0 49                                        
2019-02-05 10:52:30,293 DEBUG n.e.o.t.s.UpdateSvc                 - lsvn-cr1:ge-1/1/0 49                                        
2019-02-05 10:52:30,293 DEBUG n.e.o.t.s.UpdateSvc                 - lsvn-cr1:ge-1/0/0 49                                        
2019-02-05 10:52:30,295 INFO  n.e.o.t.s.UpdateSvc                 - inserting p: atla-cr5:1/1/1 to atla-cr5                     
2019-02-05 10:52:30,295 DEBUG n.e.o.t.s.UpdateSvc                 - atla-cr5:1/1/1 41                                           
2019-02-05 10:52:30,297 INFO  n.e.o.t.s.UpdateSvc                 - inserting p: lsvn-cr1:ge-1/1/5 to lsvn-cr1                  
2019-02-05 10:52:30,298 DEBUG n.e.o.t.s.UpdateSvc                 - lsvn-cr1:ge-1/1/1 49                                        
2019-02-05 10:52:30,298 DEBUG n.e.o.t.s.UpdateSvc                 - lsvn-cr1:ge-1/0/1 49                                        
2019-02-05 10:52:30,298 DEBUG n.e.o.t.s.UpdateSvc                 - lsvn-cr1:xe-2/1/0 49                                        
2019-02-05 10:52:30,298 DEBUG n.e.o.t.s.UpdateSvc                 - lsvn-cr1:ge-1/1/0 49                                        
2019-02-05 10:52:30,298 DEBUG n.e.o.t.s.UpdateSvc                 - lsvn-cr1:ge-1/1/5 49                                        
2019-02-05 10:52:30,298 DEBUG n.e.o.t.s.UpdateSvc                 - lsvn-cr1:ge-1/0/0 49                                        
2019-02-05 10:52:30,300 INFO  n.e.o.t.s.UpdateSvc                 - inserting p: newy-cr5:10/1/2 to newy-cr5                    
2019-02-05 10:52:30,301 DEBUG n.e.o.t.s.UpdateSvc                 - newy-cr5:10/1/2 59                                          
2019-02-05 10:52:30,302 DEBUG n.e.o.t.s.UpdateSvc                 - newy-cr5:9/1/1 59                                           
2019-02-05 10:52:30,302 DEBUG n.e.o.t.s.UpdateSvc                 - newy-cr5:9/1/4 59                                           
2019-02-05 10:52:30,302 DEBUG n.e.o.t.s.UpdateSvc                 - newy-cr5:2/1/1 59                                           
2019-02-05 10:52:30,302 DEBUG n.e.o.t.s.UpdateSvc                 - newy-cr5:10/1/9 59                                          
2019-02-05 10:52:30,304 INFO  n.e.o.t.s.UpdateSvc                 - inserting p: newy-cr5:10/1/3 to newy-cr5                    
2019-02-05 10:52:30,306 DEBUG n.e.o.t.s.UpdateSvc                 - newy-cr5:10/1/2 59                                          
2019-02-05 10:52:30,306 DEBUG n.e.o.t.s.UpdateSvc                 - newy-cr5:9/1/1 59                                           
2019-02-05 10:52:30,306 DEBUG n.e.o.t.s.UpdateSvc                 - newy-cr5:9/1/4 59                                           
2019-02-05 10:52:30,306 DEBUG n.e.o.t.s.UpdateSvc                 - newy-cr5:2/1/1 59                                           
2019-02-05 10:52:30,306 DEBUG n.e.o.t.s.UpdateSvc                 - newy-cr5:10/1/9 59                                          
2019-02-05 10:52:30,306 DEBUG n.e.o.t.s.UpdateSvc                 - newy-cr5:10/1/3 59                                          
2019-02-05 10:52:30,307 INFO  n.e.o.t.s.UpdateSvc                 - inserting p: lsvn-cr1:xe-2/2/0 to lsvn-cr1                  
2019-02-05 10:52:30,308 DEBUG n.e.o.t.s.UpdateSvc                 - lsvn-cr1:ge-1/1/1 49                                        
2019-02-05 10:52:30,308 DEBUG n.e.o.t.s.UpdateSvc                 - lsvn-cr1:ge-1/0/1 49                                        
2019-02-05 10:52:30,308 DEBUG n.e.o.t.s.UpdateSvc                 - lsvn-cr1:xe-2/1/0 49                                        
2019-02-05 10:52:30,308 DEBUG n.e.o.t.s.UpdateSvc                 - lsvn-cr1:ge-1/1/0 49                                        
2019-02-05 10:52:30,308 DEBUG n.e.o.t.s.UpdateSvc                 - lsvn-cr1:ge-1/1/5 49                                        
2019-02-05 10:52:30,308 DEBUG n.e.o.t.s.UpdateSvc                 - lsvn-cr1:xe-2/2/0 49                                        
2019-02-05 10:52:30,308 DEBUG n.e.o.t.s.UpdateSvc                 - lsvn-cr1:ge-1/0/0 49                                        
2019-02-05 10:52:30,310 INFO  n.e.o.t.s.UpdateSvc                 - inserting p: star-cr5:3/2/1 to star-cr5                     
2019-02-05 10:52:30,311 DEBUG n.e.o.t.s.UpdateSvc                 - star-cr5:3/1/1 76                                           
2019-02-05 10:52:30,311 DEBUG n.e.o.t.s.UpdateSvc                 - star-cr5:3/2/1 76                                           
2019-02-05 10:52:30,313 INFO  n.e.o.t.s.UpdateSvc                 - inserting p: bois-cr1:xe-1/2/0 to bois-cr1                  
2019-02-05 10:52:30,314 DEBUG n.e.o.t.s.UpdateSvc                 - bois-cr1:xe-7/3/0 39                                        
2019-02-05 10:52:30,314 DEBUG n.e.o.t.s.UpdateSvc                 - bois-cr1:xe-1/2/0 39                                        
2019-02-05 10:52:30,315 INFO  n.e.o.t.s.UpdateSvc                 - inserting p: sunn-cr5:10/1/2 to sunn-cr5                    
2019-02-05 10:52:30,316 DEBUG n.e.o.t.s.UpdateSvc                 - sunn-cr5:7/1/1 50                                           
2019-02-05 10:52:30,316 DEBUG n.e.o.t.s.UpdateSvc                 - sunn-cr5:10/1/2 50                                          
2019-02-05 10:52:30,318 INFO  n.e.o.t.s.UpdateSvc                 - inserting p: sunn-cr5:10/1/1 to sunn-cr5                    
2019-02-05 10:52:30,319 DEBUG n.e.o.t.s.UpdateSvc                 - sunn-cr5:7/1/1 50                                           
2019-02-05 10:52:30,319 DEBUG n.e.o.t.s.UpdateSvc                 - sunn-cr5:10/1/2 50                                          
2019-02-05 10:52:30,319 DEBUG n.e.o.t.s.UpdateSvc                 - sunn-cr5:10/1/1 50                                          
2019-02-05 10:52:30,321 INFO  n.e.o.t.s.UpdateSvc                 - inserting p: sunn-cr5:10/1/6 to sunn-cr5                    
2019-02-05 10:52:30,322 DEBUG n.e.o.t.s.UpdateSvc                 - sunn-cr5:10/1/6 50                                          
2019-02-05 10:52:30,322 DEBUG n.e.o.t.s.UpdateSvc                 - sunn-cr5:7/1/1 50                                           
2019-02-05 10:52:30,322 DEBUG n.e.o.t.s.UpdateSvc                 - sunn-cr5:10/1/2 50                                          
2019-02-05 10:52:30,322 DEBUG n.e.o.t.s.UpdateSvc                 - sunn-cr5:10/1/1 50                                          
2019-02-05 10:52:30,323 INFO  n.e.o.t.s.UpdateSvc                 - inserting p: lond-cr5:5/1/1 to lond-cr5                     
2019-02-05 10:52:30,324 DEBUG n.e.o.t.s.UpdateSvc                 - lond-cr5:5/1/1 57                                           
2019-02-05 10:52:30,325 INFO  n.e.o.t.s.UpdateSvc                 - inserting p: sunn-cr5:10/1/5 to sunn-cr5                    
2019-02-05 10:52:30,326 DEBUG n.e.o.t.s.UpdateSvc                 - sunn-cr5:10/1/6 50                                          
2019-02-05 10:52:30,326 DEBUG n.e.o.t.s.UpdateSvc                 - sunn-cr5:10/1/5 50                                          
2019-02-05 10:52:30,326 DEBUG n.e.o.t.s.UpdateSvc                 - sunn-cr5:7/1/1 50                                           
2019-02-05 10:52:30,326 DEBUG n.e.o.t.s.UpdateSvc                 - sunn-cr5:10/1/2 50                                          
2019-02-05 10:52:30,326 DEBUG n.e.o.t.s.UpdateSvc                 - sunn-cr5:10/1/1 50                                          
2019-02-05 10:52:30,327 INFO  n.e.o.t.s.UpdateSvc                 - inserting p: sunn-cr5:10/1/4 to sunn-cr5                    
2019-02-05 10:52:30,328 DEBUG n.e.o.t.s.UpdateSvc                 - sunn-cr5:10/1/6 50                                          
2019-02-05 10:52:30,328 DEBUG n.e.o.t.s.UpdateSvc                 - sunn-cr5:10/1/4 50                                          
2019-02-05 10:52:30,328 DEBUG n.e.o.t.s.UpdateSvc                 - sunn-cr5:10/1/5 50                                          
2019-02-05 10:52:30,328 DEBUG n.e.o.t.s.UpdateSvc                 - sunn-cr5:7/1/1 50                                           
2019-02-05 10:52:30,328 DEBUG n.e.o.t.s.UpdateSvc                 - sunn-cr5:10/1/2 50                                          
2019-02-05 10:52:30,328 DEBUG n.e.o.t.s.UpdateSvc                 - sunn-cr5:10/1/1 50                                          
2019-02-05 10:52:30,329 INFO  n.e.o.t.s.UpdateSvc                 - inserting p: sunn-cr5:10/1/3 to sunn-cr5                    
2019-02-05 10:52:30,330 DEBUG n.e.o.t.s.UpdateSvc                 - sunn-cr5:10/1/6 50                                          
2019-02-05 10:52:30,330 DEBUG n.e.o.t.s.UpdateSvc                 - sunn-cr5:10/1/4 50                                          
2019-02-05 10:52:30,330 DEBUG n.e.o.t.s.UpdateSvc                 - sunn-cr5:10/1/3 50                                          
2019-02-05 10:52:30,330 DEBUG n.e.o.t.s.UpdateSvc                 - sunn-cr5:10/1/5 50                                          
2019-02-05 10:52:30,330 DEBUG n.e.o.t.s.UpdateSvc                 - sunn-cr5:7/1/1 50                                           
2019-02-05 10:52:30,330 DEBUG n.e.o.t.s.UpdateSvc                 - sunn-cr5:10/1/2 50                                          
2019-02-05 10:52:30,330 DEBUG n.e.o.t.s.UpdateSvc                 - sunn-cr5:10/1/1 50                                          
2019-02-05 10:52:30,331 INFO  n.e.o.t.s.UpdateSvc                 - inserting p: anl-mr2:xe-2/3/0 to anl-mr2                    
2019-02-05 10:52:30,332 DEBUG n.e.o.t.s.UpdateSvc                 - anl-mr2:xe-2/3/0 53                                         
2019-02-05 10:52:30,344 INFO  n.e.o.t.s.UpdateSvc                 - inserting p: netl-alb-rt1:xe-2/0/0 to netl-alb-rt1          
2019-02-05 10:52:30,345 DEBUG n.e.o.t.s.UpdateSvc                 - netl-alb-rt1:xe-2/0/0 60                                    
2019-02-05 10:52:30,346 INFO  n.e.o.t.s.UpdateSvc                 - inserting p: slac-mr2:xe-0/1/0 to slac-mr2                  
2019-02-05 10:52:30,347 DEBUG n.e.o.t.s.UpdateSvc                 - slac-mr2:xe-1/1/0 56                                        
2019-02-05 10:52:30,347 DEBUG n.e.o.t.s.UpdateSvc                 - slac-mr2:xe-0/1/0 56                                        
2019-02-05 10:52:30,347 DEBUG n.e.o.t.s.UpdateSvc                 - slac-mr2:xe-0/2/0 56                                        
2019-02-05 10:52:30,349 INFO  n.e.o.t.s.UpdateSvc                 - inserting p: ga-rt2:ge-1/1/3 to ga-rt2                      
2019-02-05 10:52:30,350 DEBUG n.e.o.t.s.UpdateSvc                 - ga-rt2:ge-1/1/3 37                                          
2019-02-05 10:52:30,350 DEBUG n.e.o.t.s.UpdateSvc                 - ga-rt2:ge-1/0/3 37                                          
2019-02-05 10:52:30,350 DEBUG n.e.o.t.s.UpdateSvc                 - ga-rt2:ge-1/0/5 37                                          
2019-02-05 10:52:30,352 INFO  n.e.o.t.s.UpdateSvc                 - inserting p: netl-alb-rt1:xe-2/0/3 to netl-alb-rt1          
2019-02-05 10:52:30,353 DEBUG n.e.o.t.s.UpdateSvc                 - netl-alb-rt1:xe-2/0/3 60                                    
2019-02-05 10:52:30,353 DEBUG n.e.o.t.s.UpdateSvc                 - netl-alb-rt1:xe-2/0/0 60                                    
2019-02-05 10:52:30,354 INFO  n.e.o.t.s.UpdateSvc                 - inserting p: netl-alb-rt1:xe-2/0/2 to netl-alb-rt1          
2019-02-05 10:52:30,356 DEBUG n.e.o.t.s.UpdateSvc                 - netl-alb-rt1:xe-2/0/3 60                                    
2019-02-05 10:52:30,356 DEBUG n.e.o.t.s.UpdateSvc                 - netl-alb-rt1:xe-2/0/0 60                                    
2019-02-05 10:52:30,356 DEBUG n.e.o.t.s.UpdateSvc                 - netl-alb-rt1:xe-2/0/2 60                                    
2019-02-05 10:52:30,357 INFO  n.e.o.t.s.UpdateSvc                 - inserting p: netl-alb-rt1:xe-2/0/1 to netl-alb-rt1          
2019-02-05 10:52:30,359 DEBUG n.e.o.t.s.UpdateSvc                 - netl-alb-rt1:xe-2/0/3 60                                    
2019-02-05 10:52:30,359 DEBUG n.e.o.t.s.UpdateSvc                 - netl-alb-rt1:xe-2/0/0 60                                    
2019-02-05 10:52:30,359 DEBUG n.e.o.t.s.UpdateSvc                 - netl-alb-rt1:xe-2/0/2 60                                    
2019-02-05 10:52:30,359 DEBUG n.e.o.t.s.UpdateSvc                 - netl-alb-rt1:xe-2/0/1 60                                    
2019-02-05 10:52:30,361 INFO  n.e.o.t.s.UpdateSvc                 - inserting p: bois-cr1:xe-7/1/0 to bois-cr1                  
2019-02-05 10:52:30,362 DEBUG n.e.o.t.s.UpdateSvc                 - bois-cr1:xe-7/3/0 39                                        
2019-02-05 10:52:30,362 DEBUG n.e.o.t.s.UpdateSvc                 - bois-cr1:xe-7/1/0 39                                        
2019-02-05 10:52:30,362 DEBUG n.e.o.t.s.UpdateSvc                 - bois-cr1:xe-1/2/0 39                                        
2019-02-05 10:52:30,364 INFO  n.e.o.t.s.UpdateSvc                 - inserting p: srs-rt3:ge-0/1/0 to srs-rt3                    
2019-02-05 10:52:30,364 DEBUG n.e.o.t.s.UpdateSvc                 - srs-rt3:ge-0/1/0 31                                         
2019-02-05 10:52:30,366 INFO  n.e.o.t.s.UpdateSvc                 - inserting p: albq-cr5:3/1/1 to albq-cr5                     
2019-02-05 10:52:30,367 DEBUG n.e.o.t.s.UpdateSvc                 - albq-cr5:10/1/3 73                                          
2019-02-05 10:52:30,367 DEBUG n.e.o.t.s.UpdateSvc                 - albq-cr5:10/1/4 73                                          
2019-02-05 10:52:30,368 DEBUG n.e.o.t.s.UpdateSvc                 - albq-cr5:3/1/1 73                                           
2019-02-05 10:52:30,368 DEBUG n.e.o.t.s.UpdateSvc                 - albq-cr5:10/1/5 73                                          
2019-02-05 10:52:30,368 DEBUG n.e.o.t.s.UpdateSvc                 - albq-cr5:10/1/2 73                                          
2019-02-05 10:52:30,370 INFO  n.e.o.t.s.UpdateSvc                 - inserting p: aofa-cr5:6/2/1 to aofa-cr5                     
2019-02-05 10:52:30,371 DEBUG n.e.o.t.s.UpdateSvc                 - aofa-cr5:6/2/1 69                                           
2019-02-05 10:52:30,371 DEBUG n.e.o.t.s.UpdateSvc                 - aofa-cr5:10/1/2 69                                          
2019-02-05 10:52:30,371 DEBUG n.e.o.t.s.UpdateSvc                 - aofa-cr5:5/1/1 69                                           
2019-02-05 10:52:30,371 DEBUG n.e.o.t.s.UpdateSvc                 - aofa-cr5:10/1/9 69                                          
2019-02-05 10:52:30,371 DEBUG n.e.o.t.s.UpdateSvc                 - aofa-cr5:10/1/8 69                                          
2019-02-05 10:52:30,371 DEBUG n.e.o.t.s.UpdateSvc                 - aofa-cr5:10/1/1 69                                          
2019-02-05 10:52:30,374 INFO  n.e.o.t.s.UpdateSvc                 - inserting p: wash-cr5:10/1/10 to wash-cr5                   
2019-02-05 10:52:30,376 DEBUG n.e.o.t.s.UpdateSvc                 - wash-cr5:10/1/9 36                                          
2019-02-05 10:52:30,376 DEBUG n.e.o.t.s.UpdateSvc                 - wash-cr5:10/1/3 36                                          
2019-02-05 10:52:30,376 DEBUG n.e.o.t.s.UpdateSvc                 - wash-cr5:10/1/4 36                                          
2019-02-05 10:52:30,376 DEBUG n.e.o.t.s.UpdateSvc                 - wash-cr5:10/1/5 36                                          
2019-02-05 10:52:30,376 DEBUG n.e.o.t.s.UpdateSvc                 - wash-cr5:10/1/10 36                                         
2019-02-05 10:52:30,378 INFO  n.e.o.t.s.UpdateSvc                 - inserting p: chic-cr5:7/1/1 to chic-cr5                     
2019-02-05 10:52:30,379 DEBUG n.e.o.t.s.UpdateSvc                 - chic-cr5:7/1/1 55                                           
2019-02-05 10:52:30,379 DEBUG n.e.o.t.s.UpdateSvc                 - chic-cr5:BLANK 55                                           
2019-02-05 10:52:30,379 DEBUG n.e.o.t.s.UpdateSvc                 - chic-cr5:6/1/1 55                                           
2019-02-05 10:52:30,381 INFO  n.e.o.t.s.UpdateSvc                 - inserting p: lbl-mr2:xe-0/1/0 to lbl-mr2                    
2019-02-05 10:52:30,382 DEBUG n.e.o.t.s.UpdateSvc                 - lbl-mr2:xe-8/1/0 74                                         
2019-02-05 10:52:30,382 DEBUG n.e.o.t.s.UpdateSvc                 - lbl-mr2:xe-8/3/0 74                                         
2019-02-05 10:52:30,383 DEBUG n.e.o.t.s.UpdateSvc                 - lbl-mr2:xe-1/1/0 74                                         
2019-02-05 10:52:30,383 DEBUG n.e.o.t.s.UpdateSvc                 - lbl-mr2:xe-0/1/0 74                                         
2019-02-05 10:52:30,385 INFO  n.e.o.t.s.UpdateSvc                 - inserting p: sunn-cr5:8/1/1 to sunn-cr5                     
2019-02-05 10:52:30,387 DEBUG n.e.o.t.s.UpdateSvc                 - sunn-cr5:10/1/6 50                                          
2019-02-05 10:52:30,387 DEBUG n.e.o.t.s.UpdateSvc                 - sunn-cr5:10/1/4 50                                          
2019-02-05 10:52:30,387 DEBUG n.e.o.t.s.UpdateSvc                 - sunn-cr5:10/1/3 50                                          
2019-02-05 10:52:30,387 DEBUG n.e.o.t.s.UpdateSvc                 - sunn-cr5:10/1/5 50                                          
2019-02-05 10:52:30,387 DEBUG n.e.o.t.s.UpdateSvc                 - sunn-cr5:7/1/1 50                                           
2019-02-05 10:52:30,387 DEBUG n.e.o.t.s.UpdateSvc                 - sunn-cr5:10/1/2 50                                          
2019-02-05 10:52:30,387 DEBUG n.e.o.t.s.UpdateSvc                 - sunn-cr5:8/1/1 50                                           
2019-02-05 10:52:30,387 DEBUG n.e.o.t.s.UpdateSvc                 - sunn-cr5:10/1/1 50                                          
2019-02-05 10:52:30,389 INFO  n.e.o.t.s.UpdateSvc                 - inserting p: denv-cr5:4/1/1 to denv-cr5                     
2019-02-05 10:52:30,390 DEBUG n.e.o.t.s.UpdateSvc                 - denv-cr5:4/1/1 75                                           
2019-02-05 10:52:30,392 INFO  n.e.o.t.s.UpdateSvc                 - inserting p: fnal-mr2:xe-1/3/0 to fnal-mr2                  
2019-02-05 10:52:30,393 DEBUG n.e.o.t.s.UpdateSvc                 - fnal-mr2:xe-1/3/0 65                                        
2019-02-05 10:52:30,395 INFO  n.e.o.t.s.UpdateSvc                 - inserting p: sunn-cr5:10/2/1 to sunn-cr5                    
2019-02-05 10:52:30,396 DEBUG n.e.o.t.s.UpdateSvc                 - sunn-cr5:10/1/6 50                                          
2019-02-05 10:52:30,396 DEBUG n.e.o.t.s.UpdateSvc                 - sunn-cr5:10/1/4 50                                          
2019-02-05 10:52:30,396 DEBUG n.e.o.t.s.UpdateSvc                 - sunn-cr5:10/1/3 50                                          
2019-02-05 10:52:30,397 DEBUG n.e.o.t.s.UpdateSvc                 - sunn-cr5:10/1/5 50                                          
2019-02-05 10:52:30,397 DEBUG n.e.o.t.s.UpdateSvc                 - sunn-cr5:7/1/1 50                                           
2019-02-05 10:52:30,397 DEBUG n.e.o.t.s.UpdateSvc                 - sunn-cr5:10/1/2 50                                          
2019-02-05 10:52:30,397 DEBUG n.e.o.t.s.UpdateSvc                 - sunn-cr5:8/1/1 50                                           
2019-02-05 10:52:30,397 DEBUG n.e.o.t.s.UpdateSvc                 - sunn-cr5:10/2/1 50                                          
2019-02-05 10:52:30,397 DEBUG n.e.o.t.s.UpdateSvc                 - sunn-cr5:10/1/1 50                                          
2019-02-05 10:52:30,399 INFO  n.e.o.t.s.UpdateSvc                 - inserting p: sunn-cr5:10/2/5 to sunn-cr5                    
2019-02-05 10:52:30,400 DEBUG n.e.o.t.s.UpdateSvc                 - sunn-cr5:10/1/6 50                                          
2019-02-05 10:52:30,400 DEBUG n.e.o.t.s.UpdateSvc                 - sunn-cr5:10/1/4 50                                          
2019-02-05 10:52:30,400 DEBUG n.e.o.t.s.UpdateSvc                 - sunn-cr5:10/1/3 50                                          
2019-02-05 10:52:30,400 DEBUG n.e.o.t.s.UpdateSvc                 - sunn-cr5:10/1/5 50                                          
2019-02-05 10:52:30,400 DEBUG n.e.o.t.s.UpdateSvc                 - sunn-cr5:7/1/1 50                                           
2019-02-05 10:52:30,400 DEBUG n.e.o.t.s.UpdateSvc                 - sunn-cr5:10/1/2 50                                          
2019-02-05 10:52:30,400 DEBUG n.e.o.t.s.UpdateSvc                 - sunn-cr5:8/1/1 50                                           
2019-02-05 10:52:30,400 DEBUG n.e.o.t.s.UpdateSvc                 - sunn-cr5:10/2/1 50                                          
2019-02-05 10:52:30,400 DEBUG n.e.o.t.s.UpdateSvc                 - sunn-cr5:10/2/5 50                                          
2019-02-05 10:52:30,400 DEBUG n.e.o.t.s.UpdateSvc                 - sunn-cr5:10/1/1 50                                          
2019-02-05 10:52:30,402 INFO  n.e.o.t.s.UpdateSvc                 - inserting p: sunn-cr5:10/2/4 to sunn-cr5                    
2019-02-05 10:52:30,403 DEBUG n.e.o.t.s.UpdateSvc                 - sunn-cr5:10/1/6 50                                          
2019-02-05 10:52:30,403 DEBUG n.e.o.t.s.UpdateSvc                 - sunn-cr5:10/1/4 50                                          
2019-02-05 10:52:30,403 DEBUG n.e.o.t.s.UpdateSvc                 - sunn-cr5:10/2/4 50                                          
2019-02-05 10:52:30,403 DEBUG n.e.o.t.s.UpdateSvc                 - sunn-cr5:10/1/3 50                                          
2019-02-05 10:52:30,403 DEBUG n.e.o.t.s.UpdateSvc                 - sunn-cr5:10/1/5 50                                          
2019-02-05 10:52:30,403 DEBUG n.e.o.t.s.UpdateSvc                 - sunn-cr5:7/1/1 50                                           
2019-02-05 10:52:30,403 DEBUG n.e.o.t.s.UpdateSvc                 - sunn-cr5:10/1/2 50                                          
2019-02-05 10:52:30,403 DEBUG n.e.o.t.s.UpdateSvc                 - sunn-cr5:8/1/1 50                                           
2019-02-05 10:52:30,403 DEBUG n.e.o.t.s.UpdateSvc                 - sunn-cr5:10/2/1 50                                          
2019-02-05 10:52:30,403 DEBUG n.e.o.t.s.UpdateSvc                 - sunn-cr5:10/2/5 50                                          
2019-02-05 10:52:30,403 DEBUG n.e.o.t.s.UpdateSvc                 - sunn-cr5:10/1/1 50                                          
2019-02-05 10:52:30,405 INFO  n.e.o.t.s.UpdateSvc                 - inserting p: sunn-cr5:10/2/3 to sunn-cr5                    
2019-02-05 10:52:30,406 DEBUG n.e.o.t.s.UpdateSvc                 - sunn-cr5:10/1/6 50                                          
2019-02-05 10:52:30,406 DEBUG n.e.o.t.s.UpdateSvc                 - sunn-cr5:10/1/4 50                                          
2019-02-05 10:52:30,406 DEBUG n.e.o.t.s.UpdateSvc                 - sunn-cr5:10/2/4 50                                          
2019-02-05 10:52:30,406 DEBUG n.e.o.t.s.UpdateSvc                 - sunn-cr5:10/1/3 50                                          
2019-02-05 10:52:30,406 DEBUG n.e.o.t.s.UpdateSvc                 - sunn-cr5:10/1/5 50                                          
2019-02-05 10:52:30,406 DEBUG n.e.o.t.s.UpdateSvc                 - sunn-cr5:7/1/1 50                                           
2019-02-05 10:52:30,406 DEBUG n.e.o.t.s.UpdateSvc                 - sunn-cr5:10/1/2 50                                          
2019-02-05 10:52:30,406 DEBUG n.e.o.t.s.UpdateSvc                 - sunn-cr5:8/1/1 50                                           
2019-02-05 10:52:30,406 DEBUG n.e.o.t.s.UpdateSvc                 - sunn-cr5:10/2/1 50                                          
2019-02-05 10:52:30,406 DEBUG n.e.o.t.s.UpdateSvc                 - sunn-cr5:10/2/5 50                                          
2019-02-05 10:52:30,406 DEBUG n.e.o.t.s.UpdateSvc                 - sunn-cr5:10/1/1 50                                          
2019-02-05 10:52:30,406 DEBUG n.e.o.t.s.UpdateSvc                 - sunn-cr5:10/2/3 50                                          
2019-02-05 10:52:30,408 INFO  n.e.o.t.s.UpdateSvc                 - inserting p: sunn-cr5:10/2/2 to sunn-cr5                    
2019-02-05 10:52:30,409 DEBUG n.e.o.t.s.UpdateSvc                 - sunn-cr5:10/1/6 50                                          
2019-02-05 10:52:30,409 DEBUG n.e.o.t.s.UpdateSvc                 - sunn-cr5:10/2/4 50                                          
2019-02-05 10:52:30,409 DEBUG n.e.o.t.s.UpdateSvc                 - sunn-cr5:10/1/5 50                                          
2019-02-05 10:52:30,409 DEBUG n.e.o.t.s.UpdateSvc                 - sunn-cr5:8/1/1 50                                           
2019-02-05 10:52:30,409 DEBUG n.e.o.t.s.UpdateSvc                 - sunn-cr5:10/2/1 50                                          
2019-02-05 10:52:30,409 DEBUG n.e.o.t.s.UpdateSvc                 - sunn-cr5:10/2/5 50                                          
2019-02-05 10:52:30,409 DEBUG n.e.o.t.s.UpdateSvc                 - sunn-cr5:10/1/1 50                                          
2019-02-05 10:52:30,409 DEBUG n.e.o.t.s.UpdateSvc                 - sunn-cr5:10/1/4 50                                          
2019-02-05 10:52:30,409 DEBUG n.e.o.t.s.UpdateSvc                 - sunn-cr5:10/1/3 50                                          
2019-02-05 10:52:30,409 DEBUG n.e.o.t.s.UpdateSvc                 - sunn-cr5:7/1/1 50                                           
2019-02-05 10:52:30,409 DEBUG n.e.o.t.s.UpdateSvc                 - sunn-cr5:10/1/2 50                                          
2019-02-05 10:52:30,409 DEBUG n.e.o.t.s.UpdateSvc                 - sunn-cr5:10/2/2 50                                          
2019-02-05 10:52:30,409 DEBUG n.e.o.t.s.UpdateSvc                 - sunn-cr5:10/2/3 50                                          
2019-02-05 10:52:30,411 INFO  n.e.o.t.s.UpdateSvc                 - inserting p: llnl-mr2:xe-3/2/0 to llnl-mr2                  
2019-02-05 10:52:30,412 DEBUG n.e.o.t.s.UpdateSvc                 - llnl-mr2:xe-3/2/0 52                                        
2019-02-05 10:52:30,414 INFO  n.e.o.t.s.UpdateSvc                 - inserting p: sunn-cr5:10/2/6 to sunn-cr5                    
2019-02-05 10:52:30,415 DEBUG n.e.o.t.s.UpdateSvc                 - sunn-cr5:10/1/6 50                                          
2019-02-05 10:52:30,415 DEBUG n.e.o.t.s.UpdateSvc                 - sunn-cr5:10/2/4 50                                          
2019-02-05 10:52:30,415 DEBUG n.e.o.t.s.UpdateSvc                 - sunn-cr5:10/2/6 50                                          
2019-02-05 10:52:30,415 DEBUG n.e.o.t.s.UpdateSvc                 - sunn-cr5:10/1/5 50                                          
2019-02-05 10:52:30,415 DEBUG n.e.o.t.s.UpdateSvc                 - sunn-cr5:8/1/1 50                                           
2019-02-05 10:52:30,415 DEBUG n.e.o.t.s.UpdateSvc                 - sunn-cr5:10/2/1 50                                          
2019-02-05 10:52:30,415 DEBUG n.e.o.t.s.UpdateSvc                 - sunn-cr5:10/2/5 50                                          
2019-02-05 10:52:30,415 DEBUG n.e.o.t.s.UpdateSvc                 - sunn-cr5:10/1/1 50                                          
2019-02-05 10:52:30,415 DEBUG n.e.o.t.s.UpdateSvc                 - sunn-cr5:10/1/4 50                                          
2019-02-05 10:52:30,415 DEBUG n.e.o.t.s.UpdateSvc                 - sunn-cr5:10/1/3 50                                          
2019-02-05 10:52:30,415 DEBUG n.e.o.t.s.UpdateSvc                 - sunn-cr5:7/1/1 50                                           
2019-02-05 10:52:30,415 DEBUG n.e.o.t.s.UpdateSvc                 - sunn-cr5:10/1/2 50                                          
2019-02-05 10:52:30,415 DEBUG n.e.o.t.s.UpdateSvc                 - sunn-cr5:10/2/2 50                                          
2019-02-05 10:52:30,415 DEBUG n.e.o.t.s.UpdateSvc                 - sunn-cr5:10/2/3 50                                          
2019-02-05 10:52:30,417 INFO  n.e.o.t.s.UpdateSvc                 - inserting p: hous-cr5:1/1/1 to hous-cr5                     
2019-02-05 10:52:30,418 DEBUG n.e.o.t.s.UpdateSvc                 - hous-cr5:1/1/1 68                                           
2019-02-05 10:52:30,420 INFO  n.e.o.t.s.UpdateSvc                 - inserting p: slac-mr2:xe-0/0/0 to slac-mr2                  
2019-02-05 10:52:30,420 DEBUG n.e.o.t.s.UpdateSvc                 - slac-mr2:xe-1/1/0 56                                        
2019-02-05 10:52:30,420 DEBUG n.e.o.t.s.UpdateSvc                 - slac-mr2:xe-0/1/0 56                                        
2019-02-05 10:52:30,420 DEBUG n.e.o.t.s.UpdateSvc                 - slac-mr2:xe-0/0/0 56                                        
2019-02-05 10:52:30,420 DEBUG n.e.o.t.s.UpdateSvc                 - slac-mr2:xe-0/2/0 56                                        
2019-02-05 10:52:30,422 INFO  n.e.o.t.s.UpdateSvc                 - inserting p: srs-rt3:ge-0/0/0 to srs-rt3                    
2019-02-05 10:52:30,423 DEBUG n.e.o.t.s.UpdateSvc                 - srs-rt3:ge-0/1/0 31                                         
2019-02-05 10:52:30,423 DEBUG n.e.o.t.s.UpdateSvc                 - srs-rt3:ge-0/0/0 31                                         
2019-02-05 10:52:30,425 INFO  n.e.o.t.s.UpdateSvc                 - inserting p: lbl-mr2:xe-0/2/0 to lbl-mr2                    
2019-02-05 10:52:30,425 DEBUG n.e.o.t.s.UpdateSvc                 - lbl-mr2:xe-8/1/0 74                                         
2019-02-05 10:52:30,425 DEBUG n.e.o.t.s.UpdateSvc                 - lbl-mr2:xe-8/3/0 74                                         
2019-02-05 10:52:30,425 DEBUG n.e.o.t.s.UpdateSvc                 - lbl-mr2:xe-1/1/0 74                                         
2019-02-05 10:52:30,425 DEBUG n.e.o.t.s.UpdateSvc                 - lbl-mr2:xe-0/1/0 74                                         
2019-02-05 10:52:30,426 DEBUG n.e.o.t.s.UpdateSvc                 - lbl-mr2:xe-0/2/0 74                                         
2019-02-05 10:52:30,427 INFO  n.e.o.t.s.UpdateSvc                 - inserting p: llnl-mr2:ge-3/0/1 to llnl-mr2                  
2019-02-05 10:52:30,428 DEBUG n.e.o.t.s.UpdateSvc                 - llnl-mr2:xe-3/2/0 52                                        
2019-02-05 10:52:30,428 DEBUG n.e.o.t.s.UpdateSvc                 - llnl-mr2:ge-3/0/1 52                                        
2019-02-05 10:52:30,430 INFO  n.e.o.t.s.UpdateSvc                 - inserting p: llnl-mr2:ge-3/0/0 to llnl-mr2                  
2019-02-05 10:52:30,431 DEBUG n.e.o.t.s.UpdateSvc                 - llnl-mr2:xe-3/2/0 52                                        
2019-02-05 10:52:30,431 DEBUG n.e.o.t.s.UpdateSvc                 - llnl-mr2:ge-3/0/0 52                                        
2019-02-05 10:52:30,431 DEBUG n.e.o.t.s.UpdateSvc                 - llnl-mr2:ge-3/0/1 52                                        
2019-02-05 10:52:30,443 INFO  n.e.o.t.s.UpdateSvc                 - inserting p: nersc-mr2:xe-1/3/0 to nersc-mr2                
2019-02-05 10:52:30,444 DEBUG n.e.o.t.s.UpdateSvc                 - nersc-mr2:xe-1/3/0 29                                       
2019-02-05 10:52:30,444 DEBUG n.e.o.t.s.UpdateSvc                 - nersc-mr2:xe-2/2/0 29                                       
2019-02-05 10:52:30,446 INFO  n.e.o.t.s.UpdateSvc                 - inserting p: denv-cr5:4/2/1 to denv-cr5                     
2019-02-05 10:52:30,446 DEBUG n.e.o.t.s.UpdateSvc                 - denv-cr5:4/1/1 75                                           
2019-02-05 10:52:30,446 DEBUG n.e.o.t.s.UpdateSvc                 - denv-cr5:4/2/1 75                                           
2019-02-05 10:52:30,448 INFO  n.e.o.t.s.UpdateSvc                 - inserting p: ameslab-rt3:xe-1/3/0 to ameslab-rt3            
2019-02-05 10:52:30,449 DEBUG n.e.o.t.s.UpdateSvc                 - ameslab-rt3:xe-1/3/0 67                                     
2019-02-05 10:52:30,451 INFO  n.e.o.t.s.UpdateSvc                 - inserting p: wash-cr5:1/1/1 to wash-cr5                     
2019-02-05 10:52:30,451 DEBUG n.e.o.t.s.UpdateSvc                 - wash-cr5:10/1/9 36                                          
2019-02-05 10:52:30,451 DEBUG n.e.o.t.s.UpdateSvc                 - wash-cr5:10/1/3 36                                          
2019-02-05 10:52:30,451 DEBUG n.e.o.t.s.UpdateSvc                 - wash-cr5:10/1/4 36                                          
2019-02-05 10:52:30,451 DEBUG n.e.o.t.s.UpdateSvc                 - wash-cr5:1/1/1 36                                           
2019-02-05 10:52:30,451 DEBUG n.e.o.t.s.UpdateSvc                 - wash-cr5:10/1/5 36                                          
2019-02-05 10:52:30,451 DEBUG n.e.o.t.s.UpdateSvc                 - wash-cr5:10/1/10 36                                         
2019-02-05 10:52:30,453 INFO  n.e.o.t.s.UpdateSvc                 - inserting p: newy-cr5:3/1/1 to newy-cr5                     
2019-02-05 10:52:30,453 DEBUG n.e.o.t.s.UpdateSvc                 - newy-cr5:10/1/2 59                                          
2019-02-05 10:52:30,453 DEBUG n.e.o.t.s.UpdateSvc                 - newy-cr5:9/1/1 59                                           
2019-02-05 10:52:30,454 DEBUG n.e.o.t.s.UpdateSvc                 - newy-cr5:9/1/4 59                                           
2019-02-05 10:52:30,454 DEBUG n.e.o.t.s.UpdateSvc                 - newy-cr5:2/1/1 59                                           
2019-02-05 10:52:30,454 DEBUG n.e.o.t.s.UpdateSvc                 - newy-cr5:10/1/9 59                                          
2019-02-05 10:52:30,454 DEBUG n.e.o.t.s.UpdateSvc                 - newy-cr5:3/1/1 59                                           
2019-02-05 10:52:30,454 DEBUG n.e.o.t.s.UpdateSvc                 - newy-cr5:10/1/3 59                                          
2019-02-05 10:52:30,456 INFO  n.e.o.t.s.UpdateSvc                 - inserting p: chic-cr5:6/2/1 to chic-cr5                     
2019-02-05 10:52:30,457 DEBUG n.e.o.t.s.UpdateSvc                 - chic-cr5:7/1/1 55                                           
2019-02-05 10:52:30,457 DEBUG n.e.o.t.s.UpdateSvc                 - chic-cr5:6/2/1 55                                           
2019-02-05 10:52:30,457 DEBUG n.e.o.t.s.UpdateSvc                 - chic-cr5:BLANK 55                                           
2019-02-05 10:52:30,457 DEBUG n.e.o.t.s.UpdateSvc                 - chic-cr5:6/1/1 55                                           
2019-02-05 10:52:30,460 INFO  n.e.o.t.s.UpdateSvc                 - inserting p: sunn-cr5:7/2/1 to sunn-cr5                     
2019-02-05 10:52:30,461 DEBUG n.e.o.t.s.UpdateSvc                 - sunn-cr5:10/1/6 50                                          
2019-02-05 10:52:30,461 DEBUG n.e.o.t.s.UpdateSvc                 - sunn-cr5:10/2/4 50                                          
2019-02-05 10:52:30,461 DEBUG n.e.o.t.s.UpdateSvc                 - sunn-cr5:10/2/6 50                                          
2019-02-05 10:52:30,461 DEBUG n.e.o.t.s.UpdateSvc                 - sunn-cr5:10/1/5 50                                          
2019-02-05 10:52:30,461 DEBUG n.e.o.t.s.UpdateSvc                 - sunn-cr5:8/1/1 50                                           
2019-02-05 10:52:30,461 DEBUG n.e.o.t.s.UpdateSvc                 - sunn-cr5:10/2/1 50                                          
2019-02-05 10:52:30,461 DEBUG n.e.o.t.s.UpdateSvc                 - sunn-cr5:10/2/5 50                                          
2019-02-05 10:52:30,461 DEBUG n.e.o.t.s.UpdateSvc                 - sunn-cr5:10/1/1 50                                          
2019-02-05 10:52:30,461 DEBUG n.e.o.t.s.UpdateSvc                 - sunn-cr5:10/1/4 50                                          
2019-02-05 10:52:30,461 DEBUG n.e.o.t.s.UpdateSvc                 - sunn-cr5:7/2/1 50                                           
2019-02-05 10:52:30,461 DEBUG n.e.o.t.s.UpdateSvc                 - sunn-cr5:10/1/3 50                                          
2019-02-05 10:52:30,462 DEBUG n.e.o.t.s.UpdateSvc                 - sunn-cr5:7/1/1 50                                           
2019-02-05 10:52:30,462 DEBUG n.e.o.t.s.UpdateSvc                 - sunn-cr5:10/1/2 50                                          
2019-02-05 10:52:30,462 DEBUG n.e.o.t.s.UpdateSvc                 - sunn-cr5:10/2/2 50                                          
2019-02-05 10:52:30,462 DEBUG n.e.o.t.s.UpdateSvc                 - sunn-cr5:10/2/3 50                                          
2019-02-05 10:52:30,465 INFO  n.e.o.t.s.UpdateSvc                 - inserting p: lbl-mr2:xe-7/0/0 to lbl-mr2                    
2019-02-05 10:52:30,466 DEBUG n.e.o.t.s.UpdateSvc                 - lbl-mr2:xe-8/1/0 74                                         
2019-02-05 10:52:30,466 DEBUG n.e.o.t.s.UpdateSvc                 - lbl-mr2:xe-7/0/0 74                                         
2019-02-05 10:52:30,466 DEBUG n.e.o.t.s.UpdateSvc                 - lbl-mr2:xe-8/3/0 74                                         
2019-02-05 10:52:30,466 DEBUG n.e.o.t.s.UpdateSvc                 - lbl-mr2:xe-1/1/0 74                                         
2019-02-05 10:52:30,466 DEBUG n.e.o.t.s.UpdateSvc                 - lbl-mr2:xe-0/1/0 74                                         
2019-02-05 10:52:30,466 DEBUG n.e.o.t.s.UpdateSvc                 - lbl-mr2:xe-0/2/0 74                                         
2019-02-05 10:52:30,468 INFO  n.e.o.t.s.UpdateSvc                 - inserting p: nersc-mr2:xe-7/3/0 to nersc-mr2                
2019-02-05 10:52:30,470 DEBUG n.e.o.t.s.UpdateSvc                 - nersc-mr2:xe-1/3/0 29                                       
2019-02-05 10:52:30,470 DEBUG n.e.o.t.s.UpdateSvc                 - nersc-mr2:xe-7/3/0 29                                       
2019-02-05 10:52:30,470 DEBUG n.e.o.t.s.UpdateSvc                 - nersc-mr2:xe-2/2/0 29                                       
2019-02-05 10:52:30,473 INFO  n.e.o.t.s.UpdateSvc                 - inserting p: hous-cr5:10/1/3 to hous-cr5                    
2019-02-05 10:52:30,474 DEBUG n.e.o.t.s.UpdateSvc                 - hous-cr5:1/1/1 68                                           
2019-02-05 10:52:30,474 DEBUG n.e.o.t.s.UpdateSvc                 - hous-cr5:10/1/3 68                                          
2019-02-05 10:52:30,477 INFO  n.e.o.t.s.UpdateSvc                 - inserting p: hous-cr5:10/1/4 to hous-cr5                    
2019-02-05 10:52:30,478 DEBUG n.e.o.t.s.UpdateSvc                 - hous-cr5:1/1/1 68                                           
2019-02-05 10:52:30,478 DEBUG n.e.o.t.s.UpdateSvc                 - hous-cr5:10/1/4 68                                          
2019-02-05 10:52:30,478 DEBUG n.e.o.t.s.UpdateSvc                 - hous-cr5:10/1/3 68                                          
2019-02-05 10:52:30,481 INFO  n.e.o.t.s.UpdateSvc                 - inserting p: ornl-rt4:xe-1/2/0 to ornl-rt4                  
2019-02-05 10:52:30,482 DEBUG n.e.o.t.s.UpdateSvc                 - ornl-rt4:xe-1/2/0 42                                        
2019-02-05 10:52:30,482 DEBUG n.e.o.t.s.UpdateSvc                 - ornl-rt4:xe-2/3/0 42                                        
2019-02-05 10:52:30,485 INFO  n.e.o.t.s.UpdateSvc                 - inserting p: kans-cr5:1/1/1 to kans-cr5                     
2019-02-05 10:52:30,486 DEBUG n.e.o.t.s.UpdateSvc                 - kans-cr5:1/1/1 38                                           
2019-02-05 10:52:30,489 INFO  n.e.o.t.s.UpdateSvc                 - inserting p: sacr-cr5:10/2/5 to sacr-cr5                    
2019-02-05 10:52:30,491 DEBUG n.e.o.t.s.UpdateSvc                 - sacr-cr5:10/2/5 47                                          
2019-02-05 10:52:30,491 DEBUG n.e.o.t.s.UpdateSvc                 - sacr-cr5:3/1/1 47                                           
2019-02-05 10:52:30,494 INFO  n.e.o.t.s.UpdateSvc                 - inserting p: denv-cr5:10/1/6 to denv-cr5                    
2019-02-05 10:52:30,495 DEBUG n.e.o.t.s.UpdateSvc                 - denv-cr5:4/1/1 75                                           
2019-02-05 10:52:30,496 DEBUG n.e.o.t.s.UpdateSvc                 - denv-cr5:10/1/6 75                                          
2019-02-05 10:52:30,496 DEBUG n.e.o.t.s.UpdateSvc                 - denv-cr5:4/2/1 75                                           
2019-02-05 10:52:30,498 INFO  n.e.o.t.s.UpdateSvc                 - inserting p: sacr-cr5:4/1/1 to sacr-cr5                     
2019-02-05 10:52:30,499 DEBUG n.e.o.t.s.UpdateSvc                 - sacr-cr5:4/1/1 47                                           
2019-02-05 10:52:30,499 DEBUG n.e.o.t.s.UpdateSvc                 - sacr-cr5:10/2/5 47                                          
2019-02-05 10:52:30,499 DEBUG n.e.o.t.s.UpdateSvc                 - sacr-cr5:3/1/1 47                                           
2019-02-05 10:52:30,501 INFO  n.e.o.t.s.UpdateSvc                 - inserting p: sacr-cr5:10/2/6 to sacr-cr5                    
2019-02-05 10:52:30,502 DEBUG n.e.o.t.s.UpdateSvc                 - sacr-cr5:4/1/1 47                                           
2019-02-05 10:52:30,502 DEBUG n.e.o.t.s.UpdateSvc                 - sacr-cr5:10/2/6 47                                          
2019-02-05 10:52:30,502 DEBUG n.e.o.t.s.UpdateSvc                 - sacr-cr5:10/2/5 47                                          
2019-02-05 10:52:30,502 DEBUG n.e.o.t.s.UpdateSvc                 - sacr-cr5:3/1/1 47                                           
2019-02-05 10:52:30,504 INFO  n.e.o.t.s.UpdateSvc                 - inserting p: denv-cr5:10/1/7 to denv-cr5                    
2019-02-05 10:52:30,505 DEBUG n.e.o.t.s.UpdateSvc                 - denv-cr5:4/1/1 75                                           
2019-02-05 10:52:30,505 DEBUG n.e.o.t.s.UpdateSvc                 - denv-cr5:10/1/7 75                                          
2019-02-05 10:52:30,505 DEBUG n.e.o.t.s.UpdateSvc                 - denv-cr5:10/1/6 75                                          
2019-02-05 10:52:30,505 DEBUG n.e.o.t.s.UpdateSvc                 - denv-cr5:4/2/1 75                                           
2019-02-05 10:52:30,507 INFO  n.e.o.t.s.UpdateSvc                 - inserting p: llnl-mr2:xe-2/1/0 to llnl-mr2                  
2019-02-05 10:52:30,509 DEBUG n.e.o.t.s.UpdateSvc                 - llnl-mr2:xe-3/2/0 52                                        
2019-02-05 10:52:30,509 DEBUG n.e.o.t.s.UpdateSvc                 - llnl-mr2:ge-3/0/0 52                                        
2019-02-05 10:52:30,509 DEBUG n.e.o.t.s.UpdateSvc                 - llnl-mr2:xe-2/1/0 52                                        
2019-02-05 10:52:30,509 DEBUG n.e.o.t.s.UpdateSvc                 - llnl-mr2:ge-3/0/1 52                                        
2019-02-05 10:52:30,511 INFO  n.e.o.t.s.UpdateSvc                 - inserting p: star-cr5:5/1/1 to star-cr5                     
2019-02-05 10:52:30,511 DEBUG n.e.o.t.s.UpdateSvc                 - star-cr5:3/1/1 76                                           
2019-02-05 10:52:30,511 DEBUG n.e.o.t.s.UpdateSvc                 - star-cr5:3/2/1 76                                           
2019-02-05 10:52:30,511 DEBUG n.e.o.t.s.UpdateSvc                 - star-cr5:5/1/1 76                                           
2019-02-05 10:52:30,513 INFO  n.e.o.t.s.UpdateSvc                 - inserting p: sunn-cr5:5/2/1 to sunn-cr5                     
2019-02-05 10:52:30,514 DEBUG n.e.o.t.s.UpdateSvc                 - sunn-cr5:10/1/6 50                                          
2019-02-05 10:52:30,514 DEBUG n.e.o.t.s.UpdateSvc                 - sunn-cr5:10/2/4 50                                          
2019-02-05 10:52:30,514 DEBUG n.e.o.t.s.UpdateSvc                 - sunn-cr5:10/2/6 50                                          
2019-02-05 10:52:30,514 DEBUG n.e.o.t.s.UpdateSvc                 - sunn-cr5:10/1/5 50                                          
2019-02-05 10:52:30,514 DEBUG n.e.o.t.s.UpdateSvc                 - sunn-cr5:8/1/1 50                                           
2019-02-05 10:52:30,514 DEBUG n.e.o.t.s.UpdateSvc                 - sunn-cr5:10/2/1 50                                          
2019-02-05 10:52:30,514 DEBUG n.e.o.t.s.UpdateSvc                 - sunn-cr5:10/2/5 50                                          
2019-02-05 10:52:30,514 DEBUG n.e.o.t.s.UpdateSvc                 - sunn-cr5:10/1/1 50                                          
2019-02-05 10:52:30,514 DEBUG n.e.o.t.s.UpdateSvc                 - sunn-cr5:10/1/4 50                                          
2019-02-05 10:52:30,514 DEBUG n.e.o.t.s.UpdateSvc                 - sunn-cr5:5/2/1 50                                           
2019-02-05 10:52:30,514 DEBUG n.e.o.t.s.UpdateSvc                 - sunn-cr5:7/2/1 50                                           
2019-02-05 10:52:30,514 DEBUG n.e.o.t.s.UpdateSvc                 - sunn-cr5:10/1/3 50                                          
2019-02-05 10:52:30,514 DEBUG n.e.o.t.s.UpdateSvc                 - sunn-cr5:7/1/1 50                                           
2019-02-05 10:52:30,514 DEBUG n.e.o.t.s.UpdateSvc                 - sunn-cr5:10/1/2 50                                          
2019-02-05 10:52:30,514 DEBUG n.e.o.t.s.UpdateSvc                 - sunn-cr5:10/2/2 50                                          
2019-02-05 10:52:30,514 DEBUG n.e.o.t.s.UpdateSvc                 - sunn-cr5:10/2/3 50                                          
2019-02-05 10:52:30,516 INFO  n.e.o.t.s.UpdateSvc                 - inserting p: sacr-cr5:10/2/1 to sacr-cr5                    
2019-02-05 10:52:30,517 DEBUG n.e.o.t.s.UpdateSvc                 - sacr-cr5:4/1/1 47                                           
2019-02-05 10:52:30,517 DEBUG n.e.o.t.s.UpdateSvc                 - sacr-cr5:10/2/6 47                                          
2019-02-05 10:52:30,517 DEBUG n.e.o.t.s.UpdateSvc                 - sacr-cr5:10/2/5 47                                          
2019-02-05 10:52:30,517 DEBUG n.e.o.t.s.UpdateSvc                 - sacr-cr5:10/2/1 47                                          
2019-02-05 10:52:30,517 DEBUG n.e.o.t.s.UpdateSvc                 - sacr-cr5:3/1/1 47                                           
2019-02-05 10:52:30,519 INFO  n.e.o.t.s.UpdateSvc                 - inserting p: sacr-cr5:10/2/2 to sacr-cr5                    
2019-02-05 10:52:30,520 DEBUG n.e.o.t.s.UpdateSvc                 - sacr-cr5:4/1/1 47                                           
2019-02-05 10:52:30,520 DEBUG n.e.o.t.s.UpdateSvc                 - sacr-cr5:10/2/6 47                                          
2019-02-05 10:52:30,520 DEBUG n.e.o.t.s.UpdateSvc                 - sacr-cr5:10/2/5 47                                          
2019-02-05 10:52:30,520 DEBUG n.e.o.t.s.UpdateSvc                 - sacr-cr5:10/2/2 47                                          
2019-02-05 10:52:30,520 DEBUG n.e.o.t.s.UpdateSvc                 - sacr-cr5:10/2/1 47                                          
2019-02-05 10:52:30,520 DEBUG n.e.o.t.s.UpdateSvc                 - sacr-cr5:3/1/1 47                                           
2019-02-05 10:52:30,522 INFO  n.e.o.t.s.UpdateSvc                 - inserting p: sacr-cr5:10/2/3 to sacr-cr5                    
2019-02-05 10:52:30,523 DEBUG n.e.o.t.s.UpdateSvc                 - sacr-cr5:4/1/1 47                                           
2019-02-05 10:52:30,523 DEBUG n.e.o.t.s.UpdateSvc                 - sacr-cr5:10/2/3 47                                          
2019-02-05 10:52:30,523 DEBUG n.e.o.t.s.UpdateSvc                 - sacr-cr5:10/2/6 47                                          
2019-02-05 10:52:30,523 DEBUG n.e.o.t.s.UpdateSvc                 - sacr-cr5:10/2/5 47                                          
2019-02-05 10:52:30,523 DEBUG n.e.o.t.s.UpdateSvc                 - sacr-cr5:10/2/2 47                                          
2019-02-05 10:52:30,523 DEBUG n.e.o.t.s.UpdateSvc                 - sacr-cr5:10/2/1 47                                          
2019-02-05 10:52:30,523 DEBUG n.e.o.t.s.UpdateSvc                 - sacr-cr5:3/1/1 47                                           
2019-02-05 10:52:30,525 INFO  n.e.o.t.s.UpdateSvc                 - inserting p: sacr-cr5:10/2/4 to sacr-cr5                    
2019-02-05 10:52:30,525 DEBUG n.e.o.t.s.UpdateSvc                 - sacr-cr5:4/1/1 47                                           
2019-02-05 10:52:30,525 DEBUG n.e.o.t.s.UpdateSvc                 - sacr-cr5:10/2/3 47                                          
2019-02-05 10:52:30,525 DEBUG n.e.o.t.s.UpdateSvc                 - sacr-cr5:10/2/6 47                                          
2019-02-05 10:52:30,525 DEBUG n.e.o.t.s.UpdateSvc                 - sacr-cr5:10/2/5 47                                          
2019-02-05 10:52:30,526 DEBUG n.e.o.t.s.UpdateSvc                 - sacr-cr5:10/2/4 47                                          
2019-02-05 10:52:30,526 DEBUG n.e.o.t.s.UpdateSvc                 - sacr-cr5:10/2/2 47                                          
2019-02-05 10:52:30,526 DEBUG n.e.o.t.s.UpdateSvc                 - sacr-cr5:10/2/1 47                                          
2019-02-05 10:52:30,526 DEBUG n.e.o.t.s.UpdateSvc                 - sacr-cr5:3/1/1 47                                           
2019-02-05 10:52:30,528 INFO  n.e.o.t.s.UpdateSvc                 - inserting p: ornl-rt4:ge-0/0/1 to ornl-rt4                  
2019-02-05 10:52:30,529 DEBUG n.e.o.t.s.UpdateSvc                 - ornl-rt4:xe-1/2/0 42                                        
2019-02-05 10:52:30,529 DEBUG n.e.o.t.s.UpdateSvc                 - ornl-rt4:ge-0/0/1 42                                        
2019-02-05 10:52:30,529 DEBUG n.e.o.t.s.UpdateSvc                 - ornl-rt4:xe-2/3/0 42                                        
2019-02-05 10:52:30,531 INFO  n.e.o.t.s.UpdateSvc                 - inserting p: eqx-ash-cr5:1/2/1 to eqx-ash-cr5               
2019-02-05 10:52:30,532 DEBUG n.e.o.t.s.UpdateSvc                 - eqx-ash-cr5:1/2/1 62                                        
2019-02-05 10:52:30,534 INFO  n.e.o.t.s.UpdateSvc                 - inserting p: nersc-mr2:xe-0/2/0 to nersc-mr2                
2019-02-05 10:52:30,535 DEBUG n.e.o.t.s.UpdateSvc                 - nersc-mr2:xe-1/3/0 29                                       
2019-02-05 10:52:30,535 DEBUG n.e.o.t.s.UpdateSvc                 - nersc-mr2:xe-0/2/0 29                                       
2019-02-05 10:52:30,535 DEBUG n.e.o.t.s.UpdateSvc                 - nersc-mr2:xe-7/3/0 29                                       
2019-02-05 10:52:30,535 DEBUG n.e.o.t.s.UpdateSvc                 - nersc-mr2:xe-2/2/0 29                                       
2019-02-05 10:52:30,548 INFO  n.e.o.t.s.UpdateSvc                 - inserting p: eqx-ash-cr5:10/1/6 to eqx-ash-cr5              
2019-02-05 10:52:30,549 DEBUG n.e.o.t.s.UpdateSvc                 - eqx-ash-cr5:10/1/6 62                                       
2019-02-05 10:52:30,549 DEBUG n.e.o.t.s.UpdateSvc                 - eqx-ash-cr5:1/2/1 62                                        
2019-02-05 10:52:30,552 INFO  n.e.o.t.s.UpdateSvc                 - inserting p: albq-cr5:2/1/1 to albq-cr5                     
2019-02-05 10:52:30,553 DEBUG n.e.o.t.s.UpdateSvc                 - albq-cr5:10/1/3 73                                          
2019-02-05 10:52:30,553 DEBUG n.e.o.t.s.UpdateSvc                 - albq-cr5:10/1/4 73                                          
2019-02-05 10:52:30,553 DEBUG n.e.o.t.s.UpdateSvc                 - albq-cr5:3/1/1 73                                           
2019-02-05 10:52:30,553 DEBUG n.e.o.t.s.UpdateSvc                 - albq-cr5:10/1/5 73                                          
2019-02-05 10:52:30,553 DEBUG n.e.o.t.s.UpdateSvc                 - albq-cr5:2/1/1 73                                           
2019-02-05 10:52:30,553 DEBUG n.e.o.t.s.UpdateSvc                 - albq-cr5:10/1/2 73                                          
2019-02-05 10:52:30,556 INFO  n.e.o.t.s.UpdateSvc                 - inserting p: eqx-ash-cr5:10/1/5 to eqx-ash-cr5              
2019-02-05 10:52:30,557 DEBUG n.e.o.t.s.UpdateSvc                 - eqx-ash-cr5:10/1/6 62                                       
2019-02-05 10:52:30,557 DEBUG n.e.o.t.s.UpdateSvc                 - eqx-ash-cr5:1/2/1 62                                        
2019-02-05 10:52:30,557 DEBUG n.e.o.t.s.UpdateSvc                 - eqx-ash-cr5:10/1/5 62                                       
2019-02-05 10:52:30,559 INFO  n.e.o.t.s.UpdateSvc                 - inserting p: eqx-ash-cr5:10/1/2 to eqx-ash-cr5              
2019-02-05 10:52:30,561 DEBUG n.e.o.t.s.UpdateSvc                 - eqx-ash-cr5:10/1/6 62                                       
2019-02-05 10:52:30,561 DEBUG n.e.o.t.s.UpdateSvc                 - eqx-ash-cr5:1/2/1 62                                        
2019-02-05 10:52:30,561 DEBUG n.e.o.t.s.UpdateSvc                 - eqx-ash-cr5:10/1/2 62                                       
2019-02-05 10:52:30,561 DEBUG n.e.o.t.s.UpdateSvc                 - eqx-ash-cr5:10/1/5 62                                       
2019-02-05 10:52:30,563 INFO  n.e.o.t.s.UpdateSvc                 - inserting p: llnl-mr2:xe-1/3/0 to llnl-mr2                  
2019-02-05 10:52:30,565 DEBUG n.e.o.t.s.UpdateSvc                 - llnl-mr2:xe-1/3/0 52                                        
2019-02-05 10:52:30,565 DEBUG n.e.o.t.s.UpdateSvc                 - llnl-mr2:xe-3/2/0 52                                        
2019-02-05 10:52:30,565 DEBUG n.e.o.t.s.UpdateSvc                 - llnl-mr2:ge-3/0/0 52                                        
2019-02-05 10:52:30,565 DEBUG n.e.o.t.s.UpdateSvc                 - llnl-mr2:xe-2/1/0 52                                        
2019-02-05 10:52:30,565 DEBUG n.e.o.t.s.UpdateSvc                 - llnl-mr2:ge-3/0/1 52                                        
2019-02-05 10:52:30,567 INFO  n.e.o.t.s.UpdateSvc                 - inserting p: atla-cr5:10/1/8 to atla-cr5                    
2019-02-05 10:52:30,569 DEBUG n.e.o.t.s.UpdateSvc                 - atla-cr5:1/1/1 41                                           
2019-02-05 10:52:30,569 DEBUG n.e.o.t.s.UpdateSvc                 - atla-cr5:10/1/8 41                                          
2019-02-05 10:52:30,572 INFO  n.e.o.t.s.UpdateSvc                 - inserting p: eqx-ash-cr5:10/1/1 to eqx-ash-cr5              
2019-02-05 10:52:30,572 DEBUG n.e.o.t.s.UpdateSvc                 - eqx-ash-cr5:10/1/6 62                                       
2019-02-05 10:52:30,572 DEBUG n.e.o.t.s.UpdateSvc                 - eqx-ash-cr5:10/1/1 62                                       
2019-02-05 10:52:30,573 DEBUG n.e.o.t.s.UpdateSvc                 - eqx-ash-cr5:1/2/1 62                                        
2019-02-05 10:52:30,573 DEBUG n.e.o.t.s.UpdateSvc                 - eqx-ash-cr5:10/1/2 62                                       
2019-02-05 10:52:30,573 DEBUG n.e.o.t.s.UpdateSvc                 - eqx-ash-cr5:10/1/5 62                                       
2019-02-05 10:52:30,575 INFO  n.e.o.t.s.UpdateSvc                 - inserting p: wash-cr5:6/1/1 to wash-cr5                     
2019-02-05 10:52:30,577 DEBUG n.e.o.t.s.UpdateSvc                 - wash-cr5:10/1/9 36                                          
2019-02-05 10:52:30,577 DEBUG n.e.o.t.s.UpdateSvc                 - wash-cr5:6/1/1 36                                           
2019-02-05 10:52:30,577 DEBUG n.e.o.t.s.UpdateSvc                 - wash-cr5:10/1/3 36                                          
2019-02-05 10:52:30,577 DEBUG n.e.o.t.s.UpdateSvc                 - wash-cr5:10/1/4 36                                          
2019-02-05 10:52:30,577 DEBUG n.e.o.t.s.UpdateSvc                 - wash-cr5:1/1/1 36                                           
2019-02-05 10:52:30,577 DEBUG n.e.o.t.s.UpdateSvc                 - wash-cr5:10/1/5 36                                          
2019-02-05 10:52:30,577 DEBUG n.e.o.t.s.UpdateSvc                 - wash-cr5:10/1/10 36                                         
2019-02-05 10:52:30,580 INFO  n.e.o.t.s.UpdateSvc                 - inserting p: eqx-sj-cr5:1/2/1 to eqx-sj-cr5                 
2019-02-05 10:52:30,581 DEBUG n.e.o.t.s.UpdateSvc                 - eqx-sj-cr5:1/2/1 35                                         
2019-02-05 10:52:30,584 INFO  n.e.o.t.s.UpdateSvc                 - inserting p: bost-cr5:2/1/1 to bost-cr5                     
2019-02-05 10:52:30,585 DEBUG n.e.o.t.s.UpdateSvc                 - bost-cr5:10/2/3 77                                          
2019-02-05 10:52:30,585 DEBUG n.e.o.t.s.UpdateSvc                 - bost-cr5:10/1/2 77                                          
2019-02-05 10:52:30,585 DEBUG n.e.o.t.s.UpdateSvc                 - bost-cr5:10/1/6 77                                          
2019-02-05 10:52:30,585 DEBUG n.e.o.t.s.UpdateSvc                 - bost-cr5:10/1/5 77                                          
2019-02-05 10:52:30,585 DEBUG n.e.o.t.s.UpdateSvc                 - bost-cr5:2/1/1 77                                           
2019-02-05 10:52:30,588 INFO  n.e.o.t.s.UpdateSvc                 - inserting p: chic-cr5:1/1/1 to chic-cr5                     
2019-02-05 10:52:30,589 DEBUG n.e.o.t.s.UpdateSvc                 - chic-cr5:7/1/1 55                                           
2019-02-05 10:52:30,589 DEBUG n.e.o.t.s.UpdateSvc                 - chic-cr5:1/1/1 55                                           
2019-02-05 10:52:30,589 DEBUG n.e.o.t.s.UpdateSvc                 - chic-cr5:6/2/1 55                                           
2019-02-05 10:52:30,589 DEBUG n.e.o.t.s.UpdateSvc                 - chic-cr5:BLANK 55                                           
2019-02-05 10:52:30,589 DEBUG n.e.o.t.s.UpdateSvc                 - chic-cr5:6/1/1 55                                           
2019-02-05 10:52:30,592 INFO  n.e.o.t.s.UpdateSvc                 - inserting p: atla-cr5:10/1/2 to atla-cr5                    
2019-02-05 10:52:30,593 DEBUG n.e.o.t.s.UpdateSvc                 - atla-cr5:1/1/1 41                                           
2019-02-05 10:52:30,593 DEBUG n.e.o.t.s.UpdateSvc                 - atla-cr5:10/1/2 41                                          
2019-02-05 10:52:30,593 DEBUG n.e.o.t.s.UpdateSvc                 - atla-cr5:10/1/8 41                                          
2019-02-05 10:52:30,595 INFO  n.e.o.t.s.UpdateSvc                 - inserting p: atla-cr5:3/1/1 to atla-cr5                     
2019-02-05 10:52:30,595 DEBUG n.e.o.t.s.UpdateSvc                 - atla-cr5:1/1/1 41                                           
2019-02-05 10:52:30,595 DEBUG n.e.o.t.s.UpdateSvc                 - atla-cr5:10/1/2 41                                          
2019-02-05 10:52:30,595 DEBUG n.e.o.t.s.UpdateSvc                 - atla-cr5:10/1/8 41                                          
2019-02-05 10:52:30,595 DEBUG n.e.o.t.s.UpdateSvc                 - atla-cr5:3/1/1 41                                           
2019-02-05 10:52:30,598 INFO  n.e.o.t.s.UpdateSvc                 - inserting p: atla-cr5:10/1/3 to atla-cr5                    
2019-02-05 10:52:30,599 DEBUG n.e.o.t.s.UpdateSvc                 - atla-cr5:1/1/1 41                                           
2019-02-05 10:52:30,599 DEBUG n.e.o.t.s.UpdateSvc                 - atla-cr5:10/1/2 41                                          
2019-02-05 10:52:30,599 DEBUG n.e.o.t.s.UpdateSvc                 - atla-cr5:10/1/8 41                                          
2019-02-05 10:52:30,599 DEBUG n.e.o.t.s.UpdateSvc                 - atla-cr5:3/1/1 41                                           
2019-02-05 10:52:30,599 DEBUG n.e.o.t.s.UpdateSvc                 - atla-cr5:10/1/3 41                                          
2019-02-05 10:52:30,601 INFO  n.e.o.t.s.UpdateSvc                 - inserting p: sacr-cr5:10/1/1 to sacr-cr5                    
2019-02-05 10:52:30,602 DEBUG n.e.o.t.s.UpdateSvc                 - sacr-cr5:4/1/1 47                                           
2019-02-05 10:52:30,602 DEBUG n.e.o.t.s.UpdateSvc                 - sacr-cr5:10/2/3 47                                          
2019-02-05 10:52:30,602 DEBUG n.e.o.t.s.UpdateSvc                 - sacr-cr5:10/2/6 47                                          
2019-02-05 10:52:30,602 DEBUG n.e.o.t.s.UpdateSvc                 - sacr-cr5:10/2/5 47                                          
2019-02-05 10:52:30,602 DEBUG n.e.o.t.s.UpdateSvc                 - sacr-cr5:10/2/4 47                                          
2019-02-05 10:52:30,602 DEBUG n.e.o.t.s.UpdateSvc                 - sacr-cr5:10/2/2 47                                          
2019-02-05 10:52:30,602 DEBUG n.e.o.t.s.UpdateSvc                 - sacr-cr5:10/2/1 47                                          
2019-02-05 10:52:30,602 DEBUG n.e.o.t.s.UpdateSvc                 - sacr-cr5:3/1/1 47                                           
2019-02-05 10:52:30,602 DEBUG n.e.o.t.s.UpdateSvc                 - sacr-cr5:10/1/1 47                                          
2019-02-05 10:52:30,605 INFO  n.e.o.t.s.UpdateSvc                 - inserting p: newy-cr5:4/1/1 to newy-cr5                     
2019-02-05 10:52:30,606 DEBUG n.e.o.t.s.UpdateSvc                 - newy-cr5:10/1/2 59                                          
2019-02-05 10:52:30,606 DEBUG n.e.o.t.s.UpdateSvc                 - newy-cr5:9/1/1 59                                           
2019-02-05 10:52:30,606 DEBUG n.e.o.t.s.UpdateSvc                 - newy-cr5:4/1/1 59                                           
2019-02-05 10:52:30,606 DEBUG n.e.o.t.s.UpdateSvc                 - newy-cr5:9/1/4 59                                           
2019-02-05 10:52:30,606 DEBUG n.e.o.t.s.UpdateSvc                 - newy-cr5:2/1/1 59                                           
2019-02-05 10:52:30,606 DEBUG n.e.o.t.s.UpdateSvc                 - newy-cr5:10/1/9 59                                          
2019-02-05 10:52:30,606 DEBUG n.e.o.t.s.UpdateSvc                 - newy-cr5:3/1/1 59                                           
2019-02-05 10:52:30,606 DEBUG n.e.o.t.s.UpdateSvc                 - newy-cr5:10/1/3 59                                          
2019-02-05 10:52:30,609 INFO  n.e.o.t.s.UpdateSvc                 - inserting p: sacr-cr5:10/1/6 to sacr-cr5                    
2019-02-05 10:52:30,610 DEBUG n.e.o.t.s.UpdateSvc                 - sacr-cr5:4/1/1 47                                           
2019-02-05 10:52:30,610 DEBUG n.e.o.t.s.UpdateSvc                 - sacr-cr5:10/2/3 47                                          
2019-02-05 10:52:30,610 DEBUG n.e.o.t.s.UpdateSvc                 - sacr-cr5:10/2/6 47                                          
2019-02-05 10:52:30,610 DEBUG n.e.o.t.s.UpdateSvc                 - sacr-cr5:10/2/5 47                                          
2019-02-05 10:52:30,610 DEBUG n.e.o.t.s.UpdateSvc                 - sacr-cr5:10/1/6 47                                          
2019-02-05 10:52:30,610 DEBUG n.e.o.t.s.UpdateSvc                 - sacr-cr5:10/2/4 47                                          
2019-02-05 10:52:30,610 DEBUG n.e.o.t.s.UpdateSvc                 - sacr-cr5:10/2/2 47                                          
2019-02-05 10:52:30,610 DEBUG n.e.o.t.s.UpdateSvc                 - sacr-cr5:10/2/1 47                                          
2019-02-05 10:52:30,610 DEBUG n.e.o.t.s.UpdateSvc                 - sacr-cr5:3/1/1 47                                           
2019-02-05 10:52:30,610 DEBUG n.e.o.t.s.UpdateSvc                 - sacr-cr5:10/1/1 47                                          
2019-02-05 10:52:30,612 INFO  n.e.o.t.s.UpdateSvc                 - inserting p: llnl-mr2:xe-2/2/0 to llnl-mr2                  
2019-02-05 10:52:30,613 DEBUG n.e.o.t.s.UpdateSvc                 - llnl-mr2:xe-1/3/0 52                                        
2019-02-05 10:52:30,613 DEBUG n.e.o.t.s.UpdateSvc                 - llnl-mr2:xe-3/2/0 52                                        
2019-02-05 10:52:30,613 DEBUG n.e.o.t.s.UpdateSvc                 - llnl-mr2:ge-3/0/0 52                                        
2019-02-05 10:52:30,613 DEBUG n.e.o.t.s.UpdateSvc                 - llnl-mr2:xe-2/2/0 52                                        
2019-02-05 10:52:30,613 DEBUG n.e.o.t.s.UpdateSvc                 - llnl-mr2:xe-2/1/0 52                                        
2019-02-05 10:52:30,613 DEBUG n.e.o.t.s.UpdateSvc                 - llnl-mr2:ge-3/0/1 52                                        
2019-02-05 10:52:30,616 INFO  n.e.o.t.s.UpdateSvc                 - inserting p: chic-cr5:8/1/1 to chic-cr5                     
2019-02-05 10:52:30,617 DEBUG n.e.o.t.s.UpdateSvc                 - chic-cr5:7/1/1 55                                           
2019-02-05 10:52:30,617 DEBUG n.e.o.t.s.UpdateSvc                 - chic-cr5:1/1/1 55                                           
2019-02-05 10:52:30,617 DEBUG n.e.o.t.s.UpdateSvc                 - chic-cr5:8/1/1 55                                           
2019-02-05 10:52:30,617 DEBUG n.e.o.t.s.UpdateSvc                 - chic-cr5:6/2/1 55                                           
2019-02-05 10:52:30,617 DEBUG n.e.o.t.s.UpdateSvc                 - chic-cr5:BLANK 55                                           
2019-02-05 10:52:30,617 DEBUG n.e.o.t.s.UpdateSvc                 - chic-cr5:6/1/1 55                                           
2019-02-05 10:52:30,619 INFO  n.e.o.t.s.UpdateSvc                 - inserting p: sacr-cr5:10/1/2 to sacr-cr5                    
2019-02-05 10:52:30,620 DEBUG n.e.o.t.s.UpdateSvc                 - sacr-cr5:4/1/1 47                                           
2019-02-05 10:52:30,620 DEBUG n.e.o.t.s.UpdateSvc                 - sacr-cr5:10/2/3 47                                          
2019-02-05 10:52:30,621 DEBUG n.e.o.t.s.UpdateSvc                 - sacr-cr5:10/2/6 47                                          
2019-02-05 10:52:30,621 DEBUG n.e.o.t.s.UpdateSvc                 - sacr-cr5:10/2/5 47                                          
2019-02-05 10:52:30,621 DEBUG n.e.o.t.s.UpdateSvc                 - sacr-cr5:10/1/6 47                                          
2019-02-05 10:52:30,621 DEBUG n.e.o.t.s.UpdateSvc                 - sacr-cr5:10/1/2 47                                          
2019-02-05 10:52:30,621 DEBUG n.e.o.t.s.UpdateSvc                 - sacr-cr5:10/2/4 47                                          
2019-02-05 10:52:30,621 DEBUG n.e.o.t.s.UpdateSvc                 - sacr-cr5:10/2/2 47                                          
2019-02-05 10:52:30,621 DEBUG n.e.o.t.s.UpdateSvc                 - sacr-cr5:10/2/1 47                                          
2019-02-05 10:52:30,621 DEBUG n.e.o.t.s.UpdateSvc                 - sacr-cr5:3/1/1 47                                           
2019-02-05 10:52:30,621 DEBUG n.e.o.t.s.UpdateSvc                 - sacr-cr5:10/1/1 47                                          
2019-02-05 10:52:30,623 INFO  n.e.o.t.s.UpdateSvc                 - inserting p: sacr-cr5:10/1/4 to sacr-cr5                    
2019-02-05 10:52:30,624 DEBUG n.e.o.t.s.UpdateSvc                 - sacr-cr5:4/1/1 47                                           
2019-02-05 10:52:30,624 DEBUG n.e.o.t.s.UpdateSvc                 - sacr-cr5:10/2/3 47                                          
2019-02-05 10:52:30,624 DEBUG n.e.o.t.s.UpdateSvc                 - sacr-cr5:10/2/6 47                                          
2019-02-05 10:52:30,624 DEBUG n.e.o.t.s.UpdateSvc                 - sacr-cr5:10/2/5 47                                          
2019-02-05 10:52:30,624 DEBUG n.e.o.t.s.UpdateSvc                 - sacr-cr5:10/1/6 47                                          
2019-02-05 10:52:30,624 DEBUG n.e.o.t.s.UpdateSvc                 - sacr-cr5:10/1/2 47                                          
2019-02-05 10:52:30,624 DEBUG n.e.o.t.s.UpdateSvc                 - sacr-cr5:10/1/4 47                                          
2019-02-05 10:52:30,624 DEBUG n.e.o.t.s.UpdateSvc                 - sacr-cr5:10/2/4 47                                          
2019-02-05 10:52:30,624 DEBUG n.e.o.t.s.UpdateSvc                 - sacr-cr5:10/2/2 47                                          
2019-02-05 10:52:30,624 DEBUG n.e.o.t.s.UpdateSvc                 - sacr-cr5:10/2/1 47                                          
2019-02-05 10:52:30,624 DEBUG n.e.o.t.s.UpdateSvc                 - sacr-cr5:3/1/1 47                                           
2019-02-05 10:52:30,624 DEBUG n.e.o.t.s.UpdateSvc                 - sacr-cr5:10/1/1 47                                          
2019-02-05 10:52:30,626 INFO  n.e.o.t.s.UpdateSvc                 - inserting p: cern-773-cr5:BLANK to cern-773-cr5             
2019-02-05 10:52:30,627 DEBUG n.e.o.t.s.UpdateSvc                 - cern-773-cr5:BLANK 44                                       
2019-02-05 10:52:30,627 DEBUG n.e.o.t.s.UpdateSvc                 - cern-773-cr5:10/1/2 44                                      
2019-02-05 10:52:30,627 DEBUG n.e.o.t.s.UpdateSvc                 - cern-773-cr5:10/1/1 44                                      
2019-02-05 10:52:30,627 DEBUG n.e.o.t.s.UpdateSvc                 - cern-773-cr5:10/1/3 44                                      
2019-02-05 10:52:30,629 INFO  n.e.o.t.s.UpdateSvc                 - inserting p: forr-rt2:ge-0/0/5 to forr-rt2                  
2019-02-05 10:52:30,629 DEBUG n.e.o.t.s.UpdateSvc                 - forr-rt2:ge-0/0/5 63                                        
2019-02-05 10:52:30,631 INFO  n.e.o.t.s.UpdateSvc                 - inserting p: forr-rt2:ge-0/0/4 to forr-rt2                  
2019-02-05 10:52:30,632 DEBUG n.e.o.t.s.UpdateSvc                 - forr-rt2:ge-0/0/5 63                                        
2019-02-05 10:52:30,632 DEBUG n.e.o.t.s.UpdateSvc                 - forr-rt2:ge-0/0/4 63                                        
2019-02-05 10:52:30,644 INFO  n.e.o.t.s.UpdateSvc                 - inserting p: eqx-ash-cr5:1/1/1 to eqx-ash-cr5               
2019-02-05 10:52:30,645 DEBUG n.e.o.t.s.UpdateSvc                 - eqx-ash-cr5:10/1/6 62                                       
2019-02-05 10:52:30,645 DEBUG n.e.o.t.s.UpdateSvc                 - eqx-ash-cr5:10/1/1 62                                       
2019-02-05 10:52:30,645 DEBUG n.e.o.t.s.UpdateSvc                 - eqx-ash-cr5:1/2/1 62                                        
2019-02-05 10:52:30,645 DEBUG n.e.o.t.s.UpdateSvc                 - eqx-ash-cr5:1/1/1 62                                        
2019-02-05 10:52:30,645 DEBUG n.e.o.t.s.UpdateSvc                 - eqx-ash-cr5:10/1/2 62                                       
2019-02-05 10:52:30,645 DEBUG n.e.o.t.s.UpdateSvc                 - eqx-ash-cr5:10/1/5 62                                       
2019-02-05 10:52:30,647 INFO  n.e.o.t.s.UpdateSvc                 - inserting p: forr-rt2:ge-0/0/2 to forr-rt2                  
2019-02-05 10:52:30,648 DEBUG n.e.o.t.s.UpdateSvc                 - forr-rt2:ge-0/0/5 63                                        
2019-02-05 10:52:30,648 DEBUG n.e.o.t.s.UpdateSvc                 - forr-rt2:ge-0/0/4 63                                        
2019-02-05 10:52:30,649 DEBUG n.e.o.t.s.UpdateSvc                 - forr-rt2:ge-0/0/2 63                                        
2019-02-05 10:52:30,651 INFO  n.e.o.t.s.UpdateSvc                 - inserting p: forr-rt2:ge-0/0/1 to forr-rt2                  
2019-02-05 10:52:30,652 DEBUG n.e.o.t.s.UpdateSvc                 - forr-rt2:ge-0/0/5 63                                        
2019-02-05 10:52:30,652 DEBUG n.e.o.t.s.UpdateSvc                 - forr-rt2:ge-0/0/4 63                                        
2019-02-05 10:52:30,652 DEBUG n.e.o.t.s.UpdateSvc                 - forr-rt2:ge-0/0/1 63                                        
2019-02-05 10:52:30,652 DEBUG n.e.o.t.s.UpdateSvc                 - forr-rt2:ge-0/0/2 63                                        
2019-02-05 10:52:30,655 INFO  n.e.o.t.s.UpdateSvc                 - inserting p: forr-rt2:ge-0/0/0 to forr-rt2                  
2019-02-05 10:52:30,656 DEBUG n.e.o.t.s.UpdateSvc                 - forr-rt2:ge-0/0/5 63                                        
2019-02-05 10:52:30,656 DEBUG n.e.o.t.s.UpdateSvc                 - forr-rt2:ge-0/0/0 63                                        
2019-02-05 10:52:30,656 DEBUG n.e.o.t.s.UpdateSvc                 - forr-rt2:ge-0/0/4 63                                        
2019-02-05 10:52:30,656 DEBUG n.e.o.t.s.UpdateSvc                 - forr-rt2:ge-0/0/1 63                                        
2019-02-05 10:52:30,656 DEBUG n.e.o.t.s.UpdateSvc                 - forr-rt2:ge-0/0/2 63                                        
2019-02-05 10:52:30,658 INFO  n.e.o.t.s.UpdateSvc                 - inserting p: chic-cr5:7/2/1 to chic-cr5                     
2019-02-05 10:52:30,660 DEBUG n.e.o.t.s.UpdateSvc                 - chic-cr5:7/1/1 55                                           
2019-02-05 10:52:30,660 DEBUG n.e.o.t.s.UpdateSvc                 - chic-cr5:1/1/1 55                                           
2019-02-05 10:52:30,660 DEBUG n.e.o.t.s.UpdateSvc                 - chic-cr5:8/1/1 55                                           
2019-02-05 10:52:30,660 DEBUG n.e.o.t.s.UpdateSvc                 - chic-cr5:6/2/1 55                                           
2019-02-05 10:52:30,660 DEBUG n.e.o.t.s.UpdateSvc                 - chic-cr5:BLANK 55                                           
2019-02-05 10:52:30,660 DEBUG n.e.o.t.s.UpdateSvc                 - chic-cr5:6/1/1 55                                           
2019-02-05 10:52:30,660 DEBUG n.e.o.t.s.UpdateSvc                 - chic-cr5:7/2/1 55                                           
2019-02-05 10:52:30,663 INFO  n.e.o.t.s.UpdateSvc                 - inserting p: nersc-mr2:xe-1/1/0 to nersc-mr2                
2019-02-05 10:52:30,664 DEBUG n.e.o.t.s.UpdateSvc                 - nersc-mr2:xe-1/1/0 29                                       
2019-02-05 10:52:30,664 DEBUG n.e.o.t.s.UpdateSvc                 - nersc-mr2:xe-1/3/0 29                                       
2019-02-05 10:52:30,664 DEBUG n.e.o.t.s.UpdateSvc                 - nersc-mr2:xe-0/2/0 29                                       
2019-02-05 10:52:30,665 DEBUG n.e.o.t.s.UpdateSvc                 - nersc-mr2:xe-7/3/0 29                                       
2019-02-05 10:52:30,665 DEBUG n.e.o.t.s.UpdateSvc                 - nersc-mr2:xe-2/2/0 29                                       
2019-02-05 10:52:30,667 INFO  n.e.o.t.s.UpdateSvc                 - inserting p: amst-cr5:5/1/1 to amst-cr5                     
2019-02-05 10:52:30,668 DEBUG n.e.o.t.s.UpdateSvc                 - amst-cr5:10/2/5 72                                          
2019-02-05 10:52:30,668 DEBUG n.e.o.t.s.UpdateSvc                 - amst-cr5:10/1/1 72                                          
2019-02-05 10:52:30,668 DEBUG n.e.o.t.s.UpdateSvc                 - amst-cr5:5/1/1 72                                           
2019-02-05 10:52:30,669 DEBUG n.e.o.t.s.UpdateSvc                 - amst-cr5:10/1/2 72                                          
2019-02-05 10:52:30,671 INFO  n.e.o.t.s.UpdateSvc                 - inserting p: bois-cr1:xe-0/0/0 to bois-cr1                  
2019-02-05 10:52:30,672 DEBUG n.e.o.t.s.UpdateSvc                 - bois-cr1:xe-7/3/0 39                                        
2019-02-05 10:52:30,672 DEBUG n.e.o.t.s.UpdateSvc                 - bois-cr1:xe-0/0/0 39                                        
2019-02-05 10:52:30,672 DEBUG n.e.o.t.s.UpdateSvc                 - bois-cr1:xe-7/1/0 39                                        
2019-02-05 10:52:30,672 DEBUG n.e.o.t.s.UpdateSvc                 - bois-cr1:xe-1/2/0 39                                        
2019-02-05 10:52:30,675 INFO  n.e.o.t.s.UpdateSvc                 - inserting p: sacr-cr5:1/1/1 to sacr-cr5                     
2019-02-05 10:52:30,675 DEBUG n.e.o.t.s.UpdateSvc                 - sacr-cr5:10/2/6 47                                          
2019-02-05 10:52:30,676 DEBUG n.e.o.t.s.UpdateSvc                 - sacr-cr5:10/1/6 47                                          
2019-02-05 10:52:30,676 DEBUG n.e.o.t.s.UpdateSvc                 - sacr-cr5:1/1/1 47                                           
2019-02-05 10:52:30,676 DEBUG n.e.o.t.s.UpdateSvc                 - sacr-cr5:10/2/1 47                                          
2019-02-05 10:52:30,676 DEBUG n.e.o.t.s.UpdateSvc                 - sacr-cr5:3/1/1 47                                           
2019-02-05 10:52:30,676 DEBUG n.e.o.t.s.UpdateSvc                 - sacr-cr5:4/1/1 47                                           
2019-02-05 10:52:30,676 DEBUG n.e.o.t.s.UpdateSvc                 - sacr-cr5:10/2/3 47                                          
2019-02-05 10:52:30,676 DEBUG n.e.o.t.s.UpdateSvc                 - sacr-cr5:10/2/5 47                                          
2019-02-05 10:52:30,676 DEBUG n.e.o.t.s.UpdateSvc                 - sacr-cr5:10/1/2 47                                          
2019-02-05 10:52:30,676 DEBUG n.e.o.t.s.UpdateSvc                 - sacr-cr5:10/1/4 47                                          
2019-02-05 10:52:30,676 DEBUG n.e.o.t.s.UpdateSvc                 - sacr-cr5:10/2/4 47                                          
2019-02-05 10:52:30,676 DEBUG n.e.o.t.s.UpdateSvc                 - sacr-cr5:10/2/2 47                                          
2019-02-05 10:52:30,676 DEBUG n.e.o.t.s.UpdateSvc                 - sacr-cr5:10/1/1 47                                          
2019-02-05 10:52:30,678 INFO  n.e.o.t.s.UpdateSvc                 - inserting p: ameslab-rt3:xe-1/1/0 to ameslab-rt3            
2019-02-05 10:52:30,680 DEBUG n.e.o.t.s.UpdateSvc                 - ameslab-rt3:xe-1/3/0 67                                     
2019-02-05 10:52:30,680 DEBUG n.e.o.t.s.UpdateSvc                 - ameslab-rt3:xe-1/1/0 67                                     
2019-02-05 10:52:30,684 INFO  n.e.o.t.s.UpdateSvc                 - inserting p: pnwg-cr5:3/1/1 to pnwg-cr5                     
2019-02-05 10:52:30,686 DEBUG n.e.o.t.s.UpdateSvc                 - pnwg-cr5:BLANK 71                                           
2019-02-05 10:52:30,686 DEBUG n.e.o.t.s.UpdateSvc                 - pnwg-cr5:3/1/1 71                                           
2019-02-05 10:52:30,689 INFO  n.e.o.t.s.UpdateSvc                 - inserting p: lbl-mr2:xe-7/2/0 to lbl-mr2                    
2019-02-05 10:52:30,690 DEBUG n.e.o.t.s.UpdateSvc                 - lbl-mr2:xe-8/1/0 74                                         
2019-02-05 10:52:30,691 DEBUG n.e.o.t.s.UpdateSvc                 - lbl-mr2:xe-7/0/0 74                                         
2019-02-05 10:52:30,691 DEBUG n.e.o.t.s.UpdateSvc                 - lbl-mr2:xe-7/2/0 74                                         
2019-02-05 10:52:30,691 DEBUG n.e.o.t.s.UpdateSvc                 - lbl-mr2:xe-8/3/0 74                                         
2019-02-05 10:52:30,691 DEBUG n.e.o.t.s.UpdateSvc                 - lbl-mr2:xe-1/1/0 74                                         
2019-02-05 10:52:30,691 DEBUG n.e.o.t.s.UpdateSvc                 - lbl-mr2:xe-0/1/0 74                                         
2019-02-05 10:52:30,691 DEBUG n.e.o.t.s.UpdateSvc                 - lbl-mr2:xe-0/2/0 74                                         
2019-02-05 10:52:30,693 INFO  n.e.o.t.s.UpdateSvc                 - inserting p: aofa-cr5:4/2/1 to aofa-cr5                     
2019-02-05 10:52:30,694 DEBUG n.e.o.t.s.UpdateSvc                 - aofa-cr5:4/2/1 69                                           
2019-02-05 10:52:30,694 DEBUG n.e.o.t.s.UpdateSvc                 - aofa-cr5:6/2/1 69                                           
2019-02-05 10:52:30,694 DEBUG n.e.o.t.s.UpdateSvc                 - aofa-cr5:10/1/2 69                                          
2019-02-05 10:52:30,694 DEBUG n.e.o.t.s.UpdateSvc                 - aofa-cr5:5/1/1 69                                           
2019-02-05 10:52:30,694 DEBUG n.e.o.t.s.UpdateSvc                 - aofa-cr5:10/1/9 69                                          
2019-02-05 10:52:30,694 DEBUG n.e.o.t.s.UpdateSvc                 - aofa-cr5:10/1/8 69                                          
2019-02-05 10:52:30,694 DEBUG n.e.o.t.s.UpdateSvc                 - aofa-cr5:10/1/1 69                                          
2019-02-05 10:52:30,696 INFO  n.e.o.t.s.UpdateSvc                 - inserting p: cern-513-cr5:2/1/1 to cern-513-cr5             
2019-02-05 10:52:30,697 DEBUG n.e.o.t.s.UpdateSvc                 - cern-513-cr5:1/1/1 34                                       
2019-02-05 10:52:30,697 DEBUG n.e.o.t.s.UpdateSvc                 - cern-513-cr5:2/1/1 34                                       
2019-02-05 10:52:30,697 DEBUG n.e.o.t.s.UpdateSvc                 - cern-513-cr5:1/2/1 34                                       
2019-02-05 10:52:30,699 INFO  n.e.o.t.s.UpdateSvc                 - inserting p: ameslab-rt3:xe-0/2/0 to ameslab-rt3            
2019-02-05 10:52:30,700 DEBUG n.e.o.t.s.UpdateSvc                 - ameslab-rt3:xe-0/2/0 67                                     
2019-02-05 10:52:30,700 DEBUG n.e.o.t.s.UpdateSvc                 - ameslab-rt3:xe-1/3/0 67                                     
2019-02-05 10:52:30,700 DEBUG n.e.o.t.s.UpdateSvc                 - ameslab-rt3:xe-1/1/0 67                                     
2019-02-05 10:52:30,702 INFO  n.e.o.t.s.UpdateSvc                 - inserting p: star-cr5:4/1/1 to star-cr5                     
2019-02-05 10:52:30,703 DEBUG n.e.o.t.s.UpdateSvc                 - star-cr5:3/1/1 76                                           
2019-02-05 10:52:30,703 DEBUG n.e.o.t.s.UpdateSvc                 - star-cr5:3/2/1 76                                           
2019-02-05 10:52:30,703 DEBUG n.e.o.t.s.UpdateSvc                 - star-cr5:5/1/1 76                                           
2019-02-05 10:52:30,703 DEBUG n.e.o.t.s.UpdateSvc                 - star-cr5:4/1/1 76                                           
2019-02-05 10:52:30,706 INFO  n.e.o.t.s.UpdateSvc                 - inserting p: lsvn-cr1:xe-1/2/0 to lsvn-cr1                  
2019-02-05 10:52:30,706 DEBUG n.e.o.t.s.UpdateSvc                 - lsvn-cr1:ge-1/1/1 49                                        
2019-02-05 10:52:30,707 DEBUG n.e.o.t.s.UpdateSvc                 - lsvn-cr1:ge-1/0/1 49                                        
2019-02-05 10:52:30,707 DEBUG n.e.o.t.s.UpdateSvc                 - lsvn-cr1:xe-2/1/0 49                                        
2019-02-05 10:52:30,707 DEBUG n.e.o.t.s.UpdateSvc                 - lsvn-cr1:xe-1/2/0 49                                        
2019-02-05 10:52:30,707 DEBUG n.e.o.t.s.UpdateSvc                 - lsvn-cr1:ge-1/1/0 49                                        
2019-02-05 10:52:30,707 DEBUG n.e.o.t.s.UpdateSvc                 - lsvn-cr1:ge-1/1/5 49                                        
2019-02-05 10:52:30,707 DEBUG n.e.o.t.s.UpdateSvc                 - lsvn-cr1:xe-2/2/0 49                                        
2019-02-05 10:52:30,707 DEBUG n.e.o.t.s.UpdateSvc                 - lsvn-cr1:ge-1/0/0 49                                        
2019-02-05 10:52:30,709 INFO  n.e.o.t.s.UpdateSvc                 - inserting p: newy-cr5:4/2/1 to newy-cr5                     
2019-02-05 10:52:30,710 DEBUG n.e.o.t.s.UpdateSvc                 - newy-cr5:10/1/2 59                                          
2019-02-05 10:52:30,710 DEBUG n.e.o.t.s.UpdateSvc                 - newy-cr5:9/1/1 59                                           
2019-02-05 10:52:30,710 DEBUG n.e.o.t.s.UpdateSvc                 - newy-cr5:4/1/1 59                                           
2019-02-05 10:52:30,710 DEBUG n.e.o.t.s.UpdateSvc                 - newy-cr5:9/1/4 59                                           
2019-02-05 10:52:30,710 DEBUG n.e.o.t.s.UpdateSvc                 - newy-cr5:2/1/1 59                                           
2019-02-05 10:52:30,710 DEBUG n.e.o.t.s.UpdateSvc                 - newy-cr5:10/1/9 59                                          
2019-02-05 10:52:30,710 DEBUG n.e.o.t.s.UpdateSvc                 - newy-cr5:3/1/1 59                                           
2019-02-05 10:52:30,710 DEBUG n.e.o.t.s.UpdateSvc                 - newy-cr5:10/1/3 59                                          
2019-02-05 10:52:30,710 DEBUG n.e.o.t.s.UpdateSvc                 - newy-cr5:4/2/1 59                                           
2019-02-05 10:52:30,712 INFO  n.e.o.t.s.UpdateSvc                 - inserting p: albq-cr5:1/1/1 to albq-cr5                     
2019-02-05 10:52:30,713 DEBUG n.e.o.t.s.UpdateSvc                 - albq-cr5:10/1/3 73                                          
2019-02-05 10:52:30,713 DEBUG n.e.o.t.s.UpdateSvc                 - albq-cr5:10/1/4 73                                          
2019-02-05 10:52:30,713 DEBUG n.e.o.t.s.UpdateSvc                 - albq-cr5:3/1/1 73                                           
2019-02-05 10:52:30,713 DEBUG n.e.o.t.s.UpdateSvc                 - albq-cr5:10/1/5 73                                          
2019-02-05 10:52:30,713 DEBUG n.e.o.t.s.UpdateSvc                 - albq-cr5:2/1/1 73                                           
2019-02-05 10:52:30,713 DEBUG n.e.o.t.s.UpdateSvc                 - albq-cr5:1/1/1 73                                           
2019-02-05 10:52:30,713 DEBUG n.e.o.t.s.UpdateSvc                 - albq-cr5:10/1/2 73                                          
2019-02-05 10:52:30,715 INFO  n.e.o.t.s.UpdateSvc                 - inserting p: pnwg-cr5:1/1/1 to pnwg-cr5                     
2019-02-05 10:52:30,716 DEBUG n.e.o.t.s.UpdateSvc                 - pnwg-cr5:BLANK 71                                           
2019-02-05 10:52:30,716 DEBUG n.e.o.t.s.UpdateSvc                 - pnwg-cr5:1/1/1 71                                           
2019-02-05 10:52:30,716 DEBUG n.e.o.t.s.UpdateSvc                 - pnwg-cr5:3/1/1 71                                           
2019-02-05 10:52:30,718 INFO  n.e.o.t.s.UpdateSvc                 - inserting p: kans-cr5:10/1/4 to kans-cr5                    
2019-02-05 10:52:30,718 DEBUG n.e.o.t.s.UpdateSvc                 - kans-cr5:1/1/1 38                                           
2019-02-05 10:52:30,719 DEBUG n.e.o.t.s.UpdateSvc                 - kans-cr5:10/1/4 38                                          
2019-02-05 10:52:30,721 INFO  n.e.o.t.s.UpdateSvc                 - inserting p: elpa-cr5:10/1/5 to elpa-cr5                    
2019-02-05 10:52:30,722 DEBUG n.e.o.t.s.UpdateSvc                 - elpa-cr5:10/1/5 46                                          
2019-02-05 10:52:30,724 INFO  n.e.o.t.s.UpdateSvc                 - inserting p: kans-cr5:10/1/3 to kans-cr5                    
2019-02-05 10:52:30,725 DEBUG n.e.o.t.s.UpdateSvc                 - kans-cr5:1/1/1 38                                           
2019-02-05 10:52:30,725 DEBUG n.e.o.t.s.UpdateSvc                 - kans-cr5:10/1/4 38                                          
2019-02-05 10:52:30,725 DEBUG n.e.o.t.s.UpdateSvc                 - kans-cr5:10/1/3 38                                          
2019-02-05 10:52:30,727 INFO  n.e.o.t.s.UpdateSvc                 - inserting p: pnwg-cr5:2/2/1 to pnwg-cr5                     
2019-02-05 10:52:30,728 DEBUG n.e.o.t.s.UpdateSvc                 - pnwg-cr5:BLANK 71                                           
2019-02-05 10:52:30,728 DEBUG n.e.o.t.s.UpdateSvc                 - pnwg-cr5:1/1/1 71                                           
2019-02-05 10:52:30,728 DEBUG n.e.o.t.s.UpdateSvc                 - pnwg-cr5:3/1/1 71                                           
2019-02-05 10:52:30,728 DEBUG n.e.o.t.s.UpdateSvc                 - pnwg-cr5:2/2/1 71                                           
2019-02-05 10:52:30,730 INFO  n.e.o.t.s.UpdateSvc                 - inserting p: bois-cr1:xe-0/1/0 to bois-cr1                  
2019-02-05 10:52:30,731 DEBUG n.e.o.t.s.UpdateSvc                 - bois-cr1:xe-7/3/0 39                                        
2019-02-05 10:52:30,732 DEBUG n.e.o.t.s.UpdateSvc                 - bois-cr1:xe-0/0/0 39                                        
2019-02-05 10:52:30,732 DEBUG n.e.o.t.s.UpdateSvc                 - bois-cr1:xe-7/1/0 39                                        
2019-02-05 10:52:30,732 DEBUG n.e.o.t.s.UpdateSvc                 - bois-cr1:xe-0/1/0 39                                        
2019-02-05 10:52:30,732 DEBUG n.e.o.t.s.UpdateSvc                 - bois-cr1:xe-1/2/0 39                                        
2019-02-05 10:52:30,745 INFO  n.e.o.t.s.UpdateSvc                 - inserting p: eqx-ash-cr5:BLANK to eqx-ash-cr5               
2019-02-05 10:52:30,746 DEBUG n.e.o.t.s.UpdateSvc                 - eqx-ash-cr5:10/1/6 62                                       
2019-02-05 10:52:30,746 DEBUG n.e.o.t.s.UpdateSvc                 - eqx-ash-cr5:10/1/1 62                                       
2019-02-05 10:52:30,746 DEBUG n.e.o.t.s.UpdateSvc                 - eqx-ash-cr5:1/2/1 62                                        
2019-02-05 10:52:30,746 DEBUG n.e.o.t.s.UpdateSvc                 - eqx-ash-cr5:1/1/1 62                                        
2019-02-05 10:52:30,746 DEBUG n.e.o.t.s.UpdateSvc                 - eqx-ash-cr5:10/1/2 62                                       
2019-02-05 10:52:30,746 DEBUG n.e.o.t.s.UpdateSvc                 - eqx-ash-cr5:BLANK 62                                        
2019-02-05 10:52:30,746 DEBUG n.e.o.t.s.UpdateSvc                 - eqx-ash-cr5:10/1/5 62                                       
2019-02-05 10:52:30,748 INFO  n.e.o.t.s.UpdateSvc                 - inserting p: bost-cr5:1/1/1 to bost-cr5                     
2019-02-05 10:52:30,749 DEBUG n.e.o.t.s.UpdateSvc                 - bost-cr5:1/1/1 77                                           
2019-02-05 10:52:30,750 DEBUG n.e.o.t.s.UpdateSvc                 - bost-cr5:10/2/3 77                                          
2019-02-05 10:52:30,750 DEBUG n.e.o.t.s.UpdateSvc                 - bost-cr5:10/1/2 77                                          
2019-02-05 10:52:30,750 DEBUG n.e.o.t.s.UpdateSvc                 - bost-cr5:10/1/6 77                                          
2019-02-05 10:52:30,750 DEBUG n.e.o.t.s.UpdateSvc                 - bost-cr5:10/1/5 77                                          
2019-02-05 10:52:30,750 DEBUG n.e.o.t.s.UpdateSvc                 - bost-cr5:2/1/1 77                                           
2019-02-05 10:52:30,752 INFO  n.e.o.t.s.UpdateSvc                 - inserting p: elpa-cr5:10/1/4 to elpa-cr5                    
2019-02-05 10:52:30,753 DEBUG n.e.o.t.s.UpdateSvc                 - elpa-cr5:10/1/4 46                                          
2019-02-05 10:52:30,753 DEBUG n.e.o.t.s.UpdateSvc                 - elpa-cr5:10/1/5 46                                          
2019-02-05 10:52:30,756 INFO  n.e.o.t.s.UpdateSvc                 - inserting p: eqx-sj-cr5:BLANK to eqx-sj-cr5                 
2019-02-05 10:52:30,757 DEBUG n.e.o.t.s.UpdateSvc                 - eqx-sj-cr5:1/2/1 35                                         
2019-02-05 10:52:30,757 DEBUG n.e.o.t.s.UpdateSvc                 - eqx-sj-cr5:BLANK 35                                         
2019-02-05 10:52:30,760 INFO  n.e.o.t.s.UpdateSvc                 - inserting p: elpa-cr5:10/1/3 to elpa-cr5                    
2019-02-05 10:52:30,762 DEBUG n.e.o.t.s.UpdateSvc                 - elpa-cr5:10/1/4 46                                          
2019-02-05 10:52:30,762 DEBUG n.e.o.t.s.UpdateSvc                 - elpa-cr5:10/1/5 46                                          
2019-02-05 10:52:30,762 DEBUG n.e.o.t.s.UpdateSvc                 - elpa-cr5:10/1/3 46                                          
2019-02-05 10:52:30,765 INFO  n.e.o.t.s.UpdateSvc                 - inserting p: ameslab-rt3:xe-1/0/0 to ameslab-rt3            
2019-02-05 10:52:30,765 DEBUG n.e.o.t.s.UpdateSvc                 - ameslab-rt3:xe-0/2/0 67                                     
2019-02-05 10:52:30,765 DEBUG n.e.o.t.s.UpdateSvc                 - ameslab-rt3:xe-1/0/0 67                                     
2019-02-05 10:52:30,766 DEBUG n.e.o.t.s.UpdateSvc                 - ameslab-rt3:xe-1/3/0 67                                     
2019-02-05 10:52:30,766 DEBUG n.e.o.t.s.UpdateSvc                 - ameslab-rt3:xe-1/1/0 67                                     
2019-02-05 10:52:30,768 INFO  n.e.o.t.s.UpdateSvc                 - inserting p: aofa-cr5:4/1/1 to aofa-cr5                     
2019-02-05 10:52:30,770 DEBUG n.e.o.t.s.UpdateSvc                 - aofa-cr5:4/2/1 69                                           
2019-02-05 10:52:30,770 DEBUG n.e.o.t.s.UpdateSvc                 - aofa-cr5:6/2/1 69                                           
2019-02-05 10:52:30,770 DEBUG n.e.o.t.s.UpdateSvc                 - aofa-cr5:10/1/2 69                                          
2019-02-05 10:52:30,770 DEBUG n.e.o.t.s.UpdateSvc                 - aofa-cr5:4/1/1 69                                           
2019-02-05 10:52:30,770 DEBUG n.e.o.t.s.UpdateSvc                 - aofa-cr5:5/1/1 69                                           
2019-02-05 10:52:30,770 DEBUG n.e.o.t.s.UpdateSvc                 - aofa-cr5:10/1/9 69                                          
2019-02-05 10:52:30,770 DEBUG n.e.o.t.s.UpdateSvc                 - aofa-cr5:10/1/8 69                                          
2019-02-05 10:52:30,770 DEBUG n.e.o.t.s.UpdateSvc                 - aofa-cr5:10/1/1 69                                          
2019-02-05 10:52:30,773 INFO  n.e.o.t.s.UpdateSvc                 - inserting p: anl-mr2:ae0 to anl-mr2                         
2019-02-05 10:52:30,774 DEBUG n.e.o.t.s.UpdateSvc                 - anl-mr2:ae0 53                                              
2019-02-05 10:52:30,774 DEBUG n.e.o.t.s.UpdateSvc                 - anl-mr2:xe-2/3/0 53                                         
2019-02-05 10:52:30,777 INFO  n.e.o.t.s.UpdateSvc                 - inserting p: aofa-cr5:3/1/1 to aofa-cr5                     
2019-02-05 10:52:30,778 DEBUG n.e.o.t.s.UpdateSvc                 - aofa-cr5:4/2/1 69                                           
2019-02-05 10:52:30,778 DEBUG n.e.o.t.s.UpdateSvc                 - aofa-cr5:6/2/1 69                                           
2019-02-05 10:52:30,778 DEBUG n.e.o.t.s.UpdateSvc                 - aofa-cr5:10/1/2 69                                          
2019-02-05 10:52:30,778 DEBUG n.e.o.t.s.UpdateSvc                 - aofa-cr5:4/1/1 69                                           
2019-02-05 10:52:30,778 DEBUG n.e.o.t.s.UpdateSvc                 - aofa-cr5:5/1/1 69                                           
2019-02-05 10:52:30,778 DEBUG n.e.o.t.s.UpdateSvc                 - aofa-cr5:10/1/9 69                                          
2019-02-05 10:52:30,778 DEBUG n.e.o.t.s.UpdateSvc                 - aofa-cr5:10/1/8 69                                          
2019-02-05 10:52:30,778 DEBUG n.e.o.t.s.UpdateSvc                 - aofa-cr5:10/1/1 69                                          
2019-02-05 10:52:30,778 DEBUG n.e.o.t.s.UpdateSvc                 - aofa-cr5:3/1/1 69                                           
2019-02-05 10:52:30,780 INFO  n.e.o.t.s.UpdateSvc                 - inserting p: star-cr5:4/2/1 to star-cr5                     
2019-02-05 10:52:30,781 DEBUG n.e.o.t.s.UpdateSvc                 - star-cr5:3/1/1 76                                           
2019-02-05 10:52:30,781 DEBUG n.e.o.t.s.UpdateSvc                 - star-cr5:3/2/1 76                                           
2019-02-05 10:52:30,781 DEBUG n.e.o.t.s.UpdateSvc                 - star-cr5:5/1/1 76                                           
2019-02-05 10:52:30,781 DEBUG n.e.o.t.s.UpdateSvc                 - star-cr5:4/1/1 76                                           
2019-02-05 10:52:30,781 DEBUG n.e.o.t.s.UpdateSvc                 - star-cr5:4/2/1 76                                           
2019-02-05 10:52:30,785 INFO  n.e.o.t.s.UpdateSvc                 - inserting p: osti-rt2:ae0 to osti-rt2                       
2019-02-05 10:52:30,786 DEBUG n.e.o.t.s.UpdateSvc                 - osti-rt2:ae0 70                                             
2019-02-05 10:52:30,789 INFO  n.e.o.t.s.UpdateSvc                 - inserting p: ameslab-rt3:xe-0/1/0 to ameslab-rt3            
2019-02-05 10:52:30,790 DEBUG n.e.o.t.s.UpdateSvc                 - ameslab-rt3:xe-0/2/0 67                                     
2019-02-05 10:52:30,790 DEBUG n.e.o.t.s.UpdateSvc                 - ameslab-rt3:xe-1/0/0 67                                     
2019-02-05 10:52:30,790 DEBUG n.e.o.t.s.UpdateSvc                 - ameslab-rt3:xe-1/3/0 67                                     
2019-02-05 10:52:30,790 DEBUG n.e.o.t.s.UpdateSvc                 - ameslab-rt3:xe-1/1/0 67                                     
2019-02-05 10:52:30,791 DEBUG n.e.o.t.s.UpdateSvc                 - ameslab-rt3:xe-0/1/0 67                                     
2019-02-05 10:52:30,793 INFO  n.e.o.t.s.UpdateSvc                 - inserting p: llnl-mr2:xe-2/0/0 to llnl-mr2                  
2019-02-05 10:52:30,794 DEBUG n.e.o.t.s.UpdateSvc                 - llnl-mr2:xe-1/3/0 52                                        
2019-02-05 10:52:30,794 DEBUG n.e.o.t.s.UpdateSvc                 - llnl-mr2:xe-3/2/0 52                                        
2019-02-05 10:52:30,794 DEBUG n.e.o.t.s.UpdateSvc                 - llnl-mr2:ge-3/0/0 52                                        
2019-02-05 10:52:30,794 DEBUG n.e.o.t.s.UpdateSvc                 - llnl-mr2:xe-2/2/0 52                                        
2019-02-05 10:52:30,794 DEBUG n.e.o.t.s.UpdateSvc                 - llnl-mr2:xe-2/0/0 52                                        
2019-02-05 10:52:30,794 DEBUG n.e.o.t.s.UpdateSvc                 - llnl-mr2:xe-2/1/0 52                                        
2019-02-05 10:52:30,794 DEBUG n.e.o.t.s.UpdateSvc                 - llnl-mr2:ge-3/0/1 52                                        
2019-02-05 10:52:30,797 INFO  n.e.o.t.s.UpdateSvc                 - inserting p: cern-513-cr5:BLANK to cern-513-cr5             
2019-02-05 10:52:30,799 DEBUG n.e.o.t.s.UpdateSvc                 - cern-513-cr5:1/1/1 34                                       
2019-02-05 10:52:30,799 DEBUG n.e.o.t.s.UpdateSvc                 - cern-513-cr5:2/1/1 34                                       
2019-02-05 10:52:30,799 DEBUG n.e.o.t.s.UpdateSvc                 - cern-513-cr5:BLANK 34                                       
2019-02-05 10:52:30,799 DEBUG n.e.o.t.s.UpdateSvc                 - cern-513-cr5:1/2/1 34                                       
2019-02-05 10:52:30,802 INFO  n.e.o.t.s.UpdateSvc                 - inserting p: atla-cr5:2/1/1 to atla-cr5                     
2019-02-05 10:52:30,803 DEBUG n.e.o.t.s.UpdateSvc                 - atla-cr5:1/1/1 41                                           
2019-02-05 10:52:30,803 DEBUG n.e.o.t.s.UpdateSvc                 - atla-cr5:10/1/2 41                                          
2019-02-05 10:52:30,803 DEBUG n.e.o.t.s.UpdateSvc                 - atla-cr5:10/1/8 41                                          
2019-02-05 10:52:30,803 DEBUG n.e.o.t.s.UpdateSvc                 - atla-cr5:3/1/1 41                                           
2019-02-05 10:52:30,803 DEBUG n.e.o.t.s.UpdateSvc                 - atla-cr5:10/1/3 41                                          
2019-02-05 10:52:30,803 DEBUG n.e.o.t.s.UpdateSvc                 - atla-cr5:2/1/1 41                                           
2019-02-05 10:52:30,806 INFO  n.e.o.t.s.UpdateSvc                 - inserting p: sunn-cr5:5/1/1 to sunn-cr5                     
2019-02-05 10:52:30,806 DEBUG n.e.o.t.s.UpdateSvc                 - sunn-cr5:10/1/6 50                                          
2019-02-05 10:52:30,807 DEBUG n.e.o.t.s.UpdateSvc                 - sunn-cr5:10/2/4 50                                          
2019-02-05 10:52:30,807 DEBUG n.e.o.t.s.UpdateSvc                 - sunn-cr5:10/2/6 50                                          
2019-02-05 10:52:30,807 DEBUG n.e.o.t.s.UpdateSvc                 - sunn-cr5:10/1/5 50                                          
2019-02-05 10:52:30,807 DEBUG n.e.o.t.s.UpdateSvc                 - sunn-cr5:8/1/1 50                                           
2019-02-05 10:52:30,807 DEBUG n.e.o.t.s.UpdateSvc                 - sunn-cr5:10/2/1 50                                          
2019-02-05 10:52:30,807 DEBUG n.e.o.t.s.UpdateSvc                 - sunn-cr5:10/2/5 50                                          
2019-02-05 10:52:30,807 DEBUG n.e.o.t.s.UpdateSvc                 - sunn-cr5:10/1/1 50                                          
2019-02-05 10:52:30,807 DEBUG n.e.o.t.s.UpdateSvc                 - sunn-cr5:10/1/4 50                                          
2019-02-05 10:52:30,807 DEBUG n.e.o.t.s.UpdateSvc                 - sunn-cr5:5/2/1 50                                           
2019-02-05 10:52:30,807 DEBUG n.e.o.t.s.UpdateSvc                 - sunn-cr5:7/2/1 50                                           
2019-02-05 10:52:30,807 DEBUG n.e.o.t.s.UpdateSvc                 - sunn-cr5:10/1/3 50                                          
2019-02-05 10:52:30,807 DEBUG n.e.o.t.s.UpdateSvc                 - sunn-cr5:5/1/1 50                                           
2019-02-05 10:52:30,807 DEBUG n.e.o.t.s.UpdateSvc                 - sunn-cr5:7/1/1 50                                           
2019-02-05 10:52:30,807 DEBUG n.e.o.t.s.UpdateSvc                 - sunn-cr5:10/1/2 50                                          
2019-02-05 10:52:30,807 DEBUG n.e.o.t.s.UpdateSvc                 - sunn-cr5:10/2/2 50                                          
2019-02-05 10:52:30,807 DEBUG n.e.o.t.s.UpdateSvc                 - sunn-cr5:10/2/3 50                                          
2019-02-05 10:52:30,809 INFO  n.e.o.t.s.UpdateSvc                 - inserting p: sacr-cr5:2/1/1 to sacr-cr5                     
2019-02-05 10:52:30,810 DEBUG n.e.o.t.s.UpdateSvc                 - sacr-cr5:10/2/6 47                                          
2019-02-05 10:52:30,810 DEBUG n.e.o.t.s.UpdateSvc                 - sacr-cr5:10/1/6 47                                          
2019-02-05 10:52:30,810 DEBUG n.e.o.t.s.UpdateSvc                 - sacr-cr5:1/1/1 47                                           
2019-02-05 10:52:30,810 DEBUG n.e.o.t.s.UpdateSvc                 - sacr-cr5:10/2/1 47                                          
2019-02-05 10:52:30,810 DEBUG n.e.o.t.s.UpdateSvc                 - sacr-cr5:3/1/1 47                                           
2019-02-05 10:52:30,810 DEBUG n.e.o.t.s.UpdateSvc                 - sacr-cr5:4/1/1 47                                           
2019-02-05 10:52:30,810 DEBUG n.e.o.t.s.UpdateSvc                 - sacr-cr5:10/2/3 47                                          
2019-02-05 10:52:30,810 DEBUG n.e.o.t.s.UpdateSvc                 - sacr-cr5:10/2/5 47                                          
2019-02-05 10:52:30,810 DEBUG n.e.o.t.s.UpdateSvc                 - sacr-cr5:10/1/2 47                                          
2019-02-05 10:52:30,810 DEBUG n.e.o.t.s.UpdateSvc                 - sacr-cr5:10/1/4 47                                          
2019-02-05 10:52:30,810 DEBUG n.e.o.t.s.UpdateSvc                 - sacr-cr5:2/1/1 47                                           
2019-02-05 10:52:30,810 DEBUG n.e.o.t.s.UpdateSvc                 - sacr-cr5:10/2/4 47                                          
2019-02-05 10:52:30,810 DEBUG n.e.o.t.s.UpdateSvc                 - sacr-cr5:10/2/2 47                                          
2019-02-05 10:52:30,810 DEBUG n.e.o.t.s.UpdateSvc                 - sacr-cr5:10/1/1 47                                          
2019-02-05 10:52:30,812 INFO  n.e.o.t.s.UpdateSvc                 - inserting p: denv-cr5:10/1/3 to denv-cr5                    
2019-02-05 10:52:30,813 DEBUG n.e.o.t.s.UpdateSvc                 - denv-cr5:4/1/1 75                                           
2019-02-05 10:52:30,813 DEBUG n.e.o.t.s.UpdateSvc                 - denv-cr5:10/1/7 75                                          
2019-02-05 10:52:30,813 DEBUG n.e.o.t.s.UpdateSvc                 - denv-cr5:10/1/6 75                                          
2019-02-05 10:52:30,813 DEBUG n.e.o.t.s.UpdateSvc                 - denv-cr5:10/1/3 75                                          
2019-02-05 10:52:30,813 DEBUG n.e.o.t.s.UpdateSvc                 - denv-cr5:4/2/1 75                                           
2019-02-05 10:52:30,816 INFO  n.e.o.t.s.UpdateSvc                 - inserting p: denv-cr5:10/1/4 to denv-cr5                    
2019-02-05 10:52:30,816 DEBUG n.e.o.t.s.UpdateSvc                 - denv-cr5:4/1/1 75                                           
2019-02-05 10:52:30,816 DEBUG n.e.o.t.s.UpdateSvc                 - denv-cr5:10/1/7 75                                          
2019-02-05 10:52:30,816 DEBUG n.e.o.t.s.UpdateSvc                 - denv-cr5:10/1/6 75                                          
2019-02-05 10:52:30,816 DEBUG n.e.o.t.s.UpdateSvc                 - denv-cr5:10/1/3 75                                          
2019-02-05 10:52:30,816 DEBUG n.e.o.t.s.UpdateSvc                 - denv-cr5:10/1/4 75                                          
2019-02-05 10:52:30,816 DEBUG n.e.o.t.s.UpdateSvc                 - denv-cr5:4/2/1 75                                           
2019-02-05 10:52:30,818 INFO  n.e.o.t.s.UpdateSvc                 - inserting p: denv-cr5:10/1/5 to denv-cr5                    
2019-02-05 10:52:30,818 DEBUG n.e.o.t.s.UpdateSvc                 - denv-cr5:4/1/1 75                                           
2019-02-05 10:52:30,818 DEBUG n.e.o.t.s.UpdateSvc                 - denv-cr5:10/1/7 75                                          
2019-02-05 10:52:30,818 DEBUG n.e.o.t.s.UpdateSvc                 - denv-cr5:10/1/6 75                                          
2019-02-05 10:52:30,818 DEBUG n.e.o.t.s.UpdateSvc                 - denv-cr5:10/1/3 75                                          
2019-02-05 10:52:30,819 DEBUG n.e.o.t.s.UpdateSvc                 - denv-cr5:10/1/4 75                                          
2019-02-05 10:52:30,819 DEBUG n.e.o.t.s.UpdateSvc                 - denv-cr5:10/1/5 75                                          
2019-02-05 10:52:30,819 DEBUG n.e.o.t.s.UpdateSvc                 - denv-cr5:4/2/1 75                                           
2019-02-05 10:52:30,820 INFO  n.e.o.t.s.UpdateSvc                 - inserting p: eqx-ash-cr5:10/2/5 to eqx-ash-cr5              
2019-02-05 10:52:30,821 DEBUG n.e.o.t.s.UpdateSvc                 - eqx-ash-cr5:10/1/6 62                                       
2019-02-05 10:52:30,821 DEBUG n.e.o.t.s.UpdateSvc                 - eqx-ash-cr5:10/1/1 62                                       
2019-02-05 10:52:30,821 DEBUG n.e.o.t.s.UpdateSvc                 - eqx-ash-cr5:1/2/1 62                                        
2019-02-05 10:52:30,822 DEBUG n.e.o.t.s.UpdateSvc                 - eqx-ash-cr5:1/1/1 62                                        
2019-02-05 10:52:30,822 DEBUG n.e.o.t.s.UpdateSvc                 - eqx-ash-cr5:10/1/2 62                                       
2019-02-05 10:52:30,822 DEBUG n.e.o.t.s.UpdateSvc                 - eqx-ash-cr5:BLANK 62                                        
2019-02-05 10:52:30,822 DEBUG n.e.o.t.s.UpdateSvc                 - eqx-ash-cr5:10/2/5 62                                       
2019-02-05 10:52:30,822 DEBUG n.e.o.t.s.UpdateSvc                 - eqx-ash-cr5:10/1/5 62                                       
2019-02-05 10:52:30,823 INFO  n.e.o.t.s.UpdateSvc                 - inserting p: eqx-ash-cr5:10/2/6 to eqx-ash-cr5              
2019-02-05 10:52:30,824 DEBUG n.e.o.t.s.UpdateSvc                 - eqx-ash-cr5:10/1/6 62                                       
2019-02-05 10:52:30,824 DEBUG n.e.o.t.s.UpdateSvc                 - eqx-ash-cr5:10/1/1 62                                       
2019-02-05 10:52:30,824 DEBUG n.e.o.t.s.UpdateSvc                 - eqx-ash-cr5:1/2/1 62                                        
2019-02-05 10:52:30,824 DEBUG n.e.o.t.s.UpdateSvc                 - eqx-ash-cr5:1/1/1 62                                        
2019-02-05 10:52:30,824 DEBUG n.e.o.t.s.UpdateSvc                 - eqx-ash-cr5:10/2/6 62                                       
2019-02-05 10:52:30,824 DEBUG n.e.o.t.s.UpdateSvc                 - eqx-ash-cr5:10/1/2 62                                       
2019-02-05 10:52:30,824 DEBUG n.e.o.t.s.UpdateSvc                 - eqx-ash-cr5:BLANK 62                                        
2019-02-05 10:52:30,824 DEBUG n.e.o.t.s.UpdateSvc                 - eqx-ash-cr5:10/2/5 62                                       
2019-02-05 10:52:30,824 DEBUG n.e.o.t.s.UpdateSvc                 - eqx-ash-cr5:10/1/5 62                                       
2019-02-05 10:52:30,826 INFO  n.e.o.t.s.UpdateSvc                 - inserting p: bois-cr1:xe-0/2/0 to bois-cr1                  
2019-02-05 10:52:30,827 DEBUG n.e.o.t.s.UpdateSvc                 - bois-cr1:xe-7/3/0 39                                        
2019-02-05 10:52:30,827 DEBUG n.e.o.t.s.UpdateSvc                 - bois-cr1:xe-0/0/0 39                                        
2019-02-05 10:52:30,827 DEBUG n.e.o.t.s.UpdateSvc                 - bois-cr1:xe-0/2/0 39                                        
2019-02-05 10:52:30,827 DEBUG n.e.o.t.s.UpdateSvc                 - bois-cr1:xe-7/1/0 39                                        
2019-02-05 10:52:30,827 DEBUG n.e.o.t.s.UpdateSvc                 - bois-cr1:xe-0/1/0 39                                        
2019-02-05 10:52:30,827 DEBUG n.e.o.t.s.UpdateSvc                 - bois-cr1:xe-1/2/0 39                                        
2019-02-05 10:52:30,829 INFO  n.e.o.t.s.UpdateSvc                 - inserting p: pnwg-cr5:2/1/1 to pnwg-cr5                     
2019-02-05 10:52:30,830 DEBUG n.e.o.t.s.UpdateSvc                 - pnwg-cr5:2/1/1 71                                           
2019-02-05 10:52:30,830 DEBUG n.e.o.t.s.UpdateSvc                 - pnwg-cr5:BLANK 71                                           
2019-02-05 10:52:30,830 DEBUG n.e.o.t.s.UpdateSvc                 - pnwg-cr5:1/1/1 71                                           
2019-02-05 10:52:30,830 DEBUG n.e.o.t.s.UpdateSvc                 - pnwg-cr5:3/1/1 71                                           
2019-02-05 10:52:30,830 DEBUG n.e.o.t.s.UpdateSvc                 - pnwg-cr5:2/2/1 71                                           
2019-02-05 10:52:30,832 INFO  n.e.o.t.s.UpdateSvc                 - inserting p: eqx-ash-cr5:10/2/2 to eqx-ash-cr5              
2019-02-05 10:52:30,833 DEBUG n.e.o.t.s.UpdateSvc                 - eqx-ash-cr5:10/1/6 62                                       
2019-02-05 10:52:30,833 DEBUG n.e.o.t.s.UpdateSvc                 - eqx-ash-cr5:10/1/1 62                                       
2019-02-05 10:52:30,843 DEBUG n.e.o.t.s.UpdateSvc                 - eqx-ash-cr5:1/2/1 62                                        
2019-02-05 10:52:30,843 DEBUG n.e.o.t.s.UpdateSvc                 - eqx-ash-cr5:1/1/1 62                                        
2019-02-05 10:52:30,843 DEBUG n.e.o.t.s.UpdateSvc                 - eqx-ash-cr5:10/2/6 62                                       
2019-02-05 10:52:30,843 DEBUG n.e.o.t.s.UpdateSvc                 - eqx-ash-cr5:10/1/2 62                                       
2019-02-05 10:52:30,843 DEBUG n.e.o.t.s.UpdateSvc                 - eqx-ash-cr5:10/2/2 62                                       
2019-02-05 10:52:30,843 DEBUG n.e.o.t.s.UpdateSvc                 - eqx-ash-cr5:BLANK 62                                        
2019-02-05 10:52:30,843 DEBUG n.e.o.t.s.UpdateSvc                 - eqx-ash-cr5:10/2/5 62                                       
2019-02-05 10:52:30,844 DEBUG n.e.o.t.s.UpdateSvc                 - eqx-ash-cr5:10/1/5 62                                       
2019-02-05 10:52:30,846 INFO  n.e.o.t.s.UpdateSvc                 - inserting p: eqx-ash-cr5:2/1/1 to eqx-ash-cr5               
2019-02-05 10:52:30,847 DEBUG n.e.o.t.s.UpdateSvc                 - eqx-ash-cr5:2/1/1 62                                        
2019-02-05 10:52:30,847 DEBUG n.e.o.t.s.UpdateSvc                 - eqx-ash-cr5:10/1/6 62                                       
2019-02-05 10:52:30,847 DEBUG n.e.o.t.s.UpdateSvc                 - eqx-ash-cr5:10/1/1 62                                       
2019-02-05 10:52:30,847 DEBUG n.e.o.t.s.UpdateSvc                 - eqx-ash-cr5:1/2/1 62                                        
2019-02-05 10:52:30,847 DEBUG n.e.o.t.s.UpdateSvc                 - eqx-ash-cr5:1/1/1 62                                        
2019-02-05 10:52:30,847 DEBUG n.e.o.t.s.UpdateSvc                 - eqx-ash-cr5:10/2/6 62                                       
2019-02-05 10:52:30,847 DEBUG n.e.o.t.s.UpdateSvc                 - eqx-ash-cr5:10/1/2 62                                       
2019-02-05 10:52:30,847 DEBUG n.e.o.t.s.UpdateSvc                 - eqx-ash-cr5:10/2/2 62                                       
2019-02-05 10:52:30,847 DEBUG n.e.o.t.s.UpdateSvc                 - eqx-ash-cr5:BLANK 62                                        
2019-02-05 10:52:30,847 DEBUG n.e.o.t.s.UpdateSvc                 - eqx-ash-cr5:10/2/5 62                                       
2019-02-05 10:52:30,847 DEBUG n.e.o.t.s.UpdateSvc                 - eqx-ash-cr5:10/1/5 62                                       
2019-02-05 10:52:30,849 INFO  n.e.o.t.s.UpdateSvc                 - inserting p: ornl-cr5:10/1/1 to ornl-cr5                    
2019-02-05 10:52:30,850 DEBUG n.e.o.t.s.UpdateSvc                 - ornl-cr5:10/1/1 64                                          
2019-02-05 10:52:30,852 INFO  n.e.o.t.s.UpdateSvc                 - inserting p: llnldc-rt4:ge-1/0/0 to llnldc-rt4              
2019-02-05 10:52:30,852 DEBUG n.e.o.t.s.UpdateSvc                 - llnldc-rt4:ge-1/0/0 54                                      
2019-02-05 10:52:30,854 INFO  n.e.o.t.s.UpdateSvc                 - inserting p: ornl-cr5:10/1/2 to ornl-cr5                    
2019-02-05 10:52:30,855 DEBUG n.e.o.t.s.UpdateSvc                 - ornl-cr5:10/1/2 64                                          
2019-02-05 10:52:30,855 DEBUG n.e.o.t.s.UpdateSvc                 - ornl-cr5:10/1/1 64                                          
2019-02-05 10:52:30,858 INFO  n.e.o.t.s.UpdateSvc                 - inserting p: bois-cr1:xe-1/0/0 to bois-cr1                  
2019-02-05 10:52:30,859 DEBUG n.e.o.t.s.UpdateSvc                 - bois-cr1:xe-7/3/0 39                                        
2019-02-05 10:52:30,859 DEBUG n.e.o.t.s.UpdateSvc                 - bois-cr1:xe-0/0/0 39                                        
2019-02-05 10:52:30,859 DEBUG n.e.o.t.s.UpdateSvc                 - bois-cr1:xe-0/2/0 39                                        
2019-02-05 10:52:30,859 DEBUG n.e.o.t.s.UpdateSvc                 - bois-cr1:xe-7/1/0 39                                        
2019-02-05 10:52:30,859 DEBUG n.e.o.t.s.UpdateSvc                 - bois-cr1:xe-1/0/0 39                                        
2019-02-05 10:52:30,859 DEBUG n.e.o.t.s.UpdateSvc                 - bois-cr1:xe-0/1/0 39                                        
2019-02-05 10:52:30,859 DEBUG n.e.o.t.s.UpdateSvc                 - bois-cr1:xe-1/2/0 39                                        
2019-02-05 10:52:30,863 INFO  n.e.o.t.s.UpdateSvc                 - inserting p: ornl-cr5:10/1/3 to ornl-cr5                    
2019-02-05 10:52:30,864 DEBUG n.e.o.t.s.UpdateSvc                 - ornl-cr5:10/1/3 64                                          
2019-02-05 10:52:30,864 DEBUG n.e.o.t.s.UpdateSvc                 - ornl-cr5:10/1/2 64                                          
2019-02-05 10:52:30,864 DEBUG n.e.o.t.s.UpdateSvc                 - ornl-cr5:10/1/1 64                                          
2019-02-05 10:52:30,867 INFO  n.e.o.t.s.UpdateSvc                 - inserting p: lsvn-cr1:xe-2/0/0 to lsvn-cr1                  
2019-02-05 10:52:30,869 DEBUG n.e.o.t.s.UpdateSvc                 - lsvn-cr1:ge-1/1/1 49                                        
2019-02-05 10:52:30,869 DEBUG n.e.o.t.s.UpdateSvc                 - lsvn-cr1:ge-1/0/1 49                                        
2019-02-05 10:52:30,869 DEBUG n.e.o.t.s.UpdateSvc                 - lsvn-cr1:xe-2/1/0 49                                        
2019-02-05 10:52:30,869 DEBUG n.e.o.t.s.UpdateSvc                 - lsvn-cr1:xe-1/2/0 49                                        
2019-02-05 10:52:30,869 DEBUG n.e.o.t.s.UpdateSvc                 - lsvn-cr1:ge-1/1/0 49                                        
2019-02-05 10:52:30,869 DEBUG n.e.o.t.s.UpdateSvc                 - lsvn-cr1:ge-1/1/5 49                                        
2019-02-05 10:52:30,869 DEBUG n.e.o.t.s.UpdateSvc                 - lsvn-cr1:xe-2/0/0 49                                        
2019-02-05 10:52:30,869 DEBUG n.e.o.t.s.UpdateSvc                 - lsvn-cr1:xe-2/2/0 49                                        
2019-02-05 10:52:30,869 DEBUG n.e.o.t.s.UpdateSvc                 - lsvn-cr1:ge-1/0/0 49                                        
2019-02-05 10:52:30,872 INFO  n.e.o.t.s.UpdateSvc                 - inserting p: aofa-cr5:9/1/5 to aofa-cr5                     
2019-02-05 10:52:30,873 DEBUG n.e.o.t.s.UpdateSvc                 - aofa-cr5:4/2/1 69                                           
2019-02-05 10:52:30,873 DEBUG n.e.o.t.s.UpdateSvc                 - aofa-cr5:6/2/1 69                                           
2019-02-05 10:52:30,873 DEBUG n.e.o.t.s.UpdateSvc                 - aofa-cr5:10/1/2 69                                          
2019-02-05 10:52:30,873 DEBUG n.e.o.t.s.UpdateSvc                 - aofa-cr5:4/1/1 69                                           
2019-02-05 10:52:30,873 DEBUG n.e.o.t.s.UpdateSvc                 - aofa-cr5:5/1/1 69                                           
2019-02-05 10:52:30,873 DEBUG n.e.o.t.s.UpdateSvc                 - aofa-cr5:9/1/5 69                                           
2019-02-05 10:52:30,874 DEBUG n.e.o.t.s.UpdateSvc                 - aofa-cr5:10/1/9 69                                          
2019-02-05 10:52:30,874 DEBUG n.e.o.t.s.UpdateSvc                 - aofa-cr5:10/1/8 69                                          
2019-02-05 10:52:30,874 DEBUG n.e.o.t.s.UpdateSvc                 - aofa-cr5:10/1/1 69                                          
2019-02-05 10:52:30,874 DEBUG n.e.o.t.s.UpdateSvc                 - aofa-cr5:3/1/1 69                                           
2019-02-05 10:52:30,877 INFO  n.e.o.t.s.UpdateSvc                 - inserting p: pnwg-cr5:9/1/2 to pnwg-cr5                     
2019-02-05 10:52:30,878 DEBUG n.e.o.t.s.UpdateSvc                 - pnwg-cr5:2/1/1 71                                           
2019-02-05 10:52:30,878 DEBUG n.e.o.t.s.UpdateSvc                 - pnwg-cr5:BLANK 71                                           
2019-02-05 10:52:30,878 DEBUG n.e.o.t.s.UpdateSvc                 - pnwg-cr5:9/1/2 71                                           
2019-02-05 10:52:30,878 DEBUG n.e.o.t.s.UpdateSvc                 - pnwg-cr5:1/1/1 71                                           
2019-02-05 10:52:30,878 DEBUG n.e.o.t.s.UpdateSvc                 - pnwg-cr5:3/1/1 71                                           
2019-02-05 10:52:30,878 DEBUG n.e.o.t.s.UpdateSvc                 - pnwg-cr5:2/2/1 71                                           
2019-02-05 10:52:30,881 INFO  n.e.o.t.s.UpdateSvc                 - inserting p: wash-cr5:4/2/1 to wash-cr5                     
2019-02-05 10:52:30,882 DEBUG n.e.o.t.s.UpdateSvc                 - wash-cr5:10/1/9 36                                          
2019-02-05 10:52:30,882 DEBUG n.e.o.t.s.UpdateSvc                 - wash-cr5:6/1/1 36                                           
2019-02-05 10:52:30,882 DEBUG n.e.o.t.s.UpdateSvc                 - wash-cr5:10/1/3 36                                          
2019-02-05 10:52:30,882 DEBUG n.e.o.t.s.UpdateSvc                 - wash-cr5:10/1/4 36                                          
2019-02-05 10:52:30,882 DEBUG n.e.o.t.s.UpdateSvc                 - wash-cr5:1/1/1 36                                           
2019-02-05 10:52:30,883 DEBUG n.e.o.t.s.UpdateSvc                 - wash-cr5:4/2/1 36                                           
2019-02-05 10:52:30,883 DEBUG n.e.o.t.s.UpdateSvc                 - wash-cr5:10/1/5 36                                          
2019-02-05 10:52:30,883 DEBUG n.e.o.t.s.UpdateSvc                 - wash-cr5:10/1/10 36                                         
2019-02-05 10:52:30,886 INFO  n.e.o.t.s.UpdateSvc                 - inserting p: ameslab-rt3:xe-0/0/0 to ameslab-rt3            
2019-02-05 10:52:30,887 DEBUG n.e.o.t.s.UpdateSvc                 - ameslab-rt3:xe-0/0/0 67                                     
2019-02-05 10:52:30,887 DEBUG n.e.o.t.s.UpdateSvc                 - ameslab-rt3:xe-0/2/0 67                                     
2019-02-05 10:52:30,887 DEBUG n.e.o.t.s.UpdateSvc                 - ameslab-rt3:xe-1/0/0 67                                     
2019-02-05 10:52:30,887 DEBUG n.e.o.t.s.UpdateSvc                 - ameslab-rt3:xe-1/3/0 67                                     
2019-02-05 10:52:30,887 DEBUG n.e.o.t.s.UpdateSvc                 - ameslab-rt3:xe-1/1/0 67                                     
2019-02-05 10:52:30,887 DEBUG n.e.o.t.s.UpdateSvc                 - ameslab-rt3:xe-0/1/0 67                                     
2019-02-05 10:52:30,890 INFO  n.e.o.t.s.UpdateSvc                 - inserting p: snll-mr2:xe-2/2/0 to snll-mr2                  
2019-02-05 10:52:30,891 DEBUG n.e.o.t.s.UpdateSvc                 - snll-mr2:xe-2/2/0 40                                        
2019-02-05 10:52:30,893 INFO  n.e.o.t.s.UpdateSvc                 - inserting p: aofa-cr5:9/1/1 to aofa-cr5                     
2019-02-05 10:52:30,894 DEBUG n.e.o.t.s.UpdateSvc                 - aofa-cr5:4/2/1 69                                           
2019-02-05 10:52:30,894 DEBUG n.e.o.t.s.UpdateSvc                 - aofa-cr5:6/2/1 69                                           
2019-02-05 10:52:30,894 DEBUG n.e.o.t.s.UpdateSvc                 - aofa-cr5:10/1/2 69                                          
2019-02-05 10:52:30,894 DEBUG n.e.o.t.s.UpdateSvc                 - aofa-cr5:4/1/1 69                                           
2019-02-05 10:52:30,894 DEBUG n.e.o.t.s.UpdateSvc                 - aofa-cr5:5/1/1 69                                           
2019-02-05 10:52:30,894 DEBUG n.e.o.t.s.UpdateSvc                 - aofa-cr5:9/1/5 69                                           
2019-02-05 10:52:30,894 DEBUG n.e.o.t.s.UpdateSvc                 - aofa-cr5:10/1/9 69                                          
2019-02-05 10:52:30,894 DEBUG n.e.o.t.s.UpdateSvc                 - aofa-cr5:10/1/8 69                                          
2019-02-05 10:52:30,894 DEBUG n.e.o.t.s.UpdateSvc                 - aofa-cr5:10/1/1 69                                          
2019-02-05 10:52:30,894 DEBUG n.e.o.t.s.UpdateSvc                 - aofa-cr5:9/1/1 69                                           
2019-02-05 10:52:30,894 DEBUG n.e.o.t.s.UpdateSvc                 - aofa-cr5:3/1/1 69                                           
2019-02-05 10:52:30,896 INFO  n.e.o.t.s.UpdateSvc                 - inserting p: anl-mr2:xe-0/1/0 to anl-mr2                    
2019-02-05 10:52:30,897 DEBUG n.e.o.t.s.UpdateSvc                 - anl-mr2:xe-0/1/0 53                                         
2019-02-05 10:52:30,897 DEBUG n.e.o.t.s.UpdateSvc                 - anl-mr2:ae0 53                                              
2019-02-05 10:52:30,897 DEBUG n.e.o.t.s.UpdateSvc                 - anl-mr2:xe-2/3/0 53                                         
2019-02-05 10:52:30,900 INFO  n.e.o.t.s.UpdateSvc                 - inserting p: chic-cr5:10/1/3 to chic-cr5                    
2019-02-05 10:52:30,901 DEBUG n.e.o.t.s.UpdateSvc                 - chic-cr5:7/1/1 55                                           
2019-02-05 10:52:30,901 DEBUG n.e.o.t.s.UpdateSvc                 - chic-cr5:10/1/3 55                                          
2019-02-05 10:52:30,901 DEBUG n.e.o.t.s.UpdateSvc                 - chic-cr5:1/1/1 55                                           
2019-02-05 10:52:30,901 DEBUG n.e.o.t.s.UpdateSvc                 - chic-cr5:8/1/1 55                                           
2019-02-05 10:52:30,901 DEBUG n.e.o.t.s.UpdateSvc                 - chic-cr5:6/2/1 55                                           
2019-02-05 10:52:30,901 DEBUG n.e.o.t.s.UpdateSvc                 - chic-cr5:BLANK 55                                           
2019-02-05 10:52:30,902 DEBUG n.e.o.t.s.UpdateSvc                 - chic-cr5:6/1/1 55                                           
2019-02-05 10:52:30,902 DEBUG n.e.o.t.s.UpdateSvc                 - chic-cr5:7/2/1 55                                           
2019-02-05 10:52:30,904 INFO  n.e.o.t.s.UpdateSvc                 - inserting p: doe-gtn-rt2:ge-0/0/0 to doe-gtn-rt2            
2019-02-05 10:52:30,905 DEBUG n.e.o.t.s.UpdateSvc                 - doe-gtn-rt2:ge-0/0/0 33                                     
2019-02-05 10:52:30,907 INFO  n.e.o.t.s.UpdateSvc                 - inserting p: ornl-cr5:6/1/1 to ornl-cr5                     
2019-02-05 10:52:30,908 DEBUG n.e.o.t.s.UpdateSvc                 - ornl-cr5:10/1/3 64                                          
2019-02-05 10:52:30,908 DEBUG n.e.o.t.s.UpdateSvc                 - ornl-cr5:10/1/2 64                                          
2019-02-05 10:52:30,908 DEBUG n.e.o.t.s.UpdateSvc                 - ornl-cr5:10/1/1 64                                          
2019-02-05 10:52:30,908 DEBUG n.e.o.t.s.UpdateSvc                 - ornl-cr5:6/1/1 64                                           
2019-02-05 10:52:30,911 INFO  n.e.o.t.s.UpdateSvc                 - inserting p: chic-cr5:10/1/1 to chic-cr5                    
2019-02-05 10:52:30,912 DEBUG n.e.o.t.s.UpdateSvc                 - chic-cr5:7/1/1 55                                           
2019-02-05 10:52:30,912 DEBUG n.e.o.t.s.UpdateSvc                 - chic-cr5:10/1/3 55                                          
2019-02-05 10:52:30,912 DEBUG n.e.o.t.s.UpdateSvc                 - chic-cr5:10/1/1 55                                          
2019-02-05 10:52:30,912 DEBUG n.e.o.t.s.UpdateSvc                 - chic-cr5:1/1/1 55                                           
2019-02-05 10:52:30,912 DEBUG n.e.o.t.s.UpdateSvc                 - chic-cr5:8/1/1 55                                           
2019-02-05 10:52:30,912 DEBUG n.e.o.t.s.UpdateSvc                 - chic-cr5:6/2/1 55                                           
2019-02-05 10:52:30,912 DEBUG n.e.o.t.s.UpdateSvc                 - chic-cr5:BLANK 55                                           
2019-02-05 10:52:30,912 DEBUG n.e.o.t.s.UpdateSvc                 - chic-cr5:6/1/1 55                                           
2019-02-05 10:52:30,912 DEBUG n.e.o.t.s.UpdateSvc                 - chic-cr5:7/2/1 55                                           
2019-02-05 10:52:30,914 INFO  n.e.o.t.s.UpdateSvc                 - inserting p: doe-gtn-rt2:ge-0/0/3 to doe-gtn-rt2            
2019-02-05 10:52:30,914 DEBUG n.e.o.t.s.UpdateSvc                 - doe-gtn-rt2:ge-0/0/3 33                                     
2019-02-05 10:52:30,914 DEBUG n.e.o.t.s.UpdateSvc                 - doe-gtn-rt2:ge-0/0/0 33                                     
2019-02-05 10:52:30,917 INFO  n.e.o.t.s.UpdateSvc                 - inserting p: chic-cr5:10/1/7 to chic-cr5                    
2019-02-05 10:52:30,917 DEBUG n.e.o.t.s.UpdateSvc                 - chic-cr5:7/1/1 55                                           
2019-02-05 10:52:30,917 DEBUG n.e.o.t.s.UpdateSvc                 - chic-cr5:10/1/3 55                                          
2019-02-05 10:52:30,917 DEBUG n.e.o.t.s.UpdateSvc                 - chic-cr5:10/1/1 55                                          
2019-02-05 10:52:30,917 DEBUG n.e.o.t.s.UpdateSvc                 - chic-cr5:1/1/1 55                                           
2019-02-05 10:52:30,917 DEBUG n.e.o.t.s.UpdateSvc                 - chic-cr5:8/1/1 55                                           
2019-02-05 10:52:30,917 DEBUG n.e.o.t.s.UpdateSvc                 - chic-cr5:6/2/1 55                                           
2019-02-05 10:52:30,918 DEBUG n.e.o.t.s.UpdateSvc                 - chic-cr5:BLANK 55                                           
2019-02-05 10:52:30,918 DEBUG n.e.o.t.s.UpdateSvc                 - chic-cr5:10/1/7 55                                          
2019-02-05 10:52:30,918 DEBUG n.e.o.t.s.UpdateSvc                 - chic-cr5:6/1/1 55                                           
2019-02-05 10:52:30,918 DEBUG n.e.o.t.s.UpdateSvc                 - chic-cr5:7/2/1 55                                           
2019-02-05 10:52:30,919 INFO  n.e.o.t.s.UpdateSvc                 - inserting p: pantex-rt4:ge-0/1/0 to pantex-rt4              
2019-02-05 10:52:30,920 DEBUG n.e.o.t.s.UpdateSvc                 - pantex-rt4:ge-0/1/0 66                                      
2019-02-05 10:52:30,922 INFO  n.e.o.t.s.UpdateSvc                 - inserting p: chic-cr5:10/1/5 to chic-cr5                    
2019-02-05 10:52:30,922 DEBUG n.e.o.t.s.UpdateSvc                 - chic-cr5:7/1/1 55                                           
2019-02-05 10:52:30,922 DEBUG n.e.o.t.s.UpdateSvc                 - chic-cr5:10/1/3 55                                          
2019-02-05 10:52:30,922 DEBUG n.e.o.t.s.UpdateSvc                 - chic-cr5:10/1/1 55                                          
2019-02-05 10:52:30,922 DEBUG n.e.o.t.s.UpdateSvc                 - chic-cr5:1/1/1 55                                           
2019-02-05 10:52:30,922 DEBUG n.e.o.t.s.UpdateSvc                 - chic-cr5:8/1/1 55                                           
2019-02-05 10:52:30,923 DEBUG n.e.o.t.s.UpdateSvc                 - chic-cr5:6/2/1 55                                           
2019-02-05 10:52:30,923 DEBUG n.e.o.t.s.UpdateSvc                 - chic-cr5:BLANK 55                                           
2019-02-05 10:52:30,923 DEBUG n.e.o.t.s.UpdateSvc                 - chic-cr5:10/1/5 55                                          
2019-02-05 10:52:30,923 DEBUG n.e.o.t.s.UpdateSvc                 - chic-cr5:10/1/7 55                                          
2019-02-05 10:52:30,923 DEBUG n.e.o.t.s.UpdateSvc                 - chic-cr5:6/1/1 55                                           
2019-02-05 10:52:30,923 DEBUG n.e.o.t.s.UpdateSvc                 - chic-cr5:7/2/1 55                                           
2019-02-05 10:52:30,925 INFO  n.e.o.t.s.UpdateSvc                 - inserting p: chic-cr5:10/1/4 to chic-cr5                    
2019-02-05 10:52:30,926 DEBUG n.e.o.t.s.UpdateSvc                 - chic-cr5:7/1/1 55                                           
2019-02-05 10:52:30,926 DEBUG n.e.o.t.s.UpdateSvc                 - chic-cr5:10/1/3 55                                          
2019-02-05 10:52:30,926 DEBUG n.e.o.t.s.UpdateSvc                 - chic-cr5:10/1/1 55                                          
2019-02-05 10:52:30,926 DEBUG n.e.o.t.s.UpdateSvc                 - chic-cr5:1/1/1 55                                           
2019-02-05 10:52:30,926 DEBUG n.e.o.t.s.UpdateSvc                 - chic-cr5:8/1/1 55                                           
2019-02-05 10:52:30,926 DEBUG n.e.o.t.s.UpdateSvc                 - chic-cr5:6/2/1 55                                           
2019-02-05 10:52:30,926 DEBUG n.e.o.t.s.UpdateSvc                 - chic-cr5:BLANK 55                                           
2019-02-05 10:52:30,926 DEBUG n.e.o.t.s.UpdateSvc                 - chic-cr5:10/1/5 55                                          
2019-02-05 10:52:30,926 DEBUG n.e.o.t.s.UpdateSvc                 - chic-cr5:10/1/7 55                                          
2019-02-05 10:52:30,926 DEBUG n.e.o.t.s.UpdateSvc                 - chic-cr5:6/1/1 55                                           
2019-02-05 10:52:30,926 DEBUG n.e.o.t.s.UpdateSvc                 - chic-cr5:7/2/1 55                                           
2019-02-05 10:52:30,926 DEBUG n.e.o.t.s.UpdateSvc                 - chic-cr5:10/1/4 55                                          
2019-02-05 10:52:30,929 INFO  n.e.o.t.s.UpdateSvc                 - inserting p: llnl-mr2:xe-0/1/0 to llnl-mr2                  
2019-02-05 10:52:30,929 DEBUG n.e.o.t.s.UpdateSvc                 - llnl-mr2:xe-1/3/0 52                                        
2019-02-05 10:52:30,929 DEBUG n.e.o.t.s.UpdateSvc                 - llnl-mr2:xe-3/2/0 52                                        
2019-02-05 10:52:30,929 DEBUG n.e.o.t.s.UpdateSvc                 - llnl-mr2:ge-3/0/0 52                                        
2019-02-05 10:52:30,929 DEBUG n.e.o.t.s.UpdateSvc                 - llnl-mr2:xe-2/2/0 52                                        
2019-02-05 10:52:30,929 DEBUG n.e.o.t.s.UpdateSvc                 - llnl-mr2:xe-2/0/0 52                                        
2019-02-05 10:52:30,930 DEBUG n.e.o.t.s.UpdateSvc                 - llnl-mr2:xe-2/1/0 52                                        
2019-02-05 10:52:30,930 DEBUG n.e.o.t.s.UpdateSvc                 - llnl-mr2:xe-0/1/0 52                                        
2019-02-05 10:52:30,930 DEBUG n.e.o.t.s.UpdateSvc                 - llnl-mr2:ge-3/0/1 52                                        
2019-02-05 10:52:30,932 INFO  n.e.o.t.s.UpdateSvc                 - inserting p: cern-773-cr5:1/1/1 to cern-773-cr5             
2019-02-05 10:52:30,933 DEBUG n.e.o.t.s.UpdateSvc                 - cern-773-cr5:1/1/1 44                                       
2019-02-05 10:52:30,933 DEBUG n.e.o.t.s.UpdateSvc                 - cern-773-cr5:BLANK 44                                       
2019-02-05 10:52:30,933 DEBUG n.e.o.t.s.UpdateSvc                 - cern-773-cr5:10/1/2 44                                      
2019-02-05 10:52:30,933 DEBUG n.e.o.t.s.UpdateSvc                 - cern-773-cr5:10/1/1 44                                      
2019-02-05 10:52:30,933 DEBUG n.e.o.t.s.UpdateSvc                 - cern-773-cr5:10/1/3 44                                      
2019-02-05 10:52:30,946 INFO  n.e.o.t.s.UpdateSvc                 - inserting p: cern-513-cr5:5/1/1 to cern-513-cr5             
2019-02-05 10:52:30,946 DEBUG n.e.o.t.s.UpdateSvc                 - cern-513-cr5:1/1/1 34                                       
2019-02-05 10:52:30,946 DEBUG n.e.o.t.s.UpdateSvc                 - cern-513-cr5:2/1/1 34                                       
2019-02-05 10:52:30,946 DEBUG n.e.o.t.s.UpdateSvc                 - cern-513-cr5:BLANK 34                                       
2019-02-05 10:52:30,946 DEBUG n.e.o.t.s.UpdateSvc                 - cern-513-cr5:1/2/1 34                                       
2019-02-05 10:52:30,946 DEBUG n.e.o.t.s.UpdateSvc                 - cern-513-cr5:5/1/1 34                                       
2019-02-05 10:52:30,949 INFO  n.e.o.t.s.UpdateSvc                 - inserting p: nash-cr5:1/2/1 to nash-cr5                     
2019-02-05 10:52:30,950 DEBUG n.e.o.t.s.UpdateSvc                 - nash-cr5:1/2/1 45                                           
2019-02-05 10:52:30,950 DEBUG n.e.o.t.s.UpdateSvc                 - nash-cr5:10/1/6 45                                          
2019-02-05 10:52:30,950 DEBUG n.e.o.t.s.UpdateSvc                 - nash-cr5:10/1/4 45                                          
2019-02-05 10:52:30,950 DEBUG n.e.o.t.s.UpdateSvc                 - nash-cr5:10/1/5 45                                          
2019-02-05 10:52:30,950 DEBUG n.e.o.t.s.UpdateSvc                 - nash-cr5:10/1/3 45                                          
2019-02-05 10:52:30,953 INFO  n.e.o.t.s.UpdateSvc                 - inserting p: lond-cr5:2/2/1 to lond-cr5                     
2019-02-05 10:52:30,953 DEBUG n.e.o.t.s.UpdateSvc                 - lond-cr5:5/1/1 57                                           
2019-02-05 10:52:30,953 DEBUG n.e.o.t.s.UpdateSvc                 - lond-cr5:2/2/1 57                                           
2019-02-05 10:52:30,956 INFO  n.e.o.t.s.UpdateSvc                 - inserting p: snla-rt3:ge-1/0/2 to snla-rt3                  
2019-02-05 10:52:30,956 DEBUG n.e.o.t.s.UpdateSvc                 - snla-rt3:ge-1/0/2 48                                        
2019-02-05 10:52:30,959 INFO  n.e.o.t.s.UpdateSvc                 - inserting p: hous-cr5:3/1/1 to hous-cr5                     
2019-02-05 10:52:30,960 DEBUG n.e.o.t.s.UpdateSvc                 - hous-cr5:1/1/1 68                                           
2019-02-05 10:52:30,960 DEBUG n.e.o.t.s.UpdateSvc                 - hous-cr5:3/1/1 68                                           
2019-02-05 10:52:30,960 DEBUG n.e.o.t.s.UpdateSvc                 - hous-cr5:10/1/4 68                                          
2019-02-05 10:52:30,960 DEBUG n.e.o.t.s.UpdateSvc                 - hous-cr5:10/1/3 68                                          
2019-02-05 10:52:30,963 INFO  n.e.o.t.s.UpdateSvc                 - inserting p: pantex-rt4:ge-0/0/2 to pantex-rt4              
2019-02-05 10:52:30,963 DEBUG n.e.o.t.s.UpdateSvc                 - pantex-rt4:ge-0/0/2 66                                      
2019-02-05 10:52:30,963 DEBUG n.e.o.t.s.UpdateSvc                 - pantex-rt4:ge-0/1/0 66                                      
2019-02-05 10:52:30,967 INFO  n.e.o.t.s.UpdateSvc                 - inserting p: wash-cr5:4/1/1 to wash-cr5                     
2019-02-05 10:52:30,967 DEBUG n.e.o.t.s.UpdateSvc                 - wash-cr5:10/1/9 36                                          
2019-02-05 10:52:30,967 DEBUG n.e.o.t.s.UpdateSvc                 - wash-cr5:6/1/1 36                                           
2019-02-05 10:52:30,967 DEBUG n.e.o.t.s.UpdateSvc                 - wash-cr5:10/1/3 36                                          
2019-02-05 10:52:30,967 DEBUG n.e.o.t.s.UpdateSvc                 - wash-cr5:10/1/4 36                                          
2019-02-05 10:52:30,968 DEBUG n.e.o.t.s.UpdateSvc                 - wash-cr5:1/1/1 36                                           
2019-02-05 10:52:30,968 DEBUG n.e.o.t.s.UpdateSvc                 - wash-cr5:4/2/1 36                                           
2019-02-05 10:52:30,968 DEBUG n.e.o.t.s.UpdateSvc                 - wash-cr5:10/1/5 36                                          
2019-02-05 10:52:30,968 DEBUG n.e.o.t.s.UpdateSvc                 - wash-cr5:10/1/10 36                                         
2019-02-05 10:52:30,968 DEBUG n.e.o.t.s.UpdateSvc                 - wash-cr5:4/1/1 36                                           
2019-02-05 10:52:30,971 INFO  n.e.o.t.s.UpdateSvc                 - inserting p: fnal-mr2:xe-0/0/0 to fnal-mr2                  
2019-02-05 10:52:30,971 DEBUG n.e.o.t.s.UpdateSvc                 - fnal-mr2:xe-0/0/0 65                                        
2019-02-05 10:52:30,971 DEBUG n.e.o.t.s.UpdateSvc                 - fnal-mr2:xe-1/3/0 65                                        
2019-02-05 10:52:30,975 INFO  n.e.o.t.s.UpdateSvc                 - inserting p: snll-mr2:xe-2/3/0 to snll-mr2                  
2019-02-05 10:52:30,976 DEBUG n.e.o.t.s.UpdateSvc                 - snll-mr2:xe-2/2/0 40                                        
2019-02-05 10:52:30,976 DEBUG n.e.o.t.s.UpdateSvc                 - snll-mr2:xe-2/3/0 40                                        
2019-02-05 10:52:30,979 INFO  n.e.o.t.s.UpdateSvc                 - inserting p: doe-gtn-rt2:ge-0/1/3 to doe-gtn-rt2            
2019-02-05 10:52:30,980 DEBUG n.e.o.t.s.UpdateSvc                 - doe-gtn-rt2:ge-0/0/3 33                                     
2019-02-05 10:52:30,980 DEBUG n.e.o.t.s.UpdateSvc                 - doe-gtn-rt2:ge-0/1/3 33                                     
2019-02-05 10:52:30,981 DEBUG n.e.o.t.s.UpdateSvc                 - doe-gtn-rt2:ge-0/0/0 33                                     
2019-02-05 10:52:30,984 INFO  n.e.o.t.s.UpdateSvc                 - inserting p: doe-gtn-rt2:ge-0/1/0 to doe-gtn-rt2            
2019-02-05 10:52:30,985 DEBUG n.e.o.t.s.UpdateSvc                 - doe-gtn-rt2:ge-0/0/3 33                                     
2019-02-05 10:52:30,985 DEBUG n.e.o.t.s.UpdateSvc                 - doe-gtn-rt2:ge-0/1/3 33                                     
2019-02-05 10:52:30,985 DEBUG n.e.o.t.s.UpdateSvc                 - doe-gtn-rt2:ge-0/1/0 33                                     
2019-02-05 10:52:30,985 DEBUG n.e.o.t.s.UpdateSvc                 - doe-gtn-rt2:ge-0/0/0 33                                     
2019-02-05 10:52:30,988 INFO  n.e.o.t.s.UpdateSvc                 - inserting p: jgi-mr2:xe-1/3/0 to jgi-mr2                    
2019-02-05 10:52:30,989 DEBUG n.e.o.t.s.UpdateSvc                 - jgi-mr2:xe-1/3/0 61                                         
2019-02-05 10:52:30,992 INFO  n.e.o.t.s.UpdateSvc                 - inserting p: elpa-cr5:1/1/1 to elpa-cr5                     
2019-02-05 10:52:30,992 DEBUG n.e.o.t.s.UpdateSvc                 - elpa-cr5:10/1/4 46                                          
2019-02-05 10:52:30,992 DEBUG n.e.o.t.s.UpdateSvc                 - elpa-cr5:10/1/5 46                                          
2019-02-05 10:52:30,992 DEBUG n.e.o.t.s.UpdateSvc                 - elpa-cr5:1/1/1 46                                           
2019-02-05 10:52:30,992 DEBUG n.e.o.t.s.UpdateSvc                 - elpa-cr5:10/1/3 46                                          
2019-02-05 10:52:30,995 INFO  n.e.o.t.s.UpdateSvc                 - inserting p: aofa-cr5:2/1/1 to aofa-cr5                     
2019-02-05 10:52:30,996 DEBUG n.e.o.t.s.UpdateSvc                 - aofa-cr5:4/2/1 69                                           
2019-02-05 10:52:30,996 DEBUG n.e.o.t.s.UpdateSvc                 - aofa-cr5:6/2/1 69                                           
2019-02-05 10:52:30,996 DEBUG n.e.o.t.s.UpdateSvc                 - aofa-cr5:2/1/1 69                                           
2019-02-05 10:52:30,996 DEBUG n.e.o.t.s.UpdateSvc                 - aofa-cr5:10/1/2 69                                          
2019-02-05 10:52:30,996 DEBUG n.e.o.t.s.UpdateSvc                 - aofa-cr5:4/1/1 69                                           
2019-02-05 10:52:30,996 DEBUG n.e.o.t.s.UpdateSvc                 - aofa-cr5:5/1/1 69                                           
2019-02-05 10:52:30,996 DEBUG n.e.o.t.s.UpdateSvc                 - aofa-cr5:9/1/5 69                                           
2019-02-05 10:52:30,996 DEBUG n.e.o.t.s.UpdateSvc                 - aofa-cr5:10/1/9 69                                          
2019-02-05 10:52:30,996 DEBUG n.e.o.t.s.UpdateSvc                 - aofa-cr5:10/1/8 69                                          
2019-02-05 10:52:30,996 DEBUG n.e.o.t.s.UpdateSvc                 - aofa-cr5:10/1/1 69                                          
2019-02-05 10:52:30,996 DEBUG n.e.o.t.s.UpdateSvc                 - aofa-cr5:9/1/1 69                                           
2019-02-05 10:52:30,996 DEBUG n.e.o.t.s.UpdateSvc                 - aofa-cr5:3/1/1 69                                           
2019-02-05 10:52:30,999 INFO  n.e.o.t.s.UpdateSvc                 - inserting p: pantex-rt4:ge-0/0/0 to pantex-rt4              
2019-02-05 10:52:31,000 DEBUG n.e.o.t.s.UpdateSvc                 - pantex-rt4:ge-0/0/0 66                                      
2019-02-05 10:52:31,000 DEBUG n.e.o.t.s.UpdateSvc                 - pantex-rt4:ge-0/0/2 66                                      
2019-02-05 10:52:31,000 DEBUG n.e.o.t.s.UpdateSvc                 - pantex-rt4:ge-0/1/0 66                                      
2019-02-05 10:52:31,003 INFO  n.e.o.t.s.UpdateSvc                 - inserting p: pantex-rt4:ge-0/0/1 to pantex-rt4              
2019-02-05 10:52:31,004 DEBUG n.e.o.t.s.UpdateSvc                 - pantex-rt4:ge-0/0/0 66                                      
2019-02-05 10:52:31,004 DEBUG n.e.o.t.s.UpdateSvc                 - pantex-rt4:ge-0/0/1 66                                      
2019-02-05 10:52:31,004 DEBUG n.e.o.t.s.UpdateSvc                 - pantex-rt4:ge-0/0/2 66                                      
2019-02-05 10:52:31,004 DEBUG n.e.o.t.s.UpdateSvc                 - pantex-rt4:ge-0/1/0 66                                      
2019-02-05 10:52:31,007 INFO  n.e.o.t.s.UpdateSvc                 - inserting p: sunn-cr5:4/1/1 to sunn-cr5                     
2019-02-05 10:52:31,008 DEBUG n.e.o.t.s.UpdateSvc                 - sunn-cr5:10/1/6 50                                          
2019-02-05 10:52:31,008 DEBUG n.e.o.t.s.UpdateSvc                 - sunn-cr5:10/2/4 50                                          
2019-02-05 10:52:31,008 DEBUG n.e.o.t.s.UpdateSvc                 - sunn-cr5:10/2/6 50                                          
2019-02-05 10:52:31,008 DEBUG n.e.o.t.s.UpdateSvc                 - sunn-cr5:4/1/1 50                                           
2019-02-05 10:52:31,008 DEBUG n.e.o.t.s.UpdateSvc                 - sunn-cr5:10/1/5 50                                          
2019-02-05 10:52:31,008 DEBUG n.e.o.t.s.UpdateSvc                 - sunn-cr5:8/1/1 50                                           
2019-02-05 10:52:31,008 DEBUG n.e.o.t.s.UpdateSvc                 - sunn-cr5:10/2/1 50                                          
2019-02-05 10:52:31,008 DEBUG n.e.o.t.s.UpdateSvc                 - sunn-cr5:10/2/5 50                                          
2019-02-05 10:52:31,008 DEBUG n.e.o.t.s.UpdateSvc                 - sunn-cr5:10/1/1 50                                          
2019-02-05 10:52:31,008 DEBUG n.e.o.t.s.UpdateSvc                 - sunn-cr5:10/1/4 50                                          
2019-02-05 10:52:31,008 DEBUG n.e.o.t.s.UpdateSvc                 - sunn-cr5:5/2/1 50                                           
2019-02-05 10:52:31,008 DEBUG n.e.o.t.s.UpdateSvc                 - sunn-cr5:7/2/1 50                                           
2019-02-05 10:52:31,008 DEBUG n.e.o.t.s.UpdateSvc                 - sunn-cr5:10/1/3 50                                          
2019-02-05 10:52:31,008 DEBUG n.e.o.t.s.UpdateSvc                 - sunn-cr5:5/1/1 50                                           
2019-02-05 10:52:31,008 DEBUG n.e.o.t.s.UpdateSvc                 - sunn-cr5:7/1/1 50                                           
2019-02-05 10:52:31,008 DEBUG n.e.o.t.s.UpdateSvc                 - sunn-cr5:10/1/2 50                                          
2019-02-05 10:52:31,008 DEBUG n.e.o.t.s.UpdateSvc                 - sunn-cr5:10/2/2 50                                          
2019-02-05 10:52:31,008 DEBUG n.e.o.t.s.UpdateSvc                 - sunn-cr5:10/2/3 50                                          
2019-02-05 10:52:31,010 INFO  n.e.o.t.s.UpdateSvc                 - inserting p: denv-cr5:10/1/12 to denv-cr5                   
2019-02-05 10:52:31,011 DEBUG n.e.o.t.s.UpdateSvc                 - denv-cr5:4/1/1 75                                           
2019-02-05 10:52:31,011 DEBUG n.e.o.t.s.UpdateSvc                 - denv-cr5:10/1/7 75                                          
2019-02-05 10:52:31,011 DEBUG n.e.o.t.s.UpdateSvc                 - denv-cr5:10/1/12 75                                         
2019-02-05 10:52:31,011 DEBUG n.e.o.t.s.UpdateSvc                 - denv-cr5:10/1/6 75                                          
2019-02-05 10:52:31,011 DEBUG n.e.o.t.s.UpdateSvc                 - denv-cr5:10/1/3 75                                          
2019-02-05 10:52:31,011 DEBUG n.e.o.t.s.UpdateSvc                 - denv-cr5:10/1/4 75                                          
2019-02-05 10:52:31,011 DEBUG n.e.o.t.s.UpdateSvc                 - denv-cr5:10/1/5 75                                          
2019-02-05 10:52:31,011 DEBUG n.e.o.t.s.UpdateSvc                 - denv-cr5:4/2/1 75                                           
2019-02-05 10:52:31,014 INFO  n.e.o.t.s.UpdateSvc                 - inserting p: nash-cr5:1/1/1 to nash-cr5                     
2019-02-05 10:52:31,015 DEBUG n.e.o.t.s.UpdateSvc                 - nash-cr5:1/2/1 45                                           
2019-02-05 10:52:31,015 DEBUG n.e.o.t.s.UpdateSvc                 - nash-cr5:1/1/1 45                                           
2019-02-05 10:52:31,015 DEBUG n.e.o.t.s.UpdateSvc                 - nash-cr5:10/1/6 45                                          
2019-02-05 10:52:31,015 DEBUG n.e.o.t.s.UpdateSvc                 - nash-cr5:10/1/4 45                                          
2019-02-05 10:52:31,015 DEBUG n.e.o.t.s.UpdateSvc                 - nash-cr5:10/1/5 45                                          
2019-02-05 10:52:31,015 DEBUG n.e.o.t.s.UpdateSvc                 - nash-cr5:10/1/3 45                                          
2019-02-05 10:52:31,019 INFO  n.e.o.t.s.UpdateSvc                 - inserting p: denv-cr5:10/1/11 to denv-cr5                   
2019-02-05 10:52:31,020 DEBUG n.e.o.t.s.UpdateSvc                 - denv-cr5:4/1/1 75                                           
2019-02-05 10:52:31,020 DEBUG n.e.o.t.s.UpdateSvc                 - denv-cr5:10/1/7 75                                          
2019-02-05 10:52:31,020 DEBUG n.e.o.t.s.UpdateSvc                 - denv-cr5:10/1/12 75                                         
2019-02-05 10:52:31,020 DEBUG n.e.o.t.s.UpdateSvc                 - denv-cr5:10/1/6 75                                          
2019-02-05 10:52:31,020 DEBUG n.e.o.t.s.UpdateSvc                 - denv-cr5:10/1/3 75                                          
2019-02-05 10:52:31,020 DEBUG n.e.o.t.s.UpdateSvc                 - denv-cr5:10/1/4 75                                          
2019-02-05 10:52:31,020 DEBUG n.e.o.t.s.UpdateSvc                 - denv-cr5:10/1/5 75                                          
2019-02-05 10:52:31,020 DEBUG n.e.o.t.s.UpdateSvc                 - denv-cr5:4/2/1 75                                           
2019-02-05 10:52:31,020 DEBUG n.e.o.t.s.UpdateSvc                 - denv-cr5:10/1/11 75                                         
2019-02-05 10:52:31,023 INFO  n.e.o.t.s.UpdateSvc                 - inserting p: lond-cr5:2/1/1 to lond-cr5                     
2019-02-05 10:52:31,023 DEBUG n.e.o.t.s.UpdateSvc                 - lond-cr5:5/1/1 57                                           
2019-02-05 10:52:31,023 DEBUG n.e.o.t.s.UpdateSvc                 - lond-cr5:2/1/1 57                                           
2019-02-05 10:52:31,023 DEBUG n.e.o.t.s.UpdateSvc                 - lond-cr5:2/2/1 57                                           
2019-02-05 10:52:31,026 INFO  n.e.o.t.s.UpdateSvc                 - inserting p: denv-cr5:10/1/10 to denv-cr5                   
2019-02-05 10:52:31,027 DEBUG n.e.o.t.s.UpdateSvc                 - denv-cr5:4/1/1 75                                           
2019-02-05 10:52:31,027 DEBUG n.e.o.t.s.UpdateSvc                 - denv-cr5:10/1/7 75                                          
2019-02-05 10:52:31,027 DEBUG n.e.o.t.s.UpdateSvc                 - denv-cr5:10/1/12 75                                         
2019-02-05 10:52:31,027 DEBUG n.e.o.t.s.UpdateSvc                 - denv-cr5:10/1/6 75                                          
2019-02-05 10:52:31,027 DEBUG n.e.o.t.s.UpdateSvc                 - denv-cr5:10/1/10 75                                         
2019-02-05 10:52:31,027 DEBUG n.e.o.t.s.UpdateSvc                 - denv-cr5:10/1/3 75                                          
2019-02-05 10:52:31,027 DEBUG n.e.o.t.s.UpdateSvc                 - denv-cr5:10/1/4 75                                          
2019-02-05 10:52:31,027 DEBUG n.e.o.t.s.UpdateSvc                 - denv-cr5:10/1/5 75                                          
2019-02-05 10:52:31,027 DEBUG n.e.o.t.s.UpdateSvc                 - denv-cr5:4/2/1 75                                           
2019-02-05 10:52:31,027 DEBUG n.e.o.t.s.UpdateSvc                 - denv-cr5:10/1/11 75                                         
2019-02-05 10:52:31,040 INFO  n.e.o.t.s.UpdateSvc                 - inserting p: cern-513-cr5:4/1/1 to cern-513-cr5             
2019-02-05 10:52:31,041 DEBUG n.e.o.t.s.UpdateSvc                 - cern-513-cr5:1/1/1 34                                       
2019-02-05 10:52:31,041 DEBUG n.e.o.t.s.UpdateSvc                 - cern-513-cr5:2/1/1 34                                       
2019-02-05 10:52:31,041 DEBUG n.e.o.t.s.UpdateSvc                 - cern-513-cr5:BLANK 34                                       
2019-02-05 10:52:31,041 DEBUG n.e.o.t.s.UpdateSvc                 - cern-513-cr5:4/1/1 34                                       
2019-02-05 10:52:31,041 DEBUG n.e.o.t.s.UpdateSvc                 - cern-513-cr5:1/2/1 34                                       
2019-02-05 10:52:31,041 DEBUG n.e.o.t.s.UpdateSvc                 - cern-513-cr5:5/1/1 34                                       
2019-02-05 10:52:31,044 INFO  n.e.o.t.s.UpdateSvc                 - inserting p: chic-cr5:3/1/1 to chic-cr5                     
2019-02-05 10:52:31,044 DEBUG n.e.o.t.s.UpdateSvc                 - chic-cr5:7/1/1 55                                           
2019-02-05 10:52:31,044 DEBUG n.e.o.t.s.UpdateSvc                 - chic-cr5:10/1/3 55                                          
2019-02-05 10:52:31,044 DEBUG n.e.o.t.s.UpdateSvc                 - chic-cr5:10/1/1 55                                          
2019-02-05 10:52:31,044 DEBUG n.e.o.t.s.UpdateSvc                 - chic-cr5:1/1/1 55                                           
2019-02-05 10:52:31,044 DEBUG n.e.o.t.s.UpdateSvc                 - chic-cr5:8/1/1 55                                           
2019-02-05 10:52:31,044 DEBUG n.e.o.t.s.UpdateSvc                 - chic-cr5:BLANK 55                                           
2019-02-05 10:52:31,044 DEBUG n.e.o.t.s.UpdateSvc                 - chic-cr5:10/1/5 55                                          
2019-02-05 10:52:31,044 DEBUG n.e.o.t.s.UpdateSvc                 - chic-cr5:7/2/1 55                                           
2019-02-05 10:52:31,044 DEBUG n.e.o.t.s.UpdateSvc                 - chic-cr5:3/1/1 55                                           
2019-02-05 10:52:31,044 DEBUG n.e.o.t.s.UpdateSvc                 - chic-cr5:6/2/1 55                                           
2019-02-05 10:52:31,044 DEBUG n.e.o.t.s.UpdateSvc                 - chic-cr5:10/1/7 55                                          
2019-02-05 10:52:31,044 DEBUG n.e.o.t.s.UpdateSvc                 - chic-cr5:6/1/1 55                                           
2019-02-05 10:52:31,044 DEBUG n.e.o.t.s.UpdateSvc                 - chic-cr5:10/1/4 55                                          
2019-02-05 10:52:31,047 INFO  n.e.o.t.s.UpdateSvc                 - inserting p: llnl-mr2:xe-1/0/0 to llnl-mr2                  
2019-02-05 10:52:31,048 DEBUG n.e.o.t.s.UpdateSvc                 - llnl-mr2:xe-1/3/0 52                                        
2019-02-05 10:52:31,048 DEBUG n.e.o.t.s.UpdateSvc                 - llnl-mr2:xe-3/2/0 52                                        
2019-02-05 10:52:31,048 DEBUG n.e.o.t.s.UpdateSvc                 - llnl-mr2:xe-1/0/0 52                                        
2019-02-05 10:52:31,048 DEBUG n.e.o.t.s.UpdateSvc                 - llnl-mr2:ge-3/0/0 52                                        
2019-02-05 10:52:31,048 DEBUG n.e.o.t.s.UpdateSvc                 - llnl-mr2:xe-2/2/0 52                                        
2019-02-05 10:52:31,048 DEBUG n.e.o.t.s.UpdateSvc                 - llnl-mr2:xe-2/0/0 52                                        
2019-02-05 10:52:31,048 DEBUG n.e.o.t.s.UpdateSvc                 - llnl-mr2:xe-2/1/0 52                                        
2019-02-05 10:52:31,048 DEBUG n.e.o.t.s.UpdateSvc                 - llnl-mr2:xe-0/1/0 52                                        
2019-02-05 10:52:31,048 DEBUG n.e.o.t.s.UpdateSvc                 - llnl-mr2:ge-3/0/1 52                                        
2019-02-05 10:52:31,052 INFO  n.e.o.t.s.UpdateSvc                 - inserting p: eqx-sj-cr5:10/1/4 to eqx-sj-cr5                
2019-02-05 10:52:31,052 DEBUG n.e.o.t.s.UpdateSvc                 - eqx-sj-cr5:10/1/4 35                                        
2019-02-05 10:52:31,053 DEBUG n.e.o.t.s.UpdateSvc                 - eqx-sj-cr5:1/2/1 35                                         
2019-02-05 10:52:31,053 DEBUG n.e.o.t.s.UpdateSvc                 - eqx-sj-cr5:BLANK 35                                         
2019-02-05 10:52:31,055 INFO  n.e.o.t.s.UpdateSvc                 - inserting p: eqx-sj-cr5:10/1/2 to eqx-sj-cr5                
2019-02-05 10:52:31,056 DEBUG n.e.o.t.s.UpdateSvc                 - eqx-sj-cr5:10/1/4 35                                        
2019-02-05 10:52:31,056 DEBUG n.e.o.t.s.UpdateSvc                 - eqx-sj-cr5:1/2/1 35                                         
2019-02-05 10:52:31,056 DEBUG n.e.o.t.s.UpdateSvc                 - eqx-sj-cr5:10/1/2 35                                        
2019-02-05 10:52:31,056 DEBUG n.e.o.t.s.UpdateSvc                 - eqx-sj-cr5:BLANK 35                                         
2019-02-05 10:52:31,060 INFO  n.e.o.t.s.UpdateSvc                 - inserting p: eqx-sj-cr5:10/1/1 to eqx-sj-cr5                
2019-02-05 10:52:31,061 DEBUG n.e.o.t.s.UpdateSvc                 - eqx-sj-cr5:10/1/4 35                                        
2019-02-05 10:52:31,061 DEBUG n.e.o.t.s.UpdateSvc                 - eqx-sj-cr5:1/2/1 35                                         
2019-02-05 10:52:31,061 DEBUG n.e.o.t.s.UpdateSvc                 - eqx-sj-cr5:10/1/1 35                                        
2019-02-05 10:52:31,061 DEBUG n.e.o.t.s.UpdateSvc                 - eqx-sj-cr5:10/1/2 35                                        
2019-02-05 10:52:31,061 DEBUG n.e.o.t.s.UpdateSvc                 - eqx-sj-cr5:BLANK 35                                         
2019-02-05 10:52:31,065 INFO  n.e.o.t.s.UpdateSvc                 - inserting p: denv-cr5:1/1/1 to denv-cr5                     
2019-02-05 10:52:31,065 DEBUG n.e.o.t.s.UpdateSvc                 - denv-cr5:4/1/1 75                                           
2019-02-05 10:52:31,065 DEBUG n.e.o.t.s.UpdateSvc                 - denv-cr5:10/1/7 75                                          
2019-02-05 10:52:31,065 DEBUG n.e.o.t.s.UpdateSvc                 - denv-cr5:10/1/12 75                                         
2019-02-05 10:52:31,066 DEBUG n.e.o.t.s.UpdateSvc                 - denv-cr5:10/1/6 75                                          
2019-02-05 10:52:31,066 DEBUG n.e.o.t.s.UpdateSvc                 - denv-cr5:10/1/10 75                                         
2019-02-05 10:52:31,066 DEBUG n.e.o.t.s.UpdateSvc                 - denv-cr5:10/1/3 75                                          
2019-02-05 10:52:31,066 DEBUG n.e.o.t.s.UpdateSvc                 - denv-cr5:10/1/4 75                                          
2019-02-05 10:52:31,066 DEBUG n.e.o.t.s.UpdateSvc                 - denv-cr5:10/1/5 75                                          
2019-02-05 10:52:31,066 DEBUG n.e.o.t.s.UpdateSvc                 - denv-cr5:4/2/1 75                                           
2019-02-05 10:52:31,066 DEBUG n.e.o.t.s.UpdateSvc                 - denv-cr5:1/1/1 75                                           
2019-02-05 10:52:31,066 DEBUG n.e.o.t.s.UpdateSvc                 - denv-cr5:10/1/11 75                                         
2019-02-05 10:52:31,069 INFO  n.e.o.t.s.UpdateSvc                 - inserting p: kans-cr5:2/1/1 to kans-cr5                     
2019-02-05 10:52:31,070 DEBUG n.e.o.t.s.UpdateSvc                 - kans-cr5:2/1/1 38                                           
2019-02-05 10:52:31,070 DEBUG n.e.o.t.s.UpdateSvc                 - kans-cr5:1/1/1 38                                           
2019-02-05 10:52:31,070 DEBUG n.e.o.t.s.UpdateSvc                 - kans-cr5:10/1/4 38                                          
2019-02-05 10:52:31,070 DEBUG n.e.o.t.s.UpdateSvc                 - kans-cr5:10/1/3 38                                          
2019-02-05 10:52:31,074 INFO  n.e.o.t.s.UpdateSvc                 - inserting p: llnl-mr2:xe-0/2/0 to llnl-mr2                  
2019-02-05 10:52:31,074 DEBUG n.e.o.t.s.UpdateSvc                 - llnl-mr2:xe-1/3/0 52                                        
2019-02-05 10:52:31,074 DEBUG n.e.o.t.s.UpdateSvc                 - llnl-mr2:xe-3/2/0 52                                        
2019-02-05 10:52:31,074 DEBUG n.e.o.t.s.UpdateSvc                 - llnl-mr2:xe-1/0/0 52                                        
2019-02-05 10:52:31,075 DEBUG n.e.o.t.s.UpdateSvc                 - llnl-mr2:ge-3/0/0 52                                        
2019-02-05 10:52:31,075 DEBUG n.e.o.t.s.UpdateSvc                 - llnl-mr2:xe-2/2/0 52                                        
2019-02-05 10:52:31,075 DEBUG n.e.o.t.s.UpdateSvc                 - llnl-mr2:xe-2/0/0 52                                        
2019-02-05 10:52:31,075 DEBUG n.e.o.t.s.UpdateSvc                 - llnl-mr2:xe-0/2/0 52                                        
2019-02-05 10:52:31,075 DEBUG n.e.o.t.s.UpdateSvc                 - llnl-mr2:xe-2/1/0 52                                        
2019-02-05 10:52:31,075 DEBUG n.e.o.t.s.UpdateSvc                 - llnl-mr2:xe-0/1/0 52                                        
2019-02-05 10:52:31,075 DEBUG n.e.o.t.s.UpdateSvc                 - llnl-mr2:ge-3/0/1 52                                        
2019-02-05 10:52:31,078 INFO  n.e.o.t.s.UpdateSvc                 - inserting p: ornl-cr5:7/1/1 to ornl-cr5                     
2019-02-05 10:52:31,080 DEBUG n.e.o.t.s.UpdateSvc                 - ornl-cr5:10/1/3 64                                          
2019-02-05 10:52:31,080 DEBUG n.e.o.t.s.UpdateSvc                 - ornl-cr5:7/1/1 64                                           
2019-02-05 10:52:31,080 DEBUG n.e.o.t.s.UpdateSvc                 - ornl-cr5:10/1/2 64                                          
2019-02-05 10:52:31,080 DEBUG n.e.o.t.s.UpdateSvc                 - ornl-cr5:10/1/1 64                                          
2019-02-05 10:52:31,080 DEBUG n.e.o.t.s.UpdateSvc                 - ornl-cr5:6/1/1 64                                           
2019-02-05 10:52:31,083 INFO  n.e.o.t.s.UpdateSvc                 - inserting p: ornl-rt4:xe-0/2/0 to ornl-rt4                  
2019-02-05 10:52:31,084 DEBUG n.e.o.t.s.UpdateSvc                 - ornl-rt4:xe-1/2/0 42                                        
2019-02-05 10:52:31,084 DEBUG n.e.o.t.s.UpdateSvc                 - ornl-rt4:ge-0/0/1 42                                        
2019-02-05 10:52:31,084 DEBUG n.e.o.t.s.UpdateSvc                 - ornl-rt4:xe-2/3/0 42                                        
2019-02-05 10:52:31,084 DEBUG n.e.o.t.s.UpdateSvc                 - ornl-rt4:xe-0/2/0 42                                        
2019-02-05 10:52:31,087 INFO  n.e.o.t.s.UpdateSvc                 - inserting p: wash-cr5:5/2/1 to wash-cr5                     
2019-02-05 10:52:31,088 DEBUG n.e.o.t.s.UpdateSvc                 - wash-cr5:10/1/9 36                                          
2019-02-05 10:52:31,088 DEBUG n.e.o.t.s.UpdateSvc                 - wash-cr5:6/1/1 36                                           
2019-02-05 10:52:31,088 DEBUG n.e.o.t.s.UpdateSvc                 - wash-cr5:10/1/3 36                                          
2019-02-05 10:52:31,088 DEBUG n.e.o.t.s.UpdateSvc                 - wash-cr5:10/1/4 36                                          
2019-02-05 10:52:31,088 DEBUG n.e.o.t.s.UpdateSvc                 - wash-cr5:1/1/1 36                                           
2019-02-05 10:52:31,088 DEBUG n.e.o.t.s.UpdateSvc                 - wash-cr5:4/2/1 36                                           
2019-02-05 10:52:31,088 DEBUG n.e.o.t.s.UpdateSvc                 - wash-cr5:10/1/5 36                                          
2019-02-05 10:52:31,089 DEBUG n.e.o.t.s.UpdateSvc                 - wash-cr5:10/1/10 36                                         
2019-02-05 10:52:31,089 DEBUG n.e.o.t.s.UpdateSvc                 - wash-cr5:5/2/1 36                                           
2019-02-05 10:52:31,089 DEBUG n.e.o.t.s.UpdateSvc                 - wash-cr5:4/1/1 36                                           
2019-02-05 10:52:31,091 INFO  n.e.o.t.s.UpdateSvc                 - inserting p: amst-cr5:3/1/1 to amst-cr5                     
2019-02-05 10:52:31,092 DEBUG n.e.o.t.s.UpdateSvc                 - amst-cr5:10/2/5 72                                          
2019-02-05 10:52:31,092 DEBUG n.e.o.t.s.UpdateSvc                 - amst-cr5:3/1/1 72                                           
2019-02-05 10:52:31,092 DEBUG n.e.o.t.s.UpdateSvc                 - amst-cr5:10/1/1 72                                          
2019-02-05 10:52:31,092 DEBUG n.e.o.t.s.UpdateSvc                 - amst-cr5:5/1/1 72                                           
2019-02-05 10:52:31,092 DEBUG n.e.o.t.s.UpdateSvc                 - amst-cr5:10/1/2 72                                          
2019-02-05 10:52:31,095 INFO  n.e.o.t.s.UpdateSvc                 - inserting p: sacr-cr5:5/1/1 to sacr-cr5                     
2019-02-05 10:52:31,096 DEBUG n.e.o.t.s.UpdateSvc                 - sacr-cr5:10/2/6 47                                          
2019-02-05 10:52:31,096 DEBUG n.e.o.t.s.UpdateSvc                 - sacr-cr5:5/1/1 47                                           
2019-02-05 10:52:31,096 DEBUG n.e.o.t.s.UpdateSvc                 - sacr-cr5:10/1/6 47                                          
2019-02-05 10:52:31,096 DEBUG n.e.o.t.s.UpdateSvc                 - sacr-cr5:1/1/1 47                                           
2019-02-05 10:52:31,096 DEBUG n.e.o.t.s.UpdateSvc                 - sacr-cr5:10/2/1 47                                          
2019-02-05 10:52:31,096 DEBUG n.e.o.t.s.UpdateSvc                 - sacr-cr5:3/1/1 47                                           
2019-02-05 10:52:31,096 DEBUG n.e.o.t.s.UpdateSvc                 - sacr-cr5:4/1/1 47                                           
2019-02-05 10:52:31,096 DEBUG n.e.o.t.s.UpdateSvc                 - sacr-cr5:10/2/3 47                                          
2019-02-05 10:52:31,096 DEBUG n.e.o.t.s.UpdateSvc                 - sacr-cr5:10/2/5 47                                          
2019-02-05 10:52:31,096 DEBUG n.e.o.t.s.UpdateSvc                 - sacr-cr5:10/1/2 47                                          
2019-02-05 10:52:31,096 DEBUG n.e.o.t.s.UpdateSvc                 - sacr-cr5:10/1/4 47                                          
2019-02-05 10:52:31,096 DEBUG n.e.o.t.s.UpdateSvc                 - sacr-cr5:2/1/1 47                                           
2019-02-05 10:52:31,096 DEBUG n.e.o.t.s.UpdateSvc                 - sacr-cr5:10/2/4 47                                          
2019-02-05 10:52:31,096 DEBUG n.e.o.t.s.UpdateSvc                 - sacr-cr5:10/2/2 47                                          
2019-02-05 10:52:31,096 DEBUG n.e.o.t.s.UpdateSvc                 - sacr-cr5:10/1/1 47                                          
2019-02-05 10:52:31,100 INFO  n.e.o.t.s.UpdateSvc                 - inserting p: snll-mr2:xe-2/0/0 to snll-mr2                  
2019-02-05 10:52:31,101 DEBUG n.e.o.t.s.UpdateSvc                 - snll-mr2:xe-2/2/0 40                                        
2019-02-05 10:52:31,101 DEBUG n.e.o.t.s.UpdateSvc                 - snll-mr2:xe-2/3/0 40                                        
2019-02-05 10:52:31,101 DEBUG n.e.o.t.s.UpdateSvc                 - snll-mr2:xe-2/0/0 40                                        
2019-02-05 10:52:31,104 INFO  n.e.o.t.s.UpdateSvc                 - inserting p: cern-773-cr5:2/1/1 to cern-773-cr5             
2019-02-05 10:52:31,105 DEBUG n.e.o.t.s.UpdateSvc                 - cern-773-cr5:1/1/1 44                                       
2019-02-05 10:52:31,105 DEBUG n.e.o.t.s.UpdateSvc                 - cern-773-cr5:BLANK 44                                       
2019-02-05 10:52:31,105 DEBUG n.e.o.t.s.UpdateSvc                 - cern-773-cr5:10/1/2 44                                      
2019-02-05 10:52:31,105 DEBUG n.e.o.t.s.UpdateSvc                 - cern-773-cr5:10/1/1 44                                      
2019-02-05 10:52:31,105 DEBUG n.e.o.t.s.UpdateSvc                 - cern-773-cr5:2/1/1 44                                       
2019-02-05 10:52:31,105 DEBUG n.e.o.t.s.UpdateSvc                 - cern-773-cr5:10/1/3 44                                      
2019-02-05 10:52:31,107 INFO  n.e.o.t.s.UpdateSvc                 - inserting p: lond-cr5:10/1/4 to lond-cr5                    
2019-02-05 10:52:31,108 DEBUG n.e.o.t.s.UpdateSvc                 - lond-cr5:5/1/1 57                                           
2019-02-05 10:52:31,108 DEBUG n.e.o.t.s.UpdateSvc                 - lond-cr5:10/1/4 57                                          
2019-02-05 10:52:31,108 DEBUG n.e.o.t.s.UpdateSvc                 - lond-cr5:2/1/1 57                                           
2019-02-05 10:52:31,108 DEBUG n.e.o.t.s.UpdateSvc                 - lond-cr5:2/2/1 57                                           
2019-02-05 10:52:31,110 INFO  n.e.o.t.s.UpdateSvc                 - inserting p: lond-cr5:1/2/1 to lond-cr5                     
2019-02-05 10:52:31,111 DEBUG n.e.o.t.s.UpdateSvc                 - lond-cr5:5/1/1 57                                           
2019-02-05 10:52:31,111 DEBUG n.e.o.t.s.UpdateSvc                 - lond-cr5:1/2/1 57                                           
2019-02-05 10:52:31,111 DEBUG n.e.o.t.s.UpdateSvc                 - lond-cr5:10/1/4 57                                          
2019-02-05 10:52:31,111 DEBUG n.e.o.t.s.UpdateSvc                 - lond-cr5:2/1/1 57                                           
2019-02-05 10:52:31,111 DEBUG n.e.o.t.s.UpdateSvc                 - lond-cr5:2/2/1 57                                           
2019-02-05 10:52:31,114 INFO  n.e.o.t.s.UpdateSvc                 - inserting p: lond-cr5:10/1/2 to lond-cr5                    
2019-02-05 10:52:31,115 DEBUG n.e.o.t.s.UpdateSvc                 - lond-cr5:5/1/1 57                                           
2019-02-05 10:52:31,115 DEBUG n.e.o.t.s.UpdateSvc                 - lond-cr5:1/2/1 57                                           
2019-02-05 10:52:31,115 DEBUG n.e.o.t.s.UpdateSvc                 - lond-cr5:10/1/4 57                                          
2019-02-05 10:52:31,115 DEBUG n.e.o.t.s.UpdateSvc                 - lond-cr5:10/1/2 57                                          
2019-02-05 10:52:31,115 DEBUG n.e.o.t.s.UpdateSvc                 - lond-cr5:2/1/1 57                                           
2019-02-05 10:52:31,115 DEBUG n.e.o.t.s.UpdateSvc                 - lond-cr5:2/2/1 57                                           
2019-02-05 10:52:31,117 INFO  n.e.o.t.s.UpdateSvc                 - inserting p: star-cr5:BLANK to star-cr5                     
2019-02-05 10:52:31,118 DEBUG n.e.o.t.s.UpdateSvc                 - star-cr5:3/1/1 76                                           
2019-02-05 10:52:31,118 DEBUG n.e.o.t.s.UpdateSvc                 - star-cr5:3/2/1 76                                           
2019-02-05 10:52:31,118 DEBUG n.e.o.t.s.UpdateSvc                 - star-cr5:5/1/1 76                                           
2019-02-05 10:52:31,118 DEBUG n.e.o.t.s.UpdateSvc                 - star-cr5:4/1/1 76                                           
2019-02-05 10:52:31,118 DEBUG n.e.o.t.s.UpdateSvc                 - star-cr5:4/2/1 76                                           
2019-02-05 10:52:31,118 DEBUG n.e.o.t.s.UpdateSvc                 - star-cr5:BLANK 76                                           
2019-02-05 10:52:31,121 INFO  n.e.o.t.s.UpdateSvc                 - inserting p: lond-cr5:10/1/1 to lond-cr5                    
2019-02-05 10:52:31,125 DEBUG n.e.o.t.s.UpdateSvc                 - lond-cr5:5/1/1 57                                           
2019-02-05 10:52:31,125 DEBUG n.e.o.t.s.UpdateSvc                 - lond-cr5:1/2/1 57                                           
2019-02-05 10:52:31,125 DEBUG n.e.o.t.s.UpdateSvc                 - lond-cr5:10/1/4 57                                          
2019-02-05 10:52:31,125 DEBUG n.e.o.t.s.UpdateSvc                 - lond-cr5:10/1/2 57                                          
2019-02-05 10:52:31,125 DEBUG n.e.o.t.s.UpdateSvc                 - lond-cr5:2/1/1 57                                           
2019-02-05 10:52:31,125 DEBUG n.e.o.t.s.UpdateSvc                 - lond-cr5:2/2/1 57                                           
2019-02-05 10:52:31,125 DEBUG n.e.o.t.s.UpdateSvc                 - lond-cr5:10/1/1 57                                          
2019-02-05 10:52:31,128 INFO  n.e.o.t.s.UpdateSvc                 - inserting p: star-cr5:6/1/1 to star-cr5                     
2019-02-05 10:52:31,129 DEBUG n.e.o.t.s.UpdateSvc                 - star-cr5:3/1/1 76                                           
2019-02-05 10:52:31,129 DEBUG n.e.o.t.s.UpdateSvc                 - star-cr5:3/2/1 76                                           
2019-02-05 10:52:31,129 DEBUG n.e.o.t.s.UpdateSvc                 - star-cr5:5/1/1 76                                           
2019-02-05 10:52:31,129 DEBUG n.e.o.t.s.UpdateSvc                 - star-cr5:4/1/1 76                                           
2019-02-05 10:52:31,129 DEBUG n.e.o.t.s.UpdateSvc                 - star-cr5:6/1/1 76                                           
2019-02-05 10:52:31,129 DEBUG n.e.o.t.s.UpdateSvc                 - star-cr5:4/2/1 76                                           
2019-02-05 10:52:31,129 DEBUG n.e.o.t.s.UpdateSvc                 - star-cr5:BLANK 76                                           
2019-02-05 10:52:31,131 INFO  n.e.o.t.s.UpdateSvc                 - inserting p: star-cr5:10/1/1 to star-cr5                    
2019-02-05 10:52:31,132 DEBUG n.e.o.t.s.UpdateSvc                 - star-cr5:3/1/1 76                                           
2019-02-05 10:52:31,132 DEBUG n.e.o.t.s.UpdateSvc                 - star-cr5:3/2/1 76                                           
2019-02-05 10:52:31,132 DEBUG n.e.o.t.s.UpdateSvc                 - star-cr5:5/1/1 76                                           
2019-02-05 10:52:31,132 DEBUG n.e.o.t.s.UpdateSvc                 - star-cr5:4/1/1 76                                           
2019-02-05 10:52:31,132 DEBUG n.e.o.t.s.UpdateSvc                 - star-cr5:6/1/1 76                                           
2019-02-05 10:52:31,132 DEBUG n.e.o.t.s.UpdateSvc                 - star-cr5:4/2/1 76                                           
2019-02-05 10:52:31,132 DEBUG n.e.o.t.s.UpdateSvc                 - star-cr5:BLANK 76                                           
2019-02-05 10:52:31,132 DEBUG n.e.o.t.s.UpdateSvc                 - star-cr5:10/1/1 76                                          
2019-02-05 10:52:31,135 INFO  n.e.o.t.s.UpdateSvc                 - inserting p: nash-cr5:2/1/1 to nash-cr5                     
2019-02-05 10:52:31,135 DEBUG n.e.o.t.s.UpdateSvc                 - nash-cr5:1/2/1 45                                           
2019-02-05 10:52:31,136 DEBUG n.e.o.t.s.UpdateSvc                 - nash-cr5:1/1/1 45                                           
2019-02-05 10:52:31,136 DEBUG n.e.o.t.s.UpdateSvc                 - nash-cr5:10/1/6 45                                          
2019-02-05 10:52:31,136 DEBUG n.e.o.t.s.UpdateSvc                 - nash-cr5:10/1/4 45                                          
2019-02-05 10:52:31,136 DEBUG n.e.o.t.s.UpdateSvc                 - nash-cr5:2/1/1 45                                           
2019-02-05 10:52:31,136 DEBUG n.e.o.t.s.UpdateSvc                 - nash-cr5:10/1/5 45                                          
2019-02-05 10:52:31,136 DEBUG n.e.o.t.s.UpdateSvc                 - nash-cr5:10/1/3 45                                          
2019-02-05 10:52:31,149 INFO  n.e.o.t.s.UpdateSvc                 - inserting p: snll-mr2:xe-1/2/0 to snll-mr2                  
2019-02-05 10:52:31,150 DEBUG n.e.o.t.s.UpdateSvc                 - snll-mr2:xe-2/2/0 40                                        
2019-02-05 10:52:31,150 DEBUG n.e.o.t.s.UpdateSvc                 - snll-mr2:xe-2/3/0 40                                        
2019-02-05 10:52:31,150 DEBUG n.e.o.t.s.UpdateSvc                 - snll-mr2:xe-1/2/0 40                                        
2019-02-05 10:52:31,150 DEBUG n.e.o.t.s.UpdateSvc                 - snll-mr2:xe-2/0/0 40                                        
2019-02-05 10:52:31,153 INFO  n.e.o.t.s.UpdateSvc                 - inserting p: star-cr5:10/1/7 to star-cr5                    
2019-02-05 10:52:31,154 DEBUG n.e.o.t.s.UpdateSvc                 - star-cr5:3/1/1 76                                           
2019-02-05 10:52:31,154 DEBUG n.e.o.t.s.UpdateSvc                 - star-cr5:10/1/7 76                                          
2019-02-05 10:52:31,154 DEBUG n.e.o.t.s.UpdateSvc                 - star-cr5:3/2/1 76                                           
2019-02-05 10:52:31,154 DEBUG n.e.o.t.s.UpdateSvc                 - star-cr5:5/1/1 76                                           
2019-02-05 10:52:31,154 DEBUG n.e.o.t.s.UpdateSvc                 - star-cr5:4/1/1 76                                           
2019-02-05 10:52:31,154 DEBUG n.e.o.t.s.UpdateSvc                 - star-cr5:6/1/1 76                                           
2019-02-05 10:52:31,154 DEBUG n.e.o.t.s.UpdateSvc                 - star-cr5:4/2/1 76                                           
2019-02-05 10:52:31,154 DEBUG n.e.o.t.s.UpdateSvc                 - star-cr5:BLANK 76                                           
2019-02-05 10:52:31,154 DEBUG n.e.o.t.s.UpdateSvc                 - star-cr5:10/1/1 76                                          
2019-02-05 10:52:31,158 INFO  n.e.o.t.s.UpdateSvc                 - inserting p: star-cr5:10/1/8 to star-cr5                    
2019-02-05 10:52:31,159 DEBUG n.e.o.t.s.UpdateSvc                 - star-cr5:3/1/1 76                                           
2019-02-05 10:52:31,159 DEBUG n.e.o.t.s.UpdateSvc                 - star-cr5:10/1/7 76                                          
2019-02-05 10:52:31,160 DEBUG n.e.o.t.s.UpdateSvc                 - star-cr5:3/2/1 76                                           
2019-02-05 10:52:31,160 DEBUG n.e.o.t.s.UpdateSvc                 - star-cr5:5/1/1 76                                           
2019-02-05 10:52:31,160 DEBUG n.e.o.t.s.UpdateSvc                 - star-cr5:4/1/1 76                                           
2019-02-05 10:52:31,160 DEBUG n.e.o.t.s.UpdateSvc                 - star-cr5:6/1/1 76                                           
2019-02-05 10:52:31,160 DEBUG n.e.o.t.s.UpdateSvc                 - star-cr5:4/2/1 76                                           
2019-02-05 10:52:31,160 DEBUG n.e.o.t.s.UpdateSvc                 - star-cr5:BLANK 76                                           
2019-02-05 10:52:31,160 DEBUG n.e.o.t.s.UpdateSvc                 - star-cr5:10/1/1 76                                          
2019-02-05 10:52:31,160 DEBUG n.e.o.t.s.UpdateSvc                 - star-cr5:10/1/8 76                                          
2019-02-05 10:52:31,164 INFO  n.e.o.t.s.UpdateSvc                 - inserting p: ornl-rt4:xe-1/0/0 to ornl-rt4                  
2019-02-05 10:52:31,165 DEBUG n.e.o.t.s.UpdateSvc                 - ornl-rt4:xe-1/2/0 42                                        
2019-02-05 10:52:31,165 DEBUG n.e.o.t.s.UpdateSvc                 - ornl-rt4:ge-0/0/1 42                                        
2019-02-05 10:52:31,165 DEBUG n.e.o.t.s.UpdateSvc                 - ornl-rt4:xe-2/3/0 42                                        
2019-02-05 10:52:31,165 DEBUG n.e.o.t.s.UpdateSvc                 - ornl-rt4:xe-1/0/0 42                                        
2019-02-05 10:52:31,165 DEBUG n.e.o.t.s.UpdateSvc                 - ornl-rt4:xe-0/2/0 42                                        
2019-02-05 10:52:31,170 INFO  n.e.o.t.s.UpdateSvc                 - inserting p: eqx-sj-cr5:10/2/4 to eqx-sj-cr5                
2019-02-05 10:52:31,171 DEBUG n.e.o.t.s.UpdateSvc                 - eqx-sj-cr5:10/1/4 35                                        
2019-02-05 10:52:31,171 DEBUG n.e.o.t.s.UpdateSvc                 - eqx-sj-cr5:1/2/1 35                                         
2019-02-05 10:52:31,171 DEBUG n.e.o.t.s.UpdateSvc                 - eqx-sj-cr5:10/1/1 35                                        
2019-02-05 10:52:31,171 DEBUG n.e.o.t.s.UpdateSvc                 - eqx-sj-cr5:10/1/2 35                                        
2019-02-05 10:52:31,171 DEBUG n.e.o.t.s.UpdateSvc                 - eqx-sj-cr5:BLANK 35                                         
2019-02-05 10:52:31,171 DEBUG n.e.o.t.s.UpdateSvc                 - eqx-sj-cr5:10/2/4 35                                        
2019-02-05 10:52:31,175 INFO  n.e.o.t.s.UpdateSvc                 - inserting p: eqx-sj-cr5:10/2/2 to eqx-sj-cr5                
2019-02-05 10:52:31,176 DEBUG n.e.o.t.s.UpdateSvc                 - eqx-sj-cr5:10/1/4 35                                        
2019-02-05 10:52:31,176 DEBUG n.e.o.t.s.UpdateSvc                 - eqx-sj-cr5:1/2/1 35                                         
2019-02-05 10:52:31,176 DEBUG n.e.o.t.s.UpdateSvc                 - eqx-sj-cr5:10/1/1 35                                        
2019-02-05 10:52:31,176 DEBUG n.e.o.t.s.UpdateSvc                 - eqx-sj-cr5:10/2/2 35                                        
2019-02-05 10:52:31,176 DEBUG n.e.o.t.s.UpdateSvc                 - eqx-sj-cr5:10/1/2 35                                        
2019-02-05 10:52:31,176 DEBUG n.e.o.t.s.UpdateSvc                 - eqx-sj-cr5:BLANK 35                                         
2019-02-05 10:52:31,177 DEBUG n.e.o.t.s.UpdateSvc                 - eqx-sj-cr5:10/2/4 35                                        
2019-02-05 10:52:31,180 INFO  n.e.o.t.s.UpdateSvc                 - inserting p: atla-cr5:4/1/1 to atla-cr5                     
2019-02-05 10:52:31,182 DEBUG n.e.o.t.s.UpdateSvc                 - atla-cr5:1/1/1 41                                           
2019-02-05 10:52:31,182 DEBUG n.e.o.t.s.UpdateSvc                 - atla-cr5:10/1/2 41                                          
2019-02-05 10:52:31,182 DEBUG n.e.o.t.s.UpdateSvc                 - atla-cr5:10/1/8 41                                          
2019-02-05 10:52:31,182 DEBUG n.e.o.t.s.UpdateSvc                 - atla-cr5:3/1/1 41                                           
2019-02-05 10:52:31,182 DEBUG n.e.o.t.s.UpdateSvc                 - atla-cr5:10/1/3 41                                          
2019-02-05 10:52:31,182 DEBUG n.e.o.t.s.UpdateSvc                 - atla-cr5:4/1/1 41                                           
2019-02-05 10:52:31,182 DEBUG n.e.o.t.s.UpdateSvc                 - atla-cr5:2/1/1 41                                           
2019-02-05 10:52:31,186 INFO  n.e.o.t.s.UpdateSvc                 - inserting p: sunn-cr5:2/2/1 to sunn-cr5                     
2019-02-05 10:52:31,188 DEBUG n.e.o.t.s.UpdateSvc                 - sunn-cr5:10/1/6 50                                          
2019-02-05 10:52:31,188 DEBUG n.e.o.t.s.UpdateSvc                 - sunn-cr5:10/2/4 50                                          
2019-02-05 10:52:31,188 DEBUG n.e.o.t.s.UpdateSvc                 - sunn-cr5:10/2/6 50                                          
2019-02-05 10:52:31,188 DEBUG n.e.o.t.s.UpdateSvc                 - sunn-cr5:4/1/1 50                                           
2019-02-05 10:52:31,188 DEBUG n.e.o.t.s.UpdateSvc                 - sunn-cr5:10/1/5 50                                          
2019-02-05 10:52:31,188 DEBUG n.e.o.t.s.UpdateSvc                 - sunn-cr5:8/1/1 50                                           
2019-02-05 10:52:31,188 DEBUG n.e.o.t.s.UpdateSvc                 - sunn-cr5:10/2/1 50                                          
2019-02-05 10:52:31,188 DEBUG n.e.o.t.s.UpdateSvc                 - sunn-cr5:10/2/5 50                                          
2019-02-05 10:52:31,188 DEBUG n.e.o.t.s.UpdateSvc                 - sunn-cr5:10/1/1 50                                          
2019-02-05 10:52:31,188 DEBUG n.e.o.t.s.UpdateSvc                 - sunn-cr5:10/1/4 50                                          
2019-02-05 10:52:31,188 DEBUG n.e.o.t.s.UpdateSvc                 - sunn-cr5:2/2/1 50                                           
2019-02-05 10:52:31,188 DEBUG n.e.o.t.s.UpdateSvc                 - sunn-cr5:5/2/1 50                                           
2019-02-05 10:52:31,188 DEBUG n.e.o.t.s.UpdateSvc                 - sunn-cr5:7/2/1 50                                           
2019-02-05 10:52:31,188 DEBUG n.e.o.t.s.UpdateSvc                 - sunn-cr5:10/1/3 50                                          
2019-02-05 10:52:31,188 DEBUG n.e.o.t.s.UpdateSvc                 - sunn-cr5:5/1/1 50                                           
2019-02-05 10:52:31,188 DEBUG n.e.o.t.s.UpdateSvc                 - sunn-cr5:7/1/1 50                                           
2019-02-05 10:52:31,188 DEBUG n.e.o.t.s.UpdateSvc                 - sunn-cr5:10/1/2 50                                          
2019-02-05 10:52:31,188 DEBUG n.e.o.t.s.UpdateSvc                 - sunn-cr5:10/2/2 50                                          
2019-02-05 10:52:31,188 DEBUG n.e.o.t.s.UpdateSvc                 - sunn-cr5:10/2/3 50                                          
2019-02-05 10:52:31,192 INFO  n.e.o.t.s.UpdateSvc                 - inserting p: pnwg-cr5:10/1/10 to pnwg-cr5                   
2019-02-05 10:52:31,193 DEBUG n.e.o.t.s.UpdateSvc                 - pnwg-cr5:2/1/1 71                                           
2019-02-05 10:52:31,193 DEBUG n.e.o.t.s.UpdateSvc                 - pnwg-cr5:BLANK 71                                           
2019-02-05 10:52:31,193 DEBUG n.e.o.t.s.UpdateSvc                 - pnwg-cr5:10/1/10 71                                         
2019-02-05 10:52:31,193 DEBUG n.e.o.t.s.UpdateSvc                 - pnwg-cr5:9/1/2 71                                           
2019-02-05 10:52:31,193 DEBUG n.e.o.t.s.UpdateSvc                 - pnwg-cr5:1/1/1 71                                           
2019-02-05 10:52:31,193 DEBUG n.e.o.t.s.UpdateSvc                 - pnwg-cr5:3/1/1 71                                           
2019-02-05 10:52:31,193 DEBUG n.e.o.t.s.UpdateSvc                 - pnwg-cr5:2/2/1 71                                           
2019-02-05 10:52:31,196 INFO  n.e.o.t.s.UpdateSvc                 - inserting p: wash-cr5:5/1/1 to wash-cr5                     
2019-02-05 10:52:31,197 DEBUG n.e.o.t.s.UpdateSvc                 - wash-cr5:10/1/9 36                                          
2019-02-05 10:52:31,197 DEBUG n.e.o.t.s.UpdateSvc                 - wash-cr5:6/1/1 36                                           
2019-02-05 10:52:31,197 DEBUG n.e.o.t.s.UpdateSvc                 - wash-cr5:10/1/3 36                                          
2019-02-05 10:52:31,197 DEBUG n.e.o.t.s.UpdateSvc                 - wash-cr5:10/1/4 36                                          
2019-02-05 10:52:31,197 DEBUG n.e.o.t.s.UpdateSvc                 - wash-cr5:1/1/1 36                                           
2019-02-05 10:52:31,197 DEBUG n.e.o.t.s.UpdateSvc                 - wash-cr5:4/2/1 36                                           
2019-02-05 10:52:31,197 DEBUG n.e.o.t.s.UpdateSvc                 - wash-cr5:5/1/1 36                                           
2019-02-05 10:52:31,197 DEBUG n.e.o.t.s.UpdateSvc                 - wash-cr5:10/1/5 36                                          
2019-02-05 10:52:31,197 DEBUG n.e.o.t.s.UpdateSvc                 - wash-cr5:10/1/10 36                                         
2019-02-05 10:52:31,197 DEBUG n.e.o.t.s.UpdateSvc                 - wash-cr5:5/2/1 36                                           
2019-02-05 10:52:31,197 DEBUG n.e.o.t.s.UpdateSvc                 - wash-cr5:4/1/1 36                                           
2019-02-05 10:52:31,201 INFO  n.e.o.t.s.UpdateSvc                 - inserting p: anl-mr2:xe-0/0/0 to anl-mr2                    
2019-02-05 10:52:31,201 DEBUG n.e.o.t.s.UpdateSvc                 - anl-mr2:xe-0/1/0 53                                         
2019-02-05 10:52:31,201 DEBUG n.e.o.t.s.UpdateSvc                 - anl-mr2:ae0 53                                              
2019-02-05 10:52:31,201 DEBUG n.e.o.t.s.UpdateSvc                 - anl-mr2:xe-0/0/0 53                                         
2019-02-05 10:52:31,201 DEBUG n.e.o.t.s.UpdateSvc                 - anl-mr2:xe-2/3/0 53                                         
2019-02-05 10:52:31,204 INFO  n.e.o.t.s.UpdateSvc                 - inserting p: lbl-mr2:ae0 to lbl-mr2                         
2019-02-05 10:52:31,205 DEBUG n.e.o.t.s.UpdateSvc                 - lbl-mr2:xe-8/1/0 74                                         
2019-02-05 10:52:31,205 DEBUG n.e.o.t.s.UpdateSvc                 - lbl-mr2:xe-7/0/0 74                                         
2019-02-05 10:52:31,205 DEBUG n.e.o.t.s.UpdateSvc                 - lbl-mr2:xe-7/2/0 74                                         
2019-02-05 10:52:31,205 DEBUG n.e.o.t.s.UpdateSvc                 - lbl-mr2:xe-8/3/0 74                                         
2019-02-05 10:52:31,205 DEBUG n.e.o.t.s.UpdateSvc                 - lbl-mr2:xe-1/1/0 74                                         
2019-02-05 10:52:31,205 DEBUG n.e.o.t.s.UpdateSvc                 - lbl-mr2:xe-0/1/0 74                                         
2019-02-05 10:52:31,205 DEBUG n.e.o.t.s.UpdateSvc                 - lbl-mr2:xe-0/2/0 74                                         
2019-02-05 10:52:31,205 DEBUG n.e.o.t.s.UpdateSvc                 - lbl-mr2:ae0 74                                              
2019-02-05 10:52:31,207 INFO  n.e.o.t.s.UpdateSvc                 - inserting p: lond-cr5:1/1/1 to lond-cr5                     
2019-02-05 10:52:31,208 DEBUG n.e.o.t.s.UpdateSvc                 - lond-cr5:5/1/1 57                                           
2019-02-05 10:52:31,208 DEBUG n.e.o.t.s.UpdateSvc                 - lond-cr5:1/2/1 57                                           
2019-02-05 10:52:31,208 DEBUG n.e.o.t.s.UpdateSvc                 - lond-cr5:10/1/4 57                                          
2019-02-05 10:52:31,208 DEBUG n.e.o.t.s.UpdateSvc                 - lond-cr5:10/1/2 57                                          
2019-02-05 10:52:31,208 DEBUG n.e.o.t.s.UpdateSvc                 - lond-cr5:2/1/1 57                                           
2019-02-05 10:52:31,208 DEBUG n.e.o.t.s.UpdateSvc                 - lond-cr5:1/1/1 57                                           
2019-02-05 10:52:31,208 DEBUG n.e.o.t.s.UpdateSvc                 - lond-cr5:2/2/1 57                                           
2019-02-05 10:52:31,208 DEBUG n.e.o.t.s.UpdateSvc                 - lond-cr5:10/1/1 57                                          
2019-02-05 10:52:31,211 INFO  n.e.o.t.s.UpdateSvc                 - inserting p: star-cr5:6/2/1 to star-cr5                     
2019-02-05 10:52:31,212 DEBUG n.e.o.t.s.UpdateSvc                 - star-cr5:3/1/1 76                                           
2019-02-05 10:52:31,212 DEBUG n.e.o.t.s.UpdateSvc                 - star-cr5:10/1/7 76                                          
2019-02-05 10:52:31,212 DEBUG n.e.o.t.s.UpdateSvc                 - star-cr5:3/2/1 76                                           
2019-02-05 10:52:31,212 DEBUG n.e.o.t.s.UpdateSvc                 - star-cr5:5/1/1 76                                           
2019-02-05 10:52:31,212 DEBUG n.e.o.t.s.UpdateSvc                 - star-cr5:4/1/1 76                                           
2019-02-05 10:52:31,212 DEBUG n.e.o.t.s.UpdateSvc                 - star-cr5:6/2/1 76                                           
2019-02-05 10:52:31,212 DEBUG n.e.o.t.s.UpdateSvc                 - star-cr5:6/1/1 76                                           
2019-02-05 10:52:31,212 DEBUG n.e.o.t.s.UpdateSvc                 - star-cr5:4/2/1 76                                           
2019-02-05 10:52:31,212 DEBUG n.e.o.t.s.UpdateSvc                 - star-cr5:BLANK 76                                           
2019-02-05 10:52:31,212 DEBUG n.e.o.t.s.UpdateSvc                 - star-cr5:10/1/1 76                                          
2019-02-05 10:52:31,212 DEBUG n.e.o.t.s.UpdateSvc                 - star-cr5:10/1/8 76                                          
2019-02-05 10:52:31,215 INFO  n.e.o.t.s.UpdateSvc                 - inserting p: bost-cr5:3/1/1 to bost-cr5                     
2019-02-05 10:52:31,216 DEBUG n.e.o.t.s.UpdateSvc                 - bost-cr5:1/1/1 77                                           
2019-02-05 10:52:31,216 DEBUG n.e.o.t.s.UpdateSvc                 - bost-cr5:10/2/3 77                                          
2019-02-05 10:52:31,216 DEBUG n.e.o.t.s.UpdateSvc                 - bost-cr5:10/1/2 77                                          
2019-02-05 10:52:31,216 DEBUG n.e.o.t.s.UpdateSvc                 - bost-cr5:3/1/1 77                                           
2019-02-05 10:52:31,216 DEBUG n.e.o.t.s.UpdateSvc                 - bost-cr5:10/1/6 77                                          
2019-02-05 10:52:31,216 DEBUG n.e.o.t.s.UpdateSvc                 - bost-cr5:10/1/5 77                                          
2019-02-05 10:52:31,216 DEBUG n.e.o.t.s.UpdateSvc                 - bost-cr5:2/1/1 77                                           
2019-02-05 10:52:31,218 INFO  n.e.o.t.s.UpdateSvc                 - inserting p: snll-mr2:xe-1/3/0 to snll-mr2                  
2019-02-05 10:52:31,219 DEBUG n.e.o.t.s.UpdateSvc                 - snll-mr2:xe-2/2/0 40                                        
2019-02-05 10:52:31,219 DEBUG n.e.o.t.s.UpdateSvc                 - snll-mr2:xe-2/3/0 40                                        
2019-02-05 10:52:31,219 DEBUG n.e.o.t.s.UpdateSvc                 - snll-mr2:xe-1/2/0 40                                        
2019-02-05 10:52:31,219 DEBUG n.e.o.t.s.UpdateSvc                 - snll-mr2:xe-2/0/0 40                                        
2019-02-05 10:52:31,219 DEBUG n.e.o.t.s.UpdateSvc                 - snll-mr2:xe-1/3/0 40                                        
2019-02-05 10:52:31,222 INFO  n.e.o.t.s.UpdateSvc                 - inserting p: netl-pgh-rt1:xe-2/0/0 to netl-pgh-rt1          
2019-02-05 10:52:31,222 DEBUG n.e.o.t.s.UpdateSvc                 - netl-pgh-rt1:xe-2/0/0 51                                    
2019-02-05 10:52:31,226 INFO  n.e.o.t.s.UpdateSvc                 - inserting p: llnl-mr2:xe-0/0/0 to llnl-mr2                  
2019-02-05 10:52:31,226 DEBUG n.e.o.t.s.UpdateSvc                 - llnl-mr2:xe-1/3/0 52                                        
2019-02-05 10:52:31,226 DEBUG n.e.o.t.s.UpdateSvc                 - llnl-mr2:xe-0/0/0 52                                        
2019-02-05 10:52:31,226 DEBUG n.e.o.t.s.UpdateSvc                 - llnl-mr2:xe-3/2/0 52                                        
2019-02-05 10:52:31,227 DEBUG n.e.o.t.s.UpdateSvc                 - llnl-mr2:xe-1/0/0 52                                        
2019-02-05 10:52:31,227 DEBUG n.e.o.t.s.UpdateSvc                 - llnl-mr2:ge-3/0/0 52                                        
2019-02-05 10:52:31,227 DEBUG n.e.o.t.s.UpdateSvc                 - llnl-mr2:xe-2/2/0 52                                        
2019-02-05 10:52:31,227 DEBUG n.e.o.t.s.UpdateSvc                 - llnl-mr2:xe-2/0/0 52                                        
2019-02-05 10:52:31,227 DEBUG n.e.o.t.s.UpdateSvc                 - llnl-mr2:xe-0/2/0 52                                        
2019-02-05 10:52:31,227 DEBUG n.e.o.t.s.UpdateSvc                 - llnl-mr2:xe-2/1/0 52                                        
2019-02-05 10:52:31,227 DEBUG n.e.o.t.s.UpdateSvc                 - llnl-mr2:xe-0/1/0 52                                        
2019-02-05 10:52:31,227 DEBUG n.e.o.t.s.UpdateSvc                 - llnl-mr2:ge-3/0/1 52                                        
2019-02-05 10:52:31,230 INFO  n.e.o.t.s.UpdateSvc                 - inserting p: netl-pgh-rt1:xe-2/0/2 to netl-pgh-rt1          
2019-02-05 10:52:31,230 DEBUG n.e.o.t.s.UpdateSvc                 - netl-pgh-rt1:xe-2/0/0 51                                    
2019-02-05 10:52:31,230 DEBUG n.e.o.t.s.UpdateSvc                 - netl-pgh-rt1:xe-2/0/2 51                                    
2019-02-05 10:52:31,243 INFO  n.e.o.t.s.UpdateSvc                 - inserting p: netl-pgh-rt1:xe-2/0/1 to netl-pgh-rt1          
2019-02-05 10:52:31,244 DEBUG n.e.o.t.s.UpdateSvc                 - netl-pgh-rt1:xe-2/0/0 51                                    
2019-02-05 10:52:31,244 DEBUG n.e.o.t.s.UpdateSvc                 - netl-pgh-rt1:xe-2/0/2 51                                    
2019-02-05 10:52:31,244 DEBUG n.e.o.t.s.UpdateSvc                 - netl-pgh-rt1:xe-2/0/1 51                                    
2019-02-05 10:52:31,247 INFO  n.e.o.t.s.UpdateSvc                 - inserting p: netl-pgh-rt1:xe-2/0/3 to netl-pgh-rt1          
2019-02-05 10:52:31,248 DEBUG n.e.o.t.s.UpdateSvc                 - netl-pgh-rt1:xe-2/0/0 51                                    
2019-02-05 10:52:31,248 DEBUG n.e.o.t.s.UpdateSvc                 - netl-pgh-rt1:xe-2/0/3 51                                    
2019-02-05 10:52:31,248 DEBUG n.e.o.t.s.UpdateSvc                 - netl-pgh-rt1:xe-2/0/2 51                                    
2019-02-05 10:52:31,248 DEBUG n.e.o.t.s.UpdateSvc                 - netl-pgh-rt1:xe-2/0/1 51                                    
2019-02-05 10:52:31,251 INFO  n.e.o.t.s.UpdateSvc                 - inserting p: aofa-cr5:1/1/1 to aofa-cr5                     
2019-02-05 10:52:31,251 DEBUG n.e.o.t.s.UpdateSvc                 - aofa-cr5:4/2/1 69                                           
2019-02-05 10:52:31,252 DEBUG n.e.o.t.s.UpdateSvc                 - aofa-cr5:2/1/1 69                                           
2019-02-05 10:52:31,252 DEBUG n.e.o.t.s.UpdateSvc                 - aofa-cr5:4/1/1 69                                           
2019-02-05 10:52:31,252 DEBUG n.e.o.t.s.UpdateSvc                 - aofa-cr5:9/1/5 69                                           
2019-02-05 10:52:31,252 DEBUG n.e.o.t.s.UpdateSvc                 - aofa-cr5:10/1/9 69                                          
2019-02-05 10:52:31,252 DEBUG n.e.o.t.s.UpdateSvc                 - aofa-cr5:10/1/8 69                                          
2019-02-05 10:52:31,252 DEBUG n.e.o.t.s.UpdateSvc                 - aofa-cr5:10/1/1 69                                          
2019-02-05 10:52:31,252 DEBUG n.e.o.t.s.UpdateSvc                 - aofa-cr5:3/1/1 69                                           
2019-02-05 10:52:31,252 DEBUG n.e.o.t.s.UpdateSvc                 - aofa-cr5:6/2/1 69                                           
2019-02-05 10:52:31,252 DEBUG n.e.o.t.s.UpdateSvc                 - aofa-cr5:1/1/1 69                                           
2019-02-05 10:52:31,252 DEBUG n.e.o.t.s.UpdateSvc                 - aofa-cr5:10/1/2 69                                          
2019-02-05 10:52:31,252 DEBUG n.e.o.t.s.UpdateSvc                 - aofa-cr5:5/1/1 69                                           
2019-02-05 10:52:31,252 DEBUG n.e.o.t.s.UpdateSvc                 - aofa-cr5:9/1/1 69                                           
2019-02-05 10:52:31,255 INFO  n.e.o.t.s.UpdateSvc                 - inserting p: snla-rt3:xe-1/2/0 to snla-rt3                  
2019-02-05 10:52:31,256 DEBUG n.e.o.t.s.UpdateSvc                 - snla-rt3:xe-1/2/0 48                                        
2019-02-05 10:52:31,256 DEBUG n.e.o.t.s.UpdateSvc                 - snla-rt3:ge-1/0/2 48                                        
2019-02-05 10:52:31,259 INFO  n.e.o.t.s.UpdateSvc                 - inserting p: kans-cr5:3/1/1 to kans-cr5                     
2019-02-05 10:52:31,260 DEBUG n.e.o.t.s.UpdateSvc                 - kans-cr5:2/1/1 38                                           
2019-02-05 10:52:31,260 DEBUG n.e.o.t.s.UpdateSvc                 - kans-cr5:1/1/1 38                                           
2019-02-05 10:52:31,260 DEBUG n.e.o.t.s.UpdateSvc                 - kans-cr5:10/1/4 38                                          
2019-02-05 10:52:31,260 DEBUG n.e.o.t.s.UpdateSvc                 - kans-cr5:3/1/1 38                                           
2019-02-05 10:52:31,260 DEBUG n.e.o.t.s.UpdateSvc                 - kans-cr5:10/1/3 38                                          
2019-02-05 10:52:31,263 INFO  n.e.o.t.s.UpdateSvc                 - inserting p: llnl-mr2:ae0 to llnl-mr2                       
2019-02-05 10:52:31,264 DEBUG n.e.o.t.s.UpdateSvc                 - llnl-mr2:xe-1/3/0 52                                        
2019-02-05 10:52:31,264 DEBUG n.e.o.t.s.UpdateSvc                 - llnl-mr2:xe-0/0/0 52                                        
2019-02-05 10:52:31,264 DEBUG n.e.o.t.s.UpdateSvc                 - llnl-mr2:ae0 52                                             
2019-02-05 10:52:31,264 DEBUG n.e.o.t.s.UpdateSvc                 - llnl-mr2:xe-3/2/0 52                                        
2019-02-05 10:52:31,264 DEBUG n.e.o.t.s.UpdateSvc                 - llnl-mr2:xe-1/0/0 52                                        
2019-02-05 10:52:31,264 DEBUG n.e.o.t.s.UpdateSvc                 - llnl-mr2:ge-3/0/0 52                                        
2019-02-05 10:52:31,264 DEBUG n.e.o.t.s.UpdateSvc                 - llnl-mr2:xe-2/2/0 52                                        
2019-02-05 10:52:31,264 DEBUG n.e.o.t.s.UpdateSvc                 - llnl-mr2:xe-2/0/0 52                                        
2019-02-05 10:52:31,264 DEBUG n.e.o.t.s.UpdateSvc                 - llnl-mr2:xe-0/2/0 52                                        
2019-02-05 10:52:31,264 DEBUG n.e.o.t.s.UpdateSvc                 - llnl-mr2:xe-2/1/0 52                                        
2019-02-05 10:52:31,264 DEBUG n.e.o.t.s.UpdateSvc                 - llnl-mr2:xe-0/1/0 52                                        
2019-02-05 10:52:31,264 DEBUG n.e.o.t.s.UpdateSvc                 - llnl-mr2:ge-3/0/1 52                                        
2019-02-05 10:52:31,268 INFO  n.e.o.t.s.UpdateSvc                 - inserting p: denv-cr5:9/1/3 to denv-cr5                     
2019-02-05 10:52:31,269 DEBUG n.e.o.t.s.UpdateSvc                 - denv-cr5:4/1/1 75                                           
2019-02-05 10:52:31,269 DEBUG n.e.o.t.s.UpdateSvc                 - denv-cr5:10/1/7 75                                          
2019-02-05 10:52:31,269 DEBUG n.e.o.t.s.UpdateSvc                 - denv-cr5:9/1/3 75                                           
2019-02-05 10:52:31,269 DEBUG n.e.o.t.s.UpdateSvc                 - denv-cr5:10/1/12 75                                         
2019-02-05 10:52:31,269 DEBUG n.e.o.t.s.UpdateSvc                 - denv-cr5:10/1/6 75                                          
2019-02-05 10:52:31,269 DEBUG n.e.o.t.s.UpdateSvc                 - denv-cr5:10/1/10 75                                         
2019-02-05 10:52:31,269 DEBUG n.e.o.t.s.UpdateSvc                 - denv-cr5:10/1/3 75                                          
2019-02-05 10:52:31,269 DEBUG n.e.o.t.s.UpdateSvc                 - denv-cr5:10/1/4 75                                          
2019-02-05 10:52:31,269 DEBUG n.e.o.t.s.UpdateSvc                 - denv-cr5:10/1/5 75                                          
2019-02-05 10:52:31,269 DEBUG n.e.o.t.s.UpdateSvc                 - denv-cr5:4/2/1 75                                           
2019-02-05 10:52:31,269 DEBUG n.e.o.t.s.UpdateSvc                 - denv-cr5:1/1/1 75                                           
2019-02-05 10:52:31,269 DEBUG n.e.o.t.s.UpdateSvc                 - denv-cr5:10/1/11 75                                         
2019-02-05 10:52:31,272 INFO  n.e.o.t.s.UpdateSvc                 - inserting p: denv-cr5:9/1/1 to denv-cr5                     
2019-02-05 10:52:31,273 DEBUG n.e.o.t.s.UpdateSvc                 - denv-cr5:4/1/1 75                                           
2019-02-05 10:52:31,274 DEBUG n.e.o.t.s.UpdateSvc                 - denv-cr5:10/1/12 75                                         
2019-02-05 10:52:31,274 DEBUG n.e.o.t.s.UpdateSvc                 - denv-cr5:10/1/6 75                                          
2019-02-05 10:52:31,274 DEBUG n.e.o.t.s.UpdateSvc                 - denv-cr5:10/1/10 75                                         
2019-02-05 10:52:31,274 DEBUG n.e.o.t.s.UpdateSvc                 - denv-cr5:10/1/3 75                                          
2019-02-05 10:52:31,274 DEBUG n.e.o.t.s.UpdateSvc                 - denv-cr5:10/1/4 75                                          
2019-02-05 10:52:31,274 DEBUG n.e.o.t.s.UpdateSvc                 - denv-cr5:10/1/5 75                                          
2019-02-05 10:52:31,274 DEBUG n.e.o.t.s.UpdateSvc                 - denv-cr5:4/2/1 75                                           
2019-02-05 10:52:31,274 DEBUG n.e.o.t.s.UpdateSvc                 - denv-cr5:1/1/1 75                                           
2019-02-05 10:52:31,274 DEBUG n.e.o.t.s.UpdateSvc                 - denv-cr5:10/1/7 75                                          
2019-02-05 10:52:31,274 DEBUG n.e.o.t.s.UpdateSvc                 - denv-cr5:9/1/3 75                                           
2019-02-05 10:52:31,274 DEBUG n.e.o.t.s.UpdateSvc                 - denv-cr5:9/1/1 75                                           
2019-02-05 10:52:31,274 DEBUG n.e.o.t.s.UpdateSvc                 - denv-cr5:10/1/11 75                                         
2019-02-05 10:52:31,279 INFO  n.e.o.t.s.UpdateSvc                 - inserting p: osti-rt2:xe-1/2/0 to osti-rt2                  
2019-02-05 10:52:31,279 DEBUG n.e.o.t.s.UpdateSvc                 - osti-rt2:xe-1/2/0 70                                        
2019-02-05 10:52:31,280 DEBUG n.e.o.t.s.UpdateSvc                 - osti-rt2:ae0 70                                             
2019-02-05 10:52:31,283 INFO  n.e.o.t.s.UpdateSvc                 - inserting p: chic-cr5:2/1/1 to chic-cr5                     
2019-02-05 10:52:31,284 DEBUG n.e.o.t.s.UpdateSvc                 - chic-cr5:7/1/1 55                                           
2019-02-05 10:52:31,284 DEBUG n.e.o.t.s.UpdateSvc                 - chic-cr5:10/1/3 55                                          
2019-02-05 10:52:31,284 DEBUG n.e.o.t.s.UpdateSvc                 - chic-cr5:10/1/1 55                                          
2019-02-05 10:52:31,284 DEBUG n.e.o.t.s.UpdateSvc                 - chic-cr5:1/1/1 55                                           
2019-02-05 10:52:31,284 DEBUG n.e.o.t.s.UpdateSvc                 - chic-cr5:2/1/1 55                                           
2019-02-05 10:52:31,284 DEBUG n.e.o.t.s.UpdateSvc                 - chic-cr5:8/1/1 55                                           
2019-02-05 10:52:31,284 DEBUG n.e.o.t.s.UpdateSvc                 - chic-cr5:BLANK 55                                           
2019-02-05 10:52:31,284 DEBUG n.e.o.t.s.UpdateSvc                 - chic-cr5:10/1/5 55                                          
2019-02-05 10:52:31,284 DEBUG n.e.o.t.s.UpdateSvc                 - chic-cr5:7/2/1 55                                           
2019-02-05 10:52:31,284 DEBUG n.e.o.t.s.UpdateSvc                 - chic-cr5:3/1/1 55                                           
2019-02-05 10:52:31,284 DEBUG n.e.o.t.s.UpdateSvc                 - chic-cr5:6/2/1 55                                           
2019-02-05 10:52:31,284 DEBUG n.e.o.t.s.UpdateSvc                 - chic-cr5:10/1/7 55                                          
2019-02-05 10:52:31,285 DEBUG n.e.o.t.s.UpdateSvc                 - chic-cr5:6/1/1 55                                           
2019-02-05 10:52:31,285 DEBUG n.e.o.t.s.UpdateSvc                 - chic-cr5:10/1/4 55                                          
2019-02-05 10:52:31,287 INFO  n.e.o.t.s.UpdateSvc                 - inserting p: lbl-mr2:xe-2/3/0 to lbl-mr2                    
2019-02-05 10:52:31,288 DEBUG n.e.o.t.s.UpdateSvc                 - lbl-mr2:xe-8/1/0 74                                         
2019-02-05 10:52:31,289 DEBUG n.e.o.t.s.UpdateSvc                 - lbl-mr2:xe-7/0/0 74                                         
2019-02-05 10:52:31,289 DEBUG n.e.o.t.s.UpdateSvc                 - lbl-mr2:xe-2/3/0 74                                         
2019-02-05 10:52:31,289 DEBUG n.e.o.t.s.UpdateSvc                 - lbl-mr2:xe-7/2/0 74                                         
2019-02-05 10:52:31,289 DEBUG n.e.o.t.s.UpdateSvc                 - lbl-mr2:xe-8/3/0 74                                         
2019-02-05 10:52:31,289 DEBUG n.e.o.t.s.UpdateSvc                 - lbl-mr2:xe-1/1/0 74                                         
2019-02-05 10:52:31,289 DEBUG n.e.o.t.s.UpdateSvc                 - lbl-mr2:xe-0/1/0 74                                         
2019-02-05 10:52:31,289 DEBUG n.e.o.t.s.UpdateSvc                 - lbl-mr2:xe-0/2/0 74                                         
2019-02-05 10:52:31,289 DEBUG n.e.o.t.s.UpdateSvc                 - lbl-mr2:ae0 74                                              
2019-02-05 10:52:31,291 INFO  n.e.o.t.s.UpdateSvc                 - inserting p: amst-cr5:2/1/1 to amst-cr5                     
2019-02-05 10:52:31,292 DEBUG n.e.o.t.s.UpdateSvc                 - amst-cr5:2/1/1 72                                           
2019-02-05 10:52:31,292 DEBUG n.e.o.t.s.UpdateSvc                 - amst-cr5:10/2/5 72                                          
2019-02-05 10:52:31,292 DEBUG n.e.o.t.s.UpdateSvc                 - amst-cr5:3/1/1 72                                           
2019-02-05 10:52:31,292 DEBUG n.e.o.t.s.UpdateSvc                 - amst-cr5:10/1/1 72                                          
2019-02-05 10:52:31,292 DEBUG n.e.o.t.s.UpdateSvc                 - amst-cr5:5/1/1 72                                           
2019-02-05 10:52:31,292 DEBUG n.e.o.t.s.UpdateSvc                 - amst-cr5:10/1/2 72                                          
2019-02-05 10:52:31,295 INFO  n.e.o.t.s.UpdateSvc                 - inserting p: sunn-cr5:2/1/1 to sunn-cr5                     
2019-02-05 10:52:31,297 DEBUG n.e.o.t.s.UpdateSvc                 - sunn-cr5:10/1/6 50                                          
2019-02-05 10:52:31,297 DEBUG n.e.o.t.s.UpdateSvc                 - sunn-cr5:10/2/4 50                                          
2019-02-05 10:52:31,297 DEBUG n.e.o.t.s.UpdateSvc                 - sunn-cr5:10/2/6 50                                          
2019-02-05 10:52:31,297 DEBUG n.e.o.t.s.UpdateSvc                 - sunn-cr5:4/1/1 50                                           
2019-02-05 10:52:31,297 DEBUG n.e.o.t.s.UpdateSvc                 - sunn-cr5:10/1/5 50                                          
2019-02-05 10:52:31,297 DEBUG n.e.o.t.s.UpdateSvc                 - sunn-cr5:8/1/1 50                                           
2019-02-05 10:52:31,297 DEBUG n.e.o.t.s.UpdateSvc                 - sunn-cr5:10/2/1 50                                          
2019-02-05 10:52:31,297 DEBUG n.e.o.t.s.UpdateSvc                 - sunn-cr5:10/2/5 50                                          
2019-02-05 10:52:31,297 DEBUG n.e.o.t.s.UpdateSvc                 - sunn-cr5:10/1/1 50                                          
2019-02-05 10:52:31,297 DEBUG n.e.o.t.s.UpdateSvc                 - sunn-cr5:10/1/4 50                                          
2019-02-05 10:52:31,298 DEBUG n.e.o.t.s.UpdateSvc                 - sunn-cr5:2/2/1 50                                           
2019-02-05 10:52:31,298 DEBUG n.e.o.t.s.UpdateSvc                 - sunn-cr5:2/1/1 50                                           
2019-02-05 10:52:31,298 DEBUG n.e.o.t.s.UpdateSvc                 - sunn-cr5:5/2/1 50                                           
2019-02-05 10:52:31,298 DEBUG n.e.o.t.s.UpdateSvc                 - sunn-cr5:7/2/1 50                                           
2019-02-05 10:52:31,298 DEBUG n.e.o.t.s.UpdateSvc                 - sunn-cr5:10/1/3 50                                          
2019-02-05 10:52:31,298 DEBUG n.e.o.t.s.UpdateSvc                 - sunn-cr5:5/1/1 50                                           
2019-02-05 10:52:31,298 DEBUG n.e.o.t.s.UpdateSvc                 - sunn-cr5:7/1/1 50                                           
2019-02-05 10:52:31,298 DEBUG n.e.o.t.s.UpdateSvc                 - sunn-cr5:10/1/2 50                                          
2019-02-05 10:52:31,298 DEBUG n.e.o.t.s.UpdateSvc                 - sunn-cr5:10/2/2 50                                          
2019-02-05 10:52:31,298 DEBUG n.e.o.t.s.UpdateSvc                 - sunn-cr5:10/2/3 50                                          
2019-02-05 10:52:31,302 INFO  n.e.o.t.s.UpdateSvc                 - inserting p: nash-cr5:3/1/1 to nash-cr5                     
2019-02-05 10:52:31,303 DEBUG n.e.o.t.s.UpdateSvc                 - nash-cr5:1/2/1 45                                           
2019-02-05 10:52:31,303 DEBUG n.e.o.t.s.UpdateSvc                 - nash-cr5:1/1/1 45                                           
2019-02-05 10:52:31,303 DEBUG n.e.o.t.s.UpdateSvc                 - nash-cr5:3/1/1 45                                           
2019-02-05 10:52:31,303 DEBUG n.e.o.t.s.UpdateSvc                 - nash-cr5:10/1/6 45                                          
2019-02-05 10:52:31,303 DEBUG n.e.o.t.s.UpdateSvc                 - nash-cr5:10/1/4 45                                          
2019-02-05 10:52:31,303 DEBUG n.e.o.t.s.UpdateSvc                 - nash-cr5:2/1/1 45                                           
2019-02-05 10:52:31,303 DEBUG n.e.o.t.s.UpdateSvc                 - nash-cr5:10/1/5 45                                          
2019-02-05 10:52:31,304 DEBUG n.e.o.t.s.UpdateSvc                 - nash-cr5:10/1/3 45                                          
2019-02-05 10:52:31,306 INFO  n.e.o.t.s.UpdateSvc                 - inserting p: pppl-rt5:xe-1/3/0 to pppl-rt5                  
2019-02-05 10:52:31,306 DEBUG n.e.o.t.s.UpdateSvc                 - pppl-rt5:xe-1/3/0 30                                        
2019-02-05 10:52:31,308 INFO  n.e.o.t.s.UpdateSvc                 - inserting p: snll-mr2:xe-0/2/0 to snll-mr2                  
2019-02-05 10:52:31,309 DEBUG n.e.o.t.s.UpdateSvc                 - snll-mr2:xe-2/2/0 40                                        
2019-02-05 10:52:31,309 DEBUG n.e.o.t.s.UpdateSvc                 - snll-mr2:xe-2/3/0 40                                        
2019-02-05 10:52:31,309 DEBUG n.e.o.t.s.UpdateSvc                 - snll-mr2:xe-1/2/0 40                                        
2019-02-05 10:52:31,309 DEBUG n.e.o.t.s.UpdateSvc                 - snll-mr2:xe-0/2/0 40                                        
2019-02-05 10:52:31,309 DEBUG n.e.o.t.s.UpdateSvc                 - snll-mr2:xe-2/0/0 40                                        
2019-02-05 10:52:31,309 DEBUG n.e.o.t.s.UpdateSvc                 - snll-mr2:xe-1/3/0 40                                        
2019-02-05 10:52:31,311 INFO  n.e.o.t.s.UpdateSvc                 - inserting p: lbl-mr2:ge-9/0/4 to lbl-mr2                    
2019-02-05 10:52:31,312 DEBUG n.e.o.t.s.UpdateSvc                 - lbl-mr2:xe-8/1/0 74                                         
2019-02-05 10:52:31,312 DEBUG n.e.o.t.s.UpdateSvc                 - lbl-mr2:xe-7/0/0 74                                         
2019-02-05 10:52:31,312 DEBUG n.e.o.t.s.UpdateSvc                 - lbl-mr2:xe-2/3/0 74                                         
2019-02-05 10:52:31,312 DEBUG n.e.o.t.s.UpdateSvc                 - lbl-mr2:xe-7/2/0 74                                         
2019-02-05 10:52:31,312 DEBUG n.e.o.t.s.UpdateSvc                 - lbl-mr2:xe-8/3/0 74                                         
2019-02-05 10:52:31,312 DEBUG n.e.o.t.s.UpdateSvc                 - lbl-mr2:xe-1/1/0 74                                         
2019-02-05 10:52:31,312 DEBUG n.e.o.t.s.UpdateSvc                 - lbl-mr2:ge-9/0/4 74                                         
2019-02-05 10:52:31,312 DEBUG n.e.o.t.s.UpdateSvc                 - lbl-mr2:xe-0/1/0 74                                         
2019-02-05 10:52:31,312 DEBUG n.e.o.t.s.UpdateSvc                 - lbl-mr2:xe-0/2/0 74                                         
2019-02-05 10:52:31,312 DEBUG n.e.o.t.s.UpdateSvc                 - lbl-mr2:ae0 74                                              
2019-02-05 10:52:31,315 INFO  n.e.o.t.s.UpdateSvc                 - inserting p: anl-mr2:xe-1/3/0 to anl-mr2                    
2019-02-05 10:52:31,315 DEBUG n.e.o.t.s.UpdateSvc                 - anl-mr2:xe-0/1/0 53                                         
2019-02-05 10:52:31,315 DEBUG n.e.o.t.s.UpdateSvc                 - anl-mr2:xe-1/3/0 53                                         
2019-02-05 10:52:31,316 DEBUG n.e.o.t.s.UpdateSvc                 - anl-mr2:ae0 53                                              
2019-02-05 10:52:31,316 DEBUG n.e.o.t.s.UpdateSvc                 - anl-mr2:xe-0/0/0 53                                         
2019-02-05 10:52:31,316 DEBUG n.e.o.t.s.UpdateSvc                 - anl-mr2:xe-2/3/0 53                                         
2019-02-05 10:52:31,318 INFO  n.e.o.t.s.UpdateSvc                 - inserting p: denv-cr5:3/1/1 to denv-cr5                     
2019-02-05 10:52:31,319 DEBUG n.e.o.t.s.UpdateSvc                 - denv-cr5:4/1/1 75                                           
2019-02-05 10:52:31,319 DEBUG n.e.o.t.s.UpdateSvc                 - denv-cr5:10/1/12 75                                         
2019-02-05 10:52:31,319 DEBUG n.e.o.t.s.UpdateSvc                 - denv-cr5:10/1/6 75                                          
2019-02-05 10:52:31,319 DEBUG n.e.o.t.s.UpdateSvc                 - denv-cr5:10/1/10 75                                         
2019-02-05 10:52:31,319 DEBUG n.e.o.t.s.UpdateSvc                 - denv-cr5:10/1/3 75                                          
2019-02-05 10:52:31,319 DEBUG n.e.o.t.s.UpdateSvc                 - denv-cr5:10/1/4 75                                          
2019-02-05 10:52:31,319 DEBUG n.e.o.t.s.UpdateSvc                 - denv-cr5:10/1/5 75                                          
2019-02-05 10:52:31,319 DEBUG n.e.o.t.s.UpdateSvc                 - denv-cr5:4/2/1 75                                           
2019-02-05 10:52:31,319 DEBUG n.e.o.t.s.UpdateSvc                 - denv-cr5:1/1/1 75                                           
2019-02-05 10:52:31,319 DEBUG n.e.o.t.s.UpdateSvc                 - denv-cr5:10/1/7 75                                          
2019-02-05 10:52:31,319 DEBUG n.e.o.t.s.UpdateSvc                 - denv-cr5:9/1/3 75                                           
2019-02-05 10:52:31,319 DEBUG n.e.o.t.s.UpdateSvc                 - denv-cr5:9/1/1 75                                           
2019-02-05 10:52:31,319 DEBUG n.e.o.t.s.UpdateSvc                 - denv-cr5:10/1/11 75                                         
2019-02-05 10:52:31,319 DEBUG n.e.o.t.s.UpdateSvc                 - denv-cr5:3/1/1 75                                           
2019-02-05 10:52:31,322 INFO  n.e.o.t.s.UpdateSvc                 - inserting p: star-cr5:1/2/1 to star-cr5                     
2019-02-05 10:52:31,323 DEBUG n.e.o.t.s.UpdateSvc                 - star-cr5:3/1/1 76                                           
2019-02-05 10:52:31,323 DEBUG n.e.o.t.s.UpdateSvc                 - star-cr5:10/1/7 76                                          
2019-02-05 10:52:31,323 DEBUG n.e.o.t.s.UpdateSvc                 - star-cr5:3/2/1 76                                           
2019-02-05 10:52:31,323 DEBUG n.e.o.t.s.UpdateSvc                 - star-cr5:5/1/1 76                                           
2019-02-05 10:52:31,323 DEBUG n.e.o.t.s.UpdateSvc                 - star-cr5:4/1/1 76                                           
2019-02-05 10:52:31,323 DEBUG n.e.o.t.s.UpdateSvc                 - star-cr5:6/2/1 76                                           
2019-02-05 10:52:31,323 DEBUG n.e.o.t.s.UpdateSvc                 - star-cr5:1/2/1 76                                           
2019-02-05 10:52:31,323 DEBUG n.e.o.t.s.UpdateSvc                 - star-cr5:6/1/1 76                                           
2019-02-05 10:52:31,323 DEBUG n.e.o.t.s.UpdateSvc                 - star-cr5:4/2/1 76                                           
2019-02-05 10:52:31,323 DEBUG n.e.o.t.s.UpdateSvc                 - star-cr5:BLANK 76                                           
2019-02-05 10:52:31,323 DEBUG n.e.o.t.s.UpdateSvc                 - star-cr5:10/1/1 76                                          
2019-02-05 10:52:31,323 DEBUG n.e.o.t.s.UpdateSvc                 - star-cr5:10/1/8 76                                          
2019-02-05 10:52:31,325 INFO  n.e.o.t.s.UpdateSvc                 - inserting p: chic-cr5:4/1/1 to chic-cr5                     
2019-02-05 10:52:31,325 DEBUG n.e.o.t.s.UpdateSvc                 - chic-cr5:7/1/1 55                                           
2019-02-05 10:52:31,326 DEBUG n.e.o.t.s.UpdateSvc                 - chic-cr5:10/1/3 55                                          
2019-02-05 10:52:31,326 DEBUG n.e.o.t.s.UpdateSvc                 - chic-cr5:10/1/1 55                                          
2019-02-05 10:52:31,326 DEBUG n.e.o.t.s.UpdateSvc                 - chic-cr5:1/1/1 55                                           
2019-02-05 10:52:31,326 DEBUG n.e.o.t.s.UpdateSvc                 - chic-cr5:2/1/1 55                                           
2019-02-05 10:52:31,326 DEBUG n.e.o.t.s.UpdateSvc                 - chic-cr5:8/1/1 55                                           
2019-02-05 10:52:31,326 DEBUG n.e.o.t.s.UpdateSvc                 - chic-cr5:BLANK 55                                           
2019-02-05 10:52:31,326 DEBUG n.e.o.t.s.UpdateSvc                 - chic-cr5:10/1/5 55                                          
2019-02-05 10:52:31,326 DEBUG n.e.o.t.s.UpdateSvc                 - chic-cr5:7/2/1 55                                           
2019-02-05 10:52:31,326 DEBUG n.e.o.t.s.UpdateSvc                 - chic-cr5:4/1/1 55                                           
2019-02-05 10:52:31,326 DEBUG n.e.o.t.s.UpdateSvc                 - chic-cr5:3/1/1 55                                           
2019-02-05 10:52:31,326 DEBUG n.e.o.t.s.UpdateSvc                 - chic-cr5:6/2/1 55                                           
2019-02-05 10:52:31,326 DEBUG n.e.o.t.s.UpdateSvc                 - chic-cr5:10/1/7 55                                          
2019-02-05 10:52:31,326 DEBUG n.e.o.t.s.UpdateSvc                 - chic-cr5:6/1/1 55                                           
2019-02-05 10:52:31,326 DEBUG n.e.o.t.s.UpdateSvc                 - chic-cr5:10/1/4 55                                          
2019-02-05 10:52:31,329 INFO  n.e.o.t.s.UpdateSvc                 - inserting p: srs-rt3:ge-1/0/0 to srs-rt3                    
2019-02-05 10:52:31,330 DEBUG n.e.o.t.s.UpdateSvc                 - srs-rt3:ge-0/1/0 31                                         
2019-02-05 10:52:31,330 DEBUG n.e.o.t.s.UpdateSvc                 - srs-rt3:ge-0/0/0 31                                         
2019-02-05 10:52:31,330 DEBUG n.e.o.t.s.UpdateSvc                 - srs-rt3:ge-1/0/0 31                                         
2019-02-05 10:52:31,343 INFO  n.e.o.t.s.UpdateSvc                 - inserting p: sunn-cr5:9/1/2 to sunn-cr5                     
2019-02-05 10:52:31,344 DEBUG n.e.o.t.s.UpdateSvc                 - sunn-cr5:10/1/6 50                                          
2019-02-05 10:52:31,344 DEBUG n.e.o.t.s.UpdateSvc                 - sunn-cr5:10/2/4 50                                          
2019-02-05 10:52:31,344 DEBUG n.e.o.t.s.UpdateSvc                 - sunn-cr5:10/2/6 50                                          
2019-02-05 10:52:31,344 DEBUG n.e.o.t.s.UpdateSvc                 - sunn-cr5:4/1/1 50                                           
2019-02-05 10:52:31,344 DEBUG n.e.o.t.s.UpdateSvc                 - sunn-cr5:10/1/5 50                                          
2019-02-05 10:52:31,344 DEBUG n.e.o.t.s.UpdateSvc                 - sunn-cr5:8/1/1 50                                           
2019-02-05 10:52:31,344 DEBUG n.e.o.t.s.UpdateSvc                 - sunn-cr5:10/2/1 50                                          
2019-02-05 10:52:31,344 DEBUG n.e.o.t.s.UpdateSvc                 - sunn-cr5:10/2/5 50                                          
2019-02-05 10:52:31,344 DEBUG n.e.o.t.s.UpdateSvc                 - sunn-cr5:10/1/1 50                                          
2019-02-05 10:52:31,344 DEBUG n.e.o.t.s.UpdateSvc                 - sunn-cr5:10/1/4 50                                          
2019-02-05 10:52:31,344 DEBUG n.e.o.t.s.UpdateSvc                 - sunn-cr5:2/2/1 50                                           
2019-02-05 10:52:31,344 DEBUG n.e.o.t.s.UpdateSvc                 - sunn-cr5:2/1/1 50                                           
2019-02-05 10:52:31,344 DEBUG n.e.o.t.s.UpdateSvc                 - sunn-cr5:5/2/1 50                                           
2019-02-05 10:52:31,344 DEBUG n.e.o.t.s.UpdateSvc                 - sunn-cr5:7/2/1 50                                           
2019-02-05 10:52:31,344 DEBUG n.e.o.t.s.UpdateSvc                 - sunn-cr5:10/1/3 50                                          
2019-02-05 10:52:31,344 DEBUG n.e.o.t.s.UpdateSvc                 - sunn-cr5:5/1/1 50                                           
2019-02-05 10:52:31,344 DEBUG n.e.o.t.s.UpdateSvc                 - sunn-cr5:7/1/1 50                                           
2019-02-05 10:52:31,344 DEBUG n.e.o.t.s.UpdateSvc                 - sunn-cr5:10/1/2 50                                          
2019-02-05 10:52:31,344 DEBUG n.e.o.t.s.UpdateSvc                 - sunn-cr5:10/2/2 50                                          
2019-02-05 10:52:31,344 DEBUG n.e.o.t.s.UpdateSvc                 - sunn-cr5:9/1/2 50                                           
2019-02-05 10:52:31,344 DEBUG n.e.o.t.s.UpdateSvc                 - sunn-cr5:10/2/3 50                                          
2019-02-05 10:52:31,347 INFO  n.e.o.t.s.UpdateSvc                 - inserting p: sunn-cr5:9/1/1 to sunn-cr5                     
2019-02-05 10:52:31,347 DEBUG n.e.o.t.s.UpdateSvc                 - sunn-cr5:10/1/6 50                                          
2019-02-05 10:52:31,348 DEBUG n.e.o.t.s.UpdateSvc                 - sunn-cr5:10/2/4 50                                          
2019-02-05 10:52:31,348 DEBUG n.e.o.t.s.UpdateSvc                 - sunn-cr5:10/2/6 50                                          
2019-02-05 10:52:31,348 DEBUG n.e.o.t.s.UpdateSvc                 - sunn-cr5:4/1/1 50                                           
2019-02-05 10:52:31,348 DEBUG n.e.o.t.s.UpdateSvc                 - sunn-cr5:10/1/5 50                                          
2019-02-05 10:52:31,348 DEBUG n.e.o.t.s.UpdateSvc                 - sunn-cr5:9/1/1 50                                           
2019-02-05 10:52:31,348 DEBUG n.e.o.t.s.UpdateSvc                 - sunn-cr5:8/1/1 50                                           
2019-02-05 10:52:31,348 DEBUG n.e.o.t.s.UpdateSvc                 - sunn-cr5:10/2/1 50                                          
2019-02-05 10:52:31,348 DEBUG n.e.o.t.s.UpdateSvc                 - sunn-cr5:10/2/5 50                                          
2019-02-05 10:52:31,348 DEBUG n.e.o.t.s.UpdateSvc                 - sunn-cr5:10/1/1 50                                          
2019-02-05 10:52:31,348 DEBUG n.e.o.t.s.UpdateSvc                 - sunn-cr5:10/1/4 50                                          
2019-02-05 10:52:31,348 DEBUG n.e.o.t.s.UpdateSvc                 - sunn-cr5:2/2/1 50                                           
2019-02-05 10:52:31,348 DEBUG n.e.o.t.s.UpdateSvc                 - sunn-cr5:2/1/1 50                                           
2019-02-05 10:52:31,348 DEBUG n.e.o.t.s.UpdateSvc                 - sunn-cr5:5/2/1 50                                           
2019-02-05 10:52:31,348 DEBUG n.e.o.t.s.UpdateSvc                 - sunn-cr5:7/2/1 50                                           
2019-02-05 10:52:31,348 DEBUG n.e.o.t.s.UpdateSvc                 - sunn-cr5:10/1/3 50                                          
2019-02-05 10:52:31,348 DEBUG n.e.o.t.s.UpdateSvc                 - sunn-cr5:5/1/1 50                                           
2019-02-05 10:52:31,348 DEBUG n.e.o.t.s.UpdateSvc                 - sunn-cr5:7/1/1 50                                           
2019-02-05 10:52:31,348 DEBUG n.e.o.t.s.UpdateSvc                 - sunn-cr5:10/1/2 50                                          
2019-02-05 10:52:31,348 DEBUG n.e.o.t.s.UpdateSvc                 - sunn-cr5:10/2/2 50                                          
2019-02-05 10:52:31,348 DEBUG n.e.o.t.s.UpdateSvc                 - sunn-cr5:9/1/2 50                                           
2019-02-05 10:52:31,348 DEBUG n.e.o.t.s.UpdateSvc                 - sunn-cr5:10/2/3 50                                          
2019-02-05 10:52:31,351 INFO  n.e.o.t.s.UpdateSvc                 - inserting p: fnal-mr2:xe-8/1/0 to fnal-mr2                  
2019-02-05 10:52:31,352 DEBUG n.e.o.t.s.UpdateSvc                 - fnal-mr2:xe-0/0/0 65                                        
2019-02-05 10:52:31,352 DEBUG n.e.o.t.s.UpdateSvc                 - fnal-mr2:xe-8/1/0 65                                        
2019-02-05 10:52:31,352 DEBUG n.e.o.t.s.UpdateSvc                 - fnal-mr2:xe-1/3/0 65                                        
2019-02-05 10:52:31,354 INFO  n.e.o.t.s.UpdateSvc                 - inserting p: aofa-cr5:7/2/1 to aofa-cr5                     
2019-02-05 10:52:31,355 DEBUG n.e.o.t.s.UpdateSvc                 - aofa-cr5:4/2/1 69                                           
2019-02-05 10:52:31,355 DEBUG n.e.o.t.s.UpdateSvc                 - aofa-cr5:2/1/1 69                                           
2019-02-05 10:52:31,355 DEBUG n.e.o.t.s.UpdateSvc                 - aofa-cr5:4/1/1 69                                           
2019-02-05 10:52:31,355 DEBUG n.e.o.t.s.UpdateSvc                 - aofa-cr5:9/1/5 69                                           
2019-02-05 10:52:31,355 DEBUG n.e.o.t.s.UpdateSvc                 - aofa-cr5:10/1/9 69                                          
2019-02-05 10:52:31,355 DEBUG n.e.o.t.s.UpdateSvc                 - aofa-cr5:10/1/8 69                                          
2019-02-05 10:52:31,355 DEBUG n.e.o.t.s.UpdateSvc                 - aofa-cr5:10/1/1 69                                          
2019-02-05 10:52:31,355 DEBUG n.e.o.t.s.UpdateSvc                 - aofa-cr5:3/1/1 69                                           
2019-02-05 10:52:31,355 DEBUG n.e.o.t.s.UpdateSvc                 - aofa-cr5:6/2/1 69                                           
2019-02-05 10:52:31,355 DEBUG n.e.o.t.s.UpdateSvc                 - aofa-cr5:1/1/1 69                                           
2019-02-05 10:52:31,355 DEBUG n.e.o.t.s.UpdateSvc                 - aofa-cr5:10/1/2 69                                          
2019-02-05 10:52:31,355 DEBUG n.e.o.t.s.UpdateSvc                 - aofa-cr5:5/1/1 69                                           
2019-02-05 10:52:31,355 DEBUG n.e.o.t.s.UpdateSvc                 - aofa-cr5:9/1/1 69                                           
2019-02-05 10:52:31,355 DEBUG n.e.o.t.s.UpdateSvc                 - aofa-cr5:7/2/1 69                                           
2019-02-05 10:52:31,358 INFO  n.e.o.t.s.UpdateSvc                 - inserting p: ga-rt2:xe-0/0/0 to ga-rt2                      
2019-02-05 10:52:31,359 DEBUG n.e.o.t.s.UpdateSvc                 - ga-rt2:ge-1/1/3 37                                          
2019-02-05 10:52:31,359 DEBUG n.e.o.t.s.UpdateSvc                 - ga-rt2:ge-1/0/3 37                                          
2019-02-05 10:52:31,359 DEBUG n.e.o.t.s.UpdateSvc                 - ga-rt2:ge-1/0/5 37                                          
2019-02-05 10:52:31,359 DEBUG n.e.o.t.s.UpdateSvc                 - ga-rt2:xe-0/0/0 37                                          
2019-02-05 10:52:31,361 INFO  n.e.o.t.s.UpdateSvc                 - inserting p: fnal-mr2:xe-1/1/0 to fnal-mr2                  
2019-02-05 10:52:31,362 DEBUG n.e.o.t.s.UpdateSvc                 - fnal-mr2:xe-0/0/0 65                                        
2019-02-05 10:52:31,362 DEBUG n.e.o.t.s.UpdateSvc                 - fnal-mr2:xe-8/1/0 65                                        
2019-02-05 10:52:31,362 DEBUG n.e.o.t.s.UpdateSvc                 - fnal-mr2:xe-1/1/0 65                                        
2019-02-05 10:52:31,362 DEBUG n.e.o.t.s.UpdateSvc                 - fnal-mr2:xe-1/3/0 65                                        
2019-02-05 10:52:31,365 INFO  n.e.o.t.s.UpdateSvc                 - inserting p: elpa-cr5:3/1/1 to elpa-cr5                     
2019-02-05 10:52:31,366 DEBUG n.e.o.t.s.UpdateSvc                 - elpa-cr5:10/1/4 46                                          
2019-02-05 10:52:31,366 DEBUG n.e.o.t.s.UpdateSvc                 - elpa-cr5:10/1/5 46                                          
2019-02-05 10:52:31,366 DEBUG n.e.o.t.s.UpdateSvc                 - elpa-cr5:3/1/1 46                                           
2019-02-05 10:52:31,366 DEBUG n.e.o.t.s.UpdateSvc                 - elpa-cr5:1/1/1 46                                           
2019-02-05 10:52:31,366 DEBUG n.e.o.t.s.UpdateSvc                 - elpa-cr5:10/1/3 46                                          
2019-02-05 10:52:31,369 INFO  n.e.o.t.s.UpdateSvc                 - inserting p: netl-mgn-rt1:xe-2/0/0 to netl-mgn-rt1          
2019-02-05 10:52:31,370 DEBUG n.e.o.t.s.UpdateSvc                 - netl-mgn-rt1:xe-2/0/0 43                                    
2019-02-05 10:52:31,373 INFO  n.e.o.t.s.UpdateSvc                 - inserting p: netl-mgn-rt1:xe-2/0/1 to netl-mgn-rt1          
2019-02-05 10:52:31,374 DEBUG n.e.o.t.s.UpdateSvc                 - netl-mgn-rt1:xe-2/0/0 43                                    
2019-02-05 10:52:31,374 DEBUG n.e.o.t.s.UpdateSvc                 - netl-mgn-rt1:xe-2/0/1 43                                    
2019-02-05 10:52:31,377 INFO  n.e.o.t.s.UpdateSvc                 - inserting p: pppl-rt5:xe-1/2/0 to pppl-rt5                  
2019-02-05 10:52:31,378 DEBUG n.e.o.t.s.UpdateSvc                 - pppl-rt5:xe-1/3/0 30                                        
2019-02-05 10:52:31,378 DEBUG n.e.o.t.s.UpdateSvc                 - pppl-rt5:xe-1/2/0 30                                        
2019-02-05 10:52:31,382 INFO  n.e.o.t.s.UpdateSvc                 - inserting p: hous-cr5:2/1/1 to hous-cr5                     
2019-02-05 10:52:31,383 DEBUG n.e.o.t.s.UpdateSvc                 - hous-cr5:2/1/1 68                                           
2019-02-05 10:52:31,383 DEBUG n.e.o.t.s.UpdateSvc                 - hous-cr5:1/1/1 68                                           
2019-02-05 10:52:31,383 DEBUG n.e.o.t.s.UpdateSvc                 - hous-cr5:3/1/1 68                                           
2019-02-05 10:52:31,383 DEBUG n.e.o.t.s.UpdateSvc                 - hous-cr5:10/1/4 68                                          
2019-02-05 10:52:31,383 DEBUG n.e.o.t.s.UpdateSvc                 - hous-cr5:10/1/3 68                                          
2019-02-05 10:52:31,387 INFO  n.e.o.t.s.UpdateSvc                 - inserting p: netl-mgn-rt1:xe-2/0/2 to netl-mgn-rt1          
2019-02-05 10:52:31,388 DEBUG n.e.o.t.s.UpdateSvc                 - netl-mgn-rt1:xe-2/0/2 43                                    
2019-02-05 10:52:31,388 DEBUG n.e.o.t.s.UpdateSvc                 - netl-mgn-rt1:xe-2/0/0 43                                    
2019-02-05 10:52:31,388 DEBUG n.e.o.t.s.UpdateSvc                 - netl-mgn-rt1:xe-2/0/1 43                                    
2019-02-05 10:52:31,392 INFO  n.e.o.t.s.UpdateSvc                 - inserting p: netl-mgn-rt1:xe-2/0/3 to netl-mgn-rt1          
2019-02-05 10:52:31,394 DEBUG n.e.o.t.s.UpdateSvc                 - netl-mgn-rt1:xe-2/0/2 43                                    
2019-02-05 10:52:31,394 DEBUG n.e.o.t.s.UpdateSvc                 - netl-mgn-rt1:xe-2/0/0 43                                    
2019-02-05 10:52:31,394 DEBUG n.e.o.t.s.UpdateSvc                 - netl-mgn-rt1:xe-2/0/1 43                                    
2019-02-05 10:52:31,394 DEBUG n.e.o.t.s.UpdateSvc                 - netl-mgn-rt1:xe-2/0/3 43                                    
2019-02-05 10:52:31,397 INFO  n.e.o.t.s.UpdateSvc                 - inserting p: lbl-mr2:ge-9/1/2 to lbl-mr2                    
2019-02-05 10:52:31,398 DEBUG n.e.o.t.s.UpdateSvc                 - lbl-mr2:xe-8/1/0 74                                         
2019-02-05 10:52:31,399 DEBUG n.e.o.t.s.UpdateSvc                 - lbl-mr2:xe-7/0/0 74                                         
2019-02-05 10:52:31,399 DEBUG n.e.o.t.s.UpdateSvc                 - lbl-mr2:xe-2/3/0 74                                         
2019-02-05 10:52:31,399 DEBUG n.e.o.t.s.UpdateSvc                 - lbl-mr2:xe-7/2/0 74                                         
2019-02-05 10:52:31,399 DEBUG n.e.o.t.s.UpdateSvc                 - lbl-mr2:xe-8/3/0 74                                         
2019-02-05 10:52:31,399 DEBUG n.e.o.t.s.UpdateSvc                 - lbl-mr2:xe-1/1/0 74                                         
2019-02-05 10:52:31,399 DEBUG n.e.o.t.s.UpdateSvc                 - lbl-mr2:ge-9/1/2 74                                         
2019-02-05 10:52:31,399 DEBUG n.e.o.t.s.UpdateSvc                 - lbl-mr2:ge-9/0/4 74                                         
2019-02-05 10:52:31,399 DEBUG n.e.o.t.s.UpdateSvc                 - lbl-mr2:xe-0/1/0 74                                         
2019-02-05 10:52:31,399 DEBUG n.e.o.t.s.UpdateSvc                 - lbl-mr2:xe-0/2/0 74                                         
2019-02-05 10:52:31,399 DEBUG n.e.o.t.s.UpdateSvc                 - lbl-mr2:ae0 74                                              
2019-02-05 10:52:31,402 INFO  n.e.o.t.s.UpdateSvc                 - inserting p: kans-cr5:4/1/1 to kans-cr5                     
2019-02-05 10:52:31,402 DEBUG n.e.o.t.s.UpdateSvc                 - kans-cr5:4/1/1 38                                           
2019-02-05 10:52:31,403 DEBUG n.e.o.t.s.UpdateSvc                 - kans-cr5:2/1/1 38                                           
2019-02-05 10:52:31,403 DEBUG n.e.o.t.s.UpdateSvc                 - kans-cr5:1/1/1 38                                           
2019-02-05 10:52:31,403 DEBUG n.e.o.t.s.UpdateSvc                 - kans-cr5:10/1/4 38                                          
2019-02-05 10:52:31,403 DEBUG n.e.o.t.s.UpdateSvc                 - kans-cr5:3/1/1 38                                           
2019-02-05 10:52:31,403 DEBUG n.e.o.t.s.UpdateSvc                 - kans-cr5:10/1/3 38                                          
2019-02-05 10:52:31,405 INFO  n.e.o.t.s.UpdateSvc                 - inserting p: bois-cr1:xe-7/0/0 to bois-cr1                  
2019-02-05 10:52:31,406 DEBUG n.e.o.t.s.UpdateSvc                 - bois-cr1:xe-7/3/0 39                                        
2019-02-05 10:52:31,406 DEBUG n.e.o.t.s.UpdateSvc                 - bois-cr1:xe-0/0/0 39                                        
2019-02-05 10:52:31,406 DEBUG n.e.o.t.s.UpdateSvc                 - bois-cr1:xe-0/2/0 39                                        
2019-02-05 10:52:31,406 DEBUG n.e.o.t.s.UpdateSvc                 - bois-cr1:xe-7/1/0 39                                        
2019-02-05 10:52:31,406 DEBUG n.e.o.t.s.UpdateSvc                 - bois-cr1:xe-7/0/0 39                                        
2019-02-05 10:52:31,406 DEBUG n.e.o.t.s.UpdateSvc                 - bois-cr1:xe-1/0/0 39                                        
2019-02-05 10:52:31,406 DEBUG n.e.o.t.s.UpdateSvc                 - bois-cr1:xe-0/1/0 39                                        
2019-02-05 10:52:31,406 DEBUG n.e.o.t.s.UpdateSvc                 - bois-cr1:xe-1/2/0 39                                        
2019-02-05 10:52:31,409 INFO  n.e.o.t.s.UpdateSvc                 - inserting p: star-cr5:10/1/10 to star-cr5                   
2019-02-05 10:52:31,410 DEBUG n.e.o.t.s.UpdateSvc                 - star-cr5:3/1/1 76                                           
2019-02-05 10:52:31,410 DEBUG n.e.o.t.s.UpdateSvc                 - star-cr5:3/2/1 76                                           
2019-02-05 10:52:31,410 DEBUG n.e.o.t.s.UpdateSvc                 - star-cr5:5/1/1 76                                           
2019-02-05 10:52:31,410 DEBUG n.e.o.t.s.UpdateSvc                 - star-cr5:6/2/1 76                                           
2019-02-05 10:52:31,410 DEBUG n.e.o.t.s.UpdateSvc                 - star-cr5:6/1/1 76                                           
2019-02-05 10:52:31,410 DEBUG n.e.o.t.s.UpdateSvc                 - star-cr5:4/2/1 76                                           
2019-02-05 10:52:31,410 DEBUG n.e.o.t.s.UpdateSvc                 - star-cr5:BLANK 76                                           
2019-02-05 10:52:31,410 DEBUG n.e.o.t.s.UpdateSvc                 - star-cr5:10/1/1 76                                          
2019-02-05 10:52:31,410 DEBUG n.e.o.t.s.UpdateSvc                 - star-cr5:10/1/8 76                                          
2019-02-05 10:52:31,410 DEBUG n.e.o.t.s.UpdateSvc                 - star-cr5:10/1/10 76                                         
2019-02-05 10:52:31,410 DEBUG n.e.o.t.s.UpdateSvc                 - star-cr5:10/1/7 76                                          
2019-02-05 10:52:31,410 DEBUG n.e.o.t.s.UpdateSvc                 - star-cr5:4/1/1 76                                           
2019-02-05 10:52:31,410 DEBUG n.e.o.t.s.UpdateSvc                 - star-cr5:1/2/1 76                                           
2019-02-05 10:52:31,413 INFO  n.e.o.t.s.UpdateSvc                 - inserting p: lbl-mr2:ge-9/1/0 to lbl-mr2                    
2019-02-05 10:52:31,414 DEBUG n.e.o.t.s.UpdateSvc                 - lbl-mr2:xe-8/1/0 74                                         
2019-02-05 10:52:31,414 DEBUG n.e.o.t.s.UpdateSvc                 - lbl-mr2:xe-7/0/0 74                                         
2019-02-05 10:52:31,414 DEBUG n.e.o.t.s.UpdateSvc                 - lbl-mr2:xe-2/3/0 74                                         
2019-02-05 10:52:31,414 DEBUG n.e.o.t.s.UpdateSvc                 - lbl-mr2:xe-7/2/0 74                                         
2019-02-05 10:52:31,414 DEBUG n.e.o.t.s.UpdateSvc                 - lbl-mr2:xe-8/3/0 74                                         
2019-02-05 10:52:31,414 DEBUG n.e.o.t.s.UpdateSvc                 - lbl-mr2:xe-1/1/0 74                                         
2019-02-05 10:52:31,414 DEBUG n.e.o.t.s.UpdateSvc                 - lbl-mr2:ge-9/1/2 74                                         
2019-02-05 10:52:31,414 DEBUG n.e.o.t.s.UpdateSvc                 - lbl-mr2:ge-9/1/0 74                                         
2019-02-05 10:52:31,414 DEBUG n.e.o.t.s.UpdateSvc                 - lbl-mr2:ge-9/0/4 74                                         
2019-02-05 10:52:31,414 DEBUG n.e.o.t.s.UpdateSvc                 - lbl-mr2:xe-0/1/0 74                                         
2019-02-05 10:52:31,414 DEBUG n.e.o.t.s.UpdateSvc                 - lbl-mr2:xe-0/2/0 74                                         
2019-02-05 10:52:31,414 DEBUG n.e.o.t.s.UpdateSvc                 - lbl-mr2:ae0 74                                              
2019-02-05 10:52:31,417 INFO  n.e.o.t.s.UpdateSvc                 - inserting p: snll-mr2:xe-1/1/0 to snll-mr2                  
2019-02-05 10:52:31,417 DEBUG n.e.o.t.s.UpdateSvc                 - snll-mr2:xe-2/2/0 40                                        
2019-02-05 10:52:31,417 DEBUG n.e.o.t.s.UpdateSvc                 - snll-mr2:xe-2/3/0 40                                        
2019-02-05 10:52:31,417 DEBUG n.e.o.t.s.UpdateSvc                 - snll-mr2:xe-1/1/0 40                                        
2019-02-05 10:52:31,417 DEBUG n.e.o.t.s.UpdateSvc                 - snll-mr2:xe-1/2/0 40                                        
2019-02-05 10:52:31,417 DEBUG n.e.o.t.s.UpdateSvc                 - snll-mr2:xe-0/2/0 40                                        
2019-02-05 10:52:31,417 DEBUG n.e.o.t.s.UpdateSvc                 - snll-mr2:xe-2/0/0 40                                        
2019-02-05 10:52:31,417 DEBUG n.e.o.t.s.UpdateSvc                 - snll-mr2:xe-1/3/0 40                                        
2019-02-05 10:52:31,419 INFO  n.e.o.t.s.UpdateSvc                 - inserting p: sunn-cr5:9/1/5 to sunn-cr5                     
2019-02-05 10:52:31,420 DEBUG n.e.o.t.s.UpdateSvc                 - sunn-cr5:10/1/6 50                                          
2019-02-05 10:52:31,420 DEBUG n.e.o.t.s.UpdateSvc                 - sunn-cr5:10/2/4 50                                          
2019-02-05 10:52:31,420 DEBUG n.e.o.t.s.UpdateSvc                 - sunn-cr5:10/2/6 50                                          
2019-02-05 10:52:31,420 DEBUG n.e.o.t.s.UpdateSvc                 - sunn-cr5:4/1/1 50                                           
2019-02-05 10:52:31,420 DEBUG n.e.o.t.s.UpdateSvc                 - sunn-cr5:10/1/5 50                                          
2019-02-05 10:52:31,420 DEBUG n.e.o.t.s.UpdateSvc                 - sunn-cr5:9/1/1 50                                           
2019-02-05 10:52:31,420 DEBUG n.e.o.t.s.UpdateSvc                 - sunn-cr5:8/1/1 50                                           
2019-02-05 10:52:31,420 DEBUG n.e.o.t.s.UpdateSvc                 - sunn-cr5:10/2/1 50                                          
2019-02-05 10:52:31,420 DEBUG n.e.o.t.s.UpdateSvc                 - sunn-cr5:10/2/5 50                                          
2019-02-05 10:52:31,420 DEBUG n.e.o.t.s.UpdateSvc                 - sunn-cr5:10/1/1 50                                          
2019-02-05 10:52:31,420 DEBUG n.e.o.t.s.UpdateSvc                 - sunn-cr5:10/1/4 50                                          
2019-02-05 10:52:31,420 DEBUG n.e.o.t.s.UpdateSvc                 - sunn-cr5:2/2/1 50                                           
2019-02-05 10:52:31,420 DEBUG n.e.o.t.s.UpdateSvc                 - sunn-cr5:2/1/1 50                                           
2019-02-05 10:52:31,420 DEBUG n.e.o.t.s.UpdateSvc                 - sunn-cr5:5/2/1 50                                           
2019-02-05 10:52:31,421 DEBUG n.e.o.t.s.UpdateSvc                 - sunn-cr5:7/2/1 50                                           
2019-02-05 10:52:31,421 DEBUG n.e.o.t.s.UpdateSvc                 - sunn-cr5:9/1/5 50                                           
2019-02-05 10:52:31,421 DEBUG n.e.o.t.s.UpdateSvc                 - sunn-cr5:10/1/3 50                                          
2019-02-05 10:52:31,421 DEBUG n.e.o.t.s.UpdateSvc                 - sunn-cr5:5/1/1 50                                           
2019-02-05 10:52:31,421 DEBUG n.e.o.t.s.UpdateSvc                 - sunn-cr5:7/1/1 50                                           
2019-02-05 10:52:31,421 DEBUG n.e.o.t.s.UpdateSvc                 - sunn-cr5:10/1/2 50                                          
2019-02-05 10:52:31,421 DEBUG n.e.o.t.s.UpdateSvc                 - sunn-cr5:10/2/2 50                                          
2019-02-05 10:52:31,421 DEBUG n.e.o.t.s.UpdateSvc                 - sunn-cr5:9/1/2 50                                           
2019-02-05 10:52:31,421 DEBUG n.e.o.t.s.UpdateSvc                 - sunn-cr5:10/2/3 50                                          
2019-02-05 10:52:31,423 INFO  n.e.o.t.s.UpdateSvc                 - inserting p: lbl-mr2:ge-9/1/8 to lbl-mr2                    
2019-02-05 10:52:31,424 DEBUG n.e.o.t.s.UpdateSvc                 - lbl-mr2:xe-8/1/0 74                                         
2019-02-05 10:52:31,424 DEBUG n.e.o.t.s.UpdateSvc                 - lbl-mr2:xe-2/3/0 74                                         
2019-02-05 10:52:31,424 DEBUG n.e.o.t.s.UpdateSvc                 - lbl-mr2:xe-8/3/0 74                                         
2019-02-05 10:52:31,424 DEBUG n.e.o.t.s.UpdateSvc                 - lbl-mr2:ge-9/1/2 74                                         
2019-02-05 10:52:31,424 DEBUG n.e.o.t.s.UpdateSvc                 - lbl-mr2:ge-9/1/0 74                                         
2019-02-05 10:52:31,424 DEBUG n.e.o.t.s.UpdateSvc                 - lbl-mr2:xe-0/2/0 74                                         
2019-02-05 10:52:31,424 DEBUG n.e.o.t.s.UpdateSvc                 - lbl-mr2:xe-7/0/0 74                                         
2019-02-05 10:52:31,424 DEBUG n.e.o.t.s.UpdateSvc                 - lbl-mr2:xe-7/2/0 74                                         
2019-02-05 10:52:31,424 DEBUG n.e.o.t.s.UpdateSvc                 - lbl-mr2:xe-1/1/0 74                                         
2019-02-05 10:52:31,424 DEBUG n.e.o.t.s.UpdateSvc                 - lbl-mr2:ge-9/1/8 74                                         
2019-02-05 10:52:31,424 DEBUG n.e.o.t.s.UpdateSvc                 - lbl-mr2:ge-9/0/4 74                                         
2019-02-05 10:52:31,424 DEBUG n.e.o.t.s.UpdateSvc                 - lbl-mr2:xe-0/1/0 74                                         
2019-02-05 10:52:31,424 DEBUG n.e.o.t.s.UpdateSvc                 - lbl-mr2:ae0 74                                              
2019-02-05 10:52:31,426 INFO  n.e.o.t.s.UpdateSvc                 - inserting p: sunn-cr5:9/1/3 to sunn-cr5                     
2019-02-05 10:52:31,427 DEBUG n.e.o.t.s.UpdateSvc                 - sunn-cr5:10/1/6 50                                          
2019-02-05 10:52:31,427 DEBUG n.e.o.t.s.UpdateSvc                 - sunn-cr5:10/2/4 50                                          
2019-02-05 10:52:31,427 DEBUG n.e.o.t.s.UpdateSvc                 - sunn-cr5:10/2/6 50                                          
2019-02-05 10:52:31,427 DEBUG n.e.o.t.s.UpdateSvc                 - sunn-cr5:9/1/3 50                                           
2019-02-05 10:52:31,427 DEBUG n.e.o.t.s.UpdateSvc                 - sunn-cr5:4/1/1 50                                           
2019-02-05 10:52:31,427 DEBUG n.e.o.t.s.UpdateSvc                 - sunn-cr5:10/1/5 50                                          
2019-02-05 10:52:31,427 DEBUG n.e.o.t.s.UpdateSvc                 - sunn-cr5:9/1/1 50                                           
2019-02-05 10:52:31,427 DEBUG n.e.o.t.s.UpdateSvc                 - sunn-cr5:8/1/1 50                                           
2019-02-05 10:52:31,427 DEBUG n.e.o.t.s.UpdateSvc                 - sunn-cr5:10/2/1 50                                          
2019-02-05 10:52:31,427 DEBUG n.e.o.t.s.UpdateSvc                 - sunn-cr5:10/2/5 50                                          
2019-02-05 10:52:31,427 DEBUG n.e.o.t.s.UpdateSvc                 - sunn-cr5:10/1/1 50                                          
2019-02-05 10:52:31,427 DEBUG n.e.o.t.s.UpdateSvc                 - sunn-cr5:10/1/4 50                                          
2019-02-05 10:52:31,427 DEBUG n.e.o.t.s.UpdateSvc                 - sunn-cr5:2/2/1 50                                           
2019-02-05 10:52:31,427 DEBUG n.e.o.t.s.UpdateSvc                 - sunn-cr5:2/1/1 50                                           
2019-02-05 10:52:31,427 DEBUG n.e.o.t.s.UpdateSvc                 - sunn-cr5:5/2/1 50                                           
2019-02-05 10:52:31,427 DEBUG n.e.o.t.s.UpdateSvc                 - sunn-cr5:7/2/1 50                                           
2019-02-05 10:52:31,427 DEBUG n.e.o.t.s.UpdateSvc                 - sunn-cr5:9/1/5 50                                           
2019-02-05 10:52:31,427 DEBUG n.e.o.t.s.UpdateSvc                 - sunn-cr5:10/1/3 50                                          
2019-02-05 10:52:31,427 DEBUG n.e.o.t.s.UpdateSvc                 - sunn-cr5:5/1/1 50                                           
2019-02-05 10:52:31,427 DEBUG n.e.o.t.s.UpdateSvc                 - sunn-cr5:7/1/1 50                                           
2019-02-05 10:52:31,427 DEBUG n.e.o.t.s.UpdateSvc                 - sunn-cr5:10/1/2 50                                          
2019-02-05 10:52:31,427 DEBUG n.e.o.t.s.UpdateSvc                 - sunn-cr5:10/2/2 50                                          
2019-02-05 10:52:31,427 DEBUG n.e.o.t.s.UpdateSvc                 - sunn-cr5:9/1/2 50                                           
2019-02-05 10:52:31,427 DEBUG n.e.o.t.s.UpdateSvc                 - sunn-cr5:10/2/3 50                                          
2019-02-05 10:52:31,429 INFO  n.e.o.t.s.UpdateSvc                 - inserting p: star-cr5:1/1/1 to star-cr5                     
2019-02-05 10:52:31,430 DEBUG n.e.o.t.s.UpdateSvc                 - star-cr5:3/1/1 76                                           
2019-02-05 10:52:31,430 DEBUG n.e.o.t.s.UpdateSvc                 - star-cr5:3/2/1 76                                           
2019-02-05 10:52:31,430 DEBUG n.e.o.t.s.UpdateSvc                 - star-cr5:5/1/1 76                                           
2019-02-05 10:52:31,430 DEBUG n.e.o.t.s.UpdateSvc                 - star-cr5:1/1/1 76                                           
2019-02-05 10:52:31,430 DEBUG n.e.o.t.s.UpdateSvc                 - star-cr5:6/2/1 76                                           
2019-02-05 10:52:31,430 DEBUG n.e.o.t.s.UpdateSvc                 - star-cr5:6/1/1 76                                           
2019-02-05 10:52:31,430 DEBUG n.e.o.t.s.UpdateSvc                 - star-cr5:4/2/1 76                                           
2019-02-05 10:52:31,430 DEBUG n.e.o.t.s.UpdateSvc                 - star-cr5:BLANK 76                                           
2019-02-05 10:52:31,430 DEBUG n.e.o.t.s.UpdateSvc                 - star-cr5:10/1/1 76                                          
2019-02-05 10:52:31,430 DEBUG n.e.o.t.s.UpdateSvc                 - star-cr5:10/1/8 76                                          
2019-02-05 10:52:31,430 DEBUG n.e.o.t.s.UpdateSvc                 - star-cr5:10/1/10 76                                         
2019-02-05 10:52:31,430 DEBUG n.e.o.t.s.UpdateSvc                 - star-cr5:10/1/7 76                                          
2019-02-05 10:52:31,430 DEBUG n.e.o.t.s.UpdateSvc                 - star-cr5:4/1/1 76                                           
2019-02-05 10:52:31,430 DEBUG n.e.o.t.s.UpdateSvc                 - star-cr5:1/2/1 76                                           
2019-02-05 10:52:31,443 INFO  n.e.o.t.s.UpdateSvc                 - inserting p: jgi-mr2:xe-2/2/0 to jgi-mr2                    
2019-02-05 10:52:31,443 DEBUG n.e.o.t.s.UpdateSvc                 - jgi-mr2:xe-1/3/0 61                                         
2019-02-05 10:52:31,444 DEBUG n.e.o.t.s.UpdateSvc                 - jgi-mr2:xe-2/2/0 61                                         
2019-02-05 10:52:31,446 INFO  n.e.o.t.s.UpdateSvc                 - inserting p: srs-rt3:ge-1/1/0 to srs-rt3                    
2019-02-05 10:52:31,447 DEBUG n.e.o.t.s.UpdateSvc                 - srs-rt3:ge-0/1/0 31                                         
2019-02-05 10:52:31,447 DEBUG n.e.o.t.s.UpdateSvc                 - srs-rt3:ge-0/0/0 31                                         
2019-02-05 10:52:31,447 DEBUG n.e.o.t.s.UpdateSvc                 - srs-rt3:ge-1/0/0 31                                         
2019-02-05 10:52:31,447 DEBUG n.e.o.t.s.UpdateSvc                 - srs-rt3:ge-1/1/0 31                                         
2019-02-05 10:52:31,450 INFO  n.e.o.t.s.UpdateSvc                 - inserting p: wash-cr5:2/1/1 to wash-cr5                     
2019-02-05 10:52:31,450 DEBUG n.e.o.t.s.UpdateSvc                 - wash-cr5:10/1/9 36                                          
2019-02-05 10:52:31,450 DEBUG n.e.o.t.s.UpdateSvc                 - wash-cr5:6/1/1 36                                           
2019-02-05 10:52:31,450 DEBUG n.e.o.t.s.UpdateSvc                 - wash-cr5:10/1/3 36                                          
2019-02-05 10:52:31,450 DEBUG n.e.o.t.s.UpdateSvc                 - wash-cr5:10/1/4 36                                          
2019-02-05 10:52:31,450 DEBUG n.e.o.t.s.UpdateSvc                 - wash-cr5:1/1/1 36                                           
2019-02-05 10:52:31,450 DEBUG n.e.o.t.s.UpdateSvc                 - wash-cr5:4/2/1 36                                           
2019-02-05 10:52:31,450 DEBUG n.e.o.t.s.UpdateSvc                 - wash-cr5:5/1/1 36                                           
2019-02-05 10:52:31,451 DEBUG n.e.o.t.s.UpdateSvc                 - wash-cr5:10/1/5 36                                          
2019-02-05 10:52:31,451 DEBUG n.e.o.t.s.UpdateSvc                 - wash-cr5:10/1/10 36                                         
2019-02-05 10:52:31,451 DEBUG n.e.o.t.s.UpdateSvc                 - wash-cr5:5/2/1 36                                           
2019-02-05 10:52:31,451 DEBUG n.e.o.t.s.UpdateSvc                 - wash-cr5:2/1/1 36                                           
2019-02-05 10:52:31,451 DEBUG n.e.o.t.s.UpdateSvc                 - wash-cr5:4/1/1 36                                           
2019-02-05 10:52:31,453 INFO  n.e.o.t.s.UpdateSvc                 - inserting p: star-cr5:8/1/4 to star-cr5                     
2019-02-05 10:52:31,454 DEBUG n.e.o.t.s.UpdateSvc                 - star-cr5:3/1/1 76                                           
2019-02-05 10:52:31,454 DEBUG n.e.o.t.s.UpdateSvc                 - star-cr5:3/2/1 76                                           
2019-02-05 10:52:31,454 DEBUG n.e.o.t.s.UpdateSvc                 - star-cr5:5/1/1 76                                           
2019-02-05 10:52:31,454 DEBUG n.e.o.t.s.UpdateSvc                 - star-cr5:1/1/1 76                                           
2019-02-05 10:52:31,454 DEBUG n.e.o.t.s.UpdateSvc                 - star-cr5:6/2/1 76                                           
2019-02-05 10:52:31,454 DEBUG n.e.o.t.s.UpdateSvc                 - star-cr5:6/1/1 76                                           
2019-02-05 10:52:31,454 DEBUG n.e.o.t.s.UpdateSvc                 - star-cr5:8/1/4 76                                           
2019-02-05 10:52:31,454 DEBUG n.e.o.t.s.UpdateSvc                 - star-cr5:4/2/1 76                                           
2019-02-05 10:52:31,454 DEBUG n.e.o.t.s.UpdateSvc                 - star-cr5:BLANK 76                                           
2019-02-05 10:52:31,454 DEBUG n.e.o.t.s.UpdateSvc                 - star-cr5:10/1/1 76                                          
2019-02-05 10:52:31,454 DEBUG n.e.o.t.s.UpdateSvc                 - star-cr5:10/1/8 76                                          
2019-02-05 10:52:31,454 DEBUG n.e.o.t.s.UpdateSvc                 - star-cr5:10/1/10 76                                         
2019-02-05 10:52:31,454 DEBUG n.e.o.t.s.UpdateSvc                 - star-cr5:10/1/7 76                                          
2019-02-05 10:52:31,454 DEBUG n.e.o.t.s.UpdateSvc                 - star-cr5:4/1/1 76                                           
2019-02-05 10:52:31,454 DEBUG n.e.o.t.s.UpdateSvc                 - star-cr5:1/2/1 76                                           
2019-02-05 10:52:31,457 INFO  n.e.o.t.s.UpdateSvc                 - inserting p: star-cr5:8/1/6 to star-cr5                     
2019-02-05 10:52:31,458 DEBUG n.e.o.t.s.UpdateSvc                 - star-cr5:3/1/1 76                                           
2019-02-05 10:52:31,458 DEBUG n.e.o.t.s.UpdateSvc                 - star-cr5:3/2/1 76                                           
2019-02-05 10:52:31,458 DEBUG n.e.o.t.s.UpdateSvc                 - star-cr5:5/1/1 76                                           
2019-02-05 10:52:31,459 DEBUG n.e.o.t.s.UpdateSvc                 - star-cr5:1/1/1 76                                           
2019-02-05 10:52:31,459 DEBUG n.e.o.t.s.UpdateSvc                 - star-cr5:6/2/1 76                                           
2019-02-05 10:52:31,459 DEBUG n.e.o.t.s.UpdateSvc                 - star-cr5:6/1/1 76                                           
2019-02-05 10:52:31,459 DEBUG n.e.o.t.s.UpdateSvc                 - star-cr5:8/1/4 76                                           
2019-02-05 10:52:31,459 DEBUG n.e.o.t.s.UpdateSvc                 - star-cr5:4/2/1 76                                           
2019-02-05 10:52:31,459 DEBUG n.e.o.t.s.UpdateSvc                 - star-cr5:BLANK 76                                           
2019-02-05 10:52:31,459 DEBUG n.e.o.t.s.UpdateSvc                 - star-cr5:10/1/1 76                                          
2019-02-05 10:52:31,459 DEBUG n.e.o.t.s.UpdateSvc                 - star-cr5:10/1/8 76                                          
2019-02-05 10:52:31,459 DEBUG n.e.o.t.s.UpdateSvc                 - star-cr5:10/1/10 76                                         
2019-02-05 10:52:31,459 DEBUG n.e.o.t.s.UpdateSvc                 - star-cr5:10/1/7 76                                          
2019-02-05 10:52:31,459 DEBUG n.e.o.t.s.UpdateSvc                 - star-cr5:4/1/1 76                                           
2019-02-05 10:52:31,459 DEBUG n.e.o.t.s.UpdateSvc                 - star-cr5:1/2/1 76                                           
2019-02-05 10:52:31,459 DEBUG n.e.o.t.s.UpdateSvc                 - star-cr5:8/1/6 76                                           
2019-02-05 10:52:31,462 INFO  n.e.o.t.s.UpdateSvc                 - inserting p: sunn-cr5:8/2/1 to sunn-cr5                     
2019-02-05 10:52:31,463 DEBUG n.e.o.t.s.UpdateSvc                 - sunn-cr5:10/2/4 50                                          
2019-02-05 10:52:31,463 DEBUG n.e.o.t.s.UpdateSvc                 - sunn-cr5:10/2/6 50                                          
2019-02-05 10:52:31,463 DEBUG n.e.o.t.s.UpdateSvc                 - sunn-cr5:4/1/1 50                                           
2019-02-05 10:52:31,463 DEBUG n.e.o.t.s.UpdateSvc                 - sunn-cr5:10/1/5 50                                          
2019-02-05 10:52:31,463 DEBUG n.e.o.t.s.UpdateSvc                 - sunn-cr5:8/1/1 50                                           
2019-02-05 10:52:31,463 DEBUG n.e.o.t.s.UpdateSvc                 - sunn-cr5:2/1/1 50                                           
2019-02-05 10:52:31,463 DEBUG n.e.o.t.s.UpdateSvc                 - sunn-cr5:7/2/1 50                                           
2019-02-05 10:52:31,463 DEBUG n.e.o.t.s.UpdateSvc                 - sunn-cr5:5/1/1 50                                           
2019-02-05 10:52:31,463 DEBUG n.e.o.t.s.UpdateSvc                 - sunn-cr5:7/1/1 50                                           
2019-02-05 10:52:31,463 DEBUG n.e.o.t.s.UpdateSvc                 - sunn-cr5:10/1/2 50                                          
2019-02-05 10:52:31,463 DEBUG n.e.o.t.s.UpdateSvc                 - sunn-cr5:10/2/2 50                                          
2019-02-05 10:52:31,463 DEBUG n.e.o.t.s.UpdateSvc                 - sunn-cr5:9/1/2 50                                           
2019-02-05 10:52:31,464 DEBUG n.e.o.t.s.UpdateSvc                 - sunn-cr5:10/2/3 50                                          
2019-02-05 10:52:31,464 DEBUG n.e.o.t.s.UpdateSvc                 - sunn-cr5:10/1/6 50                                          
2019-02-05 10:52:31,464 DEBUG n.e.o.t.s.UpdateSvc                 - sunn-cr5:9/1/3 50                                           
2019-02-05 10:52:31,464 DEBUG n.e.o.t.s.UpdateSvc                 - sunn-cr5:9/1/1 50                                           
2019-02-05 10:52:31,464 DEBUG n.e.o.t.s.UpdateSvc                 - sunn-cr5:10/2/1 50                                          
2019-02-05 10:52:31,464 DEBUG n.e.o.t.s.UpdateSvc                 - sunn-cr5:10/2/5 50                                          
2019-02-05 10:52:31,464 DEBUG n.e.o.t.s.UpdateSvc                 - sunn-cr5:10/1/1 50                                          
2019-02-05 10:52:31,464 DEBUG n.e.o.t.s.UpdateSvc                 - sunn-cr5:10/1/4 50                                          
2019-02-05 10:52:31,464 DEBUG n.e.o.t.s.UpdateSvc                 - sunn-cr5:2/2/1 50                                           
2019-02-05 10:52:31,464 DEBUG n.e.o.t.s.UpdateSvc                 - sunn-cr5:5/2/1 50                                           
2019-02-05 10:52:31,464 DEBUG n.e.o.t.s.UpdateSvc                 - sunn-cr5:9/1/5 50                                           
2019-02-05 10:52:31,464 DEBUG n.e.o.t.s.UpdateSvc                 - sunn-cr5:10/1/3 50                                          
2019-02-05 10:52:31,464 DEBUG n.e.o.t.s.UpdateSvc                 - sunn-cr5:8/2/1 50                                           
2019-02-05 10:52:31,467 INFO  n.e.o.t.s.UpdateSvc                 - inserting p: star-cr5:8/1/2 to star-cr5                     
2019-02-05 10:52:31,467 DEBUG n.e.o.t.s.UpdateSvc                 - star-cr5:3/1/1 76                                           
2019-02-05 10:52:31,467 DEBUG n.e.o.t.s.UpdateSvc                 - star-cr5:3/2/1 76                                           
2019-02-05 10:52:31,467 DEBUG n.e.o.t.s.UpdateSvc                 - star-cr5:5/1/1 76                                           
2019-02-05 10:52:31,467 DEBUG n.e.o.t.s.UpdateSvc                 - star-cr5:1/1/1 76                                           
2019-02-05 10:52:31,467 DEBUG n.e.o.t.s.UpdateSvc                 - star-cr5:6/2/1 76                                           
2019-02-05 10:52:31,467 DEBUG n.e.o.t.s.UpdateSvc                 - star-cr5:6/1/1 76                                           
2019-02-05 10:52:31,467 DEBUG n.e.o.t.s.UpdateSvc                 - star-cr5:8/1/4 76                                           
2019-02-05 10:52:31,467 DEBUG n.e.o.t.s.UpdateSvc                 - star-cr5:8/1/2 76                                           
2019-02-05 10:52:31,468 DEBUG n.e.o.t.s.UpdateSvc                 - star-cr5:4/2/1 76                                           
2019-02-05 10:52:31,468 DEBUG n.e.o.t.s.UpdateSvc                 - star-cr5:BLANK 76                                           
2019-02-05 10:52:31,468 DEBUG n.e.o.t.s.UpdateSvc                 - star-cr5:10/1/1 76                                          
2019-02-05 10:52:31,468 DEBUG n.e.o.t.s.UpdateSvc                 - star-cr5:10/1/8 76                                          
2019-02-05 10:52:31,468 DEBUG n.e.o.t.s.UpdateSvc                 - star-cr5:10/1/10 76                                         
2019-02-05 10:52:31,468 DEBUG n.e.o.t.s.UpdateSvc                 - star-cr5:10/1/7 76                                          
2019-02-05 10:52:31,468 DEBUG n.e.o.t.s.UpdateSvc                 - star-cr5:4/1/1 76                                           
2019-02-05 10:52:31,468 DEBUG n.e.o.t.s.UpdateSvc                 - star-cr5:1/2/1 76                                           
2019-02-05 10:52:31,468 DEBUG n.e.o.t.s.UpdateSvc                 - star-cr5:8/1/6 76                                           
2019-02-05 10:52:31,471 INFO  n.e.o.t.s.UpdateSvc                 - inserting p: chic-cr5:5/1/1 to chic-cr5                     
2019-02-05 10:52:31,472 DEBUG n.e.o.t.s.UpdateSvc                 - chic-cr5:7/1/1 55                                           
2019-02-05 10:52:31,472 DEBUG n.e.o.t.s.UpdateSvc                 - chic-cr5:10/1/3 55                                          
2019-02-05 10:52:31,472 DEBUG n.e.o.t.s.UpdateSvc                 - chic-cr5:10/1/1 55                                          
2019-02-05 10:52:31,472 DEBUG n.e.o.t.s.UpdateSvc                 - chic-cr5:1/1/1 55                                           
2019-02-05 10:52:31,472 DEBUG n.e.o.t.s.UpdateSvc                 - chic-cr5:2/1/1 55                                           
2019-02-05 10:52:31,472 DEBUG n.e.o.t.s.UpdateSvc                 - chic-cr5:8/1/1 55                                           
2019-02-05 10:52:31,472 DEBUG n.e.o.t.s.UpdateSvc                 - chic-cr5:5/1/1 55                                           
2019-02-05 10:52:31,472 DEBUG n.e.o.t.s.UpdateSvc                 - chic-cr5:BLANK 55                                           
2019-02-05 10:52:31,472 DEBUG n.e.o.t.s.UpdateSvc                 - chic-cr5:10/1/5 55                                          
2019-02-05 10:52:31,472 DEBUG n.e.o.t.s.UpdateSvc                 - chic-cr5:7/2/1 55                                           
2019-02-05 10:52:31,472 DEBUG n.e.o.t.s.UpdateSvc                 - chic-cr5:4/1/1 55                                           
2019-02-05 10:52:31,472 DEBUG n.e.o.t.s.UpdateSvc                 - chic-cr5:3/1/1 55                                           
2019-02-05 10:52:31,472 DEBUG n.e.o.t.s.UpdateSvc                 - chic-cr5:6/2/1 55                                           
2019-02-05 10:52:31,472 DEBUG n.e.o.t.s.UpdateSvc                 - chic-cr5:10/1/7 55                                          
2019-02-05 10:52:31,472 DEBUG n.e.o.t.s.UpdateSvc                 - chic-cr5:6/1/1 55                                           
2019-02-05 10:52:31,472 DEBUG n.e.o.t.s.UpdateSvc                 - chic-cr5:10/1/4 55                                          
2019-02-05 10:52:31,475 INFO  n.e.o.t.s.UpdateSvc                 - inserting p: lbl-mr2:xe-2/1/0 to lbl-mr2                    
2019-02-05 10:52:31,476 DEBUG n.e.o.t.s.UpdateSvc                 - lbl-mr2:xe-8/1/0 74                                         
2019-02-05 10:52:31,476 DEBUG n.e.o.t.s.UpdateSvc                 - lbl-mr2:xe-2/3/0 74                                         
2019-02-05 10:52:31,477 DEBUG n.e.o.t.s.UpdateSvc                 - lbl-mr2:xe-8/3/0 74                                         
2019-02-05 10:52:31,477 DEBUG n.e.o.t.s.UpdateSvc                 - lbl-mr2:ge-9/1/2 74                                         
2019-02-05 10:52:31,477 DEBUG n.e.o.t.s.UpdateSvc                 - lbl-mr2:ge-9/1/0 74                                         
2019-02-05 10:52:31,477 DEBUG n.e.o.t.s.UpdateSvc                 - lbl-mr2:xe-2/1/0 74                                         
2019-02-05 10:52:31,477 DEBUG n.e.o.t.s.UpdateSvc                 - lbl-mr2:xe-0/2/0 74                                         
2019-02-05 10:52:31,477 DEBUG n.e.o.t.s.UpdateSvc                 - lbl-mr2:xe-7/0/0 74                                         
2019-02-05 10:52:31,477 DEBUG n.e.o.t.s.UpdateSvc                 - lbl-mr2:xe-7/2/0 74                                         
2019-02-05 10:52:31,477 DEBUG n.e.o.t.s.UpdateSvc                 - lbl-mr2:xe-1/1/0 74                                         
2019-02-05 10:52:31,477 DEBUG n.e.o.t.s.UpdateSvc                 - lbl-mr2:ge-9/1/8 74                                         
2019-02-05 10:52:31,477 DEBUG n.e.o.t.s.UpdateSvc                 - lbl-mr2:ge-9/0/4 74                                         
2019-02-05 10:52:31,477 DEBUG n.e.o.t.s.UpdateSvc                 - lbl-mr2:xe-0/1/0 74                                         
2019-02-05 10:52:31,477 DEBUG n.e.o.t.s.UpdateSvc                 - lbl-mr2:ae0 74                                              
2019-02-05 10:52:31,481 INFO  n.e.o.t.s.UpdateSvc                 - inserting p: pppl-rt5:ge-0/0/2 to pppl-rt5                  
2019-02-05 10:52:31,482 DEBUG n.e.o.t.s.UpdateSvc                 - pppl-rt5:xe-1/3/0 30                                        
2019-02-05 10:52:31,482 DEBUG n.e.o.t.s.UpdateSvc                 - pppl-rt5:xe-1/2/0 30                                        
2019-02-05 10:52:31,482 DEBUG n.e.o.t.s.UpdateSvc                 - pppl-rt5:ge-0/0/2 30                                        
2019-02-05 10:52:31,486 INFO  n.e.o.t.s.UpdateSvc                 - inserting p: orau-rt4:ge-0/1/0 to orau-rt4                  
2019-02-05 10:52:31,487 DEBUG n.e.o.t.s.UpdateSvc                 - orau-rt4:ge-0/1/0 32                                        
2019-02-05 10:52:31,490 INFO  n.e.o.t.s.UpdateSvc                 - inserting p: orau-rt4:ge-0/1/1 to orau-rt4                  
2019-02-05 10:52:31,491 DEBUG n.e.o.t.s.UpdateSvc                 - orau-rt4:ge-0/1/1 32                                        
2019-02-05 10:52:31,491 DEBUG n.e.o.t.s.UpdateSvc                 - orau-rt4:ge-0/1/0 32                                        
2019-02-05 10:52:31,493 INFO  n.e.o.t.s.UpdateSvc                 - inserting p: orau-rt4:ge-0/1/2 to orau-rt4                  
2019-02-05 10:52:31,494 DEBUG n.e.o.t.s.UpdateSvc                 - orau-rt4:ge-0/1/2 32                                        
2019-02-05 10:52:31,494 DEBUG n.e.o.t.s.UpdateSvc                 - orau-rt4:ge-0/1/1 32                                        
2019-02-05 10:52:31,494 DEBUG n.e.o.t.s.UpdateSvc                 - orau-rt4:ge-0/1/0 32                                        
2019-02-05 10:52:31,497 INFO  n.e.o.t.s.UpdateSvc                 - inserting p: eqx-chi-cr5:1/1/1 to eqx-chi-cr5               
2019-02-05 10:52:31,498 DEBUG n.e.o.t.s.UpdateSvc                 - eqx-chi-cr5:1/1/1 58                                        
2019-02-05 10:52:31,498 DEBUG n.e.o.t.s.UpdateSvc                 - eqx-chi-cr5:10/1/2 58                                       
2019-02-05 10:52:31,498 DEBUG n.e.o.t.s.UpdateSvc                 - eqx-chi-cr5:10/1/3 58                                       
2019-02-05 10:52:31,498 DEBUG n.e.o.t.s.UpdateSvc                 - eqx-chi-cr5:BLANK 58                                        
2019-02-05 10:52:31,498 DEBUG n.e.o.t.s.UpdateSvc                 - eqx-chi-cr5:10/1/1 58                                       
2019-02-05 10:52:31,501 INFO  n.e.o.t.s.UpdateSvc                 - inserting p: orau-rt4:ge-0/1/3 to orau-rt4                  
2019-02-05 10:52:31,502 DEBUG n.e.o.t.s.UpdateSvc                 - orau-rt4:ge-0/1/2 32                                        
2019-02-05 10:52:31,502 DEBUG n.e.o.t.s.UpdateSvc                 - orau-rt4:ge-0/1/1 32                                        
2019-02-05 10:52:31,502 DEBUG n.e.o.t.s.UpdateSvc                 - orau-rt4:ge-0/1/3 32                                        
2019-02-05 10:52:31,502 DEBUG n.e.o.t.s.UpdateSvc                 - orau-rt4:ge-0/1/0 32                                        
2019-02-05 10:52:31,505 INFO  n.e.o.t.s.UpdateSvc                 - inserting p: orau-rt4:ge-0/1/4 to orau-rt4                  
2019-02-05 10:52:31,505 DEBUG n.e.o.t.s.UpdateSvc                 - orau-rt4:ge-0/1/4 32                                        
2019-02-05 10:52:31,505 DEBUG n.e.o.t.s.UpdateSvc                 - orau-rt4:ge-0/1/2 32                                        
2019-02-05 10:52:31,505 DEBUG n.e.o.t.s.UpdateSvc                 - orau-rt4:ge-0/1/1 32                                        
2019-02-05 10:52:31,505 DEBUG n.e.o.t.s.UpdateSvc                 - orau-rt4:ge-0/1/3 32                                        
2019-02-05 10:52:31,505 DEBUG n.e.o.t.s.UpdateSvc                 - orau-rt4:ge-0/1/0 32                                        
2019-02-05 10:52:31,507 INFO  n.e.o.t.s.UpdateSvc                 - inserting p: slac-mr2:xe-1/3/0 to slac-mr2                  
2019-02-05 10:52:31,508 DEBUG n.e.o.t.s.UpdateSvc                 - slac-mr2:xe-1/1/0 56                                        
2019-02-05 10:52:31,508 DEBUG n.e.o.t.s.UpdateSvc                 - slac-mr2:xe-1/3/0 56                                        
2019-02-05 10:52:31,508 DEBUG n.e.o.t.s.UpdateSvc                 - slac-mr2:xe-0/1/0 56                                        
2019-02-05 10:52:31,508 DEBUG n.e.o.t.s.UpdateSvc                 - slac-mr2:xe-0/0/0 56                                        
2019-02-05 10:52:31,508 DEBUG n.e.o.t.s.UpdateSvc                 - slac-mr2:xe-0/2/0 56                                        
2019-02-05 10:52:31,510 INFO  n.e.o.t.s.UpdateSvc                 - inserting p: jgi-mr2:xe-0/2/0 to jgi-mr2                    
2019-02-05 10:52:31,510 DEBUG n.e.o.t.s.UpdateSvc                 - jgi-mr2:xe-1/3/0 61                                         
2019-02-05 10:52:31,510 DEBUG n.e.o.t.s.UpdateSvc                 - jgi-mr2:xe-0/2/0 61                                         
2019-02-05 10:52:31,510 DEBUG n.e.o.t.s.UpdateSvc                 - jgi-mr2:xe-2/2/0 61                                         
2019-02-05 10:52:31,512 INFO  n.e.o.t.s.UpdateSvc                 - inserting p: pppl-rt5:xe-1/1/0 to pppl-rt5                  
2019-02-05 10:52:31,513 DEBUG n.e.o.t.s.UpdateSvc                 - pppl-rt5:xe-1/3/0 30                                        
2019-02-05 10:52:31,513 DEBUG n.e.o.t.s.UpdateSvc                 - pppl-rt5:xe-1/2/0 30                                        
2019-02-05 10:52:31,513 DEBUG n.e.o.t.s.UpdateSvc                 - pppl-rt5:ge-0/0/2 30                                        
2019-02-05 10:52:31,513 DEBUG n.e.o.t.s.UpdateSvc                 - pppl-rt5:xe-1/1/0 30                                        
2019-02-05 10:52:31,515 INFO  n.e.o.t.s.UpdateSvc                 - inserting p: lbl-mr2:xe-1/3/0 to lbl-mr2                    
2019-02-05 10:52:31,516 DEBUG n.e.o.t.s.UpdateSvc                 - lbl-mr2:xe-8/1/0 74                                         
2019-02-05 10:52:31,516 DEBUG n.e.o.t.s.UpdateSvc                 - lbl-mr2:xe-2/3/0 74                                         
2019-02-05 10:52:31,516 DEBUG n.e.o.t.s.UpdateSvc                 - lbl-mr2:xe-8/3/0 74                                         
2019-02-05 10:52:31,516 DEBUG n.e.o.t.s.UpdateSvc                 - lbl-mr2:ge-9/1/2 74                                         
2019-02-05 10:52:31,516 DEBUG n.e.o.t.s.UpdateSvc                 - lbl-mr2:ge-9/1/0 74                                         
2019-02-05 10:52:31,516 DEBUG n.e.o.t.s.UpdateSvc                 - lbl-mr2:xe-1/3/0 74                                         
2019-02-05 10:52:31,516 DEBUG n.e.o.t.s.UpdateSvc                 - lbl-mr2:xe-2/1/0 74                                         
2019-02-05 10:52:31,516 DEBUG n.e.o.t.s.UpdateSvc                 - lbl-mr2:xe-0/2/0 74                                         
2019-02-05 10:52:31,516 DEBUG n.e.o.t.s.UpdateSvc                 - lbl-mr2:xe-7/0/0 74                                         
2019-02-05 10:52:31,516 DEBUG n.e.o.t.s.UpdateSvc                 - lbl-mr2:xe-7/2/0 74                                         
2019-02-05 10:52:31,516 DEBUG n.e.o.t.s.UpdateSvc                 - lbl-mr2:xe-1/1/0 74                                         
2019-02-05 10:52:31,516 DEBUG n.e.o.t.s.UpdateSvc                 - lbl-mr2:ge-9/1/8 74                                         
2019-02-05 10:52:31,516 DEBUG n.e.o.t.s.UpdateSvc                 - lbl-mr2:ge-9/0/4 74                                         
2019-02-05 10:52:31,516 DEBUG n.e.o.t.s.UpdateSvc                 - lbl-mr2:xe-0/1/0 74                                         
2019-02-05 10:52:31,516 DEBUG n.e.o.t.s.UpdateSvc                 - lbl-mr2:ae0 74                                              
2019-02-05 10:52:31,518 INFO  n.e.o.t.s.UpdateSvc                 - inserting p: ornl-cr5:9/1/4 to ornl-cr5                     
2019-02-05 10:52:31,518 DEBUG n.e.o.t.s.UpdateSvc                 - ornl-cr5:10/1/3 64                                          
2019-02-05 10:52:31,518 DEBUG n.e.o.t.s.UpdateSvc                 - ornl-cr5:9/1/4 64                                           
2019-02-05 10:52:31,518 DEBUG n.e.o.t.s.UpdateSvc                 - ornl-cr5:7/1/1 64                                           
2019-02-05 10:52:31,518 DEBUG n.e.o.t.s.UpdateSvc                 - ornl-cr5:10/1/2 64                                          
2019-02-05 10:52:31,518 DEBUG n.e.o.t.s.UpdateSvc                 - ornl-cr5:10/1/1 64                                          
2019-02-05 10:52:31,518 DEBUG n.e.o.t.s.UpdateSvc                 - ornl-cr5:6/1/1 64                                           
2019-02-05 10:52:31,520 INFO  n.e.o.t.s.UpdateSvc                 - inserting p: sunn-cr5:1/1/1 to sunn-cr5                     
2019-02-05 10:52:31,521 DEBUG n.e.o.t.s.UpdateSvc                 - sunn-cr5:10/2/4 50                                          
2019-02-05 10:52:31,521 DEBUG n.e.o.t.s.UpdateSvc                 - sunn-cr5:10/2/6 50                                          
2019-02-05 10:52:31,521 DEBUG n.e.o.t.s.UpdateSvc                 - sunn-cr5:4/1/1 50                                           
2019-02-05 10:52:31,521 DEBUG n.e.o.t.s.UpdateSvc                 - sunn-cr5:10/1/5 50                                          
2019-02-05 10:52:31,521 DEBUG n.e.o.t.s.UpdateSvc                 - sunn-cr5:8/1/1 50                                           
2019-02-05 10:52:31,521 DEBUG n.e.o.t.s.UpdateSvc                 - sunn-cr5:1/1/1 50                                           
2019-02-05 10:52:31,521 DEBUG n.e.o.t.s.UpdateSvc                 - sunn-cr5:2/1/1 50                                           
2019-02-05 10:52:31,521 DEBUG n.e.o.t.s.UpdateSvc                 - sunn-cr5:7/2/1 50                                           
2019-02-05 10:52:31,521 DEBUG n.e.o.t.s.UpdateSvc                 - sunn-cr5:5/1/1 50                                           
2019-02-05 10:52:31,521 DEBUG n.e.o.t.s.UpdateSvc                 - sunn-cr5:7/1/1 50                                           
2019-02-05 10:52:31,521 DEBUG n.e.o.t.s.UpdateSvc                 - sunn-cr5:10/1/2 50                                          
2019-02-05 10:52:31,521 DEBUG n.e.o.t.s.UpdateSvc                 - sunn-cr5:10/2/2 50                                          
2019-02-05 10:52:31,521 DEBUG n.e.o.t.s.UpdateSvc                 - sunn-cr5:9/1/2 50                                           
2019-02-05 10:52:31,521 DEBUG n.e.o.t.s.UpdateSvc                 - sunn-cr5:10/2/3 50                                          
2019-02-05 10:52:31,521 DEBUG n.e.o.t.s.UpdateSvc                 - sunn-cr5:10/1/6 50                                          
2019-02-05 10:52:31,521 DEBUG n.e.o.t.s.UpdateSvc                 - sunn-cr5:9/1/3 50                                           
2019-02-05 10:52:31,521 DEBUG n.e.o.t.s.UpdateSvc                 - sunn-cr5:9/1/1 50                                           
2019-02-05 10:52:31,521 DEBUG n.e.o.t.s.UpdateSvc                 - sunn-cr5:10/2/1 50                                          
2019-02-05 10:52:31,521 DEBUG n.e.o.t.s.UpdateSvc                 - sunn-cr5:10/2/5 50                                          
2019-02-05 10:52:31,521 DEBUG n.e.o.t.s.UpdateSvc                 - sunn-cr5:10/1/1 50                                          
2019-02-05 10:52:31,521 DEBUG n.e.o.t.s.UpdateSvc                 - sunn-cr5:10/1/4 50                                          
2019-02-05 10:52:31,521 DEBUG n.e.o.t.s.UpdateSvc                 - sunn-cr5:2/2/1 50                                           
2019-02-05 10:52:31,521 DEBUG n.e.o.t.s.UpdateSvc                 - sunn-cr5:5/2/1 50                                           
2019-02-05 10:52:31,521 DEBUG n.e.o.t.s.UpdateSvc                 - sunn-cr5:9/1/5 50                                           
2019-02-05 10:52:31,521 DEBUG n.e.o.t.s.UpdateSvc                 - sunn-cr5:10/1/3 50                                          
2019-02-05 10:52:31,521 DEBUG n.e.o.t.s.UpdateSvc                 - sunn-cr5:8/2/1 50                                           
2019-02-05 10:52:31,523 INFO  n.e.o.t.s.UpdateSvc                 - inserting p: fnal-mr2:xe-8/3/0 to fnal-mr2                  
2019-02-05 10:52:31,524 DEBUG n.e.o.t.s.UpdateSvc                 - fnal-mr2:xe-0/0/0 65                                        
2019-02-05 10:52:31,524 DEBUG n.e.o.t.s.UpdateSvc                 - fnal-mr2:xe-8/1/0 65                                        
2019-02-05 10:52:31,524 DEBUG n.e.o.t.s.UpdateSvc                 - fnal-mr2:xe-1/1/0 65                                        
2019-02-05 10:52:31,524 DEBUG n.e.o.t.s.UpdateSvc                 - fnal-mr2:xe-8/3/0 65                                        
2019-02-05 10:52:31,524 DEBUG n.e.o.t.s.UpdateSvc                 - fnal-mr2:xe-1/3/0 65                                        
2019-02-05 10:52:31,526 INFO  n.e.o.t.s.UpdateSvc                 - inserting p: ga-rt2:xe-0/2/0 to ga-rt2                      
2019-02-05 10:52:31,527 DEBUG n.e.o.t.s.UpdateSvc                 - ga-rt2:ge-1/1/3 37                                          
2019-02-05 10:52:31,527 DEBUG n.e.o.t.s.UpdateSvc                 - ga-rt2:xe-0/2/0 37                                          
2019-02-05 10:52:31,527 DEBUG n.e.o.t.s.UpdateSvc                 - ga-rt2:ge-1/0/3 37                                          
2019-02-05 10:52:31,527 DEBUG n.e.o.t.s.UpdateSvc                 - ga-rt2:ge-1/0/5 37                                          
2019-02-05 10:52:31,527 DEBUG n.e.o.t.s.UpdateSvc                 - ga-rt2:xe-0/0/0 37                                          
2019-02-05 10:52:31,541 INFO  n.e.o.t.s.UpdateSvc                 - inserting p: elpa-cr5:2/1/1 to elpa-cr5                     
2019-02-05 10:52:31,541 DEBUG n.e.o.t.s.UpdateSvc                 - elpa-cr5:2/1/1 46                                           
2019-02-05 10:52:31,541 DEBUG n.e.o.t.s.UpdateSvc                 - elpa-cr5:10/1/4 46                                          
2019-02-05 10:52:31,541 DEBUG n.e.o.t.s.UpdateSvc                 - elpa-cr5:10/1/5 46                                          
2019-02-05 10:52:31,541 DEBUG n.e.o.t.s.UpdateSvc                 - elpa-cr5:3/1/1 46                                           
2019-02-05 10:52:31,541 DEBUG n.e.o.t.s.UpdateSvc                 - elpa-cr5:1/1/1 46                                           
2019-02-05 10:52:31,541 DEBUG n.e.o.t.s.UpdateSvc                 - elpa-cr5:10/1/3 46                                          
2019-02-05 10:52:31,544 INFO  n.e.o.t.s.UpdateSvc                 - inserting p: chic-cr5:3/2/1 to chic-cr5                     
2019-02-05 10:52:31,545 DEBUG n.e.o.t.s.UpdateSvc                 - chic-cr5:7/1/1 55                                           
2019-02-05 10:52:31,545 DEBUG n.e.o.t.s.UpdateSvc                 - chic-cr5:10/1/3 55                                          
2019-02-05 10:52:31,545 DEBUG n.e.o.t.s.UpdateSvc                 - chic-cr5:10/1/1 55                                          
2019-02-05 10:52:31,545 DEBUG n.e.o.t.s.UpdateSvc                 - chic-cr5:1/1/1 55                                           
2019-02-05 10:52:31,545 DEBUG n.e.o.t.s.UpdateSvc                 - chic-cr5:2/1/1 55                                           
2019-02-05 10:52:31,545 DEBUG n.e.o.t.s.UpdateSvc                 - chic-cr5:8/1/1 55                                           
2019-02-05 10:52:31,545 DEBUG n.e.o.t.s.UpdateSvc                 - chic-cr5:3/2/1 55                                           
2019-02-05 10:52:31,545 DEBUG n.e.o.t.s.UpdateSvc                 - chic-cr5:5/1/1 55                                           
2019-02-05 10:52:31,545 DEBUG n.e.o.t.s.UpdateSvc                 - chic-cr5:BLANK 55                                           
2019-02-05 10:52:31,545 DEBUG n.e.o.t.s.UpdateSvc                 - chic-cr5:10/1/5 55                                          
2019-02-05 10:52:31,545 DEBUG n.e.o.t.s.UpdateSvc                 - chic-cr5:7/2/1 55                                           
2019-02-05 10:52:31,545 DEBUG n.e.o.t.s.UpdateSvc                 - chic-cr5:4/1/1 55                                           
2019-02-05 10:52:31,545 DEBUG n.e.o.t.s.UpdateSvc                 - chic-cr5:3/1/1 55                                           
2019-02-05 10:52:31,545 DEBUG n.e.o.t.s.UpdateSvc                 - chic-cr5:6/2/1 55                                           
2019-02-05 10:52:31,545 DEBUG n.e.o.t.s.UpdateSvc                 - chic-cr5:10/1/7 55                                          
2019-02-05 10:52:31,545 DEBUG n.e.o.t.s.UpdateSvc                 - chic-cr5:6/1/1 55                                           
2019-02-05 10:52:31,545 DEBUG n.e.o.t.s.UpdateSvc                 - chic-cr5:10/1/4 55                                          
2019-02-05 10:52:31,549 INFO  n.e.o.t.s.UpdateSvc                 - inserting p: srs-rt3:ge-1/2/0 to srs-rt3                    
2019-02-05 10:52:31,550 DEBUG n.e.o.t.s.UpdateSvc                 - srs-rt3:ge-0/1/0 31                                         
2019-02-05 10:52:31,550 DEBUG n.e.o.t.s.UpdateSvc                 - srs-rt3:ge-0/0/0 31                                         
2019-02-05 10:52:31,550 DEBUG n.e.o.t.s.UpdateSvc                 - srs-rt3:ge-1/2/0 31                                         
2019-02-05 10:52:31,550 DEBUG n.e.o.t.s.UpdateSvc                 - srs-rt3:ge-1/0/0 31                                         
2019-02-05 10:52:31,550 DEBUG n.e.o.t.s.UpdateSvc                 - srs-rt3:ge-1/1/0 31                                         
2019-02-05 10:52:31,553 INFO  n.e.o.t.s.UpdateSvc                 - inserting p: hous-cr5:4/1/1 to hous-cr5                     
2019-02-05 10:52:31,554 DEBUG n.e.o.t.s.UpdateSvc                 - hous-cr5:2/1/1 68                                           
2019-02-05 10:52:31,554 DEBUG n.e.o.t.s.UpdateSvc                 - hous-cr5:1/1/1 68                                           
2019-02-05 10:52:31,554 DEBUG n.e.o.t.s.UpdateSvc                 - hous-cr5:3/1/1 68                                           
2019-02-05 10:52:31,554 DEBUG n.e.o.t.s.UpdateSvc                 - hous-cr5:4/1/1 68                                           
2019-02-05 10:52:31,554 DEBUG n.e.o.t.s.UpdateSvc                 - hous-cr5:10/1/4 68                                          
2019-02-05 10:52:31,554 DEBUG n.e.o.t.s.UpdateSvc                 - hous-cr5:10/1/3 68                                          
2019-02-05 10:52:31,557 INFO  n.e.o.t.s.UpdateSvc                 - inserting p: amst-cr5:1/1/1 to amst-cr5                     
2019-02-05 10:52:31,558 DEBUG n.e.o.t.s.UpdateSvc                 - amst-cr5:2/1/1 72                                           
2019-02-05 10:52:31,558 DEBUG n.e.o.t.s.UpdateSvc                 - amst-cr5:10/2/5 72                                          
2019-02-05 10:52:31,558 DEBUG n.e.o.t.s.UpdateSvc                 - amst-cr5:3/1/1 72                                           
2019-02-05 10:52:31,558 DEBUG n.e.o.t.s.UpdateSvc                 - amst-cr5:10/1/1 72                                          
2019-02-05 10:52:31,558 DEBUG n.e.o.t.s.UpdateSvc                 - amst-cr5:1/1/1 72                                           
2019-02-05 10:52:31,558 DEBUG n.e.o.t.s.UpdateSvc                 - amst-cr5:5/1/1 72                                           
2019-02-05 10:52:31,558 DEBUG n.e.o.t.s.UpdateSvc                 - amst-cr5:10/1/2 72                                          
2019-02-05 10:52:31,561 INFO  n.e.o.t.s.UpdateSvc                 - inserting p: nash-cr5:4/1/1 to nash-cr5                     
2019-02-05 10:52:31,562 DEBUG n.e.o.t.s.UpdateSvc                 - nash-cr5:4/1/1 45                                           
2019-02-05 10:52:31,562 DEBUG n.e.o.t.s.UpdateSvc                 - nash-cr5:1/2/1 45                                           
2019-02-05 10:52:31,562 DEBUG n.e.o.t.s.UpdateSvc                 - nash-cr5:1/1/1 45                                           
2019-02-05 10:52:31,562 DEBUG n.e.o.t.s.UpdateSvc                 - nash-cr5:3/1/1 45                                           
2019-02-05 10:52:31,562 DEBUG n.e.o.t.s.UpdateSvc                 - nash-cr5:10/1/6 45                                          
2019-02-05 10:52:31,562 DEBUG n.e.o.t.s.UpdateSvc                 - nash-cr5:10/1/4 45                                          
2019-02-05 10:52:31,562 DEBUG n.e.o.t.s.UpdateSvc                 - nash-cr5:2/1/1 45                                           
2019-02-05 10:52:31,562 DEBUG n.e.o.t.s.UpdateSvc                 - nash-cr5:10/1/5 45                                          
2019-02-05 10:52:31,562 DEBUG n.e.o.t.s.UpdateSvc                 - nash-cr5:10/1/3 45                                          
2019-02-05 10:52:31,566 INFO  n.e.o.t.s.UpdateSvc                 - inserting p: pnwg-cr5:10/1/9 to pnwg-cr5                    
2019-02-05 10:52:31,567 DEBUG n.e.o.t.s.UpdateSvc                 - pnwg-cr5:2/1/1 71                                           
2019-02-05 10:52:31,567 DEBUG n.e.o.t.s.UpdateSvc                 - pnwg-cr5:10/1/9 71                                          
2019-02-05 10:52:31,567 DEBUG n.e.o.t.s.UpdateSvc                 - pnwg-cr5:BLANK 71                                           
2019-02-05 10:52:31,567 DEBUG n.e.o.t.s.UpdateSvc                 - pnwg-cr5:10/1/10 71                                         
2019-02-05 10:52:31,567 DEBUG n.e.o.t.s.UpdateSvc                 - pnwg-cr5:9/1/2 71                                           
2019-02-05 10:52:31,567 DEBUG n.e.o.t.s.UpdateSvc                 - pnwg-cr5:1/1/1 71                                           
2019-02-05 10:52:31,567 DEBUG n.e.o.t.s.UpdateSvc                 - pnwg-cr5:3/1/1 71                                           
2019-02-05 10:52:31,567 DEBUG n.e.o.t.s.UpdateSvc                 - pnwg-cr5:2/2/1 71                                           
2019-02-05 10:52:31,570 INFO  n.e.o.t.s.UpdateSvc                 - inserting p: lbl-mr2:xe-2/2/0 to lbl-mr2                    
2019-02-05 10:52:31,572 DEBUG n.e.o.t.s.UpdateSvc                 - lbl-mr2:xe-8/1/0 74                                         
2019-02-05 10:52:31,572 DEBUG n.e.o.t.s.UpdateSvc                 - lbl-mr2:xe-2/3/0 74                                         
2019-02-05 10:52:31,572 DEBUG n.e.o.t.s.UpdateSvc                 - lbl-mr2:xe-8/3/0 74                                         
2019-02-05 10:52:31,572 DEBUG n.e.o.t.s.UpdateSvc                 - lbl-mr2:xe-2/2/0 74                                         
2019-02-05 10:52:31,572 DEBUG n.e.o.t.s.UpdateSvc                 - lbl-mr2:ge-9/1/2 74                                         
2019-02-05 10:52:31,572 DEBUG n.e.o.t.s.UpdateSvc                 - lbl-mr2:ge-9/1/0 74                                         
2019-02-05 10:52:31,572 DEBUG n.e.o.t.s.UpdateSvc                 - lbl-mr2:xe-1/3/0 74                                         
2019-02-05 10:52:31,572 DEBUG n.e.o.t.s.UpdateSvc                 - lbl-mr2:xe-2/1/0 74                                         
2019-02-05 10:52:31,572 DEBUG n.e.o.t.s.UpdateSvc                 - lbl-mr2:xe-0/2/0 74                                         
2019-02-05 10:52:31,572 DEBUG n.e.o.t.s.UpdateSvc                 - lbl-mr2:xe-7/0/0 74                                         
2019-02-05 10:52:31,572 DEBUG n.e.o.t.s.UpdateSvc                 - lbl-mr2:xe-7/2/0 74                                         
2019-02-05 10:52:31,572 DEBUG n.e.o.t.s.UpdateSvc                 - lbl-mr2:xe-1/1/0 74                                         
2019-02-05 10:52:31,572 DEBUG n.e.o.t.s.UpdateSvc                 - lbl-mr2:ge-9/1/8 74                                         
2019-02-05 10:52:31,572 DEBUG n.e.o.t.s.UpdateSvc                 - lbl-mr2:ge-9/0/4 74                                         
2019-02-05 10:52:31,572 DEBUG n.e.o.t.s.UpdateSvc                 - lbl-mr2:xe-0/1/0 74                                         
2019-02-05 10:52:31,572 DEBUG n.e.o.t.s.UpdateSvc                 - lbl-mr2:ae0 74                                              
2019-02-05 10:52:31,576 INFO  n.e.o.t.s.UpdateSvc                 - inserting p: pnwg-cr5:10/1/6 to pnwg-cr5                    
2019-02-05 10:52:31,577 DEBUG n.e.o.t.s.UpdateSvc                 - pnwg-cr5:2/1/1 71                                           
2019-02-05 10:52:31,577 DEBUG n.e.o.t.s.UpdateSvc                 - pnwg-cr5:10/1/9 71                                          
2019-02-05 10:52:31,577 DEBUG n.e.o.t.s.UpdateSvc                 - pnwg-cr5:BLANK 71                                           
2019-02-05 10:52:31,577 DEBUG n.e.o.t.s.UpdateSvc                 - pnwg-cr5:10/1/10 71                                         
2019-02-05 10:52:31,577 DEBUG n.e.o.t.s.UpdateSvc                 - pnwg-cr5:9/1/2 71                                           
2019-02-05 10:52:31,577 DEBUG n.e.o.t.s.UpdateSvc                 - pnwg-cr5:1/1/1 71                                           
2019-02-05 10:52:31,577 DEBUG n.e.o.t.s.UpdateSvc                 - pnwg-cr5:10/1/6 71                                          
2019-02-05 10:52:31,577 DEBUG n.e.o.t.s.UpdateSvc                 - pnwg-cr5:3/1/1 71                                           
2019-02-05 10:52:31,577 DEBUG n.e.o.t.s.UpdateSvc                 - pnwg-cr5:2/2/1 71                                           
2019-02-05 10:52:31,581 INFO  n.e.o.t.s.UpdateSvc                 - inserting p: nash-cr5:4/2/1 to nash-cr5                     
2019-02-05 10:52:31,582 DEBUG n.e.o.t.s.UpdateSvc                 - nash-cr5:4/1/1 45                                           
2019-02-05 10:52:31,582 DEBUG n.e.o.t.s.UpdateSvc                 - nash-cr5:1/2/1 45                                           
2019-02-05 10:52:31,582 DEBUG n.e.o.t.s.UpdateSvc                 - nash-cr5:1/1/1 45                                           
2019-02-05 10:52:31,582 DEBUG n.e.o.t.s.UpdateSvc                 - nash-cr5:3/1/1 45                                           
2019-02-05 10:52:31,582 DEBUG n.e.o.t.s.UpdateSvc                 - nash-cr5:10/1/6 45                                          
2019-02-05 10:52:31,582 DEBUG n.e.o.t.s.UpdateSvc                 - nash-cr5:10/1/4 45                                          
2019-02-05 10:52:31,582 DEBUG n.e.o.t.s.UpdateSvc                 - nash-cr5:2/1/1 45                                           
2019-02-05 10:52:31,582 DEBUG n.e.o.t.s.UpdateSvc                 - nash-cr5:10/1/5 45                                          
2019-02-05 10:52:31,582 DEBUG n.e.o.t.s.UpdateSvc                 - nash-cr5:10/1/3 45                                          
2019-02-05 10:52:31,582 DEBUG n.e.o.t.s.UpdateSvc                 - nash-cr5:4/2/1 45                                           
2019-02-05 10:52:31,586 INFO  n.e.o.t.s.UpdateSvc                 - inserting p: pnwg-cr5:10/1/5 to pnwg-cr5                    
2019-02-05 10:52:31,587 DEBUG n.e.o.t.s.UpdateSvc                 - pnwg-cr5:2/1/1 71                                           
2019-02-05 10:52:31,587 DEBUG n.e.o.t.s.UpdateSvc                 - pnwg-cr5:10/1/9 71                                          
2019-02-05 10:52:31,587 DEBUG n.e.o.t.s.UpdateSvc                 - pnwg-cr5:BLANK 71                                           
2019-02-05 10:52:31,587 DEBUG n.e.o.t.s.UpdateSvc                 - pnwg-cr5:10/1/10 71                                         
2019-02-05 10:52:31,587 DEBUG n.e.o.t.s.UpdateSvc                 - pnwg-cr5:9/1/2 71                                           
2019-02-05 10:52:31,587 DEBUG n.e.o.t.s.UpdateSvc                 - pnwg-cr5:1/1/1 71                                           
2019-02-05 10:52:31,587 DEBUG n.e.o.t.s.UpdateSvc                 - pnwg-cr5:10/1/6 71                                          
2019-02-05 10:52:31,588 DEBUG n.e.o.t.s.UpdateSvc                 - pnwg-cr5:3/1/1 71                                           
2019-02-05 10:52:31,588 DEBUG n.e.o.t.s.UpdateSvc                 - pnwg-cr5:2/2/1 71                                           
2019-02-05 10:52:31,588 DEBUG n.e.o.t.s.UpdateSvc                 - pnwg-cr5:10/1/5 71                                          
2019-02-05 10:52:31,590 INFO  n.e.o.t.s.UpdateSvc                 - inserting p: pnwg-cr5:10/1/4 to pnwg-cr5                    
2019-02-05 10:52:31,591 DEBUG n.e.o.t.s.UpdateSvc                 - pnwg-cr5:2/1/1 71                                           
2019-02-05 10:52:31,591 DEBUG n.e.o.t.s.UpdateSvc                 - pnwg-cr5:10/1/9 71                                          
2019-02-05 10:52:31,591 DEBUG n.e.o.t.s.UpdateSvc                 - pnwg-cr5:10/1/4 71                                          
2019-02-05 10:52:31,591 DEBUG n.e.o.t.s.UpdateSvc                 - pnwg-cr5:BLANK 71                                           
2019-02-05 10:52:31,591 DEBUG n.e.o.t.s.UpdateSvc                 - pnwg-cr5:10/1/10 71                                         
2019-02-05 10:52:31,591 DEBUG n.e.o.t.s.UpdateSvc                 - pnwg-cr5:9/1/2 71                                           
2019-02-05 10:52:31,591 DEBUG n.e.o.t.s.UpdateSvc                 - pnwg-cr5:1/1/1 71                                           
2019-02-05 10:52:31,591 DEBUG n.e.o.t.s.UpdateSvc                 - pnwg-cr5:10/1/6 71                                          
2019-02-05 10:52:31,591 DEBUG n.e.o.t.s.UpdateSvc                 - pnwg-cr5:3/1/1 71                                           
2019-02-05 10:52:31,591 DEBUG n.e.o.t.s.UpdateSvc                 - pnwg-cr5:2/2/1 71                                           
2019-02-05 10:52:31,591 DEBUG n.e.o.t.s.UpdateSvc                 - pnwg-cr5:10/1/5 71                                          
2019-02-05 10:52:31,594 INFO  n.e.o.t.s.UpdateSvc                 - inserting p: slac-mr2:xe-1/2/0 to slac-mr2                  
2019-02-05 10:52:31,595 DEBUG n.e.o.t.s.UpdateSvc                 - slac-mr2:xe-1/1/0 56                                        
2019-02-05 10:52:31,595 DEBUG n.e.o.t.s.UpdateSvc                 - slac-mr2:xe-1/3/0 56                                        
2019-02-05 10:52:31,595 DEBUG n.e.o.t.s.UpdateSvc                 - slac-mr2:xe-0/1/0 56                                        
2019-02-05 10:52:31,595 DEBUG n.e.o.t.s.UpdateSvc                 - slac-mr2:xe-1/2/0 56                                        
2019-02-05 10:52:31,595 DEBUG n.e.o.t.s.UpdateSvc                 - slac-mr2:xe-0/0/0 56                                        
2019-02-05 10:52:31,595 DEBUG n.e.o.t.s.UpdateSvc                 - slac-mr2:xe-0/2/0 56                                        
2019-02-05 10:52:31,598 INFO  n.e.o.t.s.UpdateSvc                 - inserting p: pnwg-cr5:10/1/3 to pnwg-cr5                    
2019-02-05 10:52:31,599 DEBUG n.e.o.t.s.UpdateSvc                 - pnwg-cr5:2/1/1 71                                           
2019-02-05 10:52:31,599 DEBUG n.e.o.t.s.UpdateSvc                 - pnwg-cr5:10/1/9 71                                          
2019-02-05 10:52:31,599 DEBUG n.e.o.t.s.UpdateSvc                 - pnwg-cr5:10/1/4 71                                          
2019-02-05 10:52:31,599 DEBUG n.e.o.t.s.UpdateSvc                 - pnwg-cr5:BLANK 71                                           
2019-02-05 10:52:31,599 DEBUG n.e.o.t.s.UpdateSvc                 - pnwg-cr5:10/1/10 71                                         
2019-02-05 10:52:31,599 DEBUG n.e.o.t.s.UpdateSvc                 - pnwg-cr5:9/1/2 71                                           
2019-02-05 10:52:31,599 DEBUG n.e.o.t.s.UpdateSvc                 - pnwg-cr5:1/1/1 71                                           
2019-02-05 10:52:31,599 DEBUG n.e.o.t.s.UpdateSvc                 - pnwg-cr5:10/1/6 71                                          
2019-02-05 10:52:31,599 DEBUG n.e.o.t.s.UpdateSvc                 - pnwg-cr5:3/1/1 71                                           
2019-02-05 10:52:31,599 DEBUG n.e.o.t.s.UpdateSvc                 - pnwg-cr5:2/2/1 71                                           
2019-02-05 10:52:31,599 DEBUG n.e.o.t.s.UpdateSvc                 - pnwg-cr5:10/1/5 71                                          
2019-02-05 10:52:31,599 DEBUG n.e.o.t.s.UpdateSvc                 - pnwg-cr5:10/1/3 71                                          
2019-02-05 10:52:31,603 INFO  n.e.o.t.s.UpdateSvc                 - inserting p: pnwg-cr5:10/1/2 to pnwg-cr5                    
2019-02-05 10:52:31,604 DEBUG n.e.o.t.s.UpdateSvc                 - pnwg-cr5:2/1/1 71                                           
2019-02-05 10:52:31,604 DEBUG n.e.o.t.s.UpdateSvc                 - pnwg-cr5:10/1/9 71                                          
2019-02-05 10:52:31,604 DEBUG n.e.o.t.s.UpdateSvc                 - pnwg-cr5:10/1/4 71                                          
2019-02-05 10:52:31,604 DEBUG n.e.o.t.s.UpdateSvc                 - pnwg-cr5:10/1/10 71                                         
2019-02-05 10:52:31,605 DEBUG n.e.o.t.s.UpdateSvc                 - pnwg-cr5:1/1/1 71                                           
2019-02-05 10:52:31,605 DEBUG n.e.o.t.s.UpdateSvc                 - pnwg-cr5:3/1/1 71                                           
2019-02-05 10:52:31,605 DEBUG n.e.o.t.s.UpdateSvc                 - pnwg-cr5:2/2/1 71                                           
2019-02-05 10:52:31,605 DEBUG n.e.o.t.s.UpdateSvc                 - pnwg-cr5:10/1/5 71                                          
2019-02-05 10:52:31,605 DEBUG n.e.o.t.s.UpdateSvc                 - pnwg-cr5:BLANK 71                                           
2019-02-05 10:52:31,605 DEBUG n.e.o.t.s.UpdateSvc                 - pnwg-cr5:9/1/2 71                                           
2019-02-05 10:52:31,605 DEBUG n.e.o.t.s.UpdateSvc                 - pnwg-cr5:10/1/2 71                                          
2019-02-05 10:52:31,605 DEBUG n.e.o.t.s.UpdateSvc                 - pnwg-cr5:10/1/6 71                                          
2019-02-05 10:52:31,605 DEBUG n.e.o.t.s.UpdateSvc                 - pnwg-cr5:10/1/3 71                                          
2019-02-05 10:52:31,607 INFO  n.e.o.t.s.UpdateSvc                 - inserting p: fnal-mr2:xe-0/2/0 to fnal-mr2                  
2019-02-05 10:52:31,608 DEBUG n.e.o.t.s.UpdateSvc                 - fnal-mr2:xe-0/0/0 65                                        
2019-02-05 10:52:31,608 DEBUG n.e.o.t.s.UpdateSvc                 - fnal-mr2:xe-8/1/0 65                                        
2019-02-05 10:52:31,608 DEBUG n.e.o.t.s.UpdateSvc                 - fnal-mr2:xe-1/1/0 65                                        
2019-02-05 10:52:31,608 DEBUG n.e.o.t.s.UpdateSvc                 - fnal-mr2:xe-8/3/0 65                                        
2019-02-05 10:52:31,608 DEBUG n.e.o.t.s.UpdateSvc                 - fnal-mr2:xe-1/3/0 65                                        
2019-02-05 10:52:31,608 DEBUG n.e.o.t.s.UpdateSvc                 - fnal-mr2:xe-0/2/0 65                                        
2019-02-05 10:52:31,610 INFO  n.e.o.t.s.UpdateSvc                 - inserting p: pppl-rt5:xe-1/0/0 to pppl-rt5                  
2019-02-05 10:52:31,610 DEBUG n.e.o.t.s.UpdateSvc                 - pppl-rt5:xe-1/3/0 30                                        
2019-02-05 10:52:31,610 DEBUG n.e.o.t.s.UpdateSvc                 - pppl-rt5:xe-1/2/0 30                                        
2019-02-05 10:52:31,610 DEBUG n.e.o.t.s.UpdateSvc                 - pppl-rt5:ge-0/0/2 30                                        
2019-02-05 10:52:31,610 DEBUG n.e.o.t.s.UpdateSvc                 - pppl-rt5:xe-1/1/0 30                                        
2019-02-05 10:52:31,610 DEBUG n.e.o.t.s.UpdateSvc                 - pppl-rt5:xe-1/0/0 30                                        
2019-02-05 10:52:31,612 INFO  n.e.o.t.s.UpdateSvc                 - inserting p: eqx-chi-cr5:1/2/1 to eqx-chi-cr5               
2019-02-05 10:52:31,613 DEBUG n.e.o.t.s.UpdateSvc                 - eqx-chi-cr5:1/1/1 58                                        
2019-02-05 10:52:31,613 DEBUG n.e.o.t.s.UpdateSvc                 - eqx-chi-cr5:1/2/1 58                                        
2019-02-05 10:52:31,613 DEBUG n.e.o.t.s.UpdateSvc                 - eqx-chi-cr5:10/1/2 58                                       
2019-02-05 10:52:31,613 DEBUG n.e.o.t.s.UpdateSvc                 - eqx-chi-cr5:10/1/3 58                                       
2019-02-05 10:52:31,613 DEBUG n.e.o.t.s.UpdateSvc                 - eqx-chi-cr5:BLANK 58                                        
2019-02-05 10:52:31,613 DEBUG n.e.o.t.s.UpdateSvc                 - eqx-chi-cr5:10/1/1 58                                       
2019-02-05 10:52:31,615 INFO  n.e.o.t.s.UpdateSvc                 - inserting p: cern-513-cr5:10/1/2 to cern-513-cr5            
2019-02-05 10:52:31,616 DEBUG n.e.o.t.s.UpdateSvc                 - cern-513-cr5:1/1/1 34                                       
2019-02-05 10:52:31,616 DEBUG n.e.o.t.s.UpdateSvc                 - cern-513-cr5:2/1/1 34                                       
2019-02-05 10:52:31,616 DEBUG n.e.o.t.s.UpdateSvc                 - cern-513-cr5:BLANK 34                                       
2019-02-05 10:52:31,616 DEBUG n.e.o.t.s.UpdateSvc                 - cern-513-cr5:4/1/1 34                                       
2019-02-05 10:52:31,616 DEBUG n.e.o.t.s.UpdateSvc                 - cern-513-cr5:10/1/2 34                                      
2019-02-05 10:52:31,616 DEBUG n.e.o.t.s.UpdateSvc                 - cern-513-cr5:1/2/1 34                                       
2019-02-05 10:52:31,616 DEBUG n.e.o.t.s.UpdateSvc                 - cern-513-cr5:5/1/1 34                                       
2019-02-05 10:52:31,618 INFO  n.e.o.t.s.UpdateSvc                 - inserting p: cern-513-cr5:10/1/3 to cern-513-cr5            
2019-02-05 10:52:31,619 DEBUG n.e.o.t.s.UpdateSvc                 - cern-513-cr5:1/1/1 34                                       
2019-02-05 10:52:31,619 DEBUG n.e.o.t.s.UpdateSvc                 - cern-513-cr5:2/1/1 34                                       
2019-02-05 10:52:31,619 DEBUG n.e.o.t.s.UpdateSvc                 - cern-513-cr5:10/1/3 34                                      
2019-02-05 10:52:31,619 DEBUG n.e.o.t.s.UpdateSvc                 - cern-513-cr5:BLANK 34                                       
2019-02-05 10:52:31,619 DEBUG n.e.o.t.s.UpdateSvc                 - cern-513-cr5:4/1/1 34                                       
2019-02-05 10:52:31,619 DEBUG n.e.o.t.s.UpdateSvc                 - cern-513-cr5:10/1/2 34                                      
2019-02-05 10:52:31,619 DEBUG n.e.o.t.s.UpdateSvc                 - cern-513-cr5:1/2/1 34                                       
2019-02-05 10:52:31,619 DEBUG n.e.o.t.s.UpdateSvc                 - cern-513-cr5:5/1/1 34                                       
2019-02-05 10:52:31,622 INFO  n.e.o.t.s.UpdateSvc                 - inserting p: snll-mr2:xe-0/1/0 to snll-mr2                  
2019-02-05 10:52:31,623 DEBUG n.e.o.t.s.UpdateSvc                 - snll-mr2:xe-2/2/0 40                                        
2019-02-05 10:52:31,623 DEBUG n.e.o.t.s.UpdateSvc                 - snll-mr2:xe-2/3/0 40                                        
2019-02-05 10:52:31,623 DEBUG n.e.o.t.s.UpdateSvc                 - snll-mr2:xe-1/1/0 40                                        
2019-02-05 10:52:31,623 DEBUG n.e.o.t.s.UpdateSvc                 - snll-mr2:xe-1/2/0 40                                        
2019-02-05 10:52:31,623 DEBUG n.e.o.t.s.UpdateSvc                 - snll-mr2:xe-0/2/0 40                                        
2019-02-05 10:52:31,624 DEBUG n.e.o.t.s.UpdateSvc                 - snll-mr2:xe-2/0/0 40                                        
2019-02-05 10:52:31,624 DEBUG n.e.o.t.s.UpdateSvc                 - snll-mr2:xe-0/1/0 40                                        
2019-02-05 10:52:31,624 DEBUG n.e.o.t.s.UpdateSvc                 - snll-mr2:xe-1/3/0 40                                        
2019-02-05 10:52:31,627 INFO  n.e.o.t.s.UpdateSvc                 - inserting p: jgi-mr2:xe-1/1/0 to jgi-mr2                    
2019-02-05 10:52:31,627 DEBUG n.e.o.t.s.UpdateSvc                 - jgi-mr2:xe-1/3/0 61                                         
2019-02-05 10:52:31,627 DEBUG n.e.o.t.s.UpdateSvc                 - jgi-mr2:xe-0/2/0 61                                         
2019-02-05 10:52:31,627 DEBUG n.e.o.t.s.UpdateSvc                 - jgi-mr2:xe-2/2/0 61                                         
2019-02-05 10:52:31,627 DEBUG n.e.o.t.s.UpdateSvc                 - jgi-mr2:xe-1/1/0 61                                         
2019-02-05 10:52:31,642 INFO  n.e.o.t.s.UpdateSvc                 - inserting p: wash-cr5:3/1/1 to wash-cr5                     
2019-02-05 10:52:31,642 DEBUG n.e.o.t.s.UpdateSvc                 - wash-cr5:6/1/1 36                                           
2019-02-05 10:52:31,642 DEBUG n.e.o.t.s.UpdateSvc                 - wash-cr5:10/1/3 36                                          
2019-02-05 10:52:31,642 DEBUG n.e.o.t.s.UpdateSvc                 - wash-cr5:10/1/4 36                                          
2019-02-05 10:52:31,642 DEBUG n.e.o.t.s.UpdateSvc                 - wash-cr5:1/1/1 36                                           
2019-02-05 10:52:31,642 DEBUG n.e.o.t.s.UpdateSvc                 - wash-cr5:4/2/1 36                                           
2019-02-05 10:52:31,642 DEBUG n.e.o.t.s.UpdateSvc                 - wash-cr5:10/1/5 36                                          
2019-02-05 10:52:31,642 DEBUG n.e.o.t.s.UpdateSvc                 - wash-cr5:10/1/10 36                                         
2019-02-05 10:52:31,642 DEBUG n.e.o.t.s.UpdateSvc                 - wash-cr5:2/1/1 36                                           
2019-02-05 10:52:31,642 DEBUG n.e.o.t.s.UpdateSvc                 - wash-cr5:10/1/9 36                                          
2019-02-05 10:52:31,642 DEBUG n.e.o.t.s.UpdateSvc                 - wash-cr5:5/1/1 36                                           
2019-02-05 10:52:31,642 DEBUG n.e.o.t.s.UpdateSvc                 - wash-cr5:5/2/1 36                                           
2019-02-05 10:52:31,642 DEBUG n.e.o.t.s.UpdateSvc                 - wash-cr5:4/1/1 36                                           
2019-02-05 10:52:31,642 DEBUG n.e.o.t.s.UpdateSvc                 - wash-cr5:3/1/1 36                                           
2019-02-05 10:52:31,646 INFO  n.e.o.t.s.UpdateSvc                 - inserting p: star-cr5:9/1/4 to star-cr5                     
2019-02-05 10:52:31,647 DEBUG n.e.o.t.s.UpdateSvc                 - star-cr5:3/1/1 76                                           
2019-02-05 10:52:31,647 DEBUG n.e.o.t.s.UpdateSvc                 - star-cr5:3/2/1 76                                           
2019-02-05 10:52:31,647 DEBUG n.e.o.t.s.UpdateSvc                 - star-cr5:5/1/1 76                                           
2019-02-05 10:52:31,647 DEBUG n.e.o.t.s.UpdateSvc                 - star-cr5:1/1/1 76                                           
2019-02-05 10:52:31,647 DEBUG n.e.o.t.s.UpdateSvc                 - star-cr5:6/2/1 76                                           
2019-02-05 10:52:31,647 DEBUG n.e.o.t.s.UpdateSvc                 - star-cr5:6/1/1 76                                           
2019-02-05 10:52:31,647 DEBUG n.e.o.t.s.UpdateSvc                 - star-cr5:8/1/4 76                                           
2019-02-05 10:52:31,647 DEBUG n.e.o.t.s.UpdateSvc                 - star-cr5:8/1/2 76                                           
2019-02-05 10:52:31,647 DEBUG n.e.o.t.s.UpdateSvc                 - star-cr5:4/2/1 76                                           
2019-02-05 10:52:31,647 DEBUG n.e.o.t.s.UpdateSvc                 - star-cr5:BLANK 76                                           
2019-02-05 10:52:31,647 DEBUG n.e.o.t.s.UpdateSvc                 - star-cr5:10/1/1 76                                          
2019-02-05 10:52:31,647 DEBUG n.e.o.t.s.UpdateSvc                 - star-cr5:10/1/8 76                                          
2019-02-05 10:52:31,647 DEBUG n.e.o.t.s.UpdateSvc                 - star-cr5:10/1/10 76                                         
2019-02-05 10:52:31,647 DEBUG n.e.o.t.s.UpdateSvc                 - star-cr5:10/1/7 76                                          
2019-02-05 10:52:31,647 DEBUG n.e.o.t.s.UpdateSvc                 - star-cr5:4/1/1 76                                           
2019-02-05 10:52:31,647 DEBUG n.e.o.t.s.UpdateSvc                 - star-cr5:1/2/1 76                                           
2019-02-05 10:52:31,647 DEBUG n.e.o.t.s.UpdateSvc                 - star-cr5:9/1/4 76                                           
2019-02-05 10:52:31,647 DEBUG n.e.o.t.s.UpdateSvc                 - star-cr5:8/1/6 76                                           
2019-02-05 10:52:31,656 INFO  n.e.o.t.s.UpdateSvc                 - inserting p: ga-rt2:xe-0/3/0 to ga-rt2                      
2019-02-05 10:52:31,657 DEBUG n.e.o.t.s.UpdateSvc                 - ga-rt2:ge-1/1/3 37                                          
2019-02-05 10:52:31,657 DEBUG n.e.o.t.s.UpdateSvc                 - ga-rt2:xe-0/2/0 37                                          
2019-02-05 10:52:31,657 DEBUG n.e.o.t.s.UpdateSvc                 - ga-rt2:xe-0/3/0 37                                          
2019-02-05 10:52:31,657 DEBUG n.e.o.t.s.UpdateSvc                 - ga-rt2:ge-1/0/3 37                                          
2019-02-05 10:52:31,657 DEBUG n.e.o.t.s.UpdateSvc                 - ga-rt2:ge-1/0/5 37                                          
2019-02-05 10:52:31,657 DEBUG n.e.o.t.s.UpdateSvc                 - ga-rt2:xe-0/0/0 37                                          
2019-02-05 10:52:31,662 INFO  n.e.o.t.s.UpdateSvc                 - inserting p: denv-cr5:2/1/1 to denv-cr5                     
2019-02-05 10:52:31,663 DEBUG n.e.o.t.s.UpdateSvc                 - denv-cr5:4/1/1 75                                           
2019-02-05 10:52:31,663 DEBUG n.e.o.t.s.UpdateSvc                 - denv-cr5:10/1/12 75                                         
2019-02-05 10:52:31,663 DEBUG n.e.o.t.s.UpdateSvc                 - denv-cr5:10/1/6 75                                          
2019-02-05 10:52:31,663 DEBUG n.e.o.t.s.UpdateSvc                 - denv-cr5:10/1/10 75                                         
2019-02-05 10:52:31,663 DEBUG n.e.o.t.s.UpdateSvc                 - denv-cr5:10/1/3 75                                          
2019-02-05 10:52:31,663 DEBUG n.e.o.t.s.UpdateSvc                 - denv-cr5:10/1/4 75                                          
2019-02-05 10:52:31,663 DEBUG n.e.o.t.s.UpdateSvc                 - denv-cr5:10/1/5 75                                          
2019-02-05 10:52:31,664 DEBUG n.e.o.t.s.UpdateSvc                 - denv-cr5:4/2/1 75                                           
2019-02-05 10:52:31,664 DEBUG n.e.o.t.s.UpdateSvc                 - denv-cr5:1/1/1 75                                           
2019-02-05 10:52:31,664 DEBUG n.e.o.t.s.UpdateSvc                 - denv-cr5:2/1/1 75                                           
2019-02-05 10:52:31,664 DEBUG n.e.o.t.s.UpdateSvc                 - denv-cr5:10/1/7 75                                          
2019-02-05 10:52:31,664 DEBUG n.e.o.t.s.UpdateSvc                 - denv-cr5:9/1/3 75                                           
2019-02-05 10:52:31,664 DEBUG n.e.o.t.s.UpdateSvc                 - denv-cr5:9/1/1 75                                           
2019-02-05 10:52:31,664 DEBUG n.e.o.t.s.UpdateSvc                 - denv-cr5:10/1/11 75                                         
2019-02-05 10:52:31,664 DEBUG n.e.o.t.s.UpdateSvc                 - denv-cr5:3/1/1 75                                           
2019-02-05 10:52:31,669 INFO  n.e.o.t.s.UpdateSvc                 - inserting p: srs-rt3:ge-1/3/0 to srs-rt3                    
2019-02-05 10:52:31,670 DEBUG n.e.o.t.s.UpdateSvc                 - srs-rt3:ge-0/1/0 31                                         
2019-02-05 10:52:31,670 DEBUG n.e.o.t.s.UpdateSvc                 - srs-rt3:ge-0/0/0 31                                         
2019-02-05 10:52:31,670 DEBUG n.e.o.t.s.UpdateSvc                 - srs-rt3:ge-1/2/0 31                                         
2019-02-05 10:52:31,670 DEBUG n.e.o.t.s.UpdateSvc                 - srs-rt3:ge-1/0/0 31                                         
2019-02-05 10:52:31,670 DEBUG n.e.o.t.s.UpdateSvc                 - srs-rt3:ge-1/3/0 31                                         
2019-02-05 10:52:31,670 DEBUG n.e.o.t.s.UpdateSvc                 - srs-rt3:ge-1/1/0 31                                         
2019-02-05 10:52:31,677 INFO  n.e.o.t.s.UpdateSvc                 - inserting p: amst-cr5:1/2/1 to amst-cr5                     
2019-02-05 10:52:31,678 DEBUG n.e.o.t.s.UpdateSvc                 - amst-cr5:2/1/1 72                                           
2019-02-05 10:52:31,679 DEBUG n.e.o.t.s.UpdateSvc                 - amst-cr5:1/2/1 72                                           
2019-02-05 10:52:31,679 DEBUG n.e.o.t.s.UpdateSvc                 - amst-cr5:10/2/5 72                                          
2019-02-05 10:52:31,679 DEBUG n.e.o.t.s.UpdateSvc                 - amst-cr5:3/1/1 72                                           
2019-02-05 10:52:31,679 DEBUG n.e.o.t.s.UpdateSvc                 - amst-cr5:10/1/1 72                                          
2019-02-05 10:52:31,679 DEBUG n.e.o.t.s.UpdateSvc                 - amst-cr5:1/1/1 72                                           
2019-02-05 10:52:31,679 DEBUG n.e.o.t.s.UpdateSvc                 - amst-cr5:5/1/1 72                                           
2019-02-05 10:52:31,679 DEBUG n.e.o.t.s.UpdateSvc                 - amst-cr5:10/1/2 72                                          
2019-02-05 10:52:31,685 INFO  n.e.o.t.s.UpdateSvc                 - inserting p: lond-cr5:3/1/1 to lond-cr5                     
2019-02-05 10:52:31,686 DEBUG n.e.o.t.s.UpdateSvc                 - lond-cr5:5/1/1 57                                           
2019-02-05 10:52:31,686 DEBUG n.e.o.t.s.UpdateSvc                 - lond-cr5:1/2/1 57                                           
2019-02-05 10:52:31,686 DEBUG n.e.o.t.s.UpdateSvc                 - lond-cr5:10/1/4 57                                          
2019-02-05 10:52:31,686 DEBUG n.e.o.t.s.UpdateSvc                 - lond-cr5:10/1/2 57                                          
2019-02-05 10:52:31,687 DEBUG n.e.o.t.s.UpdateSvc                 - lond-cr5:2/1/1 57                                           
2019-02-05 10:52:31,687 DEBUG n.e.o.t.s.UpdateSvc                 - lond-cr5:1/1/1 57                                           
2019-02-05 10:52:31,687 DEBUG n.e.o.t.s.UpdateSvc                 - lond-cr5:2/2/1 57                                           
2019-02-05 10:52:31,687 DEBUG n.e.o.t.s.UpdateSvc                 - lond-cr5:10/1/1 57                                          
2019-02-05 10:52:31,687 DEBUG n.e.o.t.s.UpdateSvc                 - lond-cr5:3/1/1 57                                           
2019-02-05 10:52:31,692 INFO  n.e.o.t.s.UpdateSvc                 - inserting p: eqx-chi-cr5:2/1/1 to eqx-chi-cr5               
2019-02-05 10:52:31,693 DEBUG n.e.o.t.s.UpdateSvc                 - eqx-chi-cr5:1/1/1 58                                        
2019-02-05 10:52:31,694 DEBUG n.e.o.t.s.UpdateSvc                 - eqx-chi-cr5:1/2/1 58                                        
2019-02-05 10:52:31,694 DEBUG n.e.o.t.s.UpdateSvc                 - eqx-chi-cr5:2/1/1 58                                        
2019-02-05 10:52:31,694 DEBUG n.e.o.t.s.UpdateSvc                 - eqx-chi-cr5:10/1/2 58                                       
2019-02-05 10:52:31,694 DEBUG n.e.o.t.s.UpdateSvc                 - eqx-chi-cr5:10/1/3 58                                       
2019-02-05 10:52:31,694 DEBUG n.e.o.t.s.UpdateSvc                 - eqx-chi-cr5:BLANK 58                                        
2019-02-05 10:52:31,694 DEBUG n.e.o.t.s.UpdateSvc                 - eqx-chi-cr5:10/1/1 58                                       
2019-02-05 10:52:31,699 INFO  n.e.o.t.s.UpdateSvc                 - inserting p: snla-rt3:xe-0/0/0 to snla-rt3                  
2019-02-05 10:52:31,700 DEBUG n.e.o.t.s.UpdateSvc                 - snla-rt3:xe-0/0/0 48                                        
2019-02-05 10:52:31,704 DEBUG n.e.o.t.s.UpdateSvc                 - snla-rt3:xe-1/2/0 48                                        
2019-02-05 10:52:31,704 DEBUG n.e.o.t.s.UpdateSvc                 - snla-rt3:ge-1/0/2 48                                        
2019-02-05 10:52:31,709 INFO  n.e.o.t.s.UpdateSvc                 - inserting p: pppl-rt5:xe-0/2/0 to pppl-rt5                  
2019-02-05 10:52:31,709 DEBUG n.e.o.t.s.UpdateSvc                 - pppl-rt5:xe-1/3/0 30                                        
2019-02-05 10:52:31,710 DEBUG n.e.o.t.s.UpdateSvc                 - pppl-rt5:xe-1/2/0 30                                        
2019-02-05 10:52:31,710 DEBUG n.e.o.t.s.UpdateSvc                 - pppl-rt5:xe-0/2/0 30                                        
2019-02-05 10:52:31,710 DEBUG n.e.o.t.s.UpdateSvc                 - pppl-rt5:ge-0/0/2 30                                        
2019-02-05 10:52:31,710 DEBUG n.e.o.t.s.UpdateSvc                 - pppl-rt5:xe-1/1/0 30                                        
2019-02-05 10:52:31,710 DEBUG n.e.o.t.s.UpdateSvc                 - pppl-rt5:xe-1/0/0 30                                        
2019-02-05 10:52:31,710 INFO  n.e.o.t.s.UpdateSvc                 - finished merging ports                                      
2019-02-05 10:52:31,710 INFO  n.e.o.t.s.UpdateSvc                 -    inserted     :   395                                     
2019-02-05 10:52:31,710 INFO  n.e.o.t.s.UpdateSvc                 -    ver updated  :   0                                       
2019-02-05 10:52:31,710 INFO  n.e.o.t.s.UpdateSvc                 -    data updated :   0                                       
2019-02-05 10:52:31,710 INFO  n.e.o.t.s.UpdateSvc                 -    invalidated  :   0                                       
2019-02-05 10:52:32,790 INFO  n.e.o.t.s.UpdateSvc                 - inserting pa: sunn-cr5:9/1/1 - jgi-mr2:xe-1/1/0             
2019-02-05 10:52:32,796 INFO  n.e.o.t.s.UpdateSvc                 - inserting pa: fnal-mr2:xe-8/1/0 - star-cr5:9/1/4            
2019-02-05 10:52:32,804 INFO  n.e.o.t.s.UpdateSvc                 - inserting pa: wash-cr5:5/1/1 - cern-513-cr5:1/1/1           
2019-02-05 10:52:32,820 INFO  n.e.o.t.s.UpdateSvc                 - inserting pa: denv-cr5:10/1/5 - bois-cr1:xe-7/1/0           
2019-02-05 10:52:32,839 INFO  n.e.o.t.s.UpdateSvc                 - inserting pa: sunn-cr5:1/1/1 - sacr-cr5:1/1/1               
2019-02-05 10:52:32,853 INFO  n.e.o.t.s.UpdateSvc                 - inserting pa: orau-rt4:ge-0/1/2 - ornl-cr5:10/1/2           
2019-02-05 10:52:32,879 INFO  n.e.o.t.s.UpdateSvc                 - inserting pa: lsvn-cr1:xe-1/2/0 - sunn-cr5:10/2/4           
2019-02-05 10:52:32,898 INFO  n.e.o.t.s.UpdateSvc                 - inserting pa: pppl-rt5:xe-1/0/0 - wash-cr5:10/1/5           
2019-02-05 10:52:32,917 INFO  n.e.o.t.s.UpdateSvc                 - inserting pa: kans-cr5:1/1/1 - chic-cr5:3/1/1               
2019-02-05 10:52:32,930 INFO  n.e.o.t.s.UpdateSvc                 - inserting pa: pnwg-cr5:10/1/4 - netl-alb-rt1:xe-2/0/0       
2019-02-05 10:52:32,939 INFO  n.e.o.t.s.UpdateSvc                 - inserting pa: jgi-mr2:xe-2/2/0 - sacr-cr5:10/2/3            
2019-02-05 10:52:32,960 INFO  n.e.o.t.s.UpdateSvc                 - inserting pa: wash-cr5:3/1/1 - atla-cr5:1/1/1               
2019-02-05 10:52:32,974 INFO  n.e.o.t.s.UpdateSvc                 - inserting pa: amst-cr5:2/1/1 - lond-cr5:2/1/1               
2019-02-05 10:52:32,985 INFO  n.e.o.t.s.UpdateSvc                 - inserting pa: forr-rt2:ge-0/0/0 - wash-cr5:10/1/3           
2019-02-05 10:52:33,000 INFO  n.e.o.t.s.UpdateSvc                 - inserting pa: star-cr5:8/1/2 - fnal-mr2:xe-1/1/0            
2019-02-05 10:52:33,011 INFO  n.e.o.t.s.UpdateSvc                 - inserting pa: cern-773-cr5:1/1/1 - lond-cr5:1/1/1           
2019-02-05 10:52:33,023 INFO  n.e.o.t.s.UpdateSvc                 - inserting pa: sacr-cr5:1/1/1 - sunn-cr5:1/1/1               
2019-02-05 10:52:33,032 INFO  n.e.o.t.s.UpdateSvc                 - inserting pa: hous-cr5:2/1/1 - kans-cr5:3/1/1               
2019-02-05 10:52:33,039 INFO  n.e.o.t.s.UpdateSvc                 - inserting pa: llnl-mr2:xe-2/0/0 - snll-mr2:xe-2/0/0         
2019-02-05 10:52:33,044 INFO  n.e.o.t.s.UpdateSvc                 - inserting pa: ornl-cr5:9/1/4 - osti-rt2:xe-1/2/0            
2019-02-05 10:52:33,061 INFO  n.e.o.t.s.UpdateSvc                 - inserting pa: snla-rt3:xe-1/2/0 - albq-cr5:10/1/2           
2019-02-05 10:52:33,070 INFO  n.e.o.t.s.UpdateSvc                 - inserting pa: doe-gtn-rt2:ge-0/1/0 - eqx-ash-cr5:10/1/1     
2019-02-05 10:52:33,079 INFO  n.e.o.t.s.UpdateSvc                 - inserting pa: srs-rt3:ge-1/1/0 - nash-cr5:10/1/3            
2019-02-05 10:52:33,088 INFO  n.e.o.t.s.UpdateSvc                 - inserting pa: slac-mr2:xe-0/0/0 - sunn-cr5:10/1/1           
2019-02-05 10:52:33,097 INFO  n.e.o.t.s.UpdateSvc                 - inserting pa: lond-cr5:5/1/1 - aofa-cr5:7/2/1               
2019-02-05 10:52:33,106 INFO  n.e.o.t.s.UpdateSvc                 - inserting pa: slac-mr2:xe-1/1/0 - sunn-cr5:10/1/4           
2019-02-05 10:52:33,112 INFO  n.e.o.t.s.UpdateSvc                 - inserting pa: snll-mr2:xe-1/2/0 - sacr-cr5:10/2/4           
2019-02-05 10:52:33,118 INFO  n.e.o.t.s.UpdateSvc                 - inserting pa: star-cr5:1/1/1 - bost-cr5:2/1/1               
2019-02-05 10:52:33,124 INFO  n.e.o.t.s.UpdateSvc                 - inserting pa: wash-cr5:1/1/1 - chic-cr5:1/1/1               
2019-02-05 10:52:33,129 INFO  n.e.o.t.s.UpdateSvc                 - inserting pa: sunn-cr5:10/1/3 - nersc-mr2:xe-1/1/0          
2019-02-05 10:52:33,133 INFO  n.e.o.t.s.UpdateSvc                 - inserting pa: wash-cr5:10/1/5 - pppl-rt5:xe-1/0/0           
2019-02-05 10:52:33,137 INFO  n.e.o.t.s.UpdateSvc                 - inserting pa: star-cr5:9/1/4 - fnal-mr2:xe-8/1/0            
2019-02-05 10:52:33,153 INFO  n.e.o.t.s.UpdateSvc                 - inserting pa: sacr-cr5:3/1/1 - pnwg-cr5:1/1/1               
2019-02-05 10:52:33,161 INFO  n.e.o.t.s.UpdateSvc                 - inserting pa: sunn-cr5:10/1/1 - slac-mr2:xe-0/0/0           
2019-02-05 10:52:33,170 INFO  n.e.o.t.s.UpdateSvc                 - inserting pa: pnwg-cr5:1/1/1 - sacr-cr5:3/1/1               
2019-02-05 10:52:33,178 INFO  n.e.o.t.s.UpdateSvc                 - inserting pa: pnwg-cr5:10/1/9 - bois-cr1:xe-0/0/0           
2019-02-05 10:52:33,186 INFO  n.e.o.t.s.UpdateSvc                 - inserting pa: nash-cr5:4/2/1 - wash-cr5:5/2/1               
2019-02-05 10:52:33,193 INFO  n.e.o.t.s.UpdateSvc                 - inserting pa: elpa-cr5:2/1/1 - albq-cr5:2/1/1               
2019-02-05 10:52:33,199 INFO  n.e.o.t.s.UpdateSvc                 - inserting pa: llnl-mr2:xe-0/2/0 - sacr-cr5:10/2/6           
2019-02-05 10:52:33,205 INFO  n.e.o.t.s.UpdateSvc                 - inserting pa: aofa-cr5:3/1/1 - newy-cr5:2/1/1               
2019-02-05 10:52:33,210 INFO  n.e.o.t.s.UpdateSvc                 - inserting pa: hous-cr5:3/1/1 - nash-cr5:3/1/1               
2019-02-05 10:52:33,214 INFO  n.e.o.t.s.UpdateSvc                 - inserting pa: netl-mgn-rt1:xe-2/0/0 - eqx-ash-cr5:10/1/2    
2019-02-05 10:52:33,219 INFO  n.e.o.t.s.UpdateSvc                 - inserting pa: ga-rt2:ge-1/1/3 - lsvn-cr1:ge-1/1/5           
2019-02-05 10:52:33,223 INFO  n.e.o.t.s.UpdateSvc                 - inserting pa: eqx-ash-cr5:1/1/1 - wash-cr5:4/2/1            
2019-02-05 10:52:33,227 INFO  n.e.o.t.s.UpdateSvc                 - inserting pa: lond-cr5:2/1/1 - amst-cr5:2/1/1               
2019-02-05 10:52:33,244 INFO  n.e.o.t.s.UpdateSvc                 - inserting pa: sunn-cr5:10/1/4 - slac-mr2:xe-1/1/0           
2019-02-05 10:52:33,250 INFO  n.e.o.t.s.UpdateSvc                 - inserting pa: sacr-cr5:2/1/1 - denv-cr5:2/1/1               
2019-02-05 10:52:33,258 INFO  n.e.o.t.s.UpdateSvc                 - inserting pa: nash-cr5:3/1/1 - hous-cr5:3/1/1               
2019-02-05 10:52:33,265 INFO  n.e.o.t.s.UpdateSvc                 - inserting pa: ameslab-rt3:xe-0/0/0 - chic-cr5:10/1/7        
2019-02-05 10:52:33,271 INFO  n.e.o.t.s.UpdateSvc                 - inserting pa: orau-rt4:ge-0/1/4 - ornl-rt4:ge-0/0/1         
2019-02-05 10:52:33,278 INFO  n.e.o.t.s.UpdateSvc                 - inserting pa: aofa-cr5:6/2/1 - wash-cr5:4/1/1               
2019-02-05 10:52:33,287 INFO  n.e.o.t.s.UpdateSvc                 - inserting pa: snll-mr2:xe-2/0/0 - llnl-mr2:xe-2/0/0         
2019-02-05 10:52:33,292 INFO  n.e.o.t.s.UpdateSvc                 - inserting pa: sunn-cr5:9/1/3 - llnl-mr2:xe-3/2/0            
2019-02-05 10:52:33,299 INFO  n.e.o.t.s.UpdateSvc                 - inserting pa: eqx-ash-cr5:10/1/2 - netl-mgn-rt1:xe-2/0/0    
2019-02-05 10:52:33,304 INFO  n.e.o.t.s.UpdateSvc                 - inserting pa: chic-cr5:10/1/5 - anl-mr2:xe-0/0/0            
2019-02-05 10:52:33,309 INFO  n.e.o.t.s.UpdateSvc                 - inserting pa: pantex-rt4:ge-0/1/0 - hous-cr5:10/1/3         
2019-02-05 10:52:33,313 INFO  n.e.o.t.s.UpdateSvc                 - inserting pa: sunn-cr5:10/2/3 - ga-rt2:xe-0/0/0             
2019-02-05 10:52:33,318 INFO  n.e.o.t.s.UpdateSvc                 - inserting pa: nash-cr5:10/1/5 - ornl-rt4:xe-1/2/0           
2019-02-05 10:52:33,323 INFO  n.e.o.t.s.UpdateSvc                 - inserting pa: netl-pgh-rt1:xe-2/0/0 - eqx-ash-cr5:10/2/2    
2019-02-05 10:52:33,337 INFO  n.e.o.t.s.UpdateSvc                 - inserting pa: cern-513-cr5:1/2/1 - cern-773-cr5:2/1/1       
2019-02-05 10:52:33,343 INFO  n.e.o.t.s.UpdateSvc                 - inserting pa: aofa-cr5:2/1/1 - lond-cr5:2/2/1               
2019-02-05 10:52:33,349 INFO  n.e.o.t.s.UpdateSvc                 - inserting pa: star-cr5:8/1/6 - ameslab-rt3:xe-1/0/0         
2019-02-05 10:52:33,354 INFO  n.e.o.t.s.UpdateSvc                 - inserting pa: sacr-cr5:10/2/1 - nersc-mr2:xe-2/2/0          
2019-02-05 10:52:33,361 INFO  n.e.o.t.s.UpdateSvc                 - inserting pa: slac-mr2:xe-1/2/0 - sacr-cr5:10/2/5           
2019-02-05 10:52:33,367 INFO  n.e.o.t.s.UpdateSvc                 - inserting pa: llnl-mr2:xe-3/2/0 - sunn-cr5:9/1/3            
2019-02-05 10:52:33,373 INFO  n.e.o.t.s.UpdateSvc                 - inserting pa: hous-cr5:1/1/1 - elpa-cr5:1/1/1               
2019-02-05 10:52:33,378 INFO  n.e.o.t.s.UpdateSvc                 - inserting pa: atla-cr5:2/1/1 - nash-cr5:2/1/1               
2019-02-05 10:52:33,383 INFO  n.e.o.t.s.UpdateSvc                 - inserting pa: chic-cr5:6/2/1 - star-cr5:5/1/1               
2019-02-05 10:52:33,387 INFO  n.e.o.t.s.UpdateSvc                 - inserting pa: eqx-ash-cr5:10/1/1 - doe-gtn-rt2:ge-0/1/0     
2019-02-05 10:52:33,392 INFO  n.e.o.t.s.UpdateSvc                 - inserting pa: denv-cr5:3/1/1 - albq-cr5:1/1/1               
2019-02-05 10:52:33,396 INFO  n.e.o.t.s.UpdateSvc                 - inserting pa: wash-cr5:4/2/1 - eqx-ash-cr5:1/1/1            
2019-02-05 10:52:33,400 INFO  n.e.o.t.s.UpdateSvc                 - inserting pa: cern-513-cr5:5/1/1 - amst-cr5:1/1/1           
2019-02-05 10:52:33,405 INFO  n.e.o.t.s.UpdateSvc                 - inserting pa: lond-cr5:1/1/1 - cern-773-cr5:1/1/1           
2019-02-05 10:52:33,422 INFO  n.e.o.t.s.UpdateSvc                 - inserting pa: aofa-cr5:5/1/1 - star-cr5:4/2/1               
2019-02-05 10:52:33,427 INFO  n.e.o.t.s.UpdateSvc                 - inserting pa: doe-gtn-rt2:ge-0/0/0 - forr-rt2:ge-0/0/1      
2019-02-05 10:52:33,434 INFO  n.e.o.t.s.UpdateSvc                 - inserting pa: wash-cr5:4/1/1 - aofa-cr5:6/2/1               
2019-02-05 10:52:33,440 INFO  n.e.o.t.s.UpdateSvc                 - inserting pa: albq-cr5:1/1/1 - denv-cr5:3/1/1               
2019-02-05 10:52:33,446 INFO  n.e.o.t.s.UpdateSvc                 - inserting pa: denv-cr5:10/1/10 - lsvn-cr1:xe-2/2/0          
2019-02-05 10:52:33,452 INFO  n.e.o.t.s.UpdateSvc                 - inserting pa: wash-cr5:2/1/1 - aofa-cr5:1/1/1               
2019-02-05 10:52:33,460 INFO  n.e.o.t.s.UpdateSvc                 - inserting pa: pnwg-cr5:2/2/1 - denv-cr5:4/1/1               
2019-02-05 10:52:33,465 INFO  n.e.o.t.s.UpdateSvc                 - inserting pa: atla-cr5:1/1/1 - wash-cr5:3/1/1               
2019-02-05 10:52:33,471 INFO  n.e.o.t.s.UpdateSvc                 - inserting pa: denv-cr5:1/1/1 - kans-cr5:2/1/1               
2019-02-05 10:52:33,475 INFO  n.e.o.t.s.UpdateSvc                 - inserting pa: pnwg-cr5:10/1/6 - denv-cr5:10/1/4             
2019-02-05 10:52:33,479 INFO  n.e.o.t.s.UpdateSvc                 - inserting pa: sunn-cr5:10/2/4 - lsvn-cr1:xe-1/2/0           
2019-02-05 10:52:33,484 INFO  n.e.o.t.s.UpdateSvc                 - inserting pa: nash-cr5:4/1/1 - chic-cr5:6/1/1               
2019-02-05 10:52:33,488 INFO  n.e.o.t.s.UpdateSvc                 - inserting pa: nersc-mr2:xe-1/1/0 - sunn-cr5:10/1/3          
2019-02-05 10:52:33,504 INFO  n.e.o.t.s.UpdateSvc                 - inserting pa: pppl-rt5:xe-0/2/0 - aofa-cr5:9/1/1            
2019-02-05 10:52:33,509 INFO  n.e.o.t.s.UpdateSvc                 - inserting pa: amst-cr5:1/1/1 - cern-513-cr5:5/1/1           
2019-02-05 10:52:33,515 INFO  n.e.o.t.s.UpdateSvc                 - inserting pa: orau-rt4:ge-0/1/2 - ornl-rt4:xe-2/3/0         
2019-02-05 10:52:33,521 INFO  n.e.o.t.s.UpdateSvc                 - inserting pa: chic-cr5:2/1/1 - star-cr5:4/1/1               
2019-02-05 10:52:33,526 INFO  n.e.o.t.s.UpdateSvc                 - inserting pa: aofa-cr5:1/1/1 - wash-cr5:2/1/1               
2019-02-05 10:52:33,531 INFO  n.e.o.t.s.UpdateSvc                 - inserting pa: anl-mr2:xe-0/0/0 - chic-cr5:10/1/5            
2019-02-05 10:52:33,537 INFO  n.e.o.t.s.UpdateSvc                 - inserting pa: elpa-cr5:1/1/1 - hous-cr5:1/1/1               
2019-02-05 10:52:33,541 INFO  n.e.o.t.s.UpdateSvc                 - inserting pa: osti-rt2:xe-1/2/0 - ornl-cr5:9/1/4            
2019-02-05 10:52:33,546 INFO  n.e.o.t.s.UpdateSvc                 - inserting pa: srs-rt3:ge-0/1/0 - atla-cr5:10/1/3            
2019-02-05 10:52:33,550 INFO  n.e.o.t.s.UpdateSvc                 - inserting pa: eqx-ash-cr5:10/2/2 - netl-pgh-rt1:xe-2/0/0    
2019-02-05 10:52:33,554 INFO  n.e.o.t.s.UpdateSvc                 - inserting pa: nash-cr5:10/1/4 - ornl-rt4:xe-0/2/0           
2019-02-05 10:52:33,559 INFO  n.e.o.t.s.UpdateSvc                 - inserting pa: eqx-chi-cr5:1/1/1 - chic-cr5:7/1/1            
2019-02-05 10:52:33,562 INFO  n.e.o.t.s.UpdateSvc                 - inserting pa: ornl-cr5:10/1/2 - orau-rt4:ge-0/1/2           
2019-02-05 10:52:33,566 INFO  n.e.o.t.s.UpdateSvc                 - inserting pa: sacr-cr5:10/2/6 - llnl-mr2:xe-0/2/0           
2019-02-05 10:52:33,571 INFO  n.e.o.t.s.UpdateSvc                 - inserting pa: star-cr5:4/1/1 - chic-cr5:2/1/1               
2019-02-05 10:52:33,587 INFO  n.e.o.t.s.UpdateSvc                 - inserting pa: ornl-rt4:xe-1/0/0 - ornl-cr5:10/1/1           
2019-02-05 10:52:33,594 INFO  n.e.o.t.s.UpdateSvc                 - inserting pa: chic-cr5:10/1/7 - ameslab-rt3:xe-0/0/0        
2019-02-05 10:52:33,599 INFO  n.e.o.t.s.UpdateSvc                 - inserting pa: lbl-mr2:xe-7/2/0 - sacr-cr5:10/2/2            
2019-02-05 10:52:33,603 INFO  n.e.o.t.s.UpdateSvc                 - inserting pa: ornl-rt4:xe-2/3/0 - orau-rt4:ge-0/1/2         
2019-02-05 10:52:33,608 INFO  n.e.o.t.s.UpdateSvc                 - inserting pa: star-cr5:10/1/1 - anl-mr2:xe-2/3/0            
2019-02-05 10:52:33,613 INFO  n.e.o.t.s.UpdateSvc                 - inserting pa: sacr-cr5:10/2/5 - slac-mr2:xe-1/2/0           
2019-02-05 10:52:33,618 INFO  n.e.o.t.s.UpdateSvc                 - inserting pa: bost-cr5:1/1/1 - newy-cr5:4/2/1               
2019-02-05 10:52:33,624 INFO  n.e.o.t.s.UpdateSvc                 - inserting pa: sunn-cr5:10/1/5 - snll-mr2:xe-2/2/0           
2019-02-05 10:52:33,630 INFO  n.e.o.t.s.UpdateSvc                 - inserting pa: lond-cr5:2/2/1 - aofa-cr5:2/1/1               
2019-02-05 10:52:33,635 INFO  n.e.o.t.s.UpdateSvc                 - inserting pa: newy-cr5:4/2/1 - bost-cr5:1/1/1               
2019-02-05 10:52:33,639 INFO  n.e.o.t.s.UpdateSvc                 - inserting pa: jgi-mr2:xe-1/1/0 - sunn-cr5:9/1/1             
2019-02-05 10:52:33,643 INFO  n.e.o.t.s.UpdateSvc                 - inserting pa: denv-cr5:10/1/6 - pnwg-cr5:10/1/10            
2019-02-05 10:52:33,648 INFO  n.e.o.t.s.UpdateSvc                 - inserting pa: kans-cr5:3/1/1 - hous-cr5:2/1/1               
2019-02-05 10:52:33,652 INFO  n.e.o.t.s.UpdateSvc                 - inserting pa: hous-cr5:10/1/3 - pantex-rt4:ge-0/1/0         
2019-02-05 10:52:33,657 INFO  n.e.o.t.s.UpdateSvc                 - inserting pa: bois-cr1:xe-0/0/0 - pnwg-cr5:10/1/9           
2019-02-05 10:52:33,675 INFO  n.e.o.t.s.UpdateSvc                 - inserting pa: ornl-rt4:xe-0/2/0 - nash-cr5:10/1/4           
2019-02-05 10:52:33,681 INFO  n.e.o.t.s.UpdateSvc                 - inserting pa: netl-alb-rt1:xe-2/0/0 - pnwg-cr5:10/1/4       
2019-02-05 10:52:33,687 INFO  n.e.o.t.s.UpdateSvc                 - inserting pa: sunn-cr5:10/2/2 - eqx-sj-cr5:10/2/4           
2019-02-05 10:52:33,694 INFO  n.e.o.t.s.UpdateSvc                 - inserting pa: osti-rt2:ae0 - ornl-rt4:xe-2/3/0              
2019-02-05 10:52:33,702 INFO  n.e.o.t.s.UpdateSvc                 - inserting pa: snll-mr2:xe-1/1/0 - llnl-mr2:xe-0/1/0         
2019-02-05 10:52:33,710 INFO  n.e.o.t.s.UpdateSvc                 - inserting pa: lsvn-cr1:xe-2/2/0 - denv-cr5:10/1/10          
2019-02-05 10:52:33,717 INFO  n.e.o.t.s.UpdateSvc                 - inserting pa: elpa-cr5:3/1/1 - sunn-cr5:5/1/1               
2019-02-05 10:52:33,724 INFO  n.e.o.t.s.UpdateSvc                 - inserting pa: lond-cr5:3/1/1 - newy-cr5:4/1/1               
2019-02-05 10:52:33,728 INFO  n.e.o.t.s.UpdateSvc                 - inserting pa: ornl-cr5:10/1/1 - ornl-rt4:xe-1/0/0           
2019-02-05 10:52:33,732 INFO  n.e.o.t.s.UpdateSvc                 - inserting pa: eqx-chi-cr5:2/1/1 - eqx-ash-cr5:2/1/1         
2019-02-05 10:52:33,736 INFO  n.e.o.t.s.UpdateSvc                 - inserting pa: sacr-cr5:10/2/3 - jgi-mr2:xe-2/2/0            
2019-02-05 10:52:33,740 INFO  n.e.o.t.s.UpdateSvc                 - inserting pa: star-cr5:4/2/1 - aofa-cr5:5/1/1               
2019-02-05 10:52:33,744 INFO  n.e.o.t.s.UpdateSvc                 - inserting pa: ornl-rt4:xe-1/2/0 - nash-cr5:10/1/5           
2019-02-05 10:52:33,759 INFO  n.e.o.t.s.UpdateSvc                 - inserting pa: chic-cr5:3/1/1 - kans-cr5:1/1/1               
2019-02-05 10:52:33,764 INFO  n.e.o.t.s.UpdateSvc                 - inserting pa: snll-mr2:xe-2/2/0 - sunn-cr5:10/1/5           
2019-02-05 10:52:33,770 INFO  n.e.o.t.s.UpdateSvc                 - inserting pa: nash-cr5:10/1/3 - srs-rt3:ge-1/1/0            
2019-02-05 10:52:33,778 INFO  n.e.o.t.s.UpdateSvc                 - inserting pa: llnl-mr2:xe-0/1/0 - snll-mr2:xe-1/1/0         
2019-02-05 10:52:33,785 INFO  n.e.o.t.s.UpdateSvc                 - inserting pa: kans-cr5:2/1/1 - denv-cr5:1/1/1               
2019-02-05 10:52:33,791 INFO  n.e.o.t.s.UpdateSvc                 - inserting pa: anl-mr2:xe-2/3/0 - star-cr5:10/1/1            
2019-02-05 10:52:33,797 INFO  n.e.o.t.s.UpdateSvc                 - inserting pa: sacr-cr5:10/2/2 - lbl-mr2:xe-7/2/0            
2019-02-05 10:52:33,802 INFO  n.e.o.t.s.UpdateSvc                 - inserting pa: wash-cr5:5/2/1 - nash-cr5:4/2/1               
2019-02-05 10:52:33,807 INFO  n.e.o.t.s.UpdateSvc                 - inserting pa: ameslab-rt3:xe-1/0/0 - star-cr5:8/1/6         
2019-02-05 10:52:33,812 INFO  n.e.o.t.s.UpdateSvc                 - inserting pa: albq-cr5:2/1/1 - elpa-cr5:2/1/1               
2019-02-05 10:52:33,817 INFO  n.e.o.t.s.UpdateSvc                 - inserting pa: chic-cr5:7/1/1 - eqx-chi-cr5:1/1/1            
2019-02-05 10:52:33,821 INFO  n.e.o.t.s.UpdateSvc                 - inserting pa: star-cr5:5/1/1 - chic-cr5:6/2/1               
2019-02-05 10:52:33,825 INFO  n.e.o.t.s.UpdateSvc                 - inserting pa: denv-cr5:10/1/4 - pnwg-cr5:10/1/6             
2019-02-05 10:52:33,829 INFO  n.e.o.t.s.UpdateSvc                 - inserting pa: lbl-mr2:xe-1/3/0 - sunn-cr5:9/1/2             
2019-02-05 10:52:33,833 INFO  n.e.o.t.s.UpdateSvc                 - inserting pa: newy-cr5:2/1/1 - aofa-cr5:3/1/1               
2019-02-05 10:52:33,848 INFO  n.e.o.t.s.UpdateSvc                 - inserting pa: forr-rt2:ge-0/0/1 - doe-gtn-rt2:ge-0/0/0      
2019-02-05 10:52:33,855 INFO  n.e.o.t.s.UpdateSvc                 - inserting pa: cern-773-cr5:2/1/1 - cern-513-cr5:1/2/1       
2019-02-05 10:52:33,864 INFO  n.e.o.t.s.UpdateSvc                 - inserting pa: chic-cr5:10/1/4 - fnal-mr2:xe-0/0/0           
2019-02-05 10:52:33,872 INFO  n.e.o.t.s.UpdateSvc                 - inserting pa: ornl-rt4:ge-0/0/1 - orau-rt4:ge-0/1/4         
2019-02-05 10:52:33,881 INFO  n.e.o.t.s.UpdateSvc                 - inserting pa: nash-cr5:2/1/1 - atla-cr5:2/1/1               
2019-02-05 10:52:33,890 INFO  n.e.o.t.s.UpdateSvc                 - inserting pa: ornl-cr5:6/1/1 - atla-cr5:3/1/1               
2019-02-05 10:52:33,894 INFO  n.e.o.t.s.UpdateSvc                 - inserting pa: denv-cr5:2/1/1 - sacr-cr5:2/1/1               
2019-02-05 10:52:33,898 INFO  n.e.o.t.s.UpdateSvc                 - inserting pa: chic-cr5:1/1/1 - wash-cr5:1/1/1               
2019-02-05 10:52:33,902 INFO  n.e.o.t.s.UpdateSvc                 - inserting pa: lsvn-cr1:ge-1/1/5 - ga-rt2:ge-1/1/3           
2019-02-05 10:52:33,907 INFO  n.e.o.t.s.UpdateSvc                 - inserting pa: sunn-cr5:9/1/2 - lbl-mr2:xe-1/3/0             
2019-02-05 10:52:33,910 INFO  n.e.o.t.s.UpdateSvc                 - inserting pa: ga-rt2:xe-0/0/0 - sunn-cr5:10/2/3             
2019-02-05 10:52:33,914 INFO  n.e.o.t.s.UpdateSvc                 - inserting pa: nersc-mr2:xe-2/2/0 - sacr-cr5:10/2/1          
2019-02-05 10:52:33,928 INFO  n.e.o.t.s.UpdateSvc                 - inserting pa: bost-cr5:3/1/1 - amst-cr5:5/1/1               
2019-02-05 10:52:33,935 INFO  n.e.o.t.s.UpdateSvc                 - inserting pa: bois-cr1:xe-7/1/0 - denv-cr5:10/1/5           
2019-02-05 10:52:33,940 INFO  n.e.o.t.s.UpdateSvc                 - inserting pa: denv-cr5:4/1/1 - pnwg-cr5:2/2/1               
2019-02-05 10:52:33,945 INFO  n.e.o.t.s.UpdateSvc                 - inserting pa: wash-cr5:10/1/3 - forr-rt2:ge-0/0/0           
2019-02-05 10:52:33,949 INFO  n.e.o.t.s.UpdateSvc                 - inserting pa: cern-513-cr5:1/1/1 - wash-cr5:5/1/1           
2019-02-05 10:52:33,956 INFO  n.e.o.t.s.UpdateSvc                 - inserting pa: aofa-cr5:9/1/1 - pppl-rt5:xe-0/2/0            
2019-02-05 10:52:33,962 INFO  n.e.o.t.s.UpdateSvc                 - inserting pa: fnal-mr2:xe-1/1/0 - star-cr5:8/1/2            
2019-02-05 10:52:33,968 INFO  n.e.o.t.s.UpdateSvc                 - inserting pa: bost-cr5:2/1/1 - star-cr5:1/1/1               
2019-02-05 10:52:33,974 INFO  n.e.o.t.s.UpdateSvc                 - inserting pa: eqx-sj-cr5:10/2/4 - sunn-cr5:10/2/2           
2019-02-05 10:52:33,979 INFO  n.e.o.t.s.UpdateSvc                 - inserting pa: chic-cr5:4/1/1 - nash-cr5:1/1/1               
2019-02-05 10:52:33,983 INFO  n.e.o.t.s.UpdateSvc                 - inserting pa: fnal-mr2:xe-0/0/0 - chic-cr5:10/1/4           
2019-02-05 10:52:33,987 INFO  n.e.o.t.s.UpdateSvc                 - inserting pa: amst-cr5:5/1/1 - bost-cr5:3/1/1               
2019-02-05 10:52:33,991 INFO  n.e.o.t.s.UpdateSvc                 - inserting pa: pnwg-cr5:10/1/10 - denv-cr5:10/1/6            
2019-02-05 10:52:33,996 INFO  n.e.o.t.s.UpdateSvc                 - inserting pa: atla-cr5:10/1/3 - srs-rt3:ge-0/1/0            
2019-02-05 10:52:34,011 INFO  n.e.o.t.s.UpdateSvc                 - inserting pa: newy-cr5:4/1/1 - lond-cr5:3/1/1               
2019-02-05 10:52:34,016 INFO  n.e.o.t.s.UpdateSvc                 - inserting pa: llnldc-rt4:ge-1/0/0 - wash-cr5:10/1/3         
2019-02-05 10:52:34,021 INFO  n.e.o.t.s.UpdateSvc                 - inserting pa: sunn-cr5:5/1/1 - elpa-cr5:3/1/1               
2019-02-05 10:52:34,026 INFO  n.e.o.t.s.UpdateSvc                 - inserting pa: eqx-ash-cr5:2/1/1 - eqx-chi-cr5:2/1/1         
2019-02-05 10:52:34,031 INFO  n.e.o.t.s.UpdateSvc                 - inserting pa: chic-cr5:6/1/1 - nash-cr5:4/1/1               
2019-02-05 10:52:34,036 INFO  n.e.o.t.s.UpdateSvc                 - inserting pa: sacr-cr5:10/2/4 - snll-mr2:xe-1/2/0           
2019-02-05 10:52:34,041 INFO  n.e.o.t.s.UpdateSvc                 - inserting pa: atla-cr5:3/1/1 - ornl-cr5:6/1/1               
2019-02-05 10:52:34,045 INFO  n.e.o.t.s.UpdateSvc                 - inserting pa: aofa-cr5:7/2/1 - lond-cr5:5/1/1               
2019-02-05 10:52:34,050 INFO  n.e.o.t.s.UpdateSvc                 - inserting pa: nash-cr5:1/1/1 - chic-cr5:4/1/1               
2019-02-05 10:52:34,055 INFO  n.e.o.t.s.UpdateSvc                 - inserting pa: wash-cr5:10/1/3 - llnldc-rt4:ge-1/0/0         
2019-02-05 10:52:34,059 INFO  n.e.o.t.s.UpdateSvc                 - inserting pa: albq-cr5:10/1/2 - snla-rt3:xe-1/2/0           
2019-02-05 10:52:34,064 INFO  n.e.o.t.s.UpdateSvc                 - inserting pa: ornl-rt4:xe-2/3/0 - osti-rt2:ae0              
2019-02-05 10:52:34,068 INFO  n.e.o.t.s.UpdateSvc                 - finished merging adjacencies                                
2019-02-05 10:52:34,068 INFO  n.e.o.t.s.UpdateSvc                 -    inserted     :   182                                     
2019-02-05 10:52:34,068 INFO  n.e.o.t.s.UpdateSvc                 -    ver updated  :   0                                       
2019-02-05 10:52:34,068 INFO  n.e.o.t.s.UpdateSvc                 -    data updated :   0                                       
2019-02-05 10:52:34,068 INFO  n.e.o.t.s.UpdateSvc                 -    invalidated  :   0                                       
2019-02-05 10:52:34,068 INFO  n.e.o.t.s.UpdateSvc                 - finished merging topology delta.                            
2019-02-05 10:52:34,125 INFO  n.e.o.t.s.TopoService               - updating pathfinding topo to version: 28                    
2019-02-05 10:52:34,505 INFO  n.e.o.t.s.TopoService               - updated with 972 topo adjacencies                           
2019-02-05 10:52:34,538 INFO  n.e.o.c.FancyPCESteps               - adjcies size: 972                                           
2019-02-05 10:52:34,700 INFO  n.e.o.c.FancyPCESteps               - 97 distinct paths found between aofa-cr5 and chic-cr5 found in PT0.14S
2019-02-05 10:52:34,788 INFO  n.e.o.c.TopologySteps               - clearing adjacencies                                        
2019-02-05 10:52:34,953 INFO  n.e.o.c.TopologySteps               - clearing devices                                            
2019-02-05 10:52:34,957 INFO  n.e.o.c.TopologySteps               - deleting nersc-mr2:xe-1/1/0                                 
2019-02-05 10:52:34,958 INFO  n.e.o.c.TopologySteps               - deleting nersc-mr2:xe-1/3/0                                 
2019-02-05 10:52:34,958 INFO  n.e.o.c.TopologySteps               - deleting nersc-mr2:xe-0/2/0                                 
2019-02-05 10:52:34,958 INFO  n.e.o.c.TopologySteps               - deleting nersc-mr2:xe-7/3/0                                 
2019-02-05 10:52:34,959 INFO  n.e.o.c.TopologySteps               - deleting nersc-mr2:xe-2/2/0                                 
2019-02-05 10:52:34,959 INFO  n.e.o.c.TopologySteps               - deleting nersc-mr2                                          
2019-02-05 10:52:34,961 INFO  n.e.o.c.TopologySteps               - deleting pppl-rt5:xe-1/3/0                                  
2019-02-05 10:52:34,961 INFO  n.e.o.c.TopologySteps               - deleting pppl-rt5:xe-1/2/0                                  
2019-02-05 10:52:34,962 INFO  n.e.o.c.TopologySteps               - deleting pppl-rt5:xe-0/2/0                                  
2019-02-05 10:52:34,962 INFO  n.e.o.c.TopologySteps               - deleting pppl-rt5:ge-0/0/2                                  
2019-02-05 10:52:34,962 INFO  n.e.o.c.TopologySteps               - deleting pppl-rt5:xe-1/1/0                                  
2019-02-05 10:52:34,962 INFO  n.e.o.c.TopologySteps               - deleting pppl-rt5:xe-1/0/0                                  
2019-02-05 10:52:34,962 INFO  n.e.o.c.TopologySteps               - deleting pppl-rt5                                           
2019-02-05 10:52:34,964 INFO  n.e.o.c.TopologySteps               - deleting srs-rt3:ge-0/1/0                                   
2019-02-05 10:52:34,975 INFO  n.e.o.c.TopologySteps               - deleting srs-rt3:ge-0/0/0                                   
2019-02-05 10:52:34,975 INFO  n.e.o.c.TopologySteps               - deleting srs-rt3:ge-1/2/0                                   
2019-02-05 10:52:34,975 INFO  n.e.o.c.TopologySteps               - deleting srs-rt3:ge-1/0/0                                   
2019-02-05 10:52:34,975 INFO  n.e.o.c.TopologySteps               - deleting srs-rt3:ge-1/3/0                                   
2019-02-05 10:52:34,975 INFO  n.e.o.c.TopologySteps               - deleting srs-rt3:ge-1/1/0                                   
2019-02-05 10:52:34,975 INFO  n.e.o.c.TopologySteps               - deleting srs-rt3                                            
2019-02-05 10:52:34,977 INFO  n.e.o.c.TopologySteps               - deleting orau-rt4:ge-0/1/4                                  
2019-02-05 10:52:34,977 INFO  n.e.o.c.TopologySteps               - deleting orau-rt4:ge-0/1/2                                  
2019-02-05 10:52:34,977 INFO  n.e.o.c.TopologySteps               - deleting orau-rt4:ge-0/1/1                                  
2019-02-05 10:52:34,977 INFO  n.e.o.c.TopologySteps               - deleting orau-rt4:ge-0/1/3                                  
2019-02-05 10:52:34,978 INFO  n.e.o.c.TopologySteps               - deleting orau-rt4:ge-0/1/0                                  
2019-02-05 10:52:34,978 INFO  n.e.o.c.TopologySteps               - deleting orau-rt4                                           
2019-02-05 10:52:34,979 INFO  n.e.o.c.TopologySteps               - deleting doe-gtn-rt2:ge-0/0/3                               
2019-02-05 10:52:34,979 INFO  n.e.o.c.TopologySteps               - deleting doe-gtn-rt2:ge-0/1/3                               
2019-02-05 10:52:34,979 INFO  n.e.o.c.TopologySteps               - deleting doe-gtn-rt2:ge-0/1/0                               
2019-02-05 10:52:34,980 INFO  n.e.o.c.TopologySteps               - deleting doe-gtn-rt2:ge-0/0/0                               
2019-02-05 10:52:34,980 INFO  n.e.o.c.TopologySteps               - deleting doe-gtn-rt2                                        
2019-02-05 10:52:34,982 INFO  n.e.o.c.TopologySteps               - deleting cern-513-cr5:1/1/1                                 
2019-02-05 10:52:34,982 INFO  n.e.o.c.TopologySteps               - deleting cern-513-cr5:2/1/1                                 
2019-02-05 10:52:34,983 INFO  n.e.o.c.TopologySteps               - deleting cern-513-cr5:10/1/3                                
2019-02-05 10:52:34,983 INFO  n.e.o.c.TopologySteps               - deleting cern-513-cr5:BLANK                                 
2019-02-05 10:52:34,983 INFO  n.e.o.c.TopologySteps               - deleting cern-513-cr5:4/1/1                                 
2019-02-05 10:52:34,983 INFO  n.e.o.c.TopologySteps               - deleting cern-513-cr5:10/1/2                                
2019-02-05 10:52:34,983 INFO  n.e.o.c.TopologySteps               - deleting cern-513-cr5:1/2/1                                 
2019-02-05 10:52:34,983 INFO  n.e.o.c.TopologySteps               - deleting cern-513-cr5:5/1/1                                 
2019-02-05 10:52:34,983 INFO  n.e.o.c.TopologySteps               - deleting cern-513-cr5                                       
2019-02-05 10:52:34,986 INFO  n.e.o.c.TopologySteps               - deleting eqx-sj-cr5:10/1/4                                  
2019-02-05 10:52:34,986 INFO  n.e.o.c.TopologySteps               - deleting eqx-sj-cr5:1/2/1                                   
2019-02-05 10:52:34,986 INFO  n.e.o.c.TopologySteps               - deleting eqx-sj-cr5:10/1/1                                  
2019-02-05 10:52:34,986 INFO  n.e.o.c.TopologySteps               - deleting eqx-sj-cr5:10/2/2                                  
2019-02-05 10:52:34,986 INFO  n.e.o.c.TopologySteps               - deleting eqx-sj-cr5:10/1/2                                  
2019-02-05 10:52:34,987 INFO  n.e.o.c.TopologySteps               - deleting eqx-sj-cr5:BLANK                                   
2019-02-05 10:52:34,987 INFO  n.e.o.c.TopologySteps               - deleting eqx-sj-cr5:10/2/4                                  
2019-02-05 10:52:34,987 INFO  n.e.o.c.TopologySteps               - deleting eqx-sj-cr5                                         
2019-02-05 10:52:34,989 INFO  n.e.o.c.TopologySteps               - deleting wash-cr5:6/1/1                                     
2019-02-05 10:52:34,989 INFO  n.e.o.c.TopologySteps               - deleting wash-cr5:10/1/3                                    
2019-02-05 10:52:34,990 INFO  n.e.o.c.TopologySteps               - deleting wash-cr5:10/1/4                                    
2019-02-05 10:52:34,990 INFO  n.e.o.c.TopologySteps               - deleting wash-cr5:1/1/1                                     
2019-02-05 10:52:34,990 INFO  n.e.o.c.TopologySteps               - deleting wash-cr5:4/2/1                                     
2019-02-05 10:52:34,990 INFO  n.e.o.c.TopologySteps               - deleting wash-cr5:10/1/5                                    
2019-02-05 10:52:34,990 INFO  n.e.o.c.TopologySteps               - deleting wash-cr5:10/1/10                                   
2019-02-05 10:52:34,990 INFO  n.e.o.c.TopologySteps               - deleting wash-cr5:2/1/1                                     
2019-02-05 10:52:34,990 INFO  n.e.o.c.TopologySteps               - deleting wash-cr5:10/1/9                                    
2019-02-05 10:52:34,991 INFO  n.e.o.c.TopologySteps               - deleting wash-cr5:5/1/1                                     
2019-02-05 10:52:34,991 INFO  n.e.o.c.TopologySteps               - deleting wash-cr5:5/2/1                                     
2019-02-05 10:52:34,991 INFO  n.e.o.c.TopologySteps               - deleting wash-cr5:4/1/1                                     
2019-02-05 10:52:34,991 INFO  n.e.o.c.TopologySteps               - deleting wash-cr5:3/1/1                                     
2019-02-05 10:52:34,991 INFO  n.e.o.c.TopologySteps               - deleting wash-cr5                                           
2019-02-05 10:52:34,993 INFO  n.e.o.c.TopologySteps               - deleting ga-rt2:ge-1/1/3                                    
2019-02-05 10:52:34,994 INFO  n.e.o.c.TopologySteps               - deleting ga-rt2:xe-0/2/0                                    
2019-02-05 10:52:34,994 INFO  n.e.o.c.TopologySteps               - deleting ga-rt2:xe-0/3/0                                    
2019-02-05 10:52:34,994 INFO  n.e.o.c.TopologySteps               - deleting ga-rt2:ge-1/0/3                                    
2019-02-05 10:52:34,994 INFO  n.e.o.c.TopologySteps               - deleting ga-rt2:ge-1/0/5                                    
2019-02-05 10:52:34,995 INFO  n.e.o.c.TopologySteps               - deleting ga-rt2:xe-0/0/0                                    
2019-02-05 10:52:34,995 INFO  n.e.o.c.TopologySteps               - deleting ga-rt2                                             
2019-02-05 10:52:34,997 INFO  n.e.o.c.TopologySteps               - deleting kans-cr5:4/1/1                                     
2019-02-05 10:52:34,997 INFO  n.e.o.c.TopologySteps               - deleting kans-cr5:2/1/1                                     
2019-02-05 10:52:34,997 INFO  n.e.o.c.TopologySteps               - deleting kans-cr5:1/1/1                                     
2019-02-05 10:52:34,997 INFO  n.e.o.c.TopologySteps               - deleting kans-cr5:10/1/4                                    
2019-02-05 10:52:34,997 INFO  n.e.o.c.TopologySteps               - deleting kans-cr5:3/1/1                                     
2019-02-05 10:52:34,998 INFO  n.e.o.c.TopologySteps               - deleting kans-cr5:10/1/3                                    
2019-02-05 10:52:34,998 INFO  n.e.o.c.TopologySteps               - deleting kans-cr5                                           
2019-02-05 10:52:35,000 INFO  n.e.o.c.TopologySteps               - deleting bois-cr1:xe-7/3/0                                  
2019-02-05 10:52:35,001 INFO  n.e.o.c.TopologySteps               - deleting bois-cr1:xe-0/0/0                                  
2019-02-05 10:52:35,001 INFO  n.e.o.c.TopologySteps               - deleting bois-cr1:xe-0/2/0                                  
2019-02-05 10:52:35,001 INFO  n.e.o.c.TopologySteps               - deleting bois-cr1:xe-7/1/0                                  
2019-02-05 10:52:35,001 INFO  n.e.o.c.TopologySteps               - deleting bois-cr1:xe-7/0/0                                  
2019-02-05 10:52:35,002 INFO  n.e.o.c.TopologySteps               - deleting bois-cr1:xe-1/0/0                                  
2019-02-05 10:52:35,002 INFO  n.e.o.c.TopologySteps               - deleting bois-cr1:xe-0/1/0                                  
2019-02-05 10:52:35,002 INFO  n.e.o.c.TopologySteps               - deleting bois-cr1:xe-1/2/0                                  
2019-02-05 10:52:35,002 INFO  n.e.o.c.TopologySteps               - deleting bois-cr1                                           
2019-02-05 10:52:35,005 INFO  n.e.o.c.TopologySteps               - deleting snll-mr2:xe-2/2/0                                  
2019-02-05 10:52:35,005 INFO  n.e.o.c.TopologySteps               - deleting snll-mr2:xe-2/3/0                                  
2019-02-05 10:52:35,005 INFO  n.e.o.c.TopologySteps               - deleting snll-mr2:xe-1/1/0                                  
2019-02-05 10:52:35,005 INFO  n.e.o.c.TopologySteps               - deleting snll-mr2:xe-1/2/0                                  
2019-02-05 10:52:35,005 INFO  n.e.o.c.TopologySteps               - deleting snll-mr2:xe-0/2/0                                  
2019-02-05 10:52:35,006 INFO  n.e.o.c.TopologySteps               - deleting snll-mr2:xe-2/0/0                                  
2019-02-05 10:52:35,006 INFO  n.e.o.c.TopologySteps               - deleting snll-mr2:xe-0/1/0                                  
2019-02-05 10:52:35,006 INFO  n.e.o.c.TopologySteps               - deleting snll-mr2:xe-1/3/0                                  
2019-02-05 10:52:35,006 INFO  n.e.o.c.TopologySteps               - deleting snll-mr2                                           
2019-02-05 10:52:35,008 INFO  n.e.o.c.TopologySteps               - deleting atla-cr5:1/1/1                                     
2019-02-05 10:52:35,008 INFO  n.e.o.c.TopologySteps               - deleting atla-cr5:10/1/2                                    
2019-02-05 10:52:35,008 INFO  n.e.o.c.TopologySteps               - deleting atla-cr5:10/1/8                                    
2019-02-05 10:52:35,009 INFO  n.e.o.c.TopologySteps               - deleting atla-cr5:3/1/1                                     
2019-02-05 10:52:35,009 INFO  n.e.o.c.TopologySteps               - deleting atla-cr5:10/1/3                                    
2019-02-05 10:52:35,009 INFO  n.e.o.c.TopologySteps               - deleting atla-cr5:4/1/1                                     
2019-02-05 10:52:35,009 INFO  n.e.o.c.TopologySteps               - deleting atla-cr5:2/1/1                                     
2019-02-05 10:52:35,009 INFO  n.e.o.c.TopologySteps               - deleting atla-cr5                                           
2019-02-05 10:52:35,010 INFO  n.e.o.c.TopologySteps               - deleting ornl-rt4:xe-1/2/0                                  
2019-02-05 10:52:35,010 INFO  n.e.o.c.TopologySteps               - deleting ornl-rt4:ge-0/0/1                                  
2019-02-05 10:52:35,010 INFO  n.e.o.c.TopologySteps               - deleting ornl-rt4:xe-2/3/0                                  
2019-02-05 10:52:35,010 INFO  n.e.o.c.TopologySteps               - deleting ornl-rt4:xe-1/0/0                                  
2019-02-05 10:52:35,010 INFO  n.e.o.c.TopologySteps               - deleting ornl-rt4:xe-0/2/0                                  
2019-02-05 10:52:35,011 INFO  n.e.o.c.TopologySteps               - deleting ornl-rt4                                           
2019-02-05 10:52:35,012 INFO  n.e.o.c.TopologySteps               - deleting netl-mgn-rt1:xe-2/0/2                              
2019-02-05 10:52:35,013 INFO  n.e.o.c.TopologySteps               - deleting netl-mgn-rt1:xe-2/0/0                              
2019-02-05 10:52:35,013 INFO  n.e.o.c.TopologySteps               - deleting netl-mgn-rt1:xe-2/0/1                              
2019-02-05 10:52:35,013 INFO  n.e.o.c.TopologySteps               - deleting netl-mgn-rt1:xe-2/0/3                              
2019-02-05 10:52:35,013 INFO  n.e.o.c.TopologySteps               - deleting netl-mgn-rt1                                       
2019-02-05 10:52:35,016 INFO  n.e.o.c.TopologySteps               - deleting cern-773-cr5:1/1/1                                 
2019-02-05 10:52:35,016 INFO  n.e.o.c.TopologySteps               - deleting cern-773-cr5:BLANK                                 
2019-02-05 10:52:35,016 INFO  n.e.o.c.TopologySteps               - deleting cern-773-cr5:10/1/2                                
2019-02-05 10:52:35,017 INFO  n.e.o.c.TopologySteps               - deleting cern-773-cr5:10/1/1                                
2019-02-05 10:52:35,017 INFO  n.e.o.c.TopologySteps               - deleting cern-773-cr5:2/1/1                                 
2019-02-05 10:52:35,017 INFO  n.e.o.c.TopologySteps               - deleting cern-773-cr5:10/1/3                                
2019-02-05 10:52:35,017 INFO  n.e.o.c.TopologySteps               - deleting cern-773-cr5                                       
2019-02-05 10:52:35,019 INFO  n.e.o.c.TopologySteps               - deleting nash-cr5:4/1/1                                     
2019-02-05 10:52:35,020 INFO  n.e.o.c.TopologySteps               - deleting nash-cr5:1/2/1                                     
2019-02-05 10:52:35,020 INFO  n.e.o.c.TopologySteps               - deleting nash-cr5:1/1/1                                     
2019-02-05 10:52:35,020 INFO  n.e.o.c.TopologySteps               - deleting nash-cr5:3/1/1                                     
2019-02-05 10:52:35,020 INFO  n.e.o.c.TopologySteps               - deleting nash-cr5:10/1/6                                    
2019-02-05 10:52:35,020 INFO  n.e.o.c.TopologySteps               - deleting nash-cr5:10/1/4                                    
2019-02-05 10:52:35,020 INFO  n.e.o.c.TopologySteps               - deleting nash-cr5:2/1/1                                     
2019-02-05 10:52:35,021 INFO  n.e.o.c.TopologySteps               - deleting nash-cr5:10/1/5                                    
2019-02-05 10:52:35,021 INFO  n.e.o.c.TopologySteps               - deleting nash-cr5:10/1/3                                    
2019-02-05 10:52:35,021 INFO  n.e.o.c.TopologySteps               - deleting nash-cr5:4/2/1                                     
2019-02-05 10:52:35,021 INFO  n.e.o.c.TopologySteps               - deleting nash-cr5                                           
2019-02-05 10:52:35,023 INFO  n.e.o.c.TopologySteps               - deleting elpa-cr5:2/1/1                                     
2019-02-05 10:52:35,023 INFO  n.e.o.c.TopologySteps               - deleting elpa-cr5:10/1/4                                    
2019-02-05 10:52:35,023 INFO  n.e.o.c.TopologySteps               - deleting elpa-cr5:10/1/5                                    
2019-02-05 10:52:35,023 INFO  n.e.o.c.TopologySteps               - deleting elpa-cr5:3/1/1                                     
2019-02-05 10:52:35,024 INFO  n.e.o.c.TopologySteps               - deleting elpa-cr5:1/1/1                                     
2019-02-05 10:52:35,024 INFO  n.e.o.c.TopologySteps               - deleting elpa-cr5:10/1/3                                    
2019-02-05 10:52:35,024 INFO  n.e.o.c.TopologySteps               - deleting elpa-cr5                                           
2019-02-05 10:52:35,027 INFO  n.e.o.c.TopologySteps               - deleting sacr-cr5:10/2/6                                    
2019-02-05 10:52:35,027 INFO  n.e.o.c.TopologySteps               - deleting sacr-cr5:5/1/1                                     
2019-02-05 10:52:35,027 INFO  n.e.o.c.TopologySteps               - deleting sacr-cr5:10/1/6                                    
2019-02-05 10:52:35,027 INFO  n.e.o.c.TopologySteps               - deleting sacr-cr5:1/1/1                                     
2019-02-05 10:52:35,027 INFO  n.e.o.c.TopologySteps               - deleting sacr-cr5:10/2/1                                    
2019-02-05 10:52:35,027 INFO  n.e.o.c.TopologySteps               - deleting sacr-cr5:3/1/1                                     
2019-02-05 10:52:35,027 INFO  n.e.o.c.TopologySteps               - deleting sacr-cr5:4/1/1                                     
2019-02-05 10:52:35,028 INFO  n.e.o.c.TopologySteps               - deleting sacr-cr5:10/2/3                                    
2019-02-05 10:52:35,028 INFO  n.e.o.c.TopologySteps               - deleting sacr-cr5:10/2/5                                    
2019-02-05 10:52:35,028 INFO  n.e.o.c.TopologySteps               - deleting sacr-cr5:10/1/2                                    
2019-02-05 10:52:35,028 INFO  n.e.o.c.TopologySteps               - deleting sacr-cr5:10/1/4                                    
2019-02-05 10:52:35,028 INFO  n.e.o.c.TopologySteps               - deleting sacr-cr5:2/1/1                                     
2019-02-05 10:52:35,028 INFO  n.e.o.c.TopologySteps               - deleting sacr-cr5:10/2/4                                    
2019-02-05 10:52:35,028 INFO  n.e.o.c.TopologySteps               - deleting sacr-cr5:10/2/2                                    
2019-02-05 10:52:35,028 INFO  n.e.o.c.TopologySteps               - deleting sacr-cr5:10/1/1                                    
2019-02-05 10:52:35,028 INFO  n.e.o.c.TopologySteps               - deleting sacr-cr5                                           
2019-02-05 10:52:35,029 INFO  n.e.o.c.TopologySteps               - deleting snla-rt3:xe-0/0/0                                  
2019-02-05 10:52:35,030 INFO  n.e.o.c.TopologySteps               - deleting snla-rt3:xe-1/2/0                                  
2019-02-05 10:52:35,030 INFO  n.e.o.c.TopologySteps               - deleting snla-rt3:ge-1/0/2                                  
2019-02-05 10:52:35,030 INFO  n.e.o.c.TopologySteps               - deleting snla-rt3                                           
2019-02-05 10:52:35,032 INFO  n.e.o.c.TopologySteps               - deleting lsvn-cr1:ge-1/1/1                                  
2019-02-05 10:52:35,032 INFO  n.e.o.c.TopologySteps               - deleting lsvn-cr1:ge-1/0/1                                  
2019-02-05 10:52:35,033 INFO  n.e.o.c.TopologySteps               - deleting lsvn-cr1:xe-2/1/0                                  
2019-02-05 10:52:35,033 INFO  n.e.o.c.TopologySteps               - deleting lsvn-cr1:xe-1/2/0                                  
2019-02-05 10:52:35,033 INFO  n.e.o.c.TopologySteps               - deleting lsvn-cr1:ge-1/1/0                                  
2019-02-05 10:52:35,033 INFO  n.e.o.c.TopologySteps               - deleting lsvn-cr1:ge-1/1/5                                  
2019-02-05 10:52:35,033 INFO  n.e.o.c.TopologySteps               - deleting lsvn-cr1:xe-2/0/0                                  
2019-02-05 10:52:35,033 INFO  n.e.o.c.TopologySteps               - deleting lsvn-cr1:xe-2/2/0                                  
2019-02-05 10:52:35,033 INFO  n.e.o.c.TopologySteps               - deleting lsvn-cr1:ge-1/0/0                                  
2019-02-05 10:52:35,033 INFO  n.e.o.c.TopologySteps               - deleting lsvn-cr1                                           
2019-02-05 10:52:35,037 INFO  n.e.o.c.TopologySteps               - deleting sunn-cr5:10/2/4                                    
2019-02-05 10:52:35,038 INFO  n.e.o.c.TopologySteps               - deleting sunn-cr5:10/2/6                                    
2019-02-05 10:52:35,038 INFO  n.e.o.c.TopologySteps               - deleting sunn-cr5:4/1/1                                     
2019-02-05 10:52:35,038 INFO  n.e.o.c.TopologySteps               - deleting sunn-cr5:10/1/5                                    
2019-02-05 10:52:35,038 INFO  n.e.o.c.TopologySteps               - deleting sunn-cr5:8/1/1                                     
2019-02-05 10:52:35,038 INFO  n.e.o.c.TopologySteps               - deleting sunn-cr5:1/1/1                                     
2019-02-05 10:52:35,038 INFO  n.e.o.c.TopologySteps               - deleting sunn-cr5:2/1/1                                     
2019-02-05 10:52:35,039 INFO  n.e.o.c.TopologySteps               - deleting sunn-cr5:7/2/1                                     
2019-02-05 10:52:35,039 INFO  n.e.o.c.TopologySteps               - deleting sunn-cr5:5/1/1                                     
2019-02-05 10:52:35,039 INFO  n.e.o.c.TopologySteps               - deleting sunn-cr5:7/1/1                                     
2019-02-05 10:52:35,039 INFO  n.e.o.c.TopologySteps               - deleting sunn-cr5:10/1/2                                    
2019-02-05 10:52:35,039 INFO  n.e.o.c.TopologySteps               - deleting sunn-cr5:10/2/2                                    
2019-02-05 10:52:35,039 INFO  n.e.o.c.TopologySteps               - deleting sunn-cr5:9/1/2                                     
2019-02-05 10:52:35,039 INFO  n.e.o.c.TopologySteps               - deleting sunn-cr5:10/2/3                                    
2019-02-05 10:52:35,039 INFO  n.e.o.c.TopologySteps               - deleting sunn-cr5:10/1/6                                    
2019-02-05 10:52:35,039 INFO  n.e.o.c.TopologySteps               - deleting sunn-cr5:9/1/3                                     
2019-02-05 10:52:35,040 INFO  n.e.o.c.TopologySteps               - deleting sunn-cr5:9/1/1                                     
2019-02-05 10:52:35,040 INFO  n.e.o.c.TopologySteps               - deleting sunn-cr5:10/2/1                                    
2019-02-05 10:52:35,040 INFO  n.e.o.c.TopologySteps               - deleting sunn-cr5:10/2/5                                    
2019-02-05 10:52:35,040 INFO  n.e.o.c.TopologySteps               - deleting sunn-cr5:10/1/1                                    
2019-02-05 10:52:35,040 INFO  n.e.o.c.TopologySteps               - deleting sunn-cr5:10/1/4                                    
2019-02-05 10:52:35,040 INFO  n.e.o.c.TopologySteps               - deleting sunn-cr5:2/2/1                                     
2019-02-05 10:52:35,040 INFO  n.e.o.c.TopologySteps               - deleting sunn-cr5:5/2/1                                     
2019-02-05 10:52:35,040 INFO  n.e.o.c.TopologySteps               - deleting sunn-cr5:9/1/5                                     
2019-02-05 10:52:35,041 INFO  n.e.o.c.TopologySteps               - deleting sunn-cr5:10/1/3                                    
2019-02-05 10:52:35,041 INFO  n.e.o.c.TopologySteps               - deleting sunn-cr5:8/2/1                                     
2019-02-05 10:52:35,041 INFO  n.e.o.c.TopologySteps               - deleting sunn-cr5                                           
2019-02-05 10:52:35,043 INFO  n.e.o.c.TopologySteps               - deleting netl-pgh-rt1:xe-2/0/0                              
2019-02-05 10:52:35,043 INFO  n.e.o.c.TopologySteps               - deleting netl-pgh-rt1:xe-2/0/3                              
2019-02-05 10:52:35,043 INFO  n.e.o.c.TopologySteps               - deleting netl-pgh-rt1:xe-2/0/2                              
2019-02-05 10:52:35,043 INFO  n.e.o.c.TopologySteps               - deleting netl-pgh-rt1:xe-2/0/1                              
2019-02-05 10:52:35,044 INFO  n.e.o.c.TopologySteps               - deleting netl-pgh-rt1                                       
2019-02-05 10:52:35,047 INFO  n.e.o.c.TopologySteps               - deleting llnl-mr2:xe-1/3/0                                  
2019-02-05 10:52:35,047 INFO  n.e.o.c.TopologySteps               - deleting llnl-mr2:ae0                                       
2019-02-05 10:52:35,048 INFO  n.e.o.c.TopologySteps               - deleting llnl-mr2:xe-1/0/0                                  
2019-02-05 10:52:35,048 INFO  n.e.o.c.TopologySteps               - deleting llnl-mr2:xe-2/0/0                                  
2019-02-05 10:52:35,048 INFO  n.e.o.c.TopologySteps               - deleting llnl-mr2:xe-2/1/0                                  
2019-02-05 10:52:35,048 INFO  n.e.o.c.TopologySteps               - deleting llnl-mr2:xe-0/1/0                                  
2019-02-05 10:52:35,048 INFO  n.e.o.c.TopologySteps               - deleting llnl-mr2:ge-3/0/1                                  
2019-02-05 10:52:35,048 INFO  n.e.o.c.TopologySteps               - deleting llnl-mr2:xe-0/0/0                                  
2019-02-05 10:52:35,048 INFO  n.e.o.c.TopologySteps               - deleting llnl-mr2:xe-3/2/0                                  
2019-02-05 10:52:35,048 INFO  n.e.o.c.TopologySteps               - deleting llnl-mr2:ge-3/0/0                                  
2019-02-05 10:52:35,049 INFO  n.e.o.c.TopologySteps               - deleting llnl-mr2:xe-2/2/0                                  
2019-02-05 10:52:35,049 INFO  n.e.o.c.TopologySteps               - deleting llnl-mr2:xe-0/2/0                                  
2019-02-05 10:52:35,049 INFO  n.e.o.c.TopologySteps               - deleting llnl-mr2                                           
2019-02-05 10:52:35,051 INFO  n.e.o.c.TopologySteps               - deleting anl-mr2:xe-0/1/0                                   
2019-02-05 10:52:35,051 INFO  n.e.o.c.TopologySteps               - deleting anl-mr2:xe-1/3/0                                   
2019-02-05 10:52:35,051 INFO  n.e.o.c.TopologySteps               - deleting anl-mr2:ae0                                        
2019-02-05 10:52:35,051 INFO  n.e.o.c.TopologySteps               - deleting anl-mr2:xe-0/0/0                                   
2019-02-05 10:52:35,051 INFO  n.e.o.c.TopologySteps               - deleting anl-mr2:xe-2/3/0                                   
2019-02-05 10:52:35,051 INFO  n.e.o.c.TopologySteps               - deleting anl-mr2                                            
2019-02-05 10:52:35,052 INFO  n.e.o.c.TopologySteps               - deleting llnldc-rt4:ge-1/0/0                                
2019-02-05 10:52:35,052 INFO  n.e.o.c.TopologySteps               - deleting llnldc-rt4                                         
2019-02-05 10:52:35,054 INFO  n.e.o.c.TopologySteps               - deleting chic-cr5:7/1/1                                     
2019-02-05 10:52:35,055 INFO  n.e.o.c.TopologySteps               - deleting chic-cr5:10/1/3                                    
2019-02-05 10:52:35,055 INFO  n.e.o.c.TopologySteps               - deleting chic-cr5:10/1/1                                    
2019-02-05 10:52:35,055 INFO  n.e.o.c.TopologySteps               - deleting chic-cr5:1/1/1                                     
2019-02-05 10:52:35,055 INFO  n.e.o.c.TopologySteps               - deleting chic-cr5:2/1/1                                     
2019-02-05 10:52:35,055 INFO  n.e.o.c.TopologySteps               - deleting chic-cr5:8/1/1                                     
2019-02-05 10:52:35,055 INFO  n.e.o.c.TopologySteps               - deleting chic-cr5:3/2/1                                     
2019-02-05 10:52:35,055 INFO  n.e.o.c.TopologySteps               - deleting chic-cr5:5/1/1                                     
2019-02-05 10:52:35,055 INFO  n.e.o.c.TopologySteps               - deleting chic-cr5:BLANK                                     
2019-02-05 10:52:35,056 INFO  n.e.o.c.TopologySteps               - deleting chic-cr5:10/1/5                                    
2019-02-05 10:52:35,056 INFO  n.e.o.c.TopologySteps               - deleting chic-cr5:7/2/1                                     
2019-02-05 10:52:35,056 INFO  n.e.o.c.TopologySteps               - deleting chic-cr5:4/1/1                                     
2019-02-05 10:52:35,056 INFO  n.e.o.c.TopologySteps               - deleting chic-cr5:3/1/1                                     
2019-02-05 10:52:35,056 INFO  n.e.o.c.TopologySteps               - deleting chic-cr5:6/2/1                                     
2019-02-05 10:52:35,056 INFO  n.e.o.c.TopologySteps               - deleting chic-cr5:10/1/7                                    
2019-02-05 10:52:35,056 INFO  n.e.o.c.TopologySteps               - deleting chic-cr5:6/1/1                                     
2019-02-05 10:52:35,056 INFO  n.e.o.c.TopologySteps               - deleting chic-cr5:10/1/4                                    
2019-02-05 10:52:35,056 INFO  n.e.o.c.TopologySteps               - deleting chic-cr5                                           
2019-02-05 10:52:35,057 INFO  n.e.o.c.TopologySteps               - deleting slac-mr2:xe-1/1/0                                  
2019-02-05 10:52:35,058 INFO  n.e.o.c.TopologySteps               - deleting slac-mr2:xe-1/3/0                                  
2019-02-05 10:52:35,058 INFO  n.e.o.c.TopologySteps               - deleting slac-mr2:xe-0/1/0                                  
2019-02-05 10:52:35,058 INFO  n.e.o.c.TopologySteps               - deleting slac-mr2:xe-1/2/0                                  
2019-02-05 10:52:35,058 INFO  n.e.o.c.TopologySteps               - deleting slac-mr2:xe-0/0/0                                  
2019-02-05 10:52:35,058 INFO  n.e.o.c.TopologySteps               - deleting slac-mr2:xe-0/2/0                                  
2019-02-05 10:52:35,058 INFO  n.e.o.c.TopologySteps               - deleting slac-mr2                                           
2019-02-05 10:52:35,059 INFO  n.e.o.c.TopologySteps               - deleting lond-cr5:5/1/1                                     
2019-02-05 10:52:35,060 INFO  n.e.o.c.TopologySteps               - deleting lond-cr5:1/2/1                                     
2019-02-05 10:52:35,060 INFO  n.e.o.c.TopologySteps               - deleting lond-cr5:10/1/4                                    
2019-02-05 10:52:35,060 INFO  n.e.o.c.TopologySteps               - deleting lond-cr5:10/1/2                                    
2019-02-05 10:52:35,060 INFO  n.e.o.c.TopologySteps               - deleting lond-cr5:2/1/1                                     
2019-02-05 10:52:35,060 INFO  n.e.o.c.TopologySteps               - deleting lond-cr5:1/1/1                                     
2019-02-05 10:52:35,060 INFO  n.e.o.c.TopologySteps               - deleting lond-cr5:2/2/1                                     
2019-02-05 10:52:35,060 INFO  n.e.o.c.TopologySteps               - deleting lond-cr5:10/1/1                                    
2019-02-05 10:52:35,060 INFO  n.e.o.c.TopologySteps               - deleting lond-cr5:3/1/1                                     
2019-02-05 10:52:35,061 INFO  n.e.o.c.TopologySteps               - deleting lond-cr5                                           
2019-02-05 10:52:35,063 INFO  n.e.o.c.TopologySteps               - deleting eqx-chi-cr5:1/1/1                                  
2019-02-05 10:52:35,063 INFO  n.e.o.c.TopologySteps               - deleting eqx-chi-cr5:1/2/1                                  
2019-02-05 10:52:35,063 INFO  n.e.o.c.TopologySteps               - deleting eqx-chi-cr5:2/1/1                                  
2019-02-05 10:52:35,063 INFO  n.e.o.c.TopologySteps               - deleting eqx-chi-cr5:10/1/2                                 
2019-02-05 10:52:35,064 INFO  n.e.o.c.TopologySteps               - deleting eqx-chi-cr5:10/1/3                                 
2019-02-05 10:52:35,064 INFO  n.e.o.c.TopologySteps               - deleting eqx-chi-cr5:BLANK                                  
2019-02-05 10:52:35,064 INFO  n.e.o.c.TopologySteps               - deleting eqx-chi-cr5:10/1/1                                 
2019-02-05 10:52:35,074 INFO  n.e.o.c.TopologySteps               - deleting eqx-chi-cr5                                        
2019-02-05 10:52:35,076 INFO  n.e.o.c.TopologySteps               - deleting newy-cr5:10/1/2                                    
2019-02-05 10:52:35,077 INFO  n.e.o.c.TopologySteps               - deleting newy-cr5:9/1/1                                     
2019-02-05 10:52:35,077 INFO  n.e.o.c.TopologySteps               - deleting newy-cr5:4/1/1                                     
2019-02-05 10:52:35,077 INFO  n.e.o.c.TopologySteps               - deleting newy-cr5:9/1/4                                     
2019-02-05 10:52:35,077 INFO  n.e.o.c.TopologySteps               - deleting newy-cr5:2/1/1                                     
2019-02-05 10:52:35,077 INFO  n.e.o.c.TopologySteps               - deleting newy-cr5:10/1/9                                    
2019-02-05 10:52:35,077 INFO  n.e.o.c.TopologySteps               - deleting newy-cr5:3/1/1                                     
2019-02-05 10:52:35,077 INFO  n.e.o.c.TopologySteps               - deleting newy-cr5:10/1/3                                    
2019-02-05 10:52:35,078 INFO  n.e.o.c.TopologySteps               - deleting newy-cr5:4/2/1                                     
2019-02-05 10:52:35,078 INFO  n.e.o.c.TopologySteps               - deleting newy-cr5                                           
2019-02-05 10:52:35,079 INFO  n.e.o.c.TopologySteps               - deleting netl-alb-rt1:xe-2/0/3                              
2019-02-05 10:52:35,079 INFO  n.e.o.c.TopologySteps               - deleting netl-alb-rt1:xe-2/0/0                              
2019-02-05 10:52:35,079 INFO  n.e.o.c.TopologySteps               - deleting netl-alb-rt1:xe-2/0/2                              
2019-02-05 10:52:35,079 INFO  n.e.o.c.TopologySteps               - deleting netl-alb-rt1:xe-2/0/1                              
2019-02-05 10:52:35,080 INFO  n.e.o.c.TopologySteps               - deleting netl-alb-rt1                                       
2019-02-05 10:52:35,081 INFO  n.e.o.c.TopologySteps               - deleting jgi-mr2:xe-1/3/0                                   
2019-02-05 10:52:35,081 INFO  n.e.o.c.TopologySteps               - deleting jgi-mr2:xe-0/2/0                                   
2019-02-05 10:52:35,081 INFO  n.e.o.c.TopologySteps               - deleting jgi-mr2:xe-2/2/0                                   
2019-02-05 10:52:35,081 INFO  n.e.o.c.TopologySteps               - deleting jgi-mr2:xe-1/1/0                                   
2019-02-05 10:52:35,081 INFO  n.e.o.c.TopologySteps               - deleting jgi-mr2                                            
2019-02-05 10:52:35,084 INFO  n.e.o.c.TopologySteps               - deleting eqx-ash-cr5:2/1/1                                  
2019-02-05 10:52:35,084 INFO  n.e.o.c.TopologySteps               - deleting eqx-ash-cr5:10/1/6                                 
2019-02-05 10:52:35,084 INFO  n.e.o.c.TopologySteps               - deleting eqx-ash-cr5:10/1/1                                 
2019-02-05 10:52:35,085 INFO  n.e.o.c.TopologySteps               - deleting eqx-ash-cr5:1/2/1                                  
2019-02-05 10:52:35,085 INFO  n.e.o.c.TopologySteps               - deleting eqx-ash-cr5:1/1/1                                  
2019-02-05 10:52:35,085 INFO  n.e.o.c.TopologySteps               - deleting eqx-ash-cr5:10/2/6                                 
2019-02-05 10:52:35,085 INFO  n.e.o.c.TopologySteps               - deleting eqx-ash-cr5:10/1/2                                 
2019-02-05 10:52:35,085 INFO  n.e.o.c.TopologySteps               - deleting eqx-ash-cr5:10/2/2                                 
2019-02-05 10:52:35,085 INFO  n.e.o.c.TopologySteps               - deleting eqx-ash-cr5:BLANK                                  
2019-02-05 10:52:35,085 INFO  n.e.o.c.TopologySteps               - deleting eqx-ash-cr5:10/2/5                                 
2019-02-05 10:52:35,085 INFO  n.e.o.c.TopologySteps               - deleting eqx-ash-cr5:10/1/5                                 
2019-02-05 10:52:35,086 INFO  n.e.o.c.TopologySteps               - deleting eqx-ash-cr5                                        
2019-02-05 10:52:35,087 INFO  n.e.o.c.TopologySteps               - deleting forr-rt2:ge-0/0/5                                  
2019-02-05 10:52:35,087 INFO  n.e.o.c.TopologySteps               - deleting forr-rt2:ge-0/0/0                                  
2019-02-05 10:52:35,087 INFO  n.e.o.c.TopologySteps               - deleting forr-rt2:ge-0/0/4                                  
2019-02-05 10:52:35,087 INFO  n.e.o.c.TopologySteps               - deleting forr-rt2:ge-0/0/1                                  
2019-02-05 10:52:35,088 INFO  n.e.o.c.TopologySteps               - deleting forr-rt2:ge-0/0/2                                  
2019-02-05 10:52:35,088 INFO  n.e.o.c.TopologySteps               - deleting forr-rt2                                           
2019-02-05 10:52:35,089 INFO  n.e.o.c.TopologySteps               - deleting ornl-cr5:10/1/3                                    
2019-02-05 10:52:35,089 INFO  n.e.o.c.TopologySteps               - deleting ornl-cr5:9/1/4                                     
2019-02-05 10:52:35,089 INFO  n.e.o.c.TopologySteps               - deleting ornl-cr5:7/1/1                                     
2019-02-05 10:52:35,089 INFO  n.e.o.c.TopologySteps               - deleting ornl-cr5:10/1/2                                    
2019-02-05 10:52:35,089 INFO  n.e.o.c.TopologySteps               - deleting ornl-cr5:10/1/1                                    
2019-02-05 10:52:35,090 INFO  n.e.o.c.TopologySteps               - deleting ornl-cr5:6/1/1                                     
2019-02-05 10:52:35,090 INFO  n.e.o.c.TopologySteps               - deleting ornl-cr5                                           
2019-02-05 10:52:35,091 INFO  n.e.o.c.TopologySteps               - deleting fnal-mr2:xe-0/0/0                                  
2019-02-05 10:52:35,091 INFO  n.e.o.c.TopologySteps               - deleting fnal-mr2:xe-8/1/0                                  
2019-02-05 10:52:35,092 INFO  n.e.o.c.TopologySteps               - deleting fnal-mr2:xe-1/1/0                                  
2019-02-05 10:52:35,092 INFO  n.e.o.c.TopologySteps               - deleting fnal-mr2:xe-8/3/0                                  
2019-02-05 10:52:35,092 INFO  n.e.o.c.TopologySteps               - deleting fnal-mr2:xe-1/3/0                                  
2019-02-05 10:52:35,092 INFO  n.e.o.c.TopologySteps               - deleting fnal-mr2:xe-0/2/0                                  
2019-02-05 10:52:35,093 INFO  n.e.o.c.TopologySteps               - deleting fnal-mr2                                           
2019-02-05 10:52:35,094 INFO  n.e.o.c.TopologySteps               - deleting pantex-rt4:ge-0/0/0                                
2019-02-05 10:52:35,094 INFO  n.e.o.c.TopologySteps               - deleting pantex-rt4:ge-0/0/1                                
2019-02-05 10:52:35,094 INFO  n.e.o.c.TopologySteps               - deleting pantex-rt4:ge-0/0/2                                
2019-02-05 10:52:35,094 INFO  n.e.o.c.TopologySteps               - deleting pantex-rt4:ge-0/1/0                                
2019-02-05 10:52:35,095 INFO  n.e.o.c.TopologySteps               - deleting pantex-rt4                                         
2019-02-05 10:52:35,097 INFO  n.e.o.c.TopologySteps               - deleting ameslab-rt3:xe-0/0/0                               
2019-02-05 10:52:35,097 INFO  n.e.o.c.TopologySteps               - deleting ameslab-rt3:xe-0/2/0                               
2019-02-05 10:52:35,097 INFO  n.e.o.c.TopologySteps               - deleting ameslab-rt3:xe-1/0/0                               
2019-02-05 10:52:35,097 INFO  n.e.o.c.TopologySteps               - deleting ameslab-rt3:xe-1/3/0                               
2019-02-05 10:52:35,098 INFO  n.e.o.c.TopologySteps               - deleting ameslab-rt3:xe-1/1/0                               
2019-02-05 10:52:35,098 INFO  n.e.o.c.TopologySteps               - deleting ameslab-rt3:xe-0/1/0                               
2019-02-05 10:52:35,098 INFO  n.e.o.c.TopologySteps               - deleting ameslab-rt3                                        
2019-02-05 10:52:35,099 INFO  n.e.o.c.TopologySteps               - deleting hous-cr5:2/1/1                                     
2019-02-05 10:52:35,100 INFO  n.e.o.c.TopologySteps               - deleting hous-cr5:1/1/1                                     
2019-02-05 10:52:35,100 INFO  n.e.o.c.TopologySteps               - deleting hous-cr5:3/1/1                                     
2019-02-05 10:52:35,100 INFO  n.e.o.c.TopologySteps               - deleting hous-cr5:4/1/1                                     
2019-02-05 10:52:35,100 INFO  n.e.o.c.TopologySteps               - deleting hous-cr5:10/1/4                                    
2019-02-05 10:52:35,100 INFO  n.e.o.c.TopologySteps               - deleting hous-cr5:10/1/3                                    
2019-02-05 10:52:35,101 INFO  n.e.o.c.TopologySteps               - deleting hous-cr5                                           
2019-02-05 10:52:35,103 INFO  n.e.o.c.TopologySteps               - deleting aofa-cr5:4/2/1                                     
2019-02-05 10:52:35,104 INFO  n.e.o.c.TopologySteps               - deleting aofa-cr5:2/1/1                                     
2019-02-05 10:52:35,104 INFO  n.e.o.c.TopologySteps               - deleting aofa-cr5:4/1/1                                     
2019-02-05 10:52:35,104 INFO  n.e.o.c.TopologySteps               - deleting aofa-cr5:9/1/5                                     
2019-02-05 10:52:35,104 INFO  n.e.o.c.TopologySteps               - deleting aofa-cr5:10/1/9                                    
2019-02-05 10:52:35,104 INFO  n.e.o.c.TopologySteps               - deleting aofa-cr5:10/1/8                                    
2019-02-05 10:52:35,104 INFO  n.e.o.c.TopologySteps               - deleting aofa-cr5:10/1/1                                    
2019-02-05 10:52:35,104 INFO  n.e.o.c.TopologySteps               - deleting aofa-cr5:3/1/1                                     
2019-02-05 10:52:35,104 INFO  n.e.o.c.TopologySteps               - deleting aofa-cr5:6/2/1                                     
2019-02-05 10:52:35,104 INFO  n.e.o.c.TopologySteps               - deleting aofa-cr5:1/1/1                                     
2019-02-05 10:52:35,104 INFO  n.e.o.c.TopologySteps               - deleting aofa-cr5:10/1/2                                    
2019-02-05 10:52:35,105 INFO  n.e.o.c.TopologySteps               - deleting aofa-cr5:5/1/1                                     
2019-02-05 10:52:35,105 INFO  n.e.o.c.TopologySteps               - deleting aofa-cr5:9/1/1                                     
2019-02-05 10:52:35,105 INFO  n.e.o.c.TopologySteps               - deleting aofa-cr5:7/2/1                                     
2019-02-05 10:52:35,105 INFO  n.e.o.c.TopologySteps               - deleting aofa-cr5                                           
2019-02-05 10:52:35,105 INFO  n.e.o.c.TopologySteps               - deleting osti-rt2:xe-1/2/0                                  
2019-02-05 10:52:35,105 INFO  n.e.o.c.TopologySteps               - deleting osti-rt2:ae0                                       
2019-02-05 10:52:35,105 INFO  n.e.o.c.TopologySteps               - deleting osti-rt2                                           
2019-02-05 10:52:35,107 INFO  n.e.o.c.TopologySteps               - deleting pnwg-cr5:2/1/1                                     
2019-02-05 10:52:35,108 INFO  n.e.o.c.TopologySteps               - deleting pnwg-cr5:10/1/9                                    
2019-02-05 10:52:35,108 INFO  n.e.o.c.TopologySteps               - deleting pnwg-cr5:10/1/4                                    
2019-02-05 10:52:35,108 INFO  n.e.o.c.TopologySteps               - deleting pnwg-cr5:10/1/10                                   
2019-02-05 10:52:35,108 INFO  n.e.o.c.TopologySteps               - deleting pnwg-cr5:1/1/1                                     
2019-02-05 10:52:35,108 INFO  n.e.o.c.TopologySteps               - deleting pnwg-cr5:3/1/1                                     
2019-02-05 10:52:35,108 INFO  n.e.o.c.TopologySteps               - deleting pnwg-cr5:2/2/1                                     
2019-02-05 10:52:35,108 INFO  n.e.o.c.TopologySteps               - deleting pnwg-cr5:10/1/5                                    
2019-02-05 10:52:35,109 INFO  n.e.o.c.TopologySteps               - deleting pnwg-cr5:BLANK                                     
2019-02-05 10:52:35,109 INFO  n.e.o.c.TopologySteps               - deleting pnwg-cr5:9/1/2                                     
2019-02-05 10:52:35,109 INFO  n.e.o.c.TopologySteps               - deleting pnwg-cr5:10/1/2                                    
2019-02-05 10:52:35,109 INFO  n.e.o.c.TopologySteps               - deleting pnwg-cr5:10/1/6                                    
2019-02-05 10:52:35,109 INFO  n.e.o.c.TopologySteps               - deleting pnwg-cr5:10/1/3                                    
2019-02-05 10:52:35,109 INFO  n.e.o.c.TopologySteps               - deleting pnwg-cr5                                           
2019-02-05 10:52:35,111 INFO  n.e.o.c.TopologySteps               - deleting amst-cr5:2/1/1                                     
2019-02-05 10:52:35,112 INFO  n.e.o.c.TopologySteps               - deleting amst-cr5:1/2/1                                     
2019-02-05 10:52:35,112 INFO  n.e.o.c.TopologySteps               - deleting amst-cr5:10/2/5                                    
2019-02-05 10:52:35,112 INFO  n.e.o.c.TopologySteps               - deleting amst-cr5:3/1/1                                     
2019-02-05 10:52:35,112 INFO  n.e.o.c.TopologySteps               - deleting amst-cr5:10/1/1                                    
2019-02-05 10:52:35,112 INFO  n.e.o.c.TopologySteps               - deleting amst-cr5:1/1/1                                     
2019-02-05 10:52:35,112 INFO  n.e.o.c.TopologySteps               - deleting amst-cr5:5/1/1                                     
2019-02-05 10:52:35,113 INFO  n.e.o.c.TopologySteps               - deleting amst-cr5:10/1/2                                    
2019-02-05 10:52:35,113 INFO  n.e.o.c.TopologySteps               - deleting amst-cr5                                           
2019-02-05 10:52:35,115 INFO  n.e.o.c.TopologySteps               - deleting albq-cr5:10/1/3                                    
2019-02-05 10:52:35,115 INFO  n.e.o.c.TopologySteps               - deleting albq-cr5:10/1/4                                    
2019-02-05 10:52:35,115 INFO  n.e.o.c.TopologySteps               - deleting albq-cr5:3/1/1                                     
2019-02-05 10:52:35,116 INFO  n.e.o.c.TopologySteps               - deleting albq-cr5:10/1/5                                    
2019-02-05 10:52:35,116 INFO  n.e.o.c.TopologySteps               - deleting albq-cr5:2/1/1                                     
2019-02-05 10:52:35,116 INFO  n.e.o.c.TopologySteps               - deleting albq-cr5:1/1/1                                     
2019-02-05 10:52:35,116 INFO  n.e.o.c.TopologySteps               - deleting albq-cr5:10/1/2                                    
2019-02-05 10:52:35,116 INFO  n.e.o.c.TopologySteps               - deleting albq-cr5                                           
2019-02-05 10:52:35,121 INFO  n.e.o.c.TopologySteps               - deleting lbl-mr2:xe-8/1/0                                   
2019-02-05 10:52:35,122 INFO  n.e.o.c.TopologySteps               - deleting lbl-mr2:xe-2/3/0                                   
2019-02-05 10:52:35,122 INFO  n.e.o.c.TopologySteps               - deleting lbl-mr2:xe-8/3/0                                   
2019-02-05 10:52:35,122 INFO  n.e.o.c.TopologySteps               - deleting lbl-mr2:xe-2/2/0                                   
2019-02-05 10:52:35,122 INFO  n.e.o.c.TopologySteps               - deleting lbl-mr2:ge-9/1/2                                   
2019-02-05 10:52:35,123 INFO  n.e.o.c.TopologySteps               - deleting lbl-mr2:ge-9/1/0                                   
2019-02-05 10:52:35,123 INFO  n.e.o.c.TopologySteps               - deleting lbl-mr2:xe-1/3/0                                   
2019-02-05 10:52:35,123 INFO  n.e.o.c.TopologySteps               - deleting lbl-mr2:xe-2/1/0                                   
2019-02-05 10:52:35,123 INFO  n.e.o.c.TopologySteps               - deleting lbl-mr2:xe-0/2/0                                   
2019-02-05 10:52:35,123 INFO  n.e.o.c.TopologySteps               - deleting lbl-mr2:xe-7/0/0                                   
2019-02-05 10:52:35,123 INFO  n.e.o.c.TopologySteps               - deleting lbl-mr2:xe-7/2/0                                   
2019-02-05 10:52:35,123 INFO  n.e.o.c.TopologySteps               - deleting lbl-mr2:xe-1/1/0                                   
2019-02-05 10:52:35,123 INFO  n.e.o.c.TopologySteps               - deleting lbl-mr2:ge-9/1/8                                   
2019-02-05 10:52:35,123 INFO  n.e.o.c.TopologySteps               - deleting lbl-mr2:ge-9/0/4                                   
2019-02-05 10:52:35,123 INFO  n.e.o.c.TopologySteps               - deleting lbl-mr2:xe-0/1/0                                   
2019-02-05 10:52:35,124 INFO  n.e.o.c.TopologySteps               - deleting lbl-mr2:ae0                                        
2019-02-05 10:52:35,124 INFO  n.e.o.c.TopologySteps               - deleting lbl-mr2                                            
2019-02-05 10:52:35,126 INFO  n.e.o.c.TopologySteps               - deleting denv-cr5:4/1/1                                     
2019-02-05 10:52:35,127 INFO  n.e.o.c.TopologySteps               - deleting denv-cr5:10/1/12                                   
2019-02-05 10:52:35,127 INFO  n.e.o.c.TopologySteps               - deleting denv-cr5:10/1/6                                    
2019-02-05 10:52:35,127 INFO  n.e.o.c.TopologySteps               - deleting denv-cr5:10/1/10                                   
2019-02-05 10:52:35,127 INFO  n.e.o.c.TopologySteps               - deleting denv-cr5:10/1/3                                    
2019-02-05 10:52:35,127 INFO  n.e.o.c.TopologySteps               - deleting denv-cr5:10/1/4                                    
2019-02-05 10:52:35,127 INFO  n.e.o.c.TopologySteps               - deleting denv-cr5:10/1/5                                    
2019-02-05 10:52:35,127 INFO  n.e.o.c.TopologySteps               - deleting denv-cr5:4/2/1                                     
2019-02-05 10:52:35,127 INFO  n.e.o.c.TopologySteps               - deleting denv-cr5:1/1/1                                     
2019-02-05 10:52:35,127 INFO  n.e.o.c.TopologySteps               - deleting denv-cr5:2/1/1                                     
2019-02-05 10:52:35,127 INFO  n.e.o.c.TopologySteps               - deleting denv-cr5:10/1/7                                    
2019-02-05 10:52:35,127 INFO  n.e.o.c.TopologySteps               - deleting denv-cr5:9/1/3                                     
2019-02-05 10:52:35,128 INFO  n.e.o.c.TopologySteps               - deleting denv-cr5:9/1/1                                     
2019-02-05 10:52:35,128 INFO  n.e.o.c.TopologySteps               - deleting denv-cr5:10/1/11                                   
2019-02-05 10:52:35,128 INFO  n.e.o.c.TopologySteps               - deleting denv-cr5:3/1/1                                     
2019-02-05 10:52:35,128 INFO  n.e.o.c.TopologySteps               - deleting denv-cr5                                           
2019-02-05 10:52:35,131 INFO  n.e.o.c.TopologySteps               - deleting star-cr5:3/1/1                                     
2019-02-05 10:52:35,132 INFO  n.e.o.c.TopologySteps               - deleting star-cr5:3/2/1                                     
2019-02-05 10:52:35,132 INFO  n.e.o.c.TopologySteps               - deleting star-cr5:5/1/1                                     
2019-02-05 10:52:35,132 INFO  n.e.o.c.TopologySteps               - deleting star-cr5:1/1/1                                     
2019-02-05 10:52:35,132 INFO  n.e.o.c.TopologySteps               - deleting star-cr5:6/2/1                                     
2019-02-05 10:52:35,132 INFO  n.e.o.c.TopologySteps               - deleting star-cr5:6/1/1                                     
2019-02-05 10:52:35,132 INFO  n.e.o.c.TopologySteps               - deleting star-cr5:8/1/4                                     
2019-02-05 10:52:35,132 INFO  n.e.o.c.TopologySteps               - deleting star-cr5:8/1/2                                     
2019-02-05 10:52:35,133 INFO  n.e.o.c.TopologySteps               - deleting star-cr5:4/2/1                                     
2019-02-05 10:52:35,133 INFO  n.e.o.c.TopologySteps               - deleting star-cr5:BLANK                                     
2019-02-05 10:52:35,133 INFO  n.e.o.c.TopologySteps               - deleting star-cr5:10/1/1                                    
2019-02-05 10:52:35,133 INFO  n.e.o.c.TopologySteps               - deleting star-cr5:10/1/8                                    
2019-02-05 10:52:35,133 INFO  n.e.o.c.TopologySteps               - deleting star-cr5:10/1/10                                   
2019-02-05 10:52:35,133 INFO  n.e.o.c.TopologySteps               - deleting star-cr5:10/1/7                                    
2019-02-05 10:52:35,133 INFO  n.e.o.c.TopologySteps               - deleting star-cr5:4/1/1                                     
2019-02-05 10:52:35,133 INFO  n.e.o.c.TopologySteps               - deleting star-cr5:1/2/1                                     
2019-02-05 10:52:35,133 INFO  n.e.o.c.TopologySteps               - deleting star-cr5:9/1/4                                     
2019-02-05 10:52:35,133 INFO  n.e.o.c.TopologySteps               - deleting star-cr5:8/1/6                                     
2019-02-05 10:52:35,134 INFO  n.e.o.c.TopologySteps               - deleting star-cr5                                           
2019-02-05 10:52:35,135 INFO  n.e.o.c.TopologySteps               - deleting bost-cr5:1/1/1                                     
2019-02-05 10:52:35,136 INFO  n.e.o.c.TopologySteps               - deleting bost-cr5:10/2/3                                    
2019-02-05 10:52:35,136 INFO  n.e.o.c.TopologySteps               - deleting bost-cr5:10/1/2                                    
2019-02-05 10:52:35,136 INFO  n.e.o.c.TopologySteps               - deleting bost-cr5:3/1/1                                     
2019-02-05 10:52:35,136 INFO  n.e.o.c.TopologySteps               - deleting bost-cr5:10/1/6                                    
2019-02-05 10:52:35,136 INFO  n.e.o.c.TopologySteps               - deleting bost-cr5:10/1/5                                    
2019-02-05 10:52:35,136 INFO  n.e.o.c.TopologySteps               - deleting bost-cr5:2/1/1                                     
2019-02-05 10:52:35,136 INFO  n.e.o.c.TopologySteps               - deleting bost-cr5                                           
2019-02-05 10:52:35,225 INFO  n.e.o.c.TopologySteps               - clearing ports                                              
2019-02-05 10:52:35,226 INFO  n.e.o.c.TopologySteps               - clearing versions                                           
2019-02-05 10:52:35,248 DEBUG n.e.o.t.p.TopoPopulator             - Loaded topology from config/test/topo/one.json , config/test/topo/adj_none.json
2019-02-05 10:52:35,250 INFO  n.e.o.t.s.TopoLibrary               -  will add port A:1                                          
2019-02-05 10:52:35,250 INFO  n.e.o.t.s.TopoLibrary               -  will add port A:2                                          
2019-02-05 10:52:35,255 DEBUG n.e.o.t.s.UpdateSvc                 - New version id is: 655                                      
2019-02-05 10:52:35,256 INFO  n.e.o.t.s.UpdateSvc                 - Merging version delta                                       
2019-02-05 10:52:35,263 INFO  n.e.o.t.s.UpdateSvc                 - d: inserting: A                                             
2019-02-05 10:52:35,264 INFO  n.e.o.t.s.UpdateSvc                 - finished merging devices                                    
2019-02-05 10:52:35,264 INFO  n.e.o.t.s.UpdateSvc                 -    inserted       : 1                                       
2019-02-05 10:52:35,264 INFO  n.e.o.t.s.UpdateSvc                 -    ver updated    : 0                                       
2019-02-05 10:52:35,264 INFO  n.e.o.t.s.UpdateSvc                 -     + unchanged      : 0                                    
2019-02-05 10:52:35,264 INFO  n.e.o.t.s.UpdateSvc                 -     + data updated   : 0                                    
2019-02-05 10:52:35,264 INFO  n.e.o.t.s.UpdateSvc                 -    invalidated    :   0                                     
2019-02-05 10:52:35,266 INFO  n.e.o.t.s.UpdateSvc                 - inserting p: A:1 to A                                       
2019-02-05 10:52:35,267 DEBUG n.e.o.t.s.UpdateSvc                 - A:1 656                                                     
2019-02-05 10:52:35,267 INFO  n.e.o.t.s.UpdateSvc                 - inserting p: A:2 to A                                       
2019-02-05 10:52:35,268 DEBUG n.e.o.t.s.UpdateSvc                 - A:1 656                                                     
2019-02-05 10:52:35,268 DEBUG n.e.o.t.s.UpdateSvc                 - A:2 656                                                     
2019-02-05 10:52:35,268 INFO  n.e.o.t.s.UpdateSvc                 - finished merging ports                                      
2019-02-05 10:52:35,268 INFO  n.e.o.t.s.UpdateSvc                 -    inserted     :   2                                       
2019-02-05 10:52:35,268 INFO  n.e.o.t.s.UpdateSvc                 -    ver updated  :   0                                       
2019-02-05 10:52:35,268 INFO  n.e.o.t.s.UpdateSvc                 -    data updated :   0                                       
2019-02-05 10:52:35,268 INFO  n.e.o.t.s.UpdateSvc                 -    invalidated  :   0                                       
2019-02-05 10:52:35,268 INFO  n.e.o.t.s.UpdateSvc                 - finished merging adjacencies                                
2019-02-05 10:52:35,268 INFO  n.e.o.t.s.UpdateSvc                 -    inserted     :   0                                       
2019-02-05 10:52:35,268 INFO  n.e.o.t.s.UpdateSvc                 -    ver updated  :   0                                       
2019-02-05 10:52:35,268 INFO  n.e.o.t.s.UpdateSvc                 -    data updated :   0                                       
2019-02-05 10:52:35,268 INFO  n.e.o.t.s.UpdateSvc                 -    invalidated  :   0                                       
2019-02-05 10:52:35,268 INFO  n.e.o.t.s.UpdateSvc                 - finished merging topology delta.                            
2019-02-05 10:52:35,302 INFO  n.e.o.c.TopologySteps               - clearing adjacencies                                        
2019-02-05 10:52:35,302 INFO  n.e.o.c.TopologySteps               - clearing devices                                            
2019-02-05 10:52:35,305 INFO  n.e.o.c.TopologySteps               - deleting A:1                                                
2019-02-05 10:52:35,305 INFO  n.e.o.c.TopologySteps               - deleting A:2                                                
2019-02-05 10:52:35,306 INFO  n.e.o.c.TopologySteps               - deleting A                                                  
2019-02-05 10:52:35,307 INFO  n.e.o.c.TopologySteps               - clearing ports                                              
2019-02-05 10:52:35,308 INFO  n.e.o.c.TopologySteps               - clearing versions                                           
2019-02-05 10:52:35,318 DEBUG n.e.o.t.p.TopoPopulator             - Loaded topology from config/test/topo/two_routers.json , config/test/topo/adj_a_b_mpls.json
2019-02-05 10:52:35,320 INFO  n.e.o.t.s.TopoLibrary               -  will add port A:1                                          
2019-02-05 10:52:35,321 INFO  n.e.o.t.s.TopoLibrary               -  will add port A:2                                          
2019-02-05 10:52:35,321 INFO  n.e.o.t.s.TopoLibrary               -  will add port B:1                                          
2019-02-05 10:52:35,321 INFO  n.e.o.t.s.TopoLibrary               -  will add port B:2                                          
2019-02-05 10:52:35,324 DEBUG n.e.o.t.s.UpdateSvc                 - New version id is: 659                                      
2019-02-05 10:52:35,325 INFO  n.e.o.t.s.UpdateSvc                 - Merging version delta                                       
2019-02-05 10:52:35,333 INFO  n.e.o.t.s.UpdateSvc                 - d: inserting: A                                             
2019-02-05 10:52:35,334 INFO  n.e.o.t.s.UpdateSvc                 - d: inserting: B                                             
2019-02-05 10:52:35,334 INFO  n.e.o.t.s.UpdateSvc                 - finished merging devices                                    
2019-02-05 10:52:35,334 INFO  n.e.o.t.s.UpdateSvc                 -    inserted       : 2                                       
2019-02-05 10:52:35,334 INFO  n.e.o.t.s.UpdateSvc                 -    ver updated    : 0                                       
2019-02-05 10:52:35,334 INFO  n.e.o.t.s.UpdateSvc                 -     + unchanged      : 0                                    
2019-02-05 10:52:35,334 INFO  n.e.o.t.s.UpdateSvc                 -     + data updated   : 0                                    
2019-02-05 10:52:35,334 INFO  n.e.o.t.s.UpdateSvc                 -    invalidated    :   0                                     
2019-02-05 10:52:35,337 INFO  n.e.o.t.s.UpdateSvc                 - inserting p: A:1 to A                                       
2019-02-05 10:52:35,337 DEBUG n.e.o.t.s.UpdateSvc                 - A:1 660                                                     
2019-02-05 10:52:35,338 INFO  n.e.o.t.s.UpdateSvc                 - inserting p: A:2 to A                                       
2019-02-05 10:52:35,338 DEBUG n.e.o.t.s.UpdateSvc                 - A:1 660                                                     
2019-02-05 10:52:35,338 DEBUG n.e.o.t.s.UpdateSvc                 - A:2 660                                                     
2019-02-05 10:52:35,339 INFO  n.e.o.t.s.UpdateSvc                 - inserting p: B:1 to B                                       
2019-02-05 10:52:35,339 DEBUG n.e.o.t.s.UpdateSvc                 - B:1 661                                                     
2019-02-05 10:52:35,339 INFO  n.e.o.t.s.UpdateSvc                 - inserting p: B:2 to B                                       
2019-02-05 10:52:35,340 DEBUG n.e.o.t.s.UpdateSvc                 - B:1 661                                                     
2019-02-05 10:52:35,340 DEBUG n.e.o.t.s.UpdateSvc                 - B:2 661                                                     
2019-02-05 10:52:35,340 INFO  n.e.o.t.s.UpdateSvc                 - finished merging ports                                      
2019-02-05 10:52:35,340 INFO  n.e.o.t.s.UpdateSvc                 -    inserted     :   4                                       
2019-02-05 10:52:35,340 INFO  n.e.o.t.s.UpdateSvc                 -    ver updated  :   0                                       
2019-02-05 10:52:35,340 INFO  n.e.o.t.s.UpdateSvc                 -    data updated :   0                                       
2019-02-05 10:52:35,340 INFO  n.e.o.t.s.UpdateSvc                 -    invalidated  :   0                                       
2019-02-05 10:52:35,343 INFO  n.e.o.t.s.UpdateSvc                 - inserting pa: A:2 - B:2                                     
2019-02-05 10:52:35,344 INFO  n.e.o.t.s.UpdateSvc                 - inserting pa: B:2 - A:2                                     
2019-02-05 10:52:35,345 INFO  n.e.o.t.s.UpdateSvc                 - finished merging adjacencies                                
2019-02-05 10:52:35,345 INFO  n.e.o.t.s.UpdateSvc                 -    inserted     :   2                                       
2019-02-05 10:52:35,345 INFO  n.e.o.t.s.UpdateSvc                 -    ver updated  :   0                                       
2019-02-05 10:52:35,345 INFO  n.e.o.t.s.UpdateSvc                 -    data updated :   0                                       
2019-02-05 10:52:35,345 INFO  n.e.o.t.s.UpdateSvc                 -    invalidated  :   0                                       
2019-02-05 10:52:35,345 INFO  n.e.o.t.s.UpdateSvc                 - finished merging topology delta.                            
2019-02-05 10:52:35,376 INFO  n.e.o.c.TopologySteps               - clearing adjacencies                                        
2019-02-05 10:52:35,379 INFO  n.e.o.c.TopologySteps               - clearing devices                                            
2019-02-05 10:52:35,380 INFO  n.e.o.c.TopologySteps               - deleting A:1                                                
2019-02-05 10:52:35,380 INFO  n.e.o.c.TopologySteps               - deleting A:2                                                
2019-02-05 10:52:35,381 INFO  n.e.o.c.TopologySteps               - deleting A                                                  
2019-02-05 10:52:35,381 INFO  n.e.o.c.TopologySteps               - deleting B:1                                                
2019-02-05 10:52:35,381 INFO  n.e.o.c.TopologySteps               - deleting B:2                                                
2019-02-05 10:52:35,381 INFO  n.e.o.c.TopologySteps               - deleting B                                                  
2019-02-05 10:52:35,383 INFO  n.e.o.c.TopologySteps               - clearing ports                                              
2019-02-05 10:52:35,383 INFO  n.e.o.c.TopologySteps               - clearing versions                                           
2019-02-05 10:52:35,393 DEBUG n.e.o.t.p.TopoPopulator             - Loaded topology from config/test/topo/router_and_switch.json , config/test/topo/adj_a_b_eth.json
2019-02-05 10:52:35,395 INFO  n.e.o.t.s.TopoLibrary               -  will add port A:1                                          
2019-02-05 10:52:35,395 INFO  n.e.o.t.s.TopoLibrary               -  will add port A:2                                          
2019-02-05 10:52:35,395 INFO  n.e.o.t.s.TopoLibrary               -  will add port B:1                                          
2019-02-05 10:52:35,395 INFO  n.e.o.t.s.TopoLibrary               -  will add port B:2                                          
2019-02-05 10:52:35,399 DEBUG n.e.o.t.s.UpdateSvc                 - New version id is: 668                                      
2019-02-05 10:52:35,400 INFO  n.e.o.t.s.UpdateSvc                 - Merging version delta                                       
2019-02-05 10:52:35,410 INFO  n.e.o.t.s.UpdateSvc                 - d: inserting: A                                             
2019-02-05 10:52:35,411 INFO  n.e.o.t.s.UpdateSvc                 - d: inserting: B                                             
2019-02-05 10:52:35,411 INFO  n.e.o.t.s.UpdateSvc                 - finished merging devices                                    
2019-02-05 10:52:35,411 INFO  n.e.o.t.s.UpdateSvc                 -    inserted       : 2                                       
2019-02-05 10:52:35,411 INFO  n.e.o.t.s.UpdateSvc                 -    ver updated    : 0                                       
2019-02-05 10:52:35,411 INFO  n.e.o.t.s.UpdateSvc                 -     + unchanged      : 0                                    
2019-02-05 10:52:35,411 INFO  n.e.o.t.s.UpdateSvc                 -     + data updated   : 0                                    
2019-02-05 10:52:35,411 INFO  n.e.o.t.s.UpdateSvc                 -    invalidated    :   0                                     
2019-02-05 10:52:35,414 INFO  n.e.o.t.s.UpdateSvc                 - inserting p: A:1 to A                                       
2019-02-05 10:52:35,414 DEBUG n.e.o.t.s.UpdateSvc                 - A:1 669                                                     
2019-02-05 10:52:35,415 INFO  n.e.o.t.s.UpdateSvc                 - inserting p: A:2 to A                                       
2019-02-05 10:52:35,415 DEBUG n.e.o.t.s.UpdateSvc                 - A:2 669                                                     
2019-02-05 10:52:35,415 DEBUG n.e.o.t.s.UpdateSvc                 - A:1 669                                                     
2019-02-05 10:52:35,416 INFO  n.e.o.t.s.UpdateSvc                 - inserting p: B:1 to B                                       
2019-02-05 10:52:35,416 DEBUG n.e.o.t.s.UpdateSvc                 - B:1 670                                                     
2019-02-05 10:52:35,416 INFO  n.e.o.t.s.UpdateSvc                 - inserting p: B:2 to B                                       
2019-02-05 10:52:35,417 DEBUG n.e.o.t.s.UpdateSvc                 - B:2 670                                                     
2019-02-05 10:52:35,417 DEBUG n.e.o.t.s.UpdateSvc                 - B:1 670                                                     
2019-02-05 10:52:35,417 INFO  n.e.o.t.s.UpdateSvc                 - finished merging ports                                      
2019-02-05 10:52:35,417 INFO  n.e.o.t.s.UpdateSvc                 -    inserted     :   4                                       
2019-02-05 10:52:35,417 INFO  n.e.o.t.s.UpdateSvc                 -    ver updated  :   0                                       
2019-02-05 10:52:35,417 INFO  n.e.o.t.s.UpdateSvc                 -    data updated :   0                                       
2019-02-05 10:52:35,417 INFO  n.e.o.t.s.UpdateSvc                 -    invalidated  :   0                                       
2019-02-05 10:52:35,420 INFO  n.e.o.t.s.UpdateSvc                 - inserting pa: A:2 - B:2                                     
2019-02-05 10:52:35,421 INFO  n.e.o.t.s.UpdateSvc                 - inserting pa: B:2 - A:2                                     
2019-02-05 10:52:35,422 INFO  n.e.o.t.s.UpdateSvc                 - finished merging adjacencies                                
2019-02-05 10:52:35,422 INFO  n.e.o.t.s.UpdateSvc                 -    inserted     :   2                                       
2019-02-05 10:52:35,422 INFO  n.e.o.t.s.UpdateSvc                 -    ver updated  :   0                                       
2019-02-05 10:52:35,422 INFO  n.e.o.t.s.UpdateSvc                 -    data updated :   0                                       
2019-02-05 10:52:35,422 INFO  n.e.o.t.s.UpdateSvc                 -    invalidated  :   0                                       
2019-02-05 10:52:35,422 INFO  n.e.o.t.s.UpdateSvc                 - finished merging topology delta.                            
2019-02-05 10:52:35,446 INFO  n.e.o.c.TopologySteps               - clearing adjacencies                                        
2019-02-05 10:52:35,449 INFO  n.e.o.c.TopologySteps               - clearing devices                                            
2019-02-05 10:52:35,450 INFO  n.e.o.c.TopologySteps               - deleting A:2                                                
2019-02-05 10:52:35,450 INFO  n.e.o.c.TopologySteps               - deleting A:1                                                
2019-02-05 10:52:35,450 INFO  n.e.o.c.TopologySteps               - deleting A                                                  
2019-02-05 10:52:35,450 INFO  n.e.o.c.TopologySteps               - deleting B:2                                                
2019-02-05 10:52:35,450 INFO  n.e.o.c.TopologySteps               - deleting B:1                                                
2019-02-05 10:52:35,451 INFO  n.e.o.c.TopologySteps               - deleting B                                                  
2019-02-05 10:52:35,452 INFO  n.e.o.c.TopologySteps               - clearing ports                                              
2019-02-05 10:52:35,452 INFO  n.e.o.c.TopologySteps               - clearing versions                                           
2019-02-05 10:52:35,458 DEBUG n.e.o.t.p.TopoPopulator             - Loaded topology from config/test/topo/one.json , config/test/topo/adj_none.json
2019-02-05 10:52:35,459 INFO  n.e.o.t.s.TopoLibrary               -  will add port A:1                                          
2019-02-05 10:52:35,460 INFO  n.e.o.t.s.TopoLibrary               -  will add port A:2                                          
2019-02-05 10:52:35,478 DEBUG n.e.o.t.s.UpdateSvc                 - New version id is: 677                                      
2019-02-05 10:52:35,478 INFO  n.e.o.t.s.UpdateSvc                 - Merging version delta                                       
2019-02-05 10:52:35,485 INFO  n.e.o.t.s.UpdateSvc                 - d: inserting: A                                             
2019-02-05 10:52:35,485 INFO  n.e.o.t.s.UpdateSvc                 - finished merging devices                                    
2019-02-05 10:52:35,485 INFO  n.e.o.t.s.UpdateSvc                 -    inserted       : 1                                       
2019-02-05 10:52:35,485 INFO  n.e.o.t.s.UpdateSvc                 -    ver updated    : 0                                       
2019-02-05 10:52:35,485 INFO  n.e.o.t.s.UpdateSvc                 -     + unchanged      : 0                                    
2019-02-05 10:52:35,485 INFO  n.e.o.t.s.UpdateSvc                 -     + data updated   : 0                                    
2019-02-05 10:52:35,485 INFO  n.e.o.t.s.UpdateSvc                 -    invalidated    :   0                                     
2019-02-05 10:52:35,487 INFO  n.e.o.t.s.UpdateSvc                 - inserting p: A:1 to A                                       
2019-02-05 10:52:35,488 DEBUG n.e.o.t.s.UpdateSvc                 - A:1 678                                                     
2019-02-05 10:52:35,488 INFO  n.e.o.t.s.UpdateSvc                 - inserting p: A:2 to A                                       
2019-02-05 10:52:35,488 DEBUG n.e.o.t.s.UpdateSvc                 - A:1 678                                                     
2019-02-05 10:52:35,488 DEBUG n.e.o.t.s.UpdateSvc                 - A:2 678                                                     
2019-02-05 10:52:35,488 INFO  n.e.o.t.s.UpdateSvc                 - finished merging ports                                      
2019-02-05 10:52:35,488 INFO  n.e.o.t.s.UpdateSvc                 -    inserted     :   2                                       
2019-02-05 10:52:35,488 INFO  n.e.o.t.s.UpdateSvc                 -    ver updated  :   0                                       
2019-02-05 10:52:35,488 INFO  n.e.o.t.s.UpdateSvc                 -    data updated :   0                                       
2019-02-05 10:52:35,488 INFO  n.e.o.t.s.UpdateSvc                 -    invalidated  :   0                                       
2019-02-05 10:52:35,489 INFO  n.e.o.t.s.UpdateSvc                 - finished merging adjacencies                                
2019-02-05 10:52:35,489 INFO  n.e.o.t.s.UpdateSvc                 -    inserted     :   0                                       
2019-02-05 10:52:35,489 INFO  n.e.o.t.s.UpdateSvc                 -    ver updated  :   0                                       
2019-02-05 10:52:35,489 INFO  n.e.o.t.s.UpdateSvc                 -    data updated :   0                                       
2019-02-05 10:52:35,489 INFO  n.e.o.t.s.UpdateSvc                 -    invalidated  :   0                                       
2019-02-05 10:52:35,489 INFO  n.e.o.t.s.UpdateSvc                 - finished merging topology delta.                            
2019-02-05 10:52:35,505 DEBUG n.e.o.t.p.TopoPopulator             - Loaded topology from config/test/topo/two_routers.json , config/test/topo/adj_a_b_mpls.json
2019-02-05 10:52:35,510 INFO  n.e.o.t.s.TopoService               - found 1 devices in version 677                              
2019-02-05 10:52:35,510 INFO  n.e.o.t.s.TopoService               - found 0 adjcies in version 677                              
2019-02-05 10:52:35,512 INFO  n.e.o.t.s.TopoLibrary               -  will add port B:1                                          
2019-02-05 10:52:35,512 INFO  n.e.o.t.s.TopoLibrary               -  will add port B:2                                          
2019-02-05 10:52:35,512 DEBUG n.e.o.t.s.TopoLibrary               - A:2 changed caps                                            
2019-02-05 10:52:35,512 DEBUG n.e.o.t.s.TopoLibrary               - A:2 changed vlans                                           
2019-02-05 10:52:35,526 DEBUG n.e.o.t.s.UpdateSvc                 - Setting previous version to invalid: 677                    
2019-02-05 10:52:35,531 DEBUG n.e.o.t.s.UpdateSvc                 - New version id is: 681                                      
2019-02-05 10:52:35,532 INFO  n.e.o.t.s.UpdateSvc                 - Merging version delta                                       
2019-02-05 10:52:35,544 DEBUG n.e.o.t.s.UpdateSvc                 - will just update version: A                                 
2019-02-05 10:52:35,544 INFO  n.e.o.t.s.UpdateSvc                 - d: inserting: B                                             
2019-02-05 10:52:35,545 DEBUG n.e.o.t.s.UpdateSvc                 - updating version d: A                                       
2019-02-05 10:52:35,545 INFO  n.e.o.t.s.UpdateSvc                 - finished merging devices                                    
2019-02-05 10:52:35,545 INFO  n.e.o.t.s.UpdateSvc                 -    inserted       : 1                                       
2019-02-05 10:52:35,545 INFO  n.e.o.t.s.UpdateSvc                 -    ver updated    : 1                                       
2019-02-05 10:52:35,545 INFO  n.e.o.t.s.UpdateSvc                 -     + unchanged      : 1                                    
2019-02-05 10:52:35,545 INFO  n.e.o.t.s.UpdateSvc                 -     + data updated   : 0                                    
2019-02-05 10:52:35,545 INFO  n.e.o.t.s.UpdateSvc                 -    invalidated    :   0                                     
2019-02-05 10:52:35,547 INFO  n.e.o.t.s.UpdateSvc                 - inserting p: B:1 to B                                       
2019-02-05 10:52:35,548 DEBUG n.e.o.t.s.UpdateSvc                 - B:1 682                                                     
2019-02-05 10:52:35,548 INFO  n.e.o.t.s.UpdateSvc                 - inserting p: B:2 to B                                       
2019-02-05 10:52:35,548 DEBUG n.e.o.t.s.UpdateSvc                 - B:1 682                                                     
2019-02-05 10:52:35,548 DEBUG n.e.o.t.s.UpdateSvc                 - B:2 682                                                     
2019-02-05 10:52:35,549 DEBUG n.e.o.t.s.UpdateSvc                 - updating data p: A:2                                        
2019-02-05 10:52:35,549 DEBUG n.e.o.t.s.UpdateSvc                 - A:2 <- caps [MPLS]                                          
2019-02-05 10:52:35,549 DEBUG n.e.o.t.s.UpdateSvc                 - A:2 <- ifce null                                            
2019-02-05 10:52:35,549 DEBUG n.e.o.t.s.UpdateSvc                 - A:2 <- tags : null                                          
2019-02-05 10:52:35,549 DEBUG n.e.o.t.s.UpdateSvc                 - A:2 <- ipv4 null                                            
2019-02-05 10:52:35,549 DEBUG n.e.o.t.s.UpdateSvc                 - A:2 <- ipv6 null                                            
2019-02-05 10:52:35,549 DEBUG n.e.o.t.s.UpdateSvc                 - A:2 <- vlans []                                             
2019-02-05 10:52:35,549 INFO  n.e.o.t.s.UpdateSvc                 - finished merging ports                                      
2019-02-05 10:52:35,549 INFO  n.e.o.t.s.UpdateSvc                 -    inserted     :   2                                       
2019-02-05 10:52:35,549 INFO  n.e.o.t.s.UpdateSvc                 -    ver updated  :   2                                       
2019-02-05 10:52:35,549 INFO  n.e.o.t.s.UpdateSvc                 -    data updated :   1                                       
2019-02-05 10:52:35,549 INFO  n.e.o.t.s.UpdateSvc                 -    invalidated  :   0                                       
2019-02-05 10:52:35,552 INFO  n.e.o.t.s.UpdateSvc                 - inserting pa: A:2 - B:2                                     
2019-02-05 10:52:35,553 INFO  n.e.o.t.s.UpdateSvc                 - inserting pa: B:2 - A:2                                     
2019-02-05 10:52:35,554 INFO  n.e.o.t.s.UpdateSvc                 - finished merging adjacencies                                
2019-02-05 10:52:35,554 INFO  n.e.o.t.s.UpdateSvc                 -    inserted     :   2                                       
2019-02-05 10:52:35,554 INFO  n.e.o.t.s.UpdateSvc                 -    ver updated  :   0                                       
2019-02-05 10:52:35,554 INFO  n.e.o.t.s.UpdateSvc                 -    data updated :   0                                       
2019-02-05 10:52:35,554 INFO  n.e.o.t.s.UpdateSvc                 -    invalidated  :   0                                       
2019-02-05 10:52:35,554 INFO  n.e.o.t.s.UpdateSvc                 - finished merging topology delta.                            
2019-02-05 10:52:35,588 INFO  n.e.o.c.TopologySteps               - clearing adjacencies                                        
2019-02-05 10:52:35,591 INFO  n.e.o.c.TopologySteps               - clearing devices                                            
2019-02-05 10:52:35,592 INFO  n.e.o.c.TopologySteps               - deleting A:1                                                
2019-02-05 10:52:35,593 INFO  n.e.o.c.TopologySteps               - deleting A:2                                                
2019-02-05 10:52:35,593 INFO  n.e.o.c.TopologySteps               - deleting A                                                  
2019-02-05 10:52:35,594 INFO  n.e.o.c.TopologySteps               - deleting B:1                                                
2019-02-05 10:52:35,594 INFO  n.e.o.c.TopologySteps               - deleting B:2                                                
2019-02-05 10:52:35,594 INFO  n.e.o.c.TopologySteps               - deleting B                                                  
2019-02-05 10:52:35,596 INFO  n.e.o.c.TopologySteps               - clearing ports                                              
2019-02-05 10:52:35,596 INFO  n.e.o.c.TopologySteps               - clearing versions                                           
2019-02-05 10:52:35,604 DEBUG n.e.o.t.p.TopoPopulator             - Loaded topology from config/test/topo/two_routers.json , config/test/topo/adj_a_b_mpls.json
2019-02-05 10:52:35,606 INFO  n.e.o.t.s.TopoLibrary               -  will add port A:1                                          
2019-02-05 10:52:35,606 INFO  n.e.o.t.s.TopoLibrary               -  will add port A:2                                          
2019-02-05 10:52:35,606 INFO  n.e.o.t.s.TopoLibrary               -  will add port B:1                                          
2019-02-05 10:52:35,606 INFO  n.e.o.t.s.TopoLibrary               -  will add port B:2                                          
2019-02-05 10:52:35,610 DEBUG n.e.o.t.s.UpdateSvc                 - New version id is: 687                                      
2019-02-05 10:52:35,610 INFO  n.e.o.t.s.UpdateSvc                 - Merging version delta                                       
2019-02-05 10:52:35,620 INFO  n.e.o.t.s.UpdateSvc                 - d: inserting: A                                             
2019-02-05 10:52:35,621 INFO  n.e.o.t.s.UpdateSvc                 - d: inserting: B                                             
2019-02-05 10:52:35,621 INFO  n.e.o.t.s.UpdateSvc                 - finished merging devices                                    
2019-02-05 10:52:35,621 INFO  n.e.o.t.s.UpdateSvc                 -    inserted       : 2                                       
2019-02-05 10:52:35,621 INFO  n.e.o.t.s.UpdateSvc                 -    ver updated    : 0                                       
2019-02-05 10:52:35,621 INFO  n.e.o.t.s.UpdateSvc                 -     + unchanged      : 0                                    
2019-02-05 10:52:35,621 INFO  n.e.o.t.s.UpdateSvc                 -     + data updated   : 0                                    
2019-02-05 10:52:35,621 INFO  n.e.o.t.s.UpdateSvc                 -    invalidated    :   0                                     
2019-02-05 10:52:35,624 INFO  n.e.o.t.s.UpdateSvc                 - inserting p: A:1 to A                                       
2019-02-05 10:52:35,624 DEBUG n.e.o.t.s.UpdateSvc                 - A:1 688                                                     
2019-02-05 10:52:35,624 INFO  n.e.o.t.s.UpdateSvc                 - inserting p: A:2 to A                                       
2019-02-05 10:52:35,624 DEBUG n.e.o.t.s.UpdateSvc                 - A:1 688                                                     
2019-02-05 10:52:35,625 DEBUG n.e.o.t.s.UpdateSvc                 - A:2 688                                                     
2019-02-05 10:52:35,625 INFO  n.e.o.t.s.UpdateSvc                 - inserting p: B:1 to B                                       
2019-02-05 10:52:35,625 DEBUG n.e.o.t.s.UpdateSvc                 - B:1 689                                                     
2019-02-05 10:52:35,625 INFO  n.e.o.t.s.UpdateSvc                 - inserting p: B:2 to B                                       
2019-02-05 10:52:35,626 DEBUG n.e.o.t.s.UpdateSvc                 - B:2 689                                                     
2019-02-05 10:52:35,626 DEBUG n.e.o.t.s.UpdateSvc                 - B:1 689                                                     
2019-02-05 10:52:35,626 INFO  n.e.o.t.s.UpdateSvc                 - finished merging ports                                      
2019-02-05 10:52:35,626 INFO  n.e.o.t.s.UpdateSvc                 -    inserted     :   4                                       
2019-02-05 10:52:35,626 INFO  n.e.o.t.s.UpdateSvc                 -    ver updated  :   0                                       
2019-02-05 10:52:35,626 INFO  n.e.o.t.s.UpdateSvc                 -    data updated :   0                                       
2019-02-05 10:52:35,626 INFO  n.e.o.t.s.UpdateSvc                 -    invalidated  :   0                                       
2019-02-05 10:52:35,628 INFO  n.e.o.t.s.UpdateSvc                 - inserting pa: A:2 - B:2                                     
2019-02-05 10:52:35,629 INFO  n.e.o.t.s.UpdateSvc                 - inserting pa: B:2 - A:2                                     
2019-02-05 10:52:35,630 INFO  n.e.o.t.s.UpdateSvc                 - finished merging adjacencies                                
2019-02-05 10:52:35,630 INFO  n.e.o.t.s.UpdateSvc                 -    inserted     :   2                                       
2019-02-05 10:52:35,630 INFO  n.e.o.t.s.UpdateSvc                 -    ver updated  :   0                                       
2019-02-05 10:52:35,630 INFO  n.e.o.t.s.UpdateSvc                 -    data updated :   0                                       
2019-02-05 10:52:35,630 INFO  n.e.o.t.s.UpdateSvc                 -    invalidated  :   0                                       
2019-02-05 10:52:35,630 INFO  n.e.o.t.s.UpdateSvc                 - finished merging topology delta.                            
2019-02-05 10:52:35,641 DEBUG n.e.o.t.p.TopoPopulator             - Loaded topology from config/test/topo/two_routers.json , config/test/topo/adj_a_b_mpls.json
2019-02-05 10:52:35,645 INFO  n.e.o.t.s.TopoService               - found 2 devices in version 687                              
2019-02-05 10:52:35,646 INFO  n.e.o.t.s.TopoService               - found 2 adjcies in version 687                              
2019-02-05 10:52:35,675 DEBUG n.e.o.t.s.UpdateSvc                 - Setting previous version to invalid: 687                    
2019-02-05 10:52:35,676 DEBUG n.e.o.t.s.UpdateSvc                 - New version id is: 696                                      
2019-02-05 10:52:35,677 INFO  n.e.o.t.s.UpdateSvc                 - Merging version delta                                       
2019-02-05 10:52:35,687 DEBUG n.e.o.t.s.UpdateSvc                 - will just update version: A                                 
2019-02-05 10:52:35,687 DEBUG n.e.o.t.s.UpdateSvc                 - will just update version: B                                 
2019-02-05 10:52:35,687 DEBUG n.e.o.t.s.UpdateSvc                 - updating version d: A                                       
2019-02-05 10:52:35,687 DEBUG n.e.o.t.s.UpdateSvc                 - updating version d: B                                       
2019-02-05 10:52:35,687 INFO  n.e.o.t.s.UpdateSvc                 - finished merging devices                                    
2019-02-05 10:52:35,687 INFO  n.e.o.t.s.UpdateSvc                 -    inserted       : 0                                       
2019-02-05 10:52:35,687 INFO  n.e.o.t.s.UpdateSvc                 -    ver updated    : 2                                       
2019-02-05 10:52:35,687 INFO  n.e.o.t.s.UpdateSvc                 -     + unchanged      : 2                                    
2019-02-05 10:52:35,687 INFO  n.e.o.t.s.UpdateSvc                 -     + data updated   : 0                                    
2019-02-05 10:52:35,688 INFO  n.e.o.t.s.UpdateSvc                 -    invalidated    :   0                                     
2019-02-05 10:52:35,691 INFO  n.e.o.t.s.UpdateSvc                 - finished merging ports                                      
2019-02-05 10:52:35,691 INFO  n.e.o.t.s.UpdateSvc                 -    inserted     :   0                                       
2019-02-05 10:52:35,691 INFO  n.e.o.t.s.UpdateSvc                 -    ver updated  :   4                                       
2019-02-05 10:52:35,691 INFO  n.e.o.t.s.UpdateSvc                 -    data updated :   0                                       
2019-02-05 10:52:35,691 INFO  n.e.o.t.s.UpdateSvc                 -    invalidated  :   0                                       
2019-02-05 10:52:35,696 DEBUG n.e.o.t.s.UpdateSvc                 - updating version pa: A:2 - B:2                              
2019-02-05 10:52:35,696 DEBUG n.e.o.t.s.UpdateSvc                 - updating version pa: B:2 - A:2                              
2019-02-05 10:52:35,696 INFO  n.e.o.t.s.UpdateSvc                 - finished merging adjacencies                                
2019-02-05 10:52:35,696 INFO  n.e.o.t.s.UpdateSvc                 -    inserted     :   0                                       
2019-02-05 10:52:35,696 INFO  n.e.o.t.s.UpdateSvc                 -    ver updated  :   2                                       
2019-02-05 10:52:35,696 INFO  n.e.o.t.s.UpdateSvc                 -    data updated :   0                                       
2019-02-05 10:52:35,696 INFO  n.e.o.t.s.UpdateSvc                 -    invalidated  :   0                                       
2019-02-05 10:52:35,696 INFO  n.e.o.t.s.UpdateSvc                 - finished merging topology delta.                            
2019-02-05 10:52:35,722 INFO  n.e.o.c.TopologySteps               - clearing adjacencies                                        
2019-02-05 10:52:35,726 INFO  n.e.o.c.TopologySteps               - clearing devices                                            
2019-02-05 10:52:35,728 INFO  n.e.o.c.TopologySteps               - deleting A:1                                                
2019-02-05 10:52:35,728 INFO  n.e.o.c.TopologySteps               - deleting A:2                                                
2019-02-05 10:52:35,728 INFO  n.e.o.c.TopologySteps               - deleting A                                                  
2019-02-05 10:52:35,728 INFO  n.e.o.c.TopologySteps               - deleting B:1                                                
2019-02-05 10:52:35,729 INFO  n.e.o.c.TopologySteps               - deleting B:2                                                
2019-02-05 10:52:35,729 INFO  n.e.o.c.TopologySteps               - deleting B                                                  
2019-02-05 10:52:35,730 INFO  n.e.o.c.TopologySteps               - clearing ports                                              
2019-02-05 10:52:35,730 INFO  n.e.o.c.TopologySteps               - clearing versions                                           
2019-02-05 10:52:35,740 DEBUG n.e.o.t.p.TopoPopulator             - Loaded topology from config/test/topo/two_routers.json , config/test/topo/adj_a_b_mpls.json
2019-02-05 10:52:35,741 INFO  n.e.o.t.s.TopoLibrary               -  will add port A:1                                          
2019-02-05 10:52:35,741 INFO  n.e.o.t.s.TopoLibrary               -  will add port A:2                                          
2019-02-05 10:52:35,741 INFO  n.e.o.t.s.TopoLibrary               -  will add port B:1                                          
2019-02-05 10:52:35,741 INFO  n.e.o.t.s.TopoLibrary               -  will add port B:2                                          
2019-02-05 10:52:35,744 DEBUG n.e.o.t.s.UpdateSvc                 - New version id is: 697                                      
2019-02-05 10:52:35,744 INFO  n.e.o.t.s.UpdateSvc                 - Merging version delta                                       
2019-02-05 10:52:35,752 INFO  n.e.o.t.s.UpdateSvc                 - d: inserting: A                                             
2019-02-05 10:52:35,752 INFO  n.e.o.t.s.UpdateSvc                 - d: inserting: B                                             
2019-02-05 10:52:35,752 INFO  n.e.o.t.s.UpdateSvc                 - finished merging devices                                    
2019-02-05 10:52:35,752 INFO  n.e.o.t.s.UpdateSvc                 -    inserted       : 2                                       
2019-02-05 10:52:35,752 INFO  n.e.o.t.s.UpdateSvc                 -    ver updated    : 0                                       
2019-02-05 10:52:35,752 INFO  n.e.o.t.s.UpdateSvc                 -     + unchanged      : 0                                    
2019-02-05 10:52:35,752 INFO  n.e.o.t.s.UpdateSvc                 -     + data updated   : 0                                    
2019-02-05 10:52:35,752 INFO  n.e.o.t.s.UpdateSvc                 -    invalidated    :   0                                     
2019-02-05 10:52:35,754 INFO  n.e.o.t.s.UpdateSvc                 - inserting p: A:1 to A                                       
2019-02-05 10:52:35,755 DEBUG n.e.o.t.s.UpdateSvc                 - A:1 698                                                     
2019-02-05 10:52:35,755 INFO  n.e.o.t.s.UpdateSvc                 - inserting p: A:2 to A                                       
2019-02-05 10:52:35,755 DEBUG n.e.o.t.s.UpdateSvc                 - A:1 698                                                     
2019-02-05 10:52:35,755 DEBUG n.e.o.t.s.UpdateSvc                 - A:2 698                                                     
2019-02-05 10:52:35,756 INFO  n.e.o.t.s.UpdateSvc                 - inserting p: B:1 to B                                       
2019-02-05 10:52:35,756 DEBUG n.e.o.t.s.UpdateSvc                 - B:1 699                                                     
2019-02-05 10:52:35,756 INFO  n.e.o.t.s.UpdateSvc                 - inserting p: B:2 to B                                       
2019-02-05 10:52:35,756 DEBUG n.e.o.t.s.UpdateSvc                 - B:2 699                                                     
2019-02-05 10:52:35,756 DEBUG n.e.o.t.s.UpdateSvc                 - B:1 699                                                     
2019-02-05 10:52:35,756 INFO  n.e.o.t.s.UpdateSvc                 - finished merging ports                                      
2019-02-05 10:52:35,756 INFO  n.e.o.t.s.UpdateSvc                 -    inserted     :   4                                       
2019-02-05 10:52:35,756 INFO  n.e.o.t.s.UpdateSvc                 -    ver updated  :   0                                       
2019-02-05 10:52:35,756 INFO  n.e.o.t.s.UpdateSvc                 -    data updated :   0                                       
2019-02-05 10:52:35,756 INFO  n.e.o.t.s.UpdateSvc                 -    invalidated  :   0                                       
2019-02-05 10:52:35,758 INFO  n.e.o.t.s.UpdateSvc                 - inserting pa: A:2 - B:2                                     
2019-02-05 10:52:35,759 INFO  n.e.o.t.s.UpdateSvc                 - inserting pa: B:2 - A:2                                     
2019-02-05 10:52:35,760 INFO  n.e.o.t.s.UpdateSvc                 - finished merging adjacencies                                
2019-02-05 10:52:35,760 INFO  n.e.o.t.s.UpdateSvc                 -    inserted     :   2                                       
2019-02-05 10:52:35,760 INFO  n.e.o.t.s.UpdateSvc                 -    ver updated  :   0                                       
2019-02-05 10:52:35,760 INFO  n.e.o.t.s.UpdateSvc                 -    data updated :   0                                       
2019-02-05 10:52:35,760 INFO  n.e.o.t.s.UpdateSvc                 -    invalidated  :   0                                       
2019-02-05 10:52:35,760 INFO  n.e.o.t.s.UpdateSvc                 - finished merging topology delta.                            
2019-02-05 10:52:35,765 DEBUG n.e.o.t.p.TopoPopulator             - Loaded topology from config/test/topo/one.json , config/test/topo/adj_none.json
2019-02-05 10:52:35,779 INFO  n.e.o.t.s.TopoService               - found 2 devices in version 697                              
2019-02-05 10:52:35,779 INFO  n.e.o.t.s.TopoService               - found 2 adjcies in version 697                              
2019-02-05 10:52:35,780 INFO  n.e.o.t.s.TopoLibrary               -  will remove port B:1                                       
2019-02-05 10:52:35,780 INFO  n.e.o.t.s.TopoLibrary               -  will remove port B:2                                       
2019-02-05 10:52:35,780 DEBUG n.e.o.t.s.TopoLibrary               - A:2 changed caps                                            
2019-02-05 10:52:35,780 DEBUG n.e.o.t.s.TopoLibrary               - A:2 changed vlans                                           
2019-02-05 10:52:35,793 DEBUG n.e.o.t.s.UpdateSvc                 - Setting previous version to invalid: 697                    
2019-02-05 10:52:35,795 DEBUG n.e.o.t.s.UpdateSvc                 - New version id is: 706                                      
2019-02-05 10:52:35,795 INFO  n.e.o.t.s.UpdateSvc                 - Merging version delta                                       
2019-02-05 10:52:35,810 INFO  n.e.o.t.s.UpdateSvc                 - will invalidate device (and all ports): B                   
2019-02-05 10:52:35,811 DEBUG n.e.o.t.s.UpdateSvc                 - will just update version: A                                 
2019-02-05 10:52:35,813 DEBUG n.e.o.t.s.UpdateSvc                 - updating version d: A                                       
2019-02-05 10:52:35,815 INFO  n.e.o.t.s.UpdateSvc                 - finished merging devices                                    
2019-02-05 10:52:35,816 INFO  n.e.o.t.s.UpdateSvc                 -    inserted       : 0                                       
2019-02-05 10:52:35,816 INFO  n.e.o.t.s.UpdateSvc                 -    ver updated    : 1                                       
2019-02-05 10:52:35,816 INFO  n.e.o.t.s.UpdateSvc                 -     + unchanged      : 1                                    
2019-02-05 10:52:35,816 INFO  n.e.o.t.s.UpdateSvc                 -     + data updated   : 0                                    
2019-02-05 10:52:35,816 INFO  n.e.o.t.s.UpdateSvc                 -    invalidated    :   1                                     
2019-02-05 10:52:35,822 DEBUG n.e.o.t.s.UpdateSvc                 - updating data p: A:2                                        
2019-02-05 10:52:35,822 DEBUG n.e.o.t.s.UpdateSvc                 - A:2 <- caps [ETHERNET]                                      
2019-02-05 10:52:35,822 DEBUG n.e.o.t.s.UpdateSvc                 - A:2 <- ifce null                                            
2019-02-05 10:52:35,822 DEBUG n.e.o.t.s.UpdateSvc                 - A:2 <- tags : null                                          
2019-02-05 10:52:35,822 DEBUG n.e.o.t.s.UpdateSvc                 - A:2 <- ipv4 null                                            
2019-02-05 10:52:35,822 DEBUG n.e.o.t.s.UpdateSvc                 - A:2 <- ipv6 null                                            
2019-02-05 10:52:35,822 DEBUG n.e.o.t.s.UpdateSvc                 - A:2 <- vlans [IntRange(floor=100, ceiling=200)]             
2019-02-05 10:52:35,822 DEBUG n.e.o.t.s.UpdateSvc                 - invalidating port B:1                                       
2019-02-05 10:52:35,823 DEBUG n.e.o.t.s.UpdateSvc                 - B:2                                                         
2019-02-05 10:52:35,823 DEBUG n.e.o.t.s.UpdateSvc                 - B:1                                                         
2019-02-05 10:52:35,823 DEBUG n.e.o.t.s.UpdateSvc                 - invalidating port B:2                                       
2019-02-05 10:52:35,823 DEBUG n.e.o.t.s.UpdateSvc                 - B:2                                                         
2019-02-05 10:52:35,823 DEBUG n.e.o.t.s.UpdateSvc                 - B:1                                                         
2019-02-05 10:52:35,824 INFO  n.e.o.t.s.UpdateSvc                 - finished merging ports                                      
2019-02-05 10:52:35,824 INFO  n.e.o.t.s.UpdateSvc                 -    inserted     :   0                                       
2019-02-05 10:52:35,824 INFO  n.e.o.t.s.UpdateSvc                 -    ver updated  :   2                                       
2019-02-05 10:52:35,824 INFO  n.e.o.t.s.UpdateSvc                 -    data updated :   1                                       
2019-02-05 10:52:35,824 INFO  n.e.o.t.s.UpdateSvc                 -    invalidated  :   2                                       
2019-02-05 10:52:35,826 INFO  n.e.o.t.s.UpdateSvc                 - finished merging adjacencies                                
2019-02-05 10:52:35,826 INFO  n.e.o.t.s.UpdateSvc                 -    inserted     :   0                                       
2019-02-05 10:52:35,826 INFO  n.e.o.t.s.UpdateSvc                 -    ver updated  :   0                                       
2019-02-05 10:52:35,826 INFO  n.e.o.t.s.UpdateSvc                 -    data updated :   0                                       
2019-02-05 10:52:35,826 INFO  n.e.o.t.s.UpdateSvc                 -    invalidated  :   2                                       
2019-02-05 10:52:35,826 INFO  n.e.o.t.s.UpdateSvc                 - finished merging topology delta.                            
2019-02-05 10:52:35,844 INFO  n.e.o.c.TopologySteps               - clearing adjacencies                                        
2019-02-05 10:52:35,846 INFO  n.e.o.c.TopologySteps               - clearing devices                                            
2019-02-05 10:52:35,846 INFO  n.e.o.c.TopologySteps               - deleting A:2                                                
2019-02-05 10:52:35,847 INFO  n.e.o.c.TopologySteps               - deleting A:1                                                
2019-02-05 10:52:35,847 INFO  n.e.o.c.TopologySteps               - deleting A                                                  
2019-02-05 10:52:35,847 INFO  n.e.o.c.TopologySteps               - deleting B:2                                                
2019-02-05 10:52:35,847 INFO  n.e.o.c.TopologySteps               - deleting B:1                                                
2019-02-05 10:52:35,847 INFO  n.e.o.c.TopologySteps               - deleting B                                                  
2019-02-05 10:52:35,848 INFO  n.e.o.c.TopologySteps               - clearing ports                                              
2019-02-05 10:52:35,849 INFO  n.e.o.c.TopologySteps               - clearing versions                                           
2019-02-05 10:52:35,858 DEBUG n.e.o.t.p.TopoPopulator             - Loaded topology from config/test/topo/one.json , config/test/topo/adj_none.json
2019-02-05 10:52:35,860 INFO  n.e.o.t.s.TopoLibrary               -  will add port A:1                                          
2019-02-05 10:52:35,860 INFO  n.e.o.t.s.TopoLibrary               -  will add port A:2                                          
2019-02-05 10:52:35,863 DEBUG n.e.o.t.s.UpdateSvc                 - New version id is: 707                                      
2019-02-05 10:52:35,874 INFO  n.e.o.t.s.UpdateSvc                 - Merging version delta                                       
2019-02-05 10:52:35,880 INFO  n.e.o.t.s.UpdateSvc                 - d: inserting: A                                             
2019-02-05 10:52:35,881 INFO  n.e.o.t.s.UpdateSvc                 - finished merging devices                                    
2019-02-05 10:52:35,881 INFO  n.e.o.t.s.UpdateSvc                 -    inserted       : 1                                       
2019-02-05 10:52:35,881 INFO  n.e.o.t.s.UpdateSvc                 -    ver updated    : 0                                       
2019-02-05 10:52:35,881 INFO  n.e.o.t.s.UpdateSvc                 -     + unchanged      : 0                                    
2019-02-05 10:52:35,881 INFO  n.e.o.t.s.UpdateSvc                 -     + data updated   : 0                                    
2019-02-05 10:52:35,881 INFO  n.e.o.t.s.UpdateSvc                 -    invalidated    :   0                                     
2019-02-05 10:52:35,883 INFO  n.e.o.t.s.UpdateSvc                 - inserting p: A:1 to A                                       
2019-02-05 10:52:35,883 DEBUG n.e.o.t.s.UpdateSvc                 - A:1 708                                                     
2019-02-05 10:52:35,884 INFO  n.e.o.t.s.UpdateSvc                 - inserting p: A:2 to A                                       
2019-02-05 10:52:35,884 DEBUG n.e.o.t.s.UpdateSvc                 - A:2 708                                                     
2019-02-05 10:52:35,884 DEBUG n.e.o.t.s.UpdateSvc                 - A:1 708                                                     
2019-02-05 10:52:35,884 INFO  n.e.o.t.s.UpdateSvc                 - finished merging ports                                      
2019-02-05 10:52:35,884 INFO  n.e.o.t.s.UpdateSvc                 -    inserted     :   2                                       
2019-02-05 10:52:35,884 INFO  n.e.o.t.s.UpdateSvc                 -    ver updated  :   0                                       
2019-02-05 10:52:35,884 INFO  n.e.o.t.s.UpdateSvc                 -    data updated :   0                                       
2019-02-05 10:52:35,884 INFO  n.e.o.t.s.UpdateSvc                 -    invalidated  :   0                                       
2019-02-05 10:52:35,884 INFO  n.e.o.t.s.UpdateSvc                 - finished merging adjacencies                                
2019-02-05 10:52:35,884 INFO  n.e.o.t.s.UpdateSvc                 -    inserted     :   0                                       
2019-02-05 10:52:35,884 INFO  n.e.o.t.s.UpdateSvc                 -    ver updated  :   0                                       
2019-02-05 10:52:35,884 INFO  n.e.o.t.s.UpdateSvc                 -    data updated :   0                                       
2019-02-05 10:52:35,884 INFO  n.e.o.t.s.UpdateSvc                 -    invalidated  :   0                                       
2019-02-05 10:52:35,884 INFO  n.e.o.t.s.UpdateSvc                 - finished merging topology delta.                            
2019-02-05 10:52:35,887 INFO  n.e.o.t.s.TopoService               - updating pathfinding topo to version: 707                   
2019-02-05 10:52:35,889 INFO  n.e.o.t.s.TopoService               - updated with 4 topo adjacencies                             
2019-02-05 11:49:32,606 INFO  n.e.o.c.DesignSteps                 - Starting DesignSteps on sartaj-MacBook-Pro.local with PID 48748 (started by ssbaveja in /Users/ssbaveja/Desktop/Projects/oscars-newtech/backend)
2019-02-05 11:49:32,611 DEBUG n.e.o.c.DesignSteps                 - Running with Spring Boot v1.5.15.RELEASE, Spring v4.3.18.RELEASE
2019-02-05 11:49:32,611 INFO  n.e.o.c.DesignSteps                 - The following profiles are active: test                     
2019-02-05 11:49:37,623 INFO  n.e.o.a.s.JacksonConfig             - customizing jackson                                         
2019-02-06 13:26:27,794 INFO  n.e.o.c.DesignSteps                 - Starting DesignSteps on sartaj-MacBook-Pro.local with PID 63783 (started by ssbaveja in /Users/ssbaveja/Desktop/Projects/oscars-newtech/backend)
2019-02-06 13:26:27,800 DEBUG n.e.o.c.DesignSteps                 - Running with Spring Boot v1.5.15.RELEASE, Spring v4.3.18.RELEASE
2019-02-06 13:26:27,800 INFO  n.e.o.c.DesignSteps                 - The following profiles are active: test                     
2019-02-06 13:26:33,983 INFO  n.e.o.a.s.JacksonConfig             - customizing jackson                                         
2019-02-06 13:26:34,816 INFO  n.e.o.p.s.RestPssServer             - PSS server URL: https://localhost:8002                      
2019-02-06 13:26:37,957 INFO  n.e.o.c.DesignSteps                 - Started DesignSteps in 10.515 seconds (JVM running for 12.033)
2019-02-06 13:26:38,227 INFO  n.e.o.c.TopologySteps               - clearing adjacencies                                        
2019-02-06 13:26:38,265 INFO  n.e.o.c.TopologySteps               - clearing devices                                            
2019-02-06 13:26:38,269 INFO  n.e.o.c.TopologySteps               - clearing ports                                              
2019-02-06 13:26:38,274 INFO  n.e.o.c.TopologySteps               - clearing versions                                           
2019-02-06 13:26:38,438 DEBUG n.e.o.t.p.TopoPopulator             - Loaded topology from config/test/topo/two_routers.json , config/test/topo/adj_a_b_mpls.json
2019-02-06 13:26:38,450 INFO  n.e.o.t.s.TopoLibrary               -  will add port A:1                                          
2019-02-06 13:26:38,450 INFO  n.e.o.t.s.TopoLibrary               -  will add port A:2                                          
2019-02-06 13:26:38,450 INFO  n.e.o.t.s.TopoLibrary               -  will add port B:1                                          
2019-02-06 13:26:38,450 INFO  n.e.o.t.s.TopoLibrary               -  will add port B:2                                          
2019-02-06 13:26:38,547 DEBUG n.e.o.t.s.UpdateSvc                 - New version id is: 1                                        
2019-02-06 13:26:38,552 INFO  n.e.o.t.s.UpdateSvc                 - Merging version delta                                       
2019-02-06 13:26:38,652 INFO  n.e.o.t.s.UpdateSvc                 - d: inserting: A                                             
2019-02-06 13:26:38,668 INFO  n.e.o.t.s.UpdateSvc                 - d: inserting: B                                             
2019-02-06 13:26:38,670 INFO  n.e.o.t.s.UpdateSvc                 - finished merging devices                                    
2019-02-06 13:26:38,670 INFO  n.e.o.t.s.UpdateSvc                 -    inserted       : 2                                       
2019-02-06 13:26:38,670 INFO  n.e.o.t.s.UpdateSvc                 -    ver updated    : 0                                       
2019-02-06 13:26:38,670 INFO  n.e.o.t.s.UpdateSvc                 -     + unchanged      : 0                                    
2019-02-06 13:26:38,670 INFO  n.e.o.t.s.UpdateSvc                 -     + data updated   : 0                                    
2019-02-06 13:26:38,671 INFO  n.e.o.t.s.UpdateSvc                 -    invalidated    :   0                                     
2019-02-06 13:26:38,733 INFO  n.e.o.t.s.UpdateSvc                 - inserting p: A:1 to A                                       
2019-02-06 13:26:38,747 DEBUG n.e.o.t.s.UpdateSvc                 - A:1 2                                                       
2019-02-06 13:26:38,752 INFO  n.e.o.t.s.UpdateSvc                 - inserting p: A:2 to A                                       
2019-02-06 13:26:38,755 DEBUG n.e.o.t.s.UpdateSvc                 - A:2 2                                                       
2019-02-06 13:26:38,756 DEBUG n.e.o.t.s.UpdateSvc                 - A:1 2                                                       
2019-02-06 13:26:38,760 INFO  n.e.o.t.s.UpdateSvc                 - inserting p: B:1 to B                                       
2019-02-06 13:26:38,762 DEBUG n.e.o.t.s.UpdateSvc                 - B:1 3                                                       
2019-02-06 13:26:38,766 INFO  n.e.o.t.s.UpdateSvc                 - inserting p: B:2 to B                                       
2019-02-06 13:26:38,767 DEBUG n.e.o.t.s.UpdateSvc                 - B:2 3                                                       
2019-02-06 13:26:38,768 DEBUG n.e.o.t.s.UpdateSvc                 - B:1 3                                                       
2019-02-06 13:26:38,768 INFO  n.e.o.t.s.UpdateSvc                 - finished merging ports                                      
2019-02-06 13:26:38,768 INFO  n.e.o.t.s.UpdateSvc                 -    inserted     :   4                                       
2019-02-06 13:26:38,768 INFO  n.e.o.t.s.UpdateSvc                 -    ver updated  :   0                                       
2019-02-06 13:26:38,768 INFO  n.e.o.t.s.UpdateSvc                 -    data updated :   0                                       
2019-02-06 13:26:38,769 INFO  n.e.o.t.s.UpdateSvc                 -    invalidated  :   0                                       
2019-02-06 13:26:38,810 INFO  n.e.o.t.s.UpdateSvc                 - inserting pa: A:2 - B:2                                     
2019-02-06 13:26:38,822 INFO  n.e.o.t.s.UpdateSvc                 - inserting pa: B:2 - A:2                                     
2019-02-06 13:26:38,830 INFO  n.e.o.t.s.UpdateSvc                 - finished merging adjacencies                                
2019-02-06 13:26:38,831 INFO  n.e.o.t.s.UpdateSvc                 -    inserted     :   2                                       
2019-02-06 13:26:38,831 INFO  n.e.o.t.s.UpdateSvc                 -    ver updated  :   0                                       
2019-02-06 13:26:38,831 INFO  n.e.o.t.s.UpdateSvc                 -    data updated :   0                                       
2019-02-06 13:26:38,831 INFO  n.e.o.t.s.UpdateSvc                 -    invalidated  :   0                                       
2019-02-06 13:26:38,831 INFO  n.e.o.t.s.UpdateSvc                 - finished merging topology delta.                            
2019-02-06 13:26:38,860 INFO  n.e.o.t.s.TopoService               - updating pathfinding topo to version: 1                     
2019-02-06 13:26:38,946 INFO  n.e.o.t.s.TopoService               - updated with 10 topo adjacencies                            
2019-02-06 13:26:39,093 INFO  n.e.o.r.s.ResvLibrary               - evaluating a pbw: PeriodBandwidth(beginning=1970-01-01T00:01:40Z, ending=1970-01-01T00:04:10Z, bandwidth=10)
2019-02-06 13:26:39,093 INFO  n.e.o.r.s.ResvLibrary               - evaluating a pbw: PeriodBandwidth(beginning=1970-01-01T00:01:40Z, ending=1970-01-01T00:04:10Z, bandwidth=10)
2019-02-06 13:26:39,094 INFO  n.e.o.r.s.ResvLibrary               - evaluating a pbw: PeriodBandwidth(beginning=1970-01-01T00:01:40Z, ending=1970-01-01T00:04:10Z, bandwidth=10)
2019-02-06 13:26:39,094 INFO  n.e.o.r.s.ResvLibrary               - evaluating a pbw: PeriodBandwidth(beginning=1970-01-01T00:01:40Z, ending=1970-01-01T00:04:10Z, bandwidth=10)
2019-02-06 13:26:39,102 INFO  n.e.o.r.s.ResvLibrary               - evaluating a pbw: PeriodBandwidth(beginning=1970-01-01T00:01:40Z, ending=1970-01-01T00:04:10Z, bandwidth=10)
2019-02-06 13:26:39,104 INFO  n.e.o.r.s.ResvLibrary               - adding a pbw: PeriodBandwidth(beginning=1970-01-01T00:01:40Z, ending=1970-01-01T00:04:10Z, bandwidth=10)
2019-02-06 13:26:39,104 INFO  n.e.o.r.s.ResvLibrary               - evaluating a pbw: PeriodBandwidth(beginning=1970-01-01T00:01:40Z, ending=1970-01-01T00:04:10Z, bandwidth=10)
2019-02-06 13:26:39,105 INFO  n.e.o.r.s.ResvLibrary               - adding a pbw: PeriodBandwidth(beginning=1970-01-01T00:01:40Z, ending=1970-01-01T00:04:10Z, bandwidth=10)
2019-02-06 13:26:39,105 INFO  n.e.o.r.s.ResvLibrary               - evaluating a pbw: PeriodBandwidth(beginning=1970-01-01T00:01:40Z, ending=1970-01-01T00:04:10Z, bandwidth=10)
2019-02-06 13:26:39,105 INFO  n.e.o.r.s.ResvLibrary               - adding a pbw: PeriodBandwidth(beginning=1970-01-01T00:01:40Z, ending=1970-01-01T00:04:10Z, bandwidth=10)
2019-02-06 13:26:39,105 INFO  n.e.o.r.s.ResvLibrary               - evaluating a pbw: PeriodBandwidth(beginning=1970-01-01T00:01:40Z, ending=1970-01-01T00:04:10Z, bandwidth=10)
2019-02-06 13:26:39,106 INFO  n.e.o.r.s.ResvLibrary               - adding a pbw: PeriodBandwidth(beginning=1970-01-01T00:01:40Z, ending=1970-01-01T00:04:10Z, bandwidth=10)
2019-02-06 13:26:39,283 INFO  n.e.o.c.TopologySteps               - clearing adjacencies                                        
2019-02-06 13:26:39,316 INFO  n.e.o.c.TopologySteps               - clearing devices                                            
2019-02-06 13:26:39,329 INFO  n.e.o.c.TopologySteps               - deleting A:2                                                
2019-02-06 13:26:39,330 INFO  n.e.o.c.TopologySteps               - deleting A:1                                                
2019-02-06 13:26:39,331 INFO  n.e.o.c.TopologySteps               - deleting A                                                  
2019-02-06 13:26:39,335 INFO  n.e.o.c.TopologySteps               - deleting B:2                                                
2019-02-06 13:26:39,336 INFO  n.e.o.c.TopologySteps               - deleting B:1                                                
2019-02-06 13:26:39,337 INFO  n.e.o.c.TopologySteps               - deleting B                                                  
2019-02-06 13:26:39,343 INFO  n.e.o.c.TopologySteps               - clearing ports                                              
2019-02-06 13:26:39,345 INFO  n.e.o.c.TopologySteps               - clearing versions                                           
2019-02-06 13:26:39,360 DEBUG n.e.o.t.p.TopoPopulator             - Loaded topology from config/test/topo/two_routers.json , config/test/topo/adj_a_b_mpls.json
2019-02-06 13:26:39,363 INFO  n.e.o.t.s.TopoLibrary               -  will add port A:1                                          
2019-02-06 13:26:39,363 INFO  n.e.o.t.s.TopoLibrary               -  will add port A:2                                          
2019-02-06 13:26:39,363 INFO  n.e.o.t.s.TopoLibrary               -  will add port B:1                                          
2019-02-06 13:26:39,363 INFO  n.e.o.t.s.TopoLibrary               -  will add port B:2                                          
2019-02-06 13:26:39,370 DEBUG n.e.o.t.s.UpdateSvc                 - New version id is: 10                                       
2019-02-06 13:26:39,373 INFO  n.e.o.t.s.UpdateSvc                 - Merging version delta                                       
2019-02-06 13:26:39,412 INFO  n.e.o.t.s.UpdateSvc                 - d: inserting: A                                             
2019-02-06 13:26:39,413 INFO  n.e.o.t.s.UpdateSvc                 - d: inserting: B                                             
2019-02-06 13:26:39,414 INFO  n.e.o.t.s.UpdateSvc                 - finished merging devices                                    
2019-02-06 13:26:39,414 INFO  n.e.o.t.s.UpdateSvc                 -    inserted       : 2                                       
2019-02-06 13:26:39,415 INFO  n.e.o.t.s.UpdateSvc                 -    ver updated    : 0                                       
2019-02-06 13:26:39,415 INFO  n.e.o.t.s.UpdateSvc                 -     + unchanged      : 0                                    
2019-02-06 13:26:39,415 INFO  n.e.o.t.s.UpdateSvc                 -     + data updated   : 0                                    
2019-02-06 13:26:39,415 INFO  n.e.o.t.s.UpdateSvc                 -    invalidated    :   0                                     
2019-02-06 13:26:39,433 INFO  n.e.o.t.s.UpdateSvc                 - inserting p: A:1 to A                                       
2019-02-06 13:26:39,436 DEBUG n.e.o.t.s.UpdateSvc                 - A:1 11                                                      
2019-02-06 13:26:39,440 INFO  n.e.o.t.s.UpdateSvc                 - inserting p: A:2 to A                                       
2019-02-06 13:26:39,442 DEBUG n.e.o.t.s.UpdateSvc                 - A:1 11                                                      
2019-02-06 13:26:39,442 DEBUG n.e.o.t.s.UpdateSvc                 - A:2 11                                                      
2019-02-06 13:26:39,445 INFO  n.e.o.t.s.UpdateSvc                 - inserting p: B:1 to B                                       
2019-02-06 13:26:39,447 DEBUG n.e.o.t.s.UpdateSvc                 - B:1 12                                                      
2019-02-06 13:26:39,452 INFO  n.e.o.t.s.UpdateSvc                 - inserting p: B:2 to B                                       
2019-02-06 13:26:39,456 DEBUG n.e.o.t.s.UpdateSvc                 - B:2 12                                                      
2019-02-06 13:26:39,456 DEBUG n.e.o.t.s.UpdateSvc                 - B:1 12                                                      
2019-02-06 13:26:39,457 INFO  n.e.o.t.s.UpdateSvc                 - finished merging ports                                      
2019-02-06 13:26:39,457 INFO  n.e.o.t.s.UpdateSvc                 -    inserted     :   4                                       
2019-02-06 13:26:39,457 INFO  n.e.o.t.s.UpdateSvc                 -    ver updated  :   0                                       
2019-02-06 13:26:39,457 INFO  n.e.o.t.s.UpdateSvc                 -    data updated :   0                                       
2019-02-06 13:26:39,457 INFO  n.e.o.t.s.UpdateSvc                 -    invalidated  :   0                                       
2019-02-06 13:26:39,472 INFO  n.e.o.t.s.UpdateSvc                 - inserting pa: A:2 - B:2                                     
2019-02-06 13:26:39,478 INFO  n.e.o.t.s.UpdateSvc                 - inserting pa: B:2 - A:2                                     
2019-02-06 13:26:39,489 INFO  n.e.o.t.s.UpdateSvc                 - finished merging adjacencies                                
2019-02-06 13:26:39,489 INFO  n.e.o.t.s.UpdateSvc                 -    inserted     :   2                                       
2019-02-06 13:26:39,489 INFO  n.e.o.t.s.UpdateSvc                 -    ver updated  :   0                                       
2019-02-06 13:26:39,489 INFO  n.e.o.t.s.UpdateSvc                 -    data updated :   0                                       
2019-02-06 13:26:39,489 INFO  n.e.o.t.s.UpdateSvc                 -    invalidated  :   0                                       
2019-02-06 13:26:39,489 INFO  n.e.o.t.s.UpdateSvc                 - finished merging topology delta.                            
2019-02-06 13:26:39,497 INFO  n.e.o.t.s.TopoService               - updating pathfinding topo to version: 10                    
2019-02-06 13:26:39,549 INFO  n.e.o.t.s.TopoService               - updated with 10 topo adjacencies                            
2019-02-06 13:26:39,613 INFO  n.e.o.p.DijkstraPCE                 - shortest path cost: 3.0                                     
2019-02-06 13:26:39,616 INFO  n.e.o.p.DijkstraPCE                 - shortest path cost: 3.0                                     
2019-02-06 13:26:39,622 INFO  n.e.o.p.AllPathsPCE                 - long path; using long path max-length (13)                  
2019-02-06 13:26:39,625 INFO  n.e.o.p.AllPathsPCE                 - 1 distinct paths found between A and B found in time PT0.001S
2019-02-06 13:26:39,634 INFO  n.e.o.p.AllPathsPCE                 - widest paths found in time PT0.009S                         
2019-02-06 13:26:40,038 INFO  n.e.o.c.TopologySteps               - clearing adjacencies                                        
2019-02-06 13:26:40,049 INFO  n.e.o.c.TopologySteps               - clearing devices                                            
2019-02-06 13:26:40,054 INFO  n.e.o.c.TopologySteps               - deleting A:1                                                
2019-02-06 13:26:40,055 INFO  n.e.o.c.TopologySteps               - deleting A:2                                                
2019-02-06 13:26:40,055 INFO  n.e.o.c.TopologySteps               - deleting A                                                  
2019-02-06 13:26:40,059 INFO  n.e.o.c.TopologySteps               - deleting B:2                                                
2019-02-06 13:26:40,060 INFO  n.e.o.c.TopologySteps               - deleting B:1                                                
2019-02-06 13:26:40,062 INFO  n.e.o.c.TopologySteps               - deleting B                                                  
2019-02-06 13:26:40,069 INFO  n.e.o.c.TopologySteps               - clearing ports                                              
2019-02-06 13:26:40,072 INFO  n.e.o.c.TopologySteps               - clearing versions                                           
2019-02-06 13:26:40,151 DEBUG n.e.o.t.p.TopoPopulator             - Loaded topology from config/topo/esnet-devices.json , config/topo/esnet-adjcies.json
2019-02-06 13:26:40,160 INFO  n.e.o.t.s.TopoLibrary               -  will add port slac-mr2:xe-1/1/0                            
2019-02-06 13:26:40,160 INFO  n.e.o.t.s.TopoLibrary               -  will add port chic-cr5:BLANK                               
2019-02-06 13:26:40,160 INFO  n.e.o.t.s.TopoLibrary               -  will add port bost-cr5:10/2/3                              
2019-02-06 13:26:40,161 INFO  n.e.o.t.s.TopoLibrary               -  will add port lbl-mr2:xe-1/1/0                             
2019-02-06 13:26:40,161 INFO  n.e.o.t.s.TopoLibrary               -  will add port newy-cr5:9/1/4                               
2019-02-06 13:26:40,161 INFO  n.e.o.t.s.TopoLibrary               -  will add port cern-513-cr5:1/1/1                           
2019-02-06 13:26:40,161 INFO  n.e.o.t.s.TopoLibrary               -  will add port newy-cr5:9/1/1                               
2019-02-06 13:26:40,161 INFO  n.e.o.t.s.TopoLibrary               -  will add port bois-cr1:xe-7/3/0                            
2019-02-06 13:26:40,161 INFO  n.e.o.t.s.TopoLibrary               -  will add port aofa-cr5:10/1/2                              
2019-02-06 13:26:40,161 INFO  n.e.o.t.s.TopoLibrary               -  will add port amst-cr5:10/2/5                              
2019-02-06 13:26:40,161 INFO  n.e.o.t.s.TopoLibrary               -  will add port aofa-cr5:10/1/1                              
2019-02-06 13:26:40,161 INFO  n.e.o.t.s.TopoLibrary               -  will add port aofa-cr5:10/1/9                              
2019-02-06 13:26:40,161 INFO  n.e.o.t.s.TopoLibrary               -  will add port aofa-cr5:10/1/8                              
2019-02-06 13:26:40,161 INFO  n.e.o.t.s.TopoLibrary               -  will add port eqx-chi-cr5:10/1/2                           
2019-02-06 13:26:40,161 INFO  n.e.o.t.s.TopoLibrary               -  will add port lsvn-cr1:ge-1/0/1                            
2019-02-06 13:26:40,161 INFO  n.e.o.t.s.TopoLibrary               -  will add port eqx-chi-cr5:10/1/3                           
2019-02-06 13:26:40,161 INFO  n.e.o.t.s.TopoLibrary               -  will add port lsvn-cr1:ge-1/0/0                            
2019-02-06 13:26:40,161 INFO  n.e.o.t.s.TopoLibrary               -  will add port eqx-chi-cr5:10/1/1                           
2019-02-06 13:26:40,161 INFO  n.e.o.t.s.TopoLibrary               -  will add port lbl-mr2:xe-8/1/0                             
2019-02-06 13:26:40,162 INFO  n.e.o.t.s.TopoLibrary               -  will add port cern-773-cr5:10/1/2                          
2019-02-06 13:26:40,162 INFO  n.e.o.t.s.TopoLibrary               -  will add port nersc-mr2:xe-2/2/0                           
2019-02-06 13:26:40,162 INFO  n.e.o.t.s.TopoLibrary               -  will add port cern-773-cr5:10/1/1                          
2019-02-06 13:26:40,162 INFO  n.e.o.t.s.TopoLibrary               -  will add port cern-773-cr5:10/1/3                          
2019-02-06 13:26:40,162 INFO  n.e.o.t.s.TopoLibrary               -  will add port chic-cr5:6/1/1                               
2019-02-06 13:26:40,162 INFO  n.e.o.t.s.TopoLibrary               -  will add port star-cr5:3/1/1                               
2019-02-06 13:26:40,162 INFO  n.e.o.t.s.TopoLibrary               -  will add port lsvn-cr1:xe-2/1/0                            
2019-02-06 13:26:40,162 INFO  n.e.o.t.s.TopoLibrary               -  will add port sunn-cr5:7/1/1                               
2019-02-06 13:26:40,162 INFO  n.e.o.t.s.TopoLibrary               -  will add port bost-cr5:10/1/2                              
2019-02-06 13:26:40,162 INFO  n.e.o.t.s.TopoLibrary               -  will add port eqx-chi-cr5:BLANK                            
2019-02-06 13:26:40,162 INFO  n.e.o.t.s.TopoLibrary               -  will add port lbl-mr2:xe-8/3/0                             
2019-02-06 13:26:40,162 INFO  n.e.o.t.s.TopoLibrary               -  will add port bost-cr5:10/1/6                              
2019-02-06 13:26:40,163 INFO  n.e.o.t.s.TopoLibrary               -  will add port bost-cr5:10/1/5                              
2019-02-06 13:26:40,163 INFO  n.e.o.t.s.TopoLibrary               -  will add port slac-mr2:xe-0/2/0                            
2019-02-06 13:26:40,163 INFO  n.e.o.t.s.TopoLibrary               -  will add port albq-cr5:10/1/2                              
2019-02-06 13:26:40,163 INFO  n.e.o.t.s.TopoLibrary               -  will add port aofa-cr5:5/1/1                               
2019-02-06 13:26:40,163 INFO  n.e.o.t.s.TopoLibrary               -  will add port nash-cr5:10/1/4                              
2019-02-06 13:26:40,163 INFO  n.e.o.t.s.TopoLibrary               -  will add port albq-cr5:10/1/5                              
2019-02-06 13:26:40,163 INFO  n.e.o.t.s.TopoLibrary               -  will add port ga-rt2:ge-1/0/3                              
2019-02-06 13:26:40,163 INFO  n.e.o.t.s.TopoLibrary               -  will add port nash-cr5:10/1/3                              
2019-02-06 13:26:40,163 INFO  n.e.o.t.s.TopoLibrary               -  will add port albq-cr5:10/1/3                              
2019-02-06 13:26:40,163 INFO  n.e.o.t.s.TopoLibrary               -  will add port ga-rt2:ge-1/0/5                              
2019-02-06 13:26:40,163 INFO  n.e.o.t.s.TopoLibrary               -  will add port albq-cr5:10/1/4                              
2019-02-06 13:26:40,163 INFO  n.e.o.t.s.TopoLibrary               -  will add port amst-cr5:10/1/1                              
2019-02-06 13:26:40,164 INFO  n.e.o.t.s.TopoLibrary               -  will add port cern-513-cr5:1/2/1                           
2019-02-06 13:26:40,164 INFO  n.e.o.t.s.TopoLibrary               -  will add port amst-cr5:10/1/2                              
2019-02-06 13:26:40,164 INFO  n.e.o.t.s.TopoLibrary               -  will add port pnwg-cr5:BLANK                               
2019-02-06 13:26:40,164 INFO  n.e.o.t.s.TopoLibrary               -  will add port ornl-rt4:xe-2/3/0                            
2019-02-06 13:26:40,164 INFO  n.e.o.t.s.TopoLibrary               -  will add port newy-cr5:2/1/1                               
2019-02-06 13:26:40,164 INFO  n.e.o.t.s.TopoLibrary               -  will add port wash-cr5:10/1/3                              
2019-02-06 13:26:40,164 INFO  n.e.o.t.s.TopoLibrary               -  will add port lsvn-cr1:ge-1/1/0                            
2019-02-06 13:26:40,164 INFO  n.e.o.t.s.TopoLibrary               -  will add port newy-cr5:10/1/9                              
2019-02-06 13:26:40,165 INFO  n.e.o.t.s.TopoLibrary               -  will add port wash-cr5:10/1/4                              
2019-02-06 13:26:40,165 INFO  n.e.o.t.s.TopoLibrary               -  will add port nash-cr5:10/1/6                              
2019-02-06 13:26:40,165 INFO  n.e.o.t.s.TopoLibrary               -  will add port wash-cr5:10/1/5                              
2019-02-06 13:26:40,165 INFO  n.e.o.t.s.TopoLibrary               -  will add port nash-cr5:10/1/5                              
2019-02-06 13:26:40,165 INFO  n.e.o.t.s.TopoLibrary               -  will add port sacr-cr5:3/1/1                               
2019-02-06 13:26:40,165 INFO  n.e.o.t.s.TopoLibrary               -  will add port wash-cr5:10/1/9                              
2019-02-06 13:26:40,165 INFO  n.e.o.t.s.TopoLibrary               -  will add port lsvn-cr1:ge-1/1/1                            
2019-02-06 13:26:40,165 INFO  n.e.o.t.s.TopoLibrary               -  will add port atla-cr5:1/1/1                               
2019-02-06 13:26:40,165 INFO  n.e.o.t.s.TopoLibrary               -  will add port lsvn-cr1:ge-1/1/5                            
2019-02-06 13:26:40,165 INFO  n.e.o.t.s.TopoLibrary               -  will add port newy-cr5:10/1/2                              
2019-02-06 13:26:40,165 INFO  n.e.o.t.s.TopoLibrary               -  will add port newy-cr5:10/1/3                              
2019-02-06 13:26:40,165 INFO  n.e.o.t.s.TopoLibrary               -  will add port lsvn-cr1:xe-2/2/0                            
2019-02-06 13:26:40,165 INFO  n.e.o.t.s.TopoLibrary               -  will add port star-cr5:3/2/1                               
2019-02-06 13:26:40,166 INFO  n.e.o.t.s.TopoLibrary               -  will add port bois-cr1:xe-1/2/0                            
2019-02-06 13:26:40,166 INFO  n.e.o.t.s.TopoLibrary               -  will add port sunn-cr5:10/1/2                              
2019-02-06 13:26:40,166 INFO  n.e.o.t.s.TopoLibrary               -  will add port sunn-cr5:10/1/1                              
2019-02-06 13:26:40,166 INFO  n.e.o.t.s.TopoLibrary               -  will add port sunn-cr5:10/1/6                              
2019-02-06 13:26:40,166 INFO  n.e.o.t.s.TopoLibrary               -  will add port lond-cr5:5/1/1                               
2019-02-06 13:26:40,166 INFO  n.e.o.t.s.TopoLibrary               -  will add port sunn-cr5:10/1/5                              
2019-02-06 13:26:40,166 INFO  n.e.o.t.s.TopoLibrary               -  will add port sunn-cr5:10/1/4                              
2019-02-06 13:26:40,166 INFO  n.e.o.t.s.TopoLibrary               -  will add port sunn-cr5:10/1/3                              
2019-02-06 13:26:40,166 INFO  n.e.o.t.s.TopoLibrary               -  will add port anl-mr2:xe-2/3/0                             
2019-02-06 13:26:40,166 INFO  n.e.o.t.s.TopoLibrary               -  will add port netl-alb-rt1:xe-2/0/0                        
2019-02-06 13:26:40,166 INFO  n.e.o.t.s.TopoLibrary               -  will add port slac-mr2:xe-0/1/0                            
2019-02-06 13:26:40,166 INFO  n.e.o.t.s.TopoLibrary               -  will add port ga-rt2:ge-1/1/3                              
2019-02-06 13:26:40,167 INFO  n.e.o.t.s.TopoLibrary               -  will add port netl-alb-rt1:xe-2/0/3                        
2019-02-06 13:26:40,167 INFO  n.e.o.t.s.TopoLibrary               -  will add port netl-alb-rt1:xe-2/0/2                        
2019-02-06 13:26:40,167 INFO  n.e.o.t.s.TopoLibrary               -  will add port netl-alb-rt1:xe-2/0/1                        
2019-02-06 13:26:40,167 INFO  n.e.o.t.s.TopoLibrary               -  will add port bois-cr1:xe-7/1/0                            
2019-02-06 13:26:40,167 INFO  n.e.o.t.s.TopoLibrary               -  will add port srs-rt3:ge-0/1/0                             
2019-02-06 13:26:40,167 INFO  n.e.o.t.s.TopoLibrary               -  will add port albq-cr5:3/1/1                               
2019-02-06 13:26:40,167 INFO  n.e.o.t.s.TopoLibrary               -  will add port aofa-cr5:6/2/1                               
2019-02-06 13:26:40,167 INFO  n.e.o.t.s.TopoLibrary               -  will add port wash-cr5:10/1/10                             
2019-02-06 13:26:40,167 INFO  n.e.o.t.s.TopoLibrary               -  will add port chic-cr5:7/1/1                               
2019-02-06 13:26:40,167 INFO  n.e.o.t.s.TopoLibrary               -  will add port lbl-mr2:xe-0/1/0                             
2019-02-06 13:26:40,167 INFO  n.e.o.t.s.TopoLibrary               -  will add port sunn-cr5:8/1/1                               
2019-02-06 13:26:40,167 INFO  n.e.o.t.s.TopoLibrary               -  will add port denv-cr5:4/1/1                               
2019-02-06 13:26:40,168 INFO  n.e.o.t.s.TopoLibrary               -  will add port fnal-mr2:xe-1/3/0                            
2019-02-06 13:26:40,168 INFO  n.e.o.t.s.TopoLibrary               -  will add port sunn-cr5:10/2/1                              
2019-02-06 13:26:40,168 INFO  n.e.o.t.s.TopoLibrary               -  will add port sunn-cr5:10/2/5                              
2019-02-06 13:26:40,168 INFO  n.e.o.t.s.TopoLibrary               -  will add port sunn-cr5:10/2/4                              
2019-02-06 13:26:40,168 INFO  n.e.o.t.s.TopoLibrary               -  will add port sunn-cr5:10/2/3                              
2019-02-06 13:26:40,168 INFO  n.e.o.t.s.TopoLibrary               -  will add port sunn-cr5:10/2/2                              
2019-02-06 13:26:40,168 INFO  n.e.o.t.s.TopoLibrary               -  will add port llnl-mr2:xe-3/2/0                            
2019-02-06 13:26:40,168 INFO  n.e.o.t.s.TopoLibrary               -  will add port sunn-cr5:10/2/6                              
2019-02-06 13:26:40,168 INFO  n.e.o.t.s.TopoLibrary               -  will add port hous-cr5:1/1/1                               
2019-02-06 13:26:40,168 INFO  n.e.o.t.s.TopoLibrary               -  will add port slac-mr2:xe-0/0/0                            
2019-02-06 13:26:40,169 INFO  n.e.o.t.s.TopoLibrary               -  will add port srs-rt3:ge-0/0/0                             
2019-02-06 13:26:40,169 INFO  n.e.o.t.s.TopoLibrary               -  will add port lbl-mr2:xe-0/2/0                             
2019-02-06 13:26:40,169 INFO  n.e.o.t.s.TopoLibrary               -  will add port llnl-mr2:ge-3/0/1                            
2019-02-06 13:26:40,169 INFO  n.e.o.t.s.TopoLibrary               -  will add port llnl-mr2:ge-3/0/0                            
2019-02-06 13:26:40,169 INFO  n.e.o.t.s.TopoLibrary               -  will add port nersc-mr2:xe-1/3/0                           
2019-02-06 13:26:40,169 INFO  n.e.o.t.s.TopoLibrary               -  will add port denv-cr5:4/2/1                               
2019-02-06 13:26:40,169 INFO  n.e.o.t.s.TopoLibrary               -  will add port ameslab-rt3:xe-1/3/0                         
2019-02-06 13:26:40,169 INFO  n.e.o.t.s.TopoLibrary               -  will add port wash-cr5:1/1/1                               
2019-02-06 13:26:40,169 INFO  n.e.o.t.s.TopoLibrary               -  will add port newy-cr5:3/1/1                               
2019-02-06 13:26:40,169 INFO  n.e.o.t.s.TopoLibrary               -  will add port chic-cr5:6/2/1                               
2019-02-06 13:26:40,169 INFO  n.e.o.t.s.TopoLibrary               -  will add port sunn-cr5:7/2/1                               
2019-02-06 13:26:40,169 INFO  n.e.o.t.s.TopoLibrary               -  will add port lbl-mr2:xe-7/0/0                             
2019-02-06 13:26:40,169 INFO  n.e.o.t.s.TopoLibrary               -  will add port nersc-mr2:xe-7/3/0                           
2019-02-06 13:26:40,170 INFO  n.e.o.t.s.TopoLibrary               -  will add port hous-cr5:10/1/3                              
2019-02-06 13:26:40,170 INFO  n.e.o.t.s.TopoLibrary               -  will add port hous-cr5:10/1/4                              
2019-02-06 13:26:40,170 INFO  n.e.o.t.s.TopoLibrary               -  will add port ornl-rt4:xe-1/2/0                            
2019-02-06 13:26:40,170 INFO  n.e.o.t.s.TopoLibrary               -  will add port kans-cr5:1/1/1                               
2019-02-06 13:26:40,170 INFO  n.e.o.t.s.TopoLibrary               -  will add port sacr-cr5:10/2/5                              
2019-02-06 13:26:40,170 INFO  n.e.o.t.s.TopoLibrary               -  will add port denv-cr5:10/1/6                              
2019-02-06 13:26:40,170 INFO  n.e.o.t.s.TopoLibrary               -  will add port sacr-cr5:4/1/1                               
2019-02-06 13:26:40,170 INFO  n.e.o.t.s.TopoLibrary               -  will add port sacr-cr5:10/2/6                              
2019-02-06 13:26:40,170 INFO  n.e.o.t.s.TopoLibrary               -  will add port denv-cr5:10/1/7                              
2019-02-06 13:26:40,170 INFO  n.e.o.t.s.TopoLibrary               -  will add port llnl-mr2:xe-2/1/0                            
2019-02-06 13:26:40,170 INFO  n.e.o.t.s.TopoLibrary               -  will add port star-cr5:5/1/1                               
2019-02-06 13:26:40,170 INFO  n.e.o.t.s.TopoLibrary               -  will add port sunn-cr5:5/2/1                               
2019-02-06 13:26:40,170 INFO  n.e.o.t.s.TopoLibrary               -  will add port sacr-cr5:10/2/1                              
2019-02-06 13:26:40,170 INFO  n.e.o.t.s.TopoLibrary               -  will add port sacr-cr5:10/2/2                              
2019-02-06 13:26:40,170 INFO  n.e.o.t.s.TopoLibrary               -  will add port sacr-cr5:10/2/3                              
2019-02-06 13:26:40,171 INFO  n.e.o.t.s.TopoLibrary               -  will add port sacr-cr5:10/2/4                              
2019-02-06 13:26:40,171 INFO  n.e.o.t.s.TopoLibrary               -  will add port ornl-rt4:ge-0/0/1                            
2019-02-06 13:26:40,171 INFO  n.e.o.t.s.TopoLibrary               -  will add port eqx-ash-cr5:1/2/1                            
2019-02-06 13:26:40,171 INFO  n.e.o.t.s.TopoLibrary               -  will add port nersc-mr2:xe-0/2/0                           
2019-02-06 13:26:40,171 INFO  n.e.o.t.s.TopoLibrary               -  will add port eqx-ash-cr5:10/1/6                           
2019-02-06 13:26:40,171 INFO  n.e.o.t.s.TopoLibrary               -  will add port albq-cr5:2/1/1                               
2019-02-06 13:26:40,171 INFO  n.e.o.t.s.TopoLibrary               -  will add port eqx-ash-cr5:10/1/5                           
2019-02-06 13:26:40,171 INFO  n.e.o.t.s.TopoLibrary               -  will add port eqx-ash-cr5:10/1/2                           
2019-02-06 13:26:40,171 INFO  n.e.o.t.s.TopoLibrary               -  will add port llnl-mr2:xe-1/3/0                            
2019-02-06 13:26:40,172 INFO  n.e.o.t.s.TopoLibrary               -  will add port atla-cr5:10/1/8                              
2019-02-06 13:26:40,172 INFO  n.e.o.t.s.TopoLibrary               -  will add port eqx-ash-cr5:10/1/1                           
2019-02-06 13:26:40,172 INFO  n.e.o.t.s.TopoLibrary               -  will add port wash-cr5:6/1/1                               
2019-02-06 13:26:40,172 INFO  n.e.o.t.s.TopoLibrary               -  will add port eqx-sj-cr5:1/2/1                             
2019-02-06 13:26:40,172 INFO  n.e.o.t.s.TopoLibrary               -  will add port bost-cr5:2/1/1                               
2019-02-06 13:26:40,172 INFO  n.e.o.t.s.TopoLibrary               -  will add port chic-cr5:1/1/1                               
2019-02-06 13:26:40,172 INFO  n.e.o.t.s.TopoLibrary               -  will add port atla-cr5:10/1/2                              
2019-02-06 13:26:40,172 INFO  n.e.o.t.s.TopoLibrary               -  will add port atla-cr5:3/1/1                               
2019-02-06 13:26:40,172 INFO  n.e.o.t.s.TopoLibrary               -  will add port atla-cr5:10/1/3                              
2019-02-06 13:26:40,172 INFO  n.e.o.t.s.TopoLibrary               -  will add port sacr-cr5:10/1/1                              
2019-02-06 13:26:40,172 INFO  n.e.o.t.s.TopoLibrary               -  will add port newy-cr5:4/1/1                               
2019-02-06 13:26:40,172 INFO  n.e.o.t.s.TopoLibrary               -  will add port sacr-cr5:10/1/6                              
2019-02-06 13:26:40,172 INFO  n.e.o.t.s.TopoLibrary               -  will add port llnl-mr2:xe-2/2/0                            
2019-02-06 13:26:40,172 INFO  n.e.o.t.s.TopoLibrary               -  will add port chic-cr5:8/1/1                               
2019-02-06 13:26:40,172 INFO  n.e.o.t.s.TopoLibrary               -  will add port sacr-cr5:10/1/2                              
2019-02-06 13:26:40,172 INFO  n.e.o.t.s.TopoLibrary               -  will add port sacr-cr5:10/1/4                              
2019-02-06 13:26:40,173 INFO  n.e.o.t.s.TopoLibrary               -  will add port cern-773-cr5:BLANK                           
2019-02-06 13:26:40,173 INFO  n.e.o.t.s.TopoLibrary               -  will add port forr-rt2:ge-0/0/5                            
2019-02-06 13:26:40,173 INFO  n.e.o.t.s.TopoLibrary               -  will add port forr-rt2:ge-0/0/4                            
2019-02-06 13:26:40,173 INFO  n.e.o.t.s.TopoLibrary               -  will add port eqx-ash-cr5:1/1/1                            
2019-02-06 13:26:40,173 INFO  n.e.o.t.s.TopoLibrary               -  will add port forr-rt2:ge-0/0/2                            
2019-02-06 13:26:40,173 INFO  n.e.o.t.s.TopoLibrary               -  will add port forr-rt2:ge-0/0/1                            
2019-02-06 13:26:40,173 INFO  n.e.o.t.s.TopoLibrary               -  will add port forr-rt2:ge-0/0/0                            
2019-02-06 13:26:40,173 INFO  n.e.o.t.s.TopoLibrary               -  will add port chic-cr5:7/2/1                               
2019-02-06 13:26:40,173 INFO  n.e.o.t.s.TopoLibrary               -  will add port nersc-mr2:xe-1/1/0                           
2019-02-06 13:26:40,174 INFO  n.e.o.t.s.TopoLibrary               -  will add port amst-cr5:5/1/1                               
2019-02-06 13:26:40,174 INFO  n.e.o.t.s.TopoLibrary               -  will add port bois-cr1:xe-0/0/0                            
2019-02-06 13:26:40,174 INFO  n.e.o.t.s.TopoLibrary               -  will add port sacr-cr5:1/1/1                               
2019-02-06 13:26:40,174 INFO  n.e.o.t.s.TopoLibrary               -  will add port ameslab-rt3:xe-1/1/0                         
2019-02-06 13:26:40,174 INFO  n.e.o.t.s.TopoLibrary               -  will add port pnwg-cr5:3/1/1                               
2019-02-06 13:26:40,174 INFO  n.e.o.t.s.TopoLibrary               -  will add port lbl-mr2:xe-7/2/0                             
2019-02-06 13:26:40,174 INFO  n.e.o.t.s.TopoLibrary               -  will add port aofa-cr5:4/2/1                               
2019-02-06 13:26:40,174 INFO  n.e.o.t.s.TopoLibrary               -  will add port cern-513-cr5:2/1/1                           
2019-02-06 13:26:40,174 INFO  n.e.o.t.s.TopoLibrary               -  will add port ameslab-rt3:xe-0/2/0                         
2019-02-06 13:26:40,174 INFO  n.e.o.t.s.TopoLibrary               -  will add port star-cr5:4/1/1                               
2019-02-06 13:26:40,174 INFO  n.e.o.t.s.TopoLibrary               -  will add port lsvn-cr1:xe-1/2/0                            
2019-02-06 13:26:40,174 INFO  n.e.o.t.s.TopoLibrary               -  will add port newy-cr5:4/2/1                               
2019-02-06 13:26:40,174 INFO  n.e.o.t.s.TopoLibrary               -  will add port albq-cr5:1/1/1                               
2019-02-06 13:26:40,174 INFO  n.e.o.t.s.TopoLibrary               -  will add port pnwg-cr5:1/1/1                               
2019-02-06 13:26:40,175 INFO  n.e.o.t.s.TopoLibrary               -  will add port kans-cr5:10/1/4                              
2019-02-06 13:26:40,175 INFO  n.e.o.t.s.TopoLibrary               -  will add port elpa-cr5:10/1/5                              
2019-02-06 13:26:40,175 INFO  n.e.o.t.s.TopoLibrary               -  will add port kans-cr5:10/1/3                              
2019-02-06 13:26:40,175 INFO  n.e.o.t.s.TopoLibrary               -  will add port pnwg-cr5:2/2/1                               
2019-02-06 13:26:40,175 INFO  n.e.o.t.s.TopoLibrary               -  will add port bois-cr1:xe-0/1/0                            
2019-02-06 13:26:40,175 INFO  n.e.o.t.s.TopoLibrary               -  will add port eqx-ash-cr5:BLANK                            
2019-02-06 13:26:40,175 INFO  n.e.o.t.s.TopoLibrary               -  will add port bost-cr5:1/1/1                               
2019-02-06 13:26:40,175 INFO  n.e.o.t.s.TopoLibrary               -  will add port elpa-cr5:10/1/4                              
2019-02-06 13:26:40,175 INFO  n.e.o.t.s.TopoLibrary               -  will add port eqx-sj-cr5:BLANK                             
2019-02-06 13:26:40,175 INFO  n.e.o.t.s.TopoLibrary               -  will add port elpa-cr5:10/1/3                              
2019-02-06 13:26:40,175 INFO  n.e.o.t.s.TopoLibrary               -  will add port ameslab-rt3:xe-1/0/0                         
2019-02-06 13:26:40,175 INFO  n.e.o.t.s.TopoLibrary               -  will add port aofa-cr5:4/1/1                               
2019-02-06 13:26:40,175 INFO  n.e.o.t.s.TopoLibrary               -  will add port anl-mr2:ae0                                  
2019-02-06 13:26:40,175 INFO  n.e.o.t.s.TopoLibrary               -  will add port aofa-cr5:3/1/1                               
2019-02-06 13:26:40,175 INFO  n.e.o.t.s.TopoLibrary               -  will add port star-cr5:4/2/1                               
2019-02-06 13:26:40,175 INFO  n.e.o.t.s.TopoLibrary               -  will add port osti-rt2:ae0                                 
2019-02-06 13:26:40,176 INFO  n.e.o.t.s.TopoLibrary               -  will add port ameslab-rt3:xe-0/1/0                         
2019-02-06 13:26:40,176 INFO  n.e.o.t.s.TopoLibrary               -  will add port llnl-mr2:xe-2/0/0                            
2019-02-06 13:26:40,176 INFO  n.e.o.t.s.TopoLibrary               -  will add port cern-513-cr5:BLANK                           
2019-02-06 13:26:40,176 INFO  n.e.o.t.s.TopoLibrary               -  will add port atla-cr5:2/1/1                               
2019-02-06 13:26:40,176 INFO  n.e.o.t.s.TopoLibrary               -  will add port sunn-cr5:5/1/1                               
2019-02-06 13:26:40,176 INFO  n.e.o.t.s.TopoLibrary               -  will add port sacr-cr5:2/1/1                               
2019-02-06 13:26:40,176 INFO  n.e.o.t.s.TopoLibrary               -  will add port denv-cr5:10/1/3                              
2019-02-06 13:26:40,176 INFO  n.e.o.t.s.TopoLibrary               -  will add port denv-cr5:10/1/4                              
2019-02-06 13:26:40,176 INFO  n.e.o.t.s.TopoLibrary               -  will add port denv-cr5:10/1/5                              
2019-02-06 13:26:40,176 INFO  n.e.o.t.s.TopoLibrary               -  will add port eqx-ash-cr5:10/2/5                           
2019-02-06 13:26:40,176 INFO  n.e.o.t.s.TopoLibrary               -  will add port eqx-ash-cr5:10/2/6                           
2019-02-06 13:26:40,176 INFO  n.e.o.t.s.TopoLibrary               -  will add port bois-cr1:xe-0/2/0                            
2019-02-06 13:26:40,176 INFO  n.e.o.t.s.TopoLibrary               -  will add port pnwg-cr5:2/1/1                               
2019-02-06 13:26:40,176 INFO  n.e.o.t.s.TopoLibrary               -  will add port eqx-ash-cr5:10/2/2                           
2019-02-06 13:26:40,176 INFO  n.e.o.t.s.TopoLibrary               -  will add port eqx-ash-cr5:2/1/1                            
2019-02-06 13:26:40,176 INFO  n.e.o.t.s.TopoLibrary               -  will add port ornl-cr5:10/1/1                              
2019-02-06 13:26:40,177 INFO  n.e.o.t.s.TopoLibrary               -  will add port llnldc-rt4:ge-1/0/0                          
2019-02-06 13:26:40,177 INFO  n.e.o.t.s.TopoLibrary               -  will add port ornl-cr5:10/1/2                              
2019-02-06 13:26:40,177 INFO  n.e.o.t.s.TopoLibrary               -  will add port bois-cr1:xe-1/0/0                            
2019-02-06 13:26:40,177 INFO  n.e.o.t.s.TopoLibrary               -  will add port ornl-cr5:10/1/3                              
2019-02-06 13:26:40,177 INFO  n.e.o.t.s.TopoLibrary               -  will add port lsvn-cr1:xe-2/0/0                            
2019-02-06 13:26:40,177 INFO  n.e.o.t.s.TopoLibrary               -  will add port aofa-cr5:9/1/5                               
2019-02-06 13:26:40,177 INFO  n.e.o.t.s.TopoLibrary               -  will add port pnwg-cr5:9/1/2                               
2019-02-06 13:26:40,177 INFO  n.e.o.t.s.TopoLibrary               -  will add port wash-cr5:4/2/1                               
2019-02-06 13:26:40,177 INFO  n.e.o.t.s.TopoLibrary               -  will add port ameslab-rt3:xe-0/0/0                         
2019-02-06 13:26:40,177 INFO  n.e.o.t.s.TopoLibrary               -  will add port snll-mr2:xe-2/2/0                            
2019-02-06 13:26:40,177 INFO  n.e.o.t.s.TopoLibrary               -  will add port aofa-cr5:9/1/1                               
2019-02-06 13:26:40,177 INFO  n.e.o.t.s.TopoLibrary               -  will add port anl-mr2:xe-0/1/0                             
2019-02-06 13:26:40,177 INFO  n.e.o.t.s.TopoLibrary               -  will add port chic-cr5:10/1/3                              
2019-02-06 13:26:40,177 INFO  n.e.o.t.s.TopoLibrary               -  will add port doe-gtn-rt2:ge-0/0/0                         
2019-02-06 13:26:40,178 INFO  n.e.o.t.s.TopoLibrary               -  will add port ornl-cr5:6/1/1                               
2019-02-06 13:26:40,178 INFO  n.e.o.t.s.TopoLibrary               -  will add port chic-cr5:10/1/1                              
2019-02-06 13:26:40,178 INFO  n.e.o.t.s.TopoLibrary               -  will add port doe-gtn-rt2:ge-0/0/3                         
2019-02-06 13:26:40,178 INFO  n.e.o.t.s.TopoLibrary               -  will add port chic-cr5:10/1/7                              
2019-02-06 13:26:40,178 INFO  n.e.o.t.s.TopoLibrary               -  will add port pantex-rt4:ge-0/1/0                          
2019-02-06 13:26:40,178 INFO  n.e.o.t.s.TopoLibrary               -  will add port chic-cr5:10/1/5                              
2019-02-06 13:26:40,178 INFO  n.e.o.t.s.TopoLibrary               -  will add port chic-cr5:10/1/4                              
2019-02-06 13:26:40,178 INFO  n.e.o.t.s.TopoLibrary               -  will add port llnl-mr2:xe-0/1/0                            
2019-02-06 13:26:40,178 INFO  n.e.o.t.s.TopoLibrary               -  will add port cern-773-cr5:1/1/1                           
2019-02-06 13:26:40,178 INFO  n.e.o.t.s.TopoLibrary               -  will add port cern-513-cr5:5/1/1                           
2019-02-06 13:26:40,178 INFO  n.e.o.t.s.TopoLibrary               -  will add port nash-cr5:1/2/1                               
2019-02-06 13:26:40,178 INFO  n.e.o.t.s.TopoLibrary               -  will add port lond-cr5:2/2/1                               
2019-02-06 13:26:40,178 INFO  n.e.o.t.s.TopoLibrary               -  will add port snla-rt3:ge-1/0/2                            
2019-02-06 13:26:40,178 INFO  n.e.o.t.s.TopoLibrary               -  will add port hous-cr5:3/1/1                               
2019-02-06 13:26:40,178 INFO  n.e.o.t.s.TopoLibrary               -  will add port pantex-rt4:ge-0/0/2                          
2019-02-06 13:26:40,179 INFO  n.e.o.t.s.TopoLibrary               -  will add port wash-cr5:4/1/1                               
2019-02-06 13:26:40,179 INFO  n.e.o.t.s.TopoLibrary               -  will add port fnal-mr2:xe-0/0/0                            
2019-02-06 13:26:40,179 INFO  n.e.o.t.s.TopoLibrary               -  will add port snll-mr2:xe-2/3/0                            
2019-02-06 13:26:40,179 INFO  n.e.o.t.s.TopoLibrary               -  will add port doe-gtn-rt2:ge-0/1/3                         
2019-02-06 13:26:40,179 INFO  n.e.o.t.s.TopoLibrary               -  will add port doe-gtn-rt2:ge-0/1/0                         
2019-02-06 13:26:40,179 INFO  n.e.o.t.s.TopoLibrary               -  will add port jgi-mr2:xe-1/3/0                             
2019-02-06 13:26:40,179 INFO  n.e.o.t.s.TopoLibrary               -  will add port elpa-cr5:1/1/1                               
2019-02-06 13:26:40,179 INFO  n.e.o.t.s.TopoLibrary               -  will add port aofa-cr5:2/1/1                               
2019-02-06 13:26:40,179 INFO  n.e.o.t.s.TopoLibrary               -  will add port pantex-rt4:ge-0/0/0                          
2019-02-06 13:26:40,179 INFO  n.e.o.t.s.TopoLibrary               -  will add port pantex-rt4:ge-0/0/1                          
2019-02-06 13:26:40,179 INFO  n.e.o.t.s.TopoLibrary               -  will add port sunn-cr5:4/1/1                               
2019-02-06 13:26:40,179 INFO  n.e.o.t.s.TopoLibrary               -  will add port denv-cr5:10/1/12                             
2019-02-06 13:26:40,179 INFO  n.e.o.t.s.TopoLibrary               -  will add port nash-cr5:1/1/1                               
2019-02-06 13:26:40,179 INFO  n.e.o.t.s.TopoLibrary               -  will add port denv-cr5:10/1/11                             
2019-02-06 13:26:40,179 INFO  n.e.o.t.s.TopoLibrary               -  will add port lond-cr5:2/1/1                               
2019-02-06 13:26:40,180 INFO  n.e.o.t.s.TopoLibrary               -  will add port denv-cr5:10/1/10                             
2019-02-06 13:26:40,180 INFO  n.e.o.t.s.TopoLibrary               -  will add port cern-513-cr5:4/1/1                           
2019-02-06 13:26:40,180 INFO  n.e.o.t.s.TopoLibrary               -  will add port chic-cr5:3/1/1                               
2019-02-06 13:26:40,180 INFO  n.e.o.t.s.TopoLibrary               -  will add port llnl-mr2:xe-1/0/0                            
2019-02-06 13:26:40,180 INFO  n.e.o.t.s.TopoLibrary               -  will add port eqx-sj-cr5:10/1/4                            
2019-02-06 13:26:40,180 INFO  n.e.o.t.s.TopoLibrary               -  will add port eqx-sj-cr5:10/1/2                            
2019-02-06 13:26:40,180 INFO  n.e.o.t.s.TopoLibrary               -  will add port eqx-sj-cr5:10/1/1                            
2019-02-06 13:26:40,180 INFO  n.e.o.t.s.TopoLibrary               -  will add port denv-cr5:1/1/1                               
2019-02-06 13:26:40,180 INFO  n.e.o.t.s.TopoLibrary               -  will add port kans-cr5:2/1/1                               
2019-02-06 13:26:40,180 INFO  n.e.o.t.s.TopoLibrary               -  will add port llnl-mr2:xe-0/2/0                            
2019-02-06 13:26:40,180 INFO  n.e.o.t.s.TopoLibrary               -  will add port ornl-cr5:7/1/1                               
2019-02-06 13:26:40,180 INFO  n.e.o.t.s.TopoLibrary               -  will add port ornl-rt4:xe-0/2/0                            
2019-02-06 13:26:40,180 INFO  n.e.o.t.s.TopoLibrary               -  will add port wash-cr5:5/2/1                               
2019-02-06 13:26:40,180 INFO  n.e.o.t.s.TopoLibrary               -  will add port amst-cr5:3/1/1                               
2019-02-06 13:26:40,180 INFO  n.e.o.t.s.TopoLibrary               -  will add port sacr-cr5:5/1/1                               
2019-02-06 13:26:40,181 INFO  n.e.o.t.s.TopoLibrary               -  will add port snll-mr2:xe-2/0/0                            
2019-02-06 13:26:40,181 INFO  n.e.o.t.s.TopoLibrary               -  will add port cern-773-cr5:2/1/1                           
2019-02-06 13:26:40,181 INFO  n.e.o.t.s.TopoLibrary               -  will add port lond-cr5:10/1/4                              
2019-02-06 13:26:40,181 INFO  n.e.o.t.s.TopoLibrary               -  will add port lond-cr5:1/2/1                               
2019-02-06 13:26:40,181 INFO  n.e.o.t.s.TopoLibrary               -  will add port lond-cr5:10/1/2                              
2019-02-06 13:26:40,181 INFO  n.e.o.t.s.TopoLibrary               -  will add port star-cr5:BLANK                               
2019-02-06 13:26:40,181 INFO  n.e.o.t.s.TopoLibrary               -  will add port lond-cr5:10/1/1                              
2019-02-06 13:26:40,181 INFO  n.e.o.t.s.TopoLibrary               -  will add port star-cr5:6/1/1                               
2019-02-06 13:26:40,181 INFO  n.e.o.t.s.TopoLibrary               -  will add port star-cr5:10/1/1                              
2019-02-06 13:26:40,181 INFO  n.e.o.t.s.TopoLibrary               -  will add port nash-cr5:2/1/1                               
2019-02-06 13:26:40,181 INFO  n.e.o.t.s.TopoLibrary               -  will add port snll-mr2:xe-1/2/0                            
2019-02-06 13:26:40,181 INFO  n.e.o.t.s.TopoLibrary               -  will add port star-cr5:10/1/7                              
2019-02-06 13:26:40,182 INFO  n.e.o.t.s.TopoLibrary               -  will add port star-cr5:10/1/8                              
2019-02-06 13:26:40,182 INFO  n.e.o.t.s.TopoLibrary               -  will add port ornl-rt4:xe-1/0/0                            
2019-02-06 13:26:40,182 INFO  n.e.o.t.s.TopoLibrary               -  will add port eqx-sj-cr5:10/2/4                            
2019-02-06 13:26:40,182 INFO  n.e.o.t.s.TopoLibrary               -  will add port eqx-sj-cr5:10/2/2                            
2019-02-06 13:26:40,182 INFO  n.e.o.t.s.TopoLibrary               -  will add port atla-cr5:4/1/1                               
2019-02-06 13:26:40,182 INFO  n.e.o.t.s.TopoLibrary               -  will add port sunn-cr5:2/2/1                               
2019-02-06 13:26:40,182 INFO  n.e.o.t.s.TopoLibrary               -  will add port pnwg-cr5:10/1/10                             
2019-02-06 13:26:40,182 INFO  n.e.o.t.s.TopoLibrary               -  will add port wash-cr5:5/1/1                               
2019-02-06 13:26:40,182 INFO  n.e.o.t.s.TopoLibrary               -  will add port anl-mr2:xe-0/0/0                             
2019-02-06 13:26:40,182 INFO  n.e.o.t.s.TopoLibrary               -  will add port lbl-mr2:ae0                                  
2019-02-06 13:26:40,182 INFO  n.e.o.t.s.TopoLibrary               -  will add port lond-cr5:1/1/1                               
2019-02-06 13:26:40,182 INFO  n.e.o.t.s.TopoLibrary               -  will add port star-cr5:6/2/1                               
2019-02-06 13:26:40,182 INFO  n.e.o.t.s.TopoLibrary               -  will add port bost-cr5:3/1/1                               
2019-02-06 13:26:40,182 INFO  n.e.o.t.s.TopoLibrary               -  will add port snll-mr2:xe-1/3/0                            
2019-02-06 13:26:40,182 INFO  n.e.o.t.s.TopoLibrary               -  will add port netl-pgh-rt1:xe-2/0/0                        
2019-02-06 13:26:40,183 INFO  n.e.o.t.s.TopoLibrary               -  will add port llnl-mr2:xe-0/0/0                            
2019-02-06 13:26:40,183 INFO  n.e.o.t.s.TopoLibrary               -  will add port netl-pgh-rt1:xe-2/0/2                        
2019-02-06 13:26:40,183 INFO  n.e.o.t.s.TopoLibrary               -  will add port netl-pgh-rt1:xe-2/0/1                        
2019-02-06 13:26:40,183 INFO  n.e.o.t.s.TopoLibrary               -  will add port netl-pgh-rt1:xe-2/0/3                        
2019-02-06 13:26:40,183 INFO  n.e.o.t.s.TopoLibrary               -  will add port aofa-cr5:1/1/1                               
2019-02-06 13:26:40,183 INFO  n.e.o.t.s.TopoLibrary               -  will add port snla-rt3:xe-1/2/0                            
2019-02-06 13:26:40,183 INFO  n.e.o.t.s.TopoLibrary               -  will add port kans-cr5:3/1/1                               
2019-02-06 13:26:40,183 INFO  n.e.o.t.s.TopoLibrary               -  will add port llnl-mr2:ae0                                 
2019-02-06 13:26:40,183 INFO  n.e.o.t.s.TopoLibrary               -  will add port denv-cr5:9/1/3                               
2019-02-06 13:26:40,183 INFO  n.e.o.t.s.TopoLibrary               -  will add port denv-cr5:9/1/1                               
2019-02-06 13:26:40,183 INFO  n.e.o.t.s.TopoLibrary               -  will add port osti-rt2:xe-1/2/0                            
2019-02-06 13:26:40,183 INFO  n.e.o.t.s.TopoLibrary               -  will add port chic-cr5:2/1/1                               
2019-02-06 13:26:40,183 INFO  n.e.o.t.s.TopoLibrary               -  will add port lbl-mr2:xe-2/3/0                             
2019-02-06 13:26:40,183 INFO  n.e.o.t.s.TopoLibrary               -  will add port amst-cr5:2/1/1                               
2019-02-06 13:26:40,183 INFO  n.e.o.t.s.TopoLibrary               -  will add port sunn-cr5:2/1/1                               
2019-02-06 13:26:40,183 INFO  n.e.o.t.s.TopoLibrary               -  will add port nash-cr5:3/1/1                               
2019-02-06 13:26:40,184 INFO  n.e.o.t.s.TopoLibrary               -  will add port pppl-rt5:xe-1/3/0                            
2019-02-06 13:26:40,184 INFO  n.e.o.t.s.TopoLibrary               -  will add port snll-mr2:xe-0/2/0                            
2019-02-06 13:26:40,184 INFO  n.e.o.t.s.TopoLibrary               -  will add port lbl-mr2:ge-9/0/4                             
2019-02-06 13:26:40,184 INFO  n.e.o.t.s.TopoLibrary               -  will add port anl-mr2:xe-1/3/0                             
2019-02-06 13:26:40,184 INFO  n.e.o.t.s.TopoLibrary               -  will add port denv-cr5:3/1/1                               
2019-02-06 13:26:40,184 INFO  n.e.o.t.s.TopoLibrary               -  will add port star-cr5:1/2/1                               
2019-02-06 13:26:40,184 INFO  n.e.o.t.s.TopoLibrary               -  will add port chic-cr5:4/1/1                               
2019-02-06 13:26:40,184 INFO  n.e.o.t.s.TopoLibrary               -  will add port srs-rt3:ge-1/0/0                             
2019-02-06 13:26:40,184 INFO  n.e.o.t.s.TopoLibrary               -  will add port sunn-cr5:9/1/2                               
2019-02-06 13:26:40,184 INFO  n.e.o.t.s.TopoLibrary               -  will add port sunn-cr5:9/1/1                               
2019-02-06 13:26:40,184 INFO  n.e.o.t.s.TopoLibrary               -  will add port fnal-mr2:xe-8/1/0                            
2019-02-06 13:26:40,184 INFO  n.e.o.t.s.TopoLibrary               -  will add port aofa-cr5:7/2/1                               
2019-02-06 13:26:40,184 INFO  n.e.o.t.s.TopoLibrary               -  will add port ga-rt2:xe-0/0/0                              
2019-02-06 13:26:40,184 INFO  n.e.o.t.s.TopoLibrary               -  will add port fnal-mr2:xe-1/1/0                            
2019-02-06 13:26:40,184 INFO  n.e.o.t.s.TopoLibrary               -  will add port elpa-cr5:3/1/1                               
2019-02-06 13:26:40,184 INFO  n.e.o.t.s.TopoLibrary               -  will add port netl-mgn-rt1:xe-2/0/0                        
2019-02-06 13:26:40,185 INFO  n.e.o.t.s.TopoLibrary               -  will add port netl-mgn-rt1:xe-2/0/1                        
2019-02-06 13:26:40,185 INFO  n.e.o.t.s.TopoLibrary               -  will add port pppl-rt5:xe-1/2/0                            
2019-02-06 13:26:40,185 INFO  n.e.o.t.s.TopoLibrary               -  will add port hous-cr5:2/1/1                               
2019-02-06 13:26:40,185 INFO  n.e.o.t.s.TopoLibrary               -  will add port netl-mgn-rt1:xe-2/0/2                        
2019-02-06 13:26:40,185 INFO  n.e.o.t.s.TopoLibrary               -  will add port netl-mgn-rt1:xe-2/0/3                        
2019-02-06 13:26:40,185 INFO  n.e.o.t.s.TopoLibrary               -  will add port lbl-mr2:ge-9/1/2                             
2019-02-06 13:26:40,185 INFO  n.e.o.t.s.TopoLibrary               -  will add port kans-cr5:4/1/1                               
2019-02-06 13:26:40,185 INFO  n.e.o.t.s.TopoLibrary               -  will add port bois-cr1:xe-7/0/0                            
2019-02-06 13:26:40,185 INFO  n.e.o.t.s.TopoLibrary               -  will add port star-cr5:10/1/10                             
2019-02-06 13:26:40,185 INFO  n.e.o.t.s.TopoLibrary               -  will add port lbl-mr2:ge-9/1/0                             
2019-02-06 13:26:40,185 INFO  n.e.o.t.s.TopoLibrary               -  will add port snll-mr2:xe-1/1/0                            
2019-02-06 13:26:40,185 INFO  n.e.o.t.s.TopoLibrary               -  will add port sunn-cr5:9/1/5                               
2019-02-06 13:26:40,185 INFO  n.e.o.t.s.TopoLibrary               -  will add port lbl-mr2:ge-9/1/8                             
2019-02-06 13:26:40,185 INFO  n.e.o.t.s.TopoLibrary               -  will add port sunn-cr5:9/1/3                               
2019-02-06 13:26:40,185 INFO  n.e.o.t.s.TopoLibrary               -  will add port star-cr5:1/1/1                               
2019-02-06 13:26:40,185 INFO  n.e.o.t.s.TopoLibrary               -  will add port jgi-mr2:xe-2/2/0                             
2019-02-06 13:26:40,185 INFO  n.e.o.t.s.TopoLibrary               -  will add port srs-rt3:ge-1/1/0                             
2019-02-06 13:26:40,185 INFO  n.e.o.t.s.TopoLibrary               -  will add port wash-cr5:2/1/1                               
2019-02-06 13:26:40,186 INFO  n.e.o.t.s.TopoLibrary               -  will add port star-cr5:8/1/4                               
2019-02-06 13:26:40,186 INFO  n.e.o.t.s.TopoLibrary               -  will add port star-cr5:8/1/6                               
2019-02-06 13:26:40,186 INFO  n.e.o.t.s.TopoLibrary               -  will add port sunn-cr5:8/2/1                               
2019-02-06 13:26:40,186 INFO  n.e.o.t.s.TopoLibrary               -  will add port star-cr5:8/1/2                               
2019-02-06 13:26:40,186 INFO  n.e.o.t.s.TopoLibrary               -  will add port chic-cr5:5/1/1                               
2019-02-06 13:26:40,186 INFO  n.e.o.t.s.TopoLibrary               -  will add port lbl-mr2:xe-2/1/0                             
2019-02-06 13:26:40,186 INFO  n.e.o.t.s.TopoLibrary               -  will add port pppl-rt5:ge-0/0/2                            
2019-02-06 13:26:40,186 INFO  n.e.o.t.s.TopoLibrary               -  will add port orau-rt4:ge-0/1/0                            
2019-02-06 13:26:40,186 INFO  n.e.o.t.s.TopoLibrary               -  will add port orau-rt4:ge-0/1/1                            
2019-02-06 13:26:40,186 INFO  n.e.o.t.s.TopoLibrary               -  will add port orau-rt4:ge-0/1/2                            
2019-02-06 13:26:40,186 INFO  n.e.o.t.s.TopoLibrary               -  will add port eqx-chi-cr5:1/1/1                            
2019-02-06 13:26:40,186 INFO  n.e.o.t.s.TopoLibrary               -  will add port orau-rt4:ge-0/1/3                            
2019-02-06 13:26:40,186 INFO  n.e.o.t.s.TopoLibrary               -  will add port orau-rt4:ge-0/1/4                            
2019-02-06 13:26:40,186 INFO  n.e.o.t.s.TopoLibrary               -  will add port slac-mr2:xe-1/3/0                            
2019-02-06 13:26:40,186 INFO  n.e.o.t.s.TopoLibrary               -  will add port jgi-mr2:xe-0/2/0                             
2019-02-06 13:26:40,187 INFO  n.e.o.t.s.TopoLibrary               -  will add port pppl-rt5:xe-1/1/0                            
2019-02-06 13:26:40,187 INFO  n.e.o.t.s.TopoLibrary               -  will add port lbl-mr2:xe-1/3/0                             
2019-02-06 13:26:40,187 INFO  n.e.o.t.s.TopoLibrary               -  will add port ornl-cr5:9/1/4                               
2019-02-06 13:26:40,187 INFO  n.e.o.t.s.TopoLibrary               -  will add port sunn-cr5:1/1/1                               
2019-02-06 13:26:40,187 INFO  n.e.o.t.s.TopoLibrary               -  will add port fnal-mr2:xe-8/3/0                            
2019-02-06 13:26:40,187 INFO  n.e.o.t.s.TopoLibrary               -  will add port ga-rt2:xe-0/2/0                              
2019-02-06 13:26:40,187 INFO  n.e.o.t.s.TopoLibrary               -  will add port elpa-cr5:2/1/1                               
2019-02-06 13:26:40,187 INFO  n.e.o.t.s.TopoLibrary               -  will add port chic-cr5:3/2/1                               
2019-02-06 13:26:40,187 INFO  n.e.o.t.s.TopoLibrary               -  will add port srs-rt3:ge-1/2/0                             
2019-02-06 13:26:40,187 INFO  n.e.o.t.s.TopoLibrary               -  will add port hous-cr5:4/1/1                               
2019-02-06 13:26:40,187 INFO  n.e.o.t.s.TopoLibrary               -  will add port amst-cr5:1/1/1                               
2019-02-06 13:26:40,187 INFO  n.e.o.t.s.TopoLibrary               -  will add port nash-cr5:4/1/1                               
2019-02-06 13:26:40,187 INFO  n.e.o.t.s.TopoLibrary               -  will add port pnwg-cr5:10/1/9                              
2019-02-06 13:26:40,187 INFO  n.e.o.t.s.TopoLibrary               -  will add port lbl-mr2:xe-2/2/0                             
2019-02-06 13:26:40,187 INFO  n.e.o.t.s.TopoLibrary               -  will add port pnwg-cr5:10/1/6                              
2019-02-06 13:26:40,187 INFO  n.e.o.t.s.TopoLibrary               -  will add port nash-cr5:4/2/1                               
2019-02-06 13:26:40,188 INFO  n.e.o.t.s.TopoLibrary               -  will add port pnwg-cr5:10/1/5                              
2019-02-06 13:26:40,188 INFO  n.e.o.t.s.TopoLibrary               -  will add port pnwg-cr5:10/1/4                              
2019-02-06 13:26:40,188 INFO  n.e.o.t.s.TopoLibrary               -  will add port slac-mr2:xe-1/2/0                            
2019-02-06 13:26:40,188 INFO  n.e.o.t.s.TopoLibrary               -  will add port pnwg-cr5:10/1/3                              
2019-02-06 13:26:40,188 INFO  n.e.o.t.s.TopoLibrary               -  will add port pnwg-cr5:10/1/2                              
2019-02-06 13:26:40,188 INFO  n.e.o.t.s.TopoLibrary               -  will add port fnal-mr2:xe-0/2/0                            
2019-02-06 13:26:40,188 INFO  n.e.o.t.s.TopoLibrary               -  will add port pppl-rt5:xe-1/0/0                            
2019-02-06 13:26:40,188 INFO  n.e.o.t.s.TopoLibrary               -  will add port eqx-chi-cr5:1/2/1                            
2019-02-06 13:26:40,188 INFO  n.e.o.t.s.TopoLibrary               -  will add port cern-513-cr5:10/1/2                          
2019-02-06 13:26:40,188 INFO  n.e.o.t.s.TopoLibrary               -  will add port cern-513-cr5:10/1/3                          
2019-02-06 13:26:40,188 INFO  n.e.o.t.s.TopoLibrary               -  will add port snll-mr2:xe-0/1/0                            
2019-02-06 13:26:40,188 INFO  n.e.o.t.s.TopoLibrary               -  will add port jgi-mr2:xe-1/1/0                             
2019-02-06 13:26:40,188 INFO  n.e.o.t.s.TopoLibrary               -  will add port wash-cr5:3/1/1                               
2019-02-06 13:26:40,189 INFO  n.e.o.t.s.TopoLibrary               -  will add port star-cr5:9/1/4                               
2019-02-06 13:26:40,189 INFO  n.e.o.t.s.TopoLibrary               -  will add port ga-rt2:xe-0/3/0                              
2019-02-06 13:26:40,189 INFO  n.e.o.t.s.TopoLibrary               -  will add port denv-cr5:2/1/1                               
2019-02-06 13:26:40,189 INFO  n.e.o.t.s.TopoLibrary               -  will add port srs-rt3:ge-1/3/0                             
2019-02-06 13:26:40,189 INFO  n.e.o.t.s.TopoLibrary               -  will add port amst-cr5:1/2/1                               
2019-02-06 13:26:40,189 INFO  n.e.o.t.s.TopoLibrary               -  will add port lond-cr5:3/1/1                               
2019-02-06 13:26:40,189 INFO  n.e.o.t.s.TopoLibrary               -  will add port eqx-chi-cr5:2/1/1                            
2019-02-06 13:26:40,189 INFO  n.e.o.t.s.TopoLibrary               -  will add port snla-rt3:xe-0/0/0                            
2019-02-06 13:26:40,189 INFO  n.e.o.t.s.TopoLibrary               -  will add port pppl-rt5:xe-0/2/0                            
2019-02-06 13:26:40,196 DEBUG n.e.o.t.s.UpdateSvc                 - New version id is: 28                                       
2019-02-06 13:26:40,198 INFO  n.e.o.t.s.UpdateSvc                 - Merging version delta                                       
2019-02-06 13:26:40,333 INFO  n.e.o.t.s.UpdateSvc                 - d: inserting: nersc-mr2                                     
2019-02-06 13:26:40,335 INFO  n.e.o.t.s.UpdateSvc                 - d: inserting: pppl-rt5                                      
2019-02-06 13:26:40,337 INFO  n.e.o.t.s.UpdateSvc                 - d: inserting: srs-rt3                                       
2019-02-06 13:26:40,339 INFO  n.e.o.t.s.UpdateSvc                 - d: inserting: orau-rt4                                      
2019-02-06 13:26:40,341 INFO  n.e.o.t.s.UpdateSvc                 - d: inserting: doe-gtn-rt2                                   
2019-02-06 13:26:40,343 INFO  n.e.o.t.s.UpdateSvc                 - d: inserting: cern-513-cr5                                  
2019-02-06 13:26:40,344 INFO  n.e.o.t.s.UpdateSvc                 - d: inserting: eqx-sj-cr5                                    
2019-02-06 13:26:40,345 INFO  n.e.o.t.s.UpdateSvc                 - d: inserting: wash-cr5                                      
2019-02-06 13:26:40,345 INFO  n.e.o.t.s.UpdateSvc                 - d: inserting: ga-rt2                                        
2019-02-06 13:26:40,346 INFO  n.e.o.t.s.UpdateSvc                 - d: inserting: kans-cr5                                      
2019-02-06 13:26:40,347 INFO  n.e.o.t.s.UpdateSvc                 - d: inserting: bois-cr1                                      
2019-02-06 13:26:40,348 INFO  n.e.o.t.s.UpdateSvc                 - d: inserting: snll-mr2                                      
2019-02-06 13:26:40,349 INFO  n.e.o.t.s.UpdateSvc                 - d: inserting: atla-cr5                                      
2019-02-06 13:26:40,350 INFO  n.e.o.t.s.UpdateSvc                 - d: inserting: ornl-rt4                                      
2019-02-06 13:26:40,350 INFO  n.e.o.t.s.UpdateSvc                 - d: inserting: netl-mgn-rt1                                  
2019-02-06 13:26:40,351 INFO  n.e.o.t.s.UpdateSvc                 - d: inserting: cern-773-cr5                                  
2019-02-06 13:26:40,352 INFO  n.e.o.t.s.UpdateSvc                 - d: inserting: nash-cr5                                      
2019-02-06 13:26:40,353 INFO  n.e.o.t.s.UpdateSvc                 - d: inserting: elpa-cr5                                      
2019-02-06 13:26:40,354 INFO  n.e.o.t.s.UpdateSvc                 - d: inserting: sacr-cr5                                      
2019-02-06 13:26:40,354 INFO  n.e.o.t.s.UpdateSvc                 - d: inserting: snla-rt3                                      
2019-02-06 13:26:40,355 INFO  n.e.o.t.s.UpdateSvc                 - d: inserting: lsvn-cr1                                      
2019-02-06 13:26:40,355 INFO  n.e.o.t.s.UpdateSvc                 - d: inserting: sunn-cr5                                      
2019-02-06 13:26:40,356 INFO  n.e.o.t.s.UpdateSvc                 - d: inserting: netl-pgh-rt1                                  
2019-02-06 13:26:40,357 INFO  n.e.o.t.s.UpdateSvc                 - d: inserting: llnl-mr2                                      
2019-02-06 13:26:40,357 INFO  n.e.o.t.s.UpdateSvc                 - d: inserting: anl-mr2                                       
2019-02-06 13:26:40,358 INFO  n.e.o.t.s.UpdateSvc                 - d: inserting: llnldc-rt4                                    
2019-02-06 13:26:40,358 INFO  n.e.o.t.s.UpdateSvc                 - d: inserting: chic-cr5                                      
2019-02-06 13:26:40,359 INFO  n.e.o.t.s.UpdateSvc                 - d: inserting: slac-mr2                                      
2019-02-06 13:26:40,360 INFO  n.e.o.t.s.UpdateSvc                 - d: inserting: lond-cr5                                      
2019-02-06 13:26:40,360 INFO  n.e.o.t.s.UpdateSvc                 - d: inserting: eqx-chi-cr5                                   
2019-02-06 13:26:40,360 INFO  n.e.o.t.s.UpdateSvc                 - d: inserting: newy-cr5                                      
2019-02-06 13:26:40,361 INFO  n.e.o.t.s.UpdateSvc                 - d: inserting: netl-alb-rt1                                  
2019-02-06 13:26:40,361 INFO  n.e.o.t.s.UpdateSvc                 - d: inserting: jgi-mr2                                       
2019-02-06 13:26:40,362 INFO  n.e.o.t.s.UpdateSvc                 - d: inserting: eqx-ash-cr5                                   
2019-02-06 13:26:40,362 INFO  n.e.o.t.s.UpdateSvc                 - d: inserting: forr-rt2                                      
2019-02-06 13:26:40,363 INFO  n.e.o.t.s.UpdateSvc                 - d: inserting: ornl-cr5                                      
2019-02-06 13:26:40,363 INFO  n.e.o.t.s.UpdateSvc                 - d: inserting: fnal-mr2                                      
2019-02-06 13:26:40,364 INFO  n.e.o.t.s.UpdateSvc                 - d: inserting: pantex-rt4                                    
2019-02-06 13:26:40,364 INFO  n.e.o.t.s.UpdateSvc                 - d: inserting: ameslab-rt3                                   
2019-02-06 13:26:40,364 INFO  n.e.o.t.s.UpdateSvc                 - d: inserting: hous-cr5                                      
2019-02-06 13:26:40,365 INFO  n.e.o.t.s.UpdateSvc                 - d: inserting: aofa-cr5                                      
2019-02-06 13:26:40,365 INFO  n.e.o.t.s.UpdateSvc                 - d: inserting: osti-rt2                                      
2019-02-06 13:26:40,366 INFO  n.e.o.t.s.UpdateSvc                 - d: inserting: pnwg-cr5                                      
2019-02-06 13:26:40,366 INFO  n.e.o.t.s.UpdateSvc                 - d: inserting: amst-cr5                                      
2019-02-06 13:26:40,366 INFO  n.e.o.t.s.UpdateSvc                 - d: inserting: albq-cr5                                      
2019-02-06 13:26:40,367 INFO  n.e.o.t.s.UpdateSvc                 - d: inserting: lbl-mr2                                       
2019-02-06 13:26:40,367 INFO  n.e.o.t.s.UpdateSvc                 - d: inserting: denv-cr5                                      
2019-02-06 13:26:40,368 INFO  n.e.o.t.s.UpdateSvc                 - d: inserting: star-cr5                                      
2019-02-06 13:26:40,369 INFO  n.e.o.t.s.UpdateSvc                 - d: inserting: bost-cr5                                      
2019-02-06 13:26:40,370 INFO  n.e.o.t.s.UpdateSvc                 - finished merging devices                                    
2019-02-06 13:26:40,370 INFO  n.e.o.t.s.UpdateSvc                 -    inserted       : 49                                      
2019-02-06 13:26:40,370 INFO  n.e.o.t.s.UpdateSvc                 -    ver updated    : 0                                       
2019-02-06 13:26:40,370 INFO  n.e.o.t.s.UpdateSvc                 -     + unchanged      : 0                                    
2019-02-06 13:26:40,370 INFO  n.e.o.t.s.UpdateSvc                 -     + data updated   : 0                                    
2019-02-06 13:26:40,370 INFO  n.e.o.t.s.UpdateSvc                 -    invalidated    :   0                                     
2019-02-06 13:26:41,190 INFO  n.e.o.t.s.UpdateSvc                 - inserting p: slac-mr2:xe-1/1/0 to slac-mr2                  
2019-02-06 13:26:41,192 DEBUG n.e.o.t.s.UpdateSvc                 - slac-mr2:xe-1/1/0 56                                        
2019-02-06 13:26:41,194 INFO  n.e.o.t.s.UpdateSvc                 - inserting p: chic-cr5:BLANK to chic-cr5                     
2019-02-06 13:26:41,198 DEBUG n.e.o.t.s.UpdateSvc                 - chic-cr5:BLANK 55                                           
2019-02-06 13:26:41,201 INFO  n.e.o.t.s.UpdateSvc                 - inserting p: bost-cr5:10/2/3 to bost-cr5                    
2019-02-06 13:26:41,204 DEBUG n.e.o.t.s.UpdateSvc                 - bost-cr5:10/2/3 77                                          
2019-02-06 13:26:41,205 INFO  n.e.o.t.s.UpdateSvc                 - inserting p: lbl-mr2:xe-1/1/0 to lbl-mr2                    
2019-02-06 13:26:41,218 DEBUG n.e.o.t.s.UpdateSvc                 - lbl-mr2:xe-1/1/0 74                                         
2019-02-06 13:26:41,220 INFO  n.e.o.t.s.UpdateSvc                 - inserting p: newy-cr5:9/1/4 to newy-cr5                     
2019-02-06 13:26:41,222 DEBUG n.e.o.t.s.UpdateSvc                 - newy-cr5:9/1/4 59                                           
2019-02-06 13:26:41,224 INFO  n.e.o.t.s.UpdateSvc                 - inserting p: cern-513-cr5:1/1/1 to cern-513-cr5             
2019-02-06 13:26:41,225 DEBUG n.e.o.t.s.UpdateSvc                 - cern-513-cr5:1/1/1 34                                       
2019-02-06 13:26:41,227 INFO  n.e.o.t.s.UpdateSvc                 - inserting p: newy-cr5:9/1/1 to newy-cr5                     
2019-02-06 13:26:41,229 DEBUG n.e.o.t.s.UpdateSvc                 - newy-cr5:9/1/1 59                                           
2019-02-06 13:26:41,229 DEBUG n.e.o.t.s.UpdateSvc                 - newy-cr5:9/1/4 59                                           
2019-02-06 13:26:41,231 INFO  n.e.o.t.s.UpdateSvc                 - inserting p: bois-cr1:xe-7/3/0 to bois-cr1                  
2019-02-06 13:26:41,233 DEBUG n.e.o.t.s.UpdateSvc                 - bois-cr1:xe-7/3/0 39                                        
2019-02-06 13:26:41,236 INFO  n.e.o.t.s.UpdateSvc                 - inserting p: aofa-cr5:10/1/2 to aofa-cr5                    
2019-02-06 13:26:41,237 DEBUG n.e.o.t.s.UpdateSvc                 - aofa-cr5:10/1/2 69                                          
2019-02-06 13:26:41,239 INFO  n.e.o.t.s.UpdateSvc                 - inserting p: amst-cr5:10/2/5 to amst-cr5                    
2019-02-06 13:26:41,241 DEBUG n.e.o.t.s.UpdateSvc                 - amst-cr5:10/2/5 72                                          
2019-02-06 13:26:41,243 INFO  n.e.o.t.s.UpdateSvc                 - inserting p: aofa-cr5:10/1/1 to aofa-cr5                    
2019-02-06 13:26:41,246 DEBUG n.e.o.t.s.UpdateSvc                 - aofa-cr5:10/1/1 69                                          
2019-02-06 13:26:41,246 DEBUG n.e.o.t.s.UpdateSvc                 - aofa-cr5:10/1/2 69                                          
2019-02-06 13:26:41,248 INFO  n.e.o.t.s.UpdateSvc                 - inserting p: aofa-cr5:10/1/9 to aofa-cr5                    
2019-02-06 13:26:41,250 DEBUG n.e.o.t.s.UpdateSvc                 - aofa-cr5:10/1/1 69                                          
2019-02-06 13:26:41,251 DEBUG n.e.o.t.s.UpdateSvc                 - aofa-cr5:10/1/9 69                                          
2019-02-06 13:26:41,251 DEBUG n.e.o.t.s.UpdateSvc                 - aofa-cr5:10/1/2 69                                          
2019-02-06 13:26:41,255 INFO  n.e.o.t.s.UpdateSvc                 - inserting p: aofa-cr5:10/1/8 to aofa-cr5                    
2019-02-06 13:26:41,257 DEBUG n.e.o.t.s.UpdateSvc                 - aofa-cr5:10/1/1 69                                          
2019-02-06 13:26:41,257 DEBUG n.e.o.t.s.UpdateSvc                 - aofa-cr5:10/1/9 69                                          
2019-02-06 13:26:41,257 DEBUG n.e.o.t.s.UpdateSvc                 - aofa-cr5:10/1/8 69                                          
2019-02-06 13:26:41,257 DEBUG n.e.o.t.s.UpdateSvc                 - aofa-cr5:10/1/2 69                                          
2019-02-06 13:26:41,259 INFO  n.e.o.t.s.UpdateSvc                 - inserting p: eqx-chi-cr5:10/1/2 to eqx-chi-cr5              
2019-02-06 13:26:41,261 DEBUG n.e.o.t.s.UpdateSvc                 - eqx-chi-cr5:10/1/2 58                                       
2019-02-06 13:26:41,264 INFO  n.e.o.t.s.UpdateSvc                 - inserting p: lsvn-cr1:ge-1/0/1 to lsvn-cr1                  
2019-02-06 13:26:41,265 DEBUG n.e.o.t.s.UpdateSvc                 - lsvn-cr1:ge-1/0/1 49                                        
2019-02-06 13:26:41,267 INFO  n.e.o.t.s.UpdateSvc                 - inserting p: eqx-chi-cr5:10/1/3 to eqx-chi-cr5              
2019-02-06 13:26:41,269 DEBUG n.e.o.t.s.UpdateSvc                 - eqx-chi-cr5:10/1/3 58                                       
2019-02-06 13:26:41,270 DEBUG n.e.o.t.s.UpdateSvc                 - eqx-chi-cr5:10/1/2 58                                       
2019-02-06 13:26:41,272 INFO  n.e.o.t.s.UpdateSvc                 - inserting p: lsvn-cr1:ge-1/0/0 to lsvn-cr1                  
2019-02-06 13:26:41,274 DEBUG n.e.o.t.s.UpdateSvc                 - lsvn-cr1:ge-1/0/1 49                                        
2019-02-06 13:26:41,275 DEBUG n.e.o.t.s.UpdateSvc                 - lsvn-cr1:ge-1/0/0 49                                        
2019-02-06 13:26:41,277 INFO  n.e.o.t.s.UpdateSvc                 - inserting p: eqx-chi-cr5:10/1/1 to eqx-chi-cr5              
2019-02-06 13:26:41,280 DEBUG n.e.o.t.s.UpdateSvc                 - eqx-chi-cr5:10/1/1 58                                       
2019-02-06 13:26:41,280 DEBUG n.e.o.t.s.UpdateSvc                 - eqx-chi-cr5:10/1/3 58                                       
2019-02-06 13:26:41,280 DEBUG n.e.o.t.s.UpdateSvc                 - eqx-chi-cr5:10/1/2 58                                       
2019-02-06 13:26:41,283 INFO  n.e.o.t.s.UpdateSvc                 - inserting p: lbl-mr2:xe-8/1/0 to lbl-mr2                    
2019-02-06 13:26:41,285 DEBUG n.e.o.t.s.UpdateSvc                 - lbl-mr2:xe-8/1/0 74                                         
2019-02-06 13:26:41,285 DEBUG n.e.o.t.s.UpdateSvc                 - lbl-mr2:xe-1/1/0 74                                         
2019-02-06 13:26:41,287 INFO  n.e.o.t.s.UpdateSvc                 - inserting p: cern-773-cr5:10/1/2 to cern-773-cr5            
2019-02-06 13:26:41,289 DEBUG n.e.o.t.s.UpdateSvc                 - cern-773-cr5:10/1/2 44                                      
2019-02-06 13:26:41,291 INFO  n.e.o.t.s.UpdateSvc                 - inserting p: nersc-mr2:xe-2/2/0 to nersc-mr2                
2019-02-06 13:26:41,292 DEBUG n.e.o.t.s.UpdateSvc                 - nersc-mr2:xe-2/2/0 29                                       
2019-02-06 13:26:41,295 INFO  n.e.o.t.s.UpdateSvc                 - inserting p: cern-773-cr5:10/1/1 to cern-773-cr5            
2019-02-06 13:26:41,296 DEBUG n.e.o.t.s.UpdateSvc                 - cern-773-cr5:10/1/2 44                                      
2019-02-06 13:26:41,296 DEBUG n.e.o.t.s.UpdateSvc                 - cern-773-cr5:10/1/1 44                                      
2019-02-06 13:26:41,299 INFO  n.e.o.t.s.UpdateSvc                 - inserting p: cern-773-cr5:10/1/3 to cern-773-cr5            
2019-02-06 13:26:41,302 DEBUG n.e.o.t.s.UpdateSvc                 - cern-773-cr5:10/1/2 44                                      
2019-02-06 13:26:41,302 DEBUG n.e.o.t.s.UpdateSvc                 - cern-773-cr5:10/1/3 44                                      
2019-02-06 13:26:41,303 DEBUG n.e.o.t.s.UpdateSvc                 - cern-773-cr5:10/1/1 44                                      
2019-02-06 13:26:41,307 INFO  n.e.o.t.s.UpdateSvc                 - inserting p: chic-cr5:6/1/1 to chic-cr5                     
2019-02-06 13:26:41,308 DEBUG n.e.o.t.s.UpdateSvc                 - chic-cr5:6/1/1 55                                           
2019-02-06 13:26:41,308 DEBUG n.e.o.t.s.UpdateSvc                 - chic-cr5:BLANK 55                                           
2019-02-06 13:26:41,310 INFO  n.e.o.t.s.UpdateSvc                 - inserting p: star-cr5:3/1/1 to star-cr5                     
2019-02-06 13:26:41,312 DEBUG n.e.o.t.s.UpdateSvc                 - star-cr5:3/1/1 76                                           
2019-02-06 13:26:41,313 INFO  n.e.o.t.s.UpdateSvc                 - inserting p: lsvn-cr1:xe-2/1/0 to lsvn-cr1                  
2019-02-06 13:26:41,315 DEBUG n.e.o.t.s.UpdateSvc                 - lsvn-cr1:ge-1/0/1 49                                        
2019-02-06 13:26:41,315 DEBUG n.e.o.t.s.UpdateSvc                 - lsvn-cr1:xe-2/1/0 49                                        
2019-02-06 13:26:41,315 DEBUG n.e.o.t.s.UpdateSvc                 - lsvn-cr1:ge-1/0/0 49                                        
2019-02-06 13:26:41,317 INFO  n.e.o.t.s.UpdateSvc                 - inserting p: sunn-cr5:7/1/1 to sunn-cr5                     
2019-02-06 13:26:41,319 DEBUG n.e.o.t.s.UpdateSvc                 - sunn-cr5:7/1/1 50                                           
2019-02-06 13:26:41,322 INFO  n.e.o.t.s.UpdateSvc                 - inserting p: bost-cr5:10/1/2 to bost-cr5                    
2019-02-06 13:26:41,323 DEBUG n.e.o.t.s.UpdateSvc                 - bost-cr5:10/1/2 77                                          
2019-02-06 13:26:41,324 DEBUG n.e.o.t.s.UpdateSvc                 - bost-cr5:10/2/3 77                                          
2019-02-06 13:26:41,325 INFO  n.e.o.t.s.UpdateSvc                 - inserting p: eqx-chi-cr5:BLANK to eqx-chi-cr5               
2019-02-06 13:26:41,328 DEBUG n.e.o.t.s.UpdateSvc                 - eqx-chi-cr5:10/1/1 58                                       
2019-02-06 13:26:41,328 DEBUG n.e.o.t.s.UpdateSvc                 - eqx-chi-cr5:BLANK 58                                        
2019-02-06 13:26:41,328 DEBUG n.e.o.t.s.UpdateSvc                 - eqx-chi-cr5:10/1/3 58                                       
2019-02-06 13:26:41,328 DEBUG n.e.o.t.s.UpdateSvc                 - eqx-chi-cr5:10/1/2 58                                       
2019-02-06 13:26:41,331 INFO  n.e.o.t.s.UpdateSvc                 - inserting p: lbl-mr2:xe-8/3/0 to lbl-mr2                    
2019-02-06 13:26:41,332 DEBUG n.e.o.t.s.UpdateSvc                 - lbl-mr2:xe-8/1/0 74                                         
2019-02-06 13:26:41,333 DEBUG n.e.o.t.s.UpdateSvc                 - lbl-mr2:xe-1/1/0 74                                         
2019-02-06 13:26:41,333 DEBUG n.e.o.t.s.UpdateSvc                 - lbl-mr2:xe-8/3/0 74                                         
2019-02-06 13:26:41,335 INFO  n.e.o.t.s.UpdateSvc                 - inserting p: bost-cr5:10/1/6 to bost-cr5                    
2019-02-06 13:26:41,349 DEBUG n.e.o.t.s.UpdateSvc                 - bost-cr5:10/1/2 77                                          
2019-02-06 13:26:41,349 DEBUG n.e.o.t.s.UpdateSvc                 - bost-cr5:10/2/3 77                                          
2019-02-06 13:26:41,349 DEBUG n.e.o.t.s.UpdateSvc                 - bost-cr5:10/1/6 77                                          
2019-02-06 13:26:41,351 INFO  n.e.o.t.s.UpdateSvc                 - inserting p: bost-cr5:10/1/5 to bost-cr5                    
2019-02-06 13:26:41,355 DEBUG n.e.o.t.s.UpdateSvc                 - bost-cr5:10/1/2 77                                          
2019-02-06 13:26:41,355 DEBUG n.e.o.t.s.UpdateSvc                 - bost-cr5:10/2/3 77                                          
2019-02-06 13:26:41,355 DEBUG n.e.o.t.s.UpdateSvc                 - bost-cr5:10/1/6 77                                          
2019-02-06 13:26:41,355 DEBUG n.e.o.t.s.UpdateSvc                 - bost-cr5:10/1/5 77                                          
2019-02-06 13:26:41,358 INFO  n.e.o.t.s.UpdateSvc                 - inserting p: slac-mr2:xe-0/2/0 to slac-mr2                  
2019-02-06 13:26:41,359 DEBUG n.e.o.t.s.UpdateSvc                 - slac-mr2:xe-0/2/0 56                                        
2019-02-06 13:26:41,360 DEBUG n.e.o.t.s.UpdateSvc                 - slac-mr2:xe-1/1/0 56                                        
2019-02-06 13:26:41,362 INFO  n.e.o.t.s.UpdateSvc                 - inserting p: albq-cr5:10/1/2 to albq-cr5                    
2019-02-06 13:26:41,363 DEBUG n.e.o.t.s.UpdateSvc                 - albq-cr5:10/1/2 73                                          
2019-02-06 13:26:41,366 INFO  n.e.o.t.s.UpdateSvc                 - inserting p: aofa-cr5:5/1/1 to aofa-cr5                     
2019-02-06 13:26:41,369 DEBUG n.e.o.t.s.UpdateSvc                 - aofa-cr5:10/1/1 69                                          
2019-02-06 13:26:41,369 DEBUG n.e.o.t.s.UpdateSvc                 - aofa-cr5:10/1/9 69                                          
2019-02-06 13:26:41,370 DEBUG n.e.o.t.s.UpdateSvc                 - aofa-cr5:5/1/1 69                                           
2019-02-06 13:26:41,370 DEBUG n.e.o.t.s.UpdateSvc                 - aofa-cr5:10/1/8 69                                          
2019-02-06 13:26:41,370 DEBUG n.e.o.t.s.UpdateSvc                 - aofa-cr5:10/1/2 69                                          
2019-02-06 13:26:41,373 INFO  n.e.o.t.s.UpdateSvc                 - inserting p: nash-cr5:10/1/4 to nash-cr5                    
2019-02-06 13:26:41,374 DEBUG n.e.o.t.s.UpdateSvc                 - nash-cr5:10/1/4 45                                          
2019-02-06 13:26:41,376 INFO  n.e.o.t.s.UpdateSvc                 - inserting p: albq-cr5:10/1/5 to albq-cr5                    
2019-02-06 13:26:41,378 DEBUG n.e.o.t.s.UpdateSvc                 - albq-cr5:10/1/5 73                                          
2019-02-06 13:26:41,378 DEBUG n.e.o.t.s.UpdateSvc                 - albq-cr5:10/1/2 73                                          
2019-02-06 13:26:41,380 INFO  n.e.o.t.s.UpdateSvc                 - inserting p: ga-rt2:ge-1/0/3 to ga-rt2                      
2019-02-06 13:26:41,382 DEBUG n.e.o.t.s.UpdateSvc                 - ga-rt2:ge-1/0/3 37                                          
2019-02-06 13:26:41,384 INFO  n.e.o.t.s.UpdateSvc                 - inserting p: nash-cr5:10/1/3 to nash-cr5                    
2019-02-06 13:26:41,385 DEBUG n.e.o.t.s.UpdateSvc                 - nash-cr5:10/1/3 45                                          
2019-02-06 13:26:41,385 DEBUG n.e.o.t.s.UpdateSvc                 - nash-cr5:10/1/4 45                                          
2019-02-06 13:26:41,387 INFO  n.e.o.t.s.UpdateSvc                 - inserting p: albq-cr5:10/1/3 to albq-cr5                    
2019-02-06 13:26:41,389 DEBUG n.e.o.t.s.UpdateSvc                 - albq-cr5:10/1/5 73                                          
2019-02-06 13:26:41,389 DEBUG n.e.o.t.s.UpdateSvc                 - albq-cr5:10/1/2 73                                          
2019-02-06 13:26:41,389 DEBUG n.e.o.t.s.UpdateSvc                 - albq-cr5:10/1/3 73                                          
2019-02-06 13:26:41,391 INFO  n.e.o.t.s.UpdateSvc                 - inserting p: ga-rt2:ge-1/0/5 to ga-rt2                      
2019-02-06 13:26:41,393 DEBUG n.e.o.t.s.UpdateSvc                 - ga-rt2:ge-1/0/3 37                                          
2019-02-06 13:26:41,393 DEBUG n.e.o.t.s.UpdateSvc                 - ga-rt2:ge-1/0/5 37                                          
2019-02-06 13:26:41,395 INFO  n.e.o.t.s.UpdateSvc                 - inserting p: albq-cr5:10/1/4 to albq-cr5                    
2019-02-06 13:26:41,403 DEBUG n.e.o.t.s.UpdateSvc                 - albq-cr5:10/1/5 73                                          
2019-02-06 13:26:41,403 DEBUG n.e.o.t.s.UpdateSvc                 - albq-cr5:10/1/2 73                                          
2019-02-06 13:26:41,405 DEBUG n.e.o.t.s.UpdateSvc                 - albq-cr5:10/1/4 73                                          
2019-02-06 13:26:41,405 DEBUG n.e.o.t.s.UpdateSvc                 - albq-cr5:10/1/3 73                                          
2019-02-06 13:26:41,410 INFO  n.e.o.t.s.UpdateSvc                 - inserting p: amst-cr5:10/1/1 to amst-cr5                    
2019-02-06 13:26:41,414 DEBUG n.e.o.t.s.UpdateSvc                 - amst-cr5:10/1/1 72                                          
2019-02-06 13:26:41,415 DEBUG n.e.o.t.s.UpdateSvc                 - amst-cr5:10/2/5 72                                          
2019-02-06 13:26:41,421 INFO  n.e.o.t.s.UpdateSvc                 - inserting p: cern-513-cr5:1/2/1 to cern-513-cr5             
2019-02-06 13:26:41,422 DEBUG n.e.o.t.s.UpdateSvc                 - cern-513-cr5:1/1/1 34                                       
2019-02-06 13:26:41,423 DEBUG n.e.o.t.s.UpdateSvc                 - cern-513-cr5:1/2/1 34                                       
2019-02-06 13:26:41,426 INFO  n.e.o.t.s.UpdateSvc                 - inserting p: amst-cr5:10/1/2 to amst-cr5                    
2019-02-06 13:26:41,428 DEBUG n.e.o.t.s.UpdateSvc                 - amst-cr5:10/1/1 72                                          
2019-02-06 13:26:41,429 DEBUG n.e.o.t.s.UpdateSvc                 - amst-cr5:10/1/2 72                                          
2019-02-06 13:26:41,429 DEBUG n.e.o.t.s.UpdateSvc                 - amst-cr5:10/2/5 72                                          
2019-02-06 13:26:41,434 INFO  n.e.o.t.s.UpdateSvc                 - inserting p: pnwg-cr5:BLANK to pnwg-cr5                     
2019-02-06 13:26:41,442 DEBUG n.e.o.t.s.UpdateSvc                 - pnwg-cr5:BLANK 71                                           
2019-02-06 13:26:41,448 INFO  n.e.o.t.s.UpdateSvc                 - inserting p: ornl-rt4:xe-2/3/0 to ornl-rt4                  
2019-02-06 13:26:41,479 DEBUG n.e.o.t.s.UpdateSvc                 - ornl-rt4:xe-2/3/0 42                                        
2019-02-06 13:26:41,483 INFO  n.e.o.t.s.UpdateSvc                 - inserting p: newy-cr5:2/1/1 to newy-cr5                     
2019-02-06 13:26:41,487 DEBUG n.e.o.t.s.UpdateSvc                 - newy-cr5:9/1/1 59                                           
2019-02-06 13:26:41,487 DEBUG n.e.o.t.s.UpdateSvc                 - newy-cr5:9/1/4 59                                           
2019-02-06 13:26:41,487 DEBUG n.e.o.t.s.UpdateSvc                 - newy-cr5:2/1/1 59                                           
2019-02-06 13:26:41,491 INFO  n.e.o.t.s.UpdateSvc                 - inserting p: wash-cr5:10/1/3 to wash-cr5                    
2019-02-06 13:26:41,493 DEBUG n.e.o.t.s.UpdateSvc                 - wash-cr5:10/1/3 36                                          
2019-02-06 13:26:41,496 INFO  n.e.o.t.s.UpdateSvc                 - inserting p: lsvn-cr1:ge-1/1/0 to lsvn-cr1                  
2019-02-06 13:26:41,499 DEBUG n.e.o.t.s.UpdateSvc                 - lsvn-cr1:ge-1/0/1 49                                        
2019-02-06 13:26:41,499 DEBUG n.e.o.t.s.UpdateSvc                 - lsvn-cr1:ge-1/1/0 49                                        
2019-02-06 13:26:41,500 DEBUG n.e.o.t.s.UpdateSvc                 - lsvn-cr1:xe-2/1/0 49                                        
2019-02-06 13:26:41,500 DEBUG n.e.o.t.s.UpdateSvc                 - lsvn-cr1:ge-1/0/0 49                                        
2019-02-06 13:26:41,505 INFO  n.e.o.t.s.UpdateSvc                 - inserting p: newy-cr5:10/1/9 to newy-cr5                    
2019-02-06 13:26:41,507 DEBUG n.e.o.t.s.UpdateSvc                 - newy-cr5:9/1/1 59                                           
2019-02-06 13:26:41,507 DEBUG n.e.o.t.s.UpdateSvc                 - newy-cr5:9/1/4 59                                           
2019-02-06 13:26:41,507 DEBUG n.e.o.t.s.UpdateSvc                 - newy-cr5:10/1/9 59                                          
2019-02-06 13:26:41,507 DEBUG n.e.o.t.s.UpdateSvc                 - newy-cr5:2/1/1 59                                           
2019-02-06 13:26:41,510 INFO  n.e.o.t.s.UpdateSvc                 - inserting p: wash-cr5:10/1/4 to wash-cr5                    
2019-02-06 13:26:41,513 DEBUG n.e.o.t.s.UpdateSvc                 - wash-cr5:10/1/3 36                                          
2019-02-06 13:26:41,513 DEBUG n.e.o.t.s.UpdateSvc                 - wash-cr5:10/1/4 36                                          
2019-02-06 13:26:41,516 INFO  n.e.o.t.s.UpdateSvc                 - inserting p: nash-cr5:10/1/6 to nash-cr5                    
2019-02-06 13:26:41,518 DEBUG n.e.o.t.s.UpdateSvc                 - nash-cr5:10/1/6 45                                          
2019-02-06 13:26:41,519 DEBUG n.e.o.t.s.UpdateSvc                 - nash-cr5:10/1/3 45                                          
2019-02-06 13:26:41,520 DEBUG n.e.o.t.s.UpdateSvc                 - nash-cr5:10/1/4 45                                          
2019-02-06 13:26:41,523 INFO  n.e.o.t.s.UpdateSvc                 - inserting p: wash-cr5:10/1/5 to wash-cr5                    
2019-02-06 13:26:41,525 DEBUG n.e.o.t.s.UpdateSvc                 - wash-cr5:10/1/3 36                                          
2019-02-06 13:26:41,525 DEBUG n.e.o.t.s.UpdateSvc                 - wash-cr5:10/1/5 36                                          
2019-02-06 13:26:41,525 DEBUG n.e.o.t.s.UpdateSvc                 - wash-cr5:10/1/4 36                                          
2019-02-06 13:26:41,528 INFO  n.e.o.t.s.UpdateSvc                 - inserting p: nash-cr5:10/1/5 to nash-cr5                    
2019-02-06 13:26:41,529 DEBUG n.e.o.t.s.UpdateSvc                 - nash-cr5:10/1/5 45                                          
2019-02-06 13:26:41,529 DEBUG n.e.o.t.s.UpdateSvc                 - nash-cr5:10/1/6 45                                          
2019-02-06 13:26:41,529 DEBUG n.e.o.t.s.UpdateSvc                 - nash-cr5:10/1/3 45                                          
2019-02-06 13:26:41,529 DEBUG n.e.o.t.s.UpdateSvc                 - nash-cr5:10/1/4 45                                          
2019-02-06 13:26:41,531 INFO  n.e.o.t.s.UpdateSvc                 - inserting p: sacr-cr5:3/1/1 to sacr-cr5                     
2019-02-06 13:26:41,533 DEBUG n.e.o.t.s.UpdateSvc                 - sacr-cr5:3/1/1 47                                           
2019-02-06 13:26:41,535 INFO  n.e.o.t.s.UpdateSvc                 - inserting p: wash-cr5:10/1/9 to wash-cr5                    
2019-02-06 13:26:41,537 DEBUG n.e.o.t.s.UpdateSvc                 - wash-cr5:10/1/3 36                                          
2019-02-06 13:26:41,538 DEBUG n.e.o.t.s.UpdateSvc                 - wash-cr5:10/1/9 36                                          
2019-02-06 13:26:41,538 DEBUG n.e.o.t.s.UpdateSvc                 - wash-cr5:10/1/5 36                                          
2019-02-06 13:26:41,538 DEBUG n.e.o.t.s.UpdateSvc                 - wash-cr5:10/1/4 36                                          
2019-02-06 13:26:41,539 INFO  n.e.o.t.s.UpdateSvc                 - inserting p: lsvn-cr1:ge-1/1/1 to lsvn-cr1                  
2019-02-06 13:26:41,541 DEBUG n.e.o.t.s.UpdateSvc                 - lsvn-cr1:ge-1/0/1 49                                        
2019-02-06 13:26:41,541 DEBUG n.e.o.t.s.UpdateSvc                 - lsvn-cr1:ge-1/1/0 49                                        
2019-02-06 13:26:41,541 DEBUG n.e.o.t.s.UpdateSvc                 - lsvn-cr1:xe-2/1/0 49                                        
2019-02-06 13:26:41,541 DEBUG n.e.o.t.s.UpdateSvc                 - lsvn-cr1:ge-1/0/0 49                                        
2019-02-06 13:26:41,541 DEBUG n.e.o.t.s.UpdateSvc                 - lsvn-cr1:ge-1/1/1 49                                        
2019-02-06 13:26:41,543 INFO  n.e.o.t.s.UpdateSvc                 - inserting p: atla-cr5:1/1/1 to atla-cr5                     
2019-02-06 13:26:41,543 DEBUG n.e.o.t.s.UpdateSvc                 - atla-cr5:1/1/1 41                                           
2019-02-06 13:26:41,545 INFO  n.e.o.t.s.UpdateSvc                 - inserting p: lsvn-cr1:ge-1/1/5 to lsvn-cr1                  
2019-02-06 13:26:41,546 DEBUG n.e.o.t.s.UpdateSvc                 - lsvn-cr1:ge-1/0/1 49                                        
2019-02-06 13:26:41,546 DEBUG n.e.o.t.s.UpdateSvc                 - lsvn-cr1:ge-1/1/0 49                                        
2019-02-06 13:26:41,546 DEBUG n.e.o.t.s.UpdateSvc                 - lsvn-cr1:xe-2/1/0 49                                        
2019-02-06 13:26:41,546 DEBUG n.e.o.t.s.UpdateSvc                 - lsvn-cr1:ge-1/0/0 49                                        
2019-02-06 13:26:41,547 DEBUG n.e.o.t.s.UpdateSvc                 - lsvn-cr1:ge-1/1/5 49                                        
2019-02-06 13:26:41,547 DEBUG n.e.o.t.s.UpdateSvc                 - lsvn-cr1:ge-1/1/1 49                                        
2019-02-06 13:26:41,548 INFO  n.e.o.t.s.UpdateSvc                 - inserting p: newy-cr5:10/1/2 to newy-cr5                    
2019-02-06 13:26:41,549 DEBUG n.e.o.t.s.UpdateSvc                 - newy-cr5:9/1/1 59                                           
2019-02-06 13:26:41,549 DEBUG n.e.o.t.s.UpdateSvc                 - newy-cr5:10/1/2 59                                          
2019-02-06 13:26:41,549 DEBUG n.e.o.t.s.UpdateSvc                 - newy-cr5:9/1/4 59                                           
2019-02-06 13:26:41,550 DEBUG n.e.o.t.s.UpdateSvc                 - newy-cr5:10/1/9 59                                          
2019-02-06 13:26:41,550 DEBUG n.e.o.t.s.UpdateSvc                 - newy-cr5:2/1/1 59                                           
2019-02-06 13:26:41,554 INFO  n.e.o.t.s.UpdateSvc                 - inserting p: newy-cr5:10/1/3 to newy-cr5                    
2019-02-06 13:26:41,556 DEBUG n.e.o.t.s.UpdateSvc                 - newy-cr5:9/1/1 59                                           
2019-02-06 13:26:41,556 DEBUG n.e.o.t.s.UpdateSvc                 - newy-cr5:10/1/2 59                                          
2019-02-06 13:26:41,556 DEBUG n.e.o.t.s.UpdateSvc                 - newy-cr5:9/1/4 59                                           
2019-02-06 13:26:41,556 DEBUG n.e.o.t.s.UpdateSvc                 - newy-cr5:10/1/9 59                                          
2019-02-06 13:26:41,556 DEBUG n.e.o.t.s.UpdateSvc                 - newy-cr5:10/1/3 59                                          
2019-02-06 13:26:41,556 DEBUG n.e.o.t.s.UpdateSvc                 - newy-cr5:2/1/1 59                                           
2019-02-06 13:26:41,558 INFO  n.e.o.t.s.UpdateSvc                 - inserting p: lsvn-cr1:xe-2/2/0 to lsvn-cr1                  
2019-02-06 13:26:41,559 DEBUG n.e.o.t.s.UpdateSvc                 - lsvn-cr1:ge-1/0/1 49                                        
2019-02-06 13:26:41,559 DEBUG n.e.o.t.s.UpdateSvc                 - lsvn-cr1:ge-1/1/0 49                                        
2019-02-06 13:26:41,559 DEBUG n.e.o.t.s.UpdateSvc                 - lsvn-cr1:xe-2/2/0 49                                        
2019-02-06 13:26:41,559 DEBUG n.e.o.t.s.UpdateSvc                 - lsvn-cr1:xe-2/1/0 49                                        
2019-02-06 13:26:41,559 DEBUG n.e.o.t.s.UpdateSvc                 - lsvn-cr1:ge-1/0/0 49                                        
2019-02-06 13:26:41,559 DEBUG n.e.o.t.s.UpdateSvc                 - lsvn-cr1:ge-1/1/5 49                                        
2019-02-06 13:26:41,559 DEBUG n.e.o.t.s.UpdateSvc                 - lsvn-cr1:ge-1/1/1 49                                        
2019-02-06 13:26:41,561 INFO  n.e.o.t.s.UpdateSvc                 - inserting p: star-cr5:3/2/1 to star-cr5                     
2019-02-06 13:26:41,562 DEBUG n.e.o.t.s.UpdateSvc                 - star-cr5:3/1/1 76                                           
2019-02-06 13:26:41,562 DEBUG n.e.o.t.s.UpdateSvc                 - star-cr5:3/2/1 76                                           
2019-02-06 13:26:41,564 INFO  n.e.o.t.s.UpdateSvc                 - inserting p: bois-cr1:xe-1/2/0 to bois-cr1                  
2019-02-06 13:26:41,565 DEBUG n.e.o.t.s.UpdateSvc                 - bois-cr1:xe-7/3/0 39                                        
2019-02-06 13:26:41,566 DEBUG n.e.o.t.s.UpdateSvc                 - bois-cr1:xe-1/2/0 39                                        
2019-02-06 13:26:41,570 INFO  n.e.o.t.s.UpdateSvc                 - inserting p: sunn-cr5:10/1/2 to sunn-cr5                    
2019-02-06 13:26:41,571 DEBUG n.e.o.t.s.UpdateSvc                 - sunn-cr5:7/1/1 50                                           
2019-02-06 13:26:41,571 DEBUG n.e.o.t.s.UpdateSvc                 - sunn-cr5:10/1/2 50                                          
2019-02-06 13:26:41,585 INFO  n.e.o.t.s.UpdateSvc                 - inserting p: sunn-cr5:10/1/1 to sunn-cr5                    
2019-02-06 13:26:41,586 DEBUG n.e.o.t.s.UpdateSvc                 - sunn-cr5:10/1/1 50                                          
2019-02-06 13:26:41,587 DEBUG n.e.o.t.s.UpdateSvc                 - sunn-cr5:7/1/1 50                                           
2019-02-06 13:26:41,587 DEBUG n.e.o.t.s.UpdateSvc                 - sunn-cr5:10/1/2 50                                          
2019-02-06 13:26:41,589 INFO  n.e.o.t.s.UpdateSvc                 - inserting p: sunn-cr5:10/1/6 to sunn-cr5                    
2019-02-06 13:26:41,590 DEBUG n.e.o.t.s.UpdateSvc                 - sunn-cr5:10/1/6 50                                          
2019-02-06 13:26:41,590 DEBUG n.e.o.t.s.UpdateSvc                 - sunn-cr5:10/1/1 50                                          
2019-02-06 13:26:41,591 DEBUG n.e.o.t.s.UpdateSvc                 - sunn-cr5:7/1/1 50                                           
2019-02-06 13:26:41,591 DEBUG n.e.o.t.s.UpdateSvc                 - sunn-cr5:10/1/2 50                                          
2019-02-06 13:26:41,593 INFO  n.e.o.t.s.UpdateSvc                 - inserting p: lond-cr5:5/1/1 to lond-cr5                     
2019-02-06 13:26:41,594 DEBUG n.e.o.t.s.UpdateSvc                 - lond-cr5:5/1/1 57                                           
2019-02-06 13:26:41,596 INFO  n.e.o.t.s.UpdateSvc                 - inserting p: sunn-cr5:10/1/5 to sunn-cr5                    
2019-02-06 13:26:41,597 DEBUG n.e.o.t.s.UpdateSvc                 - sunn-cr5:10/1/6 50                                          
2019-02-06 13:26:41,597 DEBUG n.e.o.t.s.UpdateSvc                 - sunn-cr5:10/1/1 50                                          
2019-02-06 13:26:41,597 DEBUG n.e.o.t.s.UpdateSvc                 - sunn-cr5:10/1/5 50                                          
2019-02-06 13:26:41,597 DEBUG n.e.o.t.s.UpdateSvc                 - sunn-cr5:7/1/1 50                                           
2019-02-06 13:26:41,597 DEBUG n.e.o.t.s.UpdateSvc                 - sunn-cr5:10/1/2 50                                          
2019-02-06 13:26:41,600 INFO  n.e.o.t.s.UpdateSvc                 - inserting p: sunn-cr5:10/1/4 to sunn-cr5                    
2019-02-06 13:26:41,601 DEBUG n.e.o.t.s.UpdateSvc                 - sunn-cr5:10/1/6 50                                          
2019-02-06 13:26:41,602 DEBUG n.e.o.t.s.UpdateSvc                 - sunn-cr5:10/1/1 50                                          
2019-02-06 13:26:41,602 DEBUG n.e.o.t.s.UpdateSvc                 - sunn-cr5:10/1/5 50                                          
2019-02-06 13:26:41,602 DEBUG n.e.o.t.s.UpdateSvc                 - sunn-cr5:7/1/1 50                                           
2019-02-06 13:26:41,602 DEBUG n.e.o.t.s.UpdateSvc                 - sunn-cr5:10/1/4 50                                          
2019-02-06 13:26:41,602 DEBUG n.e.o.t.s.UpdateSvc                 - sunn-cr5:10/1/2 50                                          
2019-02-06 13:26:41,605 INFO  n.e.o.t.s.UpdateSvc                 - inserting p: sunn-cr5:10/1/3 to sunn-cr5                    
2019-02-06 13:26:41,607 DEBUG n.e.o.t.s.UpdateSvc                 - sunn-cr5:10/1/3 50                                          
2019-02-06 13:26:41,607 DEBUG n.e.o.t.s.UpdateSvc                 - sunn-cr5:10/1/6 50                                          
2019-02-06 13:26:41,607 DEBUG n.e.o.t.s.UpdateSvc                 - sunn-cr5:10/1/1 50                                          
2019-02-06 13:26:41,607 DEBUG n.e.o.t.s.UpdateSvc                 - sunn-cr5:10/1/5 50                                          
2019-02-06 13:26:41,607 DEBUG n.e.o.t.s.UpdateSvc                 - sunn-cr5:7/1/1 50                                           
2019-02-06 13:26:41,607 DEBUG n.e.o.t.s.UpdateSvc                 - sunn-cr5:10/1/4 50                                          
2019-02-06 13:26:41,607 DEBUG n.e.o.t.s.UpdateSvc                 - sunn-cr5:10/1/2 50                                          
2019-02-06 13:26:41,609 INFO  n.e.o.t.s.UpdateSvc                 - inserting p: anl-mr2:xe-2/3/0 to anl-mr2                    
2019-02-06 13:26:41,610 DEBUG n.e.o.t.s.UpdateSvc                 - anl-mr2:xe-2/3/0 53                                         
2019-02-06 13:26:41,613 INFO  n.e.o.t.s.UpdateSvc                 - inserting p: netl-alb-rt1:xe-2/0/0 to netl-alb-rt1          
2019-02-06 13:26:41,614 DEBUG n.e.o.t.s.UpdateSvc                 - netl-alb-rt1:xe-2/0/0 60                                    
2019-02-06 13:26:41,616 INFO  n.e.o.t.s.UpdateSvc                 - inserting p: slac-mr2:xe-0/1/0 to slac-mr2                  
2019-02-06 13:26:41,620 DEBUG n.e.o.t.s.UpdateSvc                 - slac-mr2:xe-0/2/0 56                                        
2019-02-06 13:26:41,620 DEBUG n.e.o.t.s.UpdateSvc                 - slac-mr2:xe-1/1/0 56                                        
2019-02-06 13:26:41,620 DEBUG n.e.o.t.s.UpdateSvc                 - slac-mr2:xe-0/1/0 56                                        
2019-02-06 13:26:41,624 INFO  n.e.o.t.s.UpdateSvc                 - inserting p: ga-rt2:ge-1/1/3 to ga-rt2                      
2019-02-06 13:26:41,625 DEBUG n.e.o.t.s.UpdateSvc                 - ga-rt2:ge-1/0/3 37                                          
2019-02-06 13:26:41,625 DEBUG n.e.o.t.s.UpdateSvc                 - ga-rt2:ge-1/1/3 37                                          
2019-02-06 13:26:41,625 DEBUG n.e.o.t.s.UpdateSvc                 - ga-rt2:ge-1/0/5 37                                          
2019-02-06 13:26:41,629 INFO  n.e.o.t.s.UpdateSvc                 - inserting p: netl-alb-rt1:xe-2/0/3 to netl-alb-rt1          
2019-02-06 13:26:41,632 DEBUG n.e.o.t.s.UpdateSvc                 - netl-alb-rt1:xe-2/0/3 60                                    
2019-02-06 13:26:41,632 DEBUG n.e.o.t.s.UpdateSvc                 - netl-alb-rt1:xe-2/0/0 60                                    
2019-02-06 13:26:41,639 INFO  n.e.o.t.s.UpdateSvc                 - inserting p: netl-alb-rt1:xe-2/0/2 to netl-alb-rt1          
2019-02-06 13:26:41,641 DEBUG n.e.o.t.s.UpdateSvc                 - netl-alb-rt1:xe-2/0/3 60                                    
2019-02-06 13:26:41,642 DEBUG n.e.o.t.s.UpdateSvc                 - netl-alb-rt1:xe-2/0/2 60                                    
2019-02-06 13:26:41,642 DEBUG n.e.o.t.s.UpdateSvc                 - netl-alb-rt1:xe-2/0/0 60                                    
2019-02-06 13:26:41,645 INFO  n.e.o.t.s.UpdateSvc                 - inserting p: netl-alb-rt1:xe-2/0/1 to netl-alb-rt1          
2019-02-06 13:26:41,648 DEBUG n.e.o.t.s.UpdateSvc                 - netl-alb-rt1:xe-2/0/1 60                                    
2019-02-06 13:26:41,648 DEBUG n.e.o.t.s.UpdateSvc                 - netl-alb-rt1:xe-2/0/3 60                                    
2019-02-06 13:26:41,648 DEBUG n.e.o.t.s.UpdateSvc                 - netl-alb-rt1:xe-2/0/2 60                                    
2019-02-06 13:26:41,648 DEBUG n.e.o.t.s.UpdateSvc                 - netl-alb-rt1:xe-2/0/0 60                                    
2019-02-06 13:26:41,651 INFO  n.e.o.t.s.UpdateSvc                 - inserting p: bois-cr1:xe-7/1/0 to bois-cr1                  
2019-02-06 13:26:41,655 DEBUG n.e.o.t.s.UpdateSvc                 - bois-cr1:xe-7/3/0 39                                        
2019-02-06 13:26:41,655 DEBUG n.e.o.t.s.UpdateSvc                 - bois-cr1:xe-7/1/0 39                                        
2019-02-06 13:26:41,655 DEBUG n.e.o.t.s.UpdateSvc                 - bois-cr1:xe-1/2/0 39                                        
2019-02-06 13:26:41,659 INFO  n.e.o.t.s.UpdateSvc                 - inserting p: srs-rt3:ge-0/1/0 to srs-rt3                    
2019-02-06 13:26:41,660 DEBUG n.e.o.t.s.UpdateSvc                 - srs-rt3:ge-0/1/0 31                                         
2019-02-06 13:26:41,662 INFO  n.e.o.t.s.UpdateSvc                 - inserting p: albq-cr5:3/1/1 to albq-cr5                     
2019-02-06 13:26:41,664 DEBUG n.e.o.t.s.UpdateSvc                 - albq-cr5:10/1/5 73                                          
2019-02-06 13:26:41,664 DEBUG n.e.o.t.s.UpdateSvc                 - albq-cr5:10/1/2 73                                          
2019-02-06 13:26:41,664 DEBUG n.e.o.t.s.UpdateSvc                 - albq-cr5:3/1/1 73                                           
2019-02-06 13:26:41,664 DEBUG n.e.o.t.s.UpdateSvc                 - albq-cr5:10/1/4 73                                          
2019-02-06 13:26:41,664 DEBUG n.e.o.t.s.UpdateSvc                 - albq-cr5:10/1/3 73                                          
2019-02-06 13:26:41,666 INFO  n.e.o.t.s.UpdateSvc                 - inserting p: aofa-cr5:6/2/1 to aofa-cr5                     
2019-02-06 13:26:41,667 DEBUG n.e.o.t.s.UpdateSvc                 - aofa-cr5:10/1/1 69                                          
2019-02-06 13:26:41,667 DEBUG n.e.o.t.s.UpdateSvc                 - aofa-cr5:10/1/9 69                                          
2019-02-06 13:26:41,667 DEBUG n.e.o.t.s.UpdateSvc                 - aofa-cr5:5/1/1 69                                           
2019-02-06 13:26:41,667 DEBUG n.e.o.t.s.UpdateSvc                 - aofa-cr5:6/2/1 69                                           
2019-02-06 13:26:41,667 DEBUG n.e.o.t.s.UpdateSvc                 - aofa-cr5:10/1/8 69                                          
2019-02-06 13:26:41,668 DEBUG n.e.o.t.s.UpdateSvc                 - aofa-cr5:10/1/2 69                                          
2019-02-06 13:26:41,671 INFO  n.e.o.t.s.UpdateSvc                 - inserting p: wash-cr5:10/1/10 to wash-cr5                   
2019-02-06 13:26:41,673 DEBUG n.e.o.t.s.UpdateSvc                 - wash-cr5:10/1/3 36                                          
2019-02-06 13:26:41,673 DEBUG n.e.o.t.s.UpdateSvc                 - wash-cr5:10/1/9 36                                          
2019-02-06 13:26:41,673 DEBUG n.e.o.t.s.UpdateSvc                 - wash-cr5:10/1/5 36                                          
2019-02-06 13:26:41,673 DEBUG n.e.o.t.s.UpdateSvc                 - wash-cr5:10/1/4 36                                          
2019-02-06 13:26:41,673 DEBUG n.e.o.t.s.UpdateSvc                 - wash-cr5:10/1/10 36                                         
2019-02-06 13:26:41,675 INFO  n.e.o.t.s.UpdateSvc                 - inserting p: chic-cr5:7/1/1 to chic-cr5                     
2019-02-06 13:26:41,692 DEBUG n.e.o.t.s.UpdateSvc                 - chic-cr5:6/1/1 55                                           
2019-02-06 13:26:41,692 DEBUG n.e.o.t.s.UpdateSvc                 - chic-cr5:7/1/1 55                                           
2019-02-06 13:26:41,692 DEBUG n.e.o.t.s.UpdateSvc                 - chic-cr5:BLANK 55                                           
2019-02-06 13:26:41,696 INFO  n.e.o.t.s.UpdateSvc                 - inserting p: lbl-mr2:xe-0/1/0 to lbl-mr2                    
2019-02-06 13:26:41,698 DEBUG n.e.o.t.s.UpdateSvc                 - lbl-mr2:xe-8/1/0 74                                         
2019-02-06 13:26:41,698 DEBUG n.e.o.t.s.UpdateSvc                 - lbl-mr2:xe-1/1/0 74                                         
2019-02-06 13:26:41,698 DEBUG n.e.o.t.s.UpdateSvc                 - lbl-mr2:xe-8/3/0 74                                         
2019-02-06 13:26:41,698 DEBUG n.e.o.t.s.UpdateSvc                 - lbl-mr2:xe-0/1/0 74                                         
2019-02-06 13:26:41,701 INFO  n.e.o.t.s.UpdateSvc                 - inserting p: sunn-cr5:8/1/1 to sunn-cr5                     
2019-02-06 13:26:41,705 DEBUG n.e.o.t.s.UpdateSvc                 - sunn-cr5:10/1/3 50                                          
2019-02-06 13:26:41,705 DEBUG n.e.o.t.s.UpdateSvc                 - sunn-cr5:10/1/6 50                                          
2019-02-06 13:26:41,705 DEBUG n.e.o.t.s.UpdateSvc                 - sunn-cr5:10/1/1 50                                          
2019-02-06 13:26:41,705 DEBUG n.e.o.t.s.UpdateSvc                 - sunn-cr5:10/1/5 50                                          
2019-02-06 13:26:41,705 DEBUG n.e.o.t.s.UpdateSvc                 - sunn-cr5:7/1/1 50                                           
2019-02-06 13:26:41,705 DEBUG n.e.o.t.s.UpdateSvc                 - sunn-cr5:10/1/4 50                                          
2019-02-06 13:26:41,706 DEBUG n.e.o.t.s.UpdateSvc                 - sunn-cr5:10/1/2 50                                          
2019-02-06 13:26:41,706 DEBUG n.e.o.t.s.UpdateSvc                 - sunn-cr5:8/1/1 50                                           
2019-02-06 13:26:41,709 INFO  n.e.o.t.s.UpdateSvc                 - inserting p: denv-cr5:4/1/1 to denv-cr5                     
2019-02-06 13:26:41,710 DEBUG n.e.o.t.s.UpdateSvc                 - denv-cr5:4/1/1 75                                           
2019-02-06 13:26:41,713 INFO  n.e.o.t.s.UpdateSvc                 - inserting p: fnal-mr2:xe-1/3/0 to fnal-mr2                  
2019-02-06 13:26:41,714 DEBUG n.e.o.t.s.UpdateSvc                 - fnal-mr2:xe-1/3/0 65                                        
2019-02-06 13:26:41,716 INFO  n.e.o.t.s.UpdateSvc                 - inserting p: sunn-cr5:10/2/1 to sunn-cr5                    
2019-02-06 13:26:41,731 DEBUG n.e.o.t.s.UpdateSvc                 - sunn-cr5:10/1/3 50                                          
2019-02-06 13:26:41,731 DEBUG n.e.o.t.s.UpdateSvc                 - sunn-cr5:10/1/6 50                                          
2019-02-06 13:26:41,731 DEBUG n.e.o.t.s.UpdateSvc                 - sunn-cr5:10/1/1 50                                          
2019-02-06 13:26:41,731 DEBUG n.e.o.t.s.UpdateSvc                 - sunn-cr5:10/1/5 50                                          
2019-02-06 13:26:41,731 DEBUG n.e.o.t.s.UpdateSvc                 - sunn-cr5:7/1/1 50                                           
2019-02-06 13:26:41,731 DEBUG n.e.o.t.s.UpdateSvc                 - sunn-cr5:10/1/4 50                                          
2019-02-06 13:26:41,731 DEBUG n.e.o.t.s.UpdateSvc                 - sunn-cr5:10/1/2 50                                          
2019-02-06 13:26:41,731 DEBUG n.e.o.t.s.UpdateSvc                 - sunn-cr5:8/1/1 50                                           
2019-02-06 13:26:41,731 DEBUG n.e.o.t.s.UpdateSvc                 - sunn-cr5:10/2/1 50                                          
2019-02-06 13:26:41,734 INFO  n.e.o.t.s.UpdateSvc                 - inserting p: sunn-cr5:10/2/5 to sunn-cr5                    
2019-02-06 13:26:41,736 DEBUG n.e.o.t.s.UpdateSvc                 - sunn-cr5:10/1/3 50                                          
2019-02-06 13:26:41,736 DEBUG n.e.o.t.s.UpdateSvc                 - sunn-cr5:10/1/6 50                                          
2019-02-06 13:26:41,736 DEBUG n.e.o.t.s.UpdateSvc                 - sunn-cr5:10/1/1 50                                          
2019-02-06 13:26:41,736 DEBUG n.e.o.t.s.UpdateSvc                 - sunn-cr5:10/1/5 50                                          
2019-02-06 13:26:41,736 DEBUG n.e.o.t.s.UpdateSvc                 - sunn-cr5:7/1/1 50                                           
2019-02-06 13:26:41,736 DEBUG n.e.o.t.s.UpdateSvc                 - sunn-cr5:10/1/4 50                                          
2019-02-06 13:26:41,736 DEBUG n.e.o.t.s.UpdateSvc                 - sunn-cr5:10/1/2 50                                          
2019-02-06 13:26:41,736 DEBUG n.e.o.t.s.UpdateSvc                 - sunn-cr5:8/1/1 50                                           
2019-02-06 13:26:41,736 DEBUG n.e.o.t.s.UpdateSvc                 - sunn-cr5:10/2/1 50                                          
2019-02-06 13:26:41,737 DEBUG n.e.o.t.s.UpdateSvc                 - sunn-cr5:10/2/5 50                                          
2019-02-06 13:26:41,738 INFO  n.e.o.t.s.UpdateSvc                 - inserting p: sunn-cr5:10/2/4 to sunn-cr5                    
2019-02-06 13:26:41,739 DEBUG n.e.o.t.s.UpdateSvc                 - sunn-cr5:10/1/3 50                                          
2019-02-06 13:26:41,739 DEBUG n.e.o.t.s.UpdateSvc                 - sunn-cr5:10/1/6 50                                          
2019-02-06 13:26:41,739 DEBUG n.e.o.t.s.UpdateSvc                 - sunn-cr5:10/1/1 50                                          
2019-02-06 13:26:41,739 DEBUG n.e.o.t.s.UpdateSvc                 - sunn-cr5:10/1/5 50                                          
2019-02-06 13:26:41,739 DEBUG n.e.o.t.s.UpdateSvc                 - sunn-cr5:7/1/1 50                                           
2019-02-06 13:26:41,739 DEBUG n.e.o.t.s.UpdateSvc                 - sunn-cr5:10/1/4 50                                          
2019-02-06 13:26:41,739 DEBUG n.e.o.t.s.UpdateSvc                 - sunn-cr5:10/2/4 50                                          
2019-02-06 13:26:41,739 DEBUG n.e.o.t.s.UpdateSvc                 - sunn-cr5:10/1/2 50                                          
2019-02-06 13:26:41,739 DEBUG n.e.o.t.s.UpdateSvc                 - sunn-cr5:8/1/1 50                                           
2019-02-06 13:26:41,739 DEBUG n.e.o.t.s.UpdateSvc                 - sunn-cr5:10/2/1 50                                          
2019-02-06 13:26:41,739 DEBUG n.e.o.t.s.UpdateSvc                 - sunn-cr5:10/2/5 50                                          
2019-02-06 13:26:41,742 INFO  n.e.o.t.s.UpdateSvc                 - inserting p: sunn-cr5:10/2/3 to sunn-cr5                    
2019-02-06 13:26:41,743 DEBUG n.e.o.t.s.UpdateSvc                 - sunn-cr5:10/1/3 50                                          
2019-02-06 13:26:41,743 DEBUG n.e.o.t.s.UpdateSvc                 - sunn-cr5:10/1/6 50                                          
2019-02-06 13:26:41,743 DEBUG n.e.o.t.s.UpdateSvc                 - sunn-cr5:10/1/1 50                                          
2019-02-06 13:26:41,743 DEBUG n.e.o.t.s.UpdateSvc                 - sunn-cr5:10/1/5 50                                          
2019-02-06 13:26:41,743 DEBUG n.e.o.t.s.UpdateSvc                 - sunn-cr5:10/2/3 50                                          
2019-02-06 13:26:41,743 DEBUG n.e.o.t.s.UpdateSvc                 - sunn-cr5:7/1/1 50                                           
2019-02-06 13:26:41,743 DEBUG n.e.o.t.s.UpdateSvc                 - sunn-cr5:10/1/4 50                                          
2019-02-06 13:26:41,743 DEBUG n.e.o.t.s.UpdateSvc                 - sunn-cr5:10/2/4 50                                          
2019-02-06 13:26:41,743 DEBUG n.e.o.t.s.UpdateSvc                 - sunn-cr5:10/1/2 50                                          
2019-02-06 13:26:41,743 DEBUG n.e.o.t.s.UpdateSvc                 - sunn-cr5:8/1/1 50                                           
2019-02-06 13:26:41,744 DEBUG n.e.o.t.s.UpdateSvc                 - sunn-cr5:10/2/1 50                                          
2019-02-06 13:26:41,744 DEBUG n.e.o.t.s.UpdateSvc                 - sunn-cr5:10/2/5 50                                          
2019-02-06 13:26:41,746 INFO  n.e.o.t.s.UpdateSvc                 - inserting p: sunn-cr5:10/2/2 to sunn-cr5                    
2019-02-06 13:26:41,748 DEBUG n.e.o.t.s.UpdateSvc                 - sunn-cr5:10/1/6 50                                          
2019-02-06 13:26:41,748 DEBUG n.e.o.t.s.UpdateSvc                 - sunn-cr5:10/1/5 50                                          
2019-02-06 13:26:41,748 DEBUG n.e.o.t.s.UpdateSvc                 - sunn-cr5:10/2/3 50                                          
2019-02-06 13:26:41,748 DEBUG n.e.o.t.s.UpdateSvc                 - sunn-cr5:10/2/4 50                                          
2019-02-06 13:26:41,748 DEBUG n.e.o.t.s.UpdateSvc                 - sunn-cr5:10/1/2 50                                          
2019-02-06 13:26:41,748 DEBUG n.e.o.t.s.UpdateSvc                 - sunn-cr5:10/2/2 50                                          
2019-02-06 13:26:41,748 DEBUG n.e.o.t.s.UpdateSvc                 - sunn-cr5:10/1/3 50                                          
2019-02-06 13:26:41,748 DEBUG n.e.o.t.s.UpdateSvc                 - sunn-cr5:10/1/1 50                                          
2019-02-06 13:26:41,748 DEBUG n.e.o.t.s.UpdateSvc                 - sunn-cr5:7/1/1 50                                           
2019-02-06 13:26:41,748 DEBUG n.e.o.t.s.UpdateSvc                 - sunn-cr5:10/1/4 50                                          
2019-02-06 13:26:41,748 DEBUG n.e.o.t.s.UpdateSvc                 - sunn-cr5:8/1/1 50                                           
2019-02-06 13:26:41,748 DEBUG n.e.o.t.s.UpdateSvc                 - sunn-cr5:10/2/1 50                                          
2019-02-06 13:26:41,748 DEBUG n.e.o.t.s.UpdateSvc                 - sunn-cr5:10/2/5 50                                          
2019-02-06 13:26:41,751 INFO  n.e.o.t.s.UpdateSvc                 - inserting p: llnl-mr2:xe-3/2/0 to llnl-mr2                  
2019-02-06 13:26:41,753 DEBUG n.e.o.t.s.UpdateSvc                 - llnl-mr2:xe-3/2/0 52                                        
2019-02-06 13:26:41,756 INFO  n.e.o.t.s.UpdateSvc                 - inserting p: sunn-cr5:10/2/6 to sunn-cr5                    
2019-02-06 13:26:41,758 DEBUG n.e.o.t.s.UpdateSvc                 - sunn-cr5:10/1/6 50                                          
2019-02-06 13:26:41,758 DEBUG n.e.o.t.s.UpdateSvc                 - sunn-cr5:10/1/5 50                                          
2019-02-06 13:26:41,758 DEBUG n.e.o.t.s.UpdateSvc                 - sunn-cr5:10/2/3 50                                          
2019-02-06 13:26:41,758 DEBUG n.e.o.t.s.UpdateSvc                 - sunn-cr5:10/2/6 50                                          
2019-02-06 13:26:41,758 DEBUG n.e.o.t.s.UpdateSvc                 - sunn-cr5:10/2/4 50                                          
2019-02-06 13:26:41,758 DEBUG n.e.o.t.s.UpdateSvc                 - sunn-cr5:10/1/2 50                                          
2019-02-06 13:26:41,758 DEBUG n.e.o.t.s.UpdateSvc                 - sunn-cr5:10/2/2 50                                          
2019-02-06 13:26:41,758 DEBUG n.e.o.t.s.UpdateSvc                 - sunn-cr5:10/1/3 50                                          
2019-02-06 13:26:41,758 DEBUG n.e.o.t.s.UpdateSvc                 - sunn-cr5:10/1/1 50                                          
2019-02-06 13:26:41,758 DEBUG n.e.o.t.s.UpdateSvc                 - sunn-cr5:7/1/1 50                                           
2019-02-06 13:26:41,758 DEBUG n.e.o.t.s.UpdateSvc                 - sunn-cr5:10/1/4 50                                          
2019-02-06 13:26:41,758 DEBUG n.e.o.t.s.UpdateSvc                 - sunn-cr5:8/1/1 50                                           
2019-02-06 13:26:41,758 DEBUG n.e.o.t.s.UpdateSvc                 - sunn-cr5:10/2/1 50                                          
2019-02-06 13:26:41,758 DEBUG n.e.o.t.s.UpdateSvc                 - sunn-cr5:10/2/5 50                                          
2019-02-06 13:26:41,761 INFO  n.e.o.t.s.UpdateSvc                 - inserting p: hous-cr5:1/1/1 to hous-cr5                     
2019-02-06 13:26:41,762 DEBUG n.e.o.t.s.UpdateSvc                 - hous-cr5:1/1/1 68                                           
2019-02-06 13:26:41,765 INFO  n.e.o.t.s.UpdateSvc                 - inserting p: slac-mr2:xe-0/0/0 to slac-mr2                  
2019-02-06 13:26:41,768 DEBUG n.e.o.t.s.UpdateSvc                 - slac-mr2:xe-0/2/0 56                                        
2019-02-06 13:26:41,768 DEBUG n.e.o.t.s.UpdateSvc                 - slac-mr2:xe-0/0/0 56                                        
2019-02-06 13:26:41,768 DEBUG n.e.o.t.s.UpdateSvc                 - slac-mr2:xe-1/1/0 56                                        
2019-02-06 13:26:41,768 DEBUG n.e.o.t.s.UpdateSvc                 - slac-mr2:xe-0/1/0 56                                        
2019-02-06 13:26:41,772 INFO  n.e.o.t.s.UpdateSvc                 - inserting p: srs-rt3:ge-0/0/0 to srs-rt3                    
2019-02-06 13:26:41,774 DEBUG n.e.o.t.s.UpdateSvc                 - srs-rt3:ge-0/0/0 31                                         
2019-02-06 13:26:41,774 DEBUG n.e.o.t.s.UpdateSvc                 - srs-rt3:ge-0/1/0 31                                         
2019-02-06 13:26:41,778 INFO  n.e.o.t.s.UpdateSvc                 - inserting p: lbl-mr2:xe-0/2/0 to lbl-mr2                    
2019-02-06 13:26:41,780 DEBUG n.e.o.t.s.UpdateSvc                 - lbl-mr2:xe-8/1/0 74                                         
2019-02-06 13:26:41,781 DEBUG n.e.o.t.s.UpdateSvc                 - lbl-mr2:xe-1/1/0 74                                         
2019-02-06 13:26:41,781 DEBUG n.e.o.t.s.UpdateSvc                 - lbl-mr2:xe-0/2/0 74                                         
2019-02-06 13:26:41,781 DEBUG n.e.o.t.s.UpdateSvc                 - lbl-mr2:xe-8/3/0 74                                         
2019-02-06 13:26:41,781 DEBUG n.e.o.t.s.UpdateSvc                 - lbl-mr2:xe-0/1/0 74                                         
2019-02-06 13:26:41,789 INFO  n.e.o.t.s.UpdateSvc                 - inserting p: llnl-mr2:ge-3/0/1 to llnl-mr2                  
2019-02-06 13:26:41,791 DEBUG n.e.o.t.s.UpdateSvc                 - llnl-mr2:xe-3/2/0 52                                        
2019-02-06 13:26:41,791 DEBUG n.e.o.t.s.UpdateSvc                 - llnl-mr2:ge-3/0/1 52                                        
2019-02-06 13:26:41,793 INFO  n.e.o.t.s.UpdateSvc                 - inserting p: llnl-mr2:ge-3/0/0 to llnl-mr2                  
2019-02-06 13:26:41,795 DEBUG n.e.o.t.s.UpdateSvc                 - llnl-mr2:xe-3/2/0 52                                        
2019-02-06 13:26:41,795 DEBUG n.e.o.t.s.UpdateSvc                 - llnl-mr2:ge-3/0/0 52                                        
2019-02-06 13:26:41,795 DEBUG n.e.o.t.s.UpdateSvc                 - llnl-mr2:ge-3/0/1 52                                        
2019-02-06 13:26:41,797 INFO  n.e.o.t.s.UpdateSvc                 - inserting p: nersc-mr2:xe-1/3/0 to nersc-mr2                
2019-02-06 13:26:41,799 DEBUG n.e.o.t.s.UpdateSvc                 - nersc-mr2:xe-1/3/0 29                                       
2019-02-06 13:26:41,799 DEBUG n.e.o.t.s.UpdateSvc                 - nersc-mr2:xe-2/2/0 29                                       
2019-02-06 13:26:41,802 INFO  n.e.o.t.s.UpdateSvc                 - inserting p: denv-cr5:4/2/1 to denv-cr5                     
2019-02-06 13:26:41,804 DEBUG n.e.o.t.s.UpdateSvc                 - denv-cr5:4/2/1 75                                           
2019-02-06 13:26:41,804 DEBUG n.e.o.t.s.UpdateSvc                 - denv-cr5:4/1/1 75                                           
2019-02-06 13:26:41,807 INFO  n.e.o.t.s.UpdateSvc                 - inserting p: ameslab-rt3:xe-1/3/0 to ameslab-rt3            
2019-02-06 13:26:41,807 DEBUG n.e.o.t.s.UpdateSvc                 - ameslab-rt3:xe-1/3/0 67                                     
2019-02-06 13:26:41,809 INFO  n.e.o.t.s.UpdateSvc                 - inserting p: wash-cr5:1/1/1 to wash-cr5                     
2019-02-06 13:26:41,810 DEBUG n.e.o.t.s.UpdateSvc                 - wash-cr5:10/1/3 36                                          
2019-02-06 13:26:41,810 DEBUG n.e.o.t.s.UpdateSvc                 - wash-cr5:1/1/1 36                                           
2019-02-06 13:26:41,810 DEBUG n.e.o.t.s.UpdateSvc                 - wash-cr5:10/1/9 36                                          
2019-02-06 13:26:41,810 DEBUG n.e.o.t.s.UpdateSvc                 - wash-cr5:10/1/5 36                                          
2019-02-06 13:26:41,810 DEBUG n.e.o.t.s.UpdateSvc                 - wash-cr5:10/1/4 36                                          
2019-02-06 13:26:41,810 DEBUG n.e.o.t.s.UpdateSvc                 - wash-cr5:10/1/10 36                                         
2019-02-06 13:26:41,812 INFO  n.e.o.t.s.UpdateSvc                 - inserting p: newy-cr5:3/1/1 to newy-cr5                     
2019-02-06 13:26:41,813 DEBUG n.e.o.t.s.UpdateSvc                 - newy-cr5:9/1/1 59                                           
2019-02-06 13:26:41,813 DEBUG n.e.o.t.s.UpdateSvc                 - newy-cr5:10/1/2 59                                          
2019-02-06 13:26:41,813 DEBUG n.e.o.t.s.UpdateSvc                 - newy-cr5:9/1/4 59                                           
2019-02-06 13:26:41,813 DEBUG n.e.o.t.s.UpdateSvc                 - newy-cr5:10/1/9 59                                          
2019-02-06 13:26:41,813 DEBUG n.e.o.t.s.UpdateSvc                 - newy-cr5:10/1/3 59                                          
2019-02-06 13:26:41,813 DEBUG n.e.o.t.s.UpdateSvc                 - newy-cr5:2/1/1 59                                           
2019-02-06 13:26:41,813 DEBUG n.e.o.t.s.UpdateSvc                 - newy-cr5:3/1/1 59                                           
2019-02-06 13:26:41,816 INFO  n.e.o.t.s.UpdateSvc                 - inserting p: chic-cr5:6/2/1 to chic-cr5                     
2019-02-06 13:26:41,816 DEBUG n.e.o.t.s.UpdateSvc                 - chic-cr5:6/1/1 55                                           
2019-02-06 13:26:41,816 DEBUG n.e.o.t.s.UpdateSvc                 - chic-cr5:7/1/1 55                                           
2019-02-06 13:26:41,816 DEBUG n.e.o.t.s.UpdateSvc                 - chic-cr5:6/2/1 55                                           
2019-02-06 13:26:41,817 DEBUG n.e.o.t.s.UpdateSvc                 - chic-cr5:BLANK 55                                           
2019-02-06 13:26:41,820 INFO  n.e.o.t.s.UpdateSvc                 - inserting p: sunn-cr5:7/2/1 to sunn-cr5                     
2019-02-06 13:26:41,822 DEBUG n.e.o.t.s.UpdateSvc                 - sunn-cr5:10/1/6 50                                          
2019-02-06 13:26:41,822 DEBUG n.e.o.t.s.UpdateSvc                 - sunn-cr5:10/1/5 50                                          
2019-02-06 13:26:41,822 DEBUG n.e.o.t.s.UpdateSvc                 - sunn-cr5:10/2/3 50                                          
2019-02-06 13:26:41,822 DEBUG n.e.o.t.s.UpdateSvc                 - sunn-cr5:10/2/6 50                                          
2019-02-06 13:26:41,822 DEBUG n.e.o.t.s.UpdateSvc                 - sunn-cr5:10/2/4 50                                          
2019-02-06 13:26:41,822 DEBUG n.e.o.t.s.UpdateSvc                 - sunn-cr5:10/1/2 50                                          
2019-02-06 13:26:41,822 DEBUG n.e.o.t.s.UpdateSvc                 - sunn-cr5:10/2/2 50                                          
2019-02-06 13:26:41,822 DEBUG n.e.o.t.s.UpdateSvc                 - sunn-cr5:7/2/1 50                                           
2019-02-06 13:26:41,822 DEBUG n.e.o.t.s.UpdateSvc                 - sunn-cr5:10/1/3 50                                          
2019-02-06 13:26:41,822 DEBUG n.e.o.t.s.UpdateSvc                 - sunn-cr5:10/1/1 50                                          
2019-02-06 13:26:41,822 DEBUG n.e.o.t.s.UpdateSvc                 - sunn-cr5:7/1/1 50                                           
2019-02-06 13:26:41,822 DEBUG n.e.o.t.s.UpdateSvc                 - sunn-cr5:10/1/4 50                                          
2019-02-06 13:26:41,822 DEBUG n.e.o.t.s.UpdateSvc                 - sunn-cr5:8/1/1 50                                           
2019-02-06 13:26:41,822 DEBUG n.e.o.t.s.UpdateSvc                 - sunn-cr5:10/2/1 50                                          
2019-02-06 13:26:41,822 DEBUG n.e.o.t.s.UpdateSvc                 - sunn-cr5:10/2/5 50                                          
2019-02-06 13:26:41,825 INFO  n.e.o.t.s.UpdateSvc                 - inserting p: lbl-mr2:xe-7/0/0 to lbl-mr2                    
2019-02-06 13:26:41,828 DEBUG n.e.o.t.s.UpdateSvc                 - lbl-mr2:xe-8/1/0 74                                         
2019-02-06 13:26:41,828 DEBUG n.e.o.t.s.UpdateSvc                 - lbl-mr2:xe-1/1/0 74                                         
2019-02-06 13:26:41,828 DEBUG n.e.o.t.s.UpdateSvc                 - lbl-mr2:xe-7/0/0 74                                         
2019-02-06 13:26:41,828 DEBUG n.e.o.t.s.UpdateSvc                 - lbl-mr2:xe-0/2/0 74                                         
2019-02-06 13:26:41,828 DEBUG n.e.o.t.s.UpdateSvc                 - lbl-mr2:xe-8/3/0 74                                         
2019-02-06 13:26:41,828 DEBUG n.e.o.t.s.UpdateSvc                 - lbl-mr2:xe-0/1/0 74                                         
2019-02-06 13:26:41,831 INFO  n.e.o.t.s.UpdateSvc                 - inserting p: nersc-mr2:xe-7/3/0 to nersc-mr2                
2019-02-06 13:26:41,832 DEBUG n.e.o.t.s.UpdateSvc                 - nersc-mr2:xe-1/3/0 29                                       
2019-02-06 13:26:41,832 DEBUG n.e.o.t.s.UpdateSvc                 - nersc-mr2:xe-7/3/0 29                                       
2019-02-06 13:26:41,832 DEBUG n.e.o.t.s.UpdateSvc                 - nersc-mr2:xe-2/2/0 29                                       
2019-02-06 13:26:41,837 INFO  n.e.o.t.s.UpdateSvc                 - inserting p: hous-cr5:10/1/3 to hous-cr5                    
2019-02-06 13:26:41,839 DEBUG n.e.o.t.s.UpdateSvc                 - hous-cr5:1/1/1 68                                           
2019-02-06 13:26:41,839 DEBUG n.e.o.t.s.UpdateSvc                 - hous-cr5:10/1/3 68                                          
2019-02-06 13:26:41,854 INFO  n.e.o.t.s.UpdateSvc                 - inserting p: hous-cr5:10/1/4 to hous-cr5                    
2019-02-06 13:26:41,856 DEBUG n.e.o.t.s.UpdateSvc                 - hous-cr5:1/1/1 68                                           
2019-02-06 13:26:41,856 DEBUG n.e.o.t.s.UpdateSvc                 - hous-cr5:10/1/3 68                                          
2019-02-06 13:26:41,856 DEBUG n.e.o.t.s.UpdateSvc                 - hous-cr5:10/1/4 68                                          
2019-02-06 13:26:41,859 INFO  n.e.o.t.s.UpdateSvc                 - inserting p: ornl-rt4:xe-1/2/0 to ornl-rt4                  
2019-02-06 13:26:41,859 DEBUG n.e.o.t.s.UpdateSvc                 - ornl-rt4:xe-2/3/0 42                                        
2019-02-06 13:26:41,860 DEBUG n.e.o.t.s.UpdateSvc                 - ornl-rt4:xe-1/2/0 42                                        
2019-02-06 13:26:41,862 INFO  n.e.o.t.s.UpdateSvc                 - inserting p: kans-cr5:1/1/1 to kans-cr5                     
2019-02-06 13:26:41,863 DEBUG n.e.o.t.s.UpdateSvc                 - kans-cr5:1/1/1 38                                           
2019-02-06 13:26:41,866 INFO  n.e.o.t.s.UpdateSvc                 - inserting p: sacr-cr5:10/2/5 to sacr-cr5                    
2019-02-06 13:26:41,867 DEBUG n.e.o.t.s.UpdateSvc                 - sacr-cr5:3/1/1 47                                           
2019-02-06 13:26:41,867 DEBUG n.e.o.t.s.UpdateSvc                 - sacr-cr5:10/2/5 47                                          
2019-02-06 13:26:41,870 INFO  n.e.o.t.s.UpdateSvc                 - inserting p: denv-cr5:10/1/6 to denv-cr5                    
2019-02-06 13:26:41,871 DEBUG n.e.o.t.s.UpdateSvc                 - denv-cr5:4/2/1 75                                           
2019-02-06 13:26:41,871 DEBUG n.e.o.t.s.UpdateSvc                 - denv-cr5:10/1/6 75                                          
2019-02-06 13:26:41,871 DEBUG n.e.o.t.s.UpdateSvc                 - denv-cr5:4/1/1 75                                           
2019-02-06 13:26:41,874 INFO  n.e.o.t.s.UpdateSvc                 - inserting p: sacr-cr5:4/1/1 to sacr-cr5                     
2019-02-06 13:26:41,875 DEBUG n.e.o.t.s.UpdateSvc                 - sacr-cr5:4/1/1 47                                           
2019-02-06 13:26:41,875 DEBUG n.e.o.t.s.UpdateSvc                 - sacr-cr5:3/1/1 47                                           
2019-02-06 13:26:41,875 DEBUG n.e.o.t.s.UpdateSvc                 - sacr-cr5:10/2/5 47                                          
2019-02-06 13:26:41,878 INFO  n.e.o.t.s.UpdateSvc                 - inserting p: sacr-cr5:10/2/6 to sacr-cr5                    
2019-02-06 13:26:41,879 DEBUG n.e.o.t.s.UpdateSvc                 - sacr-cr5:10/2/6 47                                          
2019-02-06 13:26:41,880 DEBUG n.e.o.t.s.UpdateSvc                 - sacr-cr5:4/1/1 47                                           
2019-02-06 13:26:41,880 DEBUG n.e.o.t.s.UpdateSvc                 - sacr-cr5:3/1/1 47                                           
2019-02-06 13:26:41,880 DEBUG n.e.o.t.s.UpdateSvc                 - sacr-cr5:10/2/5 47                                          
2019-02-06 13:26:41,883 INFO  n.e.o.t.s.UpdateSvc                 - inserting p: denv-cr5:10/1/7 to denv-cr5                    
2019-02-06 13:26:41,886 DEBUG n.e.o.t.s.UpdateSvc                 - denv-cr5:4/2/1 75                                           
2019-02-06 13:26:41,886 DEBUG n.e.o.t.s.UpdateSvc                 - denv-cr5:10/1/6 75                                          
2019-02-06 13:26:41,886 DEBUG n.e.o.t.s.UpdateSvc                 - denv-cr5:4/1/1 75                                           
2019-02-06 13:26:41,886 DEBUG n.e.o.t.s.UpdateSvc                 - denv-cr5:10/1/7 75                                          
2019-02-06 13:26:41,889 INFO  n.e.o.t.s.UpdateSvc                 - inserting p: llnl-mr2:xe-2/1/0 to llnl-mr2                  
2019-02-06 13:26:41,892 DEBUG n.e.o.t.s.UpdateSvc                 - llnl-mr2:xe-3/2/0 52                                        
2019-02-06 13:26:41,892 DEBUG n.e.o.t.s.UpdateSvc                 - llnl-mr2:ge-3/0/0 52                                        
2019-02-06 13:26:41,892 DEBUG n.e.o.t.s.UpdateSvc                 - llnl-mr2:xe-2/1/0 52                                        
2019-02-06 13:26:41,892 DEBUG n.e.o.t.s.UpdateSvc                 - llnl-mr2:ge-3/0/1 52                                        
2019-02-06 13:26:41,895 INFO  n.e.o.t.s.UpdateSvc                 - inserting p: star-cr5:5/1/1 to star-cr5                     
2019-02-06 13:26:41,896 DEBUG n.e.o.t.s.UpdateSvc                 - star-cr5:3/1/1 76                                           
2019-02-06 13:26:41,896 DEBUG n.e.o.t.s.UpdateSvc                 - star-cr5:5/1/1 76                                           
2019-02-06 13:26:41,896 DEBUG n.e.o.t.s.UpdateSvc                 - star-cr5:3/2/1 76                                           
2019-02-06 13:26:41,898 INFO  n.e.o.t.s.UpdateSvc                 - inserting p: sunn-cr5:5/2/1 to sunn-cr5                     
2019-02-06 13:26:41,900 DEBUG n.e.o.t.s.UpdateSvc                 - sunn-cr5:10/1/6 50                                          
2019-02-06 13:26:41,900 DEBUG n.e.o.t.s.UpdateSvc                 - sunn-cr5:10/1/5 50                                          
2019-02-06 13:26:41,900 DEBUG n.e.o.t.s.UpdateSvc                 - sunn-cr5:10/2/3 50                                          
2019-02-06 13:26:41,900 DEBUG n.e.o.t.s.UpdateSvc                 - sunn-cr5:10/2/6 50                                          
2019-02-06 13:26:41,900 DEBUG n.e.o.t.s.UpdateSvc                 - sunn-cr5:10/2/4 50                                          
2019-02-06 13:26:41,900 DEBUG n.e.o.t.s.UpdateSvc                 - sunn-cr5:10/1/2 50                                          
2019-02-06 13:26:41,900 DEBUG n.e.o.t.s.UpdateSvc                 - sunn-cr5:10/2/2 50                                          
2019-02-06 13:26:41,900 DEBUG n.e.o.t.s.UpdateSvc                 - sunn-cr5:7/2/1 50                                           
2019-02-06 13:26:41,900 DEBUG n.e.o.t.s.UpdateSvc                 - sunn-cr5:10/1/3 50                                          
2019-02-06 13:26:41,900 DEBUG n.e.o.t.s.UpdateSvc                 - sunn-cr5:10/1/1 50                                          
2019-02-06 13:26:41,900 DEBUG n.e.o.t.s.UpdateSvc                 - sunn-cr5:7/1/1 50                                           
2019-02-06 13:26:41,901 DEBUG n.e.o.t.s.UpdateSvc                 - sunn-cr5:10/1/4 50                                          
2019-02-06 13:26:41,901 DEBUG n.e.o.t.s.UpdateSvc                 - sunn-cr5:5/2/1 50                                           
2019-02-06 13:26:41,901 DEBUG n.e.o.t.s.UpdateSvc                 - sunn-cr5:8/1/1 50                                           
2019-02-06 13:26:41,901 DEBUG n.e.o.t.s.UpdateSvc                 - sunn-cr5:10/2/1 50                                          
2019-02-06 13:26:41,901 DEBUG n.e.o.t.s.UpdateSvc                 - sunn-cr5:10/2/5 50                                          
2019-02-06 13:26:41,905 INFO  n.e.o.t.s.UpdateSvc                 - inserting p: sacr-cr5:10/2/1 to sacr-cr5                    
2019-02-06 13:26:41,906 DEBUG n.e.o.t.s.UpdateSvc                 - sacr-cr5:10/2/6 47                                          
2019-02-06 13:26:41,906 DEBUG n.e.o.t.s.UpdateSvc                 - sacr-cr5:4/1/1 47                                           
2019-02-06 13:26:41,906 DEBUG n.e.o.t.s.UpdateSvc                 - sacr-cr5:3/1/1 47                                           
2019-02-06 13:26:41,906 DEBUG n.e.o.t.s.UpdateSvc                 - sacr-cr5:10/2/5 47                                          
2019-02-06 13:26:41,906 DEBUG n.e.o.t.s.UpdateSvc                 - sacr-cr5:10/2/1 47                                          
2019-02-06 13:26:41,909 INFO  n.e.o.t.s.UpdateSvc                 - inserting p: sacr-cr5:10/2/2 to sacr-cr5                    
2019-02-06 13:26:41,910 DEBUG n.e.o.t.s.UpdateSvc                 - sacr-cr5:10/2/6 47                                          
2019-02-06 13:26:41,910 DEBUG n.e.o.t.s.UpdateSvc                 - sacr-cr5:4/1/1 47                                           
2019-02-06 13:26:41,910 DEBUG n.e.o.t.s.UpdateSvc                 - sacr-cr5:3/1/1 47                                           
2019-02-06 13:26:41,910 DEBUG n.e.o.t.s.UpdateSvc                 - sacr-cr5:10/2/5 47                                          
2019-02-06 13:26:41,910 DEBUG n.e.o.t.s.UpdateSvc                 - sacr-cr5:10/2/1 47                                          
2019-02-06 13:26:41,910 DEBUG n.e.o.t.s.UpdateSvc                 - sacr-cr5:10/2/2 47                                          
2019-02-06 13:26:41,913 INFO  n.e.o.t.s.UpdateSvc                 - inserting p: sacr-cr5:10/2/3 to sacr-cr5                    
2019-02-06 13:26:41,914 DEBUG n.e.o.t.s.UpdateSvc                 - sacr-cr5:10/2/6 47                                          
2019-02-06 13:26:41,914 DEBUG n.e.o.t.s.UpdateSvc                 - sacr-cr5:4/1/1 47                                           
2019-02-06 13:26:41,914 DEBUG n.e.o.t.s.UpdateSvc                 - sacr-cr5:10/2/3 47                                          
2019-02-06 13:26:41,914 DEBUG n.e.o.t.s.UpdateSvc                 - sacr-cr5:3/1/1 47                                           
2019-02-06 13:26:41,914 DEBUG n.e.o.t.s.UpdateSvc                 - sacr-cr5:10/2/5 47                                          
2019-02-06 13:26:41,914 DEBUG n.e.o.t.s.UpdateSvc                 - sacr-cr5:10/2/1 47                                          
2019-02-06 13:26:41,914 DEBUG n.e.o.t.s.UpdateSvc                 - sacr-cr5:10/2/2 47                                          
2019-02-06 13:26:41,917 INFO  n.e.o.t.s.UpdateSvc                 - inserting p: sacr-cr5:10/2/4 to sacr-cr5                    
2019-02-06 13:26:41,920 DEBUG n.e.o.t.s.UpdateSvc                 - sacr-cr5:10/2/6 47                                          
2019-02-06 13:26:41,920 DEBUG n.e.o.t.s.UpdateSvc                 - sacr-cr5:4/1/1 47                                           
2019-02-06 13:26:41,920 DEBUG n.e.o.t.s.UpdateSvc                 - sacr-cr5:10/2/3 47                                          
2019-02-06 13:26:41,920 DEBUG n.e.o.t.s.UpdateSvc                 - sacr-cr5:3/1/1 47                                           
2019-02-06 13:26:41,920 DEBUG n.e.o.t.s.UpdateSvc                 - sacr-cr5:10/2/5 47                                          
2019-02-06 13:26:41,920 DEBUG n.e.o.t.s.UpdateSvc                 - sacr-cr5:10/2/1 47                                          
2019-02-06 13:26:41,920 DEBUG n.e.o.t.s.UpdateSvc                 - sacr-cr5:10/2/2 47                                          
2019-02-06 13:26:41,920 DEBUG n.e.o.t.s.UpdateSvc                 - sacr-cr5:10/2/4 47                                          
2019-02-06 13:26:41,924 INFO  n.e.o.t.s.UpdateSvc                 - inserting p: ornl-rt4:ge-0/0/1 to ornl-rt4                  
2019-02-06 13:26:41,925 DEBUG n.e.o.t.s.UpdateSvc                 - ornl-rt4:ge-0/0/1 42                                        
2019-02-06 13:26:41,926 DEBUG n.e.o.t.s.UpdateSvc                 - ornl-rt4:xe-2/3/0 42                                        
2019-02-06 13:26:41,926 DEBUG n.e.o.t.s.UpdateSvc                 - ornl-rt4:xe-1/2/0 42                                        
2019-02-06 13:26:41,929 INFO  n.e.o.t.s.UpdateSvc                 - inserting p: eqx-ash-cr5:1/2/1 to eqx-ash-cr5               
2019-02-06 13:26:41,931 DEBUG n.e.o.t.s.UpdateSvc                 - eqx-ash-cr5:1/2/1 62                                        
2019-02-06 13:26:41,937 INFO  n.e.o.t.s.UpdateSvc                 - inserting p: nersc-mr2:xe-0/2/0 to nersc-mr2                
2019-02-06 13:26:41,938 DEBUG n.e.o.t.s.UpdateSvc                 - nersc-mr2:xe-1/3/0 29                                       
2019-02-06 13:26:41,938 DEBUG n.e.o.t.s.UpdateSvc                 - nersc-mr2:xe-0/2/0 29                                       
2019-02-06 13:26:41,938 DEBUG n.e.o.t.s.UpdateSvc                 - nersc-mr2:xe-7/3/0 29                                       
2019-02-06 13:26:41,938 DEBUG n.e.o.t.s.UpdateSvc                 - nersc-mr2:xe-2/2/0 29                                       
2019-02-06 13:26:41,941 INFO  n.e.o.t.s.UpdateSvc                 - inserting p: eqx-ash-cr5:10/1/6 to eqx-ash-cr5              
2019-02-06 13:26:41,942 DEBUG n.e.o.t.s.UpdateSvc                 - eqx-ash-cr5:1/2/1 62                                        
2019-02-06 13:26:41,942 DEBUG n.e.o.t.s.UpdateSvc                 - eqx-ash-cr5:10/1/6 62                                       
2019-02-06 13:26:41,944 INFO  n.e.o.t.s.UpdateSvc                 - inserting p: albq-cr5:2/1/1 to albq-cr5                     
2019-02-06 13:26:41,945 DEBUG n.e.o.t.s.UpdateSvc                 - albq-cr5:10/1/5 73                                          
2019-02-06 13:26:41,945 DEBUG n.e.o.t.s.UpdateSvc                 - albq-cr5:10/1/2 73                                          
2019-02-06 13:26:41,945 DEBUG n.e.o.t.s.UpdateSvc                 - albq-cr5:3/1/1 73                                           
2019-02-06 13:26:41,945 DEBUG n.e.o.t.s.UpdateSvc                 - albq-cr5:10/1/4 73                                          
2019-02-06 13:26:41,945 DEBUG n.e.o.t.s.UpdateSvc                 - albq-cr5:2/1/1 73                                           
2019-02-06 13:26:41,945 DEBUG n.e.o.t.s.UpdateSvc                 - albq-cr5:10/1/3 73                                          
2019-02-06 13:26:41,948 INFO  n.e.o.t.s.UpdateSvc                 - inserting p: eqx-ash-cr5:10/1/5 to eqx-ash-cr5              
2019-02-06 13:26:41,949 DEBUG n.e.o.t.s.UpdateSvc                 - eqx-ash-cr5:1/2/1 62                                        
2019-02-06 13:26:41,949 DEBUG n.e.o.t.s.UpdateSvc                 - eqx-ash-cr5:10/1/6 62                                       
2019-02-06 13:26:41,949 DEBUG n.e.o.t.s.UpdateSvc                 - eqx-ash-cr5:10/1/5 62                                       
2019-02-06 13:26:41,952 INFO  n.e.o.t.s.UpdateSvc                 - inserting p: eqx-ash-cr5:10/1/2 to eqx-ash-cr5              
2019-02-06 13:26:41,953 DEBUG n.e.o.t.s.UpdateSvc                 - eqx-ash-cr5:1/2/1 62                                        
2019-02-06 13:26:41,953 DEBUG n.e.o.t.s.UpdateSvc                 - eqx-ash-cr5:10/1/2 62                                       
2019-02-06 13:26:41,953 DEBUG n.e.o.t.s.UpdateSvc                 - eqx-ash-cr5:10/1/6 62                                       
2019-02-06 13:26:41,953 DEBUG n.e.o.t.s.UpdateSvc                 - eqx-ash-cr5:10/1/5 62                                       
2019-02-06 13:26:41,956 INFO  n.e.o.t.s.UpdateSvc                 - inserting p: llnl-mr2:xe-1/3/0 to llnl-mr2                  
2019-02-06 13:26:41,957 DEBUG n.e.o.t.s.UpdateSvc                 - llnl-mr2:xe-3/2/0 52                                        
2019-02-06 13:26:41,957 DEBUG n.e.o.t.s.UpdateSvc                 - llnl-mr2:ge-3/0/0 52                                        
2019-02-06 13:26:41,957 DEBUG n.e.o.t.s.UpdateSvc                 - llnl-mr2:xe-1/3/0 52                                        
2019-02-06 13:26:41,957 DEBUG n.e.o.t.s.UpdateSvc                 - llnl-mr2:xe-2/1/0 52                                        
2019-02-06 13:26:41,957 DEBUG n.e.o.t.s.UpdateSvc                 - llnl-mr2:ge-3/0/1 52                                        
2019-02-06 13:26:41,960 INFO  n.e.o.t.s.UpdateSvc                 - inserting p: atla-cr5:10/1/8 to atla-cr5                    
2019-02-06 13:26:41,960 DEBUG n.e.o.t.s.UpdateSvc                 - atla-cr5:10/1/8 41                                          
2019-02-06 13:26:41,960 DEBUG n.e.o.t.s.UpdateSvc                 - atla-cr5:1/1/1 41                                           
2019-02-06 13:26:41,962 INFO  n.e.o.t.s.UpdateSvc                 - inserting p: eqx-ash-cr5:10/1/1 to eqx-ash-cr5              
2019-02-06 13:26:41,963 DEBUG n.e.o.t.s.UpdateSvc                 - eqx-ash-cr5:10/1/1 62                                       
2019-02-06 13:26:41,963 DEBUG n.e.o.t.s.UpdateSvc                 - eqx-ash-cr5:1/2/1 62                                        
2019-02-06 13:26:41,963 DEBUG n.e.o.t.s.UpdateSvc                 - eqx-ash-cr5:10/1/2 62                                       
2019-02-06 13:26:41,963 DEBUG n.e.o.t.s.UpdateSvc                 - eqx-ash-cr5:10/1/6 62                                       
2019-02-06 13:26:41,963 DEBUG n.e.o.t.s.UpdateSvc                 - eqx-ash-cr5:10/1/5 62                                       
2019-02-06 13:26:41,965 INFO  n.e.o.t.s.UpdateSvc                 - inserting p: wash-cr5:6/1/1 to wash-cr5                     
2019-02-06 13:26:41,966 DEBUG n.e.o.t.s.UpdateSvc                 - wash-cr5:10/1/3 36                                          
2019-02-06 13:26:41,966 DEBUG n.e.o.t.s.UpdateSvc                 - wash-cr5:1/1/1 36                                           
2019-02-06 13:26:41,966 DEBUG n.e.o.t.s.UpdateSvc                 - wash-cr5:10/1/9 36                                          
2019-02-06 13:26:41,966 DEBUG n.e.o.t.s.UpdateSvc                 - wash-cr5:6/1/1 36                                           
2019-02-06 13:26:41,966 DEBUG n.e.o.t.s.UpdateSvc                 - wash-cr5:10/1/5 36                                          
2019-02-06 13:26:41,966 DEBUG n.e.o.t.s.UpdateSvc                 - wash-cr5:10/1/4 36                                          
2019-02-06 13:26:41,966 DEBUG n.e.o.t.s.UpdateSvc                 - wash-cr5:10/1/10 36                                         
2019-02-06 13:26:41,979 INFO  n.e.o.t.s.UpdateSvc                 - inserting p: eqx-sj-cr5:1/2/1 to eqx-sj-cr5                 
2019-02-06 13:26:41,980 DEBUG n.e.o.t.s.UpdateSvc                 - eqx-sj-cr5:1/2/1 35                                         
2019-02-06 13:26:41,982 INFO  n.e.o.t.s.UpdateSvc                 - inserting p: bost-cr5:2/1/1 to bost-cr5                     
2019-02-06 13:26:41,985 DEBUG n.e.o.t.s.UpdateSvc                 - bost-cr5:10/1/2 77                                          
2019-02-06 13:26:41,985 DEBUG n.e.o.t.s.UpdateSvc                 - bost-cr5:10/2/3 77                                          
2019-02-06 13:26:41,985 DEBUG n.e.o.t.s.UpdateSvc                 - bost-cr5:10/1/6 77                                          
2019-02-06 13:26:41,985 DEBUG n.e.o.t.s.UpdateSvc                 - bost-cr5:2/1/1 77                                           
2019-02-06 13:26:41,986 DEBUG n.e.o.t.s.UpdateSvc                 - bost-cr5:10/1/5 77                                          
2019-02-06 13:26:41,990 INFO  n.e.o.t.s.UpdateSvc                 - inserting p: chic-cr5:1/1/1 to chic-cr5                     
2019-02-06 13:26:41,990 DEBUG n.e.o.t.s.UpdateSvc                 - chic-cr5:1/1/1 55                                           
2019-02-06 13:26:41,991 DEBUG n.e.o.t.s.UpdateSvc                 - chic-cr5:6/1/1 55                                           
2019-02-06 13:26:41,991 DEBUG n.e.o.t.s.UpdateSvc                 - chic-cr5:7/1/1 55                                           
2019-02-06 13:26:41,991 DEBUG n.e.o.t.s.UpdateSvc                 - chic-cr5:6/2/1 55                                           
2019-02-06 13:26:41,991 DEBUG n.e.o.t.s.UpdateSvc                 - chic-cr5:BLANK 55                                           
2019-02-06 13:26:41,995 INFO  n.e.o.t.s.UpdateSvc                 - inserting p: atla-cr5:10/1/2 to atla-cr5                    
2019-02-06 13:26:41,996 DEBUG n.e.o.t.s.UpdateSvc                 - atla-cr5:10/1/2 41                                          
2019-02-06 13:26:41,996 DEBUG n.e.o.t.s.UpdateSvc                 - atla-cr5:10/1/8 41                                          
2019-02-06 13:26:41,997 DEBUG n.e.o.t.s.UpdateSvc                 - atla-cr5:1/1/1 41                                           
2019-02-06 13:26:41,999 INFO  n.e.o.t.s.UpdateSvc                 - inserting p: atla-cr5:3/1/1 to atla-cr5                     
2019-02-06 13:26:42,001 DEBUG n.e.o.t.s.UpdateSvc                 - atla-cr5:10/1/2 41                                          
2019-02-06 13:26:42,001 DEBUG n.e.o.t.s.UpdateSvc                 - atla-cr5:10/1/8 41                                          
2019-02-06 13:26:42,001 DEBUG n.e.o.t.s.UpdateSvc                 - atla-cr5:3/1/1 41                                           
2019-02-06 13:26:42,001 DEBUG n.e.o.t.s.UpdateSvc                 - atla-cr5:1/1/1 41                                           
2019-02-06 13:26:42,005 INFO  n.e.o.t.s.UpdateSvc                 - inserting p: atla-cr5:10/1/3 to atla-cr5                    
2019-02-06 13:26:42,007 DEBUG n.e.o.t.s.UpdateSvc                 - atla-cr5:10/1/2 41                                          
2019-02-06 13:26:42,007 DEBUG n.e.o.t.s.UpdateSvc                 - atla-cr5:10/1/8 41                                          
2019-02-06 13:26:42,007 DEBUG n.e.o.t.s.UpdateSvc                 - atla-cr5:10/1/3 41                                          
2019-02-06 13:26:42,007 DEBUG n.e.o.t.s.UpdateSvc                 - atla-cr5:3/1/1 41                                           
2019-02-06 13:26:42,007 DEBUG n.e.o.t.s.UpdateSvc                 - atla-cr5:1/1/1 41                                           
2019-02-06 13:26:42,010 INFO  n.e.o.t.s.UpdateSvc                 - inserting p: sacr-cr5:10/1/1 to sacr-cr5                    
2019-02-06 13:26:42,012 DEBUG n.e.o.t.s.UpdateSvc                 - sacr-cr5:10/2/6 47                                          
2019-02-06 13:26:42,012 DEBUG n.e.o.t.s.UpdateSvc                 - sacr-cr5:4/1/1 47                                           
2019-02-06 13:26:42,012 DEBUG n.e.o.t.s.UpdateSvc                 - sacr-cr5:10/2/3 47                                          
2019-02-06 13:26:42,012 DEBUG n.e.o.t.s.UpdateSvc                 - sacr-cr5:3/1/1 47                                           
2019-02-06 13:26:42,012 DEBUG n.e.o.t.s.UpdateSvc                 - sacr-cr5:10/1/1 47                                          
2019-02-06 13:26:42,012 DEBUG n.e.o.t.s.UpdateSvc                 - sacr-cr5:10/2/5 47                                          
2019-02-06 13:26:42,012 DEBUG n.e.o.t.s.UpdateSvc                 - sacr-cr5:10/2/1 47                                          
2019-02-06 13:26:42,012 DEBUG n.e.o.t.s.UpdateSvc                 - sacr-cr5:10/2/2 47                                          
2019-02-06 13:26:42,012 DEBUG n.e.o.t.s.UpdateSvc                 - sacr-cr5:10/2/4 47                                          
2019-02-06 13:26:42,014 INFO  n.e.o.t.s.UpdateSvc                 - inserting p: newy-cr5:4/1/1 to newy-cr5                     
2019-02-06 13:26:42,017 DEBUG n.e.o.t.s.UpdateSvc                 - newy-cr5:9/1/1 59                                           
2019-02-06 13:26:42,017 DEBUG n.e.o.t.s.UpdateSvc                 - newy-cr5:4/1/1 59                                           
2019-02-06 13:26:42,017 DEBUG n.e.o.t.s.UpdateSvc                 - newy-cr5:10/1/2 59                                          
2019-02-06 13:26:42,017 DEBUG n.e.o.t.s.UpdateSvc                 - newy-cr5:9/1/4 59                                           
2019-02-06 13:26:42,017 DEBUG n.e.o.t.s.UpdateSvc                 - newy-cr5:10/1/9 59                                          
2019-02-06 13:26:42,017 DEBUG n.e.o.t.s.UpdateSvc                 - newy-cr5:10/1/3 59                                          
2019-02-06 13:26:42,017 DEBUG n.e.o.t.s.UpdateSvc                 - newy-cr5:2/1/1 59                                           
2019-02-06 13:26:42,017 DEBUG n.e.o.t.s.UpdateSvc                 - newy-cr5:3/1/1 59                                           
2019-02-06 13:26:42,021 INFO  n.e.o.t.s.UpdateSvc                 - inserting p: sacr-cr5:10/1/6 to sacr-cr5                    
2019-02-06 13:26:42,023 DEBUG n.e.o.t.s.UpdateSvc                 - sacr-cr5:10/2/6 47                                          
2019-02-06 13:26:42,023 DEBUG n.e.o.t.s.UpdateSvc                 - sacr-cr5:4/1/1 47                                           
2019-02-06 13:26:42,023 DEBUG n.e.o.t.s.UpdateSvc                 - sacr-cr5:10/2/3 47                                          
2019-02-06 13:26:42,023 DEBUG n.e.o.t.s.UpdateSvc                 - sacr-cr5:3/1/1 47                                           
2019-02-06 13:26:42,023 DEBUG n.e.o.t.s.UpdateSvc                 - sacr-cr5:10/1/1 47                                          
2019-02-06 13:26:42,023 DEBUG n.e.o.t.s.UpdateSvc                 - sacr-cr5:10/2/5 47                                          
2019-02-06 13:26:42,023 DEBUG n.e.o.t.s.UpdateSvc                 - sacr-cr5:10/2/1 47                                          
2019-02-06 13:26:42,023 DEBUG n.e.o.t.s.UpdateSvc                 - sacr-cr5:10/2/2 47                                          
2019-02-06 13:26:42,023 DEBUG n.e.o.t.s.UpdateSvc                 - sacr-cr5:10/1/6 47                                          
2019-02-06 13:26:42,023 DEBUG n.e.o.t.s.UpdateSvc                 - sacr-cr5:10/2/4 47                                          
2019-02-06 13:26:42,026 INFO  n.e.o.t.s.UpdateSvc                 - inserting p: llnl-mr2:xe-2/2/0 to llnl-mr2                  
2019-02-06 13:26:42,028 DEBUG n.e.o.t.s.UpdateSvc                 - llnl-mr2:xe-3/2/0 52                                        
2019-02-06 13:26:42,028 DEBUG n.e.o.t.s.UpdateSvc                 - llnl-mr2:ge-3/0/0 52                                        
2019-02-06 13:26:42,028 DEBUG n.e.o.t.s.UpdateSvc                 - llnl-mr2:xe-2/2/0 52                                        
2019-02-06 13:26:42,028 DEBUG n.e.o.t.s.UpdateSvc                 - llnl-mr2:xe-1/3/0 52                                        
2019-02-06 13:26:42,028 DEBUG n.e.o.t.s.UpdateSvc                 - llnl-mr2:xe-2/1/0 52                                        
2019-02-06 13:26:42,028 DEBUG n.e.o.t.s.UpdateSvc                 - llnl-mr2:ge-3/0/1 52                                        
2019-02-06 13:26:42,031 INFO  n.e.o.t.s.UpdateSvc                 - inserting p: chic-cr5:8/1/1 to chic-cr5                     
2019-02-06 13:26:42,033 DEBUG n.e.o.t.s.UpdateSvc                 - chic-cr5:1/1/1 55                                           
2019-02-06 13:26:42,033 DEBUG n.e.o.t.s.UpdateSvc                 - chic-cr5:8/1/1 55                                           
2019-02-06 13:26:42,033 DEBUG n.e.o.t.s.UpdateSvc                 - chic-cr5:6/1/1 55                                           
2019-02-06 13:26:42,033 DEBUG n.e.o.t.s.UpdateSvc                 - chic-cr5:7/1/1 55                                           
2019-02-06 13:26:42,033 DEBUG n.e.o.t.s.UpdateSvc                 - chic-cr5:6/2/1 55                                           
2019-02-06 13:26:42,033 DEBUG n.e.o.t.s.UpdateSvc                 - chic-cr5:BLANK 55                                           
2019-02-06 13:26:42,037 INFO  n.e.o.t.s.UpdateSvc                 - inserting p: sacr-cr5:10/1/2 to sacr-cr5                    
2019-02-06 13:26:42,038 DEBUG n.e.o.t.s.UpdateSvc                 - sacr-cr5:10/2/6 47                                          
2019-02-06 13:26:42,039 DEBUG n.e.o.t.s.UpdateSvc                 - sacr-cr5:4/1/1 47                                           
2019-02-06 13:26:42,039 DEBUG n.e.o.t.s.UpdateSvc                 - sacr-cr5:10/2/3 47                                          
2019-02-06 13:26:42,039 DEBUG n.e.o.t.s.UpdateSvc                 - sacr-cr5:3/1/1 47                                           
2019-02-06 13:26:42,039 DEBUG n.e.o.t.s.UpdateSvc                 - sacr-cr5:10/1/1 47                                          
2019-02-06 13:26:42,039 DEBUG n.e.o.t.s.UpdateSvc                 - sacr-cr5:10/1/2 47                                          
2019-02-06 13:26:42,039 DEBUG n.e.o.t.s.UpdateSvc                 - sacr-cr5:10/2/5 47                                          
2019-02-06 13:26:42,039 DEBUG n.e.o.t.s.UpdateSvc                 - sacr-cr5:10/2/1 47                                          
2019-02-06 13:26:42,039 DEBUG n.e.o.t.s.UpdateSvc                 - sacr-cr5:10/2/2 47                                          
2019-02-06 13:26:42,040 DEBUG n.e.o.t.s.UpdateSvc                 - sacr-cr5:10/1/6 47                                          
2019-02-06 13:26:42,040 DEBUG n.e.o.t.s.UpdateSvc                 - sacr-cr5:10/2/4 47                                          
2019-02-06 13:26:42,042 INFO  n.e.o.t.s.UpdateSvc                 - inserting p: sacr-cr5:10/1/4 to sacr-cr5                    
2019-02-06 13:26:42,044 DEBUG n.e.o.t.s.UpdateSvc                 - sacr-cr5:10/2/6 47                                          
2019-02-06 13:26:42,044 DEBUG n.e.o.t.s.UpdateSvc                 - sacr-cr5:4/1/1 47                                           
2019-02-06 13:26:42,044 DEBUG n.e.o.t.s.UpdateSvc                 - sacr-cr5:10/2/3 47                                          
2019-02-06 13:26:42,044 DEBUG n.e.o.t.s.UpdateSvc                 - sacr-cr5:3/1/1 47                                           
2019-02-06 13:26:42,044 DEBUG n.e.o.t.s.UpdateSvc                 - sacr-cr5:10/1/1 47                                          
2019-02-06 13:26:42,044 DEBUG n.e.o.t.s.UpdateSvc                 - sacr-cr5:10/1/2 47                                          
2019-02-06 13:26:42,044 DEBUG n.e.o.t.s.UpdateSvc                 - sacr-cr5:10/1/4 47                                          
2019-02-06 13:26:42,044 DEBUG n.e.o.t.s.UpdateSvc                 - sacr-cr5:10/2/5 47                                          
2019-02-06 13:26:42,044 DEBUG n.e.o.t.s.UpdateSvc                 - sacr-cr5:10/2/1 47                                          
2019-02-06 13:26:42,044 DEBUG n.e.o.t.s.UpdateSvc                 - sacr-cr5:10/2/2 47                                          
2019-02-06 13:26:42,044 DEBUG n.e.o.t.s.UpdateSvc                 - sacr-cr5:10/1/6 47                                          
2019-02-06 13:26:42,044 DEBUG n.e.o.t.s.UpdateSvc                 - sacr-cr5:10/2/4 47                                          
2019-02-06 13:26:42,049 INFO  n.e.o.t.s.UpdateSvc                 - inserting p: cern-773-cr5:BLANK to cern-773-cr5             
2019-02-06 13:26:42,051 DEBUG n.e.o.t.s.UpdateSvc                 - cern-773-cr5:BLANK 44                                       
2019-02-06 13:26:42,051 DEBUG n.e.o.t.s.UpdateSvc                 - cern-773-cr5:10/1/2 44                                      
2019-02-06 13:26:42,051 DEBUG n.e.o.t.s.UpdateSvc                 - cern-773-cr5:10/1/3 44                                      
2019-02-06 13:26:42,051 DEBUG n.e.o.t.s.UpdateSvc                 - cern-773-cr5:10/1/1 44                                      
2019-02-06 13:26:42,054 INFO  n.e.o.t.s.UpdateSvc                 - inserting p: forr-rt2:ge-0/0/5 to forr-rt2                  
2019-02-06 13:26:42,055 DEBUG n.e.o.t.s.UpdateSvc                 - forr-rt2:ge-0/0/5 63                                        
2019-02-06 13:26:42,058 INFO  n.e.o.t.s.UpdateSvc                 - inserting p: forr-rt2:ge-0/0/4 to forr-rt2                  
2019-02-06 13:26:42,059 DEBUG n.e.o.t.s.UpdateSvc                 - forr-rt2:ge-0/0/4 63                                        
2019-02-06 13:26:42,059 DEBUG n.e.o.t.s.UpdateSvc                 - forr-rt2:ge-0/0/5 63                                        
2019-02-06 13:26:42,061 INFO  n.e.o.t.s.UpdateSvc                 - inserting p: eqx-ash-cr5:1/1/1 to eqx-ash-cr5               
2019-02-06 13:26:42,062 DEBUG n.e.o.t.s.UpdateSvc                 - eqx-ash-cr5:10/1/1 62                                       
2019-02-06 13:26:42,062 DEBUG n.e.o.t.s.UpdateSvc                 - eqx-ash-cr5:1/1/1 62                                        
2019-02-06 13:26:42,062 DEBUG n.e.o.t.s.UpdateSvc                 - eqx-ash-cr5:1/2/1 62                                        
2019-02-06 13:26:42,062 DEBUG n.e.o.t.s.UpdateSvc                 - eqx-ash-cr5:10/1/2 62                                       
2019-02-06 13:26:42,062 DEBUG n.e.o.t.s.UpdateSvc                 - eqx-ash-cr5:10/1/6 62                                       
2019-02-06 13:26:42,062 DEBUG n.e.o.t.s.UpdateSvc                 - eqx-ash-cr5:10/1/5 62                                       
2019-02-06 13:26:42,065 INFO  n.e.o.t.s.UpdateSvc                 - inserting p: forr-rt2:ge-0/0/2 to forr-rt2                  
2019-02-06 13:26:42,067 DEBUG n.e.o.t.s.UpdateSvc                 - forr-rt2:ge-0/0/4 63                                        
2019-02-06 13:26:42,067 DEBUG n.e.o.t.s.UpdateSvc                 - forr-rt2:ge-0/0/2 63                                        
2019-02-06 13:26:42,067 DEBUG n.e.o.t.s.UpdateSvc                 - forr-rt2:ge-0/0/5 63                                        
2019-02-06 13:26:42,069 INFO  n.e.o.t.s.UpdateSvc                 - inserting p: forr-rt2:ge-0/0/1 to forr-rt2                  
2019-02-06 13:26:42,070 DEBUG n.e.o.t.s.UpdateSvc                 - forr-rt2:ge-0/0/4 63                                        
2019-02-06 13:26:42,071 DEBUG n.e.o.t.s.UpdateSvc                 - forr-rt2:ge-0/0/2 63                                        
2019-02-06 13:26:42,071 DEBUG n.e.o.t.s.UpdateSvc                 - forr-rt2:ge-0/0/1 63                                        
2019-02-06 13:26:42,071 DEBUG n.e.o.t.s.UpdateSvc                 - forr-rt2:ge-0/0/5 63                                        
2019-02-06 13:26:42,073 INFO  n.e.o.t.s.UpdateSvc                 - inserting p: forr-rt2:ge-0/0/0 to forr-rt2                  
2019-02-06 13:26:42,074 DEBUG n.e.o.t.s.UpdateSvc                 - forr-rt2:ge-0/0/4 63                                        
2019-02-06 13:26:42,075 DEBUG n.e.o.t.s.UpdateSvc                 - forr-rt2:ge-0/0/0 63                                        
2019-02-06 13:26:42,075 DEBUG n.e.o.t.s.UpdateSvc                 - forr-rt2:ge-0/0/2 63                                        
2019-02-06 13:26:42,075 DEBUG n.e.o.t.s.UpdateSvc                 - forr-rt2:ge-0/0/1 63                                        
2019-02-06 13:26:42,075 DEBUG n.e.o.t.s.UpdateSvc                 - forr-rt2:ge-0/0/5 63                                        
2019-02-06 13:26:42,077 INFO  n.e.o.t.s.UpdateSvc                 - inserting p: chic-cr5:7/2/1 to chic-cr5                     
2019-02-06 13:26:42,078 DEBUG n.e.o.t.s.UpdateSvc                 - chic-cr5:1/1/1 55                                           
2019-02-06 13:26:42,078 DEBUG n.e.o.t.s.UpdateSvc                 - chic-cr5:8/1/1 55                                           
2019-02-06 13:26:42,079 DEBUG n.e.o.t.s.UpdateSvc                 - chic-cr5:6/1/1 55                                           
2019-02-06 13:26:42,079 DEBUG n.e.o.t.s.UpdateSvc                 - chic-cr5:7/1/1 55                                           
2019-02-06 13:26:42,079 DEBUG n.e.o.t.s.UpdateSvc                 - chic-cr5:7/2/1 55                                           
2019-02-06 13:26:42,079 DEBUG n.e.o.t.s.UpdateSvc                 - chic-cr5:6/2/1 55                                           
2019-02-06 13:26:42,079 DEBUG n.e.o.t.s.UpdateSvc                 - chic-cr5:BLANK 55                                           
2019-02-06 13:26:42,082 INFO  n.e.o.t.s.UpdateSvc                 - inserting p: nersc-mr2:xe-1/1/0 to nersc-mr2                
2019-02-06 13:26:42,083 DEBUG n.e.o.t.s.UpdateSvc                 - nersc-mr2:xe-1/3/0 29                                       
2019-02-06 13:26:42,083 DEBUG n.e.o.t.s.UpdateSvc                 - nersc-mr2:xe-1/1/0 29                                       
2019-02-06 13:26:42,083 DEBUG n.e.o.t.s.UpdateSvc                 - nersc-mr2:xe-0/2/0 29                                       
2019-02-06 13:26:42,083 DEBUG n.e.o.t.s.UpdateSvc                 - nersc-mr2:xe-7/3/0 29                                       
2019-02-06 13:26:42,083 DEBUG n.e.o.t.s.UpdateSvc                 - nersc-mr2:xe-2/2/0 29                                       
2019-02-06 13:26:42,097 INFO  n.e.o.t.s.UpdateSvc                 - inserting p: amst-cr5:5/1/1 to amst-cr5                     
2019-02-06 13:26:42,098 DEBUG n.e.o.t.s.UpdateSvc                 - amst-cr5:5/1/1 72                                           
2019-02-06 13:26:42,098 DEBUG n.e.o.t.s.UpdateSvc                 - amst-cr5:10/1/1 72                                          
2019-02-06 13:26:42,098 DEBUG n.e.o.t.s.UpdateSvc                 - amst-cr5:10/1/2 72                                          
2019-02-06 13:26:42,098 DEBUG n.e.o.t.s.UpdateSvc                 - amst-cr5:10/2/5 72                                          
2019-02-06 13:26:42,102 INFO  n.e.o.t.s.UpdateSvc                 - inserting p: bois-cr1:xe-0/0/0 to bois-cr1                  
2019-02-06 13:26:42,103 DEBUG n.e.o.t.s.UpdateSvc                 - bois-cr1:xe-0/0/0 39                                        
2019-02-06 13:26:42,103 DEBUG n.e.o.t.s.UpdateSvc                 - bois-cr1:xe-7/3/0 39                                        
2019-02-06 13:26:42,103 DEBUG n.e.o.t.s.UpdateSvc                 - bois-cr1:xe-7/1/0 39                                        
2019-02-06 13:26:42,103 DEBUG n.e.o.t.s.UpdateSvc                 - bois-cr1:xe-1/2/0 39                                        
2019-02-06 13:26:42,105 INFO  n.e.o.t.s.UpdateSvc                 - inserting p: sacr-cr5:1/1/1 to sacr-cr5                     
2019-02-06 13:26:42,105 DEBUG n.e.o.t.s.UpdateSvc                 - sacr-cr5:10/2/6 47                                          
2019-02-06 13:26:42,106 DEBUG n.e.o.t.s.UpdateSvc                 - sacr-cr5:10/1/1 47                                          
2019-02-06 13:26:42,106 DEBUG n.e.o.t.s.UpdateSvc                 - sacr-cr5:10/2/2 47                                          
2019-02-06 13:26:42,106 DEBUG n.e.o.t.s.UpdateSvc                 - sacr-cr5:10/2/4 47                                          
2019-02-06 13:26:42,106 DEBUG n.e.o.t.s.UpdateSvc                 - sacr-cr5:4/1/1 47                                           
2019-02-06 13:26:42,106 DEBUG n.e.o.t.s.UpdateSvc                 - sacr-cr5:10/2/3 47                                          
2019-02-06 13:26:42,106 DEBUG n.e.o.t.s.UpdateSvc                 - sacr-cr5:3/1/1 47                                           
2019-02-06 13:26:42,106 DEBUG n.e.o.t.s.UpdateSvc                 - sacr-cr5:10/1/2 47                                          
2019-02-06 13:26:42,106 DEBUG n.e.o.t.s.UpdateSvc                 - sacr-cr5:10/1/4 47                                          
2019-02-06 13:26:42,106 DEBUG n.e.o.t.s.UpdateSvc                 - sacr-cr5:10/2/5 47                                          
2019-02-06 13:26:42,106 DEBUG n.e.o.t.s.UpdateSvc                 - sacr-cr5:10/2/1 47                                          
2019-02-06 13:26:42,106 DEBUG n.e.o.t.s.UpdateSvc                 - sacr-cr5:1/1/1 47                                           
2019-02-06 13:26:42,106 DEBUG n.e.o.t.s.UpdateSvc                 - sacr-cr5:10/1/6 47                                          
2019-02-06 13:26:42,110 INFO  n.e.o.t.s.UpdateSvc                 - inserting p: ameslab-rt3:xe-1/1/0 to ameslab-rt3            
2019-02-06 13:26:42,111 DEBUG n.e.o.t.s.UpdateSvc                 - ameslab-rt3:xe-1/3/0 67                                     
2019-02-06 13:26:42,111 DEBUG n.e.o.t.s.UpdateSvc                 - ameslab-rt3:xe-1/1/0 67                                     
2019-02-06 13:26:42,114 INFO  n.e.o.t.s.UpdateSvc                 - inserting p: pnwg-cr5:3/1/1 to pnwg-cr5                     
2019-02-06 13:26:42,115 DEBUG n.e.o.t.s.UpdateSvc                 - pnwg-cr5:3/1/1 71                                           
2019-02-06 13:26:42,116 DEBUG n.e.o.t.s.UpdateSvc                 - pnwg-cr5:BLANK 71                                           
2019-02-06 13:26:42,120 INFO  n.e.o.t.s.UpdateSvc                 - inserting p: lbl-mr2:xe-7/2/0 to lbl-mr2                    
2019-02-06 13:26:42,121 DEBUG n.e.o.t.s.UpdateSvc                 - lbl-mr2:xe-8/1/0 74                                         
2019-02-06 13:26:42,121 DEBUG n.e.o.t.s.UpdateSvc                 - lbl-mr2:xe-1/1/0 74                                         
2019-02-06 13:26:42,121 DEBUG n.e.o.t.s.UpdateSvc                 - lbl-mr2:xe-7/0/0 74                                         
2019-02-06 13:26:42,121 DEBUG n.e.o.t.s.UpdateSvc                 - lbl-mr2:xe-0/2/0 74                                         
2019-02-06 13:26:42,121 DEBUG n.e.o.t.s.UpdateSvc                 - lbl-mr2:xe-8/3/0 74                                         
2019-02-06 13:26:42,121 DEBUG n.e.o.t.s.UpdateSvc                 - lbl-mr2:xe-0/1/0 74                                         
2019-02-06 13:26:42,121 DEBUG n.e.o.t.s.UpdateSvc                 - lbl-mr2:xe-7/2/0 74                                         
2019-02-06 13:26:42,125 INFO  n.e.o.t.s.UpdateSvc                 - inserting p: aofa-cr5:4/2/1 to aofa-cr5                     
2019-02-06 13:26:42,127 DEBUG n.e.o.t.s.UpdateSvc                 - aofa-cr5:10/1/1 69                                          
2019-02-06 13:26:42,127 DEBUG n.e.o.t.s.UpdateSvc                 - aofa-cr5:10/1/9 69                                          
2019-02-06 13:26:42,127 DEBUG n.e.o.t.s.UpdateSvc                 - aofa-cr5:5/1/1 69                                           
2019-02-06 13:26:42,127 DEBUG n.e.o.t.s.UpdateSvc                 - aofa-cr5:6/2/1 69                                           
2019-02-06 13:26:42,127 DEBUG n.e.o.t.s.UpdateSvc                 - aofa-cr5:10/1/8 69                                          
2019-02-06 13:26:42,127 DEBUG n.e.o.t.s.UpdateSvc                 - aofa-cr5:10/1/2 69                                          
2019-02-06 13:26:42,127 DEBUG n.e.o.t.s.UpdateSvc                 - aofa-cr5:4/2/1 69                                           
2019-02-06 13:26:42,130 INFO  n.e.o.t.s.UpdateSvc                 - inserting p: cern-513-cr5:2/1/1 to cern-513-cr5             
2019-02-06 13:26:42,132 DEBUG n.e.o.t.s.UpdateSvc                 - cern-513-cr5:1/1/1 34                                       
2019-02-06 13:26:42,132 DEBUG n.e.o.t.s.UpdateSvc                 - cern-513-cr5:2/1/1 34                                       
2019-02-06 13:26:42,132 DEBUG n.e.o.t.s.UpdateSvc                 - cern-513-cr5:1/2/1 34                                       
2019-02-06 13:26:42,135 INFO  n.e.o.t.s.UpdateSvc                 - inserting p: ameslab-rt3:xe-0/2/0 to ameslab-rt3            
2019-02-06 13:26:42,137 DEBUG n.e.o.t.s.UpdateSvc                 - ameslab-rt3:xe-1/3/0 67                                     
2019-02-06 13:26:42,138 DEBUG n.e.o.t.s.UpdateSvc                 - ameslab-rt3:xe-0/2/0 67                                     
2019-02-06 13:26:42,138 DEBUG n.e.o.t.s.UpdateSvc                 - ameslab-rt3:xe-1/1/0 67                                     
2019-02-06 13:26:42,141 INFO  n.e.o.t.s.UpdateSvc                 - inserting p: star-cr5:4/1/1 to star-cr5                     
2019-02-06 13:26:42,141 DEBUG n.e.o.t.s.UpdateSvc                 - star-cr5:3/1/1 76                                           
2019-02-06 13:26:42,141 DEBUG n.e.o.t.s.UpdateSvc                 - star-cr5:4/1/1 76                                           
2019-02-06 13:26:42,142 DEBUG n.e.o.t.s.UpdateSvc                 - star-cr5:5/1/1 76                                           
2019-02-06 13:26:42,142 DEBUG n.e.o.t.s.UpdateSvc                 - star-cr5:3/2/1 76                                           
2019-02-06 13:26:42,144 INFO  n.e.o.t.s.UpdateSvc                 - inserting p: lsvn-cr1:xe-1/2/0 to lsvn-cr1                  
2019-02-06 13:26:42,145 DEBUG n.e.o.t.s.UpdateSvc                 - lsvn-cr1:ge-1/0/1 49                                        
2019-02-06 13:26:42,145 DEBUG n.e.o.t.s.UpdateSvc                 - lsvn-cr1:ge-1/1/0 49                                        
2019-02-06 13:26:42,145 DEBUG n.e.o.t.s.UpdateSvc                 - lsvn-cr1:xe-2/2/0 49                                        
2019-02-06 13:26:42,145 DEBUG n.e.o.t.s.UpdateSvc                 - lsvn-cr1:xe-1/2/0 49                                        
2019-02-06 13:26:42,146 DEBUG n.e.o.t.s.UpdateSvc                 - lsvn-cr1:xe-2/1/0 49                                        
2019-02-06 13:26:42,146 DEBUG n.e.o.t.s.UpdateSvc                 - lsvn-cr1:ge-1/0/0 49                                        
2019-02-06 13:26:42,146 DEBUG n.e.o.t.s.UpdateSvc                 - lsvn-cr1:ge-1/1/5 49                                        
2019-02-06 13:26:42,146 DEBUG n.e.o.t.s.UpdateSvc                 - lsvn-cr1:ge-1/1/1 49                                        
2019-02-06 13:26:42,149 INFO  n.e.o.t.s.UpdateSvc                 - inserting p: newy-cr5:4/2/1 to newy-cr5                     
2019-02-06 13:26:42,150 DEBUG n.e.o.t.s.UpdateSvc                 - newy-cr5:9/1/1 59                                           
2019-02-06 13:26:42,150 DEBUG n.e.o.t.s.UpdateSvc                 - newy-cr5:4/1/1 59                                           
2019-02-06 13:26:42,150 DEBUG n.e.o.t.s.UpdateSvc                 - newy-cr5:10/1/2 59                                          
2019-02-06 13:26:42,150 DEBUG n.e.o.t.s.UpdateSvc                 - newy-cr5:4/2/1 59                                           
2019-02-06 13:26:42,150 DEBUG n.e.o.t.s.UpdateSvc                 - newy-cr5:9/1/4 59                                           
2019-02-06 13:26:42,150 DEBUG n.e.o.t.s.UpdateSvc                 - newy-cr5:10/1/9 59                                          
2019-02-06 13:26:42,150 DEBUG n.e.o.t.s.UpdateSvc                 - newy-cr5:10/1/3 59                                          
2019-02-06 13:26:42,150 DEBUG n.e.o.t.s.UpdateSvc                 - newy-cr5:2/1/1 59                                           
2019-02-06 13:26:42,150 DEBUG n.e.o.t.s.UpdateSvc                 - newy-cr5:3/1/1 59                                           
2019-02-06 13:26:42,154 INFO  n.e.o.t.s.UpdateSvc                 - inserting p: albq-cr5:1/1/1 to albq-cr5                     
2019-02-06 13:26:42,156 DEBUG n.e.o.t.s.UpdateSvc                 - albq-cr5:10/1/5 73                                          
2019-02-06 13:26:42,156 DEBUG n.e.o.t.s.UpdateSvc                 - albq-cr5:10/1/2 73                                          
2019-02-06 13:26:42,156 DEBUG n.e.o.t.s.UpdateSvc                 - albq-cr5:3/1/1 73                                           
2019-02-06 13:26:42,156 DEBUG n.e.o.t.s.UpdateSvc                 - albq-cr5:10/1/4 73                                          
2019-02-06 13:26:42,156 DEBUG n.e.o.t.s.UpdateSvc                 - albq-cr5:1/1/1 73                                           
2019-02-06 13:26:42,156 DEBUG n.e.o.t.s.UpdateSvc                 - albq-cr5:2/1/1 73                                           
2019-02-06 13:26:42,156 DEBUG n.e.o.t.s.UpdateSvc                 - albq-cr5:10/1/3 73                                          
2019-02-06 13:26:42,159 INFO  n.e.o.t.s.UpdateSvc                 - inserting p: pnwg-cr5:1/1/1 to pnwg-cr5                     
2019-02-06 13:26:42,160 DEBUG n.e.o.t.s.UpdateSvc                 - pnwg-cr5:3/1/1 71                                           
2019-02-06 13:26:42,160 DEBUG n.e.o.t.s.UpdateSvc                 - pnwg-cr5:BLANK 71                                           
2019-02-06 13:26:42,160 DEBUG n.e.o.t.s.UpdateSvc                 - pnwg-cr5:1/1/1 71                                           
2019-02-06 13:26:42,162 INFO  n.e.o.t.s.UpdateSvc                 - inserting p: kans-cr5:10/1/4 to kans-cr5                    
2019-02-06 13:26:42,163 DEBUG n.e.o.t.s.UpdateSvc                 - kans-cr5:10/1/4 38                                          
2019-02-06 13:26:42,163 DEBUG n.e.o.t.s.UpdateSvc                 - kans-cr5:1/1/1 38                                           
2019-02-06 13:26:42,165 INFO  n.e.o.t.s.UpdateSvc                 - inserting p: elpa-cr5:10/1/5 to elpa-cr5                    
2019-02-06 13:26:42,166 DEBUG n.e.o.t.s.UpdateSvc                 - elpa-cr5:10/1/5 46                                          
2019-02-06 13:26:42,169 INFO  n.e.o.t.s.UpdateSvc                 - inserting p: kans-cr5:10/1/3 to kans-cr5                    
2019-02-06 13:26:42,170 DEBUG n.e.o.t.s.UpdateSvc                 - kans-cr5:10/1/4 38                                          
2019-02-06 13:26:42,170 DEBUG n.e.o.t.s.UpdateSvc                 - kans-cr5:10/1/3 38                                          
2019-02-06 13:26:42,170 DEBUG n.e.o.t.s.UpdateSvc                 - kans-cr5:1/1/1 38                                           
2019-02-06 13:26:42,172 INFO  n.e.o.t.s.UpdateSvc                 - inserting p: pnwg-cr5:2/2/1 to pnwg-cr5                     
2019-02-06 13:26:42,173 DEBUG n.e.o.t.s.UpdateSvc                 - pnwg-cr5:2/2/1 71                                           
2019-02-06 13:26:42,173 DEBUG n.e.o.t.s.UpdateSvc                 - pnwg-cr5:3/1/1 71                                           
2019-02-06 13:26:42,173 DEBUG n.e.o.t.s.UpdateSvc                 - pnwg-cr5:BLANK 71                                           
2019-02-06 13:26:42,173 DEBUG n.e.o.t.s.UpdateSvc                 - pnwg-cr5:1/1/1 71                                           
2019-02-06 13:26:42,176 INFO  n.e.o.t.s.UpdateSvc                 - inserting p: bois-cr1:xe-0/1/0 to bois-cr1                  
2019-02-06 13:26:42,177 DEBUG n.e.o.t.s.UpdateSvc                 - bois-cr1:xe-0/0/0 39                                        
2019-02-06 13:26:42,177 DEBUG n.e.o.t.s.UpdateSvc                 - bois-cr1:xe-0/1/0 39                                        
2019-02-06 13:26:42,177 DEBUG n.e.o.t.s.UpdateSvc                 - bois-cr1:xe-7/3/0 39                                        
2019-02-06 13:26:42,178 DEBUG n.e.o.t.s.UpdateSvc                 - bois-cr1:xe-7/1/0 39                                        
2019-02-06 13:26:42,178 DEBUG n.e.o.t.s.UpdateSvc                 - bois-cr1:xe-1/2/0 39                                        
2019-02-06 13:26:42,180 INFO  n.e.o.t.s.UpdateSvc                 - inserting p: eqx-ash-cr5:BLANK to eqx-ash-cr5               
2019-02-06 13:26:42,181 DEBUG n.e.o.t.s.UpdateSvc                 - eqx-ash-cr5:10/1/1 62                                       
2019-02-06 13:26:42,181 DEBUG n.e.o.t.s.UpdateSvc                 - eqx-ash-cr5:1/1/1 62                                        
2019-02-06 13:26:42,181 DEBUG n.e.o.t.s.UpdateSvc                 - eqx-ash-cr5:BLANK 62                                        
2019-02-06 13:26:42,181 DEBUG n.e.o.t.s.UpdateSvc                 - eqx-ash-cr5:1/2/1 62                                        
2019-02-06 13:26:42,181 DEBUG n.e.o.t.s.UpdateSvc                 - eqx-ash-cr5:10/1/2 62                                       
2019-02-06 13:26:42,181 DEBUG n.e.o.t.s.UpdateSvc                 - eqx-ash-cr5:10/1/6 62                                       
2019-02-06 13:26:42,181 DEBUG n.e.o.t.s.UpdateSvc                 - eqx-ash-cr5:10/1/5 62                                       
2019-02-06 13:26:42,184 INFO  n.e.o.t.s.UpdateSvc                 - inserting p: bost-cr5:1/1/1 to bost-cr5                     
2019-02-06 13:26:42,185 DEBUG n.e.o.t.s.UpdateSvc                 - bost-cr5:10/1/2 77                                          
2019-02-06 13:26:42,185 DEBUG n.e.o.t.s.UpdateSvc                 - bost-cr5:10/2/3 77                                          
2019-02-06 13:26:42,185 DEBUG n.e.o.t.s.UpdateSvc                 - bost-cr5:1/1/1 77                                           
2019-02-06 13:26:42,185 DEBUG n.e.o.t.s.UpdateSvc                 - bost-cr5:10/1/6 77                                          
2019-02-06 13:26:42,185 DEBUG n.e.o.t.s.UpdateSvc                 - bost-cr5:2/1/1 77                                           
2019-02-06 13:26:42,185 DEBUG n.e.o.t.s.UpdateSvc                 - bost-cr5:10/1/5 77                                          
2019-02-06 13:26:42,188 INFO  n.e.o.t.s.UpdateSvc                 - inserting p: elpa-cr5:10/1/4 to elpa-cr5                    
2019-02-06 13:26:42,189 DEBUG n.e.o.t.s.UpdateSvc                 - elpa-cr5:10/1/4 46                                          
2019-02-06 13:26:42,189 DEBUG n.e.o.t.s.UpdateSvc                 - elpa-cr5:10/1/5 46                                          
2019-02-06 13:26:42,192 INFO  n.e.o.t.s.UpdateSvc                 - inserting p: eqx-sj-cr5:BLANK to eqx-sj-cr5                 
2019-02-06 13:26:42,193 DEBUG n.e.o.t.s.UpdateSvc                 - eqx-sj-cr5:1/2/1 35                                         
2019-02-06 13:26:42,193 DEBUG n.e.o.t.s.UpdateSvc                 - eqx-sj-cr5:BLANK 35                                         
2019-02-06 13:26:42,195 INFO  n.e.o.t.s.UpdateSvc                 - inserting p: elpa-cr5:10/1/3 to elpa-cr5                    
2019-02-06 13:26:42,196 DEBUG n.e.o.t.s.UpdateSvc                 - elpa-cr5:10/1/3 46                                          
2019-02-06 13:26:42,196 DEBUG n.e.o.t.s.UpdateSvc                 - elpa-cr5:10/1/4 46                                          
2019-02-06 13:26:42,196 DEBUG n.e.o.t.s.UpdateSvc                 - elpa-cr5:10/1/5 46                                          
2019-02-06 13:26:42,211 INFO  n.e.o.t.s.UpdateSvc                 - inserting p: ameslab-rt3:xe-1/0/0 to ameslab-rt3            
2019-02-06 13:26:42,212 DEBUG n.e.o.t.s.UpdateSvc                 - ameslab-rt3:xe-1/3/0 67                                     
2019-02-06 13:26:42,212 DEBUG n.e.o.t.s.UpdateSvc                 - ameslab-rt3:xe-0/2/0 67                                     
2019-02-06 13:26:42,212 DEBUG n.e.o.t.s.UpdateSvc                 - ameslab-rt3:xe-1/0/0 67                                     
2019-02-06 13:26:42,212 DEBUG n.e.o.t.s.UpdateSvc                 - ameslab-rt3:xe-1/1/0 67                                     
2019-02-06 13:26:42,214 INFO  n.e.o.t.s.UpdateSvc                 - inserting p: aofa-cr5:4/1/1 to aofa-cr5                     
2019-02-06 13:26:42,216 DEBUG n.e.o.t.s.UpdateSvc                 - aofa-cr5:4/1/1 69                                           
2019-02-06 13:26:42,216 DEBUG n.e.o.t.s.UpdateSvc                 - aofa-cr5:10/1/1 69                                          
2019-02-06 13:26:42,216 DEBUG n.e.o.t.s.UpdateSvc                 - aofa-cr5:10/1/9 69                                          
2019-02-06 13:26:42,216 DEBUG n.e.o.t.s.UpdateSvc                 - aofa-cr5:5/1/1 69                                           
2019-02-06 13:26:42,216 DEBUG n.e.o.t.s.UpdateSvc                 - aofa-cr5:6/2/1 69                                           
2019-02-06 13:26:42,216 DEBUG n.e.o.t.s.UpdateSvc                 - aofa-cr5:10/1/8 69                                          
2019-02-06 13:26:42,216 DEBUG n.e.o.t.s.UpdateSvc                 - aofa-cr5:10/1/2 69                                          
2019-02-06 13:26:42,216 DEBUG n.e.o.t.s.UpdateSvc                 - aofa-cr5:4/2/1 69                                           
2019-02-06 13:26:42,219 INFO  n.e.o.t.s.UpdateSvc                 - inserting p: anl-mr2:ae0 to anl-mr2                         
2019-02-06 13:26:42,220 DEBUG n.e.o.t.s.UpdateSvc                 - anl-mr2:ae0 53                                              
2019-02-06 13:26:42,221 DEBUG n.e.o.t.s.UpdateSvc                 - anl-mr2:xe-2/3/0 53                                         
2019-02-06 13:26:42,224 INFO  n.e.o.t.s.UpdateSvc                 - inserting p: aofa-cr5:3/1/1 to aofa-cr5                     
2019-02-06 13:26:42,225 DEBUG n.e.o.t.s.UpdateSvc                 - aofa-cr5:4/1/1 69                                           
2019-02-06 13:26:42,225 DEBUG n.e.o.t.s.UpdateSvc                 - aofa-cr5:10/1/1 69                                          
2019-02-06 13:26:42,226 DEBUG n.e.o.t.s.UpdateSvc                 - aofa-cr5:10/1/9 69                                          
2019-02-06 13:26:42,226 DEBUG n.e.o.t.s.UpdateSvc                 - aofa-cr5:5/1/1 69                                           
2019-02-06 13:26:42,226 DEBUG n.e.o.t.s.UpdateSvc                 - aofa-cr5:6/2/1 69                                           
2019-02-06 13:26:42,226 DEBUG n.e.o.t.s.UpdateSvc                 - aofa-cr5:3/1/1 69                                           
2019-02-06 13:26:42,226 DEBUG n.e.o.t.s.UpdateSvc                 - aofa-cr5:10/1/8 69                                          
2019-02-06 13:26:42,226 DEBUG n.e.o.t.s.UpdateSvc                 - aofa-cr5:10/1/2 69                                          
2019-02-06 13:26:42,226 DEBUG n.e.o.t.s.UpdateSvc                 - aofa-cr5:4/2/1 69                                           
2019-02-06 13:26:42,230 INFO  n.e.o.t.s.UpdateSvc                 - inserting p: star-cr5:4/2/1 to star-cr5                     
2019-02-06 13:26:42,232 DEBUG n.e.o.t.s.UpdateSvc                 - star-cr5:3/1/1 76                                           
2019-02-06 13:26:42,232 DEBUG n.e.o.t.s.UpdateSvc                 - star-cr5:4/2/1 76                                           
2019-02-06 13:26:42,232 DEBUG n.e.o.t.s.UpdateSvc                 - star-cr5:4/1/1 76                                           
2019-02-06 13:26:42,232 DEBUG n.e.o.t.s.UpdateSvc                 - star-cr5:5/1/1 76                                           
2019-02-06 13:26:42,232 DEBUG n.e.o.t.s.UpdateSvc                 - star-cr5:3/2/1 76                                           
2019-02-06 13:26:42,236 INFO  n.e.o.t.s.UpdateSvc                 - inserting p: osti-rt2:ae0 to osti-rt2                       
2019-02-06 13:26:42,238 DEBUG n.e.o.t.s.UpdateSvc                 - osti-rt2:ae0 70                                             
2019-02-06 13:26:42,241 INFO  n.e.o.t.s.UpdateSvc                 - inserting p: ameslab-rt3:xe-0/1/0 to ameslab-rt3            
2019-02-06 13:26:42,242 DEBUG n.e.o.t.s.UpdateSvc                 - ameslab-rt3:xe-1/3/0 67                                     
2019-02-06 13:26:42,242 DEBUG n.e.o.t.s.UpdateSvc                 - ameslab-rt3:xe-0/1/0 67                                     
2019-02-06 13:26:42,242 DEBUG n.e.o.t.s.UpdateSvc                 - ameslab-rt3:xe-0/2/0 67                                     
2019-02-06 13:26:42,242 DEBUG n.e.o.t.s.UpdateSvc                 - ameslab-rt3:xe-1/0/0 67                                     
2019-02-06 13:26:42,242 DEBUG n.e.o.t.s.UpdateSvc                 - ameslab-rt3:xe-1/1/0 67                                     
2019-02-06 13:26:42,245 INFO  n.e.o.t.s.UpdateSvc                 - inserting p: llnl-mr2:xe-2/0/0 to llnl-mr2                  
2019-02-06 13:26:42,246 DEBUG n.e.o.t.s.UpdateSvc                 - llnl-mr2:xe-3/2/0 52                                        
2019-02-06 13:26:42,246 DEBUG n.e.o.t.s.UpdateSvc                 - llnl-mr2:ge-3/0/0 52                                        
2019-02-06 13:26:42,247 DEBUG n.e.o.t.s.UpdateSvc                 - llnl-mr2:xe-2/2/0 52                                        
2019-02-06 13:26:42,247 DEBUG n.e.o.t.s.UpdateSvc                 - llnl-mr2:xe-2/0/0 52                                        
2019-02-06 13:26:42,247 DEBUG n.e.o.t.s.UpdateSvc                 - llnl-mr2:xe-1/3/0 52                                        
2019-02-06 13:26:42,247 DEBUG n.e.o.t.s.UpdateSvc                 - llnl-mr2:xe-2/1/0 52                                        
2019-02-06 13:26:42,247 DEBUG n.e.o.t.s.UpdateSvc                 - llnl-mr2:ge-3/0/1 52                                        
2019-02-06 13:26:42,250 INFO  n.e.o.t.s.UpdateSvc                 - inserting p: cern-513-cr5:BLANK to cern-513-cr5             
2019-02-06 13:26:42,252 DEBUG n.e.o.t.s.UpdateSvc                 - cern-513-cr5:1/1/1 34                                       
2019-02-06 13:26:42,252 DEBUG n.e.o.t.s.UpdateSvc                 - cern-513-cr5:2/1/1 34                                       
2019-02-06 13:26:42,252 DEBUG n.e.o.t.s.UpdateSvc                 - cern-513-cr5:1/2/1 34                                       
2019-02-06 13:26:42,252 DEBUG n.e.o.t.s.UpdateSvc                 - cern-513-cr5:BLANK 34                                       
2019-02-06 13:26:42,256 INFO  n.e.o.t.s.UpdateSvc                 - inserting p: atla-cr5:2/1/1 to atla-cr5                     
2019-02-06 13:26:42,256 DEBUG n.e.o.t.s.UpdateSvc                 - atla-cr5:10/1/2 41                                          
2019-02-06 13:26:42,256 DEBUG n.e.o.t.s.UpdateSvc                 - atla-cr5:10/1/8 41                                          
2019-02-06 13:26:42,256 DEBUG n.e.o.t.s.UpdateSvc                 - atla-cr5:10/1/3 41                                          
2019-02-06 13:26:42,256 DEBUG n.e.o.t.s.UpdateSvc                 - atla-cr5:3/1/1 41                                           
2019-02-06 13:26:42,257 DEBUG n.e.o.t.s.UpdateSvc                 - atla-cr5:2/1/1 41                                           
2019-02-06 13:26:42,257 DEBUG n.e.o.t.s.UpdateSvc                 - atla-cr5:1/1/1 41                                           
2019-02-06 13:26:42,260 INFO  n.e.o.t.s.UpdateSvc                 - inserting p: sunn-cr5:5/1/1 to sunn-cr5                     
2019-02-06 13:26:42,262 DEBUG n.e.o.t.s.UpdateSvc                 - sunn-cr5:10/1/6 50                                          
2019-02-06 13:26:42,262 DEBUG n.e.o.t.s.UpdateSvc                 - sunn-cr5:10/1/5 50                                          
2019-02-06 13:26:42,262 DEBUG n.e.o.t.s.UpdateSvc                 - sunn-cr5:10/2/3 50                                          
2019-02-06 13:26:42,262 DEBUG n.e.o.t.s.UpdateSvc                 - sunn-cr5:10/2/6 50                                          
2019-02-06 13:26:42,262 DEBUG n.e.o.t.s.UpdateSvc                 - sunn-cr5:10/2/4 50                                          
2019-02-06 13:26:42,262 DEBUG n.e.o.t.s.UpdateSvc                 - sunn-cr5:10/1/2 50                                          
2019-02-06 13:26:42,262 DEBUG n.e.o.t.s.UpdateSvc                 - sunn-cr5:10/2/2 50                                          
2019-02-06 13:26:42,262 DEBUG n.e.o.t.s.UpdateSvc                 - sunn-cr5:7/2/1 50                                           
2019-02-06 13:26:42,262 DEBUG n.e.o.t.s.UpdateSvc                 - sunn-cr5:10/1/3 50                                          
2019-02-06 13:26:42,262 DEBUG n.e.o.t.s.UpdateSvc                 - sunn-cr5:5/1/1 50                                           
2019-02-06 13:26:42,262 DEBUG n.e.o.t.s.UpdateSvc                 - sunn-cr5:10/1/1 50                                          
2019-02-06 13:26:42,262 DEBUG n.e.o.t.s.UpdateSvc                 - sunn-cr5:7/1/1 50                                           
2019-02-06 13:26:42,262 DEBUG n.e.o.t.s.UpdateSvc                 - sunn-cr5:10/1/4 50                                          
2019-02-06 13:26:42,262 DEBUG n.e.o.t.s.UpdateSvc                 - sunn-cr5:5/2/1 50                                           
2019-02-06 13:26:42,262 DEBUG n.e.o.t.s.UpdateSvc                 - sunn-cr5:8/1/1 50                                           
2019-02-06 13:26:42,262 DEBUG n.e.o.t.s.UpdateSvc                 - sunn-cr5:10/2/1 50                                          
2019-02-06 13:26:42,262 DEBUG n.e.o.t.s.UpdateSvc                 - sunn-cr5:10/2/5 50                                          
2019-02-06 13:26:42,265 INFO  n.e.o.t.s.UpdateSvc                 - inserting p: sacr-cr5:2/1/1 to sacr-cr5                     
2019-02-06 13:26:42,267 DEBUG n.e.o.t.s.UpdateSvc                 - sacr-cr5:10/2/6 47                                          
2019-02-06 13:26:42,267 DEBUG n.e.o.t.s.UpdateSvc                 - sacr-cr5:10/1/1 47                                          
2019-02-06 13:26:42,267 DEBUG n.e.o.t.s.UpdateSvc                 - sacr-cr5:10/2/2 47                                          
2019-02-06 13:26:42,267 DEBUG n.e.o.t.s.UpdateSvc                 - sacr-cr5:2/1/1 47                                           
2019-02-06 13:26:42,267 DEBUG n.e.o.t.s.UpdateSvc                 - sacr-cr5:10/2/4 47                                          
2019-02-06 13:26:42,267 DEBUG n.e.o.t.s.UpdateSvc                 - sacr-cr5:4/1/1 47                                           
2019-02-06 13:26:42,267 DEBUG n.e.o.t.s.UpdateSvc                 - sacr-cr5:10/2/3 47                                          
2019-02-06 13:26:42,267 DEBUG n.e.o.t.s.UpdateSvc                 - sacr-cr5:3/1/1 47                                           
2019-02-06 13:26:42,267 DEBUG n.e.o.t.s.UpdateSvc                 - sacr-cr5:10/1/2 47                                          
2019-02-06 13:26:42,267 DEBUG n.e.o.t.s.UpdateSvc                 - sacr-cr5:10/1/4 47                                          
2019-02-06 13:26:42,267 DEBUG n.e.o.t.s.UpdateSvc                 - sacr-cr5:10/2/5 47                                          
2019-02-06 13:26:42,267 DEBUG n.e.o.t.s.UpdateSvc                 - sacr-cr5:10/2/1 47                                          
2019-02-06 13:26:42,267 DEBUG n.e.o.t.s.UpdateSvc                 - sacr-cr5:1/1/1 47                                           
2019-02-06 13:26:42,267 DEBUG n.e.o.t.s.UpdateSvc                 - sacr-cr5:10/1/6 47                                          
2019-02-06 13:26:42,272 INFO  n.e.o.t.s.UpdateSvc                 - inserting p: denv-cr5:10/1/3 to denv-cr5                    
2019-02-06 13:26:42,275 DEBUG n.e.o.t.s.UpdateSvc                 - denv-cr5:4/2/1 75                                           
2019-02-06 13:26:42,275 DEBUG n.e.o.t.s.UpdateSvc                 - denv-cr5:10/1/6 75                                          
2019-02-06 13:26:42,275 DEBUG n.e.o.t.s.UpdateSvc                 - denv-cr5:4/1/1 75                                           
2019-02-06 13:26:42,275 DEBUG n.e.o.t.s.UpdateSvc                 - denv-cr5:10/1/3 75                                          
2019-02-06 13:26:42,275 DEBUG n.e.o.t.s.UpdateSvc                 - denv-cr5:10/1/7 75                                          
2019-02-06 13:26:42,279 INFO  n.e.o.t.s.UpdateSvc                 - inserting p: denv-cr5:10/1/4 to denv-cr5                    
2019-02-06 13:26:42,280 DEBUG n.e.o.t.s.UpdateSvc                 - denv-cr5:4/2/1 75                                           
2019-02-06 13:26:42,280 DEBUG n.e.o.t.s.UpdateSvc                 - denv-cr5:10/1/6 75                                          
2019-02-06 13:26:42,280 DEBUG n.e.o.t.s.UpdateSvc                 - denv-cr5:4/1/1 75                                           
2019-02-06 13:26:42,280 DEBUG n.e.o.t.s.UpdateSvc                 - denv-cr5:10/1/4 75                                          
2019-02-06 13:26:42,280 DEBUG n.e.o.t.s.UpdateSvc                 - denv-cr5:10/1/3 75                                          
2019-02-06 13:26:42,280 DEBUG n.e.o.t.s.UpdateSvc                 - denv-cr5:10/1/7 75                                          
2019-02-06 13:26:42,284 INFO  n.e.o.t.s.UpdateSvc                 - inserting p: denv-cr5:10/1/5 to denv-cr5                    
2019-02-06 13:26:42,286 DEBUG n.e.o.t.s.UpdateSvc                 - denv-cr5:4/2/1 75                                           
2019-02-06 13:26:42,286 DEBUG n.e.o.t.s.UpdateSvc                 - denv-cr5:10/1/6 75                                          
2019-02-06 13:26:42,286 DEBUG n.e.o.t.s.UpdateSvc                 - denv-cr5:4/1/1 75                                           
2019-02-06 13:26:42,286 DEBUG n.e.o.t.s.UpdateSvc                 - denv-cr5:10/1/5 75                                          
2019-02-06 13:26:42,286 DEBUG n.e.o.t.s.UpdateSvc                 - denv-cr5:10/1/4 75                                          
2019-02-06 13:26:42,286 DEBUG n.e.o.t.s.UpdateSvc                 - denv-cr5:10/1/3 75                                          
2019-02-06 13:26:42,287 DEBUG n.e.o.t.s.UpdateSvc                 - denv-cr5:10/1/7 75                                          
2019-02-06 13:26:42,289 INFO  n.e.o.t.s.UpdateSvc                 - inserting p: eqx-ash-cr5:10/2/5 to eqx-ash-cr5              
2019-02-06 13:26:42,291 DEBUG n.e.o.t.s.UpdateSvc                 - eqx-ash-cr5:10/1/1 62                                       
2019-02-06 13:26:42,291 DEBUG n.e.o.t.s.UpdateSvc                 - eqx-ash-cr5:1/1/1 62                                        
2019-02-06 13:26:42,291 DEBUG n.e.o.t.s.UpdateSvc                 - eqx-ash-cr5:BLANK 62                                        
2019-02-06 13:26:42,291 DEBUG n.e.o.t.s.UpdateSvc                 - eqx-ash-cr5:10/2/5 62                                       
2019-02-06 13:26:42,291 DEBUG n.e.o.t.s.UpdateSvc                 - eqx-ash-cr5:1/2/1 62                                        
2019-02-06 13:26:42,291 DEBUG n.e.o.t.s.UpdateSvc                 - eqx-ash-cr5:10/1/2 62                                       
2019-02-06 13:26:42,291 DEBUG n.e.o.t.s.UpdateSvc                 - eqx-ash-cr5:10/1/6 62                                       
2019-02-06 13:26:42,291 DEBUG n.e.o.t.s.UpdateSvc                 - eqx-ash-cr5:10/1/5 62                                       
2019-02-06 13:26:42,294 INFO  n.e.o.t.s.UpdateSvc                 - inserting p: eqx-ash-cr5:10/2/6 to eqx-ash-cr5              
2019-02-06 13:26:42,295 DEBUG n.e.o.t.s.UpdateSvc                 - eqx-ash-cr5:10/1/1 62                                       
2019-02-06 13:26:42,295 DEBUG n.e.o.t.s.UpdateSvc                 - eqx-ash-cr5:1/1/1 62                                        
2019-02-06 13:26:42,295 DEBUG n.e.o.t.s.UpdateSvc                 - eqx-ash-cr5:BLANK 62                                        
2019-02-06 13:26:42,295 DEBUG n.e.o.t.s.UpdateSvc                 - eqx-ash-cr5:10/2/5 62                                       
2019-02-06 13:26:42,295 DEBUG n.e.o.t.s.UpdateSvc                 - eqx-ash-cr5:1/2/1 62                                        
2019-02-06 13:26:42,295 DEBUG n.e.o.t.s.UpdateSvc                 - eqx-ash-cr5:10/1/2 62                                       
2019-02-06 13:26:42,295 DEBUG n.e.o.t.s.UpdateSvc                 - eqx-ash-cr5:10/1/6 62                                       
2019-02-06 13:26:42,295 DEBUG n.e.o.t.s.UpdateSvc                 - eqx-ash-cr5:10/1/5 62                                       
2019-02-06 13:26:42,295 DEBUG n.e.o.t.s.UpdateSvc                 - eqx-ash-cr5:10/2/6 62                                       
2019-02-06 13:26:42,297 INFO  n.e.o.t.s.UpdateSvc                 - inserting p: bois-cr1:xe-0/2/0 to bois-cr1                  
2019-02-06 13:26:42,298 DEBUG n.e.o.t.s.UpdateSvc                 - bois-cr1:xe-0/0/0 39                                        
2019-02-06 13:26:42,299 DEBUG n.e.o.t.s.UpdateSvc                 - bois-cr1:xe-0/2/0 39                                        
2019-02-06 13:26:42,299 DEBUG n.e.o.t.s.UpdateSvc                 - bois-cr1:xe-0/1/0 39                                        
2019-02-06 13:26:42,299 DEBUG n.e.o.t.s.UpdateSvc                 - bois-cr1:xe-7/3/0 39                                        
2019-02-06 13:26:42,299 DEBUG n.e.o.t.s.UpdateSvc                 - bois-cr1:xe-7/1/0 39                                        
2019-02-06 13:26:42,299 DEBUG n.e.o.t.s.UpdateSvc                 - bois-cr1:xe-1/2/0 39                                        
2019-02-06 13:26:42,301 INFO  n.e.o.t.s.UpdateSvc                 - inserting p: pnwg-cr5:2/1/1 to pnwg-cr5                     
2019-02-06 13:26:42,304 DEBUG n.e.o.t.s.UpdateSvc                 - pnwg-cr5:2/2/1 71                                           
2019-02-06 13:26:42,304 DEBUG n.e.o.t.s.UpdateSvc                 - pnwg-cr5:2/1/1 71                                           
2019-02-06 13:26:42,304 DEBUG n.e.o.t.s.UpdateSvc                 - pnwg-cr5:3/1/1 71                                           
2019-02-06 13:26:42,304 DEBUG n.e.o.t.s.UpdateSvc                 - pnwg-cr5:BLANK 71                                           
2019-02-06 13:26:42,304 DEBUG n.e.o.t.s.UpdateSvc                 - pnwg-cr5:1/1/1 71                                           
2019-02-06 13:26:42,306 INFO  n.e.o.t.s.UpdateSvc                 - inserting p: eqx-ash-cr5:10/2/2 to eqx-ash-cr5              
2019-02-06 13:26:42,307 DEBUG n.e.o.t.s.UpdateSvc                 - eqx-ash-cr5:10/1/1 62                                       
2019-02-06 13:26:42,307 DEBUG n.e.o.t.s.UpdateSvc                 - eqx-ash-cr5:1/1/1 62                                        
2019-02-06 13:26:42,307 DEBUG n.e.o.t.s.UpdateSvc                 - eqx-ash-cr5:BLANK 62                                        
2019-02-06 13:26:42,307 DEBUG n.e.o.t.s.UpdateSvc                 - eqx-ash-cr5:10/2/5 62                                       
2019-02-06 13:26:42,307 DEBUG n.e.o.t.s.UpdateSvc                 - eqx-ash-cr5:1/2/1 62                                        
2019-02-06 13:26:42,307 DEBUG n.e.o.t.s.UpdateSvc                 - eqx-ash-cr5:10/1/2 62                                       
2019-02-06 13:26:42,307 DEBUG n.e.o.t.s.UpdateSvc                 - eqx-ash-cr5:10/1/6 62                                       
2019-02-06 13:26:42,307 DEBUG n.e.o.t.s.UpdateSvc                 - eqx-ash-cr5:10/1/5 62                                       
2019-02-06 13:26:42,308 DEBUG n.e.o.t.s.UpdateSvc                 - eqx-ash-cr5:10/2/6 62                                       
2019-02-06 13:26:42,308 DEBUG n.e.o.t.s.UpdateSvc                 - eqx-ash-cr5:10/2/2 62                                       
2019-02-06 13:26:42,310 INFO  n.e.o.t.s.UpdateSvc                 - inserting p: eqx-ash-cr5:2/1/1 to eqx-ash-cr5               
2019-02-06 13:26:42,310 DEBUG n.e.o.t.s.UpdateSvc                 - eqx-ash-cr5:10/1/1 62                                       
2019-02-06 13:26:42,310 DEBUG n.e.o.t.s.UpdateSvc                 - eqx-ash-cr5:1/1/1 62                                        
2019-02-06 13:26:42,310 DEBUG n.e.o.t.s.UpdateSvc                 - eqx-ash-cr5:BLANK 62                                        
2019-02-06 13:26:42,310 DEBUG n.e.o.t.s.UpdateSvc                 - eqx-ash-cr5:10/2/5 62                                       
2019-02-06 13:26:42,311 DEBUG n.e.o.t.s.UpdateSvc                 - eqx-ash-cr5:1/2/1 62                                        
2019-02-06 13:26:42,311 DEBUG n.e.o.t.s.UpdateSvc                 - eqx-ash-cr5:10/1/2 62                                       
2019-02-06 13:26:42,311 DEBUG n.e.o.t.s.UpdateSvc                 - eqx-ash-cr5:10/1/6 62                                       
2019-02-06 13:26:42,311 DEBUG n.e.o.t.s.UpdateSvc                 - eqx-ash-cr5:10/1/5 62                                       
2019-02-06 13:26:42,311 DEBUG n.e.o.t.s.UpdateSvc                 - eqx-ash-cr5:10/2/6 62                                       
2019-02-06 13:26:42,311 DEBUG n.e.o.t.s.UpdateSvc                 - eqx-ash-cr5:2/1/1 62                                        
2019-02-06 13:26:42,311 DEBUG n.e.o.t.s.UpdateSvc                 - eqx-ash-cr5:10/2/2 62                                       
2019-02-06 13:26:42,313 INFO  n.e.o.t.s.UpdateSvc                 - inserting p: ornl-cr5:10/1/1 to ornl-cr5                    
2019-02-06 13:26:42,313 DEBUG n.e.o.t.s.UpdateSvc                 - ornl-cr5:10/1/1 64                                          
2019-02-06 13:26:42,329 INFO  n.e.o.t.s.UpdateSvc                 - inserting p: llnldc-rt4:ge-1/0/0 to llnldc-rt4              
2019-02-06 13:26:42,330 DEBUG n.e.o.t.s.UpdateSvc                 - llnldc-rt4:ge-1/0/0 54                                      
2019-02-06 13:26:42,333 INFO  n.e.o.t.s.UpdateSvc                 - inserting p: ornl-cr5:10/1/2 to ornl-cr5                    
2019-02-06 13:26:42,334 DEBUG n.e.o.t.s.UpdateSvc                 - ornl-cr5:10/1/1 64                                          
2019-02-06 13:26:42,334 DEBUG n.e.o.t.s.UpdateSvc                 - ornl-cr5:10/1/2 64                                          
2019-02-06 13:26:42,337 INFO  n.e.o.t.s.UpdateSvc                 - inserting p: bois-cr1:xe-1/0/0 to bois-cr1                  
2019-02-06 13:26:42,338 DEBUG n.e.o.t.s.UpdateSvc                 - bois-cr1:xe-0/0/0 39                                        
2019-02-06 13:26:42,338 DEBUG n.e.o.t.s.UpdateSvc                 - bois-cr1:xe-0/2/0 39                                        
2019-02-06 13:26:42,338 DEBUG n.e.o.t.s.UpdateSvc                 - bois-cr1:xe-0/1/0 39                                        
2019-02-06 13:26:42,338 DEBUG n.e.o.t.s.UpdateSvc                 - bois-cr1:xe-7/3/0 39                                        
2019-02-06 13:26:42,338 DEBUG n.e.o.t.s.UpdateSvc                 - bois-cr1:xe-7/1/0 39                                        
2019-02-06 13:26:42,338 DEBUG n.e.o.t.s.UpdateSvc                 - bois-cr1:xe-1/0/0 39                                        
2019-02-06 13:26:42,338 DEBUG n.e.o.t.s.UpdateSvc                 - bois-cr1:xe-1/2/0 39                                        
2019-02-06 13:26:42,341 INFO  n.e.o.t.s.UpdateSvc                 - inserting p: ornl-cr5:10/1/3 to ornl-cr5                    
2019-02-06 13:26:42,343 DEBUG n.e.o.t.s.UpdateSvc                 - ornl-cr5:10/1/3 64                                          
2019-02-06 13:26:42,343 DEBUG n.e.o.t.s.UpdateSvc                 - ornl-cr5:10/1/1 64                                          
2019-02-06 13:26:42,343 DEBUG n.e.o.t.s.UpdateSvc                 - ornl-cr5:10/1/2 64                                          
2019-02-06 13:26:42,346 INFO  n.e.o.t.s.UpdateSvc                 - inserting p: lsvn-cr1:xe-2/0/0 to lsvn-cr1                  
2019-02-06 13:26:42,347 DEBUG n.e.o.t.s.UpdateSvc                 - lsvn-cr1:ge-1/0/1 49                                        
2019-02-06 13:26:42,348 DEBUG n.e.o.t.s.UpdateSvc                 - lsvn-cr1:ge-1/1/0 49                                        
2019-02-06 13:26:42,348 DEBUG n.e.o.t.s.UpdateSvc                 - lsvn-cr1:xe-2/0/0 49                                        
2019-02-06 13:26:42,348 DEBUG n.e.o.t.s.UpdateSvc                 - lsvn-cr1:xe-2/2/0 49                                        
2019-02-06 13:26:42,348 DEBUG n.e.o.t.s.UpdateSvc                 - lsvn-cr1:xe-1/2/0 49                                        
2019-02-06 13:26:42,348 DEBUG n.e.o.t.s.UpdateSvc                 - lsvn-cr1:xe-2/1/0 49                                        
2019-02-06 13:26:42,348 DEBUG n.e.o.t.s.UpdateSvc                 - lsvn-cr1:ge-1/0/0 49                                        
2019-02-06 13:26:42,348 DEBUG n.e.o.t.s.UpdateSvc                 - lsvn-cr1:ge-1/1/5 49                                        
2019-02-06 13:26:42,348 DEBUG n.e.o.t.s.UpdateSvc                 - lsvn-cr1:ge-1/1/1 49                                        
2019-02-06 13:26:42,354 INFO  n.e.o.t.s.UpdateSvc                 - inserting p: aofa-cr5:9/1/5 to aofa-cr5                     
2019-02-06 13:26:42,356 DEBUG n.e.o.t.s.UpdateSvc                 - aofa-cr5:4/1/1 69                                           
2019-02-06 13:26:42,356 DEBUG n.e.o.t.s.UpdateSvc                 - aofa-cr5:10/1/1 69                                          
2019-02-06 13:26:42,356 DEBUG n.e.o.t.s.UpdateSvc                 - aofa-cr5:10/1/9 69                                          
2019-02-06 13:26:42,356 DEBUG n.e.o.t.s.UpdateSvc                 - aofa-cr5:5/1/1 69                                           
2019-02-06 13:26:42,356 DEBUG n.e.o.t.s.UpdateSvc                 - aofa-cr5:9/1/5 69                                           
2019-02-06 13:26:42,356 DEBUG n.e.o.t.s.UpdateSvc                 - aofa-cr5:6/2/1 69                                           
2019-02-06 13:26:42,356 DEBUG n.e.o.t.s.UpdateSvc                 - aofa-cr5:3/1/1 69                                           
2019-02-06 13:26:42,356 DEBUG n.e.o.t.s.UpdateSvc                 - aofa-cr5:10/1/8 69                                          
2019-02-06 13:26:42,356 DEBUG n.e.o.t.s.UpdateSvc                 - aofa-cr5:10/1/2 69                                          
2019-02-06 13:26:42,356 DEBUG n.e.o.t.s.UpdateSvc                 - aofa-cr5:4/2/1 69                                           
2019-02-06 13:26:42,359 INFO  n.e.o.t.s.UpdateSvc                 - inserting p: pnwg-cr5:9/1/2 to pnwg-cr5                     
2019-02-06 13:26:42,361 DEBUG n.e.o.t.s.UpdateSvc                 - pnwg-cr5:2/2/1 71                                           
2019-02-06 13:26:42,361 DEBUG n.e.o.t.s.UpdateSvc                 - pnwg-cr5:2/1/1 71                                           
2019-02-06 13:26:42,361 DEBUG n.e.o.t.s.UpdateSvc                 - pnwg-cr5:3/1/1 71                                           
2019-02-06 13:26:42,361 DEBUG n.e.o.t.s.UpdateSvc                 - pnwg-cr5:9/1/2 71                                           
2019-02-06 13:26:42,361 DEBUG n.e.o.t.s.UpdateSvc                 - pnwg-cr5:BLANK 71                                           
2019-02-06 13:26:42,361 DEBUG n.e.o.t.s.UpdateSvc                 - pnwg-cr5:1/1/1 71                                           
2019-02-06 13:26:42,365 INFO  n.e.o.t.s.UpdateSvc                 - inserting p: wash-cr5:4/2/1 to wash-cr5                     
2019-02-06 13:26:42,366 DEBUG n.e.o.t.s.UpdateSvc                 - wash-cr5:10/1/3 36                                          
2019-02-06 13:26:42,366 DEBUG n.e.o.t.s.UpdateSvc                 - wash-cr5:1/1/1 36                                           
2019-02-06 13:26:42,366 DEBUG n.e.o.t.s.UpdateSvc                 - wash-cr5:4/2/1 36                                           
2019-02-06 13:26:42,366 DEBUG n.e.o.t.s.UpdateSvc                 - wash-cr5:10/1/9 36                                          
2019-02-06 13:26:42,366 DEBUG n.e.o.t.s.UpdateSvc                 - wash-cr5:6/1/1 36                                           
2019-02-06 13:26:42,366 DEBUG n.e.o.t.s.UpdateSvc                 - wash-cr5:10/1/5 36                                          
2019-02-06 13:26:42,366 DEBUG n.e.o.t.s.UpdateSvc                 - wash-cr5:10/1/4 36                                          
2019-02-06 13:26:42,367 DEBUG n.e.o.t.s.UpdateSvc                 - wash-cr5:10/1/10 36                                         
2019-02-06 13:26:42,370 INFO  n.e.o.t.s.UpdateSvc                 - inserting p: ameslab-rt3:xe-0/0/0 to ameslab-rt3            
2019-02-06 13:26:42,371 DEBUG n.e.o.t.s.UpdateSvc                 - ameslab-rt3:xe-1/3/0 67                                     
2019-02-06 13:26:42,371 DEBUG n.e.o.t.s.UpdateSvc                 - ameslab-rt3:xe-0/1/0 67                                     
2019-02-06 13:26:42,371 DEBUG n.e.o.t.s.UpdateSvc                 - ameslab-rt3:xe-0/2/0 67                                     
2019-02-06 13:26:42,371 DEBUG n.e.o.t.s.UpdateSvc                 - ameslab-rt3:xe-1/0/0 67                                     
2019-02-06 13:26:42,371 DEBUG n.e.o.t.s.UpdateSvc                 - ameslab-rt3:xe-0/0/0 67                                     
2019-02-06 13:26:42,371 DEBUG n.e.o.t.s.UpdateSvc                 - ameslab-rt3:xe-1/1/0 67                                     
2019-02-06 13:26:42,376 INFO  n.e.o.t.s.UpdateSvc                 - inserting p: snll-mr2:xe-2/2/0 to snll-mr2                  
2019-02-06 13:26:42,377 DEBUG n.e.o.t.s.UpdateSvc                 - snll-mr2:xe-2/2/0 40                                        
2019-02-06 13:26:42,381 INFO  n.e.o.t.s.UpdateSvc                 - inserting p: aofa-cr5:9/1/1 to aofa-cr5                     
2019-02-06 13:26:42,383 DEBUG n.e.o.t.s.UpdateSvc                 - aofa-cr5:4/1/1 69                                           
2019-02-06 13:26:42,383 DEBUG n.e.o.t.s.UpdateSvc                 - aofa-cr5:10/1/1 69                                          
2019-02-06 13:26:42,383 DEBUG n.e.o.t.s.UpdateSvc                 - aofa-cr5:10/1/9 69                                          
2019-02-06 13:26:42,383 DEBUG n.e.o.t.s.UpdateSvc                 - aofa-cr5:5/1/1 69                                           
2019-02-06 13:26:42,383 DEBUG n.e.o.t.s.UpdateSvc                 - aofa-cr5:9/1/5 69                                           
2019-02-06 13:26:42,383 DEBUG n.e.o.t.s.UpdateSvc                 - aofa-cr5:6/2/1 69                                           
2019-02-06 13:26:42,383 DEBUG n.e.o.t.s.UpdateSvc                 - aofa-cr5:3/1/1 69                                           
2019-02-06 13:26:42,383 DEBUG n.e.o.t.s.UpdateSvc                 - aofa-cr5:10/1/8 69                                          
2019-02-06 13:26:42,383 DEBUG n.e.o.t.s.UpdateSvc                 - aofa-cr5:10/1/2 69                                          
2019-02-06 13:26:42,383 DEBUG n.e.o.t.s.UpdateSvc                 - aofa-cr5:4/2/1 69                                           
2019-02-06 13:26:42,383 DEBUG n.e.o.t.s.UpdateSvc                 - aofa-cr5:9/1/1 69                                           
2019-02-06 13:26:42,387 INFO  n.e.o.t.s.UpdateSvc                 - inserting p: anl-mr2:xe-0/1/0 to anl-mr2                    
2019-02-06 13:26:42,389 DEBUG n.e.o.t.s.UpdateSvc                 - anl-mr2:ae0 53                                              
2019-02-06 13:26:42,389 DEBUG n.e.o.t.s.UpdateSvc                 - anl-mr2:xe-2/3/0 53                                         
2019-02-06 13:26:42,389 DEBUG n.e.o.t.s.UpdateSvc                 - anl-mr2:xe-0/1/0 53                                         
2019-02-06 13:26:42,392 INFO  n.e.o.t.s.UpdateSvc                 - inserting p: chic-cr5:10/1/3 to chic-cr5                    
2019-02-06 13:26:42,394 DEBUG n.e.o.t.s.UpdateSvc                 - chic-cr5:1/1/1 55                                           
2019-02-06 13:26:42,394 DEBUG n.e.o.t.s.UpdateSvc                 - chic-cr5:10/1/3 55                                          
2019-02-06 13:26:42,394 DEBUG n.e.o.t.s.UpdateSvc                 - chic-cr5:8/1/1 55                                           
2019-02-06 13:26:42,394 DEBUG n.e.o.t.s.UpdateSvc                 - chic-cr5:6/1/1 55                                           
2019-02-06 13:26:42,394 DEBUG n.e.o.t.s.UpdateSvc                 - chic-cr5:7/1/1 55                                           
2019-02-06 13:26:42,394 DEBUG n.e.o.t.s.UpdateSvc                 - chic-cr5:7/2/1 55                                           
2019-02-06 13:26:42,394 DEBUG n.e.o.t.s.UpdateSvc                 - chic-cr5:6/2/1 55                                           
2019-02-06 13:26:42,394 DEBUG n.e.o.t.s.UpdateSvc                 - chic-cr5:BLANK 55                                           
2019-02-06 13:26:42,397 INFO  n.e.o.t.s.UpdateSvc                 - inserting p: doe-gtn-rt2:ge-0/0/0 to doe-gtn-rt2            
2019-02-06 13:26:42,398 DEBUG n.e.o.t.s.UpdateSvc                 - doe-gtn-rt2:ge-0/0/0 33                                     
2019-02-06 13:26:42,405 INFO  n.e.o.t.s.UpdateSvc                 - inserting p: ornl-cr5:6/1/1 to ornl-cr5                     
2019-02-06 13:26:42,406 DEBUG n.e.o.t.s.UpdateSvc                 - ornl-cr5:10/1/3 64                                          
2019-02-06 13:26:42,406 DEBUG n.e.o.t.s.UpdateSvc                 - ornl-cr5:10/1/1 64                                          
2019-02-06 13:26:42,406 DEBUG n.e.o.t.s.UpdateSvc                 - ornl-cr5:10/1/2 64                                          
2019-02-06 13:26:42,406 DEBUG n.e.o.t.s.UpdateSvc                 - ornl-cr5:6/1/1 64                                           
2019-02-06 13:26:42,410 INFO  n.e.o.t.s.UpdateSvc                 - inserting p: chic-cr5:10/1/1 to chic-cr5                    
2019-02-06 13:26:42,412 DEBUG n.e.o.t.s.UpdateSvc                 - chic-cr5:1/1/1 55                                           
2019-02-06 13:26:42,412 DEBUG n.e.o.t.s.UpdateSvc                 - chic-cr5:10/1/3 55                                          
2019-02-06 13:26:42,412 DEBUG n.e.o.t.s.UpdateSvc                 - chic-cr5:8/1/1 55                                           
2019-02-06 13:26:42,412 DEBUG n.e.o.t.s.UpdateSvc                 - chic-cr5:6/1/1 55                                           
2019-02-06 13:26:42,413 DEBUG n.e.o.t.s.UpdateSvc                 - chic-cr5:10/1/1 55                                          
2019-02-06 13:26:42,413 DEBUG n.e.o.t.s.UpdateSvc                 - chic-cr5:7/1/1 55                                           
2019-02-06 13:26:42,413 DEBUG n.e.o.t.s.UpdateSvc                 - chic-cr5:7/2/1 55                                           
2019-02-06 13:26:42,413 DEBUG n.e.o.t.s.UpdateSvc                 - chic-cr5:6/2/1 55                                           
2019-02-06 13:26:42,414 DEBUG n.e.o.t.s.UpdateSvc                 - chic-cr5:BLANK 55                                           
2019-02-06 13:26:42,419 INFO  n.e.o.t.s.UpdateSvc                 - inserting p: doe-gtn-rt2:ge-0/0/3 to doe-gtn-rt2            
2019-02-06 13:26:42,422 DEBUG n.e.o.t.s.UpdateSvc                 - doe-gtn-rt2:ge-0/0/3 33                                     
2019-02-06 13:26:42,422 DEBUG n.e.o.t.s.UpdateSvc                 - doe-gtn-rt2:ge-0/0/0 33                                     
2019-02-06 13:26:42,426 INFO  n.e.o.t.s.UpdateSvc                 - inserting p: chic-cr5:10/1/7 to chic-cr5                    
2019-02-06 13:26:42,427 DEBUG n.e.o.t.s.UpdateSvc                 - chic-cr5:1/1/1 55                                           
2019-02-06 13:26:42,427 DEBUG n.e.o.t.s.UpdateSvc                 - chic-cr5:10/1/3 55                                          
2019-02-06 13:26:42,427 DEBUG n.e.o.t.s.UpdateSvc                 - chic-cr5:10/1/7 55                                          
2019-02-06 13:26:42,428 DEBUG n.e.o.t.s.UpdateSvc                 - chic-cr5:8/1/1 55                                           
2019-02-06 13:26:42,428 DEBUG n.e.o.t.s.UpdateSvc                 - chic-cr5:6/1/1 55                                           
2019-02-06 13:26:42,428 DEBUG n.e.o.t.s.UpdateSvc                 - chic-cr5:10/1/1 55                                          
2019-02-06 13:26:42,428 DEBUG n.e.o.t.s.UpdateSvc                 - chic-cr5:7/1/1 55                                           
2019-02-06 13:26:42,428 DEBUG n.e.o.t.s.UpdateSvc                 - chic-cr5:7/2/1 55                                           
2019-02-06 13:26:42,428 DEBUG n.e.o.t.s.UpdateSvc                 - chic-cr5:6/2/1 55                                           
2019-02-06 13:26:42,428 DEBUG n.e.o.t.s.UpdateSvc                 - chic-cr5:BLANK 55                                           
2019-02-06 13:26:42,430 INFO  n.e.o.t.s.UpdateSvc                 - inserting p: pantex-rt4:ge-0/1/0 to pantex-rt4              
2019-02-06 13:26:42,431 DEBUG n.e.o.t.s.UpdateSvc                 - pantex-rt4:ge-0/1/0 66                                      
2019-02-06 13:26:42,436 INFO  n.e.o.t.s.UpdateSvc                 - inserting p: chic-cr5:10/1/5 to chic-cr5                    
2019-02-06 13:26:42,458 DEBUG n.e.o.t.s.UpdateSvc                 - chic-cr5:1/1/1 55                                           
2019-02-06 13:26:42,458 DEBUG n.e.o.t.s.UpdateSvc                 - chic-cr5:10/1/3 55                                          
2019-02-06 13:26:42,458 DEBUG n.e.o.t.s.UpdateSvc                 - chic-cr5:10/1/7 55                                          
2019-02-06 13:26:42,458 DEBUG n.e.o.t.s.UpdateSvc                 - chic-cr5:8/1/1 55                                           
2019-02-06 13:26:42,458 DEBUG n.e.o.t.s.UpdateSvc                 - chic-cr5:6/1/1 55                                           
2019-02-06 13:26:42,458 DEBUG n.e.o.t.s.UpdateSvc                 - chic-cr5:10/1/1 55                                          
2019-02-06 13:26:42,459 DEBUG n.e.o.t.s.UpdateSvc                 - chic-cr5:7/1/1 55                                           
2019-02-06 13:26:42,459 DEBUG n.e.o.t.s.UpdateSvc                 - chic-cr5:7/2/1 55                                           
2019-02-06 13:26:42,459 DEBUG n.e.o.t.s.UpdateSvc                 - chic-cr5:6/2/1 55                                           
2019-02-06 13:26:42,459 DEBUG n.e.o.t.s.UpdateSvc                 - chic-cr5:BLANK 55                                           
2019-02-06 13:26:42,459 DEBUG n.e.o.t.s.UpdateSvc                 - chic-cr5:10/1/5 55                                          
2019-02-06 13:26:42,465 INFO  n.e.o.t.s.UpdateSvc                 - inserting p: chic-cr5:10/1/4 to chic-cr5                    
2019-02-06 13:26:42,468 DEBUG n.e.o.t.s.UpdateSvc                 - chic-cr5:1/1/1 55                                           
2019-02-06 13:26:42,469 DEBUG n.e.o.t.s.UpdateSvc                 - chic-cr5:10/1/3 55                                          
2019-02-06 13:26:42,469 DEBUG n.e.o.t.s.UpdateSvc                 - chic-cr5:10/1/7 55                                          
2019-02-06 13:26:42,470 DEBUG n.e.o.t.s.UpdateSvc                 - chic-cr5:8/1/1 55                                           
2019-02-06 13:26:42,470 DEBUG n.e.o.t.s.UpdateSvc                 - chic-cr5:6/1/1 55                                           
2019-02-06 13:26:42,470 DEBUG n.e.o.t.s.UpdateSvc                 - chic-cr5:10/1/1 55                                          
2019-02-06 13:26:42,470 DEBUG n.e.o.t.s.UpdateSvc                 - chic-cr5:7/1/1 55                                           
2019-02-06 13:26:42,470 DEBUG n.e.o.t.s.UpdateSvc                 - chic-cr5:7/2/1 55                                           
2019-02-06 13:26:42,470 DEBUG n.e.o.t.s.UpdateSvc                 - chic-cr5:10/1/4 55                                          
2019-02-06 13:26:42,470 DEBUG n.e.o.t.s.UpdateSvc                 - chic-cr5:6/2/1 55                                           
2019-02-06 13:26:42,470 DEBUG n.e.o.t.s.UpdateSvc                 - chic-cr5:BLANK 55                                           
2019-02-06 13:26:42,470 DEBUG n.e.o.t.s.UpdateSvc                 - chic-cr5:10/1/5 55                                          
2019-02-06 13:26:42,474 INFO  n.e.o.t.s.UpdateSvc                 - inserting p: llnl-mr2:xe-0/1/0 to llnl-mr2                  
2019-02-06 13:26:42,476 DEBUG n.e.o.t.s.UpdateSvc                 - llnl-mr2:xe-3/2/0 52                                        
2019-02-06 13:26:42,476 DEBUG n.e.o.t.s.UpdateSvc                 - llnl-mr2:ge-3/0/0 52                                        
2019-02-06 13:26:42,476 DEBUG n.e.o.t.s.UpdateSvc                 - llnl-mr2:xe-2/2/0 52                                        
2019-02-06 13:26:42,476 DEBUG n.e.o.t.s.UpdateSvc                 - llnl-mr2:xe-2/0/0 52                                        
2019-02-06 13:26:42,476 DEBUG n.e.o.t.s.UpdateSvc                 - llnl-mr2:xe-1/3/0 52                                        
2019-02-06 13:26:42,476 DEBUG n.e.o.t.s.UpdateSvc                 - llnl-mr2:xe-2/1/0 52                                        
2019-02-06 13:26:42,476 DEBUG n.e.o.t.s.UpdateSvc                 - llnl-mr2:ge-3/0/1 52                                        
2019-02-06 13:26:42,476 DEBUG n.e.o.t.s.UpdateSvc                 - llnl-mr2:xe-0/1/0 52                                        
2019-02-06 13:26:42,480 INFO  n.e.o.t.s.UpdateSvc                 - inserting p: cern-773-cr5:1/1/1 to cern-773-cr5             
2019-02-06 13:26:42,481 DEBUG n.e.o.t.s.UpdateSvc                 - cern-773-cr5:BLANK 44                                       
2019-02-06 13:26:42,481 DEBUG n.e.o.t.s.UpdateSvc                 - cern-773-cr5:10/1/2 44                                      
2019-02-06 13:26:42,481 DEBUG n.e.o.t.s.UpdateSvc                 - cern-773-cr5:10/1/3 44                                      
2019-02-06 13:26:42,482 DEBUG n.e.o.t.s.UpdateSvc                 - cern-773-cr5:10/1/1 44                                      
2019-02-06 13:26:42,482 DEBUG n.e.o.t.s.UpdateSvc                 - cern-773-cr5:1/1/1 44                                       
2019-02-06 13:26:42,488 INFO  n.e.o.t.s.UpdateSvc                 - inserting p: cern-513-cr5:5/1/1 to cern-513-cr5             
2019-02-06 13:26:42,489 DEBUG n.e.o.t.s.UpdateSvc                 - cern-513-cr5:1/1/1 34                                       
2019-02-06 13:26:42,489 DEBUG n.e.o.t.s.UpdateSvc                 - cern-513-cr5:2/1/1 34                                       
2019-02-06 13:26:42,489 DEBUG n.e.o.t.s.UpdateSvc                 - cern-513-cr5:5/1/1 34                                       
2019-02-06 13:26:42,490 DEBUG n.e.o.t.s.UpdateSvc                 - cern-513-cr5:1/2/1 34                                       
2019-02-06 13:26:42,490 DEBUG n.e.o.t.s.UpdateSvc                 - cern-513-cr5:BLANK 34                                       
2019-02-06 13:26:42,503 INFO  n.e.o.t.s.UpdateSvc                 - inserting p: nash-cr5:1/2/1 to nash-cr5                     
2019-02-06 13:26:42,506 DEBUG n.e.o.t.s.UpdateSvc                 - nash-cr5:10/1/5 45                                          
2019-02-06 13:26:42,506 DEBUG n.e.o.t.s.UpdateSvc                 - nash-cr5:1/2/1 45                                           
2019-02-06 13:26:42,506 DEBUG n.e.o.t.s.UpdateSvc                 - nash-cr5:10/1/6 45                                          
2019-02-06 13:26:42,506 DEBUG n.e.o.t.s.UpdateSvc                 - nash-cr5:10/1/3 45                                          
2019-02-06 13:26:42,506 DEBUG n.e.o.t.s.UpdateSvc                 - nash-cr5:10/1/4 45                                          
2019-02-06 13:26:42,510 INFO  n.e.o.t.s.UpdateSvc                 - inserting p: lond-cr5:2/2/1 to lond-cr5                     
2019-02-06 13:26:42,511 DEBUG n.e.o.t.s.UpdateSvc                 - lond-cr5:5/1/1 57                                           
2019-02-06 13:26:42,511 DEBUG n.e.o.t.s.UpdateSvc                 - lond-cr5:2/2/1 57                                           
2019-02-06 13:26:42,514 INFO  n.e.o.t.s.UpdateSvc                 - inserting p: snla-rt3:ge-1/0/2 to snla-rt3                  
2019-02-06 13:26:42,515 DEBUG n.e.o.t.s.UpdateSvc                 - snla-rt3:ge-1/0/2 48                                        
2019-02-06 13:26:42,517 INFO  n.e.o.t.s.UpdateSvc                 - inserting p: hous-cr5:3/1/1 to hous-cr5                     
2019-02-06 13:26:42,517 DEBUG n.e.o.t.s.UpdateSvc                 - hous-cr5:3/1/1 68                                           
2019-02-06 13:26:42,518 DEBUG n.e.o.t.s.UpdateSvc                 - hous-cr5:1/1/1 68                                           
2019-02-06 13:26:42,518 DEBUG n.e.o.t.s.UpdateSvc                 - hous-cr5:10/1/3 68                                          
2019-02-06 13:26:42,518 DEBUG n.e.o.t.s.UpdateSvc                 - hous-cr5:10/1/4 68                                          
2019-02-06 13:26:42,521 INFO  n.e.o.t.s.UpdateSvc                 - inserting p: pantex-rt4:ge-0/0/2 to pantex-rt4              
2019-02-06 13:26:42,522 DEBUG n.e.o.t.s.UpdateSvc                 - pantex-rt4:ge-0/0/2 66                                      
2019-02-06 13:26:42,523 DEBUG n.e.o.t.s.UpdateSvc                 - pantex-rt4:ge-0/1/0 66                                      
2019-02-06 13:26:42,525 INFO  n.e.o.t.s.UpdateSvc                 - inserting p: wash-cr5:4/1/1 to wash-cr5                     
2019-02-06 13:26:42,526 DEBUG n.e.o.t.s.UpdateSvc                 - wash-cr5:4/1/1 36                                           
2019-02-06 13:26:42,526 DEBUG n.e.o.t.s.UpdateSvc                 - wash-cr5:10/1/3 36                                          
2019-02-06 13:26:42,526 DEBUG n.e.o.t.s.UpdateSvc                 - wash-cr5:1/1/1 36                                           
2019-02-06 13:26:42,526 DEBUG n.e.o.t.s.UpdateSvc                 - wash-cr5:4/2/1 36                                           
2019-02-06 13:26:42,526 DEBUG n.e.o.t.s.UpdateSvc                 - wash-cr5:10/1/9 36                                          
2019-02-06 13:26:42,526 DEBUG n.e.o.t.s.UpdateSvc                 - wash-cr5:6/1/1 36                                           
2019-02-06 13:26:42,526 DEBUG n.e.o.t.s.UpdateSvc                 - wash-cr5:10/1/5 36                                          
2019-02-06 13:26:42,526 DEBUG n.e.o.t.s.UpdateSvc                 - wash-cr5:10/1/4 36                                          
2019-02-06 13:26:42,526 DEBUG n.e.o.t.s.UpdateSvc                 - wash-cr5:10/1/10 36                                         
2019-02-06 13:26:42,529 INFO  n.e.o.t.s.UpdateSvc                 - inserting p: fnal-mr2:xe-0/0/0 to fnal-mr2                  
2019-02-06 13:26:42,529 DEBUG n.e.o.t.s.UpdateSvc                 - fnal-mr2:xe-0/0/0 65                                        
2019-02-06 13:26:42,530 DEBUG n.e.o.t.s.UpdateSvc                 - fnal-mr2:xe-1/3/0 65                                        
2019-02-06 13:26:42,532 INFO  n.e.o.t.s.UpdateSvc                 - inserting p: snll-mr2:xe-2/3/0 to snll-mr2                  
2019-02-06 13:26:42,533 DEBUG n.e.o.t.s.UpdateSvc                 - snll-mr2:xe-2/2/0 40                                        
2019-02-06 13:26:42,533 DEBUG n.e.o.t.s.UpdateSvc                 - snll-mr2:xe-2/3/0 40                                        
2019-02-06 13:26:42,537 INFO  n.e.o.t.s.UpdateSvc                 - inserting p: doe-gtn-rt2:ge-0/1/3 to doe-gtn-rt2            
2019-02-06 13:26:42,537 DEBUG n.e.o.t.s.UpdateSvc                 - doe-gtn-rt2:ge-0/0/3 33                                     
2019-02-06 13:26:42,538 DEBUG n.e.o.t.s.UpdateSvc                 - doe-gtn-rt2:ge-0/1/3 33                                     
2019-02-06 13:26:42,538 DEBUG n.e.o.t.s.UpdateSvc                 - doe-gtn-rt2:ge-0/0/0 33                                     
2019-02-06 13:26:42,540 INFO  n.e.o.t.s.UpdateSvc                 - inserting p: doe-gtn-rt2:ge-0/1/0 to doe-gtn-rt2            
2019-02-06 13:26:42,541 DEBUG n.e.o.t.s.UpdateSvc                 - doe-gtn-rt2:ge-0/0/3 33                                     
2019-02-06 13:26:42,541 DEBUG n.e.o.t.s.UpdateSvc                 - doe-gtn-rt2:ge-0/1/3 33                                     
2019-02-06 13:26:42,541 DEBUG n.e.o.t.s.UpdateSvc                 - doe-gtn-rt2:ge-0/1/0 33                                     
2019-02-06 13:26:42,541 DEBUG n.e.o.t.s.UpdateSvc                 - doe-gtn-rt2:ge-0/0/0 33                                     
2019-02-06 13:26:42,543 INFO  n.e.o.t.s.UpdateSvc                 - inserting p: jgi-mr2:xe-1/3/0 to jgi-mr2                    
2019-02-06 13:26:42,543 DEBUG n.e.o.t.s.UpdateSvc                 - jgi-mr2:xe-1/3/0 61                                         
2019-02-06 13:26:42,545 INFO  n.e.o.t.s.UpdateSvc                 - inserting p: elpa-cr5:1/1/1 to elpa-cr5                     
2019-02-06 13:26:42,546 DEBUG n.e.o.t.s.UpdateSvc                 - elpa-cr5:10/1/3 46                                          
2019-02-06 13:26:42,546 DEBUG n.e.o.t.s.UpdateSvc                 - elpa-cr5:10/1/4 46                                          
2019-02-06 13:26:42,546 DEBUG n.e.o.t.s.UpdateSvc                 - elpa-cr5:10/1/5 46                                          
2019-02-06 13:26:42,546 DEBUG n.e.o.t.s.UpdateSvc                 - elpa-cr5:1/1/1 46                                           
2019-02-06 13:26:42,548 INFO  n.e.o.t.s.UpdateSvc                 - inserting p: aofa-cr5:2/1/1 to aofa-cr5                     
2019-02-06 13:26:42,561 DEBUG n.e.o.t.s.UpdateSvc                 - aofa-cr5:4/1/1 69                                           
2019-02-06 13:26:42,562 DEBUG n.e.o.t.s.UpdateSvc                 - aofa-cr5:2/1/1 69                                           
2019-02-06 13:26:42,562 DEBUG n.e.o.t.s.UpdateSvc                 - aofa-cr5:10/1/1 69                                          
2019-02-06 13:26:42,562 DEBUG n.e.o.t.s.UpdateSvc                 - aofa-cr5:10/1/9 69                                          
2019-02-06 13:26:42,562 DEBUG n.e.o.t.s.UpdateSvc                 - aofa-cr5:5/1/1 69                                           
2019-02-06 13:26:42,562 DEBUG n.e.o.t.s.UpdateSvc                 - aofa-cr5:9/1/5 69                                           
2019-02-06 13:26:42,562 DEBUG n.e.o.t.s.UpdateSvc                 - aofa-cr5:6/2/1 69                                           
2019-02-06 13:26:42,562 DEBUG n.e.o.t.s.UpdateSvc                 - aofa-cr5:3/1/1 69                                           
2019-02-06 13:26:42,562 DEBUG n.e.o.t.s.UpdateSvc                 - aofa-cr5:10/1/8 69                                          
2019-02-06 13:26:42,562 DEBUG n.e.o.t.s.UpdateSvc                 - aofa-cr5:10/1/2 69                                          
2019-02-06 13:26:42,562 DEBUG n.e.o.t.s.UpdateSvc                 - aofa-cr5:4/2/1 69                                           
2019-02-06 13:26:42,562 DEBUG n.e.o.t.s.UpdateSvc                 - aofa-cr5:9/1/1 69                                           
2019-02-06 13:26:42,565 INFO  n.e.o.t.s.UpdateSvc                 - inserting p: pantex-rt4:ge-0/0/0 to pantex-rt4              
2019-02-06 13:26:42,566 DEBUG n.e.o.t.s.UpdateSvc                 - pantex-rt4:ge-0/0/2 66                                      
2019-02-06 13:26:42,566 DEBUG n.e.o.t.s.UpdateSvc                 - pantex-rt4:ge-0/1/0 66                                      
2019-02-06 13:26:42,566 DEBUG n.e.o.t.s.UpdateSvc                 - pantex-rt4:ge-0/0/0 66                                      
2019-02-06 13:26:42,570 INFO  n.e.o.t.s.UpdateSvc                 - inserting p: pantex-rt4:ge-0/0/1 to pantex-rt4              
2019-02-06 13:26:42,571 DEBUG n.e.o.t.s.UpdateSvc                 - pantex-rt4:ge-0/0/2 66                                      
2019-02-06 13:26:42,571 DEBUG n.e.o.t.s.UpdateSvc                 - pantex-rt4:ge-0/0/1 66                                      
2019-02-06 13:26:42,572 DEBUG n.e.o.t.s.UpdateSvc                 - pantex-rt4:ge-0/1/0 66                                      
2019-02-06 13:26:42,572 DEBUG n.e.o.t.s.UpdateSvc                 - pantex-rt4:ge-0/0/0 66                                      
2019-02-06 13:26:42,575 INFO  n.e.o.t.s.UpdateSvc                 - inserting p: sunn-cr5:4/1/1 to sunn-cr5                     
2019-02-06 13:26:42,577 DEBUG n.e.o.t.s.UpdateSvc                 - sunn-cr5:10/1/6 50                                          
2019-02-06 13:26:42,577 DEBUG n.e.o.t.s.UpdateSvc                 - sunn-cr5:10/1/5 50                                          
2019-02-06 13:26:42,577 DEBUG n.e.o.t.s.UpdateSvc                 - sunn-cr5:10/2/3 50                                          
2019-02-06 13:26:42,577 DEBUG n.e.o.t.s.UpdateSvc                 - sunn-cr5:10/2/6 50                                          
2019-02-06 13:26:42,577 DEBUG n.e.o.t.s.UpdateSvc                 - sunn-cr5:10/2/4 50                                          
2019-02-06 13:26:42,577 DEBUG n.e.o.t.s.UpdateSvc                 - sunn-cr5:10/1/2 50                                          
2019-02-06 13:26:42,577 DEBUG n.e.o.t.s.UpdateSvc                 - sunn-cr5:10/2/2 50                                          
2019-02-06 13:26:42,577 DEBUG n.e.o.t.s.UpdateSvc                 - sunn-cr5:7/2/1 50                                           
2019-02-06 13:26:42,577 DEBUG n.e.o.t.s.UpdateSvc                 - sunn-cr5:10/1/3 50                                          
2019-02-06 13:26:42,577 DEBUG n.e.o.t.s.UpdateSvc                 - sunn-cr5:5/1/1 50                                           
2019-02-06 13:26:42,577 DEBUG n.e.o.t.s.UpdateSvc                 - sunn-cr5:10/1/1 50                                          
2019-02-06 13:26:42,577 DEBUG n.e.o.t.s.UpdateSvc                 - sunn-cr5:7/1/1 50                                           
2019-02-06 13:26:42,577 DEBUG n.e.o.t.s.UpdateSvc                 - sunn-cr5:10/1/4 50                                          
2019-02-06 13:26:42,577 DEBUG n.e.o.t.s.UpdateSvc                 - sunn-cr5:5/2/1 50                                           
2019-02-06 13:26:42,577 DEBUG n.e.o.t.s.UpdateSvc                 - sunn-cr5:4/1/1 50                                           
2019-02-06 13:26:42,577 DEBUG n.e.o.t.s.UpdateSvc                 - sunn-cr5:8/1/1 50                                           
2019-02-06 13:26:42,577 DEBUG n.e.o.t.s.UpdateSvc                 - sunn-cr5:10/2/1 50                                          
2019-02-06 13:26:42,577 DEBUG n.e.o.t.s.UpdateSvc                 - sunn-cr5:10/2/5 50                                          
2019-02-06 13:26:42,580 INFO  n.e.o.t.s.UpdateSvc                 - inserting p: denv-cr5:10/1/12 to denv-cr5                   
2019-02-06 13:26:42,581 DEBUG n.e.o.t.s.UpdateSvc                 - denv-cr5:4/2/1 75                                           
2019-02-06 13:26:42,581 DEBUG n.e.o.t.s.UpdateSvc                 - denv-cr5:10/1/6 75                                          
2019-02-06 13:26:42,582 DEBUG n.e.o.t.s.UpdateSvc                 - denv-cr5:10/1/12 75                                         
2019-02-06 13:26:42,582 DEBUG n.e.o.t.s.UpdateSvc                 - denv-cr5:4/1/1 75                                           
2019-02-06 13:26:42,582 DEBUG n.e.o.t.s.UpdateSvc                 - denv-cr5:10/1/5 75                                          
2019-02-06 13:26:42,582 DEBUG n.e.o.t.s.UpdateSvc                 - denv-cr5:10/1/4 75                                          
2019-02-06 13:26:42,582 DEBUG n.e.o.t.s.UpdateSvc                 - denv-cr5:10/1/3 75                                          
2019-02-06 13:26:42,583 DEBUG n.e.o.t.s.UpdateSvc                 - denv-cr5:10/1/7 75                                          
2019-02-06 13:26:42,586 INFO  n.e.o.t.s.UpdateSvc                 - inserting p: nash-cr5:1/1/1 to nash-cr5                     
2019-02-06 13:26:42,587 DEBUG n.e.o.t.s.UpdateSvc                 - nash-cr5:10/1/5 45                                          
2019-02-06 13:26:42,587 DEBUG n.e.o.t.s.UpdateSvc                 - nash-cr5:1/2/1 45                                           
2019-02-06 13:26:42,588 DEBUG n.e.o.t.s.UpdateSvc                 - nash-cr5:10/1/6 45                                          
2019-02-06 13:26:42,588 DEBUG n.e.o.t.s.UpdateSvc                 - nash-cr5:10/1/3 45                                          
2019-02-06 13:26:42,588 DEBUG n.e.o.t.s.UpdateSvc                 - nash-cr5:1/1/1 45                                           
2019-02-06 13:26:42,588 DEBUG n.e.o.t.s.UpdateSvc                 - nash-cr5:10/1/4 45                                          
2019-02-06 13:26:42,590 INFO  n.e.o.t.s.UpdateSvc                 - inserting p: denv-cr5:10/1/11 to denv-cr5                   
2019-02-06 13:26:42,592 DEBUG n.e.o.t.s.UpdateSvc                 - denv-cr5:4/2/1 75                                           
2019-02-06 13:26:42,592 DEBUG n.e.o.t.s.UpdateSvc                 - denv-cr5:10/1/11 75                                         
2019-02-06 13:26:42,592 DEBUG n.e.o.t.s.UpdateSvc                 - denv-cr5:10/1/6 75                                          
2019-02-06 13:26:42,592 DEBUG n.e.o.t.s.UpdateSvc                 - denv-cr5:10/1/12 75                                         
2019-02-06 13:26:42,592 DEBUG n.e.o.t.s.UpdateSvc                 - denv-cr5:4/1/1 75                                           
2019-02-06 13:26:42,592 DEBUG n.e.o.t.s.UpdateSvc                 - denv-cr5:10/1/5 75                                          
2019-02-06 13:26:42,592 DEBUG n.e.o.t.s.UpdateSvc                 - denv-cr5:10/1/4 75                                          
2019-02-06 13:26:42,592 DEBUG n.e.o.t.s.UpdateSvc                 - denv-cr5:10/1/3 75                                          
2019-02-06 13:26:42,592 DEBUG n.e.o.t.s.UpdateSvc                 - denv-cr5:10/1/7 75                                          
2019-02-06 13:26:42,594 INFO  n.e.o.t.s.UpdateSvc                 - inserting p: lond-cr5:2/1/1 to lond-cr5                     
2019-02-06 13:26:42,595 DEBUG n.e.o.t.s.UpdateSvc                 - lond-cr5:5/1/1 57                                           
2019-02-06 13:26:42,595 DEBUG n.e.o.t.s.UpdateSvc                 - lond-cr5:2/1/1 57                                           
2019-02-06 13:26:42,595 DEBUG n.e.o.t.s.UpdateSvc                 - lond-cr5:2/2/1 57                                           
2019-02-06 13:26:42,598 INFO  n.e.o.t.s.UpdateSvc                 - inserting p: denv-cr5:10/1/10 to denv-cr5                   
2019-02-06 13:26:42,599 DEBUG n.e.o.t.s.UpdateSvc                 - denv-cr5:4/2/1 75                                           
2019-02-06 13:26:42,599 DEBUG n.e.o.t.s.UpdateSvc                 - denv-cr5:10/1/11 75                                         
2019-02-06 13:26:42,599 DEBUG n.e.o.t.s.UpdateSvc                 - denv-cr5:10/1/6 75                                          
2019-02-06 13:26:42,599 DEBUG n.e.o.t.s.UpdateSvc                 - denv-cr5:10/1/12 75                                         
2019-02-06 13:26:42,599 DEBUG n.e.o.t.s.UpdateSvc                 - denv-cr5:4/1/1 75                                           
2019-02-06 13:26:42,599 DEBUG n.e.o.t.s.UpdateSvc                 - denv-cr5:10/1/5 75                                          
2019-02-06 13:26:42,599 DEBUG n.e.o.t.s.UpdateSvc                 - denv-cr5:10/1/4 75                                          
2019-02-06 13:26:42,599 DEBUG n.e.o.t.s.UpdateSvc                 - denv-cr5:10/1/10 75                                         
2019-02-06 13:26:42,599 DEBUG n.e.o.t.s.UpdateSvc                 - denv-cr5:10/1/3 75                                          
2019-02-06 13:26:42,599 DEBUG n.e.o.t.s.UpdateSvc                 - denv-cr5:10/1/7 75                                          
2019-02-06 13:26:42,605 INFO  n.e.o.t.s.UpdateSvc                 - inserting p: cern-513-cr5:4/1/1 to cern-513-cr5             
2019-02-06 13:26:42,607 DEBUG n.e.o.t.s.UpdateSvc                 - cern-513-cr5:1/1/1 34                                       
2019-02-06 13:26:42,607 DEBUG n.e.o.t.s.UpdateSvc                 - cern-513-cr5:2/1/1 34                                       
2019-02-06 13:26:42,607 DEBUG n.e.o.t.s.UpdateSvc                 - cern-513-cr5:5/1/1 34                                       
2019-02-06 13:26:42,607 DEBUG n.e.o.t.s.UpdateSvc                 - cern-513-cr5:1/2/1 34                                       
2019-02-06 13:26:42,607 DEBUG n.e.o.t.s.UpdateSvc                 - cern-513-cr5:4/1/1 34                                       
2019-02-06 13:26:42,607 DEBUG n.e.o.t.s.UpdateSvc                 - cern-513-cr5:BLANK 34                                       
2019-02-06 13:26:42,610 INFO  n.e.o.t.s.UpdateSvc                 - inserting p: chic-cr5:3/1/1 to chic-cr5                     
2019-02-06 13:26:42,612 DEBUG n.e.o.t.s.UpdateSvc                 - chic-cr5:1/1/1 55                                           
2019-02-06 13:26:42,612 DEBUG n.e.o.t.s.UpdateSvc                 - chic-cr5:10/1/3 55                                          
2019-02-06 13:26:42,612 DEBUG n.e.o.t.s.UpdateSvc                 - chic-cr5:8/1/1 55                                           
2019-02-06 13:26:42,612 DEBUG n.e.o.t.s.UpdateSvc                 - chic-cr5:6/1/1 55                                           
2019-02-06 13:26:42,612 DEBUG n.e.o.t.s.UpdateSvc                 - chic-cr5:10/1/1 55                                          
2019-02-06 13:26:42,612 DEBUG n.e.o.t.s.UpdateSvc                 - chic-cr5:7/1/1 55                                           
2019-02-06 13:26:42,612 DEBUG n.e.o.t.s.UpdateSvc                 - chic-cr5:10/1/4 55                                          
2019-02-06 13:26:42,612 DEBUG n.e.o.t.s.UpdateSvc                 - chic-cr5:6/2/1 55                                           
2019-02-06 13:26:42,612 DEBUG n.e.o.t.s.UpdateSvc                 - chic-cr5:10/1/7 55                                          
2019-02-06 13:26:42,612 DEBUG n.e.o.t.s.UpdateSvc                 - chic-cr5:3/1/1 55                                           
2019-02-06 13:26:42,613 DEBUG n.e.o.t.s.UpdateSvc                 - chic-cr5:7/2/1 55                                           
2019-02-06 13:26:42,613 DEBUG n.e.o.t.s.UpdateSvc                 - chic-cr5:BLANK 55                                           
2019-02-06 13:26:42,613 DEBUG n.e.o.t.s.UpdateSvc                 - chic-cr5:10/1/5 55                                          
2019-02-06 13:26:42,615 INFO  n.e.o.t.s.UpdateSvc                 - inserting p: llnl-mr2:xe-1/0/0 to llnl-mr2                  
2019-02-06 13:26:42,617 DEBUG n.e.o.t.s.UpdateSvc                 - llnl-mr2:xe-3/2/0 52                                        
2019-02-06 13:26:42,617 DEBUG n.e.o.t.s.UpdateSvc                 - llnl-mr2:ge-3/0/0 52                                        
2019-02-06 13:26:42,617 DEBUG n.e.o.t.s.UpdateSvc                 - llnl-mr2:xe-2/2/0 52                                        
2019-02-06 13:26:42,617 DEBUG n.e.o.t.s.UpdateSvc                 - llnl-mr2:xe-2/0/0 52                                        
2019-02-06 13:26:42,617 DEBUG n.e.o.t.s.UpdateSvc                 - llnl-mr2:xe-1/3/0 52                                        
2019-02-06 13:26:42,617 DEBUG n.e.o.t.s.UpdateSvc                 - llnl-mr2:xe-1/0/0 52                                        
2019-02-06 13:26:42,617 DEBUG n.e.o.t.s.UpdateSvc                 - llnl-mr2:xe-2/1/0 52                                        
2019-02-06 13:26:42,617 DEBUG n.e.o.t.s.UpdateSvc                 - llnl-mr2:ge-3/0/1 52                                        
2019-02-06 13:26:42,617 DEBUG n.e.o.t.s.UpdateSvc                 - llnl-mr2:xe-0/1/0 52                                        
2019-02-06 13:26:42,622 INFO  n.e.o.t.s.UpdateSvc                 - inserting p: eqx-sj-cr5:10/1/4 to eqx-sj-cr5                
2019-02-06 13:26:42,624 DEBUG n.e.o.t.s.UpdateSvc                 - eqx-sj-cr5:1/2/1 35                                         
2019-02-06 13:26:42,624 DEBUG n.e.o.t.s.UpdateSvc                 - eqx-sj-cr5:10/1/4 35                                        
2019-02-06 13:26:42,624 DEBUG n.e.o.t.s.UpdateSvc                 - eqx-sj-cr5:BLANK 35                                         
2019-02-06 13:26:42,628 INFO  n.e.o.t.s.UpdateSvc                 - inserting p: eqx-sj-cr5:10/1/2 to eqx-sj-cr5                
2019-02-06 13:26:42,629 DEBUG n.e.o.t.s.UpdateSvc                 - eqx-sj-cr5:1/2/1 35                                         
2019-02-06 13:26:42,629 DEBUG n.e.o.t.s.UpdateSvc                 - eqx-sj-cr5:10/1/4 35                                        
2019-02-06 13:26:42,629 DEBUG n.e.o.t.s.UpdateSvc                 - eqx-sj-cr5:10/1/2 35                                        
2019-02-06 13:26:42,629 DEBUG n.e.o.t.s.UpdateSvc                 - eqx-sj-cr5:BLANK 35                                         
2019-02-06 13:26:42,631 INFO  n.e.o.t.s.UpdateSvc                 - inserting p: eqx-sj-cr5:10/1/1 to eqx-sj-cr5                
2019-02-06 13:26:42,632 DEBUG n.e.o.t.s.UpdateSvc                 - eqx-sj-cr5:1/2/1 35                                         
2019-02-06 13:26:42,632 DEBUG n.e.o.t.s.UpdateSvc                 - eqx-sj-cr5:10/1/4 35                                        
2019-02-06 13:26:42,632 DEBUG n.e.o.t.s.UpdateSvc                 - eqx-sj-cr5:10/1/1 35                                        
2019-02-06 13:26:42,632 DEBUG n.e.o.t.s.UpdateSvc                 - eqx-sj-cr5:10/1/2 35                                        
2019-02-06 13:26:42,632 DEBUG n.e.o.t.s.UpdateSvc                 - eqx-sj-cr5:BLANK 35                                         
2019-02-06 13:26:42,636 INFO  n.e.o.t.s.UpdateSvc                 - inserting p: denv-cr5:1/1/1 to denv-cr5                     
2019-02-06 13:26:42,637 DEBUG n.e.o.t.s.UpdateSvc                 - denv-cr5:4/2/1 75                                           
2019-02-06 13:26:42,637 DEBUG n.e.o.t.s.UpdateSvc                 - denv-cr5:10/1/11 75                                         
2019-02-06 13:26:42,637 DEBUG n.e.o.t.s.UpdateSvc                 - denv-cr5:10/1/6 75                                          
2019-02-06 13:26:42,637 DEBUG n.e.o.t.s.UpdateSvc                 - denv-cr5:10/1/12 75                                         
2019-02-06 13:26:42,637 DEBUG n.e.o.t.s.UpdateSvc                 - denv-cr5:4/1/1 75                                           
2019-02-06 13:26:42,637 DEBUG n.e.o.t.s.UpdateSvc                 - denv-cr5:10/1/5 75                                          
2019-02-06 13:26:42,637 DEBUG n.e.o.t.s.UpdateSvc                 - denv-cr5:1/1/1 75                                           
2019-02-06 13:26:42,637 DEBUG n.e.o.t.s.UpdateSvc                 - denv-cr5:10/1/4 75                                          
2019-02-06 13:26:42,637 DEBUG n.e.o.t.s.UpdateSvc                 - denv-cr5:10/1/10 75                                         
2019-02-06 13:26:42,637 DEBUG n.e.o.t.s.UpdateSvc                 - denv-cr5:10/1/3 75                                          
2019-02-06 13:26:42,637 DEBUG n.e.o.t.s.UpdateSvc                 - denv-cr5:10/1/7 75                                          
2019-02-06 13:26:42,639 INFO  n.e.o.t.s.UpdateSvc                 - inserting p: kans-cr5:2/1/1 to kans-cr5                     
2019-02-06 13:26:42,639 DEBUG n.e.o.t.s.UpdateSvc                 - kans-cr5:2/1/1 38                                           
2019-02-06 13:26:42,640 DEBUG n.e.o.t.s.UpdateSvc                 - kans-cr5:10/1/4 38                                          
2019-02-06 13:26:42,640 DEBUG n.e.o.t.s.UpdateSvc                 - kans-cr5:10/1/3 38                                          
2019-02-06 13:26:42,640 DEBUG n.e.o.t.s.UpdateSvc                 - kans-cr5:1/1/1 38                                           
2019-02-06 13:26:42,642 INFO  n.e.o.t.s.UpdateSvc                 - inserting p: llnl-mr2:xe-0/2/0 to llnl-mr2                  
2019-02-06 13:26:42,642 DEBUG n.e.o.t.s.UpdateSvc                 - llnl-mr2:xe-3/2/0 52                                        
2019-02-06 13:26:42,642 DEBUG n.e.o.t.s.UpdateSvc                 - llnl-mr2:ge-3/0/0 52                                        
2019-02-06 13:26:42,642 DEBUG n.e.o.t.s.UpdateSvc                 - llnl-mr2:xe-2/2/0 52                                        
2019-02-06 13:26:42,642 DEBUG n.e.o.t.s.UpdateSvc                 - llnl-mr2:xe-2/0/0 52                                        
2019-02-06 13:26:42,642 DEBUG n.e.o.t.s.UpdateSvc                 - llnl-mr2:xe-1/3/0 52                                        
2019-02-06 13:26:42,642 DEBUG n.e.o.t.s.UpdateSvc                 - llnl-mr2:xe-1/0/0 52                                        
2019-02-06 13:26:42,642 DEBUG n.e.o.t.s.UpdateSvc                 - llnl-mr2:xe-2/1/0 52                                        
2019-02-06 13:26:42,642 DEBUG n.e.o.t.s.UpdateSvc                 - llnl-mr2:xe-0/2/0 52                                        
2019-02-06 13:26:42,642 DEBUG n.e.o.t.s.UpdateSvc                 - llnl-mr2:ge-3/0/1 52                                        
2019-02-06 13:26:42,643 DEBUG n.e.o.t.s.UpdateSvc                 - llnl-mr2:xe-0/1/0 52                                        
2019-02-06 13:26:42,645 INFO  n.e.o.t.s.UpdateSvc                 - inserting p: ornl-cr5:7/1/1 to ornl-cr5                     
2019-02-06 13:26:42,645 DEBUG n.e.o.t.s.UpdateSvc                 - ornl-cr5:7/1/1 64                                           
2019-02-06 13:26:42,646 DEBUG n.e.o.t.s.UpdateSvc                 - ornl-cr5:10/1/3 64                                          
2019-02-06 13:26:42,646 DEBUG n.e.o.t.s.UpdateSvc                 - ornl-cr5:10/1/1 64                                          
2019-02-06 13:26:42,646 DEBUG n.e.o.t.s.UpdateSvc                 - ornl-cr5:10/1/2 64                                          
2019-02-06 13:26:42,646 DEBUG n.e.o.t.s.UpdateSvc                 - ornl-cr5:6/1/1 64                                           
2019-02-06 13:26:42,648 INFO  n.e.o.t.s.UpdateSvc                 - inserting p: ornl-rt4:xe-0/2/0 to ornl-rt4                  
2019-02-06 13:26:42,648 DEBUG n.e.o.t.s.UpdateSvc                 - ornl-rt4:xe-0/2/0 42                                        
2019-02-06 13:26:42,648 DEBUG n.e.o.t.s.UpdateSvc                 - ornl-rt4:ge-0/0/1 42                                        
2019-02-06 13:26:42,648 DEBUG n.e.o.t.s.UpdateSvc                 - ornl-rt4:xe-2/3/0 42                                        
2019-02-06 13:26:42,648 DEBUG n.e.o.t.s.UpdateSvc                 - ornl-rt4:xe-1/2/0 42                                        
2019-02-06 13:26:42,650 INFO  n.e.o.t.s.UpdateSvc                 - inserting p: wash-cr5:5/2/1 to wash-cr5                     
2019-02-06 13:26:42,651 DEBUG n.e.o.t.s.UpdateSvc                 - wash-cr5:4/1/1 36                                           
2019-02-06 13:26:42,651 DEBUG n.e.o.t.s.UpdateSvc                 - wash-cr5:10/1/3 36                                          
2019-02-06 13:26:42,651 DEBUG n.e.o.t.s.UpdateSvc                 - wash-cr5:1/1/1 36                                           
2019-02-06 13:26:42,651 DEBUG n.e.o.t.s.UpdateSvc                 - wash-cr5:4/2/1 36                                           
2019-02-06 13:26:42,651 DEBUG n.e.o.t.s.UpdateSvc                 - wash-cr5:5/2/1 36                                           
2019-02-06 13:26:42,651 DEBUG n.e.o.t.s.UpdateSvc                 - wash-cr5:10/1/9 36                                          
2019-02-06 13:26:42,651 DEBUG n.e.o.t.s.UpdateSvc                 - wash-cr5:6/1/1 36                                           
2019-02-06 13:26:42,651 DEBUG n.e.o.t.s.UpdateSvc                 - wash-cr5:10/1/5 36                                          
2019-02-06 13:26:42,652 DEBUG n.e.o.t.s.UpdateSvc                 - wash-cr5:10/1/4 36                                          
2019-02-06 13:26:42,652 DEBUG n.e.o.t.s.UpdateSvc                 - wash-cr5:10/1/10 36                                         
2019-02-06 13:26:42,655 INFO  n.e.o.t.s.UpdateSvc                 - inserting p: amst-cr5:3/1/1 to amst-cr5                     
2019-02-06 13:26:42,656 DEBUG n.e.o.t.s.UpdateSvc                 - amst-cr5:3/1/1 72                                           
2019-02-06 13:26:42,657 DEBUG n.e.o.t.s.UpdateSvc                 - amst-cr5:5/1/1 72                                           
2019-02-06 13:26:42,657 DEBUG n.e.o.t.s.UpdateSvc                 - amst-cr5:10/1/1 72                                          
2019-02-06 13:26:42,657 DEBUG n.e.o.t.s.UpdateSvc                 - amst-cr5:10/1/2 72                                          
2019-02-06 13:26:42,657 DEBUG n.e.o.t.s.UpdateSvc                 - amst-cr5:10/2/5 72                                          
2019-02-06 13:26:42,659 INFO  n.e.o.t.s.UpdateSvc                 - inserting p: sacr-cr5:5/1/1 to sacr-cr5                     
2019-02-06 13:26:42,660 DEBUG n.e.o.t.s.UpdateSvc                 - sacr-cr5:10/2/6 47                                          
2019-02-06 13:26:42,660 DEBUG n.e.o.t.s.UpdateSvc                 - sacr-cr5:10/1/1 47                                          
2019-02-06 13:26:42,660 DEBUG n.e.o.t.s.UpdateSvc                 - sacr-cr5:10/2/2 47                                          
2019-02-06 13:26:42,660 DEBUG n.e.o.t.s.UpdateSvc                 - sacr-cr5:2/1/1 47                                           
2019-02-06 13:26:42,660 DEBUG n.e.o.t.s.UpdateSvc                 - sacr-cr5:10/2/4 47                                          
2019-02-06 13:26:42,660 DEBUG n.e.o.t.s.UpdateSvc                 - sacr-cr5:5/1/1 47                                           
2019-02-06 13:26:42,660 DEBUG n.e.o.t.s.UpdateSvc                 - sacr-cr5:4/1/1 47                                           
2019-02-06 13:26:42,660 DEBUG n.e.o.t.s.UpdateSvc                 - sacr-cr5:10/2/3 47                                          
2019-02-06 13:26:42,660 DEBUG n.e.o.t.s.UpdateSvc                 - sacr-cr5:3/1/1 47                                           
2019-02-06 13:26:42,660 DEBUG n.e.o.t.s.UpdateSvc                 - sacr-cr5:10/1/2 47                                          
2019-02-06 13:26:42,660 DEBUG n.e.o.t.s.UpdateSvc                 - sacr-cr5:10/1/4 47                                          
2019-02-06 13:26:42,660 DEBUG n.e.o.t.s.UpdateSvc                 - sacr-cr5:10/2/5 47                                          
2019-02-06 13:26:42,660 DEBUG n.e.o.t.s.UpdateSvc                 - sacr-cr5:10/2/1 47                                          
2019-02-06 13:26:42,660 DEBUG n.e.o.t.s.UpdateSvc                 - sacr-cr5:1/1/1 47                                           
2019-02-06 13:26:42,660 DEBUG n.e.o.t.s.UpdateSvc                 - sacr-cr5:10/1/6 47                                          
2019-02-06 13:26:42,676 INFO  n.e.o.t.s.UpdateSvc                 - inserting p: snll-mr2:xe-2/0/0 to snll-mr2                  
2019-02-06 13:26:42,677 DEBUG n.e.o.t.s.UpdateSvc                 - snll-mr2:xe-2/2/0 40                                        
2019-02-06 13:26:42,677 DEBUG n.e.o.t.s.UpdateSvc                 - snll-mr2:xe-2/0/0 40                                        
2019-02-06 13:26:42,678 DEBUG n.e.o.t.s.UpdateSvc                 - snll-mr2:xe-2/3/0 40                                        
2019-02-06 13:26:42,682 INFO  n.e.o.t.s.UpdateSvc                 - inserting p: cern-773-cr5:2/1/1 to cern-773-cr5             
2019-02-06 13:26:42,683 DEBUG n.e.o.t.s.UpdateSvc                 - cern-773-cr5:BLANK 44                                       
2019-02-06 13:26:42,683 DEBUG n.e.o.t.s.UpdateSvc                 - cern-773-cr5:10/1/2 44                                      
2019-02-06 13:26:42,683 DEBUG n.e.o.t.s.UpdateSvc                 - cern-773-cr5:10/1/3 44                                      
2019-02-06 13:26:42,684 DEBUG n.e.o.t.s.UpdateSvc                 - cern-773-cr5:10/1/1 44                                      
2019-02-06 13:26:42,684 DEBUG n.e.o.t.s.UpdateSvc                 - cern-773-cr5:2/1/1 44                                       
2019-02-06 13:26:42,684 DEBUG n.e.o.t.s.UpdateSvc                 - cern-773-cr5:1/1/1 44                                       
2019-02-06 13:26:42,689 INFO  n.e.o.t.s.UpdateSvc                 - inserting p: lond-cr5:10/1/4 to lond-cr5                    
2019-02-06 13:26:42,691 DEBUG n.e.o.t.s.UpdateSvc                 - lond-cr5:5/1/1 57                                           
2019-02-06 13:26:42,691 DEBUG n.e.o.t.s.UpdateSvc                 - lond-cr5:2/1/1 57                                           
2019-02-06 13:26:42,691 DEBUG n.e.o.t.s.UpdateSvc                 - lond-cr5:10/1/4 57                                          
2019-02-06 13:26:42,691 DEBUG n.e.o.t.s.UpdateSvc                 - lond-cr5:2/2/1 57                                           
2019-02-06 13:26:42,693 INFO  n.e.o.t.s.UpdateSvc                 - inserting p: lond-cr5:1/2/1 to lond-cr5                     
2019-02-06 13:26:42,694 DEBUG n.e.o.t.s.UpdateSvc                 - lond-cr5:5/1/1 57                                           
2019-02-06 13:26:42,694 DEBUG n.e.o.t.s.UpdateSvc                 - lond-cr5:2/1/1 57                                           
2019-02-06 13:26:42,694 DEBUG n.e.o.t.s.UpdateSvc                 - lond-cr5:10/1/4 57                                          
2019-02-06 13:26:42,694 DEBUG n.e.o.t.s.UpdateSvc                 - lond-cr5:2/2/1 57                                           
2019-02-06 13:26:42,694 DEBUG n.e.o.t.s.UpdateSvc                 - lond-cr5:1/2/1 57                                           
2019-02-06 13:26:42,697 INFO  n.e.o.t.s.UpdateSvc                 - inserting p: lond-cr5:10/1/2 to lond-cr5                    
2019-02-06 13:26:42,699 DEBUG n.e.o.t.s.UpdateSvc                 - lond-cr5:5/1/1 57                                           
2019-02-06 13:26:42,699 DEBUG n.e.o.t.s.UpdateSvc                 - lond-cr5:2/1/1 57                                           
2019-02-06 13:26:42,699 DEBUG n.e.o.t.s.UpdateSvc                 - lond-cr5:10/1/4 57                                          
2019-02-06 13:26:42,700 DEBUG n.e.o.t.s.UpdateSvc                 - lond-cr5:2/2/1 57                                           
2019-02-06 13:26:42,700 DEBUG n.e.o.t.s.UpdateSvc                 - lond-cr5:10/1/2 57                                          
2019-02-06 13:26:42,700 DEBUG n.e.o.t.s.UpdateSvc                 - lond-cr5:1/2/1 57                                           
2019-02-06 13:26:42,703 INFO  n.e.o.t.s.UpdateSvc                 - inserting p: star-cr5:BLANK to star-cr5                     
2019-02-06 13:26:42,705 DEBUG n.e.o.t.s.UpdateSvc                 - star-cr5:3/1/1 76                                           
2019-02-06 13:26:42,705 DEBUG n.e.o.t.s.UpdateSvc                 - star-cr5:4/2/1 76                                           
2019-02-06 13:26:42,705 DEBUG n.e.o.t.s.UpdateSvc                 - star-cr5:4/1/1 76                                           
2019-02-06 13:26:42,705 DEBUG n.e.o.t.s.UpdateSvc                 - star-cr5:5/1/1 76                                           
2019-02-06 13:26:42,705 DEBUG n.e.o.t.s.UpdateSvc                 - star-cr5:BLANK 76                                           
2019-02-06 13:26:42,705 DEBUG n.e.o.t.s.UpdateSvc                 - star-cr5:3/2/1 76                                           
2019-02-06 13:26:42,708 INFO  n.e.o.t.s.UpdateSvc                 - inserting p: lond-cr5:10/1/1 to lond-cr5                    
2019-02-06 13:26:42,709 DEBUG n.e.o.t.s.UpdateSvc                 - lond-cr5:5/1/1 57                                           
2019-02-06 13:26:42,709 DEBUG n.e.o.t.s.UpdateSvc                 - lond-cr5:2/1/1 57                                           
2019-02-06 13:26:42,709 DEBUG n.e.o.t.s.UpdateSvc                 - lond-cr5:10/1/4 57                                          
2019-02-06 13:26:42,709 DEBUG n.e.o.t.s.UpdateSvc                 - lond-cr5:2/2/1 57                                           
2019-02-06 13:26:42,709 DEBUG n.e.o.t.s.UpdateSvc                 - lond-cr5:10/1/2 57                                          
2019-02-06 13:26:42,709 DEBUG n.e.o.t.s.UpdateSvc                 - lond-cr5:10/1/1 57                                          
2019-02-06 13:26:42,709 DEBUG n.e.o.t.s.UpdateSvc                 - lond-cr5:1/2/1 57                                           
2019-02-06 13:26:42,712 INFO  n.e.o.t.s.UpdateSvc                 - inserting p: star-cr5:6/1/1 to star-cr5                     
2019-02-06 13:26:42,713 DEBUG n.e.o.t.s.UpdateSvc                 - star-cr5:3/1/1 76                                           
2019-02-06 13:26:42,714 DEBUG n.e.o.t.s.UpdateSvc                 - star-cr5:4/2/1 76                                           
2019-02-06 13:26:42,714 DEBUG n.e.o.t.s.UpdateSvc                 - star-cr5:4/1/1 76                                           
2019-02-06 13:26:42,714 DEBUG n.e.o.t.s.UpdateSvc                 - star-cr5:6/1/1 76                                           
2019-02-06 13:26:42,714 DEBUG n.e.o.t.s.UpdateSvc                 - star-cr5:5/1/1 76                                           
2019-02-06 13:26:42,714 DEBUG n.e.o.t.s.UpdateSvc                 - star-cr5:BLANK 76                                           
2019-02-06 13:26:42,714 DEBUG n.e.o.t.s.UpdateSvc                 - star-cr5:3/2/1 76                                           
2019-02-06 13:26:42,716 INFO  n.e.o.t.s.UpdateSvc                 - inserting p: star-cr5:10/1/1 to star-cr5                    
2019-02-06 13:26:42,717 DEBUG n.e.o.t.s.UpdateSvc                 - star-cr5:3/1/1 76                                           
2019-02-06 13:26:42,717 DEBUG n.e.o.t.s.UpdateSvc                 - star-cr5:4/2/1 76                                           
2019-02-06 13:26:42,717 DEBUG n.e.o.t.s.UpdateSvc                 - star-cr5:4/1/1 76                                           
2019-02-06 13:26:42,717 DEBUG n.e.o.t.s.UpdateSvc                 - star-cr5:6/1/1 76                                           
2019-02-06 13:26:42,717 DEBUG n.e.o.t.s.UpdateSvc                 - star-cr5:5/1/1 76                                           
2019-02-06 13:26:42,717 DEBUG n.e.o.t.s.UpdateSvc                 - star-cr5:BLANK 76                                           
2019-02-06 13:26:42,717 DEBUG n.e.o.t.s.UpdateSvc                 - star-cr5:3/2/1 76                                           
2019-02-06 13:26:42,717 DEBUG n.e.o.t.s.UpdateSvc                 - star-cr5:10/1/1 76                                          
2019-02-06 13:26:42,721 INFO  n.e.o.t.s.UpdateSvc                 - inserting p: nash-cr5:2/1/1 to nash-cr5                     
2019-02-06 13:26:42,721 DEBUG n.e.o.t.s.UpdateSvc                 - nash-cr5:10/1/5 45                                          
2019-02-06 13:26:42,721 DEBUG n.e.o.t.s.UpdateSvc                 - nash-cr5:1/2/1 45                                           
2019-02-06 13:26:42,721 DEBUG n.e.o.t.s.UpdateSvc                 - nash-cr5:2/1/1 45                                           
2019-02-06 13:26:42,722 DEBUG n.e.o.t.s.UpdateSvc                 - nash-cr5:10/1/6 45                                          
2019-02-06 13:26:42,722 DEBUG n.e.o.t.s.UpdateSvc                 - nash-cr5:10/1/3 45                                          
2019-02-06 13:26:42,722 DEBUG n.e.o.t.s.UpdateSvc                 - nash-cr5:1/1/1 45                                           
2019-02-06 13:26:42,722 DEBUG n.e.o.t.s.UpdateSvc                 - nash-cr5:10/1/4 45                                          
2019-02-06 13:26:42,725 INFO  n.e.o.t.s.UpdateSvc                 - inserting p: snll-mr2:xe-1/2/0 to snll-mr2                  
2019-02-06 13:26:42,726 DEBUG n.e.o.t.s.UpdateSvc                 - snll-mr2:xe-2/2/0 40                                        
2019-02-06 13:26:42,726 DEBUG n.e.o.t.s.UpdateSvc                 - snll-mr2:xe-2/0/0 40                                        
2019-02-06 13:26:42,726 DEBUG n.e.o.t.s.UpdateSvc                 - snll-mr2:xe-2/3/0 40                                        
2019-02-06 13:26:42,726 DEBUG n.e.o.t.s.UpdateSvc                 - snll-mr2:xe-1/2/0 40                                        
2019-02-06 13:26:42,730 INFO  n.e.o.t.s.UpdateSvc                 - inserting p: star-cr5:10/1/7 to star-cr5                    
2019-02-06 13:26:42,731 DEBUG n.e.o.t.s.UpdateSvc                 - star-cr5:3/1/1 76                                           
2019-02-06 13:26:42,731 DEBUG n.e.o.t.s.UpdateSvc                 - star-cr5:4/2/1 76                                           
2019-02-06 13:26:42,731 DEBUG n.e.o.t.s.UpdateSvc                 - star-cr5:10/1/7 76                                          
2019-02-06 13:26:42,731 DEBUG n.e.o.t.s.UpdateSvc                 - star-cr5:4/1/1 76                                           
2019-02-06 13:26:42,731 DEBUG n.e.o.t.s.UpdateSvc                 - star-cr5:6/1/1 76                                           
2019-02-06 13:26:42,731 DEBUG n.e.o.t.s.UpdateSvc                 - star-cr5:5/1/1 76                                           
2019-02-06 13:26:42,731 DEBUG n.e.o.t.s.UpdateSvc                 - star-cr5:BLANK 76                                           
2019-02-06 13:26:42,731 DEBUG n.e.o.t.s.UpdateSvc                 - star-cr5:3/2/1 76                                           
2019-02-06 13:26:42,731 DEBUG n.e.o.t.s.UpdateSvc                 - star-cr5:10/1/1 76                                          
2019-02-06 13:26:42,734 INFO  n.e.o.t.s.UpdateSvc                 - inserting p: star-cr5:10/1/8 to star-cr5                    
2019-02-06 13:26:42,735 DEBUG n.e.o.t.s.UpdateSvc                 - star-cr5:10/1/8 76                                          
2019-02-06 13:26:42,735 DEBUG n.e.o.t.s.UpdateSvc                 - star-cr5:3/1/1 76                                           
2019-02-06 13:26:42,735 DEBUG n.e.o.t.s.UpdateSvc                 - star-cr5:4/2/1 76                                           
2019-02-06 13:26:42,735 DEBUG n.e.o.t.s.UpdateSvc                 - star-cr5:10/1/7 76                                          
2019-02-06 13:26:42,735 DEBUG n.e.o.t.s.UpdateSvc                 - star-cr5:4/1/1 76                                           
2019-02-06 13:26:42,735 DEBUG n.e.o.t.s.UpdateSvc                 - star-cr5:6/1/1 76                                           
2019-02-06 13:26:42,735 DEBUG n.e.o.t.s.UpdateSvc                 - star-cr5:5/1/1 76                                           
2019-02-06 13:26:42,735 DEBUG n.e.o.t.s.UpdateSvc                 - star-cr5:BLANK 76                                           
2019-02-06 13:26:42,735 DEBUG n.e.o.t.s.UpdateSvc                 - star-cr5:3/2/1 76                                           
2019-02-06 13:26:42,735 DEBUG n.e.o.t.s.UpdateSvc                 - star-cr5:10/1/1 76                                          
2019-02-06 13:26:42,738 INFO  n.e.o.t.s.UpdateSvc                 - inserting p: ornl-rt4:xe-1/0/0 to ornl-rt4                  
2019-02-06 13:26:42,739 DEBUG n.e.o.t.s.UpdateSvc                 - ornl-rt4:xe-0/2/0 42                                        
2019-02-06 13:26:42,739 DEBUG n.e.o.t.s.UpdateSvc                 - ornl-rt4:ge-0/0/1 42                                        
2019-02-06 13:26:42,739 DEBUG n.e.o.t.s.UpdateSvc                 - ornl-rt4:xe-1/0/0 42                                        
2019-02-06 13:26:42,739 DEBUG n.e.o.t.s.UpdateSvc                 - ornl-rt4:xe-2/3/0 42                                        
2019-02-06 13:26:42,739 DEBUG n.e.o.t.s.UpdateSvc                 - ornl-rt4:xe-1/2/0 42                                        
2019-02-06 13:26:42,742 INFO  n.e.o.t.s.UpdateSvc                 - inserting p: eqx-sj-cr5:10/2/4 to eqx-sj-cr5                
2019-02-06 13:26:42,743 DEBUG n.e.o.t.s.UpdateSvc                 - eqx-sj-cr5:1/2/1 35                                         
2019-02-06 13:26:42,743 DEBUG n.e.o.t.s.UpdateSvc                 - eqx-sj-cr5:10/1/4 35                                        
2019-02-06 13:26:42,743 DEBUG n.e.o.t.s.UpdateSvc                 - eqx-sj-cr5:10/2/4 35                                        
2019-02-06 13:26:42,743 DEBUG n.e.o.t.s.UpdateSvc                 - eqx-sj-cr5:10/1/1 35                                        
2019-02-06 13:26:42,743 DEBUG n.e.o.t.s.UpdateSvc                 - eqx-sj-cr5:10/1/2 35                                        
2019-02-06 13:26:42,743 DEBUG n.e.o.t.s.UpdateSvc                 - eqx-sj-cr5:BLANK 35                                         
2019-02-06 13:26:42,745 INFO  n.e.o.t.s.UpdateSvc                 - inserting p: eqx-sj-cr5:10/2/2 to eqx-sj-cr5                
2019-02-06 13:26:42,746 DEBUG n.e.o.t.s.UpdateSvc                 - eqx-sj-cr5:1/2/1 35                                         
2019-02-06 13:26:42,746 DEBUG n.e.o.t.s.UpdateSvc                 - eqx-sj-cr5:10/1/4 35                                        
2019-02-06 13:26:42,746 DEBUG n.e.o.t.s.UpdateSvc                 - eqx-sj-cr5:10/2/4 35                                        
2019-02-06 13:26:42,746 DEBUG n.e.o.t.s.UpdateSvc                 - eqx-sj-cr5:10/1/1 35                                        
2019-02-06 13:26:42,746 DEBUG n.e.o.t.s.UpdateSvc                 - eqx-sj-cr5:10/2/2 35                                        
2019-02-06 13:26:42,746 DEBUG n.e.o.t.s.UpdateSvc                 - eqx-sj-cr5:10/1/2 35                                        
2019-02-06 13:26:42,746 DEBUG n.e.o.t.s.UpdateSvc                 - eqx-sj-cr5:BLANK 35                                         
2019-02-06 13:26:42,749 INFO  n.e.o.t.s.UpdateSvc                 - inserting p: atla-cr5:4/1/1 to atla-cr5                     
2019-02-06 13:26:42,750 DEBUG n.e.o.t.s.UpdateSvc                 - atla-cr5:10/1/2 41                                          
2019-02-06 13:26:42,750 DEBUG n.e.o.t.s.UpdateSvc                 - atla-cr5:10/1/8 41                                          
2019-02-06 13:26:42,750 DEBUG n.e.o.t.s.UpdateSvc                 - atla-cr5:10/1/3 41                                          
2019-02-06 13:26:42,750 DEBUG n.e.o.t.s.UpdateSvc                 - atla-cr5:3/1/1 41                                           
2019-02-06 13:26:42,750 DEBUG n.e.o.t.s.UpdateSvc                 - atla-cr5:2/1/1 41                                           
2019-02-06 13:26:42,750 DEBUG n.e.o.t.s.UpdateSvc                 - atla-cr5:4/1/1 41                                           
2019-02-06 13:26:42,750 DEBUG n.e.o.t.s.UpdateSvc                 - atla-cr5:1/1/1 41                                           
2019-02-06 13:26:42,753 INFO  n.e.o.t.s.UpdateSvc                 - inserting p: sunn-cr5:2/2/1 to sunn-cr5                     
2019-02-06 13:26:42,754 DEBUG n.e.o.t.s.UpdateSvc                 - sunn-cr5:10/1/6 50                                          
2019-02-06 13:26:42,754 DEBUG n.e.o.t.s.UpdateSvc                 - sunn-cr5:10/1/5 50                                          
2019-02-06 13:26:42,754 DEBUG n.e.o.t.s.UpdateSvc                 - sunn-cr5:10/2/3 50                                          
2019-02-06 13:26:42,754 DEBUG n.e.o.t.s.UpdateSvc                 - sunn-cr5:10/2/6 50                                          
2019-02-06 13:26:42,754 DEBUG n.e.o.t.s.UpdateSvc                 - sunn-cr5:10/2/4 50                                          
2019-02-06 13:26:42,754 DEBUG n.e.o.t.s.UpdateSvc                 - sunn-cr5:10/1/2 50                                          
2019-02-06 13:26:42,754 DEBUG n.e.o.t.s.UpdateSvc                 - sunn-cr5:10/2/2 50                                          
2019-02-06 13:26:42,754 DEBUG n.e.o.t.s.UpdateSvc                 - sunn-cr5:7/2/1 50                                           
2019-02-06 13:26:42,754 DEBUG n.e.o.t.s.UpdateSvc                 - sunn-cr5:10/1/3 50                                          
2019-02-06 13:26:42,754 DEBUG n.e.o.t.s.UpdateSvc                 - sunn-cr5:5/1/1 50                                           
2019-02-06 13:26:42,754 DEBUG n.e.o.t.s.UpdateSvc                 - sunn-cr5:10/1/1 50                                          
2019-02-06 13:26:42,754 DEBUG n.e.o.t.s.UpdateSvc                 - sunn-cr5:7/1/1 50                                           
2019-02-06 13:26:42,754 DEBUG n.e.o.t.s.UpdateSvc                 - sunn-cr5:10/1/4 50                                          
2019-02-06 13:26:42,754 DEBUG n.e.o.t.s.UpdateSvc                 - sunn-cr5:2/2/1 50                                           
2019-02-06 13:26:42,754 DEBUG n.e.o.t.s.UpdateSvc                 - sunn-cr5:5/2/1 50                                           
2019-02-06 13:26:42,754 DEBUG n.e.o.t.s.UpdateSvc                 - sunn-cr5:4/1/1 50                                           
2019-02-06 13:26:42,754 DEBUG n.e.o.t.s.UpdateSvc                 - sunn-cr5:8/1/1 50                                           
2019-02-06 13:26:42,754 DEBUG n.e.o.t.s.UpdateSvc                 - sunn-cr5:10/2/1 50                                          
2019-02-06 13:26:42,754 DEBUG n.e.o.t.s.UpdateSvc                 - sunn-cr5:10/2/5 50                                          
2019-02-06 13:26:42,757 INFO  n.e.o.t.s.UpdateSvc                 - inserting p: pnwg-cr5:10/1/10 to pnwg-cr5                   
2019-02-06 13:26:42,757 DEBUG n.e.o.t.s.UpdateSvc                 - pnwg-cr5:2/2/1 71                                           
2019-02-06 13:26:42,757 DEBUG n.e.o.t.s.UpdateSvc                 - pnwg-cr5:2/1/1 71                                           
2019-02-06 13:26:42,757 DEBUG n.e.o.t.s.UpdateSvc                 - pnwg-cr5:3/1/1 71                                           
2019-02-06 13:26:42,757 DEBUG n.e.o.t.s.UpdateSvc                 - pnwg-cr5:9/1/2 71                                           
2019-02-06 13:26:42,757 DEBUG n.e.o.t.s.UpdateSvc                 - pnwg-cr5:BLANK 71                                           
2019-02-06 13:26:42,757 DEBUG n.e.o.t.s.UpdateSvc                 - pnwg-cr5:1/1/1 71                                           
2019-02-06 13:26:42,757 DEBUG n.e.o.t.s.UpdateSvc                 - pnwg-cr5:10/1/10 71                                         
2019-02-06 13:26:42,760 INFO  n.e.o.t.s.UpdateSvc                 - inserting p: wash-cr5:5/1/1 to wash-cr5                     
2019-02-06 13:26:42,760 DEBUG n.e.o.t.s.UpdateSvc                 - wash-cr5:4/1/1 36                                           
2019-02-06 13:26:42,760 DEBUG n.e.o.t.s.UpdateSvc                 - wash-cr5:10/1/3 36                                          
2019-02-06 13:26:42,760 DEBUG n.e.o.t.s.UpdateSvc                 - wash-cr5:1/1/1 36                                           
2019-02-06 13:26:42,761 DEBUG n.e.o.t.s.UpdateSvc                 - wash-cr5:4/2/1 36                                           
2019-02-06 13:26:42,761 DEBUG n.e.o.t.s.UpdateSvc                 - wash-cr5:5/2/1 36                                           
2019-02-06 13:26:42,761 DEBUG n.e.o.t.s.UpdateSvc                 - wash-cr5:10/1/9 36                                          
2019-02-06 13:26:42,761 DEBUG n.e.o.t.s.UpdateSvc                 - wash-cr5:6/1/1 36                                           
2019-02-06 13:26:42,761 DEBUG n.e.o.t.s.UpdateSvc                 - wash-cr5:5/1/1 36                                           
2019-02-06 13:26:42,761 DEBUG n.e.o.t.s.UpdateSvc                 - wash-cr5:10/1/5 36                                          
2019-02-06 13:26:42,761 DEBUG n.e.o.t.s.UpdateSvc                 - wash-cr5:10/1/4 36                                          
2019-02-06 13:26:42,761 DEBUG n.e.o.t.s.UpdateSvc                 - wash-cr5:10/1/10 36                                         
2019-02-06 13:26:42,763 INFO  n.e.o.t.s.UpdateSvc                 - inserting p: anl-mr2:xe-0/0/0 to anl-mr2                    
2019-02-06 13:26:42,763 DEBUG n.e.o.t.s.UpdateSvc                 - anl-mr2:ae0 53                                              
2019-02-06 13:26:42,763 DEBUG n.e.o.t.s.UpdateSvc                 - anl-mr2:xe-0/0/0 53                                         
2019-02-06 13:26:42,763 DEBUG n.e.o.t.s.UpdateSvc                 - anl-mr2:xe-2/3/0 53                                         
2019-02-06 13:26:42,763 DEBUG n.e.o.t.s.UpdateSvc                 - anl-mr2:xe-0/1/0 53                                         
2019-02-06 13:26:42,766 INFO  n.e.o.t.s.UpdateSvc                 - inserting p: lbl-mr2:ae0 to lbl-mr2                         
2019-02-06 13:26:42,768 DEBUG n.e.o.t.s.UpdateSvc                 - lbl-mr2:xe-8/1/0 74                                         
2019-02-06 13:26:42,768 DEBUG n.e.o.t.s.UpdateSvc                 - lbl-mr2:xe-1/1/0 74                                         
2019-02-06 13:26:42,768 DEBUG n.e.o.t.s.UpdateSvc                 - lbl-mr2:xe-7/0/0 74                                         
2019-02-06 13:26:42,768 DEBUG n.e.o.t.s.UpdateSvc                 - lbl-mr2:xe-0/2/0 74                                         
2019-02-06 13:26:42,768 DEBUG n.e.o.t.s.UpdateSvc                 - lbl-mr2:xe-8/3/0 74                                         
2019-02-06 13:26:42,768 DEBUG n.e.o.t.s.UpdateSvc                 - lbl-mr2:ae0 74                                              
2019-02-06 13:26:42,768 DEBUG n.e.o.t.s.UpdateSvc                 - lbl-mr2:xe-0/1/0 74                                         
2019-02-06 13:26:42,769 DEBUG n.e.o.t.s.UpdateSvc                 - lbl-mr2:xe-7/2/0 74                                         
2019-02-06 13:26:42,771 INFO  n.e.o.t.s.UpdateSvc                 - inserting p: lond-cr5:1/1/1 to lond-cr5                     
2019-02-06 13:26:42,772 DEBUG n.e.o.t.s.UpdateSvc                 - lond-cr5:5/1/1 57                                           
2019-02-06 13:26:42,772 DEBUG n.e.o.t.s.UpdateSvc                 - lond-cr5:2/1/1 57                                           
2019-02-06 13:26:42,772 DEBUG n.e.o.t.s.UpdateSvc                 - lond-cr5:1/1/1 57                                           
2019-02-06 13:26:42,772 DEBUG n.e.o.t.s.UpdateSvc                 - lond-cr5:10/1/4 57                                          
2019-02-06 13:26:42,772 DEBUG n.e.o.t.s.UpdateSvc                 - lond-cr5:2/2/1 57                                           
2019-02-06 13:26:42,772 DEBUG n.e.o.t.s.UpdateSvc                 - lond-cr5:10/1/2 57                                          
2019-02-06 13:26:42,772 DEBUG n.e.o.t.s.UpdateSvc                 - lond-cr5:10/1/1 57                                          
2019-02-06 13:26:42,773 DEBUG n.e.o.t.s.UpdateSvc                 - lond-cr5:1/2/1 57                                           
2019-02-06 13:26:42,775 INFO  n.e.o.t.s.UpdateSvc                 - inserting p: star-cr5:6/2/1 to star-cr5                     
2019-02-06 13:26:42,776 DEBUG n.e.o.t.s.UpdateSvc                 - star-cr5:10/1/8 76                                          
2019-02-06 13:26:42,776 DEBUG n.e.o.t.s.UpdateSvc                 - star-cr5:3/1/1 76                                           
2019-02-06 13:26:42,776 DEBUG n.e.o.t.s.UpdateSvc                 - star-cr5:4/2/1 76                                           
2019-02-06 13:26:42,776 DEBUG n.e.o.t.s.UpdateSvc                 - star-cr5:10/1/7 76                                          
2019-02-06 13:26:42,776 DEBUG n.e.o.t.s.UpdateSvc                 - star-cr5:4/1/1 76                                           
2019-02-06 13:26:42,776 DEBUG n.e.o.t.s.UpdateSvc                 - star-cr5:6/1/1 76                                           
2019-02-06 13:26:42,776 DEBUG n.e.o.t.s.UpdateSvc                 - star-cr5:5/1/1 76                                           
2019-02-06 13:26:42,776 DEBUG n.e.o.t.s.UpdateSvc                 - star-cr5:6/2/1 76                                           
2019-02-06 13:26:42,776 DEBUG n.e.o.t.s.UpdateSvc                 - star-cr5:BLANK 76                                           
2019-02-06 13:26:42,776 DEBUG n.e.o.t.s.UpdateSvc                 - star-cr5:3/2/1 76                                           
2019-02-06 13:26:42,776 DEBUG n.e.o.t.s.UpdateSvc                 - star-cr5:10/1/1 76                                          
2019-02-06 13:26:42,793 INFO  n.e.o.t.s.UpdateSvc                 - inserting p: bost-cr5:3/1/1 to bost-cr5                     
2019-02-06 13:26:42,794 DEBUG n.e.o.t.s.UpdateSvc                 - bost-cr5:10/1/2 77                                          
2019-02-06 13:26:42,795 DEBUG n.e.o.t.s.UpdateSvc                 - bost-cr5:10/2/3 77                                          
2019-02-06 13:26:42,795 DEBUG n.e.o.t.s.UpdateSvc                 - bost-cr5:1/1/1 77                                           
2019-02-06 13:26:42,795 DEBUG n.e.o.t.s.UpdateSvc                 - bost-cr5:10/1/6 77                                          
2019-02-06 13:26:42,795 DEBUG n.e.o.t.s.UpdateSvc                 - bost-cr5:2/1/1 77                                           
2019-02-06 13:26:42,795 DEBUG n.e.o.t.s.UpdateSvc                 - bost-cr5:10/1/5 77                                          
2019-02-06 13:26:42,795 DEBUG n.e.o.t.s.UpdateSvc                 - bost-cr5:3/1/1 77                                           
2019-02-06 13:26:42,798 INFO  n.e.o.t.s.UpdateSvc                 - inserting p: snll-mr2:xe-1/3/0 to snll-mr2                  
2019-02-06 13:26:42,799 DEBUG n.e.o.t.s.UpdateSvc                 - snll-mr2:xe-2/2/0 40                                        
2019-02-06 13:26:42,799 DEBUG n.e.o.t.s.UpdateSvc                 - snll-mr2:xe-2/0/0 40                                        
2019-02-06 13:26:42,799 DEBUG n.e.o.t.s.UpdateSvc                 - snll-mr2:xe-1/3/0 40                                        
2019-02-06 13:26:42,799 DEBUG n.e.o.t.s.UpdateSvc                 - snll-mr2:xe-2/3/0 40                                        
2019-02-06 13:26:42,799 DEBUG n.e.o.t.s.UpdateSvc                 - snll-mr2:xe-1/2/0 40                                        
2019-02-06 13:26:42,803 INFO  n.e.o.t.s.UpdateSvc                 - inserting p: netl-pgh-rt1:xe-2/0/0 to netl-pgh-rt1          
2019-02-06 13:26:42,803 DEBUG n.e.o.t.s.UpdateSvc                 - netl-pgh-rt1:xe-2/0/0 51                                    
2019-02-06 13:26:42,806 INFO  n.e.o.t.s.UpdateSvc                 - inserting p: llnl-mr2:xe-0/0/0 to llnl-mr2                  
2019-02-06 13:26:42,807 DEBUG n.e.o.t.s.UpdateSvc                 - llnl-mr2:xe-3/2/0 52                                        
2019-02-06 13:26:42,807 DEBUG n.e.o.t.s.UpdateSvc                 - llnl-mr2:ge-3/0/0 52                                        
2019-02-06 13:26:42,808 DEBUG n.e.o.t.s.UpdateSvc                 - llnl-mr2:xe-2/2/0 52                                        
2019-02-06 13:26:42,808 DEBUG n.e.o.t.s.UpdateSvc                 - llnl-mr2:xe-2/0/0 52                                        
2019-02-06 13:26:42,808 DEBUG n.e.o.t.s.UpdateSvc                 - llnl-mr2:xe-1/3/0 52                                        
2019-02-06 13:26:42,808 DEBUG n.e.o.t.s.UpdateSvc                 - llnl-mr2:xe-1/0/0 52                                        
2019-02-06 13:26:42,808 DEBUG n.e.o.t.s.UpdateSvc                 - llnl-mr2:xe-2/1/0 52                                        
2019-02-06 13:26:42,808 DEBUG n.e.o.t.s.UpdateSvc                 - llnl-mr2:xe-0/2/0 52                                        
2019-02-06 13:26:42,808 DEBUG n.e.o.t.s.UpdateSvc                 - llnl-mr2:ge-3/0/1 52                                        
2019-02-06 13:26:42,808 DEBUG n.e.o.t.s.UpdateSvc                 - llnl-mr2:xe-0/1/0 52                                        
2019-02-06 13:26:42,808 DEBUG n.e.o.t.s.UpdateSvc                 - llnl-mr2:xe-0/0/0 52                                        
2019-02-06 13:26:42,811 INFO  n.e.o.t.s.UpdateSvc                 - inserting p: netl-pgh-rt1:xe-2/0/2 to netl-pgh-rt1          
2019-02-06 13:26:42,812 DEBUG n.e.o.t.s.UpdateSvc                 - netl-pgh-rt1:xe-2/0/0 51                                    
2019-02-06 13:26:42,812 DEBUG n.e.o.t.s.UpdateSvc                 - netl-pgh-rt1:xe-2/0/2 51                                    
2019-02-06 13:26:42,815 INFO  n.e.o.t.s.UpdateSvc                 - inserting p: netl-pgh-rt1:xe-2/0/1 to netl-pgh-rt1          
2019-02-06 13:26:42,816 DEBUG n.e.o.t.s.UpdateSvc                 - netl-pgh-rt1:xe-2/0/0 51                                    
2019-02-06 13:26:42,816 DEBUG n.e.o.t.s.UpdateSvc                 - netl-pgh-rt1:xe-2/0/2 51                                    
2019-02-06 13:26:42,816 DEBUG n.e.o.t.s.UpdateSvc                 - netl-pgh-rt1:xe-2/0/1 51                                    
2019-02-06 13:26:42,820 INFO  n.e.o.t.s.UpdateSvc                 - inserting p: netl-pgh-rt1:xe-2/0/3 to netl-pgh-rt1          
2019-02-06 13:26:42,822 DEBUG n.e.o.t.s.UpdateSvc                 - netl-pgh-rt1:xe-2/0/0 51                                    
2019-02-06 13:26:42,822 DEBUG n.e.o.t.s.UpdateSvc                 - netl-pgh-rt1:xe-2/0/2 51                                    
2019-02-06 13:26:42,822 DEBUG n.e.o.t.s.UpdateSvc                 - netl-pgh-rt1:xe-2/0/3 51                                    
2019-02-06 13:26:42,822 DEBUG n.e.o.t.s.UpdateSvc                 - netl-pgh-rt1:xe-2/0/1 51                                    
2019-02-06 13:26:42,825 INFO  n.e.o.t.s.UpdateSvc                 - inserting p: aofa-cr5:1/1/1 to aofa-cr5                     
2019-02-06 13:26:42,825 DEBUG n.e.o.t.s.UpdateSvc                 - aofa-cr5:4/1/1 69                                           
2019-02-06 13:26:42,825 DEBUG n.e.o.t.s.UpdateSvc                 - aofa-cr5:2/1/1 69                                           
2019-02-06 13:26:42,826 DEBUG n.e.o.t.s.UpdateSvc                 - aofa-cr5:10/1/2 69                                          
2019-02-06 13:26:42,826 DEBUG n.e.o.t.s.UpdateSvc                 - aofa-cr5:4/2/1 69                                           
2019-02-06 13:26:42,826 DEBUG n.e.o.t.s.UpdateSvc                 - aofa-cr5:9/1/1 69                                           
2019-02-06 13:26:42,826 DEBUG n.e.o.t.s.UpdateSvc                 - aofa-cr5:1/1/1 69                                           
2019-02-06 13:26:42,826 DEBUG n.e.o.t.s.UpdateSvc                 - aofa-cr5:10/1/1 69                                          
2019-02-06 13:26:42,826 DEBUG n.e.o.t.s.UpdateSvc                 - aofa-cr5:10/1/9 69                                          
2019-02-06 13:26:42,826 DEBUG n.e.o.t.s.UpdateSvc                 - aofa-cr5:5/1/1 69                                           
2019-02-06 13:26:42,826 DEBUG n.e.o.t.s.UpdateSvc                 - aofa-cr5:9/1/5 69                                           
2019-02-06 13:26:42,826 DEBUG n.e.o.t.s.UpdateSvc                 - aofa-cr5:6/2/1 69                                           
2019-02-06 13:26:42,826 DEBUG n.e.o.t.s.UpdateSvc                 - aofa-cr5:3/1/1 69                                           
2019-02-06 13:26:42,826 DEBUG n.e.o.t.s.UpdateSvc                 - aofa-cr5:10/1/8 69                                          
2019-02-06 13:26:42,829 INFO  n.e.o.t.s.UpdateSvc                 - inserting p: snla-rt3:xe-1/2/0 to snla-rt3                  
2019-02-06 13:26:42,829 DEBUG n.e.o.t.s.UpdateSvc                 - snla-rt3:ge-1/0/2 48                                        
2019-02-06 13:26:42,830 DEBUG n.e.o.t.s.UpdateSvc                 - snla-rt3:xe-1/2/0 48                                        
2019-02-06 13:26:42,832 INFO  n.e.o.t.s.UpdateSvc                 - inserting p: kans-cr5:3/1/1 to kans-cr5                     
2019-02-06 13:26:42,833 DEBUG n.e.o.t.s.UpdateSvc                 - kans-cr5:2/1/1 38                                           
2019-02-06 13:26:42,833 DEBUG n.e.o.t.s.UpdateSvc                 - kans-cr5:3/1/1 38                                           
2019-02-06 13:26:42,833 DEBUG n.e.o.t.s.UpdateSvc                 - kans-cr5:10/1/4 38                                          
2019-02-06 13:26:42,833 DEBUG n.e.o.t.s.UpdateSvc                 - kans-cr5:10/1/3 38                                          
2019-02-06 13:26:42,833 DEBUG n.e.o.t.s.UpdateSvc                 - kans-cr5:1/1/1 38                                           
2019-02-06 13:26:42,837 INFO  n.e.o.t.s.UpdateSvc                 - inserting p: llnl-mr2:ae0 to llnl-mr2                       
2019-02-06 13:26:42,838 DEBUG n.e.o.t.s.UpdateSvc                 - llnl-mr2:xe-3/2/0 52                                        
2019-02-06 13:26:42,839 DEBUG n.e.o.t.s.UpdateSvc                 - llnl-mr2:ge-3/0/0 52                                        
2019-02-06 13:26:42,839 DEBUG n.e.o.t.s.UpdateSvc                 - llnl-mr2:xe-2/2/0 52                                        
2019-02-06 13:26:42,839 DEBUG n.e.o.t.s.UpdateSvc                 - llnl-mr2:xe-2/0/0 52                                        
2019-02-06 13:26:42,839 DEBUG n.e.o.t.s.UpdateSvc                 - llnl-mr2:xe-1/3/0 52                                        
2019-02-06 13:26:42,839 DEBUG n.e.o.t.s.UpdateSvc                 - llnl-mr2:xe-1/0/0 52                                        
2019-02-06 13:26:42,839 DEBUG n.e.o.t.s.UpdateSvc                 - llnl-mr2:xe-2/1/0 52                                        
2019-02-06 13:26:42,839 DEBUG n.e.o.t.s.UpdateSvc                 - llnl-mr2:ae0 52                                             
2019-02-06 13:26:42,839 DEBUG n.e.o.t.s.UpdateSvc                 - llnl-mr2:xe-0/2/0 52                                        
2019-02-06 13:26:42,839 DEBUG n.e.o.t.s.UpdateSvc                 - llnl-mr2:ge-3/0/1 52                                        
2019-02-06 13:26:42,839 DEBUG n.e.o.t.s.UpdateSvc                 - llnl-mr2:xe-0/1/0 52                                        
2019-02-06 13:26:42,839 DEBUG n.e.o.t.s.UpdateSvc                 - llnl-mr2:xe-0/0/0 52                                        
2019-02-06 13:26:42,841 INFO  n.e.o.t.s.UpdateSvc                 - inserting p: denv-cr5:9/1/3 to denv-cr5                     
2019-02-06 13:26:42,843 DEBUG n.e.o.t.s.UpdateSvc                 - denv-cr5:4/2/1 75                                           
2019-02-06 13:26:42,843 DEBUG n.e.o.t.s.UpdateSvc                 - denv-cr5:10/1/11 75                                         
2019-02-06 13:26:42,843 DEBUG n.e.o.t.s.UpdateSvc                 - denv-cr5:10/1/6 75                                          
2019-02-06 13:26:42,843 DEBUG n.e.o.t.s.UpdateSvc                 - denv-cr5:10/1/12 75                                         
2019-02-06 13:26:42,843 DEBUG n.e.o.t.s.UpdateSvc                 - denv-cr5:4/1/1 75                                           
2019-02-06 13:26:42,843 DEBUG n.e.o.t.s.UpdateSvc                 - denv-cr5:10/1/5 75                                          
2019-02-06 13:26:42,843 DEBUG n.e.o.t.s.UpdateSvc                 - denv-cr5:1/1/1 75                                           
2019-02-06 13:26:42,843 DEBUG n.e.o.t.s.UpdateSvc                 - denv-cr5:10/1/4 75                                          
2019-02-06 13:26:42,843 DEBUG n.e.o.t.s.UpdateSvc                 - denv-cr5:10/1/10 75                                         
2019-02-06 13:26:42,843 DEBUG n.e.o.t.s.UpdateSvc                 - denv-cr5:10/1/3 75                                          
2019-02-06 13:26:42,843 DEBUG n.e.o.t.s.UpdateSvc                 - denv-cr5:10/1/7 75                                          
2019-02-06 13:26:42,843 DEBUG n.e.o.t.s.UpdateSvc                 - denv-cr5:9/1/3 75                                           
2019-02-06 13:26:42,846 INFO  n.e.o.t.s.UpdateSvc                 - inserting p: denv-cr5:9/1/1 to denv-cr5                     
2019-02-06 13:26:42,847 DEBUG n.e.o.t.s.UpdateSvc                 - denv-cr5:10/1/6 75                                          
2019-02-06 13:26:42,848 DEBUG n.e.o.t.s.UpdateSvc                 - denv-cr5:10/1/12 75                                         
2019-02-06 13:26:42,848 DEBUG n.e.o.t.s.UpdateSvc                 - denv-cr5:4/1/1 75                                           
2019-02-06 13:26:42,848 DEBUG n.e.o.t.s.UpdateSvc                 - denv-cr5:9/1/1 75                                           
2019-02-06 13:26:42,848 DEBUG n.e.o.t.s.UpdateSvc                 - denv-cr5:9/1/3 75                                           
2019-02-06 13:26:42,848 DEBUG n.e.o.t.s.UpdateSvc                 - denv-cr5:4/2/1 75                                           
2019-02-06 13:26:42,848 DEBUG n.e.o.t.s.UpdateSvc                 - denv-cr5:10/1/11 75                                         
2019-02-06 13:26:42,848 DEBUG n.e.o.t.s.UpdateSvc                 - denv-cr5:10/1/5 75                                          
2019-02-06 13:26:42,848 DEBUG n.e.o.t.s.UpdateSvc                 - denv-cr5:1/1/1 75                                           
2019-02-06 13:26:42,848 DEBUG n.e.o.t.s.UpdateSvc                 - denv-cr5:10/1/4 75                                          
2019-02-06 13:26:42,848 DEBUG n.e.o.t.s.UpdateSvc                 - denv-cr5:10/1/10 75                                         
2019-02-06 13:26:42,848 DEBUG n.e.o.t.s.UpdateSvc                 - denv-cr5:10/1/3 75                                          
2019-02-06 13:26:42,848 DEBUG n.e.o.t.s.UpdateSvc                 - denv-cr5:10/1/7 75                                          
2019-02-06 13:26:42,852 INFO  n.e.o.t.s.UpdateSvc                 - inserting p: osti-rt2:xe-1/2/0 to osti-rt2                  
2019-02-06 13:26:42,852 DEBUG n.e.o.t.s.UpdateSvc                 - osti-rt2:xe-1/2/0 70                                        
2019-02-06 13:26:42,852 DEBUG n.e.o.t.s.UpdateSvc                 - osti-rt2:ae0 70                                             
2019-02-06 13:26:42,855 INFO  n.e.o.t.s.UpdateSvc                 - inserting p: chic-cr5:2/1/1 to chic-cr5                     
2019-02-06 13:26:42,856 DEBUG n.e.o.t.s.UpdateSvc                 - chic-cr5:1/1/1 55                                           
2019-02-06 13:26:42,856 DEBUG n.e.o.t.s.UpdateSvc                 - chic-cr5:10/1/3 55                                          
2019-02-06 13:26:42,856 DEBUG n.e.o.t.s.UpdateSvc                 - chic-cr5:8/1/1 55                                           
2019-02-06 13:26:42,856 DEBUG n.e.o.t.s.UpdateSvc                 - chic-cr5:6/1/1 55                                           
2019-02-06 13:26:42,856 DEBUG n.e.o.t.s.UpdateSvc                 - chic-cr5:10/1/1 55                                          
2019-02-06 13:26:42,856 DEBUG n.e.o.t.s.UpdateSvc                 - chic-cr5:7/1/1 55                                           
2019-02-06 13:26:42,856 DEBUG n.e.o.t.s.UpdateSvc                 - chic-cr5:10/1/4 55                                          
2019-02-06 13:26:42,856 DEBUG n.e.o.t.s.UpdateSvc                 - chic-cr5:6/2/1 55                                           
2019-02-06 13:26:42,856 DEBUG n.e.o.t.s.UpdateSvc                 - chic-cr5:2/1/1 55                                           
2019-02-06 13:26:42,856 DEBUG n.e.o.t.s.UpdateSvc                 - chic-cr5:10/1/7 55                                          
2019-02-06 13:26:42,856 DEBUG n.e.o.t.s.UpdateSvc                 - chic-cr5:3/1/1 55                                           
2019-02-06 13:26:42,856 DEBUG n.e.o.t.s.UpdateSvc                 - chic-cr5:7/2/1 55                                           
2019-02-06 13:26:42,856 DEBUG n.e.o.t.s.UpdateSvc                 - chic-cr5:BLANK 55                                           
2019-02-06 13:26:42,856 DEBUG n.e.o.t.s.UpdateSvc                 - chic-cr5:10/1/5 55                                          
2019-02-06 13:26:42,858 INFO  n.e.o.t.s.UpdateSvc                 - inserting p: lbl-mr2:xe-2/3/0 to lbl-mr2                    
2019-02-06 13:26:42,859 DEBUG n.e.o.t.s.UpdateSvc                 - lbl-mr2:xe-2/3/0 74                                         
2019-02-06 13:26:42,859 DEBUG n.e.o.t.s.UpdateSvc                 - lbl-mr2:xe-8/1/0 74                                         
2019-02-06 13:26:42,859 DEBUG n.e.o.t.s.UpdateSvc                 - lbl-mr2:xe-1/1/0 74                                         
2019-02-06 13:26:42,859 DEBUG n.e.o.t.s.UpdateSvc                 - lbl-mr2:xe-7/0/0 74                                         
2019-02-06 13:26:42,859 DEBUG n.e.o.t.s.UpdateSvc                 - lbl-mr2:xe-0/2/0 74                                         
2019-02-06 13:26:42,859 DEBUG n.e.o.t.s.UpdateSvc                 - lbl-mr2:xe-8/3/0 74                                         
2019-02-06 13:26:42,859 DEBUG n.e.o.t.s.UpdateSvc                 - lbl-mr2:ae0 74                                              
2019-02-06 13:26:42,859 DEBUG n.e.o.t.s.UpdateSvc                 - lbl-mr2:xe-0/1/0 74                                         
2019-02-06 13:26:42,859 DEBUG n.e.o.t.s.UpdateSvc                 - lbl-mr2:xe-7/2/0 74                                         
2019-02-06 13:26:42,861 INFO  n.e.o.t.s.UpdateSvc                 - inserting p: amst-cr5:2/1/1 to amst-cr5                     
2019-02-06 13:26:42,861 DEBUG n.e.o.t.s.UpdateSvc                 - amst-cr5:3/1/1 72                                           
2019-02-06 13:26:42,861 DEBUG n.e.o.t.s.UpdateSvc                 - amst-cr5:2/1/1 72                                           
2019-02-06 13:26:42,861 DEBUG n.e.o.t.s.UpdateSvc                 - amst-cr5:5/1/1 72                                           
2019-02-06 13:26:42,861 DEBUG n.e.o.t.s.UpdateSvc                 - amst-cr5:10/1/1 72                                          
2019-02-06 13:26:42,861 DEBUG n.e.o.t.s.UpdateSvc                 - amst-cr5:10/1/2 72                                          
2019-02-06 13:26:42,861 DEBUG n.e.o.t.s.UpdateSvc                 - amst-cr5:10/2/5 72                                          
2019-02-06 13:26:42,864 INFO  n.e.o.t.s.UpdateSvc                 - inserting p: sunn-cr5:2/1/1 to sunn-cr5                     
2019-02-06 13:26:42,864 DEBUG n.e.o.t.s.UpdateSvc                 - sunn-cr5:10/1/6 50                                          
2019-02-06 13:26:42,864 DEBUG n.e.o.t.s.UpdateSvc                 - sunn-cr5:10/1/5 50                                          
2019-02-06 13:26:42,864 DEBUG n.e.o.t.s.UpdateSvc                 - sunn-cr5:10/2/3 50                                          
2019-02-06 13:26:42,865 DEBUG n.e.o.t.s.UpdateSvc                 - sunn-cr5:10/2/6 50                                          
2019-02-06 13:26:42,865 DEBUG n.e.o.t.s.UpdateSvc                 - sunn-cr5:10/2/4 50                                          
2019-02-06 13:26:42,865 DEBUG n.e.o.t.s.UpdateSvc                 - sunn-cr5:10/1/2 50                                          
2019-02-06 13:26:42,865 DEBUG n.e.o.t.s.UpdateSvc                 - sunn-cr5:10/2/2 50                                          
2019-02-06 13:26:42,865 DEBUG n.e.o.t.s.UpdateSvc                 - sunn-cr5:7/2/1 50                                           
2019-02-06 13:26:42,865 DEBUG n.e.o.t.s.UpdateSvc                 - sunn-cr5:10/1/3 50                                          
2019-02-06 13:26:42,865 DEBUG n.e.o.t.s.UpdateSvc                 - sunn-cr5:2/1/1 50                                           
2019-02-06 13:26:42,865 DEBUG n.e.o.t.s.UpdateSvc                 - sunn-cr5:5/1/1 50                                           
2019-02-06 13:26:42,865 DEBUG n.e.o.t.s.UpdateSvc                 - sunn-cr5:10/1/1 50                                          
2019-02-06 13:26:42,865 DEBUG n.e.o.t.s.UpdateSvc                 - sunn-cr5:7/1/1 50                                           
2019-02-06 13:26:42,865 DEBUG n.e.o.t.s.UpdateSvc                 - sunn-cr5:10/1/4 50                                          
2019-02-06 13:26:42,865 DEBUG n.e.o.t.s.UpdateSvc                 - sunn-cr5:2/2/1 50                                           
2019-02-06 13:26:42,865 DEBUG n.e.o.t.s.UpdateSvc                 - sunn-cr5:5/2/1 50                                           
2019-02-06 13:26:42,865 DEBUG n.e.o.t.s.UpdateSvc                 - sunn-cr5:4/1/1 50                                           
2019-02-06 13:26:42,865 DEBUG n.e.o.t.s.UpdateSvc                 - sunn-cr5:8/1/1 50                                           
2019-02-06 13:26:42,865 DEBUG n.e.o.t.s.UpdateSvc                 - sunn-cr5:10/2/1 50                                          
2019-02-06 13:26:42,865 DEBUG n.e.o.t.s.UpdateSvc                 - sunn-cr5:10/2/5 50                                          
2019-02-06 13:26:42,867 INFO  n.e.o.t.s.UpdateSvc                 - inserting p: nash-cr5:3/1/1 to nash-cr5                     
2019-02-06 13:26:42,868 DEBUG n.e.o.t.s.UpdateSvc                 - nash-cr5:10/1/5 45                                          
2019-02-06 13:26:42,869 DEBUG n.e.o.t.s.UpdateSvc                 - nash-cr5:1/2/1 45                                           
2019-02-06 13:26:42,869 DEBUG n.e.o.t.s.UpdateSvc                 - nash-cr5:2/1/1 45                                           
2019-02-06 13:26:42,869 DEBUG n.e.o.t.s.UpdateSvc                 - nash-cr5:3/1/1 45                                           
2019-02-06 13:26:42,869 DEBUG n.e.o.t.s.UpdateSvc                 - nash-cr5:10/1/6 45                                          
2019-02-06 13:26:42,869 DEBUG n.e.o.t.s.UpdateSvc                 - nash-cr5:10/1/3 45                                          
2019-02-06 13:26:42,869 DEBUG n.e.o.t.s.UpdateSvc                 - nash-cr5:1/1/1 45                                           
2019-02-06 13:26:42,869 DEBUG n.e.o.t.s.UpdateSvc                 - nash-cr5:10/1/4 45                                          
2019-02-06 13:26:42,872 INFO  n.e.o.t.s.UpdateSvc                 - inserting p: pppl-rt5:xe-1/3/0 to pppl-rt5                  
2019-02-06 13:26:42,873 DEBUG n.e.o.t.s.UpdateSvc                 - pppl-rt5:xe-1/3/0 30                                        
2019-02-06 13:26:42,876 INFO  n.e.o.t.s.UpdateSvc                 - inserting p: snll-mr2:xe-0/2/0 to snll-mr2                  
2019-02-06 13:26:42,877 DEBUG n.e.o.t.s.UpdateSvc                 - snll-mr2:xe-2/2/0 40                                        
2019-02-06 13:26:42,877 DEBUG n.e.o.t.s.UpdateSvc                 - snll-mr2:xe-2/0/0 40                                        
2019-02-06 13:26:42,877 DEBUG n.e.o.t.s.UpdateSvc                 - snll-mr2:xe-0/2/0 40                                        
2019-02-06 13:26:42,877 DEBUG n.e.o.t.s.UpdateSvc                 - snll-mr2:xe-1/3/0 40                                        
2019-02-06 13:26:42,878 DEBUG n.e.o.t.s.UpdateSvc                 - snll-mr2:xe-2/3/0 40                                        
2019-02-06 13:26:42,878 DEBUG n.e.o.t.s.UpdateSvc                 - snll-mr2:xe-1/2/0 40                                        
2019-02-06 13:26:42,880 INFO  n.e.o.t.s.UpdateSvc                 - inserting p: lbl-mr2:ge-9/0/4 to lbl-mr2                    
2019-02-06 13:26:42,882 DEBUG n.e.o.t.s.UpdateSvc                 - lbl-mr2:xe-2/3/0 74                                         
2019-02-06 13:26:42,882 DEBUG n.e.o.t.s.UpdateSvc                 - lbl-mr2:xe-8/1/0 74                                         
2019-02-06 13:26:42,882 DEBUG n.e.o.t.s.UpdateSvc                 - lbl-mr2:xe-1/1/0 74                                         
2019-02-06 13:26:42,882 DEBUG n.e.o.t.s.UpdateSvc                 - lbl-mr2:xe-7/0/0 74                                         
2019-02-06 13:26:42,882 DEBUG n.e.o.t.s.UpdateSvc                 - lbl-mr2:ge-9/0/4 74                                         
2019-02-06 13:26:42,882 DEBUG n.e.o.t.s.UpdateSvc                 - lbl-mr2:xe-0/2/0 74                                         
2019-02-06 13:26:42,882 DEBUG n.e.o.t.s.UpdateSvc                 - lbl-mr2:xe-8/3/0 74                                         
2019-02-06 13:26:42,882 DEBUG n.e.o.t.s.UpdateSvc                 - lbl-mr2:ae0 74                                              
2019-02-06 13:26:42,882 DEBUG n.e.o.t.s.UpdateSvc                 - lbl-mr2:xe-0/1/0 74                                         
2019-02-06 13:26:42,882 DEBUG n.e.o.t.s.UpdateSvc                 - lbl-mr2:xe-7/2/0 74                                         
2019-02-06 13:26:42,884 INFO  n.e.o.t.s.UpdateSvc                 - inserting p: anl-mr2:xe-1/3/0 to anl-mr2                    
2019-02-06 13:26:42,886 DEBUG n.e.o.t.s.UpdateSvc                 - anl-mr2:ae0 53                                              
2019-02-06 13:26:42,886 DEBUG n.e.o.t.s.UpdateSvc                 - anl-mr2:xe-0/0/0 53                                         
2019-02-06 13:26:42,886 DEBUG n.e.o.t.s.UpdateSvc                 - anl-mr2:xe-2/3/0 53                                         
2019-02-06 13:26:42,886 DEBUG n.e.o.t.s.UpdateSvc                 - anl-mr2:xe-0/1/0 53                                         
2019-02-06 13:26:42,886 DEBUG n.e.o.t.s.UpdateSvc                 - anl-mr2:xe-1/3/0 53                                         
2019-02-06 13:26:42,888 INFO  n.e.o.t.s.UpdateSvc                 - inserting p: denv-cr5:3/1/1 to denv-cr5                     
2019-02-06 13:26:42,899 DEBUG n.e.o.t.s.UpdateSvc                 - denv-cr5:10/1/6 75                                          
2019-02-06 13:26:42,900 DEBUG n.e.o.t.s.UpdateSvc                 - denv-cr5:10/1/12 75                                         
2019-02-06 13:26:42,900 DEBUG n.e.o.t.s.UpdateSvc                 - denv-cr5:4/1/1 75                                           
2019-02-06 13:26:42,900 DEBUG n.e.o.t.s.UpdateSvc                 - denv-cr5:3/1/1 75                                           
2019-02-06 13:26:42,900 DEBUG n.e.o.t.s.UpdateSvc                 - denv-cr5:9/1/1 75                                           
2019-02-06 13:26:42,900 DEBUG n.e.o.t.s.UpdateSvc                 - denv-cr5:9/1/3 75                                           
2019-02-06 13:26:42,900 DEBUG n.e.o.t.s.UpdateSvc                 - denv-cr5:4/2/1 75                                           
2019-02-06 13:26:42,900 DEBUG n.e.o.t.s.UpdateSvc                 - denv-cr5:10/1/11 75                                         
2019-02-06 13:26:42,900 DEBUG n.e.o.t.s.UpdateSvc                 - denv-cr5:10/1/5 75                                          
2019-02-06 13:26:42,900 DEBUG n.e.o.t.s.UpdateSvc                 - denv-cr5:1/1/1 75                                           
2019-02-06 13:26:42,900 DEBUG n.e.o.t.s.UpdateSvc                 - denv-cr5:10/1/4 75                                          
2019-02-06 13:26:42,900 DEBUG n.e.o.t.s.UpdateSvc                 - denv-cr5:10/1/10 75                                         
2019-02-06 13:26:42,900 DEBUG n.e.o.t.s.UpdateSvc                 - denv-cr5:10/1/3 75                                          
2019-02-06 13:26:42,900 DEBUG n.e.o.t.s.UpdateSvc                 - denv-cr5:10/1/7 75                                          
2019-02-06 13:26:42,904 INFO  n.e.o.t.s.UpdateSvc                 - inserting p: star-cr5:1/2/1 to star-cr5                     
2019-02-06 13:26:42,905 DEBUG n.e.o.t.s.UpdateSvc                 - star-cr5:10/1/8 76                                          
2019-02-06 13:26:42,905 DEBUG n.e.o.t.s.UpdateSvc                 - star-cr5:3/1/1 76                                           
2019-02-06 13:26:42,905 DEBUG n.e.o.t.s.UpdateSvc                 - star-cr5:4/2/1 76                                           
2019-02-06 13:26:42,905 DEBUG n.e.o.t.s.UpdateSvc                 - star-cr5:10/1/7 76                                          
2019-02-06 13:26:42,905 DEBUG n.e.o.t.s.UpdateSvc                 - star-cr5:4/1/1 76                                           
2019-02-06 13:26:42,905 DEBUG n.e.o.t.s.UpdateSvc                 - star-cr5:6/1/1 76                                           
2019-02-06 13:26:42,905 DEBUG n.e.o.t.s.UpdateSvc                 - star-cr5:1/2/1 76                                           
2019-02-06 13:26:42,905 DEBUG n.e.o.t.s.UpdateSvc                 - star-cr5:5/1/1 76                                           
2019-02-06 13:26:42,905 DEBUG n.e.o.t.s.UpdateSvc                 - star-cr5:6/2/1 76                                           
2019-02-06 13:26:42,905 DEBUG n.e.o.t.s.UpdateSvc                 - star-cr5:BLANK 76                                           
2019-02-06 13:26:42,905 DEBUG n.e.o.t.s.UpdateSvc                 - star-cr5:3/2/1 76                                           
2019-02-06 13:26:42,905 DEBUG n.e.o.t.s.UpdateSvc                 - star-cr5:10/1/1 76                                          
2019-02-06 13:26:42,908 INFO  n.e.o.t.s.UpdateSvc                 - inserting p: chic-cr5:4/1/1 to chic-cr5                     
2019-02-06 13:26:42,909 DEBUG n.e.o.t.s.UpdateSvc                 - chic-cr5:1/1/1 55                                           
2019-02-06 13:26:42,909 DEBUG n.e.o.t.s.UpdateSvc                 - chic-cr5:10/1/3 55                                          
2019-02-06 13:26:42,909 DEBUG n.e.o.t.s.UpdateSvc                 - chic-cr5:8/1/1 55                                           
2019-02-06 13:26:42,909 DEBUG n.e.o.t.s.UpdateSvc                 - chic-cr5:6/1/1 55                                           
2019-02-06 13:26:42,909 DEBUG n.e.o.t.s.UpdateSvc                 - chic-cr5:10/1/1 55                                          
2019-02-06 13:26:42,909 DEBUG n.e.o.t.s.UpdateSvc                 - chic-cr5:7/1/1 55                                           
2019-02-06 13:26:42,909 DEBUG n.e.o.t.s.UpdateSvc                 - chic-cr5:10/1/4 55                                          
2019-02-06 13:26:42,909 DEBUG n.e.o.t.s.UpdateSvc                 - chic-cr5:4/1/1 55                                           
2019-02-06 13:26:42,909 DEBUG n.e.o.t.s.UpdateSvc                 - chic-cr5:6/2/1 55                                           
2019-02-06 13:26:42,909 DEBUG n.e.o.t.s.UpdateSvc                 - chic-cr5:2/1/1 55                                           
2019-02-06 13:26:42,909 DEBUG n.e.o.t.s.UpdateSvc                 - chic-cr5:10/1/7 55                                          
2019-02-06 13:26:42,909 DEBUG n.e.o.t.s.UpdateSvc                 - chic-cr5:3/1/1 55                                           
2019-02-06 13:26:42,909 DEBUG n.e.o.t.s.UpdateSvc                 - chic-cr5:7/2/1 55                                           
2019-02-06 13:26:42,909 DEBUG n.e.o.t.s.UpdateSvc                 - chic-cr5:BLANK 55                                           
2019-02-06 13:26:42,909 DEBUG n.e.o.t.s.UpdateSvc                 - chic-cr5:10/1/5 55                                          
2019-02-06 13:26:42,912 INFO  n.e.o.t.s.UpdateSvc                 - inserting p: srs-rt3:ge-1/0/0 to srs-rt3                    
2019-02-06 13:26:42,913 DEBUG n.e.o.t.s.UpdateSvc                 - srs-rt3:ge-0/0/0 31                                         
2019-02-06 13:26:42,913 DEBUG n.e.o.t.s.UpdateSvc                 - srs-rt3:ge-1/0/0 31                                         
2019-02-06 13:26:42,913 DEBUG n.e.o.t.s.UpdateSvc                 - srs-rt3:ge-0/1/0 31                                         
2019-02-06 13:26:42,917 INFO  n.e.o.t.s.UpdateSvc                 - inserting p: sunn-cr5:9/1/2 to sunn-cr5                     
2019-02-06 13:26:42,918 DEBUG n.e.o.t.s.UpdateSvc                 - sunn-cr5:10/1/6 50                                          
2019-02-06 13:26:42,918 DEBUG n.e.o.t.s.UpdateSvc                 - sunn-cr5:10/1/5 50                                          
2019-02-06 13:26:42,918 DEBUG n.e.o.t.s.UpdateSvc                 - sunn-cr5:10/2/3 50                                          
2019-02-06 13:26:42,918 DEBUG n.e.o.t.s.UpdateSvc                 - sunn-cr5:10/2/6 50                                          
2019-02-06 13:26:42,918 DEBUG n.e.o.t.s.UpdateSvc                 - sunn-cr5:10/2/4 50                                          
2019-02-06 13:26:42,918 DEBUG n.e.o.t.s.UpdateSvc                 - sunn-cr5:10/1/2 50                                          
2019-02-06 13:26:42,918 DEBUG n.e.o.t.s.UpdateSvc                 - sunn-cr5:9/1/2 50                                           
2019-02-06 13:26:42,919 DEBUG n.e.o.t.s.UpdateSvc                 - sunn-cr5:10/2/2 50                                          
2019-02-06 13:26:42,919 DEBUG n.e.o.t.s.UpdateSvc                 - sunn-cr5:7/2/1 50                                           
2019-02-06 13:26:42,919 DEBUG n.e.o.t.s.UpdateSvc                 - sunn-cr5:10/1/3 50                                          
2019-02-06 13:26:42,919 DEBUG n.e.o.t.s.UpdateSvc                 - sunn-cr5:2/1/1 50                                           
2019-02-06 13:26:42,919 DEBUG n.e.o.t.s.UpdateSvc                 - sunn-cr5:5/1/1 50                                           
2019-02-06 13:26:42,919 DEBUG n.e.o.t.s.UpdateSvc                 - sunn-cr5:10/1/1 50                                          
2019-02-06 13:26:42,919 DEBUG n.e.o.t.s.UpdateSvc                 - sunn-cr5:7/1/1 50                                           
2019-02-06 13:26:42,919 DEBUG n.e.o.t.s.UpdateSvc                 - sunn-cr5:10/1/4 50                                          
2019-02-06 13:26:42,919 DEBUG n.e.o.t.s.UpdateSvc                 - sunn-cr5:2/2/1 50                                           
2019-02-06 13:26:42,919 DEBUG n.e.o.t.s.UpdateSvc                 - sunn-cr5:5/2/1 50                                           
2019-02-06 13:26:42,919 DEBUG n.e.o.t.s.UpdateSvc                 - sunn-cr5:4/1/1 50                                           
2019-02-06 13:26:42,919 DEBUG n.e.o.t.s.UpdateSvc                 - sunn-cr5:8/1/1 50                                           
2019-02-06 13:26:42,919 DEBUG n.e.o.t.s.UpdateSvc                 - sunn-cr5:10/2/1 50                                          
2019-02-06 13:26:42,919 DEBUG n.e.o.t.s.UpdateSvc                 - sunn-cr5:10/2/5 50                                          
2019-02-06 13:26:42,922 INFO  n.e.o.t.s.UpdateSvc                 - inserting p: sunn-cr5:9/1/1 to sunn-cr5                     
2019-02-06 13:26:42,923 DEBUG n.e.o.t.s.UpdateSvc                 - sunn-cr5:10/1/6 50                                          
2019-02-06 13:26:42,923 DEBUG n.e.o.t.s.UpdateSvc                 - sunn-cr5:10/1/5 50                                          
2019-02-06 13:26:42,923 DEBUG n.e.o.t.s.UpdateSvc                 - sunn-cr5:10/2/3 50                                          
2019-02-06 13:26:42,923 DEBUG n.e.o.t.s.UpdateSvc                 - sunn-cr5:10/2/6 50                                          
2019-02-06 13:26:42,923 DEBUG n.e.o.t.s.UpdateSvc                 - sunn-cr5:10/2/4 50                                          
2019-02-06 13:26:42,923 DEBUG n.e.o.t.s.UpdateSvc                 - sunn-cr5:10/1/2 50                                          
2019-02-06 13:26:42,923 DEBUG n.e.o.t.s.UpdateSvc                 - sunn-cr5:9/1/2 50                                           
2019-02-06 13:26:42,923 DEBUG n.e.o.t.s.UpdateSvc                 - sunn-cr5:10/2/2 50                                          
2019-02-06 13:26:42,923 DEBUG n.e.o.t.s.UpdateSvc                 - sunn-cr5:7/2/1 50                                           
2019-02-06 13:26:42,923 DEBUG n.e.o.t.s.UpdateSvc                 - sunn-cr5:10/1/3 50                                          
2019-02-06 13:26:42,923 DEBUG n.e.o.t.s.UpdateSvc                 - sunn-cr5:2/1/1 50                                           
2019-02-06 13:26:42,923 DEBUG n.e.o.t.s.UpdateSvc                 - sunn-cr5:5/1/1 50                                           
2019-02-06 13:26:42,923 DEBUG n.e.o.t.s.UpdateSvc                 - sunn-cr5:10/1/1 50                                          
2019-02-06 13:26:42,923 DEBUG n.e.o.t.s.UpdateSvc                 - sunn-cr5:7/1/1 50                                           
2019-02-06 13:26:42,923 DEBUG n.e.o.t.s.UpdateSvc                 - sunn-cr5:10/1/4 50                                          
2019-02-06 13:26:42,923 DEBUG n.e.o.t.s.UpdateSvc                 - sunn-cr5:2/2/1 50                                           
2019-02-06 13:26:42,923 DEBUG n.e.o.t.s.UpdateSvc                 - sunn-cr5:9/1/1 50                                           
2019-02-06 13:26:42,924 DEBUG n.e.o.t.s.UpdateSvc                 - sunn-cr5:5/2/1 50                                           
2019-02-06 13:26:42,924 DEBUG n.e.o.t.s.UpdateSvc                 - sunn-cr5:4/1/1 50                                           
2019-02-06 13:26:42,924 DEBUG n.e.o.t.s.UpdateSvc                 - sunn-cr5:8/1/1 50                                           
2019-02-06 13:26:42,924 DEBUG n.e.o.t.s.UpdateSvc                 - sunn-cr5:10/2/1 50                                          
2019-02-06 13:26:42,924 DEBUG n.e.o.t.s.UpdateSvc                 - sunn-cr5:10/2/5 50                                          
2019-02-06 13:26:42,926 INFO  n.e.o.t.s.UpdateSvc                 - inserting p: fnal-mr2:xe-8/1/0 to fnal-mr2                  
2019-02-06 13:26:42,927 DEBUG n.e.o.t.s.UpdateSvc                 - fnal-mr2:xe-0/0/0 65                                        
2019-02-06 13:26:42,927 DEBUG n.e.o.t.s.UpdateSvc                 - fnal-mr2:xe-8/1/0 65                                        
2019-02-06 13:26:42,927 DEBUG n.e.o.t.s.UpdateSvc                 - fnal-mr2:xe-1/3/0 65                                        
2019-02-06 13:26:42,930 INFO  n.e.o.t.s.UpdateSvc                 - inserting p: aofa-cr5:7/2/1 to aofa-cr5                     
2019-02-06 13:26:42,931 DEBUG n.e.o.t.s.UpdateSvc                 - aofa-cr5:4/1/1 69                                           
2019-02-06 13:26:42,931 DEBUG n.e.o.t.s.UpdateSvc                 - aofa-cr5:2/1/1 69                                           
2019-02-06 13:26:42,931 DEBUG n.e.o.t.s.UpdateSvc                 - aofa-cr5:10/1/2 69                                          
2019-02-06 13:26:42,931 DEBUG n.e.o.t.s.UpdateSvc                 - aofa-cr5:4/2/1 69                                           
2019-02-06 13:26:42,931 DEBUG n.e.o.t.s.UpdateSvc                 - aofa-cr5:9/1/1 69                                           
2019-02-06 13:26:42,931 DEBUG n.e.o.t.s.UpdateSvc                 - aofa-cr5:1/1/1 69                                           
2019-02-06 13:26:42,931 DEBUG n.e.o.t.s.UpdateSvc                 - aofa-cr5:7/2/1 69                                           
2019-02-06 13:26:42,931 DEBUG n.e.o.t.s.UpdateSvc                 - aofa-cr5:10/1/1 69                                          
2019-02-06 13:26:42,932 DEBUG n.e.o.t.s.UpdateSvc                 - aofa-cr5:10/1/9 69                                          
2019-02-06 13:26:42,932 DEBUG n.e.o.t.s.UpdateSvc                 - aofa-cr5:5/1/1 69                                           
2019-02-06 13:26:42,932 DEBUG n.e.o.t.s.UpdateSvc                 - aofa-cr5:9/1/5 69                                           
2019-02-06 13:26:42,932 DEBUG n.e.o.t.s.UpdateSvc                 - aofa-cr5:6/2/1 69                                           
2019-02-06 13:26:42,932 DEBUG n.e.o.t.s.UpdateSvc                 - aofa-cr5:3/1/1 69                                           
2019-02-06 13:26:42,932 DEBUG n.e.o.t.s.UpdateSvc                 - aofa-cr5:10/1/8 69                                          
2019-02-06 13:26:42,936 INFO  n.e.o.t.s.UpdateSvc                 - inserting p: ga-rt2:xe-0/0/0 to ga-rt2                      
2019-02-06 13:26:42,937 DEBUG n.e.o.t.s.UpdateSvc                 - ga-rt2:ge-1/0/3 37                                          
2019-02-06 13:26:42,937 DEBUG n.e.o.t.s.UpdateSvc                 - ga-rt2:ge-1/1/3 37                                          
2019-02-06 13:26:42,937 DEBUG n.e.o.t.s.UpdateSvc                 - ga-rt2:xe-0/0/0 37                                          
2019-02-06 13:26:42,937 DEBUG n.e.o.t.s.UpdateSvc                 - ga-rt2:ge-1/0/5 37                                          
2019-02-06 13:26:42,940 INFO  n.e.o.t.s.UpdateSvc                 - inserting p: fnal-mr2:xe-1/1/0 to fnal-mr2                  
2019-02-06 13:26:42,941 DEBUG n.e.o.t.s.UpdateSvc                 - fnal-mr2:xe-0/0/0 65                                        
2019-02-06 13:26:42,941 DEBUG n.e.o.t.s.UpdateSvc                 - fnal-mr2:xe-8/1/0 65                                        
2019-02-06 13:26:42,941 DEBUG n.e.o.t.s.UpdateSvc                 - fnal-mr2:xe-1/1/0 65                                        
2019-02-06 13:26:42,941 DEBUG n.e.o.t.s.UpdateSvc                 - fnal-mr2:xe-1/3/0 65                                        
2019-02-06 13:26:42,944 INFO  n.e.o.t.s.UpdateSvc                 - inserting p: elpa-cr5:3/1/1 to elpa-cr5                     
2019-02-06 13:26:42,944 DEBUG n.e.o.t.s.UpdateSvc                 - elpa-cr5:10/1/3 46                                          
2019-02-06 13:26:42,944 DEBUG n.e.o.t.s.UpdateSvc                 - elpa-cr5:3/1/1 46                                           
2019-02-06 13:26:42,944 DEBUG n.e.o.t.s.UpdateSvc                 - elpa-cr5:10/1/4 46                                          
2019-02-06 13:26:42,944 DEBUG n.e.o.t.s.UpdateSvc                 - elpa-cr5:10/1/5 46                                          
2019-02-06 13:26:42,944 DEBUG n.e.o.t.s.UpdateSvc                 - elpa-cr5:1/1/1 46                                           
2019-02-06 13:26:42,947 INFO  n.e.o.t.s.UpdateSvc                 - inserting p: netl-mgn-rt1:xe-2/0/0 to netl-mgn-rt1          
2019-02-06 13:26:42,948 DEBUG n.e.o.t.s.UpdateSvc                 - netl-mgn-rt1:xe-2/0/0 43                                    
2019-02-06 13:26:42,950 INFO  n.e.o.t.s.UpdateSvc                 - inserting p: netl-mgn-rt1:xe-2/0/1 to netl-mgn-rt1          
2019-02-06 13:26:42,951 DEBUG n.e.o.t.s.UpdateSvc                 - netl-mgn-rt1:xe-2/0/0 43                                    
2019-02-06 13:26:42,951 DEBUG n.e.o.t.s.UpdateSvc                 - netl-mgn-rt1:xe-2/0/1 43                                    
2019-02-06 13:26:42,958 INFO  n.e.o.t.s.UpdateSvc                 - inserting p: pppl-rt5:xe-1/2/0 to pppl-rt5                  
2019-02-06 13:26:42,960 DEBUG n.e.o.t.s.UpdateSvc                 - pppl-rt5:xe-1/2/0 30                                        
2019-02-06 13:26:42,960 DEBUG n.e.o.t.s.UpdateSvc                 - pppl-rt5:xe-1/3/0 30                                        
2019-02-06 13:26:42,964 INFO  n.e.o.t.s.UpdateSvc                 - inserting p: hous-cr5:2/1/1 to hous-cr5                     
2019-02-06 13:26:42,965 DEBUG n.e.o.t.s.UpdateSvc                 - hous-cr5:3/1/1 68                                           
2019-02-06 13:26:42,965 DEBUG n.e.o.t.s.UpdateSvc                 - hous-cr5:1/1/1 68                                           
2019-02-06 13:26:42,965 DEBUG n.e.o.t.s.UpdateSvc                 - hous-cr5:10/1/3 68                                          
2019-02-06 13:26:42,965 DEBUG n.e.o.t.s.UpdateSvc                 - hous-cr5:2/1/1 68                                           
2019-02-06 13:26:42,965 DEBUG n.e.o.t.s.UpdateSvc                 - hous-cr5:10/1/4 68                                          
2019-02-06 13:26:42,969 INFO  n.e.o.t.s.UpdateSvc                 - inserting p: netl-mgn-rt1:xe-2/0/2 to netl-mgn-rt1          
2019-02-06 13:26:42,971 DEBUG n.e.o.t.s.UpdateSvc                 - netl-mgn-rt1:xe-2/0/2 43                                    
2019-02-06 13:26:42,971 DEBUG n.e.o.t.s.UpdateSvc                 - netl-mgn-rt1:xe-2/0/0 43                                    
2019-02-06 13:26:42,971 DEBUG n.e.o.t.s.UpdateSvc                 - netl-mgn-rt1:xe-2/0/1 43                                    
2019-02-06 13:26:42,974 INFO  n.e.o.t.s.UpdateSvc                 - inserting p: netl-mgn-rt1:xe-2/0/3 to netl-mgn-rt1          
2019-02-06 13:26:42,975 DEBUG n.e.o.t.s.UpdateSvc                 - netl-mgn-rt1:xe-2/0/3 43                                    
2019-02-06 13:26:42,976 DEBUG n.e.o.t.s.UpdateSvc                 - netl-mgn-rt1:xe-2/0/2 43                                    
2019-02-06 13:26:42,976 DEBUG n.e.o.t.s.UpdateSvc                 - netl-mgn-rt1:xe-2/0/0 43                                    
2019-02-06 13:26:42,976 DEBUG n.e.o.t.s.UpdateSvc                 - netl-mgn-rt1:xe-2/0/1 43                                    
2019-02-06 13:26:42,979 INFO  n.e.o.t.s.UpdateSvc                 - inserting p: lbl-mr2:ge-9/1/2 to lbl-mr2                    
2019-02-06 13:26:42,980 DEBUG n.e.o.t.s.UpdateSvc                 - lbl-mr2:xe-2/3/0 74                                         
2019-02-06 13:26:42,980 DEBUG n.e.o.t.s.UpdateSvc                 - lbl-mr2:xe-8/1/0 74                                         
2019-02-06 13:26:42,980 DEBUG n.e.o.t.s.UpdateSvc                 - lbl-mr2:xe-1/1/0 74                                         
2019-02-06 13:26:42,980 DEBUG n.e.o.t.s.UpdateSvc                 - lbl-mr2:ge-9/1/2 74                                         
2019-02-06 13:26:42,980 DEBUG n.e.o.t.s.UpdateSvc                 - lbl-mr2:xe-7/0/0 74                                         
2019-02-06 13:26:42,980 DEBUG n.e.o.t.s.UpdateSvc                 - lbl-mr2:ge-9/0/4 74                                         
2019-02-06 13:26:42,980 DEBUG n.e.o.t.s.UpdateSvc                 - lbl-mr2:xe-0/2/0 74                                         
2019-02-06 13:26:42,980 DEBUG n.e.o.t.s.UpdateSvc                 - lbl-mr2:xe-8/3/0 74                                         
2019-02-06 13:26:42,980 DEBUG n.e.o.t.s.UpdateSvc                 - lbl-mr2:ae0 74                                              
2019-02-06 13:26:42,980 DEBUG n.e.o.t.s.UpdateSvc                 - lbl-mr2:xe-0/1/0 74                                         
2019-02-06 13:26:42,980 DEBUG n.e.o.t.s.UpdateSvc                 - lbl-mr2:xe-7/2/0 74                                         
2019-02-06 13:26:42,983 INFO  n.e.o.t.s.UpdateSvc                 - inserting p: kans-cr5:4/1/1 to kans-cr5                     
2019-02-06 13:26:42,984 DEBUG n.e.o.t.s.UpdateSvc                 - kans-cr5:2/1/1 38                                           
2019-02-06 13:26:42,984 DEBUG n.e.o.t.s.UpdateSvc                 - kans-cr5:3/1/1 38                                           
2019-02-06 13:26:42,984 DEBUG n.e.o.t.s.UpdateSvc                 - kans-cr5:4/1/1 38                                           
2019-02-06 13:26:42,984 DEBUG n.e.o.t.s.UpdateSvc                 - kans-cr5:10/1/4 38                                          
2019-02-06 13:26:42,984 DEBUG n.e.o.t.s.UpdateSvc                 - kans-cr5:10/1/3 38                                          
2019-02-06 13:26:42,984 DEBUG n.e.o.t.s.UpdateSvc                 - kans-cr5:1/1/1 38                                           
2019-02-06 13:26:42,987 INFO  n.e.o.t.s.UpdateSvc                 - inserting p: bois-cr1:xe-7/0/0 to bois-cr1                  
2019-02-06 13:26:42,988 DEBUG n.e.o.t.s.UpdateSvc                 - bois-cr1:xe-0/0/0 39                                        
2019-02-06 13:26:42,988 DEBUG n.e.o.t.s.UpdateSvc                 - bois-cr1:xe-0/2/0 39                                        
2019-02-06 13:26:42,988 DEBUG n.e.o.t.s.UpdateSvc                 - bois-cr1:xe-0/1/0 39                                        
2019-02-06 13:26:42,988 DEBUG n.e.o.t.s.UpdateSvc                 - bois-cr1:xe-7/3/0 39                                        
2019-02-06 13:26:42,988 DEBUG n.e.o.t.s.UpdateSvc                 - bois-cr1:xe-7/0/0 39                                        
2019-02-06 13:26:42,988 DEBUG n.e.o.t.s.UpdateSvc                 - bois-cr1:xe-7/1/0 39                                        
2019-02-06 13:26:42,988 DEBUG n.e.o.t.s.UpdateSvc                 - bois-cr1:xe-1/0/0 39                                        
2019-02-06 13:26:42,988 DEBUG n.e.o.t.s.UpdateSvc                 - bois-cr1:xe-1/2/0 39                                        
2019-02-06 13:26:42,990 INFO  n.e.o.t.s.UpdateSvc                 - inserting p: star-cr5:10/1/10 to star-cr5                   
2019-02-06 13:26:42,991 DEBUG n.e.o.t.s.UpdateSvc                 - star-cr5:10/1/8 76                                          
2019-02-06 13:26:42,991 DEBUG n.e.o.t.s.UpdateSvc                 - star-cr5:3/1/1 76                                           
2019-02-06 13:26:42,991 DEBUG n.e.o.t.s.UpdateSvc                 - star-cr5:4/2/1 76                                           
2019-02-06 13:26:42,991 DEBUG n.e.o.t.s.UpdateSvc                 - star-cr5:6/1/1 76                                           
2019-02-06 13:26:42,991 DEBUG n.e.o.t.s.UpdateSvc                 - star-cr5:5/1/1 76                                           
2019-02-06 13:26:42,991 DEBUG n.e.o.t.s.UpdateSvc                 - star-cr5:10/1/7 76                                          
2019-02-06 13:26:42,991 DEBUG n.e.o.t.s.UpdateSvc                 - star-cr5:10/1/10 76                                         
2019-02-06 13:26:42,991 DEBUG n.e.o.t.s.UpdateSvc                 - star-cr5:4/1/1 76                                           
2019-02-06 13:26:42,992 DEBUG n.e.o.t.s.UpdateSvc                 - star-cr5:1/2/1 76                                           
2019-02-06 13:26:42,992 DEBUG n.e.o.t.s.UpdateSvc                 - star-cr5:6/2/1 76                                           
2019-02-06 13:26:42,992 DEBUG n.e.o.t.s.UpdateSvc                 - star-cr5:BLANK 76                                           
2019-02-06 13:26:42,992 DEBUG n.e.o.t.s.UpdateSvc                 - star-cr5:3/2/1 76                                           
2019-02-06 13:26:42,992 DEBUG n.e.o.t.s.UpdateSvc                 - star-cr5:10/1/1 76                                          
2019-02-06 13:26:42,994 INFO  n.e.o.t.s.UpdateSvc                 - inserting p: lbl-mr2:ge-9/1/0 to lbl-mr2                    
2019-02-06 13:26:43,007 DEBUG n.e.o.t.s.UpdateSvc                 - lbl-mr2:xe-2/3/0 74                                         
2019-02-06 13:26:43,007 DEBUG n.e.o.t.s.UpdateSvc                 - lbl-mr2:xe-8/1/0 74                                         
2019-02-06 13:26:43,007 DEBUG n.e.o.t.s.UpdateSvc                 - lbl-mr2:xe-1/1/0 74                                         
2019-02-06 13:26:43,008 DEBUG n.e.o.t.s.UpdateSvc                 - lbl-mr2:ge-9/1/2 74                                         
2019-02-06 13:26:43,008 DEBUG n.e.o.t.s.UpdateSvc                 - lbl-mr2:xe-7/0/0 74                                         
2019-02-06 13:26:43,008 DEBUG n.e.o.t.s.UpdateSvc                 - lbl-mr2:ge-9/0/4 74                                         
2019-02-06 13:26:43,008 DEBUG n.e.o.t.s.UpdateSvc                 - lbl-mr2:xe-0/2/0 74                                         
2019-02-06 13:26:43,008 DEBUG n.e.o.t.s.UpdateSvc                 - lbl-mr2:xe-8/3/0 74                                         
2019-02-06 13:26:43,008 DEBUG n.e.o.t.s.UpdateSvc                 - lbl-mr2:ae0 74                                              
2019-02-06 13:26:43,008 DEBUG n.e.o.t.s.UpdateSvc                 - lbl-mr2:ge-9/1/0 74                                         
2019-02-06 13:26:43,008 DEBUG n.e.o.t.s.UpdateSvc                 - lbl-mr2:xe-0/1/0 74                                         
2019-02-06 13:26:43,008 DEBUG n.e.o.t.s.UpdateSvc                 - lbl-mr2:xe-7/2/0 74                                         
2019-02-06 13:26:43,011 INFO  n.e.o.t.s.UpdateSvc                 - inserting p: snll-mr2:xe-1/1/0 to snll-mr2                  
2019-02-06 13:26:43,012 DEBUG n.e.o.t.s.UpdateSvc                 - snll-mr2:xe-2/2/0 40                                        
2019-02-06 13:26:43,012 DEBUG n.e.o.t.s.UpdateSvc                 - snll-mr2:xe-1/1/0 40                                        
2019-02-06 13:26:43,012 DEBUG n.e.o.t.s.UpdateSvc                 - snll-mr2:xe-2/0/0 40                                        
2019-02-06 13:26:43,012 DEBUG n.e.o.t.s.UpdateSvc                 - snll-mr2:xe-0/2/0 40                                        
2019-02-06 13:26:43,012 DEBUG n.e.o.t.s.UpdateSvc                 - snll-mr2:xe-1/3/0 40                                        
2019-02-06 13:26:43,012 DEBUG n.e.o.t.s.UpdateSvc                 - snll-mr2:xe-2/3/0 40                                        
2019-02-06 13:26:43,012 DEBUG n.e.o.t.s.UpdateSvc                 - snll-mr2:xe-1/2/0 40                                        
2019-02-06 13:26:43,015 INFO  n.e.o.t.s.UpdateSvc                 - inserting p: sunn-cr5:9/1/5 to sunn-cr5                     
2019-02-06 13:26:43,016 DEBUG n.e.o.t.s.UpdateSvc                 - sunn-cr5:10/1/6 50                                          
2019-02-06 13:26:43,016 DEBUG n.e.o.t.s.UpdateSvc                 - sunn-cr5:10/1/5 50                                          
2019-02-06 13:26:43,016 DEBUG n.e.o.t.s.UpdateSvc                 - sunn-cr5:10/2/3 50                                          
2019-02-06 13:26:43,016 DEBUG n.e.o.t.s.UpdateSvc                 - sunn-cr5:10/2/6 50                                          
2019-02-06 13:26:43,016 DEBUG n.e.o.t.s.UpdateSvc                 - sunn-cr5:10/2/4 50                                          
2019-02-06 13:26:43,016 DEBUG n.e.o.t.s.UpdateSvc                 - sunn-cr5:10/1/2 50                                          
2019-02-06 13:26:43,016 DEBUG n.e.o.t.s.UpdateSvc                 - sunn-cr5:9/1/2 50                                           
2019-02-06 13:26:43,016 DEBUG n.e.o.t.s.UpdateSvc                 - sunn-cr5:10/2/2 50                                          
2019-02-06 13:26:43,016 DEBUG n.e.o.t.s.UpdateSvc                 - sunn-cr5:7/2/1 50                                           
2019-02-06 13:26:43,017 DEBUG n.e.o.t.s.UpdateSvc                 - sunn-cr5:10/1/3 50                                          
2019-02-06 13:26:43,017 DEBUG n.e.o.t.s.UpdateSvc                 - sunn-cr5:2/1/1 50                                           
2019-02-06 13:26:43,017 DEBUG n.e.o.t.s.UpdateSvc                 - sunn-cr5:9/1/5 50                                           
2019-02-06 13:26:43,017 DEBUG n.e.o.t.s.UpdateSvc                 - sunn-cr5:5/1/1 50                                           
2019-02-06 13:26:43,017 DEBUG n.e.o.t.s.UpdateSvc                 - sunn-cr5:10/1/1 50                                          
2019-02-06 13:26:43,017 DEBUG n.e.o.t.s.UpdateSvc                 - sunn-cr5:7/1/1 50                                           
2019-02-06 13:26:43,017 DEBUG n.e.o.t.s.UpdateSvc                 - sunn-cr5:10/1/4 50                                          
2019-02-06 13:26:43,017 DEBUG n.e.o.t.s.UpdateSvc                 - sunn-cr5:2/2/1 50                                           
2019-02-06 13:26:43,017 DEBUG n.e.o.t.s.UpdateSvc                 - sunn-cr5:9/1/1 50                                           
2019-02-06 13:26:43,017 DEBUG n.e.o.t.s.UpdateSvc                 - sunn-cr5:5/2/1 50                                           
2019-02-06 13:26:43,017 DEBUG n.e.o.t.s.UpdateSvc                 - sunn-cr5:4/1/1 50                                           
2019-02-06 13:26:43,017 DEBUG n.e.o.t.s.UpdateSvc                 - sunn-cr5:8/1/1 50                                           
2019-02-06 13:26:43,017 DEBUG n.e.o.t.s.UpdateSvc                 - sunn-cr5:10/2/1 50                                          
2019-02-06 13:26:43,017 DEBUG n.e.o.t.s.UpdateSvc                 - sunn-cr5:10/2/5 50                                          
2019-02-06 13:26:43,021 INFO  n.e.o.t.s.UpdateSvc                 - inserting p: lbl-mr2:ge-9/1/8 to lbl-mr2                    
2019-02-06 13:26:43,022 DEBUG n.e.o.t.s.UpdateSvc                 - lbl-mr2:xe-2/3/0 74                                         
2019-02-06 13:26:43,022 DEBUG n.e.o.t.s.UpdateSvc                 - lbl-mr2:xe-8/1/0 74                                         
2019-02-06 13:26:43,022 DEBUG n.e.o.t.s.UpdateSvc                 - lbl-mr2:ge-9/1/2 74                                         
2019-02-06 13:26:43,022 DEBUG n.e.o.t.s.UpdateSvc                 - lbl-mr2:ge-9/0/4 74                                         
2019-02-06 13:26:43,022 DEBUG n.e.o.t.s.UpdateSvc                 - lbl-mr2:ge-9/1/8 74                                         
2019-02-06 13:26:43,022 DEBUG n.e.o.t.s.UpdateSvc                 - lbl-mr2:xe-8/3/0 74                                         
2019-02-06 13:26:43,022 DEBUG n.e.o.t.s.UpdateSvc                 - lbl-mr2:ae0 74                                              
2019-02-06 13:26:43,022 DEBUG n.e.o.t.s.UpdateSvc                 - lbl-mr2:ge-9/1/0 74                                         
2019-02-06 13:26:43,022 DEBUG n.e.o.t.s.UpdateSvc                 - lbl-mr2:xe-0/1/0 74                                         
2019-02-06 13:26:43,022 DEBUG n.e.o.t.s.UpdateSvc                 - lbl-mr2:xe-1/1/0 74                                         
2019-02-06 13:26:43,023 DEBUG n.e.o.t.s.UpdateSvc                 - lbl-mr2:xe-7/0/0 74                                         
2019-02-06 13:26:43,023 DEBUG n.e.o.t.s.UpdateSvc                 - lbl-mr2:xe-0/2/0 74                                         
2019-02-06 13:26:43,023 DEBUG n.e.o.t.s.UpdateSvc                 - lbl-mr2:xe-7/2/0 74                                         
2019-02-06 13:26:43,026 INFO  n.e.o.t.s.UpdateSvc                 - inserting p: sunn-cr5:9/1/3 to sunn-cr5                     
2019-02-06 13:26:43,027 DEBUG n.e.o.t.s.UpdateSvc                 - sunn-cr5:9/1/3 50                                           
2019-02-06 13:26:43,027 DEBUG n.e.o.t.s.UpdateSvc                 - sunn-cr5:10/1/6 50                                          
2019-02-06 13:26:43,027 DEBUG n.e.o.t.s.UpdateSvc                 - sunn-cr5:10/1/5 50                                          
2019-02-06 13:26:43,027 DEBUG n.e.o.t.s.UpdateSvc                 - sunn-cr5:10/2/3 50                                          
2019-02-06 13:26:43,027 DEBUG n.e.o.t.s.UpdateSvc                 - sunn-cr5:10/2/6 50                                          
2019-02-06 13:26:43,027 DEBUG n.e.o.t.s.UpdateSvc                 - sunn-cr5:10/2/4 50                                          
2019-02-06 13:26:43,027 DEBUG n.e.o.t.s.UpdateSvc                 - sunn-cr5:10/1/2 50                                          
2019-02-06 13:26:43,027 DEBUG n.e.o.t.s.UpdateSvc                 - sunn-cr5:9/1/2 50                                           
2019-02-06 13:26:43,027 DEBUG n.e.o.t.s.UpdateSvc                 - sunn-cr5:10/2/2 50                                          
2019-02-06 13:26:43,027 DEBUG n.e.o.t.s.UpdateSvc                 - sunn-cr5:7/2/1 50                                           
2019-02-06 13:26:43,028 DEBUG n.e.o.t.s.UpdateSvc                 - sunn-cr5:10/1/3 50                                          
2019-02-06 13:26:43,028 DEBUG n.e.o.t.s.UpdateSvc                 - sunn-cr5:2/1/1 50                                           
2019-02-06 13:26:43,028 DEBUG n.e.o.t.s.UpdateSvc                 - sunn-cr5:9/1/5 50                                           
2019-02-06 13:26:43,028 DEBUG n.e.o.t.s.UpdateSvc                 - sunn-cr5:5/1/1 50                                           
2019-02-06 13:26:43,028 DEBUG n.e.o.t.s.UpdateSvc                 - sunn-cr5:10/1/1 50                                          
2019-02-06 13:26:43,028 DEBUG n.e.o.t.s.UpdateSvc                 - sunn-cr5:7/1/1 50                                           
2019-02-06 13:26:43,028 DEBUG n.e.o.t.s.UpdateSvc                 - sunn-cr5:10/1/4 50                                          
2019-02-06 13:26:43,028 DEBUG n.e.o.t.s.UpdateSvc                 - sunn-cr5:2/2/1 50                                           
2019-02-06 13:26:43,028 DEBUG n.e.o.t.s.UpdateSvc                 - sunn-cr5:9/1/1 50                                           
2019-02-06 13:26:43,028 DEBUG n.e.o.t.s.UpdateSvc                 - sunn-cr5:5/2/1 50                                           
2019-02-06 13:26:43,028 DEBUG n.e.o.t.s.UpdateSvc                 - sunn-cr5:4/1/1 50                                           
2019-02-06 13:26:43,028 DEBUG n.e.o.t.s.UpdateSvc                 - sunn-cr5:8/1/1 50                                           
2019-02-06 13:26:43,028 DEBUG n.e.o.t.s.UpdateSvc                 - sunn-cr5:10/2/1 50                                          
2019-02-06 13:26:43,028 DEBUG n.e.o.t.s.UpdateSvc                 - sunn-cr5:10/2/5 50                                          
2019-02-06 13:26:43,032 INFO  n.e.o.t.s.UpdateSvc                 - inserting p: star-cr5:1/1/1 to star-cr5                     
2019-02-06 13:26:43,032 DEBUG n.e.o.t.s.UpdateSvc                 - star-cr5:10/1/8 76                                          
2019-02-06 13:26:43,032 DEBUG n.e.o.t.s.UpdateSvc                 - star-cr5:1/1/1 76                                           
2019-02-06 13:26:43,032 DEBUG n.e.o.t.s.UpdateSvc                 - star-cr5:3/1/1 76                                           
2019-02-06 13:26:43,033 DEBUG n.e.o.t.s.UpdateSvc                 - star-cr5:4/2/1 76                                           
2019-02-06 13:26:43,033 DEBUG n.e.o.t.s.UpdateSvc                 - star-cr5:6/1/1 76                                           
2019-02-06 13:26:43,033 DEBUG n.e.o.t.s.UpdateSvc                 - star-cr5:5/1/1 76                                           
2019-02-06 13:26:43,033 DEBUG n.e.o.t.s.UpdateSvc                 - star-cr5:10/1/7 76                                          
2019-02-06 13:26:43,033 DEBUG n.e.o.t.s.UpdateSvc                 - star-cr5:10/1/10 76                                         
2019-02-06 13:26:43,033 DEBUG n.e.o.t.s.UpdateSvc                 - star-cr5:4/1/1 76                                           
2019-02-06 13:26:43,033 DEBUG n.e.o.t.s.UpdateSvc                 - star-cr5:1/2/1 76                                           
2019-02-06 13:26:43,033 DEBUG n.e.o.t.s.UpdateSvc                 - star-cr5:6/2/1 76                                           
2019-02-06 13:26:43,033 DEBUG n.e.o.t.s.UpdateSvc                 - star-cr5:BLANK 76                                           
2019-02-06 13:26:43,033 DEBUG n.e.o.t.s.UpdateSvc                 - star-cr5:3/2/1 76                                           
2019-02-06 13:26:43,033 DEBUG n.e.o.t.s.UpdateSvc                 - star-cr5:10/1/1 76                                          
2019-02-06 13:26:43,037 INFO  n.e.o.t.s.UpdateSvc                 - inserting p: jgi-mr2:xe-2/2/0 to jgi-mr2                    
2019-02-06 13:26:43,038 DEBUG n.e.o.t.s.UpdateSvc                 - jgi-mr2:xe-1/3/0 61                                         
2019-02-06 13:26:43,038 DEBUG n.e.o.t.s.UpdateSvc                 - jgi-mr2:xe-2/2/0 61                                         
2019-02-06 13:26:43,042 INFO  n.e.o.t.s.UpdateSvc                 - inserting p: srs-rt3:ge-1/1/0 to srs-rt3                    
2019-02-06 13:26:43,043 DEBUG n.e.o.t.s.UpdateSvc                 - srs-rt3:ge-1/1/0 31                                         
2019-02-06 13:26:43,043 DEBUG n.e.o.t.s.UpdateSvc                 - srs-rt3:ge-0/0/0 31                                         
2019-02-06 13:26:43,043 DEBUG n.e.o.t.s.UpdateSvc                 - srs-rt3:ge-1/0/0 31                                         
2019-02-06 13:26:43,043 DEBUG n.e.o.t.s.UpdateSvc                 - srs-rt3:ge-0/1/0 31                                         
2019-02-06 13:26:43,047 INFO  n.e.o.t.s.UpdateSvc                 - inserting p: wash-cr5:2/1/1 to wash-cr5                     
2019-02-06 13:26:43,048 DEBUG n.e.o.t.s.UpdateSvc                 - wash-cr5:4/1/1 36                                           
2019-02-06 13:26:43,048 DEBUG n.e.o.t.s.UpdateSvc                 - wash-cr5:10/1/3 36                                          
2019-02-06 13:26:43,048 DEBUG n.e.o.t.s.UpdateSvc                 - wash-cr5:1/1/1 36                                           
2019-02-06 13:26:43,048 DEBUG n.e.o.t.s.UpdateSvc                 - wash-cr5:4/2/1 36                                           
2019-02-06 13:26:43,048 DEBUG n.e.o.t.s.UpdateSvc                 - wash-cr5:5/2/1 36                                           
2019-02-06 13:26:43,048 DEBUG n.e.o.t.s.UpdateSvc                 - wash-cr5:2/1/1 36                                           
2019-02-06 13:26:43,048 DEBUG n.e.o.t.s.UpdateSvc                 - wash-cr5:10/1/9 36                                          
2019-02-06 13:26:43,048 DEBUG n.e.o.t.s.UpdateSvc                 - wash-cr5:6/1/1 36                                           
2019-02-06 13:26:43,048 DEBUG n.e.o.t.s.UpdateSvc                 - wash-cr5:5/1/1 36                                           
2019-02-06 13:26:43,048 DEBUG n.e.o.t.s.UpdateSvc                 - wash-cr5:10/1/5 36                                          
2019-02-06 13:26:43,048 DEBUG n.e.o.t.s.UpdateSvc                 - wash-cr5:10/1/4 36                                          
2019-02-06 13:26:43,048 DEBUG n.e.o.t.s.UpdateSvc                 - wash-cr5:10/1/10 36                                         
2019-02-06 13:26:43,052 INFO  n.e.o.t.s.UpdateSvc                 - inserting p: star-cr5:8/1/4 to star-cr5                     
2019-02-06 13:26:43,054 DEBUG n.e.o.t.s.UpdateSvc                 - star-cr5:10/1/8 76                                          
2019-02-06 13:26:43,054 DEBUG n.e.o.t.s.UpdateSvc                 - star-cr5:1/1/1 76                                           
2019-02-06 13:26:43,054 DEBUG n.e.o.t.s.UpdateSvc                 - star-cr5:3/1/1 76                                           
2019-02-06 13:26:43,054 DEBUG n.e.o.t.s.UpdateSvc                 - star-cr5:4/2/1 76                                           
2019-02-06 13:26:43,054 DEBUG n.e.o.t.s.UpdateSvc                 - star-cr5:6/1/1 76                                           
2019-02-06 13:26:43,054 DEBUG n.e.o.t.s.UpdateSvc                 - star-cr5:5/1/1 76                                           
2019-02-06 13:26:43,054 DEBUG n.e.o.t.s.UpdateSvc                 - star-cr5:10/1/7 76                                          
2019-02-06 13:26:43,055 DEBUG n.e.o.t.s.UpdateSvc                 - star-cr5:10/1/10 76                                         
2019-02-06 13:26:43,055 DEBUG n.e.o.t.s.UpdateSvc                 - star-cr5:4/1/1 76                                           
2019-02-06 13:26:43,055 DEBUG n.e.o.t.s.UpdateSvc                 - star-cr5:1/2/1 76                                           
2019-02-06 13:26:43,055 DEBUG n.e.o.t.s.UpdateSvc                 - star-cr5:6/2/1 76                                           
2019-02-06 13:26:43,055 DEBUG n.e.o.t.s.UpdateSvc                 - star-cr5:BLANK 76                                           
2019-02-06 13:26:43,055 DEBUG n.e.o.t.s.UpdateSvc                 - star-cr5:8/1/4 76                                           
2019-02-06 13:26:43,055 DEBUG n.e.o.t.s.UpdateSvc                 - star-cr5:3/2/1 76                                           
2019-02-06 13:26:43,055 DEBUG n.e.o.t.s.UpdateSvc                 - star-cr5:10/1/1 76                                          
2019-02-06 13:26:43,059 INFO  n.e.o.t.s.UpdateSvc                 - inserting p: star-cr5:8/1/6 to star-cr5                     
2019-02-06 13:26:43,060 DEBUG n.e.o.t.s.UpdateSvc                 - star-cr5:10/1/8 76                                          
2019-02-06 13:26:43,060 DEBUG n.e.o.t.s.UpdateSvc                 - star-cr5:1/1/1 76                                           
2019-02-06 13:26:43,060 DEBUG n.e.o.t.s.UpdateSvc                 - star-cr5:3/1/1 76                                           
2019-02-06 13:26:43,060 DEBUG n.e.o.t.s.UpdateSvc                 - star-cr5:4/2/1 76                                           
2019-02-06 13:26:43,060 DEBUG n.e.o.t.s.UpdateSvc                 - star-cr5:6/1/1 76                                           
2019-02-06 13:26:43,060 DEBUG n.e.o.t.s.UpdateSvc                 - star-cr5:5/1/1 76                                           
2019-02-06 13:26:43,060 DEBUG n.e.o.t.s.UpdateSvc                 - star-cr5:8/1/6 76                                           
2019-02-06 13:26:43,060 DEBUG n.e.o.t.s.UpdateSvc                 - star-cr5:10/1/7 76                                          
2019-02-06 13:26:43,060 DEBUG n.e.o.t.s.UpdateSvc                 - star-cr5:10/1/10 76                                         
2019-02-06 13:26:43,060 DEBUG n.e.o.t.s.UpdateSvc                 - star-cr5:4/1/1 76                                           
2019-02-06 13:26:43,060 DEBUG n.e.o.t.s.UpdateSvc                 - star-cr5:1/2/1 76                                           
2019-02-06 13:26:43,060 DEBUG n.e.o.t.s.UpdateSvc                 - star-cr5:6/2/1 76                                           
2019-02-06 13:26:43,060 DEBUG n.e.o.t.s.UpdateSvc                 - star-cr5:BLANK 76                                           
2019-02-06 13:26:43,060 DEBUG n.e.o.t.s.UpdateSvc                 - star-cr5:8/1/4 76                                           
2019-02-06 13:26:43,060 DEBUG n.e.o.t.s.UpdateSvc                 - star-cr5:3/2/1 76                                           
2019-02-06 13:26:43,060 DEBUG n.e.o.t.s.UpdateSvc                 - star-cr5:10/1/1 76                                          
2019-02-06 13:26:43,063 INFO  n.e.o.t.s.UpdateSvc                 - inserting p: sunn-cr5:8/2/1 to sunn-cr5                     
2019-02-06 13:26:43,064 DEBUG n.e.o.t.s.UpdateSvc                 - sunn-cr5:9/1/3 50                                           
2019-02-06 13:26:43,064 DEBUG n.e.o.t.s.UpdateSvc                 - sunn-cr5:10/1/6 50                                          
2019-02-06 13:26:43,064 DEBUG n.e.o.t.s.UpdateSvc                 - sunn-cr5:8/2/1 50                                           
2019-02-06 13:26:43,064 DEBUG n.e.o.t.s.UpdateSvc                 - sunn-cr5:10/1/2 50                                          
2019-02-06 13:26:43,064 DEBUG n.e.o.t.s.UpdateSvc                 - sunn-cr5:9/1/2 50                                           
2019-02-06 13:26:43,065 DEBUG n.e.o.t.s.UpdateSvc                 - sunn-cr5:7/2/1 50                                           
2019-02-06 13:26:43,065 DEBUG n.e.o.t.s.UpdateSvc                 - sunn-cr5:10/1/3 50                                          
2019-02-06 13:26:43,065 DEBUG n.e.o.t.s.UpdateSvc                 - sunn-cr5:2/1/1 50                                           
2019-02-06 13:26:43,065 DEBUG n.e.o.t.s.UpdateSvc                 - sunn-cr5:9/1/5 50                                           
2019-02-06 13:26:43,065 DEBUG n.e.o.t.s.UpdateSvc                 - sunn-cr5:10/1/4 50                                          
2019-02-06 13:26:43,065 DEBUG n.e.o.t.s.UpdateSvc                 - sunn-cr5:2/2/1 50                                           
2019-02-06 13:26:43,065 DEBUG n.e.o.t.s.UpdateSvc                 - sunn-cr5:9/1/1 50                                           
2019-02-06 13:26:43,065 DEBUG n.e.o.t.s.UpdateSvc                 - sunn-cr5:5/2/1 50                                           
2019-02-06 13:26:43,065 DEBUG n.e.o.t.s.UpdateSvc                 - sunn-cr5:8/1/1 50                                           
2019-02-06 13:26:43,065 DEBUG n.e.o.t.s.UpdateSvc                 - sunn-cr5:10/2/5 50                                          
2019-02-06 13:26:43,065 DEBUG n.e.o.t.s.UpdateSvc                 - sunn-cr5:10/1/5 50                                          
2019-02-06 13:26:43,065 DEBUG n.e.o.t.s.UpdateSvc                 - sunn-cr5:10/2/3 50                                          
2019-02-06 13:26:43,065 DEBUG n.e.o.t.s.UpdateSvc                 - sunn-cr5:10/2/6 50                                          
2019-02-06 13:26:43,065 DEBUG n.e.o.t.s.UpdateSvc                 - sunn-cr5:10/2/4 50                                          
2019-02-06 13:26:43,065 DEBUG n.e.o.t.s.UpdateSvc                 - sunn-cr5:10/2/2 50                                          
2019-02-06 13:26:43,065 DEBUG n.e.o.t.s.UpdateSvc                 - sunn-cr5:5/1/1 50                                           
2019-02-06 13:26:43,065 DEBUG n.e.o.t.s.UpdateSvc                 - sunn-cr5:10/1/1 50                                          
2019-02-06 13:26:43,065 DEBUG n.e.o.t.s.UpdateSvc                 - sunn-cr5:7/1/1 50                                           
2019-02-06 13:26:43,065 DEBUG n.e.o.t.s.UpdateSvc                 - sunn-cr5:4/1/1 50                                           
2019-02-06 13:26:43,065 DEBUG n.e.o.t.s.UpdateSvc                 - sunn-cr5:10/2/1 50                                          
2019-02-06 13:26:43,070 INFO  n.e.o.t.s.UpdateSvc                 - inserting p: star-cr5:8/1/2 to star-cr5                     
2019-02-06 13:26:43,071 DEBUG n.e.o.t.s.UpdateSvc                 - star-cr5:10/1/8 76                                          
2019-02-06 13:26:43,071 DEBUG n.e.o.t.s.UpdateSvc                 - star-cr5:1/1/1 76                                           
2019-02-06 13:26:43,071 DEBUG n.e.o.t.s.UpdateSvc                 - star-cr5:3/1/1 76                                           
2019-02-06 13:26:43,071 DEBUG n.e.o.t.s.UpdateSvc                 - star-cr5:4/2/1 76                                           
2019-02-06 13:26:43,071 DEBUG n.e.o.t.s.UpdateSvc                 - star-cr5:6/1/1 76                                           
2019-02-06 13:26:43,071 DEBUG n.e.o.t.s.UpdateSvc                 - star-cr5:5/1/1 76                                           
2019-02-06 13:26:43,071 DEBUG n.e.o.t.s.UpdateSvc                 - star-cr5:8/1/2 76                                           
2019-02-06 13:26:43,072 DEBUG n.e.o.t.s.UpdateSvc                 - star-cr5:8/1/6 76                                           
2019-02-06 13:26:43,072 DEBUG n.e.o.t.s.UpdateSvc                 - star-cr5:10/1/7 76                                          
2019-02-06 13:26:43,072 DEBUG n.e.o.t.s.UpdateSvc                 - star-cr5:10/1/10 76                                         
2019-02-06 13:26:43,072 DEBUG n.e.o.t.s.UpdateSvc                 - star-cr5:4/1/1 76                                           
2019-02-06 13:26:43,072 DEBUG n.e.o.t.s.UpdateSvc                 - star-cr5:1/2/1 76                                           
2019-02-06 13:26:43,072 DEBUG n.e.o.t.s.UpdateSvc                 - star-cr5:6/2/1 76                                           
2019-02-06 13:26:43,072 DEBUG n.e.o.t.s.UpdateSvc                 - star-cr5:BLANK 76                                           
2019-02-06 13:26:43,072 DEBUG n.e.o.t.s.UpdateSvc                 - star-cr5:8/1/4 76                                           
2019-02-06 13:26:43,072 DEBUG n.e.o.t.s.UpdateSvc                 - star-cr5:3/2/1 76                                           
2019-02-06 13:26:43,072 DEBUG n.e.o.t.s.UpdateSvc                 - star-cr5:10/1/1 76                                          
2019-02-06 13:26:43,076 INFO  n.e.o.t.s.UpdateSvc                 - inserting p: chic-cr5:5/1/1 to chic-cr5                     
2019-02-06 13:26:43,078 DEBUG n.e.o.t.s.UpdateSvc                 - chic-cr5:1/1/1 55                                           
2019-02-06 13:26:43,078 DEBUG n.e.o.t.s.UpdateSvc                 - chic-cr5:10/1/3 55                                          
2019-02-06 13:26:43,078 DEBUG n.e.o.t.s.UpdateSvc                 - chic-cr5:8/1/1 55                                           
2019-02-06 13:26:43,078 DEBUG n.e.o.t.s.UpdateSvc                 - chic-cr5:6/1/1 55                                           
2019-02-06 13:26:43,078 DEBUG n.e.o.t.s.UpdateSvc                 - chic-cr5:10/1/1 55                                          
2019-02-06 13:26:43,078 DEBUG n.e.o.t.s.UpdateSvc                 - chic-cr5:7/1/1 55                                           
2019-02-06 13:26:43,078 DEBUG n.e.o.t.s.UpdateSvc                 - chic-cr5:10/1/4 55                                          
2019-02-06 13:26:43,078 DEBUG n.e.o.t.s.UpdateSvc                 - chic-cr5:4/1/1 55                                           
2019-02-06 13:26:43,078 DEBUG n.e.o.t.s.UpdateSvc                 - chic-cr5:6/2/1 55                                           
2019-02-06 13:26:43,078 DEBUG n.e.o.t.s.UpdateSvc                 - chic-cr5:2/1/1 55                                           
2019-02-06 13:26:43,079 DEBUG n.e.o.t.s.UpdateSvc                 - chic-cr5:10/1/7 55                                          
2019-02-06 13:26:43,079 DEBUG n.e.o.t.s.UpdateSvc                 - chic-cr5:3/1/1 55                                           
2019-02-06 13:26:43,079 DEBUG n.e.o.t.s.UpdateSvc                 - chic-cr5:7/2/1 55                                           
2019-02-06 13:26:43,079 DEBUG n.e.o.t.s.UpdateSvc                 - chic-cr5:5/1/1 55                                           
2019-02-06 13:26:43,079 DEBUG n.e.o.t.s.UpdateSvc                 - chic-cr5:BLANK 55                                           
2019-02-06 13:26:43,079 DEBUG n.e.o.t.s.UpdateSvc                 - chic-cr5:10/1/5 55                                          
2019-02-06 13:26:43,082 INFO  n.e.o.t.s.UpdateSvc                 - inserting p: lbl-mr2:xe-2/1/0 to lbl-mr2                    
2019-02-06 13:26:43,083 DEBUG n.e.o.t.s.UpdateSvc                 - lbl-mr2:xe-2/3/0 74                                         
2019-02-06 13:26:43,083 DEBUG n.e.o.t.s.UpdateSvc                 - lbl-mr2:xe-8/1/0 74                                         
2019-02-06 13:26:43,084 DEBUG n.e.o.t.s.UpdateSvc                 - lbl-mr2:ge-9/1/2 74                                         
2019-02-06 13:26:43,084 DEBUG n.e.o.t.s.UpdateSvc                 - lbl-mr2:xe-2/1/0 74                                         
2019-02-06 13:26:43,084 DEBUG n.e.o.t.s.UpdateSvc                 - lbl-mr2:ge-9/0/4 74                                         
2019-02-06 13:26:43,084 DEBUG n.e.o.t.s.UpdateSvc                 - lbl-mr2:ge-9/1/8 74                                         
2019-02-06 13:26:43,084 DEBUG n.e.o.t.s.UpdateSvc                 - lbl-mr2:xe-8/3/0 74                                         
2019-02-06 13:26:43,084 DEBUG n.e.o.t.s.UpdateSvc                 - lbl-mr2:ae0 74                                              
2019-02-06 13:26:43,084 DEBUG n.e.o.t.s.UpdateSvc                 - lbl-mr2:ge-9/1/0 74                                         
2019-02-06 13:26:43,085 DEBUG n.e.o.t.s.UpdateSvc                 - lbl-mr2:xe-0/1/0 74                                         
2019-02-06 13:26:43,085 DEBUG n.e.o.t.s.UpdateSvc                 - lbl-mr2:xe-1/1/0 74                                         
2019-02-06 13:26:43,085 DEBUG n.e.o.t.s.UpdateSvc                 - lbl-mr2:xe-7/0/0 74                                         
2019-02-06 13:26:43,085 DEBUG n.e.o.t.s.UpdateSvc                 - lbl-mr2:xe-0/2/0 74                                         
2019-02-06 13:26:43,085 DEBUG n.e.o.t.s.UpdateSvc                 - lbl-mr2:xe-7/2/0 74                                         
2019-02-06 13:26:43,088 INFO  n.e.o.t.s.UpdateSvc                 - inserting p: pppl-rt5:ge-0/0/2 to pppl-rt5                  
2019-02-06 13:26:43,089 DEBUG n.e.o.t.s.UpdateSvc                 - pppl-rt5:xe-1/2/0 30                                        
2019-02-06 13:26:43,089 DEBUG n.e.o.t.s.UpdateSvc                 - pppl-rt5:ge-0/0/2 30                                        
2019-02-06 13:26:43,089 DEBUG n.e.o.t.s.UpdateSvc                 - pppl-rt5:xe-1/3/0 30                                        
2019-02-06 13:26:43,092 INFO  n.e.o.t.s.UpdateSvc                 - inserting p: orau-rt4:ge-0/1/0 to orau-rt4                  
2019-02-06 13:26:43,093 DEBUG n.e.o.t.s.UpdateSvc                 - orau-rt4:ge-0/1/0 32                                        
2019-02-06 13:26:43,096 INFO  n.e.o.t.s.UpdateSvc                 - inserting p: orau-rt4:ge-0/1/1 to orau-rt4                  
2019-02-06 13:26:43,097 DEBUG n.e.o.t.s.UpdateSvc                 - orau-rt4:ge-0/1/1 32                                        
2019-02-06 13:26:43,097 DEBUG n.e.o.t.s.UpdateSvc                 - orau-rt4:ge-0/1/0 32                                        
2019-02-06 13:26:43,100 INFO  n.e.o.t.s.UpdateSvc                 - inserting p: orau-rt4:ge-0/1/2 to orau-rt4                  
2019-02-06 13:26:43,100 DEBUG n.e.o.t.s.UpdateSvc                 - orau-rt4:ge-0/1/1 32                                        
2019-02-06 13:26:43,100 DEBUG n.e.o.t.s.UpdateSvc                 - orau-rt4:ge-0/1/2 32                                        
2019-02-06 13:26:43,100 DEBUG n.e.o.t.s.UpdateSvc                 - orau-rt4:ge-0/1/0 32                                        
2019-02-06 13:26:43,106 INFO  n.e.o.t.s.UpdateSvc                 - inserting p: eqx-chi-cr5:1/1/1 to eqx-chi-cr5               
2019-02-06 13:26:43,106 DEBUG n.e.o.t.s.UpdateSvc                 - eqx-chi-cr5:1/1/1 58                                        
2019-02-06 13:26:43,106 DEBUG n.e.o.t.s.UpdateSvc                 - eqx-chi-cr5:10/1/1 58                                       
2019-02-06 13:26:43,106 DEBUG n.e.o.t.s.UpdateSvc                 - eqx-chi-cr5:BLANK 58                                        
2019-02-06 13:26:43,106 DEBUG n.e.o.t.s.UpdateSvc                 - eqx-chi-cr5:10/1/3 58                                       
2019-02-06 13:26:43,106 DEBUG n.e.o.t.s.UpdateSvc                 - eqx-chi-cr5:10/1/2 58                                       
2019-02-06 13:26:43,110 INFO  n.e.o.t.s.UpdateSvc                 - inserting p: orau-rt4:ge-0/1/3 to orau-rt4                  
2019-02-06 13:26:43,111 DEBUG n.e.o.t.s.UpdateSvc                 - orau-rt4:ge-0/1/1 32                                        
2019-02-06 13:26:43,111 DEBUG n.e.o.t.s.UpdateSvc                 - orau-rt4:ge-0/1/3 32                                        
2019-02-06 13:26:43,111 DEBUG n.e.o.t.s.UpdateSvc                 - orau-rt4:ge-0/1/2 32                                        
2019-02-06 13:26:43,111 DEBUG n.e.o.t.s.UpdateSvc                 - orau-rt4:ge-0/1/0 32                                        
2019-02-06 13:26:43,127 INFO  n.e.o.t.s.UpdateSvc                 - inserting p: orau-rt4:ge-0/1/4 to orau-rt4                  
2019-02-06 13:26:43,128 DEBUG n.e.o.t.s.UpdateSvc                 - orau-rt4:ge-0/1/4 32                                        
2019-02-06 13:26:43,128 DEBUG n.e.o.t.s.UpdateSvc                 - orau-rt4:ge-0/1/1 32                                        
2019-02-06 13:26:43,128 DEBUG n.e.o.t.s.UpdateSvc                 - orau-rt4:ge-0/1/3 32                                        
2019-02-06 13:26:43,128 DEBUG n.e.o.t.s.UpdateSvc                 - orau-rt4:ge-0/1/2 32                                        
2019-02-06 13:26:43,128 DEBUG n.e.o.t.s.UpdateSvc                 - orau-rt4:ge-0/1/0 32                                        
2019-02-06 13:26:43,132 INFO  n.e.o.t.s.UpdateSvc                 - inserting p: slac-mr2:xe-1/3/0 to slac-mr2                  
2019-02-06 13:26:43,134 DEBUG n.e.o.t.s.UpdateSvc                 - slac-mr2:xe-1/3/0 56                                        
2019-02-06 13:26:43,134 DEBUG n.e.o.t.s.UpdateSvc                 - slac-mr2:xe-0/2/0 56                                        
2019-02-06 13:26:43,134 DEBUG n.e.o.t.s.UpdateSvc                 - slac-mr2:xe-0/0/0 56                                        
2019-02-06 13:26:43,134 DEBUG n.e.o.t.s.UpdateSvc                 - slac-mr2:xe-1/1/0 56                                        
2019-02-06 13:26:43,134 DEBUG n.e.o.t.s.UpdateSvc                 - slac-mr2:xe-0/1/0 56                                        
2019-02-06 13:26:43,139 INFO  n.e.o.t.s.UpdateSvc                 - inserting p: jgi-mr2:xe-0/2/0 to jgi-mr2                    
2019-02-06 13:26:43,141 DEBUG n.e.o.t.s.UpdateSvc                 - jgi-mr2:xe-1/3/0 61                                         
2019-02-06 13:26:43,141 DEBUG n.e.o.t.s.UpdateSvc                 - jgi-mr2:xe-2/2/0 61                                         
2019-02-06 13:26:43,141 DEBUG n.e.o.t.s.UpdateSvc                 - jgi-mr2:xe-0/2/0 61                                         
2019-02-06 13:26:43,145 INFO  n.e.o.t.s.UpdateSvc                 - inserting p: pppl-rt5:xe-1/1/0 to pppl-rt5                  
2019-02-06 13:26:43,146 DEBUG n.e.o.t.s.UpdateSvc                 - pppl-rt5:xe-1/2/0 30                                        
2019-02-06 13:26:43,146 DEBUG n.e.o.t.s.UpdateSvc                 - pppl-rt5:xe-1/1/0 30                                        
2019-02-06 13:26:43,146 DEBUG n.e.o.t.s.UpdateSvc                 - pppl-rt5:ge-0/0/2 30                                        
2019-02-06 13:26:43,146 DEBUG n.e.o.t.s.UpdateSvc                 - pppl-rt5:xe-1/3/0 30                                        
2019-02-06 13:26:43,151 INFO  n.e.o.t.s.UpdateSvc                 - inserting p: lbl-mr2:xe-1/3/0 to lbl-mr2                    
2019-02-06 13:26:43,153 DEBUG n.e.o.t.s.UpdateSvc                 - lbl-mr2:xe-2/3/0 74                                         
2019-02-06 13:26:43,153 DEBUG n.e.o.t.s.UpdateSvc                 - lbl-mr2:xe-8/1/0 74                                         
2019-02-06 13:26:43,153 DEBUG n.e.o.t.s.UpdateSvc                 - lbl-mr2:ge-9/1/2 74                                         
2019-02-06 13:26:43,153 DEBUG n.e.o.t.s.UpdateSvc                 - lbl-mr2:xe-2/1/0 74                                         
2019-02-06 13:26:43,153 DEBUG n.e.o.t.s.UpdateSvc                 - lbl-mr2:ge-9/0/4 74                                         
2019-02-06 13:26:43,153 DEBUG n.e.o.t.s.UpdateSvc                 - lbl-mr2:ge-9/1/8 74                                         
2019-02-06 13:26:43,153 DEBUG n.e.o.t.s.UpdateSvc                 - lbl-mr2:xe-8/3/0 74                                         
2019-02-06 13:26:43,153 DEBUG n.e.o.t.s.UpdateSvc                 - lbl-mr2:ae0 74                                              
2019-02-06 13:26:43,153 DEBUG n.e.o.t.s.UpdateSvc                 - lbl-mr2:ge-9/1/0 74                                         
2019-02-06 13:26:43,153 DEBUG n.e.o.t.s.UpdateSvc                 - lbl-mr2:xe-0/1/0 74                                         
2019-02-06 13:26:43,153 DEBUG n.e.o.t.s.UpdateSvc                 - lbl-mr2:xe-1/1/0 74                                         
2019-02-06 13:26:43,153 DEBUG n.e.o.t.s.UpdateSvc                 - lbl-mr2:xe-7/0/0 74                                         
2019-02-06 13:26:43,153 DEBUG n.e.o.t.s.UpdateSvc                 - lbl-mr2:xe-0/2/0 74                                         
2019-02-06 13:26:43,153 DEBUG n.e.o.t.s.UpdateSvc                 - lbl-mr2:xe-1/3/0 74                                         
2019-02-06 13:26:43,153 DEBUG n.e.o.t.s.UpdateSvc                 - lbl-mr2:xe-7/2/0 74                                         
2019-02-06 13:26:43,157 INFO  n.e.o.t.s.UpdateSvc                 - inserting p: ornl-cr5:9/1/4 to ornl-cr5                     
2019-02-06 13:26:43,158 DEBUG n.e.o.t.s.UpdateSvc                 - ornl-cr5:7/1/1 64                                           
2019-02-06 13:26:43,158 DEBUG n.e.o.t.s.UpdateSvc                 - ornl-cr5:10/1/3 64                                          
2019-02-06 13:26:43,158 DEBUG n.e.o.t.s.UpdateSvc                 - ornl-cr5:10/1/1 64                                          
2019-02-06 13:26:43,158 DEBUG n.e.o.t.s.UpdateSvc                 - ornl-cr5:10/1/2 64                                          
2019-02-06 13:26:43,158 DEBUG n.e.o.t.s.UpdateSvc                 - ornl-cr5:6/1/1 64                                           
2019-02-06 13:26:43,158 DEBUG n.e.o.t.s.UpdateSvc                 - ornl-cr5:9/1/4 64                                           
2019-02-06 13:26:43,162 INFO  n.e.o.t.s.UpdateSvc                 - inserting p: sunn-cr5:1/1/1 to sunn-cr5                     
2019-02-06 13:26:43,163 DEBUG n.e.o.t.s.UpdateSvc                 - sunn-cr5:9/1/3 50                                           
2019-02-06 13:26:43,164 DEBUG n.e.o.t.s.UpdateSvc                 - sunn-cr5:10/1/6 50                                          
2019-02-06 13:26:43,164 DEBUG n.e.o.t.s.UpdateSvc                 - sunn-cr5:8/2/1 50                                           
2019-02-06 13:26:43,164 DEBUG n.e.o.t.s.UpdateSvc                 - sunn-cr5:10/1/2 50                                          
2019-02-06 13:26:43,164 DEBUG n.e.o.t.s.UpdateSvc                 - sunn-cr5:9/1/2 50                                           
2019-02-06 13:26:43,164 DEBUG n.e.o.t.s.UpdateSvc                 - sunn-cr5:7/2/1 50                                           
2019-02-06 13:26:43,164 DEBUG n.e.o.t.s.UpdateSvc                 - sunn-cr5:10/1/3 50                                          
2019-02-06 13:26:43,164 DEBUG n.e.o.t.s.UpdateSvc                 - sunn-cr5:2/1/1 50                                           
2019-02-06 13:26:43,164 DEBUG n.e.o.t.s.UpdateSvc                 - sunn-cr5:9/1/5 50                                           
2019-02-06 13:26:43,164 DEBUG n.e.o.t.s.UpdateSvc                 - sunn-cr5:10/1/4 50                                          
2019-02-06 13:26:43,164 DEBUG n.e.o.t.s.UpdateSvc                 - sunn-cr5:2/2/1 50                                           
2019-02-06 13:26:43,164 DEBUG n.e.o.t.s.UpdateSvc                 - sunn-cr5:9/1/1 50                                           
2019-02-06 13:26:43,164 DEBUG n.e.o.t.s.UpdateSvc                 - sunn-cr5:5/2/1 50                                           
2019-02-06 13:26:43,164 DEBUG n.e.o.t.s.UpdateSvc                 - sunn-cr5:1/1/1 50                                           
2019-02-06 13:26:43,164 DEBUG n.e.o.t.s.UpdateSvc                 - sunn-cr5:8/1/1 50                                           
2019-02-06 13:26:43,164 DEBUG n.e.o.t.s.UpdateSvc                 - sunn-cr5:10/2/5 50                                          
2019-02-06 13:26:43,164 DEBUG n.e.o.t.s.UpdateSvc                 - sunn-cr5:10/1/5 50                                          
2019-02-06 13:26:43,164 DEBUG n.e.o.t.s.UpdateSvc                 - sunn-cr5:10/2/3 50                                          
2019-02-06 13:26:43,164 DEBUG n.e.o.t.s.UpdateSvc                 - sunn-cr5:10/2/6 50                                          
2019-02-06 13:26:43,164 DEBUG n.e.o.t.s.UpdateSvc                 - sunn-cr5:10/2/4 50                                          
2019-02-06 13:26:43,164 DEBUG n.e.o.t.s.UpdateSvc                 - sunn-cr5:10/2/2 50                                          
2019-02-06 13:26:43,164 DEBUG n.e.o.t.s.UpdateSvc                 - sunn-cr5:5/1/1 50                                           
2019-02-06 13:26:43,164 DEBUG n.e.o.t.s.UpdateSvc                 - sunn-cr5:10/1/1 50                                          
2019-02-06 13:26:43,164 DEBUG n.e.o.t.s.UpdateSvc                 - sunn-cr5:7/1/1 50                                           
2019-02-06 13:26:43,164 DEBUG n.e.o.t.s.UpdateSvc                 - sunn-cr5:4/1/1 50                                           
2019-02-06 13:26:43,164 DEBUG n.e.o.t.s.UpdateSvc                 - sunn-cr5:10/2/1 50                                          
2019-02-06 13:26:43,169 INFO  n.e.o.t.s.UpdateSvc                 - inserting p: fnal-mr2:xe-8/3/0 to fnal-mr2                  
2019-02-06 13:26:43,170 DEBUG n.e.o.t.s.UpdateSvc                 - fnal-mr2:xe-8/3/0 65                                        
2019-02-06 13:26:43,170 DEBUG n.e.o.t.s.UpdateSvc                 - fnal-mr2:xe-0/0/0 65                                        
2019-02-06 13:26:43,170 DEBUG n.e.o.t.s.UpdateSvc                 - fnal-mr2:xe-8/1/0 65                                        
2019-02-06 13:26:43,170 DEBUG n.e.o.t.s.UpdateSvc                 - fnal-mr2:xe-1/1/0 65                                        
2019-02-06 13:26:43,170 DEBUG n.e.o.t.s.UpdateSvc                 - fnal-mr2:xe-1/3/0 65                                        
2019-02-06 13:26:43,176 INFO  n.e.o.t.s.UpdateSvc                 - inserting p: ga-rt2:xe-0/2/0 to ga-rt2                      
2019-02-06 13:26:43,179 DEBUG n.e.o.t.s.UpdateSvc                 - ga-rt2:ge-1/0/3 37                                          
2019-02-06 13:26:43,179 DEBUG n.e.o.t.s.UpdateSvc                 - ga-rt2:ge-1/1/3 37                                          
2019-02-06 13:26:43,179 DEBUG n.e.o.t.s.UpdateSvc                 - ga-rt2:xe-0/0/0 37                                          
2019-02-06 13:26:43,179 DEBUG n.e.o.t.s.UpdateSvc                 - ga-rt2:ge-1/0/5 37                                          
2019-02-06 13:26:43,179 DEBUG n.e.o.t.s.UpdateSvc                 - ga-rt2:xe-0/2/0 37                                          
2019-02-06 13:26:43,184 INFO  n.e.o.t.s.UpdateSvc                 - inserting p: elpa-cr5:2/1/1 to elpa-cr5                     
2019-02-06 13:26:43,184 DEBUG n.e.o.t.s.UpdateSvc                 - elpa-cr5:2/1/1 46                                           
2019-02-06 13:26:43,185 DEBUG n.e.o.t.s.UpdateSvc                 - elpa-cr5:10/1/3 46                                          
2019-02-06 13:26:43,185 DEBUG n.e.o.t.s.UpdateSvc                 - elpa-cr5:3/1/1 46                                           
2019-02-06 13:26:43,185 DEBUG n.e.o.t.s.UpdateSvc                 - elpa-cr5:10/1/4 46                                          
2019-02-06 13:26:43,185 DEBUG n.e.o.t.s.UpdateSvc                 - elpa-cr5:10/1/5 46                                          
2019-02-06 13:26:43,185 DEBUG n.e.o.t.s.UpdateSvc                 - elpa-cr5:1/1/1 46                                           
2019-02-06 13:26:43,190 INFO  n.e.o.t.s.UpdateSvc                 - inserting p: chic-cr5:3/2/1 to chic-cr5                     
2019-02-06 13:26:43,191 DEBUG n.e.o.t.s.UpdateSvc                 - chic-cr5:1/1/1 55                                           
2019-02-06 13:26:43,191 DEBUG n.e.o.t.s.UpdateSvc                 - chic-cr5:10/1/3 55                                          
2019-02-06 13:26:43,191 DEBUG n.e.o.t.s.UpdateSvc                 - chic-cr5:8/1/1 55                                           
2019-02-06 13:26:43,191 DEBUG n.e.o.t.s.UpdateSvc                 - chic-cr5:6/1/1 55                                           
2019-02-06 13:26:43,191 DEBUG n.e.o.t.s.UpdateSvc                 - chic-cr5:10/1/1 55                                          
2019-02-06 13:26:43,191 DEBUG n.e.o.t.s.UpdateSvc                 - chic-cr5:7/1/1 55                                           
2019-02-06 13:26:43,191 DEBUG n.e.o.t.s.UpdateSvc                 - chic-cr5:10/1/4 55                                          
2019-02-06 13:26:43,191 DEBUG n.e.o.t.s.UpdateSvc                 - chic-cr5:4/1/1 55                                           
2019-02-06 13:26:43,191 DEBUG n.e.o.t.s.UpdateSvc                 - chic-cr5:6/2/1 55                                           
2019-02-06 13:26:43,191 DEBUG n.e.o.t.s.UpdateSvc                 - chic-cr5:2/1/1 55                                           
2019-02-06 13:26:43,192 DEBUG n.e.o.t.s.UpdateSvc                 - chic-cr5:10/1/7 55                                          
2019-02-06 13:26:43,192 DEBUG n.e.o.t.s.UpdateSvc                 - chic-cr5:3/1/1 55                                           
2019-02-06 13:26:43,192 DEBUG n.e.o.t.s.UpdateSvc                 - chic-cr5:3/2/1 55                                           
2019-02-06 13:26:43,192 DEBUG n.e.o.t.s.UpdateSvc                 - chic-cr5:7/2/1 55                                           
2019-02-06 13:26:43,192 DEBUG n.e.o.t.s.UpdateSvc                 - chic-cr5:5/1/1 55                                           
2019-02-06 13:26:43,192 DEBUG n.e.o.t.s.UpdateSvc                 - chic-cr5:BLANK 55                                           
2019-02-06 13:26:43,192 DEBUG n.e.o.t.s.UpdateSvc                 - chic-cr5:10/1/5 55                                          
2019-02-06 13:26:43,196 INFO  n.e.o.t.s.UpdateSvc                 - inserting p: srs-rt3:ge-1/2/0 to srs-rt3                    
2019-02-06 13:26:43,197 DEBUG n.e.o.t.s.UpdateSvc                 - srs-rt3:ge-1/1/0 31                                         
2019-02-06 13:26:43,197 DEBUG n.e.o.t.s.UpdateSvc                 - srs-rt3:ge-0/0/0 31                                         
2019-02-06 13:26:43,197 DEBUG n.e.o.t.s.UpdateSvc                 - srs-rt3:ge-1/0/0 31                                         
2019-02-06 13:26:43,197 DEBUG n.e.o.t.s.UpdateSvc                 - srs-rt3:ge-0/1/0 31                                         
2019-02-06 13:26:43,197 DEBUG n.e.o.t.s.UpdateSvc                 - srs-rt3:ge-1/2/0 31                                         
2019-02-06 13:26:43,203 INFO  n.e.o.t.s.UpdateSvc                 - inserting p: hous-cr5:4/1/1 to hous-cr5                     
2019-02-06 13:26:43,204 DEBUG n.e.o.t.s.UpdateSvc                 - hous-cr5:4/1/1 68                                           
2019-02-06 13:26:43,204 DEBUG n.e.o.t.s.UpdateSvc                 - hous-cr5:3/1/1 68                                           
2019-02-06 13:26:43,204 DEBUG n.e.o.t.s.UpdateSvc                 - hous-cr5:1/1/1 68                                           
2019-02-06 13:26:43,204 DEBUG n.e.o.t.s.UpdateSvc                 - hous-cr5:10/1/3 68                                          
2019-02-06 13:26:43,204 DEBUG n.e.o.t.s.UpdateSvc                 - hous-cr5:2/1/1 68                                           
2019-02-06 13:26:43,205 DEBUG n.e.o.t.s.UpdateSvc                 - hous-cr5:10/1/4 68                                          
2019-02-06 13:26:43,208 INFO  n.e.o.t.s.UpdateSvc                 - inserting p: amst-cr5:1/1/1 to amst-cr5                     
2019-02-06 13:26:43,208 DEBUG n.e.o.t.s.UpdateSvc                 - amst-cr5:1/1/1 72                                           
2019-02-06 13:26:43,208 DEBUG n.e.o.t.s.UpdateSvc                 - amst-cr5:3/1/1 72                                           
2019-02-06 13:26:43,208 DEBUG n.e.o.t.s.UpdateSvc                 - amst-cr5:2/1/1 72                                           
2019-02-06 13:26:43,208 DEBUG n.e.o.t.s.UpdateSvc                 - amst-cr5:5/1/1 72                                           
2019-02-06 13:26:43,208 DEBUG n.e.o.t.s.UpdateSvc                 - amst-cr5:10/1/1 72                                          
2019-02-06 13:26:43,208 DEBUG n.e.o.t.s.UpdateSvc                 - amst-cr5:10/1/2 72                                          
2019-02-06 13:26:43,209 DEBUG n.e.o.t.s.UpdateSvc                 - amst-cr5:10/2/5 72                                          
2019-02-06 13:26:43,212 INFO  n.e.o.t.s.UpdateSvc                 - inserting p: nash-cr5:4/1/1 to nash-cr5                     
2019-02-06 13:26:43,212 DEBUG n.e.o.t.s.UpdateSvc                 - nash-cr5:4/1/1 45                                           
2019-02-06 13:26:43,212 DEBUG n.e.o.t.s.UpdateSvc                 - nash-cr5:10/1/5 45                                          
2019-02-06 13:26:43,212 DEBUG n.e.o.t.s.UpdateSvc                 - nash-cr5:1/2/1 45                                           
2019-02-06 13:26:43,213 DEBUG n.e.o.t.s.UpdateSvc                 - nash-cr5:2/1/1 45                                           
2019-02-06 13:26:43,213 DEBUG n.e.o.t.s.UpdateSvc                 - nash-cr5:3/1/1 45                                           
2019-02-06 13:26:43,213 DEBUG n.e.o.t.s.UpdateSvc                 - nash-cr5:10/1/6 45                                          
2019-02-06 13:26:43,213 DEBUG n.e.o.t.s.UpdateSvc                 - nash-cr5:10/1/3 45                                          
2019-02-06 13:26:43,213 DEBUG n.e.o.t.s.UpdateSvc                 - nash-cr5:1/1/1 45                                           
2019-02-06 13:26:43,213 DEBUG n.e.o.t.s.UpdateSvc                 - nash-cr5:10/1/4 45                                          
2019-02-06 13:26:43,216 INFO  n.e.o.t.s.UpdateSvc                 - inserting p: pnwg-cr5:10/1/9 to pnwg-cr5                    
2019-02-06 13:26:43,217 DEBUG n.e.o.t.s.UpdateSvc                 - pnwg-cr5:2/2/1 71                                           
2019-02-06 13:26:43,217 DEBUG n.e.o.t.s.UpdateSvc                 - pnwg-cr5:2/1/1 71                                           
2019-02-06 13:26:43,217 DEBUG n.e.o.t.s.UpdateSvc                 - pnwg-cr5:3/1/1 71                                           
2019-02-06 13:26:43,218 DEBUG n.e.o.t.s.UpdateSvc                 - pnwg-cr5:9/1/2 71                                           
2019-02-06 13:26:43,218 DEBUG n.e.o.t.s.UpdateSvc                 - pnwg-cr5:BLANK 71                                           
2019-02-06 13:26:43,218 DEBUG n.e.o.t.s.UpdateSvc                 - pnwg-cr5:10/1/9 71                                          
2019-02-06 13:26:43,218 DEBUG n.e.o.t.s.UpdateSvc                 - pnwg-cr5:1/1/1 71                                           
2019-02-06 13:26:43,218 DEBUG n.e.o.t.s.UpdateSvc                 - pnwg-cr5:10/1/10 71                                         
2019-02-06 13:26:43,223 INFO  n.e.o.t.s.UpdateSvc                 - inserting p: lbl-mr2:xe-2/2/0 to lbl-mr2                    
2019-02-06 13:26:43,224 DEBUG n.e.o.t.s.UpdateSvc                 - lbl-mr2:xe-2/3/0 74                                         
2019-02-06 13:26:43,224 DEBUG n.e.o.t.s.UpdateSvc                 - lbl-mr2:xe-8/1/0 74                                         
2019-02-06 13:26:43,224 DEBUG n.e.o.t.s.UpdateSvc                 - lbl-mr2:xe-2/2/0 74                                         
2019-02-06 13:26:43,224 DEBUG n.e.o.t.s.UpdateSvc                 - lbl-mr2:ge-9/1/2 74                                         
2019-02-06 13:26:43,224 DEBUG n.e.o.t.s.UpdateSvc                 - lbl-mr2:xe-2/1/0 74                                         
2019-02-06 13:26:43,224 DEBUG n.e.o.t.s.UpdateSvc                 - lbl-mr2:ge-9/0/4 74                                         
2019-02-06 13:26:43,224 DEBUG n.e.o.t.s.UpdateSvc                 - lbl-mr2:ge-9/1/8 74                                         
2019-02-06 13:26:43,224 DEBUG n.e.o.t.s.UpdateSvc                 - lbl-mr2:xe-8/3/0 74                                         
2019-02-06 13:26:43,224 DEBUG n.e.o.t.s.UpdateSvc                 - lbl-mr2:ae0 74                                              
2019-02-06 13:26:43,224 DEBUG n.e.o.t.s.UpdateSvc                 - lbl-mr2:ge-9/1/0 74                                         
2019-02-06 13:26:43,224 DEBUG n.e.o.t.s.UpdateSvc                 - lbl-mr2:xe-0/1/0 74                                         
2019-02-06 13:26:43,224 DEBUG n.e.o.t.s.UpdateSvc                 - lbl-mr2:xe-1/1/0 74                                         
2019-02-06 13:26:43,224 DEBUG n.e.o.t.s.UpdateSvc                 - lbl-mr2:xe-7/0/0 74                                         
2019-02-06 13:26:43,224 DEBUG n.e.o.t.s.UpdateSvc                 - lbl-mr2:xe-0/2/0 74                                         
2019-02-06 13:26:43,225 DEBUG n.e.o.t.s.UpdateSvc                 - lbl-mr2:xe-1/3/0 74                                         
2019-02-06 13:26:43,225 DEBUG n.e.o.t.s.UpdateSvc                 - lbl-mr2:xe-7/2/0 74                                         
2019-02-06 13:26:43,228 INFO  n.e.o.t.s.UpdateSvc                 - inserting p: pnwg-cr5:10/1/6 to pnwg-cr5                    
2019-02-06 13:26:43,229 DEBUG n.e.o.t.s.UpdateSvc                 - pnwg-cr5:2/2/1 71                                           
2019-02-06 13:26:43,229 DEBUG n.e.o.t.s.UpdateSvc                 - pnwg-cr5:2/1/1 71                                           
2019-02-06 13:26:43,229 DEBUG n.e.o.t.s.UpdateSvc                 - pnwg-cr5:3/1/1 71                                           
2019-02-06 13:26:43,229 DEBUG n.e.o.t.s.UpdateSvc                 - pnwg-cr5:9/1/2 71                                           
2019-02-06 13:26:43,229 DEBUG n.e.o.t.s.UpdateSvc                 - pnwg-cr5:BLANK 71                                           
2019-02-06 13:26:43,229 DEBUG n.e.o.t.s.UpdateSvc                 - pnwg-cr5:10/1/9 71                                          
2019-02-06 13:26:43,229 DEBUG n.e.o.t.s.UpdateSvc                 - pnwg-cr5:1/1/1 71                                           
2019-02-06 13:26:43,229 DEBUG n.e.o.t.s.UpdateSvc                 - pnwg-cr5:10/1/10 71                                         
2019-02-06 13:26:43,229 DEBUG n.e.o.t.s.UpdateSvc                 - pnwg-cr5:10/1/6 71                                          
2019-02-06 13:26:43,233 INFO  n.e.o.t.s.UpdateSvc                 - inserting p: nash-cr5:4/2/1 to nash-cr5                     
2019-02-06 13:26:43,235 DEBUG n.e.o.t.s.UpdateSvc                 - nash-cr5:4/1/1 45                                           
2019-02-06 13:26:43,236 DEBUG n.e.o.t.s.UpdateSvc                 - nash-cr5:10/1/5 45                                          
2019-02-06 13:26:43,236 DEBUG n.e.o.t.s.UpdateSvc                 - nash-cr5:1/2/1 45                                           
2019-02-06 13:26:43,236 DEBUG n.e.o.t.s.UpdateSvc                 - nash-cr5:2/1/1 45                                           
2019-02-06 13:26:43,236 DEBUG n.e.o.t.s.UpdateSvc                 - nash-cr5:4/2/1 45                                           
2019-02-06 13:26:43,236 DEBUG n.e.o.t.s.UpdateSvc                 - nash-cr5:3/1/1 45                                           
2019-02-06 13:26:43,236 DEBUG n.e.o.t.s.UpdateSvc                 - nash-cr5:10/1/6 45                                          
2019-02-06 13:26:43,236 DEBUG n.e.o.t.s.UpdateSvc                 - nash-cr5:10/1/3 45                                          
2019-02-06 13:26:43,236 DEBUG n.e.o.t.s.UpdateSvc                 - nash-cr5:1/1/1 45                                           
2019-02-06 13:26:43,236 DEBUG n.e.o.t.s.UpdateSvc                 - nash-cr5:10/1/4 45                                          
2019-02-06 13:26:43,253 INFO  n.e.o.t.s.UpdateSvc                 - inserting p: pnwg-cr5:10/1/5 to pnwg-cr5                    
2019-02-06 13:26:43,254 DEBUG n.e.o.t.s.UpdateSvc                 - pnwg-cr5:2/2/1 71                                           
2019-02-06 13:26:43,254 DEBUG n.e.o.t.s.UpdateSvc                 - pnwg-cr5:2/1/1 71                                           
2019-02-06 13:26:43,254 DEBUG n.e.o.t.s.UpdateSvc                 - pnwg-cr5:3/1/1 71                                           
2019-02-06 13:26:43,254 DEBUG n.e.o.t.s.UpdateSvc                 - pnwg-cr5:9/1/2 71                                           
2019-02-06 13:26:43,254 DEBUG n.e.o.t.s.UpdateSvc                 - pnwg-cr5:10/1/5 71                                          
2019-02-06 13:26:43,254 DEBUG n.e.o.t.s.UpdateSvc                 - pnwg-cr5:BLANK 71                                           
2019-02-06 13:26:43,254 DEBUG n.e.o.t.s.UpdateSvc                 - pnwg-cr5:10/1/9 71                                          
2019-02-06 13:26:43,254 DEBUG n.e.o.t.s.UpdateSvc                 - pnwg-cr5:1/1/1 71                                           
2019-02-06 13:26:43,254 DEBUG n.e.o.t.s.UpdateSvc                 - pnwg-cr5:10/1/10 71                                         
2019-02-06 13:26:43,254 DEBUG n.e.o.t.s.UpdateSvc                 - pnwg-cr5:10/1/6 71                                          
2019-02-06 13:26:43,258 INFO  n.e.o.t.s.UpdateSvc                 - inserting p: pnwg-cr5:10/1/4 to pnwg-cr5                    
2019-02-06 13:26:43,259 DEBUG n.e.o.t.s.UpdateSvc                 - pnwg-cr5:2/2/1 71                                           
2019-02-06 13:26:43,259 DEBUG n.e.o.t.s.UpdateSvc                 - pnwg-cr5:2/1/1 71                                           
2019-02-06 13:26:43,259 DEBUG n.e.o.t.s.UpdateSvc                 - pnwg-cr5:3/1/1 71                                           
2019-02-06 13:26:43,259 DEBUG n.e.o.t.s.UpdateSvc                 - pnwg-cr5:9/1/2 71                                           
2019-02-06 13:26:43,259 DEBUG n.e.o.t.s.UpdateSvc                 - pnwg-cr5:10/1/5 71                                          
2019-02-06 13:26:43,259 DEBUG n.e.o.t.s.UpdateSvc                 - pnwg-cr5:BLANK 71                                           
2019-02-06 13:26:43,259 DEBUG n.e.o.t.s.UpdateSvc                 - pnwg-cr5:10/1/9 71                                          
2019-02-06 13:26:43,259 DEBUG n.e.o.t.s.UpdateSvc                 - pnwg-cr5:1/1/1 71                                           
2019-02-06 13:26:43,259 DEBUG n.e.o.t.s.UpdateSvc                 - pnwg-cr5:10/1/4 71                                          
2019-02-06 13:26:43,259 DEBUG n.e.o.t.s.UpdateSvc                 - pnwg-cr5:10/1/10 71                                         
2019-02-06 13:26:43,259 DEBUG n.e.o.t.s.UpdateSvc                 - pnwg-cr5:10/1/6 71                                          
2019-02-06 13:26:43,263 INFO  n.e.o.t.s.UpdateSvc                 - inserting p: slac-mr2:xe-1/2/0 to slac-mr2                  
2019-02-06 13:26:43,264 DEBUG n.e.o.t.s.UpdateSvc                 - slac-mr2:xe-1/2/0 56                                        
2019-02-06 13:26:43,264 DEBUG n.e.o.t.s.UpdateSvc                 - slac-mr2:xe-1/3/0 56                                        
2019-02-06 13:26:43,264 DEBUG n.e.o.t.s.UpdateSvc                 - slac-mr2:xe-0/2/0 56                                        
2019-02-06 13:26:43,264 DEBUG n.e.o.t.s.UpdateSvc                 - slac-mr2:xe-0/0/0 56                                        
2019-02-06 13:26:43,264 DEBUG n.e.o.t.s.UpdateSvc                 - slac-mr2:xe-1/1/0 56                                        
2019-02-06 13:26:43,264 DEBUG n.e.o.t.s.UpdateSvc                 - slac-mr2:xe-0/1/0 56                                        
2019-02-06 13:26:43,271 INFO  n.e.o.t.s.UpdateSvc                 - inserting p: pnwg-cr5:10/1/3 to pnwg-cr5                    
2019-02-06 13:26:43,273 DEBUG n.e.o.t.s.UpdateSvc                 - pnwg-cr5:2/2/1 71                                           
2019-02-06 13:26:43,273 DEBUG n.e.o.t.s.UpdateSvc                 - pnwg-cr5:2/1/1 71                                           
2019-02-06 13:26:43,273 DEBUG n.e.o.t.s.UpdateSvc                 - pnwg-cr5:3/1/1 71                                           
2019-02-06 13:26:43,273 DEBUG n.e.o.t.s.UpdateSvc                 - pnwg-cr5:9/1/2 71                                           
2019-02-06 13:26:43,273 DEBUG n.e.o.t.s.UpdateSvc                 - pnwg-cr5:10/1/3 71                                          
2019-02-06 13:26:43,273 DEBUG n.e.o.t.s.UpdateSvc                 - pnwg-cr5:10/1/5 71                                          
2019-02-06 13:26:43,273 DEBUG n.e.o.t.s.UpdateSvc                 - pnwg-cr5:BLANK 71                                           
2019-02-06 13:26:43,273 DEBUG n.e.o.t.s.UpdateSvc                 - pnwg-cr5:10/1/9 71                                          
2019-02-06 13:26:43,273 DEBUG n.e.o.t.s.UpdateSvc                 - pnwg-cr5:1/1/1 71                                           
2019-02-06 13:26:43,273 DEBUG n.e.o.t.s.UpdateSvc                 - pnwg-cr5:10/1/4 71                                          
2019-02-06 13:26:43,273 DEBUG n.e.o.t.s.UpdateSvc                 - pnwg-cr5:10/1/10 71                                         
2019-02-06 13:26:43,273 DEBUG n.e.o.t.s.UpdateSvc                 - pnwg-cr5:10/1/6 71                                          
2019-02-06 13:26:43,278 INFO  n.e.o.t.s.UpdateSvc                 - inserting p: pnwg-cr5:10/1/2 to pnwg-cr5                    
2019-02-06 13:26:43,279 DEBUG n.e.o.t.s.UpdateSvc                 - pnwg-cr5:2/1/1 71                                           
2019-02-06 13:26:43,279 DEBUG n.e.o.t.s.UpdateSvc                 - pnwg-cr5:10/1/3 71                                          
2019-02-06 13:26:43,279 DEBUG n.e.o.t.s.UpdateSvc                 - pnwg-cr5:10/1/2 71                                          
2019-02-06 13:26:43,279 DEBUG n.e.o.t.s.UpdateSvc                 - pnwg-cr5:10/1/9 71                                          
2019-02-06 13:26:43,279 DEBUG n.e.o.t.s.UpdateSvc                 - pnwg-cr5:10/1/10 71                                         
2019-02-06 13:26:43,279 DEBUG n.e.o.t.s.UpdateSvc                 - pnwg-cr5:10/1/6 71                                          
2019-02-06 13:26:43,279 DEBUG n.e.o.t.s.UpdateSvc                 - pnwg-cr5:2/2/1 71                                           
2019-02-06 13:26:43,279 DEBUG n.e.o.t.s.UpdateSvc                 - pnwg-cr5:3/1/1 71                                           
2019-02-06 13:26:43,279 DEBUG n.e.o.t.s.UpdateSvc                 - pnwg-cr5:9/1/2 71                                           
2019-02-06 13:26:43,279 DEBUG n.e.o.t.s.UpdateSvc                 - pnwg-cr5:10/1/5 71                                          
2019-02-06 13:26:43,279 DEBUG n.e.o.t.s.UpdateSvc                 - pnwg-cr5:BLANK 71                                           
2019-02-06 13:26:43,279 DEBUG n.e.o.t.s.UpdateSvc                 - pnwg-cr5:1/1/1 71                                           
2019-02-06 13:26:43,279 DEBUG n.e.o.t.s.UpdateSvc                 - pnwg-cr5:10/1/4 71                                          
2019-02-06 13:26:43,283 INFO  n.e.o.t.s.UpdateSvc                 - inserting p: fnal-mr2:xe-0/2/0 to fnal-mr2                  
2019-02-06 13:26:43,285 DEBUG n.e.o.t.s.UpdateSvc                 - fnal-mr2:xe-8/3/0 65                                        
2019-02-06 13:26:43,285 DEBUG n.e.o.t.s.UpdateSvc                 - fnal-mr2:xe-0/0/0 65                                        
2019-02-06 13:26:43,285 DEBUG n.e.o.t.s.UpdateSvc                 - fnal-mr2:xe-8/1/0 65                                        
2019-02-06 13:26:43,285 DEBUG n.e.o.t.s.UpdateSvc                 - fnal-mr2:xe-1/1/0 65                                        
2019-02-06 13:26:43,285 DEBUG n.e.o.t.s.UpdateSvc                 - fnal-mr2:xe-0/2/0 65                                        
2019-02-06 13:26:43,285 DEBUG n.e.o.t.s.UpdateSvc                 - fnal-mr2:xe-1/3/0 65                                        
2019-02-06 13:26:43,289 INFO  n.e.o.t.s.UpdateSvc                 - inserting p: pppl-rt5:xe-1/0/0 to pppl-rt5                  
2019-02-06 13:26:43,290 DEBUG n.e.o.t.s.UpdateSvc                 - pppl-rt5:xe-1/2/0 30                                        
2019-02-06 13:26:43,290 DEBUG n.e.o.t.s.UpdateSvc                 - pppl-rt5:xe-1/1/0 30                                        
2019-02-06 13:26:43,290 DEBUG n.e.o.t.s.UpdateSvc                 - pppl-rt5:xe-1/0/0 30                                        
2019-02-06 13:26:43,290 DEBUG n.e.o.t.s.UpdateSvc                 - pppl-rt5:ge-0/0/2 30                                        
2019-02-06 13:26:43,290 DEBUG n.e.o.t.s.UpdateSvc                 - pppl-rt5:xe-1/3/0 30                                        
2019-02-06 13:26:43,293 INFO  n.e.o.t.s.UpdateSvc                 - inserting p: eqx-chi-cr5:1/2/1 to eqx-chi-cr5               
2019-02-06 13:26:43,294 DEBUG n.e.o.t.s.UpdateSvc                 - eqx-chi-cr5:1/1/1 58                                        
2019-02-06 13:26:43,294 DEBUG n.e.o.t.s.UpdateSvc                 - eqx-chi-cr5:10/1/1 58                                       
2019-02-06 13:26:43,294 DEBUG n.e.o.t.s.UpdateSvc                 - eqx-chi-cr5:BLANK 58                                        
2019-02-06 13:26:43,294 DEBUG n.e.o.t.s.UpdateSvc                 - eqx-chi-cr5:10/1/3 58                                       
2019-02-06 13:26:43,294 DEBUG n.e.o.t.s.UpdateSvc                 - eqx-chi-cr5:10/1/2 58                                       
2019-02-06 13:26:43,294 DEBUG n.e.o.t.s.UpdateSvc                 - eqx-chi-cr5:1/2/1 58                                        
2019-02-06 13:26:43,298 INFO  n.e.o.t.s.UpdateSvc                 - inserting p: cern-513-cr5:10/1/2 to cern-513-cr5            
2019-02-06 13:26:43,299 DEBUG n.e.o.t.s.UpdateSvc                 - cern-513-cr5:1/1/1 34                                       
2019-02-06 13:26:43,299 DEBUG n.e.o.t.s.UpdateSvc                 - cern-513-cr5:2/1/1 34                                       
2019-02-06 13:26:43,299 DEBUG n.e.o.t.s.UpdateSvc                 - cern-513-cr5:5/1/1 34                                       
2019-02-06 13:26:43,299 DEBUG n.e.o.t.s.UpdateSvc                 - cern-513-cr5:1/2/1 34                                       
2019-02-06 13:26:43,299 DEBUG n.e.o.t.s.UpdateSvc                 - cern-513-cr5:4/1/1 34                                       
2019-02-06 13:26:43,299 DEBUG n.e.o.t.s.UpdateSvc                 - cern-513-cr5:10/1/2 34                                      
2019-02-06 13:26:43,299 DEBUG n.e.o.t.s.UpdateSvc                 - cern-513-cr5:BLANK 34                                       
2019-02-06 13:26:43,306 INFO  n.e.o.t.s.UpdateSvc                 - inserting p: cern-513-cr5:10/1/3 to cern-513-cr5            
2019-02-06 13:26:43,307 DEBUG n.e.o.t.s.UpdateSvc                 - cern-513-cr5:1/1/1 34                                       
2019-02-06 13:26:43,307 DEBUG n.e.o.t.s.UpdateSvc                 - cern-513-cr5:2/1/1 34                                       
2019-02-06 13:26:43,307 DEBUG n.e.o.t.s.UpdateSvc                 - cern-513-cr5:5/1/1 34                                       
2019-02-06 13:26:43,307 DEBUG n.e.o.t.s.UpdateSvc                 - cern-513-cr5:1/2/1 34                                       
2019-02-06 13:26:43,307 DEBUG n.e.o.t.s.UpdateSvc                 - cern-513-cr5:4/1/1 34                                       
2019-02-06 13:26:43,307 DEBUG n.e.o.t.s.UpdateSvc                 - cern-513-cr5:10/1/2 34                                      
2019-02-06 13:26:43,307 DEBUG n.e.o.t.s.UpdateSvc                 - cern-513-cr5:10/1/3 34                                      
2019-02-06 13:26:43,307 DEBUG n.e.o.t.s.UpdateSvc                 - cern-513-cr5:BLANK 34                                       
2019-02-06 13:26:43,312 INFO  n.e.o.t.s.UpdateSvc                 - inserting p: snll-mr2:xe-0/1/0 to snll-mr2                  
2019-02-06 13:26:43,313 DEBUG n.e.o.t.s.UpdateSvc                 - snll-mr2:xe-2/2/0 40                                        
2019-02-06 13:26:43,313 DEBUG n.e.o.t.s.UpdateSvc                 - snll-mr2:xe-1/1/0 40                                        
2019-02-06 13:26:43,313 DEBUG n.e.o.t.s.UpdateSvc                 - snll-mr2:xe-2/0/0 40                                        
2019-02-06 13:26:43,313 DEBUG n.e.o.t.s.UpdateSvc                 - snll-mr2:xe-0/2/0 40                                        
2019-02-06 13:26:43,313 DEBUG n.e.o.t.s.UpdateSvc                 - snll-mr2:xe-0/1/0 40                                        
2019-02-06 13:26:43,313 DEBUG n.e.o.t.s.UpdateSvc                 - snll-mr2:xe-1/3/0 40                                        
2019-02-06 13:26:43,313 DEBUG n.e.o.t.s.UpdateSvc                 - snll-mr2:xe-2/3/0 40                                        
2019-02-06 13:26:43,313 DEBUG n.e.o.t.s.UpdateSvc                 - snll-mr2:xe-1/2/0 40                                        
2019-02-06 13:26:43,316 INFO  n.e.o.t.s.UpdateSvc                 - inserting p: jgi-mr2:xe-1/1/0 to jgi-mr2                    
2019-02-06 13:26:43,317 DEBUG n.e.o.t.s.UpdateSvc                 - jgi-mr2:xe-1/3/0 61                                         
2019-02-06 13:26:43,317 DEBUG n.e.o.t.s.UpdateSvc                 - jgi-mr2:xe-2/2/0 61                                         
2019-02-06 13:26:43,317 DEBUG n.e.o.t.s.UpdateSvc                 - jgi-mr2:xe-1/1/0 61                                         
2019-02-06 13:26:43,317 DEBUG n.e.o.t.s.UpdateSvc                 - jgi-mr2:xe-0/2/0 61                                         
2019-02-06 13:26:43,323 INFO  n.e.o.t.s.UpdateSvc                 - inserting p: wash-cr5:3/1/1 to wash-cr5                     
2019-02-06 13:26:43,324 DEBUG n.e.o.t.s.UpdateSvc                 - wash-cr5:10/1/3 36                                          
2019-02-06 13:26:43,324 DEBUG n.e.o.t.s.UpdateSvc                 - wash-cr5:2/1/1 36                                           
2019-02-06 13:26:43,324 DEBUG n.e.o.t.s.UpdateSvc                 - wash-cr5:6/1/1 36                                           
2019-02-06 13:26:43,324 DEBUG n.e.o.t.s.UpdateSvc                 - wash-cr5:5/1/1 36                                           
2019-02-06 13:26:43,324 DEBUG n.e.o.t.s.UpdateSvc                 - wash-cr5:4/1/1 36                                           
2019-02-06 13:26:43,324 DEBUG n.e.o.t.s.UpdateSvc                 - wash-cr5:3/1/1 36                                           
2019-02-06 13:26:43,324 DEBUG n.e.o.t.s.UpdateSvc                 - wash-cr5:1/1/1 36                                           
2019-02-06 13:26:43,324 DEBUG n.e.o.t.s.UpdateSvc                 - wash-cr5:4/2/1 36                                           
2019-02-06 13:26:43,324 DEBUG n.e.o.t.s.UpdateSvc                 - wash-cr5:5/2/1 36                                           
2019-02-06 13:26:43,324 DEBUG n.e.o.t.s.UpdateSvc                 - wash-cr5:10/1/9 36                                          
2019-02-06 13:26:43,324 DEBUG n.e.o.t.s.UpdateSvc                 - wash-cr5:10/1/5 36                                          
2019-02-06 13:26:43,324 DEBUG n.e.o.t.s.UpdateSvc                 - wash-cr5:10/1/4 36                                          
2019-02-06 13:26:43,324 DEBUG n.e.o.t.s.UpdateSvc                 - wash-cr5:10/1/10 36                                         
2019-02-06 13:26:43,328 INFO  n.e.o.t.s.UpdateSvc                 - inserting p: star-cr5:9/1/4 to star-cr5                     
2019-02-06 13:26:43,330 DEBUG n.e.o.t.s.UpdateSvc                 - star-cr5:10/1/8 76                                          
2019-02-06 13:26:43,330 DEBUG n.e.o.t.s.UpdateSvc                 - star-cr5:1/1/1 76                                           
2019-02-06 13:26:43,330 DEBUG n.e.o.t.s.UpdateSvc                 - star-cr5:3/1/1 76                                           
2019-02-06 13:26:43,330 DEBUG n.e.o.t.s.UpdateSvc                 - star-cr5:4/2/1 76                                           
2019-02-06 13:26:43,330 DEBUG n.e.o.t.s.UpdateSvc                 - star-cr5:6/1/1 76                                           
2019-02-06 13:26:43,330 DEBUG n.e.o.t.s.UpdateSvc                 - star-cr5:5/1/1 76                                           
2019-02-06 13:26:43,330 DEBUG n.e.o.t.s.UpdateSvc                 - star-cr5:8/1/2 76                                           
2019-02-06 13:26:43,330 DEBUG n.e.o.t.s.UpdateSvc                 - star-cr5:9/1/4 76                                           
2019-02-06 13:26:43,330 DEBUG n.e.o.t.s.UpdateSvc                 - star-cr5:8/1/6 76                                           
2019-02-06 13:26:43,330 DEBUG n.e.o.t.s.UpdateSvc                 - star-cr5:10/1/7 76                                          
2019-02-06 13:26:43,330 DEBUG n.e.o.t.s.UpdateSvc                 - star-cr5:10/1/10 76                                         
2019-02-06 13:26:43,330 DEBUG n.e.o.t.s.UpdateSvc                 - star-cr5:4/1/1 76                                           
2019-02-06 13:26:43,330 DEBUG n.e.o.t.s.UpdateSvc                 - star-cr5:1/2/1 76                                           
2019-02-06 13:26:43,330 DEBUG n.e.o.t.s.UpdateSvc                 - star-cr5:6/2/1 76                                           
2019-02-06 13:26:43,330 DEBUG n.e.o.t.s.UpdateSvc                 - star-cr5:BLANK 76                                           
2019-02-06 13:26:43,330 DEBUG n.e.o.t.s.UpdateSvc                 - star-cr5:8/1/4 76                                           
2019-02-06 13:26:43,331 DEBUG n.e.o.t.s.UpdateSvc                 - star-cr5:3/2/1 76                                           
2019-02-06 13:26:43,331 DEBUG n.e.o.t.s.UpdateSvc                 - star-cr5:10/1/1 76                                          
2019-02-06 13:26:43,335 INFO  n.e.o.t.s.UpdateSvc                 - inserting p: ga-rt2:xe-0/3/0 to ga-rt2                      
2019-02-06 13:26:43,336 DEBUG n.e.o.t.s.UpdateSvc                 - ga-rt2:ge-1/0/3 37                                          
2019-02-06 13:26:43,337 DEBUG n.e.o.t.s.UpdateSvc                 - ga-rt2:ge-1/1/3 37                                          
2019-02-06 13:26:43,337 DEBUG n.e.o.t.s.UpdateSvc                 - ga-rt2:xe-0/0/0 37                                          
2019-02-06 13:26:43,337 DEBUG n.e.o.t.s.UpdateSvc                 - ga-rt2:ge-1/0/5 37                                          
2019-02-06 13:26:43,337 DEBUG n.e.o.t.s.UpdateSvc                 - ga-rt2:xe-0/3/0 37                                          
2019-02-06 13:26:43,337 DEBUG n.e.o.t.s.UpdateSvc                 - ga-rt2:xe-0/2/0 37                                          
2019-02-06 13:26:43,343 INFO  n.e.o.t.s.UpdateSvc                 - inserting p: denv-cr5:2/1/1 to denv-cr5                     
2019-02-06 13:26:43,343 DEBUG n.e.o.t.s.UpdateSvc                 - denv-cr5:10/1/6 75                                          
2019-02-06 13:26:43,343 DEBUG n.e.o.t.s.UpdateSvc                 - denv-cr5:10/1/12 75                                         
2019-02-06 13:26:43,344 DEBUG n.e.o.t.s.UpdateSvc                 - denv-cr5:4/1/1 75                                           
2019-02-06 13:26:43,344 DEBUG n.e.o.t.s.UpdateSvc                 - denv-cr5:3/1/1 75                                           
2019-02-06 13:26:43,344 DEBUG n.e.o.t.s.UpdateSvc                 - denv-cr5:9/1/1 75                                           
2019-02-06 13:26:43,344 DEBUG n.e.o.t.s.UpdateSvc                 - denv-cr5:9/1/3 75                                           
2019-02-06 13:26:43,344 DEBUG n.e.o.t.s.UpdateSvc                 - denv-cr5:4/2/1 75                                           
2019-02-06 13:26:43,344 DEBUG n.e.o.t.s.UpdateSvc                 - denv-cr5:10/1/11 75                                         
2019-02-06 13:26:43,344 DEBUG n.e.o.t.s.UpdateSvc                 - denv-cr5:10/1/5 75                                          
2019-02-06 13:26:43,344 DEBUG n.e.o.t.s.UpdateSvc                 - denv-cr5:1/1/1 75                                           
2019-02-06 13:26:43,344 DEBUG n.e.o.t.s.UpdateSvc                 - denv-cr5:10/1/4 75                                          
2019-02-06 13:26:43,344 DEBUG n.e.o.t.s.UpdateSvc                 - denv-cr5:10/1/10 75                                         
2019-02-06 13:26:43,344 DEBUG n.e.o.t.s.UpdateSvc                 - denv-cr5:2/1/1 75                                           
2019-02-06 13:26:43,344 DEBUG n.e.o.t.s.UpdateSvc                 - denv-cr5:10/1/3 75                                          
2019-02-06 13:26:43,344 DEBUG n.e.o.t.s.UpdateSvc                 - denv-cr5:10/1/7 75                                          
2019-02-06 13:26:43,347 INFO  n.e.o.t.s.UpdateSvc                 - inserting p: srs-rt3:ge-1/3/0 to srs-rt3                    
2019-02-06 13:26:43,347 DEBUG n.e.o.t.s.UpdateSvc                 - srs-rt3:ge-1/1/0 31                                         
2019-02-06 13:26:43,348 DEBUG n.e.o.t.s.UpdateSvc                 - srs-rt3:ge-1/3/0 31                                         
2019-02-06 13:26:43,348 DEBUG n.e.o.t.s.UpdateSvc                 - srs-rt3:ge-0/0/0 31                                         
2019-02-06 13:26:43,348 DEBUG n.e.o.t.s.UpdateSvc                 - srs-rt3:ge-1/0/0 31                                         
2019-02-06 13:26:43,348 DEBUG n.e.o.t.s.UpdateSvc                 - srs-rt3:ge-0/1/0 31                                         
2019-02-06 13:26:43,348 DEBUG n.e.o.t.s.UpdateSvc                 - srs-rt3:ge-1/2/0 31                                         
2019-02-06 13:26:43,362 INFO  n.e.o.t.s.UpdateSvc                 - inserting p: amst-cr5:1/2/1 to amst-cr5                     
2019-02-06 13:26:43,363 DEBUG n.e.o.t.s.UpdateSvc                 - amst-cr5:1/2/1 72                                           
2019-02-06 13:26:43,363 DEBUG n.e.o.t.s.UpdateSvc                 - amst-cr5:1/1/1 72                                           
2019-02-06 13:26:43,363 DEBUG n.e.o.t.s.UpdateSvc                 - amst-cr5:3/1/1 72                                           
2019-02-06 13:26:43,363 DEBUG n.e.o.t.s.UpdateSvc                 - amst-cr5:2/1/1 72                                           
2019-02-06 13:26:43,363 DEBUG n.e.o.t.s.UpdateSvc                 - amst-cr5:5/1/1 72                                           
2019-02-06 13:26:43,363 DEBUG n.e.o.t.s.UpdateSvc                 - amst-cr5:10/1/1 72                                          
2019-02-06 13:26:43,363 DEBUG n.e.o.t.s.UpdateSvc                 - amst-cr5:10/1/2 72                                          
2019-02-06 13:26:43,363 DEBUG n.e.o.t.s.UpdateSvc                 - amst-cr5:10/2/5 72                                          
2019-02-06 13:26:43,366 INFO  n.e.o.t.s.UpdateSvc                 - inserting p: lond-cr5:3/1/1 to lond-cr5                     
2019-02-06 13:26:43,366 DEBUG n.e.o.t.s.UpdateSvc                 - lond-cr5:5/1/1 57                                           
2019-02-06 13:26:43,367 DEBUG n.e.o.t.s.UpdateSvc                 - lond-cr5:3/1/1 57                                           
2019-02-06 13:26:43,367 DEBUG n.e.o.t.s.UpdateSvc                 - lond-cr5:2/1/1 57                                           
2019-02-06 13:26:43,367 DEBUG n.e.o.t.s.UpdateSvc                 - lond-cr5:1/1/1 57                                           
2019-02-06 13:26:43,367 DEBUG n.e.o.t.s.UpdateSvc                 - lond-cr5:10/1/4 57                                          
2019-02-06 13:26:43,367 DEBUG n.e.o.t.s.UpdateSvc                 - lond-cr5:2/2/1 57                                           
2019-02-06 13:26:43,367 DEBUG n.e.o.t.s.UpdateSvc                 - lond-cr5:10/1/2 57                                          
2019-02-06 13:26:43,367 DEBUG n.e.o.t.s.UpdateSvc                 - lond-cr5:10/1/1 57                                          
2019-02-06 13:26:43,367 DEBUG n.e.o.t.s.UpdateSvc                 - lond-cr5:1/2/1 57                                           
2019-02-06 13:26:43,370 INFO  n.e.o.t.s.UpdateSvc                 - inserting p: eqx-chi-cr5:2/1/1 to eqx-chi-cr5               
2019-02-06 13:26:43,371 DEBUG n.e.o.t.s.UpdateSvc                 - eqx-chi-cr5:1/1/1 58                                        
2019-02-06 13:26:43,371 DEBUG n.e.o.t.s.UpdateSvc                 - eqx-chi-cr5:2/1/1 58                                        
2019-02-06 13:26:43,371 DEBUG n.e.o.t.s.UpdateSvc                 - eqx-chi-cr5:10/1/1 58                                       
2019-02-06 13:26:43,371 DEBUG n.e.o.t.s.UpdateSvc                 - eqx-chi-cr5:BLANK 58                                        
2019-02-06 13:26:43,371 DEBUG n.e.o.t.s.UpdateSvc                 - eqx-chi-cr5:10/1/3 58                                       
2019-02-06 13:26:43,371 DEBUG n.e.o.t.s.UpdateSvc                 - eqx-chi-cr5:10/1/2 58                                       
2019-02-06 13:26:43,371 DEBUG n.e.o.t.s.UpdateSvc                 - eqx-chi-cr5:1/2/1 58                                        
2019-02-06 13:26:43,376 INFO  n.e.o.t.s.UpdateSvc                 - inserting p: snla-rt3:xe-0/0/0 to snla-rt3                  
2019-02-06 13:26:43,377 DEBUG n.e.o.t.s.UpdateSvc                 - snla-rt3:ge-1/0/2 48                                        
2019-02-06 13:26:43,377 DEBUG n.e.o.t.s.UpdateSvc                 - snla-rt3:xe-1/2/0 48                                        
2019-02-06 13:26:43,377 DEBUG n.e.o.t.s.UpdateSvc                 - snla-rt3:xe-0/0/0 48                                        
2019-02-06 13:26:43,382 INFO  n.e.o.t.s.UpdateSvc                 - inserting p: pppl-rt5:xe-0/2/0 to pppl-rt5                  
2019-02-06 13:26:43,383 DEBUG n.e.o.t.s.UpdateSvc                 - pppl-rt5:xe-1/2/0 30                                        
2019-02-06 13:26:43,384 DEBUG n.e.o.t.s.UpdateSvc                 - pppl-rt5:xe-0/2/0 30                                        
2019-02-06 13:26:43,384 DEBUG n.e.o.t.s.UpdateSvc                 - pppl-rt5:xe-1/1/0 30                                        
2019-02-06 13:26:43,384 DEBUG n.e.o.t.s.UpdateSvc                 - pppl-rt5:xe-1/0/0 30                                        
2019-02-06 13:26:43,384 DEBUG n.e.o.t.s.UpdateSvc                 - pppl-rt5:ge-0/0/2 30                                        
2019-02-06 13:26:43,384 DEBUG n.e.o.t.s.UpdateSvc                 - pppl-rt5:xe-1/3/0 30                                        
2019-02-06 13:26:43,384 INFO  n.e.o.t.s.UpdateSvc                 - finished merging ports                                      
2019-02-06 13:26:43,384 INFO  n.e.o.t.s.UpdateSvc                 -    inserted     :   395                                     
2019-02-06 13:26:43,384 INFO  n.e.o.t.s.UpdateSvc                 -    ver updated  :   0                                       
2019-02-06 13:26:43,384 INFO  n.e.o.t.s.UpdateSvc                 -    data updated :   0                                       
2019-02-06 13:26:43,384 INFO  n.e.o.t.s.UpdateSvc                 -    invalidated  :   0                                       
2019-02-06 13:26:44,640 INFO  n.e.o.t.s.UpdateSvc                 - inserting pa: sunn-cr5:9/1/1 - jgi-mr2:xe-1/1/0             
2019-02-06 13:26:44,649 INFO  n.e.o.t.s.UpdateSvc                 - inserting pa: fnal-mr2:xe-8/1/0 - star-cr5:9/1/4            
2019-02-06 13:26:44,662 INFO  n.e.o.t.s.UpdateSvc                 - inserting pa: wash-cr5:5/1/1 - cern-513-cr5:1/1/1           
2019-02-06 13:26:44,678 INFO  n.e.o.t.s.UpdateSvc                 - inserting pa: denv-cr5:10/1/5 - bois-cr1:xe-7/1/0           
2019-02-06 13:26:44,693 INFO  n.e.o.t.s.UpdateSvc                 - inserting pa: sunn-cr5:1/1/1 - sacr-cr5:1/1/1               
2019-02-06 13:26:44,709 INFO  n.e.o.t.s.UpdateSvc                 - inserting pa: orau-rt4:ge-0/1/2 - ornl-cr5:10/1/2           
2019-02-06 13:26:44,739 INFO  n.e.o.t.s.UpdateSvc                 - inserting pa: lsvn-cr1:xe-1/2/0 - sunn-cr5:10/2/4           
2019-02-06 13:26:44,757 INFO  n.e.o.t.s.UpdateSvc                 - inserting pa: pppl-rt5:xe-1/0/0 - wash-cr5:10/1/5           
2019-02-06 13:26:44,771 INFO  n.e.o.t.s.UpdateSvc                 - inserting pa: kans-cr5:1/1/1 - chic-cr5:3/1/1               
2019-02-06 13:26:44,783 INFO  n.e.o.t.s.UpdateSvc                 - inserting pa: pnwg-cr5:10/1/4 - netl-alb-rt1:xe-2/0/0       
2019-02-06 13:26:44,800 INFO  n.e.o.t.s.UpdateSvc                 - inserting pa: jgi-mr2:xe-2/2/0 - sacr-cr5:10/2/3            
2019-02-06 13:26:44,810 INFO  n.e.o.t.s.UpdateSvc                 - inserting pa: wash-cr5:3/1/1 - atla-cr5:1/1/1               
2019-02-06 13:26:44,821 INFO  n.e.o.t.s.UpdateSvc                 - inserting pa: amst-cr5:2/1/1 - lond-cr5:2/1/1               
2019-02-06 13:26:44,831 INFO  n.e.o.t.s.UpdateSvc                 - inserting pa: forr-rt2:ge-0/0/0 - wash-cr5:10/1/3           
2019-02-06 13:26:44,853 INFO  n.e.o.t.s.UpdateSvc                 - inserting pa: star-cr5:8/1/2 - fnal-mr2:xe-1/1/0            
2019-02-06 13:26:44,865 INFO  n.e.o.t.s.UpdateSvc                 - inserting pa: cern-773-cr5:1/1/1 - lond-cr5:1/1/1           
2019-02-06 13:26:44,880 INFO  n.e.o.t.s.UpdateSvc                 - inserting pa: sacr-cr5:1/1/1 - sunn-cr5:1/1/1               
2019-02-06 13:26:44,896 INFO  n.e.o.t.s.UpdateSvc                 - inserting pa: hous-cr5:2/1/1 - kans-cr5:3/1/1               
2019-02-06 13:26:44,908 INFO  n.e.o.t.s.UpdateSvc                 - inserting pa: llnl-mr2:xe-2/0/0 - snll-mr2:xe-2/0/0         
2019-02-06 13:26:44,917 INFO  n.e.o.t.s.UpdateSvc                 - inserting pa: ornl-cr5:9/1/4 - osti-rt2:xe-1/2/0            
2019-02-06 13:26:44,928 INFO  n.e.o.t.s.UpdateSvc                 - inserting pa: snla-rt3:xe-1/2/0 - albq-cr5:10/1/2           
2019-02-06 13:26:44,938 INFO  n.e.o.t.s.UpdateSvc                 - inserting pa: doe-gtn-rt2:ge-0/1/0 - eqx-ash-cr5:10/1/1     
2019-02-06 13:26:44,958 INFO  n.e.o.t.s.UpdateSvc                 - inserting pa: srs-rt3:ge-1/1/0 - nash-cr5:10/1/3            
2019-02-06 13:26:44,967 INFO  n.e.o.t.s.UpdateSvc                 - inserting pa: slac-mr2:xe-0/0/0 - sunn-cr5:10/1/1           
2019-02-06 13:26:44,976 INFO  n.e.o.t.s.UpdateSvc                 - inserting pa: lond-cr5:5/1/1 - aofa-cr5:7/2/1               
2019-02-06 13:26:44,989 INFO  n.e.o.t.s.UpdateSvc                 - inserting pa: slac-mr2:xe-1/1/0 - sunn-cr5:10/1/4           
2019-02-06 13:26:44,998 INFO  n.e.o.t.s.UpdateSvc                 - inserting pa: snll-mr2:xe-1/2/0 - sacr-cr5:10/2/4           
2019-02-06 13:26:45,010 INFO  n.e.o.t.s.UpdateSvc                 - inserting pa: star-cr5:1/1/1 - bost-cr5:2/1/1               
2019-02-06 13:26:45,019 INFO  n.e.o.t.s.UpdateSvc                 - inserting pa: wash-cr5:1/1/1 - chic-cr5:1/1/1               
2019-02-06 13:26:45,031 INFO  n.e.o.t.s.UpdateSvc                 - inserting pa: sunn-cr5:10/1/3 - nersc-mr2:xe-1/1/0          
2019-02-06 13:26:45,040 INFO  n.e.o.t.s.UpdateSvc                 - inserting pa: wash-cr5:10/1/5 - pppl-rt5:xe-1/0/0           
2019-02-06 13:26:45,047 INFO  n.e.o.t.s.UpdateSvc                 - inserting pa: star-cr5:9/1/4 - fnal-mr2:xe-8/1/0            
2019-02-06 13:26:45,056 INFO  n.e.o.t.s.UpdateSvc                 - inserting pa: sacr-cr5:3/1/1 - pnwg-cr5:1/1/1               
2019-02-06 13:26:45,077 INFO  n.e.o.t.s.UpdateSvc                 - inserting pa: sunn-cr5:10/1/1 - slac-mr2:xe-0/0/0           
2019-02-06 13:26:45,088 INFO  n.e.o.t.s.UpdateSvc                 - inserting pa: pnwg-cr5:1/1/1 - sacr-cr5:3/1/1               
2019-02-06 13:26:45,097 INFO  n.e.o.t.s.UpdateSvc                 - inserting pa: pnwg-cr5:10/1/9 - bois-cr1:xe-0/0/0           
2019-02-06 13:26:45,109 INFO  n.e.o.t.s.UpdateSvc                 - inserting pa: nash-cr5:4/2/1 - wash-cr5:5/2/1               
2019-02-06 13:26:45,119 INFO  n.e.o.t.s.UpdateSvc                 - inserting pa: elpa-cr5:2/1/1 - albq-cr5:2/1/1               
2019-02-06 13:26:45,129 INFO  n.e.o.t.s.UpdateSvc                 - inserting pa: llnl-mr2:xe-0/2/0 - sacr-cr5:10/2/6           
2019-02-06 13:26:45,139 INFO  n.e.o.t.s.UpdateSvc                 - inserting pa: aofa-cr5:3/1/1 - newy-cr5:2/1/1               
2019-02-06 13:26:45,148 INFO  n.e.o.t.s.UpdateSvc                 - inserting pa: hous-cr5:3/1/1 - nash-cr5:3/1/1               
2019-02-06 13:26:45,156 INFO  n.e.o.t.s.UpdateSvc                 - inserting pa: netl-mgn-rt1:xe-2/0/0 - eqx-ash-cr5:10/1/2    
2019-02-06 13:26:45,163 INFO  n.e.o.t.s.UpdateSvc                 - inserting pa: ga-rt2:ge-1/1/3 - lsvn-cr1:ge-1/1/5           
2019-02-06 13:26:45,170 INFO  n.e.o.t.s.UpdateSvc                 - inserting pa: eqx-ash-cr5:1/1/1 - wash-cr5:4/2/1            
2019-02-06 13:26:45,187 INFO  n.e.o.t.s.UpdateSvc                 - inserting pa: lond-cr5:2/1/1 - amst-cr5:2/1/1               
2019-02-06 13:26:45,195 INFO  n.e.o.t.s.UpdateSvc                 - inserting pa: sunn-cr5:10/1/4 - slac-mr2:xe-1/1/0           
2019-02-06 13:26:45,202 INFO  n.e.o.t.s.UpdateSvc                 - inserting pa: sacr-cr5:2/1/1 - denv-cr5:2/1/1               
2019-02-06 13:26:45,211 INFO  n.e.o.t.s.UpdateSvc                 - inserting pa: nash-cr5:3/1/1 - hous-cr5:3/1/1               
2019-02-06 13:26:45,222 INFO  n.e.o.t.s.UpdateSvc                 - inserting pa: ameslab-rt3:xe-0/0/0 - chic-cr5:10/1/7        
2019-02-06 13:26:45,232 INFO  n.e.o.t.s.UpdateSvc                 - inserting pa: orau-rt4:ge-0/1/4 - ornl-rt4:ge-0/0/1         
2019-02-06 13:26:45,241 INFO  n.e.o.t.s.UpdateSvc                 - inserting pa: aofa-cr5:6/2/1 - wash-cr5:4/1/1               
2019-02-06 13:26:45,250 INFO  n.e.o.t.s.UpdateSvc                 - inserting pa: snll-mr2:xe-2/0/0 - llnl-mr2:xe-2/0/0         
2019-02-06 13:26:45,258 INFO  n.e.o.t.s.UpdateSvc                 - inserting pa: sunn-cr5:9/1/3 - llnl-mr2:xe-3/2/0            
2019-02-06 13:26:45,263 INFO  n.e.o.t.s.UpdateSvc                 - inserting pa: eqx-ash-cr5:10/1/2 - netl-mgn-rt1:xe-2/0/0    
2019-02-06 13:26:45,271 INFO  n.e.o.t.s.UpdateSvc                 - inserting pa: chic-cr5:10/1/5 - anl-mr2:xe-0/0/0            
2019-02-06 13:26:45,278 INFO  n.e.o.t.s.UpdateSvc                 - inserting pa: pantex-rt4:ge-0/1/0 - hous-cr5:10/1/3         
2019-02-06 13:26:45,285 INFO  n.e.o.t.s.UpdateSvc                 - inserting pa: sunn-cr5:10/2/3 - ga-rt2:xe-0/0/0             
2019-02-06 13:26:45,304 INFO  n.e.o.t.s.UpdateSvc                 - inserting pa: nash-cr5:10/1/5 - ornl-rt4:xe-1/2/0           
2019-02-06 13:26:45,313 INFO  n.e.o.t.s.UpdateSvc                 - inserting pa: netl-pgh-rt1:xe-2/0/0 - eqx-ash-cr5:10/2/2    
2019-02-06 13:26:45,324 INFO  n.e.o.t.s.UpdateSvc                 - inserting pa: cern-513-cr5:1/2/1 - cern-773-cr5:2/1/1       
2019-02-06 13:26:45,336 INFO  n.e.o.t.s.UpdateSvc                 - inserting pa: aofa-cr5:2/1/1 - lond-cr5:2/2/1               
2019-02-06 13:26:45,344 INFO  n.e.o.t.s.UpdateSvc                 - inserting pa: star-cr5:8/1/6 - ameslab-rt3:xe-1/0/0         
2019-02-06 13:26:45,353 INFO  n.e.o.t.s.UpdateSvc                 - inserting pa: sacr-cr5:10/2/1 - nersc-mr2:xe-2/2/0          
2019-02-06 13:26:45,360 INFO  n.e.o.t.s.UpdateSvc                 - inserting pa: slac-mr2:xe-1/2/0 - sacr-cr5:10/2/5           
2019-02-06 13:26:45,366 INFO  n.e.o.t.s.UpdateSvc                 - inserting pa: llnl-mr2:xe-3/2/0 - sunn-cr5:9/1/3            
2019-02-06 13:26:45,372 INFO  n.e.o.t.s.UpdateSvc                 - inserting pa: hous-cr5:1/1/1 - elpa-cr5:1/1/1               
2019-02-06 13:26:45,378 INFO  n.e.o.t.s.UpdateSvc                 - inserting pa: atla-cr5:2/1/1 - nash-cr5:2/1/1               
2019-02-06 13:26:45,385 INFO  n.e.o.t.s.UpdateSvc                 - inserting pa: chic-cr5:6/2/1 - star-cr5:5/1/1               
2019-02-06 13:26:45,405 INFO  n.e.o.t.s.UpdateSvc                 - inserting pa: eqx-ash-cr5:10/1/1 - doe-gtn-rt2:ge-0/1/0     
2019-02-06 13:26:45,416 INFO  n.e.o.t.s.UpdateSvc                 - inserting pa: denv-cr5:3/1/1 - albq-cr5:1/1/1               
2019-02-06 13:26:45,427 INFO  n.e.o.t.s.UpdateSvc                 - inserting pa: wash-cr5:4/2/1 - eqx-ash-cr5:1/1/1            
2019-02-06 13:26:45,438 INFO  n.e.o.t.s.UpdateSvc                 - inserting pa: cern-513-cr5:5/1/1 - amst-cr5:1/1/1           
2019-02-06 13:26:45,449 INFO  n.e.o.t.s.UpdateSvc                 - inserting pa: lond-cr5:1/1/1 - cern-773-cr5:1/1/1           
2019-02-06 13:26:45,460 INFO  n.e.o.t.s.UpdateSvc                 - inserting pa: aofa-cr5:5/1/1 - star-cr5:4/2/1               
2019-02-06 13:26:45,467 INFO  n.e.o.t.s.UpdateSvc                 - inserting pa: doe-gtn-rt2:ge-0/0/0 - forr-rt2:ge-0/0/1      
2019-02-06 13:26:45,476 INFO  n.e.o.t.s.UpdateSvc                 - inserting pa: wash-cr5:4/1/1 - aofa-cr5:6/2/1               
2019-02-06 13:26:45,483 INFO  n.e.o.t.s.UpdateSvc                 - inserting pa: albq-cr5:1/1/1 - denv-cr5:3/1/1               
2019-02-06 13:26:45,491 INFO  n.e.o.t.s.UpdateSvc                 - inserting pa: denv-cr5:10/1/10 - lsvn-cr1:xe-2/2/0          
2019-02-06 13:26:45,508 INFO  n.e.o.t.s.UpdateSvc                 - inserting pa: wash-cr5:2/1/1 - aofa-cr5:1/1/1               
2019-02-06 13:26:45,517 INFO  n.e.o.t.s.UpdateSvc                 - inserting pa: pnwg-cr5:2/2/1 - denv-cr5:4/1/1               
2019-02-06 13:26:45,524 INFO  n.e.o.t.s.UpdateSvc                 - inserting pa: atla-cr5:1/1/1 - wash-cr5:3/1/1               
2019-02-06 13:26:45,535 INFO  n.e.o.t.s.UpdateSvc                 - inserting pa: denv-cr5:1/1/1 - kans-cr5:2/1/1               
2019-02-06 13:26:45,545 INFO  n.e.o.t.s.UpdateSvc                 - inserting pa: pnwg-cr5:10/1/6 - denv-cr5:10/1/4             
2019-02-06 13:26:45,555 INFO  n.e.o.t.s.UpdateSvc                 - inserting pa: sunn-cr5:10/2/4 - lsvn-cr1:xe-1/2/0           
2019-02-06 13:26:45,563 INFO  n.e.o.t.s.UpdateSvc                 - inserting pa: nash-cr5:4/1/1 - chic-cr5:6/1/1               
2019-02-06 13:26:45,574 INFO  n.e.o.t.s.UpdateSvc                 - inserting pa: nersc-mr2:xe-1/1/0 - sunn-cr5:10/1/3          
2019-02-06 13:26:45,583 INFO  n.e.o.t.s.UpdateSvc                 - inserting pa: pppl-rt5:xe-0/2/0 - aofa-cr5:9/1/1            
2019-02-06 13:26:45,592 INFO  n.e.o.t.s.UpdateSvc                 - inserting pa: amst-cr5:1/1/1 - cern-513-cr5:5/1/1           
2019-02-06 13:26:45,600 INFO  n.e.o.t.s.UpdateSvc                 - inserting pa: orau-rt4:ge-0/1/2 - ornl-rt4:xe-2/3/0         
2019-02-06 13:26:45,609 INFO  n.e.o.t.s.UpdateSvc                 - inserting pa: chic-cr5:2/1/1 - star-cr5:4/1/1               
2019-02-06 13:26:45,617 INFO  n.e.o.t.s.UpdateSvc                 - inserting pa: aofa-cr5:1/1/1 - wash-cr5:2/1/1               
2019-02-06 13:26:45,638 INFO  n.e.o.t.s.UpdateSvc                 - inserting pa: anl-mr2:xe-0/0/0 - chic-cr5:10/1/5            
2019-02-06 13:26:45,661 INFO  n.e.o.t.s.UpdateSvc                 - inserting pa: elpa-cr5:1/1/1 - hous-cr5:1/1/1               
2019-02-06 13:26:45,677 INFO  n.e.o.t.s.UpdateSvc                 - inserting pa: osti-rt2:xe-1/2/0 - ornl-cr5:9/1/4            
2019-02-06 13:26:45,688 INFO  n.e.o.t.s.UpdateSvc                 - inserting pa: srs-rt3:ge-0/1/0 - atla-cr5:10/1/3            
2019-02-06 13:26:45,695 INFO  n.e.o.t.s.UpdateSvc                 - inserting pa: eqx-ash-cr5:10/2/2 - netl-pgh-rt1:xe-2/0/0    
2019-02-06 13:26:45,703 INFO  n.e.o.t.s.UpdateSvc                 - inserting pa: nash-cr5:10/1/4 - ornl-rt4:xe-0/2/0           
2019-02-06 13:26:45,710 INFO  n.e.o.t.s.UpdateSvc                 - inserting pa: eqx-chi-cr5:1/1/1 - chic-cr5:7/1/1            
2019-02-06 13:26:45,717 INFO  n.e.o.t.s.UpdateSvc                 - inserting pa: ornl-cr5:10/1/2 - orau-rt4:ge-0/1/2           
2019-02-06 13:26:45,728 INFO  n.e.o.t.s.UpdateSvc                 - inserting pa: sacr-cr5:10/2/6 - llnl-mr2:xe-0/2/0           
2019-02-06 13:26:45,738 INFO  n.e.o.t.s.UpdateSvc                 - inserting pa: star-cr5:4/1/1 - chic-cr5:2/1/1               
2019-02-06 13:26:45,745 INFO  n.e.o.t.s.UpdateSvc                 - inserting pa: ornl-rt4:xe-1/0/0 - ornl-cr5:10/1/1           
2019-02-06 13:26:45,751 INFO  n.e.o.t.s.UpdateSvc                 - inserting pa: chic-cr5:10/1/7 - ameslab-rt3:xe-0/0/0        
2019-02-06 13:26:45,758 INFO  n.e.o.t.s.UpdateSvc                 - inserting pa: lbl-mr2:xe-7/2/0 - sacr-cr5:10/2/2            
2019-02-06 13:26:45,764 INFO  n.e.o.t.s.UpdateSvc                 - inserting pa: ornl-rt4:xe-2/3/0 - orau-rt4:ge-0/1/2         
2019-02-06 13:26:45,771 INFO  n.e.o.t.s.UpdateSvc                 - inserting pa: star-cr5:10/1/1 - anl-mr2:xe-2/3/0            
2019-02-06 13:26:45,780 INFO  n.e.o.t.s.UpdateSvc                 - inserting pa: sacr-cr5:10/2/5 - slac-mr2:xe-1/2/0           
2019-02-06 13:26:45,790 INFO  n.e.o.t.s.UpdateSvc                 - inserting pa: bost-cr5:1/1/1 - newy-cr5:4/2/1               
2019-02-06 13:26:45,796 INFO  n.e.o.t.s.UpdateSvc                 - inserting pa: sunn-cr5:10/1/5 - snll-mr2:xe-2/2/0           
2019-02-06 13:26:45,803 INFO  n.e.o.t.s.UpdateSvc                 - inserting pa: lond-cr5:2/2/1 - aofa-cr5:2/1/1               
2019-02-06 13:26:45,809 INFO  n.e.o.t.s.UpdateSvc                 - inserting pa: newy-cr5:4/2/1 - bost-cr5:1/1/1               
2019-02-06 13:26:45,829 INFO  n.e.o.t.s.UpdateSvc                 - inserting pa: jgi-mr2:xe-1/1/0 - sunn-cr5:9/1/1             
2019-02-06 13:26:45,837 INFO  n.e.o.t.s.UpdateSvc                 - inserting pa: denv-cr5:10/1/6 - pnwg-cr5:10/1/10            
2019-02-06 13:26:45,844 INFO  n.e.o.t.s.UpdateSvc                 - inserting pa: kans-cr5:3/1/1 - hous-cr5:2/1/1               
2019-02-06 13:26:45,852 INFO  n.e.o.t.s.UpdateSvc                 - inserting pa: hous-cr5:10/1/3 - pantex-rt4:ge-0/1/0         
2019-02-06 13:26:45,857 INFO  n.e.o.t.s.UpdateSvc                 - inserting pa: bois-cr1:xe-0/0/0 - pnwg-cr5:10/1/9           
2019-02-06 13:26:45,863 INFO  n.e.o.t.s.UpdateSvc                 - inserting pa: ornl-rt4:xe-0/2/0 - nash-cr5:10/1/4           
2019-02-06 13:26:45,871 INFO  n.e.o.t.s.UpdateSvc                 - inserting pa: netl-alb-rt1:xe-2/0/0 - pnwg-cr5:10/1/4       
2019-02-06 13:26:45,881 INFO  n.e.o.t.s.UpdateSvc                 - inserting pa: sunn-cr5:10/2/2 - eqx-sj-cr5:10/2/4           
2019-02-06 13:26:45,889 INFO  n.e.o.t.s.UpdateSvc                 - inserting pa: osti-rt2:ae0 - ornl-rt4:xe-2/3/0              
2019-02-06 13:26:45,896 INFO  n.e.o.t.s.UpdateSvc                 - inserting pa: snll-mr2:xe-1/1/0 - llnl-mr2:xe-0/1/0         
2019-02-06 13:26:45,903 INFO  n.e.o.t.s.UpdateSvc                 - inserting pa: lsvn-cr1:xe-2/2/0 - denv-cr5:10/1/10          
2019-02-06 13:26:45,911 INFO  n.e.o.t.s.UpdateSvc                 - inserting pa: elpa-cr5:3/1/1 - sunn-cr5:5/1/1               
2019-02-06 13:26:45,917 INFO  n.e.o.t.s.UpdateSvc                 - inserting pa: lond-cr5:3/1/1 - newy-cr5:4/1/1               
2019-02-06 13:26:45,926 INFO  n.e.o.t.s.UpdateSvc                 - inserting pa: ornl-cr5:10/1/1 - ornl-rt4:xe-1/0/0           
2019-02-06 13:26:45,934 INFO  n.e.o.t.s.UpdateSvc                 - inserting pa: eqx-chi-cr5:2/1/1 - eqx-ash-cr5:2/1/1         
2019-02-06 13:26:45,943 INFO  n.e.o.t.s.UpdateSvc                 - inserting pa: sacr-cr5:10/2/3 - jgi-mr2:xe-2/2/0            
2019-02-06 13:26:45,951 INFO  n.e.o.t.s.UpdateSvc                 - inserting pa: star-cr5:4/2/1 - aofa-cr5:5/1/1               
2019-02-06 13:26:45,959 INFO  n.e.o.t.s.UpdateSvc                 - inserting pa: ornl-rt4:xe-1/2/0 - nash-cr5:10/1/5           
2019-02-06 13:26:45,967 INFO  n.e.o.t.s.UpdateSvc                 - inserting pa: chic-cr5:3/1/1 - kans-cr5:1/1/1               
2019-02-06 13:26:45,977 INFO  n.e.o.t.s.UpdateSvc                 - inserting pa: snll-mr2:xe-2/2/0 - sunn-cr5:10/1/5           
2019-02-06 13:26:45,987 INFO  n.e.o.t.s.UpdateSvc                 - inserting pa: nash-cr5:10/1/3 - srs-rt3:ge-1/1/0            
2019-02-06 13:26:45,995 INFO  n.e.o.t.s.UpdateSvc                 - inserting pa: llnl-mr2:xe-0/1/0 - snll-mr2:xe-1/1/0         
2019-02-06 13:26:46,005 INFO  n.e.o.t.s.UpdateSvc                 - inserting pa: kans-cr5:2/1/1 - denv-cr5:1/1/1               
2019-02-06 13:26:46,013 INFO  n.e.o.t.s.UpdateSvc                 - inserting pa: anl-mr2:xe-2/3/0 - star-cr5:10/1/1            
2019-02-06 13:26:46,021 INFO  n.e.o.t.s.UpdateSvc                 - inserting pa: sacr-cr5:10/2/2 - lbl-mr2:xe-7/2/0            
2019-02-06 13:26:46,030 INFO  n.e.o.t.s.UpdateSvc                 - inserting pa: wash-cr5:5/2/1 - nash-cr5:4/2/1               
2019-02-06 13:26:46,040 INFO  n.e.o.t.s.UpdateSvc                 - inserting pa: ameslab-rt3:xe-1/0/0 - star-cr5:8/1/6         
2019-02-06 13:26:46,049 INFO  n.e.o.t.s.UpdateSvc                 - inserting pa: albq-cr5:2/1/1 - elpa-cr5:2/1/1               
2019-02-06 13:26:46,058 INFO  n.e.o.t.s.UpdateSvc                 - inserting pa: chic-cr5:7/1/1 - eqx-chi-cr5:1/1/1            
2019-02-06 13:26:46,066 INFO  n.e.o.t.s.UpdateSvc                 - inserting pa: star-cr5:5/1/1 - chic-cr5:6/2/1               
2019-02-06 13:26:46,076 INFO  n.e.o.t.s.UpdateSvc                 - inserting pa: denv-cr5:10/1/4 - pnwg-cr5:10/1/6             
2019-02-06 13:26:46,085 INFO  n.e.o.t.s.UpdateSvc                 - inserting pa: lbl-mr2:xe-1/3/0 - sunn-cr5:9/1/2             
2019-02-06 13:26:46,093 INFO  n.e.o.t.s.UpdateSvc                 - inserting pa: newy-cr5:2/1/1 - aofa-cr5:3/1/1               
2019-02-06 13:26:46,100 INFO  n.e.o.t.s.UpdateSvc                 - inserting pa: forr-rt2:ge-0/0/1 - doe-gtn-rt2:ge-0/0/0      
2019-02-06 13:26:46,108 INFO  n.e.o.t.s.UpdateSvc                 - inserting pa: cern-773-cr5:2/1/1 - cern-513-cr5:1/2/1       
2019-02-06 13:26:46,115 INFO  n.e.o.t.s.UpdateSvc                 - inserting pa: chic-cr5:10/1/4 - fnal-mr2:xe-0/0/0           
2019-02-06 13:26:46,125 INFO  n.e.o.t.s.UpdateSvc                 - inserting pa: ornl-rt4:ge-0/0/1 - orau-rt4:ge-0/1/4         
2019-02-06 13:26:46,133 INFO  n.e.o.t.s.UpdateSvc                 - inserting pa: nash-cr5:2/1/1 - atla-cr5:2/1/1               
2019-02-06 13:26:46,142 INFO  n.e.o.t.s.UpdateSvc                 - inserting pa: ornl-cr5:6/1/1 - atla-cr5:3/1/1               
2019-02-06 13:26:46,149 INFO  n.e.o.t.s.UpdateSvc                 - inserting pa: denv-cr5:2/1/1 - sacr-cr5:2/1/1               
2019-02-06 13:26:46,157 INFO  n.e.o.t.s.UpdateSvc                 - inserting pa: chic-cr5:1/1/1 - wash-cr5:1/1/1               
2019-02-06 13:26:46,165 INFO  n.e.o.t.s.UpdateSvc                 - inserting pa: lsvn-cr1:ge-1/1/5 - ga-rt2:ge-1/1/3           
2019-02-06 13:26:46,175 INFO  n.e.o.t.s.UpdateSvc                 - inserting pa: sunn-cr5:9/1/2 - lbl-mr2:xe-1/3/0             
2019-02-06 13:26:46,184 INFO  n.e.o.t.s.UpdateSvc                 - inserting pa: ga-rt2:xe-0/0/0 - sunn-cr5:10/2/3             
2019-02-06 13:26:46,192 INFO  n.e.o.t.s.UpdateSvc                 - inserting pa: nersc-mr2:xe-2/2/0 - sacr-cr5:10/2/1          
2019-02-06 13:26:46,201 INFO  n.e.o.t.s.UpdateSvc                 - inserting pa: bost-cr5:3/1/1 - amst-cr5:5/1/1               
2019-02-06 13:26:46,212 INFO  n.e.o.t.s.UpdateSvc                 - inserting pa: bois-cr1:xe-7/1/0 - denv-cr5:10/1/5           
2019-02-06 13:26:46,221 INFO  n.e.o.t.s.UpdateSvc                 - inserting pa: denv-cr5:4/1/1 - pnwg-cr5:2/2/1               
2019-02-06 13:26:46,230 INFO  n.e.o.t.s.UpdateSvc                 - inserting pa: wash-cr5:10/1/3 - forr-rt2:ge-0/0/0           
2019-02-06 13:26:46,238 INFO  n.e.o.t.s.UpdateSvc                 - inserting pa: cern-513-cr5:1/1/1 - wash-cr5:5/1/1           
2019-02-06 13:26:46,246 INFO  n.e.o.t.s.UpdateSvc                 - inserting pa: aofa-cr5:9/1/1 - pppl-rt5:xe-0/2/0            
2019-02-06 13:26:46,254 INFO  n.e.o.t.s.UpdateSvc                 - inserting pa: fnal-mr2:xe-1/1/0 - star-cr5:8/1/2            
2019-02-06 13:26:46,262 INFO  n.e.o.t.s.UpdateSvc                 - inserting pa: bost-cr5:2/1/1 - star-cr5:1/1/1               
2019-02-06 13:26:46,270 INFO  n.e.o.t.s.UpdateSvc                 - inserting pa: eqx-sj-cr5:10/2/4 - sunn-cr5:10/2/2           
2019-02-06 13:26:46,279 INFO  n.e.o.t.s.UpdateSvc                 - inserting pa: chic-cr5:4/1/1 - nash-cr5:1/1/1               
2019-02-06 13:26:46,287 INFO  n.e.o.t.s.UpdateSvc                 - inserting pa: fnal-mr2:xe-0/0/0 - chic-cr5:10/1/4           
2019-02-06 13:26:46,293 INFO  n.e.o.t.s.UpdateSvc                 - inserting pa: amst-cr5:5/1/1 - bost-cr5:3/1/1               
2019-02-06 13:26:46,298 INFO  n.e.o.t.s.UpdateSvc                 - inserting pa: pnwg-cr5:10/1/10 - denv-cr5:10/1/6            
2019-02-06 13:26:46,305 INFO  n.e.o.t.s.UpdateSvc                 - inserting pa: atla-cr5:10/1/3 - srs-rt3:ge-0/1/0            
2019-02-06 13:26:46,312 INFO  n.e.o.t.s.UpdateSvc                 - inserting pa: newy-cr5:4/1/1 - lond-cr5:3/1/1               
2019-02-06 13:26:46,317 INFO  n.e.o.t.s.UpdateSvc                 - inserting pa: llnldc-rt4:ge-1/0/0 - wash-cr5:10/1/3         
2019-02-06 13:26:46,324 INFO  n.e.o.t.s.UpdateSvc                 - inserting pa: sunn-cr5:5/1/1 - elpa-cr5:3/1/1               
2019-02-06 13:26:46,331 INFO  n.e.o.t.s.UpdateSvc                 - inserting pa: eqx-ash-cr5:2/1/1 - eqx-chi-cr5:2/1/1         
2019-02-06 13:26:46,338 INFO  n.e.o.t.s.UpdateSvc                 - inserting pa: chic-cr5:6/1/1 - nash-cr5:4/1/1               
2019-02-06 13:26:46,344 INFO  n.e.o.t.s.UpdateSvc                 - inserting pa: sacr-cr5:10/2/4 - snll-mr2:xe-1/2/0           
2019-02-06 13:26:46,349 INFO  n.e.o.t.s.UpdateSvc                 - inserting pa: atla-cr5:3/1/1 - ornl-cr5:6/1/1               
2019-02-06 13:26:46,355 INFO  n.e.o.t.s.UpdateSvc                 - inserting pa: aofa-cr5:7/2/1 - lond-cr5:5/1/1               
2019-02-06 13:26:46,361 INFO  n.e.o.t.s.UpdateSvc                 - inserting pa: nash-cr5:1/1/1 - chic-cr5:4/1/1               
2019-02-06 13:26:46,367 INFO  n.e.o.t.s.UpdateSvc                 - inserting pa: wash-cr5:10/1/3 - llnldc-rt4:ge-1/0/0         
2019-02-06 13:26:46,375 INFO  n.e.o.t.s.UpdateSvc                 - inserting pa: albq-cr5:10/1/2 - snla-rt3:xe-1/2/0           
2019-02-06 13:26:46,381 INFO  n.e.o.t.s.UpdateSvc                 - inserting pa: ornl-rt4:xe-2/3/0 - osti-rt2:ae0              
2019-02-06 13:26:46,388 INFO  n.e.o.t.s.UpdateSvc                 - finished merging adjacencies                                
2019-02-06 13:26:46,388 INFO  n.e.o.t.s.UpdateSvc                 -    inserted     :   182                                     
2019-02-06 13:26:46,388 INFO  n.e.o.t.s.UpdateSvc                 -    ver updated  :   0                                       
2019-02-06 13:26:46,388 INFO  n.e.o.t.s.UpdateSvc                 -    data updated :   0                                       
2019-02-06 13:26:46,388 INFO  n.e.o.t.s.UpdateSvc                 -    invalidated  :   0                                       
2019-02-06 13:26:46,388 INFO  n.e.o.t.s.UpdateSvc                 - finished merging topology delta.                            
2019-02-06 13:26:46,437 INFO  n.e.o.t.s.TopoService               - updating pathfinding topo to version: 28                    
2019-02-06 13:26:46,830 INFO  n.e.o.t.s.TopoService               - updated with 972 topo adjacencies                           
2019-02-06 13:26:46,862 INFO  n.e.o.c.FancyPCESteps               - adjcies size: 972                                           
2019-02-06 13:26:47,068 INFO  n.e.o.c.FancyPCESteps               - 97 distinct paths found between aofa-cr5 and chic-cr5 found in PT0.177S
2019-02-06 13:26:47,161 INFO  n.e.o.c.TopologySteps               - clearing adjacencies                                        
2019-02-06 13:26:47,314 INFO  n.e.o.c.TopologySteps               - clearing devices                                            
2019-02-06 13:26:47,317 INFO  n.e.o.c.TopologySteps               - deleting nersc-mr2:xe-1/3/0                                 
2019-02-06 13:26:47,318 INFO  n.e.o.c.TopologySteps               - deleting nersc-mr2:xe-1/1/0                                 
2019-02-06 13:26:47,319 INFO  n.e.o.c.TopologySteps               - deleting nersc-mr2:xe-0/2/0                                 
2019-02-06 13:26:47,320 INFO  n.e.o.c.TopologySteps               - deleting nersc-mr2:xe-7/3/0                                 
2019-02-06 13:26:47,320 INFO  n.e.o.c.TopologySteps               - deleting nersc-mr2:xe-2/2/0                                 
2019-02-06 13:26:47,321 INFO  n.e.o.c.TopologySteps               - deleting nersc-mr2                                          
2019-02-06 13:26:47,323 INFO  n.e.o.c.TopologySteps               - deleting pppl-rt5:xe-1/2/0                                  
2019-02-06 13:26:47,324 INFO  n.e.o.c.TopologySteps               - deleting pppl-rt5:xe-0/2/0                                  
2019-02-06 13:26:47,324 INFO  n.e.o.c.TopologySteps               - deleting pppl-rt5:xe-1/1/0                                  
2019-02-06 13:26:47,324 INFO  n.e.o.c.TopologySteps               - deleting pppl-rt5:xe-1/0/0                                  
2019-02-06 13:26:47,325 INFO  n.e.o.c.TopologySteps               - deleting pppl-rt5:ge-0/0/2                                  
2019-02-06 13:26:47,325 INFO  n.e.o.c.TopologySteps               - deleting pppl-rt5:xe-1/3/0                                  
2019-02-06 13:26:47,325 INFO  n.e.o.c.TopologySteps               - deleting pppl-rt5                                           
2019-02-06 13:26:47,327 INFO  n.e.o.c.TopologySteps               - deleting srs-rt3:ge-1/1/0                                   
2019-02-06 13:26:47,327 INFO  n.e.o.c.TopologySteps               - deleting srs-rt3:ge-1/3/0                                   
2019-02-06 13:26:47,328 INFO  n.e.o.c.TopologySteps               - deleting srs-rt3:ge-0/0/0                                   
2019-02-06 13:26:47,328 INFO  n.e.o.c.TopologySteps               - deleting srs-rt3:ge-1/0/0                                   
2019-02-06 13:26:47,328 INFO  n.e.o.c.TopologySteps               - deleting srs-rt3:ge-0/1/0                                   
2019-02-06 13:26:47,328 INFO  n.e.o.c.TopologySteps               - deleting srs-rt3:ge-1/2/0                                   
2019-02-06 13:26:47,329 INFO  n.e.o.c.TopologySteps               - deleting srs-rt3                                            
2019-02-06 13:26:47,331 INFO  n.e.o.c.TopologySteps               - deleting orau-rt4:ge-0/1/4                                  
2019-02-06 13:26:47,331 INFO  n.e.o.c.TopologySteps               - deleting orau-rt4:ge-0/1/1                                  
2019-02-06 13:26:47,332 INFO  n.e.o.c.TopologySteps               - deleting orau-rt4:ge-0/1/3                                  
2019-02-06 13:26:47,332 INFO  n.e.o.c.TopologySteps               - deleting orau-rt4:ge-0/1/2                                  
2019-02-06 13:26:47,332 INFO  n.e.o.c.TopologySteps               - deleting orau-rt4:ge-0/1/0                                  
2019-02-06 13:26:47,332 INFO  n.e.o.c.TopologySteps               - deleting orau-rt4                                           
2019-02-06 13:26:47,333 INFO  n.e.o.c.TopologySteps               - deleting doe-gtn-rt2:ge-0/0/3                               
2019-02-06 13:26:47,335 INFO  n.e.o.c.TopologySteps               - deleting doe-gtn-rt2:ge-0/1/3                               
2019-02-06 13:26:47,335 INFO  n.e.o.c.TopologySteps               - deleting doe-gtn-rt2:ge-0/1/0                               
2019-02-06 13:26:47,335 INFO  n.e.o.c.TopologySteps               - deleting doe-gtn-rt2:ge-0/0/0                               
2019-02-06 13:26:47,336 INFO  n.e.o.c.TopologySteps               - deleting doe-gtn-rt2                                        
2019-02-06 13:26:47,338 INFO  n.e.o.c.TopologySteps               - deleting cern-513-cr5:1/1/1                                 
2019-02-06 13:26:47,339 INFO  n.e.o.c.TopologySteps               - deleting cern-513-cr5:2/1/1                                 
2019-02-06 13:26:47,339 INFO  n.e.o.c.TopologySteps               - deleting cern-513-cr5:5/1/1                                 
2019-02-06 13:26:47,339 INFO  n.e.o.c.TopologySteps               - deleting cern-513-cr5:1/2/1                                 
2019-02-06 13:26:47,339 INFO  n.e.o.c.TopologySteps               - deleting cern-513-cr5:4/1/1                                 
2019-02-06 13:26:47,340 INFO  n.e.o.c.TopologySteps               - deleting cern-513-cr5:10/1/2                                
2019-02-06 13:26:47,340 INFO  n.e.o.c.TopologySteps               - deleting cern-513-cr5:10/1/3                                
2019-02-06 13:26:47,340 INFO  n.e.o.c.TopologySteps               - deleting cern-513-cr5:BLANK                                 
2019-02-06 13:26:47,340 INFO  n.e.o.c.TopologySteps               - deleting cern-513-cr5                                       
2019-02-06 13:26:47,343 INFO  n.e.o.c.TopologySteps               - deleting eqx-sj-cr5:1/2/1                                   
2019-02-06 13:26:47,343 INFO  n.e.o.c.TopologySteps               - deleting eqx-sj-cr5:10/1/4                                  
2019-02-06 13:26:47,344 INFO  n.e.o.c.TopologySteps               - deleting eqx-sj-cr5:10/2/4                                  
2019-02-06 13:26:47,344 INFO  n.e.o.c.TopologySteps               - deleting eqx-sj-cr5:10/1/1                                  
2019-02-06 13:26:47,344 INFO  n.e.o.c.TopologySteps               - deleting eqx-sj-cr5:10/2/2                                  
2019-02-06 13:26:47,344 INFO  n.e.o.c.TopologySteps               - deleting eqx-sj-cr5:10/1/2                                  
2019-02-06 13:26:47,344 INFO  n.e.o.c.TopologySteps               - deleting eqx-sj-cr5:BLANK                                   
2019-02-06 13:26:47,345 INFO  n.e.o.c.TopologySteps               - deleting eqx-sj-cr5                                         
2019-02-06 13:26:47,347 INFO  n.e.o.c.TopologySteps               - deleting wash-cr5:10/1/3                                    
2019-02-06 13:26:47,348 INFO  n.e.o.c.TopologySteps               - deleting wash-cr5:2/1/1                                     
2019-02-06 13:26:47,348 INFO  n.e.o.c.TopologySteps               - deleting wash-cr5:6/1/1                                     
2019-02-06 13:26:47,348 INFO  n.e.o.c.TopologySteps               - deleting wash-cr5:5/1/1                                     
2019-02-06 13:26:47,348 INFO  n.e.o.c.TopologySteps               - deleting wash-cr5:4/1/1                                     
2019-02-06 13:26:47,348 INFO  n.e.o.c.TopologySteps               - deleting wash-cr5:3/1/1                                     
2019-02-06 13:26:47,348 INFO  n.e.o.c.TopologySteps               - deleting wash-cr5:1/1/1                                     
2019-02-06 13:26:47,349 INFO  n.e.o.c.TopologySteps               - deleting wash-cr5:4/2/1                                     
2019-02-06 13:26:47,349 INFO  n.e.o.c.TopologySteps               - deleting wash-cr5:5/2/1                                     
2019-02-06 13:26:47,349 INFO  n.e.o.c.TopologySteps               - deleting wash-cr5:10/1/9                                    
2019-02-06 13:26:47,349 INFO  n.e.o.c.TopologySteps               - deleting wash-cr5:10/1/5                                    
2019-02-06 13:26:47,349 INFO  n.e.o.c.TopologySteps               - deleting wash-cr5:10/1/4                                    
2019-02-06 13:26:47,349 INFO  n.e.o.c.TopologySteps               - deleting wash-cr5:10/1/10                                   
2019-02-06 13:26:47,350 INFO  n.e.o.c.TopologySteps               - deleting wash-cr5                                           
2019-02-06 13:26:47,354 INFO  n.e.o.c.TopologySteps               - deleting ga-rt2:ge-1/0/3                                    
2019-02-06 13:26:47,354 INFO  n.e.o.c.TopologySteps               - deleting ga-rt2:ge-1/1/3                                    
2019-02-06 13:26:47,355 INFO  n.e.o.c.TopologySteps               - deleting ga-rt2:xe-0/0/0                                    
2019-02-06 13:26:47,355 INFO  n.e.o.c.TopologySteps               - deleting ga-rt2:ge-1/0/5                                    
2019-02-06 13:26:47,355 INFO  n.e.o.c.TopologySteps               - deleting ga-rt2:xe-0/3/0                                    
2019-02-06 13:26:47,355 INFO  n.e.o.c.TopologySteps               - deleting ga-rt2:xe-0/2/0                                    
2019-02-06 13:26:47,355 INFO  n.e.o.c.TopologySteps               - deleting ga-rt2                                             
2019-02-06 13:26:47,357 INFO  n.e.o.c.TopologySteps               - deleting kans-cr5:2/1/1                                     
2019-02-06 13:26:47,358 INFO  n.e.o.c.TopologySteps               - deleting kans-cr5:3/1/1                                     
2019-02-06 13:26:47,358 INFO  n.e.o.c.TopologySteps               - deleting kans-cr5:4/1/1                                     
2019-02-06 13:26:47,358 INFO  n.e.o.c.TopologySteps               - deleting kans-cr5:10/1/4                                    
2019-02-06 13:26:47,358 INFO  n.e.o.c.TopologySteps               - deleting kans-cr5:10/1/3                                    
2019-02-06 13:26:47,359 INFO  n.e.o.c.TopologySteps               - deleting kans-cr5:1/1/1                                     
2019-02-06 13:26:47,359 INFO  n.e.o.c.TopologySteps               - deleting kans-cr5                                           
2019-02-06 13:26:47,362 INFO  n.e.o.c.TopologySteps               - deleting bois-cr1:xe-0/0/0                                  
2019-02-06 13:26:47,362 INFO  n.e.o.c.TopologySteps               - deleting bois-cr1:xe-0/2/0                                  
2019-02-06 13:26:47,362 INFO  n.e.o.c.TopologySteps               - deleting bois-cr1:xe-0/1/0                                  
2019-02-06 13:26:47,362 INFO  n.e.o.c.TopologySteps               - deleting bois-cr1:xe-7/3/0                                  
2019-02-06 13:26:47,363 INFO  n.e.o.c.TopologySteps               - deleting bois-cr1:xe-7/0/0                                  
2019-02-06 13:26:47,363 INFO  n.e.o.c.TopologySteps               - deleting bois-cr1:xe-7/1/0                                  
2019-02-06 13:26:47,363 INFO  n.e.o.c.TopologySteps               - deleting bois-cr1:xe-1/0/0                                  
2019-02-06 13:26:47,363 INFO  n.e.o.c.TopologySteps               - deleting bois-cr1:xe-1/2/0                                  
2019-02-06 13:26:47,364 INFO  n.e.o.c.TopologySteps               - deleting bois-cr1                                           
2019-02-06 13:26:47,366 INFO  n.e.o.c.TopologySteps               - deleting snll-mr2:xe-2/2/0                                  
2019-02-06 13:26:47,366 INFO  n.e.o.c.TopologySteps               - deleting snll-mr2:xe-1/1/0                                  
2019-02-06 13:26:47,366 INFO  n.e.o.c.TopologySteps               - deleting snll-mr2:xe-2/0/0                                  
2019-02-06 13:26:47,366 INFO  n.e.o.c.TopologySteps               - deleting snll-mr2:xe-0/2/0                                  
2019-02-06 13:26:47,367 INFO  n.e.o.c.TopologySteps               - deleting snll-mr2:xe-0/1/0                                  
2019-02-06 13:26:47,367 INFO  n.e.o.c.TopologySteps               - deleting snll-mr2:xe-1/3/0                                  
2019-02-06 13:26:47,367 INFO  n.e.o.c.TopologySteps               - deleting snll-mr2:xe-2/3/0                                  
2019-02-06 13:26:47,367 INFO  n.e.o.c.TopologySteps               - deleting snll-mr2:xe-1/2/0                                  
2019-02-06 13:26:47,368 INFO  n.e.o.c.TopologySteps               - deleting snll-mr2                                           
2019-02-06 13:26:47,372 INFO  n.e.o.c.TopologySteps               - deleting atla-cr5:10/1/2                                    
2019-02-06 13:26:47,372 INFO  n.e.o.c.TopologySteps               - deleting atla-cr5:10/1/8                                    
2019-02-06 13:26:47,372 INFO  n.e.o.c.TopologySteps               - deleting atla-cr5:10/1/3                                    
2019-02-06 13:26:47,373 INFO  n.e.o.c.TopologySteps               - deleting atla-cr5:3/1/1                                     
2019-02-06 13:26:47,373 INFO  n.e.o.c.TopologySteps               - deleting atla-cr5:2/1/1                                     
2019-02-06 13:26:47,373 INFO  n.e.o.c.TopologySteps               - deleting atla-cr5:4/1/1                                     
2019-02-06 13:26:47,373 INFO  n.e.o.c.TopologySteps               - deleting atla-cr5:1/1/1                                     
2019-02-06 13:26:47,373 INFO  n.e.o.c.TopologySteps               - deleting atla-cr5                                           
2019-02-06 13:26:47,374 INFO  n.e.o.c.TopologySteps               - deleting ornl-rt4:xe-0/2/0                                  
2019-02-06 13:26:47,375 INFO  n.e.o.c.TopologySteps               - deleting ornl-rt4:ge-0/0/1                                  
2019-02-06 13:26:47,375 INFO  n.e.o.c.TopologySteps               - deleting ornl-rt4:xe-1/0/0                                  
2019-02-06 13:26:47,375 INFO  n.e.o.c.TopologySteps               - deleting ornl-rt4:xe-2/3/0                                  
2019-02-06 13:26:47,375 INFO  n.e.o.c.TopologySteps               - deleting ornl-rt4:xe-1/2/0                                  
2019-02-06 13:26:47,375 INFO  n.e.o.c.TopologySteps               - deleting ornl-rt4                                           
2019-02-06 13:26:47,377 INFO  n.e.o.c.TopologySteps               - deleting netl-mgn-rt1:xe-2/0/3                              
2019-02-06 13:26:47,377 INFO  n.e.o.c.TopologySteps               - deleting netl-mgn-rt1:xe-2/0/2                              
2019-02-06 13:26:47,377 INFO  n.e.o.c.TopologySteps               - deleting netl-mgn-rt1:xe-2/0/0                              
2019-02-06 13:26:47,378 INFO  n.e.o.c.TopologySteps               - deleting netl-mgn-rt1:xe-2/0/1                              
2019-02-06 13:26:47,378 INFO  n.e.o.c.TopologySteps               - deleting netl-mgn-rt1                                       
2019-02-06 13:26:47,380 INFO  n.e.o.c.TopologySteps               - deleting cern-773-cr5:BLANK                                 
2019-02-06 13:26:47,381 INFO  n.e.o.c.TopologySteps               - deleting cern-773-cr5:10/1/2                                
2019-02-06 13:26:47,381 INFO  n.e.o.c.TopologySteps               - deleting cern-773-cr5:10/1/3                                
2019-02-06 13:26:47,381 INFO  n.e.o.c.TopologySteps               - deleting cern-773-cr5:10/1/1                                
2019-02-06 13:26:47,382 INFO  n.e.o.c.TopologySteps               - deleting cern-773-cr5:2/1/1                                 
2019-02-06 13:26:47,382 INFO  n.e.o.c.TopologySteps               - deleting cern-773-cr5:1/1/1                                 
2019-02-06 13:26:47,382 INFO  n.e.o.c.TopologySteps               - deleting cern-773-cr5                                       
2019-02-06 13:26:47,385 INFO  n.e.o.c.TopologySteps               - deleting nash-cr5:4/1/1                                     
2019-02-06 13:26:47,386 INFO  n.e.o.c.TopologySteps               - deleting nash-cr5:10/1/5                                    
2019-02-06 13:26:47,386 INFO  n.e.o.c.TopologySteps               - deleting nash-cr5:1/2/1                                     
2019-02-06 13:26:47,386 INFO  n.e.o.c.TopologySteps               - deleting nash-cr5:2/1/1                                     
2019-02-06 13:26:47,386 INFO  n.e.o.c.TopologySteps               - deleting nash-cr5:4/2/1                                     
2019-02-06 13:26:47,386 INFO  n.e.o.c.TopologySteps               - deleting nash-cr5:3/1/1                                     
2019-02-06 13:26:47,386 INFO  n.e.o.c.TopologySteps               - deleting nash-cr5:10/1/6                                    
2019-02-06 13:26:47,387 INFO  n.e.o.c.TopologySteps               - deleting nash-cr5:10/1/3                                    
2019-02-06 13:26:47,387 INFO  n.e.o.c.TopologySteps               - deleting nash-cr5:1/1/1                                     
2019-02-06 13:26:47,387 INFO  n.e.o.c.TopologySteps               - deleting nash-cr5:10/1/4                                    
2019-02-06 13:26:47,387 INFO  n.e.o.c.TopologySteps               - deleting nash-cr5                                           
2019-02-06 13:26:47,389 INFO  n.e.o.c.TopologySteps               - deleting elpa-cr5:2/1/1                                     
2019-02-06 13:26:47,390 INFO  n.e.o.c.TopologySteps               - deleting elpa-cr5:10/1/3                                    
2019-02-06 13:26:47,390 INFO  n.e.o.c.TopologySteps               - deleting elpa-cr5:3/1/1                                     
2019-02-06 13:26:47,390 INFO  n.e.o.c.TopologySteps               - deleting elpa-cr5:10/1/4                                    
2019-02-06 13:26:47,390 INFO  n.e.o.c.TopologySteps               - deleting elpa-cr5:10/1/5                                    
2019-02-06 13:26:47,390 INFO  n.e.o.c.TopologySteps               - deleting elpa-cr5:1/1/1                                     
2019-02-06 13:26:47,391 INFO  n.e.o.c.TopologySteps               - deleting elpa-cr5                                           
2019-02-06 13:26:47,394 INFO  n.e.o.c.TopologySteps               - deleting sacr-cr5:10/2/6                                    
2019-02-06 13:26:47,394 INFO  n.e.o.c.TopologySteps               - deleting sacr-cr5:10/1/1                                    
2019-02-06 13:26:47,394 INFO  n.e.o.c.TopologySteps               - deleting sacr-cr5:10/2/2                                    
2019-02-06 13:26:47,394 INFO  n.e.o.c.TopologySteps               - deleting sacr-cr5:2/1/1                                     
2019-02-06 13:26:47,395 INFO  n.e.o.c.TopologySteps               - deleting sacr-cr5:10/2/4                                    
2019-02-06 13:26:47,395 INFO  n.e.o.c.TopologySteps               - deleting sacr-cr5:5/1/1                                     
2019-02-06 13:26:47,395 INFO  n.e.o.c.TopologySteps               - deleting sacr-cr5:4/1/1                                     
2019-02-06 13:26:47,395 INFO  n.e.o.c.TopologySteps               - deleting sacr-cr5:10/2/3                                    
2019-02-06 13:26:47,395 INFO  n.e.o.c.TopologySteps               - deleting sacr-cr5:3/1/1                                     
2019-02-06 13:26:47,395 INFO  n.e.o.c.TopologySteps               - deleting sacr-cr5:10/1/2                                    
2019-02-06 13:26:47,395 INFO  n.e.o.c.TopologySteps               - deleting sacr-cr5:10/1/4                                    
2019-02-06 13:26:47,395 INFO  n.e.o.c.TopologySteps               - deleting sacr-cr5:10/2/5                                    
2019-02-06 13:26:47,396 INFO  n.e.o.c.TopologySteps               - deleting sacr-cr5:10/2/1                                    
2019-02-06 13:26:47,396 INFO  n.e.o.c.TopologySteps               - deleting sacr-cr5:1/1/1                                     
2019-02-06 13:26:47,396 INFO  n.e.o.c.TopologySteps               - deleting sacr-cr5:10/1/6                                    
2019-02-06 13:26:47,396 INFO  n.e.o.c.TopologySteps               - deleting sacr-cr5                                           
2019-02-06 13:26:47,398 INFO  n.e.o.c.TopologySteps               - deleting snla-rt3:ge-1/0/2                                  
2019-02-06 13:26:47,398 INFO  n.e.o.c.TopologySteps               - deleting snla-rt3:xe-1/2/0                                  
2019-02-06 13:26:47,398 INFO  n.e.o.c.TopologySteps               - deleting snla-rt3:xe-0/0/0                                  
2019-02-06 13:26:47,399 INFO  n.e.o.c.TopologySteps               - deleting snla-rt3                                           
2019-02-06 13:26:47,405 INFO  n.e.o.c.TopologySteps               - deleting lsvn-cr1:ge-1/0/1                                  
2019-02-06 13:26:47,405 INFO  n.e.o.c.TopologySteps               - deleting lsvn-cr1:ge-1/1/0                                  
2019-02-06 13:26:47,406 INFO  n.e.o.c.TopologySteps               - deleting lsvn-cr1:xe-2/0/0                                  
2019-02-06 13:26:47,406 INFO  n.e.o.c.TopologySteps               - deleting lsvn-cr1:xe-2/2/0                                  
2019-02-06 13:26:47,406 INFO  n.e.o.c.TopologySteps               - deleting lsvn-cr1:xe-1/2/0                                  
2019-02-06 13:26:47,406 INFO  n.e.o.c.TopologySteps               - deleting lsvn-cr1:xe-2/1/0                                  
2019-02-06 13:26:47,407 INFO  n.e.o.c.TopologySteps               - deleting lsvn-cr1:ge-1/0/0                                  
2019-02-06 13:26:47,407 INFO  n.e.o.c.TopologySteps               - deleting lsvn-cr1:ge-1/1/5                                  
2019-02-06 13:26:47,407 INFO  n.e.o.c.TopologySteps               - deleting lsvn-cr1:ge-1/1/1                                  
2019-02-06 13:26:47,408 INFO  n.e.o.c.TopologySteps               - deleting lsvn-cr1                                           
2019-02-06 13:26:47,418 INFO  n.e.o.c.TopologySteps               - deleting sunn-cr5:9/1/3                                     
2019-02-06 13:26:47,419 INFO  n.e.o.c.TopologySteps               - deleting sunn-cr5:10/1/6                                    
2019-02-06 13:26:47,420 INFO  n.e.o.c.TopologySteps               - deleting sunn-cr5:8/2/1                                     
2019-02-06 13:26:47,421 INFO  n.e.o.c.TopologySteps               - deleting sunn-cr5:10/1/2                                    
2019-02-06 13:26:47,421 INFO  n.e.o.c.TopologySteps               - deleting sunn-cr5:9/1/2                                     
2019-02-06 13:26:47,422 INFO  n.e.o.c.TopologySteps               - deleting sunn-cr5:7/2/1                                     
2019-02-06 13:26:47,422 INFO  n.e.o.c.TopologySteps               - deleting sunn-cr5:10/1/3                                    
2019-02-06 13:26:47,423 INFO  n.e.o.c.TopologySteps               - deleting sunn-cr5:2/1/1                                     
2019-02-06 13:26:47,424 INFO  n.e.o.c.TopologySteps               - deleting sunn-cr5:9/1/5                                     
2019-02-06 13:26:47,424 INFO  n.e.o.c.TopologySteps               - deleting sunn-cr5:10/1/4                                    
2019-02-06 13:26:47,424 INFO  n.e.o.c.TopologySteps               - deleting sunn-cr5:2/2/1                                     
2019-02-06 13:26:47,425 INFO  n.e.o.c.TopologySteps               - deleting sunn-cr5:9/1/1                                     
2019-02-06 13:26:47,426 INFO  n.e.o.c.TopologySteps               - deleting sunn-cr5:5/2/1                                     
2019-02-06 13:26:47,426 INFO  n.e.o.c.TopologySteps               - deleting sunn-cr5:1/1/1                                     
2019-02-06 13:26:47,426 INFO  n.e.o.c.TopologySteps               - deleting sunn-cr5:8/1/1                                     
2019-02-06 13:26:47,427 INFO  n.e.o.c.TopologySteps               - deleting sunn-cr5:10/2/5                                    
2019-02-06 13:26:47,428 INFO  n.e.o.c.TopologySteps               - deleting sunn-cr5:10/1/5                                    
2019-02-06 13:26:47,428 INFO  n.e.o.c.TopologySteps               - deleting sunn-cr5:10/2/3                                    
2019-02-06 13:26:47,429 INFO  n.e.o.c.TopologySteps               - deleting sunn-cr5:10/2/6                                    
2019-02-06 13:26:47,430 INFO  n.e.o.c.TopologySteps               - deleting sunn-cr5:10/2/4                                    
2019-02-06 13:26:47,431 INFO  n.e.o.c.TopologySteps               - deleting sunn-cr5:10/2/2                                    
2019-02-06 13:26:47,431 INFO  n.e.o.c.TopologySteps               - deleting sunn-cr5:5/1/1                                     
2019-02-06 13:26:47,432 INFO  n.e.o.c.TopologySteps               - deleting sunn-cr5:10/1/1                                    
2019-02-06 13:26:47,432 INFO  n.e.o.c.TopologySteps               - deleting sunn-cr5:7/1/1                                     
2019-02-06 13:26:47,435 INFO  n.e.o.c.TopologySteps               - deleting sunn-cr5:4/1/1                                     
2019-02-06 13:26:47,436 INFO  n.e.o.c.TopologySteps               - deleting sunn-cr5:10/2/1                                    
2019-02-06 13:26:47,437 INFO  n.e.o.c.TopologySteps               - deleting sunn-cr5                                           
2019-02-06 13:26:47,441 INFO  n.e.o.c.TopologySteps               - deleting netl-pgh-rt1:xe-2/0/0                              
2019-02-06 13:26:47,441 INFO  n.e.o.c.TopologySteps               - deleting netl-pgh-rt1:xe-2/0/2                              
2019-02-06 13:26:47,442 INFO  n.e.o.c.TopologySteps               - deleting netl-pgh-rt1:xe-2/0/3                              
2019-02-06 13:26:47,443 INFO  n.e.o.c.TopologySteps               - deleting netl-pgh-rt1:xe-2/0/1                              
2019-02-06 13:26:47,443 INFO  n.e.o.c.TopologySteps               - deleting netl-pgh-rt1                                       
2019-02-06 13:26:47,449 INFO  n.e.o.c.TopologySteps               - deleting llnl-mr2:xe-2/0/0                                  
2019-02-06 13:26:47,449 INFO  n.e.o.c.TopologySteps               - deleting llnl-mr2:xe-1/3/0                                  
2019-02-06 13:26:47,450 INFO  n.e.o.c.TopologySteps               - deleting llnl-mr2:xe-1/0/0                                  
2019-02-06 13:26:47,451 INFO  n.e.o.c.TopologySteps               - deleting llnl-mr2:ae0                                       
2019-02-06 13:26:47,452 INFO  n.e.o.c.TopologySteps               - deleting llnl-mr2:xe-3/2/0                                  
2019-02-06 13:26:47,453 INFO  n.e.o.c.TopologySteps               - deleting llnl-mr2:ge-3/0/0                                  
2019-02-06 13:26:47,453 INFO  n.e.o.c.TopologySteps               - deleting llnl-mr2:xe-2/2/0                                  
2019-02-06 13:26:47,454 INFO  n.e.o.c.TopologySteps               - deleting llnl-mr2:xe-2/1/0                                  
2019-02-06 13:26:47,454 INFO  n.e.o.c.TopologySteps               - deleting llnl-mr2:xe-0/2/0                                  
2019-02-06 13:26:47,455 INFO  n.e.o.c.TopologySteps               - deleting llnl-mr2:ge-3/0/1                                  
2019-02-06 13:26:47,455 INFO  n.e.o.c.TopologySteps               - deleting llnl-mr2:xe-0/1/0                                  
2019-02-06 13:26:47,455 INFO  n.e.o.c.TopologySteps               - deleting llnl-mr2:xe-0/0/0                                  
2019-02-06 13:26:47,456 INFO  n.e.o.c.TopologySteps               - deleting llnl-mr2                                           
2019-02-06 13:26:47,459 INFO  n.e.o.c.TopologySteps               - deleting anl-mr2:ae0                                        
2019-02-06 13:26:47,460 INFO  n.e.o.c.TopologySteps               - deleting anl-mr2:xe-0/0/0                                   
2019-02-06 13:26:47,461 INFO  n.e.o.c.TopologySteps               - deleting anl-mr2:xe-2/3/0                                   
2019-02-06 13:26:47,462 INFO  n.e.o.c.TopologySteps               - deleting anl-mr2:xe-0/1/0                                   
2019-02-06 13:26:47,462 INFO  n.e.o.c.TopologySteps               - deleting anl-mr2:xe-1/3/0                                   
2019-02-06 13:26:47,463 INFO  n.e.o.c.TopologySteps               - deleting anl-mr2                                            
2019-02-06 13:26:47,464 INFO  n.e.o.c.TopologySteps               - deleting llnldc-rt4:ge-1/0/0                                
2019-02-06 13:26:47,464 INFO  n.e.o.c.TopologySteps               - deleting llnldc-rt4                                         
2019-02-06 13:26:47,472 INFO  n.e.o.c.TopologySteps               - deleting chic-cr5:1/1/1                                     
2019-02-06 13:26:47,472 INFO  n.e.o.c.TopologySteps               - deleting chic-cr5:10/1/3                                    
2019-02-06 13:26:47,473 INFO  n.e.o.c.TopologySteps               - deleting chic-cr5:8/1/1                                     
2019-02-06 13:26:47,474 INFO  n.e.o.c.TopologySteps               - deleting chic-cr5:6/1/1                                     
2019-02-06 13:26:47,474 INFO  n.e.o.c.TopologySteps               - deleting chic-cr5:10/1/1                                    
2019-02-06 13:26:47,475 INFO  n.e.o.c.TopologySteps               - deleting chic-cr5:7/1/1                                     
2019-02-06 13:26:47,475 INFO  n.e.o.c.TopologySteps               - deleting chic-cr5:10/1/4                                    
2019-02-06 13:26:47,475 INFO  n.e.o.c.TopologySteps               - deleting chic-cr5:4/1/1                                     
2019-02-06 13:26:47,475 INFO  n.e.o.c.TopologySteps               - deleting chic-cr5:6/2/1                                     
2019-02-06 13:26:47,475 INFO  n.e.o.c.TopologySteps               - deleting chic-cr5:2/1/1                                     
2019-02-06 13:26:47,476 INFO  n.e.o.c.TopologySteps               - deleting chic-cr5:10/1/7                                    
2019-02-06 13:26:47,476 INFO  n.e.o.c.TopologySteps               - deleting chic-cr5:3/1/1                                     
2019-02-06 13:26:47,476 INFO  n.e.o.c.TopologySteps               - deleting chic-cr5:3/2/1                                     
2019-02-06 13:26:47,476 INFO  n.e.o.c.TopologySteps               - deleting chic-cr5:7/2/1                                     
2019-02-06 13:26:47,477 INFO  n.e.o.c.TopologySteps               - deleting chic-cr5:5/1/1                                     
2019-02-06 13:26:47,477 INFO  n.e.o.c.TopologySteps               - deleting chic-cr5:BLANK                                     
2019-02-06 13:26:47,477 INFO  n.e.o.c.TopologySteps               - deleting chic-cr5:10/1/5                                    
2019-02-06 13:26:47,478 INFO  n.e.o.c.TopologySteps               - deleting chic-cr5                                           
2019-02-06 13:26:47,481 INFO  n.e.o.c.TopologySteps               - deleting slac-mr2:xe-1/2/0                                  
2019-02-06 13:26:47,482 INFO  n.e.o.c.TopologySteps               - deleting slac-mr2:xe-1/3/0                                  
2019-02-06 13:26:47,483 INFO  n.e.o.c.TopologySteps               - deleting slac-mr2:xe-0/2/0                                  
2019-02-06 13:26:47,483 INFO  n.e.o.c.TopologySteps               - deleting slac-mr2:xe-0/0/0                                  
2019-02-06 13:26:47,484 INFO  n.e.o.c.TopologySteps               - deleting slac-mr2:xe-1/1/0                                  
2019-02-06 13:26:47,485 INFO  n.e.o.c.TopologySteps               - deleting slac-mr2:xe-0/1/0                                  
2019-02-06 13:26:47,486 INFO  n.e.o.c.TopologySteps               - deleting slac-mr2                                           
2019-02-06 13:26:47,489 INFO  n.e.o.c.TopologySteps               - deleting lond-cr5:5/1/1                                     
2019-02-06 13:26:47,490 INFO  n.e.o.c.TopologySteps               - deleting lond-cr5:3/1/1                                     
2019-02-06 13:26:47,490 INFO  n.e.o.c.TopologySteps               - deleting lond-cr5:2/1/1                                     
2019-02-06 13:26:47,490 INFO  n.e.o.c.TopologySteps               - deleting lond-cr5:1/1/1                                     
2019-02-06 13:26:47,490 INFO  n.e.o.c.TopologySteps               - deleting lond-cr5:10/1/4                                    
2019-02-06 13:26:47,491 INFO  n.e.o.c.TopologySteps               - deleting lond-cr5:2/2/1                                     
2019-02-06 13:26:47,491 INFO  n.e.o.c.TopologySteps               - deleting lond-cr5:10/1/2                                    
2019-02-06 13:26:47,491 INFO  n.e.o.c.TopologySteps               - deleting lond-cr5:10/1/1                                    
2019-02-06 13:26:47,491 INFO  n.e.o.c.TopologySteps               - deleting lond-cr5:1/2/1                                     
2019-02-06 13:26:47,491 INFO  n.e.o.c.TopologySteps               - deleting lond-cr5                                           
2019-02-06 13:26:47,495 INFO  n.e.o.c.TopologySteps               - deleting eqx-chi-cr5:1/1/1                                  
2019-02-06 13:26:47,495 INFO  n.e.o.c.TopologySteps               - deleting eqx-chi-cr5:2/1/1                                  
2019-02-06 13:26:47,495 INFO  n.e.o.c.TopologySteps               - deleting eqx-chi-cr5:10/1/1                                 
2019-02-06 13:26:47,495 INFO  n.e.o.c.TopologySteps               - deleting eqx-chi-cr5:BLANK                                  
2019-02-06 13:26:47,495 INFO  n.e.o.c.TopologySteps               - deleting eqx-chi-cr5:10/1/3                                 
2019-02-06 13:26:47,496 INFO  n.e.o.c.TopologySteps               - deleting eqx-chi-cr5:10/1/2                                 
2019-02-06 13:26:47,496 INFO  n.e.o.c.TopologySteps               - deleting eqx-chi-cr5:1/2/1                                  
2019-02-06 13:26:47,496 INFO  n.e.o.c.TopologySteps               - deleting eqx-chi-cr5                                        
2019-02-06 13:26:47,500 INFO  n.e.o.c.TopologySteps               - deleting newy-cr5:9/1/1                                     
2019-02-06 13:26:47,500 INFO  n.e.o.c.TopologySteps               - deleting newy-cr5:4/1/1                                     
2019-02-06 13:26:47,500 INFO  n.e.o.c.TopologySteps               - deleting newy-cr5:10/1/2                                    
2019-02-06 13:26:47,502 INFO  n.e.o.c.TopologySteps               - deleting newy-cr5:4/2/1                                     
2019-02-06 13:26:47,503 INFO  n.e.o.c.TopologySteps               - deleting newy-cr5:9/1/4                                     
2019-02-06 13:26:47,504 INFO  n.e.o.c.TopologySteps               - deleting newy-cr5:10/1/9                                    
2019-02-06 13:26:47,504 INFO  n.e.o.c.TopologySteps               - deleting newy-cr5:10/1/3                                    
2019-02-06 13:26:47,505 INFO  n.e.o.c.TopologySteps               - deleting newy-cr5:2/1/1                                     
2019-02-06 13:26:47,505 INFO  n.e.o.c.TopologySteps               - deleting newy-cr5:3/1/1                                     
2019-02-06 13:26:47,506 INFO  n.e.o.c.TopologySteps               - deleting newy-cr5                                           
2019-02-06 13:26:47,508 INFO  n.e.o.c.TopologySteps               - deleting netl-alb-rt1:xe-2/0/1                              
2019-02-06 13:26:47,509 INFO  n.e.o.c.TopologySteps               - deleting netl-alb-rt1:xe-2/0/3                              
2019-02-06 13:26:47,509 INFO  n.e.o.c.TopologySteps               - deleting netl-alb-rt1:xe-2/0/2                              
2019-02-06 13:26:47,510 INFO  n.e.o.c.TopologySteps               - deleting netl-alb-rt1:xe-2/0/0                              
2019-02-06 13:26:47,510 INFO  n.e.o.c.TopologySteps               - deleting netl-alb-rt1                                       
2019-02-06 13:26:47,511 INFO  n.e.o.c.TopologySteps               - deleting jgi-mr2:xe-1/3/0                                   
2019-02-06 13:26:47,512 INFO  n.e.o.c.TopologySteps               - deleting jgi-mr2:xe-2/2/0                                   
2019-02-06 13:26:47,512 INFO  n.e.o.c.TopologySteps               - deleting jgi-mr2:xe-1/1/0                                   
2019-02-06 13:26:47,512 INFO  n.e.o.c.TopologySteps               - deleting jgi-mr2:xe-0/2/0                                   
2019-02-06 13:26:47,512 INFO  n.e.o.c.TopologySteps               - deleting jgi-mr2                                            
2019-02-06 13:26:47,514 INFO  n.e.o.c.TopologySteps               - deleting eqx-ash-cr5:10/1/1                                 
2019-02-06 13:26:47,515 INFO  n.e.o.c.TopologySteps               - deleting eqx-ash-cr5:1/1/1                                  
2019-02-06 13:26:47,515 INFO  n.e.o.c.TopologySteps               - deleting eqx-ash-cr5:BLANK                                  
2019-02-06 13:26:47,515 INFO  n.e.o.c.TopologySteps               - deleting eqx-ash-cr5:10/2/5                                 
2019-02-06 13:26:47,515 INFO  n.e.o.c.TopologySteps               - deleting eqx-ash-cr5:1/2/1                                  
2019-02-06 13:26:47,515 INFO  n.e.o.c.TopologySteps               - deleting eqx-ash-cr5:10/1/2                                 
2019-02-06 13:26:47,516 INFO  n.e.o.c.TopologySteps               - deleting eqx-ash-cr5:10/1/6                                 
2019-02-06 13:26:47,516 INFO  n.e.o.c.TopologySteps               - deleting eqx-ash-cr5:10/1/5                                 
2019-02-06 13:26:47,516 INFO  n.e.o.c.TopologySteps               - deleting eqx-ash-cr5:10/2/6                                 
2019-02-06 13:26:47,516 INFO  n.e.o.c.TopologySteps               - deleting eqx-ash-cr5:2/1/1                                  
2019-02-06 13:26:47,516 INFO  n.e.o.c.TopologySteps               - deleting eqx-ash-cr5:10/2/2                                 
2019-02-06 13:26:47,516 INFO  n.e.o.c.TopologySteps               - deleting eqx-ash-cr5                                        
2019-02-06 13:26:47,518 INFO  n.e.o.c.TopologySteps               - deleting forr-rt2:ge-0/0/4                                  
2019-02-06 13:26:47,519 INFO  n.e.o.c.TopologySteps               - deleting forr-rt2:ge-0/0/0                                  
2019-02-06 13:26:47,520 INFO  n.e.o.c.TopologySteps               - deleting forr-rt2:ge-0/0/2                                  
2019-02-06 13:26:47,520 INFO  n.e.o.c.TopologySteps               - deleting forr-rt2:ge-0/0/1                                  
2019-02-06 13:26:47,520 INFO  n.e.o.c.TopologySteps               - deleting forr-rt2:ge-0/0/5                                  
2019-02-06 13:26:47,520 INFO  n.e.o.c.TopologySteps               - deleting forr-rt2                                           
2019-02-06 13:26:47,522 INFO  n.e.o.c.TopologySteps               - deleting ornl-cr5:7/1/1                                     
2019-02-06 13:26:47,522 INFO  n.e.o.c.TopologySteps               - deleting ornl-cr5:10/1/3                                    
2019-02-06 13:26:47,522 INFO  n.e.o.c.TopologySteps               - deleting ornl-cr5:10/1/1                                    
2019-02-06 13:26:47,523 INFO  n.e.o.c.TopologySteps               - deleting ornl-cr5:10/1/2                                    
2019-02-06 13:26:47,523 INFO  n.e.o.c.TopologySteps               - deleting ornl-cr5:6/1/1                                     
2019-02-06 13:26:47,523 INFO  n.e.o.c.TopologySteps               - deleting ornl-cr5:9/1/4                                     
2019-02-06 13:26:47,523 INFO  n.e.o.c.TopologySteps               - deleting ornl-cr5                                           
2019-02-06 13:26:47,525 INFO  n.e.o.c.TopologySteps               - deleting fnal-mr2:xe-8/3/0                                  
2019-02-06 13:26:47,525 INFO  n.e.o.c.TopologySteps               - deleting fnal-mr2:xe-0/0/0                                  
2019-02-06 13:26:47,525 INFO  n.e.o.c.TopologySteps               - deleting fnal-mr2:xe-8/1/0                                  
2019-02-06 13:26:47,526 INFO  n.e.o.c.TopologySteps               - deleting fnal-mr2:xe-1/1/0                                  
2019-02-06 13:26:47,526 INFO  n.e.o.c.TopologySteps               - deleting fnal-mr2:xe-0/2/0                                  
2019-02-06 13:26:47,526 INFO  n.e.o.c.TopologySteps               - deleting fnal-mr2:xe-1/3/0                                  
2019-02-06 13:26:47,526 INFO  n.e.o.c.TopologySteps               - deleting fnal-mr2                                           
2019-02-06 13:26:47,528 INFO  n.e.o.c.TopologySteps               - deleting pantex-rt4:ge-0/0/2                                
2019-02-06 13:26:47,528 INFO  n.e.o.c.TopologySteps               - deleting pantex-rt4:ge-0/0/1                                
2019-02-06 13:26:47,528 INFO  n.e.o.c.TopologySteps               - deleting pantex-rt4:ge-0/1/0                                
2019-02-06 13:26:47,528 INFO  n.e.o.c.TopologySteps               - deleting pantex-rt4:ge-0/0/0                                
2019-02-06 13:26:47,528 INFO  n.e.o.c.TopologySteps               - deleting pantex-rt4                                         
2019-02-06 13:26:47,530 INFO  n.e.o.c.TopologySteps               - deleting ameslab-rt3:xe-1/3/0                               
2019-02-06 13:26:47,531 INFO  n.e.o.c.TopologySteps               - deleting ameslab-rt3:xe-0/1/0                               
2019-02-06 13:26:47,531 INFO  n.e.o.c.TopologySteps               - deleting ameslab-rt3:xe-0/2/0                               
2019-02-06 13:26:47,531 INFO  n.e.o.c.TopologySteps               - deleting ameslab-rt3:xe-1/0/0                               
2019-02-06 13:26:47,531 INFO  n.e.o.c.TopologySteps               - deleting ameslab-rt3:xe-0/0/0                               
2019-02-06 13:26:47,531 INFO  n.e.o.c.TopologySteps               - deleting ameslab-rt3:xe-1/1/0                               
2019-02-06 13:26:47,531 INFO  n.e.o.c.TopologySteps               - deleting ameslab-rt3                                        
2019-02-06 13:26:47,533 INFO  n.e.o.c.TopologySteps               - deleting hous-cr5:4/1/1                                     
2019-02-06 13:26:47,534 INFO  n.e.o.c.TopologySteps               - deleting hous-cr5:3/1/1                                     
2019-02-06 13:26:47,534 INFO  n.e.o.c.TopologySteps               - deleting hous-cr5:1/1/1                                     
2019-02-06 13:26:47,534 INFO  n.e.o.c.TopologySteps               - deleting hous-cr5:10/1/3                                    
2019-02-06 13:26:47,535 INFO  n.e.o.c.TopologySteps               - deleting hous-cr5:2/1/1                                     
2019-02-06 13:26:47,535 INFO  n.e.o.c.TopologySteps               - deleting hous-cr5:10/1/4                                    
2019-02-06 13:26:47,536 INFO  n.e.o.c.TopologySteps               - deleting hous-cr5                                           
2019-02-06 13:26:47,539 INFO  n.e.o.c.TopologySteps               - deleting aofa-cr5:4/1/1                                     
2019-02-06 13:26:47,539 INFO  n.e.o.c.TopologySteps               - deleting aofa-cr5:2/1/1                                     
2019-02-06 13:26:47,539 INFO  n.e.o.c.TopologySteps               - deleting aofa-cr5:10/1/2                                    
2019-02-06 13:26:47,539 INFO  n.e.o.c.TopologySteps               - deleting aofa-cr5:4/2/1                                     
2019-02-06 13:26:47,540 INFO  n.e.o.c.TopologySteps               - deleting aofa-cr5:9/1/1                                     
2019-02-06 13:26:47,540 INFO  n.e.o.c.TopologySteps               - deleting aofa-cr5:1/1/1                                     
2019-02-06 13:26:47,541 INFO  n.e.o.c.TopologySteps               - deleting aofa-cr5:7/2/1                                     
2019-02-06 13:26:47,541 INFO  n.e.o.c.TopologySteps               - deleting aofa-cr5:10/1/1                                    
2019-02-06 13:26:47,541 INFO  n.e.o.c.TopologySteps               - deleting aofa-cr5:10/1/9                                    
2019-02-06 13:26:47,542 INFO  n.e.o.c.TopologySteps               - deleting aofa-cr5:5/1/1                                     
2019-02-06 13:26:47,542 INFO  n.e.o.c.TopologySteps               - deleting aofa-cr5:9/1/5                                     
2019-02-06 13:26:47,543 INFO  n.e.o.c.TopologySteps               - deleting aofa-cr5:6/2/1                                     
2019-02-06 13:26:47,543 INFO  n.e.o.c.TopologySteps               - deleting aofa-cr5:3/1/1                                     
2019-02-06 13:26:47,544 INFO  n.e.o.c.TopologySteps               - deleting aofa-cr5:10/1/8                                    
2019-02-06 13:26:47,544 INFO  n.e.o.c.TopologySteps               - deleting aofa-cr5                                           
2019-02-06 13:26:47,545 INFO  n.e.o.c.TopologySteps               - deleting osti-rt2:xe-1/2/0                                  
2019-02-06 13:26:47,545 INFO  n.e.o.c.TopologySteps               - deleting osti-rt2:ae0                                       
2019-02-06 13:26:47,545 INFO  n.e.o.c.TopologySteps               - deleting osti-rt2                                           
2019-02-06 13:26:47,548 INFO  n.e.o.c.TopologySteps               - deleting pnwg-cr5:2/1/1                                     
2019-02-06 13:26:47,549 INFO  n.e.o.c.TopologySteps               - deleting pnwg-cr5:10/1/3                                    
2019-02-06 13:26:47,549 INFO  n.e.o.c.TopologySteps               - deleting pnwg-cr5:10/1/2                                    
2019-02-06 13:26:47,550 INFO  n.e.o.c.TopologySteps               - deleting pnwg-cr5:10/1/9                                    
2019-02-06 13:26:47,550 INFO  n.e.o.c.TopologySteps               - deleting pnwg-cr5:10/1/10                                   
2019-02-06 13:26:47,550 INFO  n.e.o.c.TopologySteps               - deleting pnwg-cr5:10/1/6                                    
2019-02-06 13:26:47,550 INFO  n.e.o.c.TopologySteps               - deleting pnwg-cr5:2/2/1                                     
2019-02-06 13:26:47,550 INFO  n.e.o.c.TopologySteps               - deleting pnwg-cr5:3/1/1                                     
2019-02-06 13:26:47,552 INFO  n.e.o.c.TopologySteps               - deleting pnwg-cr5:9/1/2                                     
2019-02-06 13:26:47,553 INFO  n.e.o.c.TopologySteps               - deleting pnwg-cr5:10/1/5                                    
2019-02-06 13:26:47,553 INFO  n.e.o.c.TopologySteps               - deleting pnwg-cr5:BLANK                                     
2019-02-06 13:26:47,553 INFO  n.e.o.c.TopologySteps               - deleting pnwg-cr5:1/1/1                                     
2019-02-06 13:26:47,553 INFO  n.e.o.c.TopologySteps               - deleting pnwg-cr5:10/1/4                                    
2019-02-06 13:26:47,553 INFO  n.e.o.c.TopologySteps               - deleting pnwg-cr5                                           
2019-02-06 13:26:47,556 INFO  n.e.o.c.TopologySteps               - deleting amst-cr5:1/2/1                                     
2019-02-06 13:26:47,556 INFO  n.e.o.c.TopologySteps               - deleting amst-cr5:1/1/1                                     
2019-02-06 13:26:47,557 INFO  n.e.o.c.TopologySteps               - deleting amst-cr5:3/1/1                                     
2019-02-06 13:26:47,557 INFO  n.e.o.c.TopologySteps               - deleting amst-cr5:2/1/1                                     
2019-02-06 13:26:47,557 INFO  n.e.o.c.TopologySteps               - deleting amst-cr5:5/1/1                                     
2019-02-06 13:26:47,557 INFO  n.e.o.c.TopologySteps               - deleting amst-cr5:10/1/1                                    
2019-02-06 13:26:47,557 INFO  n.e.o.c.TopologySteps               - deleting amst-cr5:10/1/2                                    
2019-02-06 13:26:47,557 INFO  n.e.o.c.TopologySteps               - deleting amst-cr5:10/2/5                                    
2019-02-06 13:26:47,557 INFO  n.e.o.c.TopologySteps               - deleting amst-cr5                                           
2019-02-06 13:26:47,560 INFO  n.e.o.c.TopologySteps               - deleting albq-cr5:10/1/5                                    
2019-02-06 13:26:47,560 INFO  n.e.o.c.TopologySteps               - deleting albq-cr5:10/1/2                                    
2019-02-06 13:26:47,561 INFO  n.e.o.c.TopologySteps               - deleting albq-cr5:3/1/1                                     
2019-02-06 13:26:47,561 INFO  n.e.o.c.TopologySteps               - deleting albq-cr5:10/1/4                                    
2019-02-06 13:26:47,561 INFO  n.e.o.c.TopologySteps               - deleting albq-cr5:1/1/1                                     
2019-02-06 13:26:47,561 INFO  n.e.o.c.TopologySteps               - deleting albq-cr5:2/1/1                                     
2019-02-06 13:26:47,561 INFO  n.e.o.c.TopologySteps               - deleting albq-cr5:10/1/3                                    
2019-02-06 13:26:47,561 INFO  n.e.o.c.TopologySteps               - deleting albq-cr5                                           
2019-02-06 13:26:47,566 INFO  n.e.o.c.TopologySteps               - deleting lbl-mr2:xe-2/3/0                                   
2019-02-06 13:26:47,566 INFO  n.e.o.c.TopologySteps               - deleting lbl-mr2:xe-8/1/0                                   
2019-02-06 13:26:47,567 INFO  n.e.o.c.TopologySteps               - deleting lbl-mr2:xe-2/2/0                                   
2019-02-06 13:26:47,567 INFO  n.e.o.c.TopologySteps               - deleting lbl-mr2:ge-9/1/2                                   
2019-02-06 13:26:47,568 INFO  n.e.o.c.TopologySteps               - deleting lbl-mr2:xe-2/1/0                                   
2019-02-06 13:26:47,568 INFO  n.e.o.c.TopologySteps               - deleting lbl-mr2:ge-9/0/4                                   
2019-02-06 13:26:47,568 INFO  n.e.o.c.TopologySteps               - deleting lbl-mr2:ge-9/1/8                                   
2019-02-06 13:26:47,568 INFO  n.e.o.c.TopologySteps               - deleting lbl-mr2:xe-8/3/0                                   
2019-02-06 13:26:47,568 INFO  n.e.o.c.TopologySteps               - deleting lbl-mr2:ae0                                        
2019-02-06 13:26:47,569 INFO  n.e.o.c.TopologySteps               - deleting lbl-mr2:ge-9/1/0                                   
2019-02-06 13:26:47,569 INFO  n.e.o.c.TopologySteps               - deleting lbl-mr2:xe-0/1/0                                   
2019-02-06 13:26:47,569 INFO  n.e.o.c.TopologySteps               - deleting lbl-mr2:xe-1/1/0                                   
2019-02-06 13:26:47,569 INFO  n.e.o.c.TopologySteps               - deleting lbl-mr2:xe-7/0/0                                   
2019-02-06 13:26:47,569 INFO  n.e.o.c.TopologySteps               - deleting lbl-mr2:xe-0/2/0                                   
2019-02-06 13:26:47,569 INFO  n.e.o.c.TopologySteps               - deleting lbl-mr2:xe-1/3/0                                   
2019-02-06 13:26:47,570 INFO  n.e.o.c.TopologySteps               - deleting lbl-mr2:xe-7/2/0                                   
2019-02-06 13:26:47,570 INFO  n.e.o.c.TopologySteps               - deleting lbl-mr2                                            
2019-02-06 13:26:47,573 INFO  n.e.o.c.TopologySteps               - deleting denv-cr5:10/1/6                                    
2019-02-06 13:26:47,573 INFO  n.e.o.c.TopologySteps               - deleting denv-cr5:10/1/12                                   
2019-02-06 13:26:47,573 INFO  n.e.o.c.TopologySteps               - deleting denv-cr5:4/1/1                                     
2019-02-06 13:26:47,573 INFO  n.e.o.c.TopologySteps               - deleting denv-cr5:3/1/1                                     
2019-02-06 13:26:47,574 INFO  n.e.o.c.TopologySteps               - deleting denv-cr5:9/1/1                                     
2019-02-06 13:26:47,574 INFO  n.e.o.c.TopologySteps               - deleting denv-cr5:9/1/3                                     
2019-02-06 13:26:47,574 INFO  n.e.o.c.TopologySteps               - deleting denv-cr5:4/2/1                                     
2019-02-06 13:26:47,574 INFO  n.e.o.c.TopologySteps               - deleting denv-cr5:10/1/11                                   
2019-02-06 13:26:47,574 INFO  n.e.o.c.TopologySteps               - deleting denv-cr5:10/1/5                                    
2019-02-06 13:26:47,574 INFO  n.e.o.c.TopologySteps               - deleting denv-cr5:1/1/1                                     
2019-02-06 13:26:47,574 INFO  n.e.o.c.TopologySteps               - deleting denv-cr5:10/1/4                                    
2019-02-06 13:26:47,574 INFO  n.e.o.c.TopologySteps               - deleting denv-cr5:10/1/10                                   
2019-02-06 13:26:47,574 INFO  n.e.o.c.TopologySteps               - deleting denv-cr5:2/1/1                                     
2019-02-06 13:26:47,575 INFO  n.e.o.c.TopologySteps               - deleting denv-cr5:10/1/3                                    
2019-02-06 13:26:47,575 INFO  n.e.o.c.TopologySteps               - deleting denv-cr5:10/1/7                                    
2019-02-06 13:26:47,575 INFO  n.e.o.c.TopologySteps               - deleting denv-cr5                                           
2019-02-06 13:26:47,579 INFO  n.e.o.c.TopologySteps               - deleting star-cr5:10/1/8                                    
2019-02-06 13:26:47,580 INFO  n.e.o.c.TopologySteps               - deleting star-cr5:1/1/1                                     
2019-02-06 13:26:47,580 INFO  n.e.o.c.TopologySteps               - deleting star-cr5:3/1/1                                     
2019-02-06 13:26:47,580 INFO  n.e.o.c.TopologySteps               - deleting star-cr5:4/2/1                                     
2019-02-06 13:26:47,580 INFO  n.e.o.c.TopologySteps               - deleting star-cr5:6/1/1                                     
2019-02-06 13:26:47,580 INFO  n.e.o.c.TopologySteps               - deleting star-cr5:5/1/1                                     
2019-02-06 13:26:47,580 INFO  n.e.o.c.TopologySteps               - deleting star-cr5:8/1/2                                     
2019-02-06 13:26:47,580 INFO  n.e.o.c.TopologySteps               - deleting star-cr5:9/1/4                                     
2019-02-06 13:26:47,580 INFO  n.e.o.c.TopologySteps               - deleting star-cr5:8/1/6                                     
2019-02-06 13:26:47,580 INFO  n.e.o.c.TopologySteps               - deleting star-cr5:10/1/7                                    
2019-02-06 13:26:47,581 INFO  n.e.o.c.TopologySteps               - deleting star-cr5:10/1/10                                   
2019-02-06 13:26:47,581 INFO  n.e.o.c.TopologySteps               - deleting star-cr5:4/1/1                                     
2019-02-06 13:26:47,581 INFO  n.e.o.c.TopologySteps               - deleting star-cr5:1/2/1                                     
2019-02-06 13:26:47,581 INFO  n.e.o.c.TopologySteps               - deleting star-cr5:6/2/1                                     
2019-02-06 13:26:47,581 INFO  n.e.o.c.TopologySteps               - deleting star-cr5:BLANK                                     
2019-02-06 13:26:47,581 INFO  n.e.o.c.TopologySteps               - deleting star-cr5:8/1/4                                     
2019-02-06 13:26:47,581 INFO  n.e.o.c.TopologySteps               - deleting star-cr5:3/2/1                                     
2019-02-06 13:26:47,582 INFO  n.e.o.c.TopologySteps               - deleting star-cr5:10/1/1                                    
2019-02-06 13:26:47,582 INFO  n.e.o.c.TopologySteps               - deleting star-cr5                                           
2019-02-06 13:26:47,586 INFO  n.e.o.c.TopologySteps               - deleting bost-cr5:10/1/2                                    
2019-02-06 13:26:47,587 INFO  n.e.o.c.TopologySteps               - deleting bost-cr5:10/2/3                                    
2019-02-06 13:26:47,587 INFO  n.e.o.c.TopologySteps               - deleting bost-cr5:1/1/1                                     
2019-02-06 13:26:47,587 INFO  n.e.o.c.TopologySteps               - deleting bost-cr5:10/1/6                                    
2019-02-06 13:26:47,587 INFO  n.e.o.c.TopologySteps               - deleting bost-cr5:2/1/1                                     
2019-02-06 13:26:47,587 INFO  n.e.o.c.TopologySteps               - deleting bost-cr5:10/1/5                                    
2019-02-06 13:26:47,587 INFO  n.e.o.c.TopologySteps               - deleting bost-cr5:3/1/1                                     
2019-02-06 13:26:47,587 INFO  n.e.o.c.TopologySteps               - deleting bost-cr5                                           
2019-02-06 13:26:47,680 INFO  n.e.o.c.TopologySteps               - clearing ports                                              
2019-02-06 13:26:47,681 INFO  n.e.o.c.TopologySteps               - clearing versions                                           
2019-02-06 13:26:47,704 DEBUG n.e.o.t.p.TopoPopulator             - Loaded topology from config/test/topo/one.json , config/test/topo/adj_none.json
2019-02-06 13:26:47,707 INFO  n.e.o.t.s.TopoLibrary               -  will add port A:1                                          
2019-02-06 13:26:47,707 INFO  n.e.o.t.s.TopoLibrary               -  will add port A:2                                          
2019-02-06 13:26:47,712 DEBUG n.e.o.t.s.UpdateSvc                 - New version id is: 655                                      
2019-02-06 13:26:47,713 INFO  n.e.o.t.s.UpdateSvc                 - Merging version delta                                       
2019-02-06 13:26:47,723 INFO  n.e.o.t.s.UpdateSvc                 - d: inserting: A                                             
2019-02-06 13:26:47,724 INFO  n.e.o.t.s.UpdateSvc                 - finished merging devices                                    
2019-02-06 13:26:47,724 INFO  n.e.o.t.s.UpdateSvc                 -    inserted       : 1                                       
2019-02-06 13:26:47,724 INFO  n.e.o.t.s.UpdateSvc                 -    ver updated    : 0                                       
2019-02-06 13:26:47,724 INFO  n.e.o.t.s.UpdateSvc                 -     + unchanged      : 0                                    
2019-02-06 13:26:47,724 INFO  n.e.o.t.s.UpdateSvc                 -     + data updated   : 0                                    
2019-02-06 13:26:47,724 INFO  n.e.o.t.s.UpdateSvc                 -    invalidated    :   0                                     
2019-02-06 13:26:47,727 INFO  n.e.o.t.s.UpdateSvc                 - inserting p: A:1 to A                                       
2019-02-06 13:26:47,729 DEBUG n.e.o.t.s.UpdateSvc                 - A:1 656                                                     
2019-02-06 13:26:47,729 INFO  n.e.o.t.s.UpdateSvc                 - inserting p: A:2 to A                                       
2019-02-06 13:26:47,730 DEBUG n.e.o.t.s.UpdateSvc                 - A:1 656                                                     
2019-02-06 13:26:47,730 DEBUG n.e.o.t.s.UpdateSvc                 - A:2 656                                                     
2019-02-06 13:26:47,730 INFO  n.e.o.t.s.UpdateSvc                 - finished merging ports                                      
2019-02-06 13:26:47,730 INFO  n.e.o.t.s.UpdateSvc                 -    inserted     :   2                                       
2019-02-06 13:26:47,730 INFO  n.e.o.t.s.UpdateSvc                 -    ver updated  :   0                                       
2019-02-06 13:26:47,730 INFO  n.e.o.t.s.UpdateSvc                 -    data updated :   0                                       
2019-02-06 13:26:47,730 INFO  n.e.o.t.s.UpdateSvc                 -    invalidated  :   0                                       
2019-02-06 13:26:47,730 INFO  n.e.o.t.s.UpdateSvc                 - finished merging adjacencies                                
2019-02-06 13:26:47,730 INFO  n.e.o.t.s.UpdateSvc                 -    inserted     :   0                                       
2019-02-06 13:26:47,730 INFO  n.e.o.t.s.UpdateSvc                 -    ver updated  :   0                                       
2019-02-06 13:26:47,730 INFO  n.e.o.t.s.UpdateSvc                 -    data updated :   0                                       
2019-02-06 13:26:47,730 INFO  n.e.o.t.s.UpdateSvc                 -    invalidated  :   0                                       
2019-02-06 13:26:47,730 INFO  n.e.o.t.s.UpdateSvc                 - finished merging topology delta.                            
2019-02-06 13:26:47,761 INFO  n.e.o.c.TopologySteps               - clearing adjacencies                                        
2019-02-06 13:26:47,762 INFO  n.e.o.c.TopologySteps               - clearing devices                                            
2019-02-06 13:26:47,764 INFO  n.e.o.c.TopologySteps               - deleting A:1                                                
2019-02-06 13:26:47,764 INFO  n.e.o.c.TopologySteps               - deleting A:2                                                
2019-02-06 13:26:47,765 INFO  n.e.o.c.TopologySteps               - deleting A                                                  
2019-02-06 13:26:47,766 INFO  n.e.o.c.TopologySteps               - clearing ports                                              
2019-02-06 13:26:47,766 INFO  n.e.o.c.TopologySteps               - clearing versions                                           
2019-02-06 13:26:47,777 DEBUG n.e.o.t.p.TopoPopulator             - Loaded topology from config/test/topo/two_routers.json , config/test/topo/adj_a_b_mpls.json
2019-02-06 13:26:47,780 INFO  n.e.o.t.s.TopoLibrary               -  will add port A:1                                          
2019-02-06 13:26:47,780 INFO  n.e.o.t.s.TopoLibrary               -  will add port A:2                                          
2019-02-06 13:26:47,780 INFO  n.e.o.t.s.TopoLibrary               -  will add port B:1                                          
2019-02-06 13:26:47,780 INFO  n.e.o.t.s.TopoLibrary               -  will add port B:2                                          
2019-02-06 13:26:47,784 DEBUG n.e.o.t.s.UpdateSvc                 - New version id is: 659                                      
2019-02-06 13:26:47,785 INFO  n.e.o.t.s.UpdateSvc                 - Merging version delta                                       
2019-02-06 13:26:47,798 INFO  n.e.o.t.s.UpdateSvc                 - d: inserting: A                                             
2019-02-06 13:26:47,799 INFO  n.e.o.t.s.UpdateSvc                 - d: inserting: B                                             
2019-02-06 13:26:47,799 INFO  n.e.o.t.s.UpdateSvc                 - finished merging devices                                    
2019-02-06 13:26:47,799 INFO  n.e.o.t.s.UpdateSvc                 -    inserted       : 2                                       
2019-02-06 13:26:47,799 INFO  n.e.o.t.s.UpdateSvc                 -    ver updated    : 0                                       
2019-02-06 13:26:47,799 INFO  n.e.o.t.s.UpdateSvc                 -     + unchanged      : 0                                    
2019-02-06 13:26:47,799 INFO  n.e.o.t.s.UpdateSvc                 -     + data updated   : 0                                    
2019-02-06 13:26:47,799 INFO  n.e.o.t.s.UpdateSvc                 -    invalidated    :   0                                     
2019-02-06 13:26:47,805 INFO  n.e.o.t.s.UpdateSvc                 - inserting p: A:1 to A                                       
2019-02-06 13:26:47,805 DEBUG n.e.o.t.s.UpdateSvc                 - A:1 660                                                     
2019-02-06 13:26:47,806 INFO  n.e.o.t.s.UpdateSvc                 - inserting p: A:2 to A                                       
2019-02-06 13:26:47,806 DEBUG n.e.o.t.s.UpdateSvc                 - A:2 660                                                     
2019-02-06 13:26:47,806 DEBUG n.e.o.t.s.UpdateSvc                 - A:1 660                                                     
2019-02-06 13:26:47,806 INFO  n.e.o.t.s.UpdateSvc                 - inserting p: B:1 to B                                       
2019-02-06 13:26:47,807 DEBUG n.e.o.t.s.UpdateSvc                 - B:1 661                                                     
2019-02-06 13:26:47,807 INFO  n.e.o.t.s.UpdateSvc                 - inserting p: B:2 to B                                       
2019-02-06 13:26:47,808 DEBUG n.e.o.t.s.UpdateSvc                 - B:2 661                                                     
2019-02-06 13:26:47,808 DEBUG n.e.o.t.s.UpdateSvc                 - B:1 661                                                     
2019-02-06 13:26:47,808 INFO  n.e.o.t.s.UpdateSvc                 - finished merging ports                                      
2019-02-06 13:26:47,808 INFO  n.e.o.t.s.UpdateSvc                 -    inserted     :   4                                       
2019-02-06 13:26:47,808 INFO  n.e.o.t.s.UpdateSvc                 -    ver updated  :   0                                       
2019-02-06 13:26:47,808 INFO  n.e.o.t.s.UpdateSvc                 -    data updated :   0                                       
2019-02-06 13:26:47,808 INFO  n.e.o.t.s.UpdateSvc                 -    invalidated  :   0                                       
2019-02-06 13:26:47,810 INFO  n.e.o.t.s.UpdateSvc                 - inserting pa: A:2 - B:2                                     
2019-02-06 13:26:47,812 INFO  n.e.o.t.s.UpdateSvc                 - inserting pa: B:2 - A:2                                     
2019-02-06 13:26:47,813 INFO  n.e.o.t.s.UpdateSvc                 - finished merging adjacencies                                
2019-02-06 13:26:47,813 INFO  n.e.o.t.s.UpdateSvc                 -    inserted     :   2                                       
2019-02-06 13:26:47,813 INFO  n.e.o.t.s.UpdateSvc                 -    ver updated  :   0                                       
2019-02-06 13:26:47,813 INFO  n.e.o.t.s.UpdateSvc                 -    data updated :   0                                       
2019-02-06 13:26:47,813 INFO  n.e.o.t.s.UpdateSvc                 -    invalidated  :   0                                       
2019-02-06 13:26:47,813 INFO  n.e.o.t.s.UpdateSvc                 - finished merging topology delta.                            
2019-02-06 13:26:47,840 INFO  n.e.o.c.TopologySteps               - clearing adjacencies                                        
2019-02-06 13:26:47,843 INFO  n.e.o.c.TopologySteps               - clearing devices                                            
2019-02-06 13:26:47,845 INFO  n.e.o.c.TopologySteps               - deleting A:2                                                
2019-02-06 13:26:47,845 INFO  n.e.o.c.TopologySteps               - deleting A:1                                                
2019-02-06 13:26:47,845 INFO  n.e.o.c.TopologySteps               - deleting A                                                  
2019-02-06 13:26:47,846 INFO  n.e.o.c.TopologySteps               - deleting B:2                                                
2019-02-06 13:26:47,846 INFO  n.e.o.c.TopologySteps               - deleting B:1                                                
2019-02-06 13:26:47,846 INFO  n.e.o.c.TopologySteps               - deleting B                                                  
2019-02-06 13:26:47,847 INFO  n.e.o.c.TopologySteps               - clearing ports                                              
2019-02-06 13:26:47,848 INFO  n.e.o.c.TopologySteps               - clearing versions                                           
2019-02-06 13:26:47,857 DEBUG n.e.o.t.p.TopoPopulator             - Loaded topology from config/test/topo/router_and_switch.json , config/test/topo/adj_a_b_eth.json
2019-02-06 13:26:47,859 INFO  n.e.o.t.s.TopoLibrary               -  will add port A:1                                          
2019-02-06 13:26:47,859 INFO  n.e.o.t.s.TopoLibrary               -  will add port A:2                                          
2019-02-06 13:26:47,859 INFO  n.e.o.t.s.TopoLibrary               -  will add port B:1                                          
2019-02-06 13:26:47,859 INFO  n.e.o.t.s.TopoLibrary               -  will add port B:2                                          
2019-02-06 13:26:47,863 DEBUG n.e.o.t.s.UpdateSvc                 - New version id is: 668                                      
2019-02-06 13:26:47,864 INFO  n.e.o.t.s.UpdateSvc                 - Merging version delta                                       
2019-02-06 13:26:47,876 INFO  n.e.o.t.s.UpdateSvc                 - d: inserting: A                                             
2019-02-06 13:26:47,877 INFO  n.e.o.t.s.UpdateSvc                 - d: inserting: B                                             
2019-02-06 13:26:47,877 INFO  n.e.o.t.s.UpdateSvc                 - finished merging devices                                    
2019-02-06 13:26:47,877 INFO  n.e.o.t.s.UpdateSvc                 -    inserted       : 2                                       
2019-02-06 13:26:47,877 INFO  n.e.o.t.s.UpdateSvc                 -    ver updated    : 0                                       
2019-02-06 13:26:47,877 INFO  n.e.o.t.s.UpdateSvc                 -     + unchanged      : 0                                    
2019-02-06 13:26:47,877 INFO  n.e.o.t.s.UpdateSvc                 -     + data updated   : 0                                    
2019-02-06 13:26:47,877 INFO  n.e.o.t.s.UpdateSvc                 -    invalidated    :   0                                     
2019-02-06 13:26:47,880 INFO  n.e.o.t.s.UpdateSvc                 - inserting p: A:1 to A                                       
2019-02-06 13:26:47,881 DEBUG n.e.o.t.s.UpdateSvc                 - A:1 669                                                     
2019-02-06 13:26:47,881 INFO  n.e.o.t.s.UpdateSvc                 - inserting p: A:2 to A                                       
2019-02-06 13:26:47,882 DEBUG n.e.o.t.s.UpdateSvc                 - A:1 669                                                     
2019-02-06 13:26:47,882 DEBUG n.e.o.t.s.UpdateSvc                 - A:2 669                                                     
2019-02-06 13:26:47,882 INFO  n.e.o.t.s.UpdateSvc                 - inserting p: B:1 to B                                       
2019-02-06 13:26:47,883 DEBUG n.e.o.t.s.UpdateSvc                 - B:1 670                                                     
2019-02-06 13:26:47,883 INFO  n.e.o.t.s.UpdateSvc                 - inserting p: B:2 to B                                       
2019-02-06 13:26:47,884 DEBUG n.e.o.t.s.UpdateSvc                 - B:2 670                                                     
2019-02-06 13:26:47,884 DEBUG n.e.o.t.s.UpdateSvc                 - B:1 670                                                     
2019-02-06 13:26:47,884 INFO  n.e.o.t.s.UpdateSvc                 - finished merging ports                                      
2019-02-06 13:26:47,885 INFO  n.e.o.t.s.UpdateSvc                 -    inserted     :   4                                       
2019-02-06 13:26:47,885 INFO  n.e.o.t.s.UpdateSvc                 -    ver updated  :   0                                       
2019-02-06 13:26:47,885 INFO  n.e.o.t.s.UpdateSvc                 -    data updated :   0                                       
2019-02-06 13:26:47,885 INFO  n.e.o.t.s.UpdateSvc                 -    invalidated  :   0                                       
2019-02-06 13:26:47,889 INFO  n.e.o.t.s.UpdateSvc                 - inserting pa: A:2 - B:2                                     
2019-02-06 13:26:47,890 INFO  n.e.o.t.s.UpdateSvc                 - inserting pa: B:2 - A:2                                     
2019-02-06 13:26:47,891 INFO  n.e.o.t.s.UpdateSvc                 - finished merging adjacencies                                
2019-02-06 13:26:47,891 INFO  n.e.o.t.s.UpdateSvc                 -    inserted     :   2                                       
2019-02-06 13:26:47,891 INFO  n.e.o.t.s.UpdateSvc                 -    ver updated  :   0                                       
2019-02-06 13:26:47,891 INFO  n.e.o.t.s.UpdateSvc                 -    data updated :   0                                       
2019-02-06 13:26:47,891 INFO  n.e.o.t.s.UpdateSvc                 -    invalidated  :   0                                       
2019-02-06 13:26:47,891 INFO  n.e.o.t.s.UpdateSvc                 - finished merging topology delta.                            
2019-02-06 13:26:47,914 INFO  n.e.o.c.TopologySteps               - clearing adjacencies                                        
2019-02-06 13:26:47,918 INFO  n.e.o.c.TopologySteps               - clearing devices                                            
2019-02-06 13:26:47,921 INFO  n.e.o.c.TopologySteps               - deleting A:1                                                
2019-02-06 13:26:47,921 INFO  n.e.o.c.TopologySteps               - deleting A:2                                                
2019-02-06 13:26:47,921 INFO  n.e.o.c.TopologySteps               - deleting A                                                  
2019-02-06 13:26:47,922 INFO  n.e.o.c.TopologySteps               - deleting B:2                                                
2019-02-06 13:26:47,922 INFO  n.e.o.c.TopologySteps               - deleting B:1                                                
2019-02-06 13:26:47,923 INFO  n.e.o.c.TopologySteps               - deleting B                                                  
2019-02-06 13:26:47,924 INFO  n.e.o.c.TopologySteps               - clearing ports                                              
2019-02-06 13:26:47,925 INFO  n.e.o.c.TopologySteps               - clearing versions                                           
2019-02-06 13:26:47,935 DEBUG n.e.o.t.p.TopoPopulator             - Loaded topology from config/test/topo/one.json , config/test/topo/adj_none.json
2019-02-06 13:26:47,938 INFO  n.e.o.t.s.TopoLibrary               -  will add port A:1                                          
2019-02-06 13:26:47,938 INFO  n.e.o.t.s.TopoLibrary               -  will add port A:2                                          
2019-02-06 13:26:47,947 DEBUG n.e.o.t.s.UpdateSvc                 - New version id is: 677                                      
2019-02-06 13:26:47,947 INFO  n.e.o.t.s.UpdateSvc                 - Merging version delta                                       
2019-02-06 13:26:47,956 INFO  n.e.o.t.s.UpdateSvc                 - d: inserting: A                                             
2019-02-06 13:26:47,956 INFO  n.e.o.t.s.UpdateSvc                 - finished merging devices                                    
2019-02-06 13:26:47,956 INFO  n.e.o.t.s.UpdateSvc                 -    inserted       : 1                                       
2019-02-06 13:26:47,956 INFO  n.e.o.t.s.UpdateSvc                 -    ver updated    : 0                                       
2019-02-06 13:26:47,956 INFO  n.e.o.t.s.UpdateSvc                 -     + unchanged      : 0                                    
2019-02-06 13:26:47,956 INFO  n.e.o.t.s.UpdateSvc                 -     + data updated   : 0                                    
2019-02-06 13:26:47,956 INFO  n.e.o.t.s.UpdateSvc                 -    invalidated    :   0                                     
2019-02-06 13:26:47,958 INFO  n.e.o.t.s.UpdateSvc                 - inserting p: A:1 to A                                       
2019-02-06 13:26:47,959 DEBUG n.e.o.t.s.UpdateSvc                 - A:1 678                                                     
2019-02-06 13:26:47,959 INFO  n.e.o.t.s.UpdateSvc                 - inserting p: A:2 to A                                       
2019-02-06 13:26:47,960 DEBUG n.e.o.t.s.UpdateSvc                 - A:1 678                                                     
2019-02-06 13:26:47,960 DEBUG n.e.o.t.s.UpdateSvc                 - A:2 678                                                     
2019-02-06 13:26:47,960 INFO  n.e.o.t.s.UpdateSvc                 - finished merging ports                                      
2019-02-06 13:26:47,960 INFO  n.e.o.t.s.UpdateSvc                 -    inserted     :   2                                       
2019-02-06 13:26:47,960 INFO  n.e.o.t.s.UpdateSvc                 -    ver updated  :   0                                       
2019-02-06 13:26:47,960 INFO  n.e.o.t.s.UpdateSvc                 -    data updated :   0                                       
2019-02-06 13:26:47,960 INFO  n.e.o.t.s.UpdateSvc                 -    invalidated  :   0                                       
2019-02-06 13:26:47,960 INFO  n.e.o.t.s.UpdateSvc                 - finished merging adjacencies                                
2019-02-06 13:26:47,960 INFO  n.e.o.t.s.UpdateSvc                 -    inserted     :   0                                       
2019-02-06 13:26:47,960 INFO  n.e.o.t.s.UpdateSvc                 -    ver updated  :   0                                       
2019-02-06 13:26:47,960 INFO  n.e.o.t.s.UpdateSvc                 -    data updated :   0                                       
2019-02-06 13:26:47,960 INFO  n.e.o.t.s.UpdateSvc                 -    invalidated  :   0                                       
2019-02-06 13:26:47,960 INFO  n.e.o.t.s.UpdateSvc                 - finished merging topology delta.                            
2019-02-06 13:26:47,973 DEBUG n.e.o.t.p.TopoPopulator             - Loaded topology from config/test/topo/two_routers.json , config/test/topo/adj_a_b_mpls.json
2019-02-06 13:26:47,978 INFO  n.e.o.t.s.TopoService               - found 1 devices in version 677                              
2019-02-06 13:26:47,978 INFO  n.e.o.t.s.TopoService               - found 0 adjcies in version 677                              
2019-02-06 13:26:47,980 INFO  n.e.o.t.s.TopoLibrary               -  will add port B:1                                          
2019-02-06 13:26:47,980 INFO  n.e.o.t.s.TopoLibrary               -  will add port B:2                                          
2019-02-06 13:26:47,980 DEBUG n.e.o.t.s.TopoLibrary               - A:2 changed caps                                            
2019-02-06 13:26:47,980 DEBUG n.e.o.t.s.TopoLibrary               - A:2 changed vlans                                           
2019-02-06 13:26:47,994 DEBUG n.e.o.t.s.UpdateSvc                 - Setting previous version to invalid: 677                    
2019-02-06 13:26:47,998 DEBUG n.e.o.t.s.UpdateSvc                 - New version id is: 681                                      
2019-02-06 13:26:47,999 INFO  n.e.o.t.s.UpdateSvc                 - Merging version delta                                       
2019-02-06 13:26:48,017 DEBUG n.e.o.t.s.UpdateSvc                 - will just update version: A                                 
2019-02-06 13:26:48,020 INFO  n.e.o.t.s.UpdateSvc                 - d: inserting: B                                             
2019-02-06 13:26:48,021 DEBUG n.e.o.t.s.UpdateSvc                 - updating version d: A                                       
2019-02-06 13:26:48,021 INFO  n.e.o.t.s.UpdateSvc                 - finished merging devices                                    
2019-02-06 13:26:48,021 INFO  n.e.o.t.s.UpdateSvc                 -    inserted       : 1                                       
2019-02-06 13:26:48,021 INFO  n.e.o.t.s.UpdateSvc                 -    ver updated    : 1                                       
2019-02-06 13:26:48,021 INFO  n.e.o.t.s.UpdateSvc                 -     + unchanged      : 1                                    
2019-02-06 13:26:48,021 INFO  n.e.o.t.s.UpdateSvc                 -     + data updated   : 0                                    
2019-02-06 13:26:48,021 INFO  n.e.o.t.s.UpdateSvc                 -    invalidated    :   0                                     
2019-02-06 13:26:48,026 INFO  n.e.o.t.s.UpdateSvc                 - inserting p: B:1 to B                                       
2019-02-06 13:26:48,027 DEBUG n.e.o.t.s.UpdateSvc                 - B:1 682                                                     
2019-02-06 13:26:48,027 INFO  n.e.o.t.s.UpdateSvc                 - inserting p: B:2 to B                                       
2019-02-06 13:26:48,028 DEBUG n.e.o.t.s.UpdateSvc                 - B:2 682                                                     
2019-02-06 13:26:48,028 DEBUG n.e.o.t.s.UpdateSvc                 - B:1 682                                                     
2019-02-06 13:26:48,037 DEBUG n.e.o.t.s.UpdateSvc                 - updating data p: A:2                                        
2019-02-06 13:26:48,038 DEBUG n.e.o.t.s.UpdateSvc                 - A:2 <- caps [MPLS]                                          
2019-02-06 13:26:48,038 DEBUG n.e.o.t.s.UpdateSvc                 - A:2 <- ifce null                                            
2019-02-06 13:26:48,038 DEBUG n.e.o.t.s.UpdateSvc                 - A:2 <- tags : null                                          
2019-02-06 13:26:48,038 DEBUG n.e.o.t.s.UpdateSvc                 - A:2 <- ipv4 null                                            
2019-02-06 13:26:48,038 DEBUG n.e.o.t.s.UpdateSvc                 - A:2 <- ipv6 null                                            
2019-02-06 13:26:48,038 DEBUG n.e.o.t.s.UpdateSvc                 - A:2 <- vlans []                                             
2019-02-06 13:26:48,038 INFO  n.e.o.t.s.UpdateSvc                 - finished merging ports                                      
2019-02-06 13:26:48,038 INFO  n.e.o.t.s.UpdateSvc                 -    inserted     :   2                                       
2019-02-06 13:26:48,038 INFO  n.e.o.t.s.UpdateSvc                 -    ver updated  :   2                                       
2019-02-06 13:26:48,038 INFO  n.e.o.t.s.UpdateSvc                 -    data updated :   1                                       
2019-02-06 13:26:48,038 INFO  n.e.o.t.s.UpdateSvc                 -    invalidated  :   0                                       
2019-02-06 13:26:48,042 INFO  n.e.o.t.s.UpdateSvc                 - inserting pa: A:2 - B:2                                     
2019-02-06 13:26:48,044 INFO  n.e.o.t.s.UpdateSvc                 - inserting pa: B:2 - A:2                                     
2019-02-06 13:26:48,045 INFO  n.e.o.t.s.UpdateSvc                 - finished merging adjacencies                                
2019-02-06 13:26:48,045 INFO  n.e.o.t.s.UpdateSvc                 -    inserted     :   2                                       
2019-02-06 13:26:48,045 INFO  n.e.o.t.s.UpdateSvc                 -    ver updated  :   0                                       
2019-02-06 13:26:48,045 INFO  n.e.o.t.s.UpdateSvc                 -    data updated :   0                                       
2019-02-06 13:26:48,049 INFO  n.e.o.t.s.UpdateSvc                 -    invalidated  :   0                                       
2019-02-06 13:26:48,049 INFO  n.e.o.t.s.UpdateSvc                 - finished merging topology delta.                            
2019-02-06 13:26:48,130 INFO  n.e.o.c.TopologySteps               - clearing adjacencies                                        
2019-02-06 13:26:48,135 INFO  n.e.o.c.TopologySteps               - clearing devices                                            
2019-02-06 13:26:48,138 INFO  n.e.o.c.TopologySteps               - deleting A:1                                                
2019-02-06 13:26:48,138 INFO  n.e.o.c.TopologySteps               - deleting A:2                                                
2019-02-06 13:26:48,138 INFO  n.e.o.c.TopologySteps               - deleting A                                                  
2019-02-06 13:26:48,139 INFO  n.e.o.c.TopologySteps               - deleting B:2                                                
2019-02-06 13:26:48,139 INFO  n.e.o.c.TopologySteps               - deleting B:1                                                
2019-02-06 13:26:48,140 INFO  n.e.o.c.TopologySteps               - deleting B                                                  
2019-02-06 13:26:48,141 INFO  n.e.o.c.TopologySteps               - clearing ports                                              
2019-02-06 13:26:48,142 INFO  n.e.o.c.TopologySteps               - clearing versions                                           
2019-02-06 13:26:48,150 DEBUG n.e.o.t.p.TopoPopulator             - Loaded topology from config/test/topo/two_routers.json , config/test/topo/adj_a_b_mpls.json
2019-02-06 13:26:48,152 INFO  n.e.o.t.s.TopoLibrary               -  will add port A:1                                          
2019-02-06 13:26:48,152 INFO  n.e.o.t.s.TopoLibrary               -  will add port A:2                                          
2019-02-06 13:26:48,152 INFO  n.e.o.t.s.TopoLibrary               -  will add port B:1                                          
2019-02-06 13:26:48,153 INFO  n.e.o.t.s.TopoLibrary               -  will add port B:2                                          
2019-02-06 13:26:48,156 DEBUG n.e.o.t.s.UpdateSvc                 - New version id is: 687                                      
2019-02-06 13:26:48,157 INFO  n.e.o.t.s.UpdateSvc                 - Merging version delta                                       
2019-02-06 13:26:48,165 INFO  n.e.o.t.s.UpdateSvc                 - d: inserting: A                                             
2019-02-06 13:26:48,166 INFO  n.e.o.t.s.UpdateSvc                 - d: inserting: B                                             
2019-02-06 13:26:48,166 INFO  n.e.o.t.s.UpdateSvc                 - finished merging devices                                    
2019-02-06 13:26:48,166 INFO  n.e.o.t.s.UpdateSvc                 -    inserted       : 2                                       
2019-02-06 13:26:48,166 INFO  n.e.o.t.s.UpdateSvc                 -    ver updated    : 0                                       
2019-02-06 13:26:48,166 INFO  n.e.o.t.s.UpdateSvc                 -     + unchanged      : 0                                    
2019-02-06 13:26:48,166 INFO  n.e.o.t.s.UpdateSvc                 -     + data updated   : 0                                    
2019-02-06 13:26:48,166 INFO  n.e.o.t.s.UpdateSvc                 -    invalidated    :   0                                     
2019-02-06 13:26:48,171 INFO  n.e.o.t.s.UpdateSvc                 - inserting p: A:1 to A                                       
2019-02-06 13:26:48,172 DEBUG n.e.o.t.s.UpdateSvc                 - A:1 688                                                     
2019-02-06 13:26:48,172 INFO  n.e.o.t.s.UpdateSvc                 - inserting p: A:2 to A                                       
2019-02-06 13:26:48,173 DEBUG n.e.o.t.s.UpdateSvc                 - A:2 688                                                     
2019-02-06 13:26:48,173 DEBUG n.e.o.t.s.UpdateSvc                 - A:1 688                                                     
2019-02-06 13:26:48,173 INFO  n.e.o.t.s.UpdateSvc                 - inserting p: B:1 to B                                       
2019-02-06 13:26:48,173 DEBUG n.e.o.t.s.UpdateSvc                 - B:1 689                                                     
2019-02-06 13:26:48,174 INFO  n.e.o.t.s.UpdateSvc                 - inserting p: B:2 to B                                       
2019-02-06 13:26:48,174 DEBUG n.e.o.t.s.UpdateSvc                 - B:2 689                                                     
2019-02-06 13:26:48,174 DEBUG n.e.o.t.s.UpdateSvc                 - B:1 689                                                     
2019-02-06 13:26:48,174 INFO  n.e.o.t.s.UpdateSvc                 - finished merging ports                                      
2019-02-06 13:26:48,174 INFO  n.e.o.t.s.UpdateSvc                 -    inserted     :   4                                       
2019-02-06 13:26:48,174 INFO  n.e.o.t.s.UpdateSvc                 -    ver updated  :   0                                       
2019-02-06 13:26:48,174 INFO  n.e.o.t.s.UpdateSvc                 -    data updated :   0                                       
2019-02-06 13:26:48,174 INFO  n.e.o.t.s.UpdateSvc                 -    invalidated  :   0                                       
2019-02-06 13:26:48,177 INFO  n.e.o.t.s.UpdateSvc                 - inserting pa: A:2 - B:2                                     
2019-02-06 13:26:48,178 INFO  n.e.o.t.s.UpdateSvc                 - inserting pa: B:2 - A:2                                     
2019-02-06 13:26:48,179 INFO  n.e.o.t.s.UpdateSvc                 - finished merging adjacencies                                
2019-02-06 13:26:48,179 INFO  n.e.o.t.s.UpdateSvc                 -    inserted     :   2                                       
2019-02-06 13:26:48,179 INFO  n.e.o.t.s.UpdateSvc                 -    ver updated  :   0                                       
2019-02-06 13:26:48,180 INFO  n.e.o.t.s.UpdateSvc                 -    data updated :   0                                       
2019-02-06 13:26:48,180 INFO  n.e.o.t.s.UpdateSvc                 -    invalidated  :   0                                       
2019-02-06 13:26:48,180 INFO  n.e.o.t.s.UpdateSvc                 - finished merging topology delta.                            
2019-02-06 13:26:48,188 DEBUG n.e.o.t.p.TopoPopulator             - Loaded topology from config/test/topo/two_routers.json , config/test/topo/adj_a_b_mpls.json
2019-02-06 13:26:48,193 INFO  n.e.o.t.s.TopoService               - found 2 devices in version 687                              
2019-02-06 13:26:48,193 INFO  n.e.o.t.s.TopoService               - found 2 adjcies in version 687                              
2019-02-06 13:26:48,220 DEBUG n.e.o.t.s.UpdateSvc                 - Setting previous version to invalid: 687                    
2019-02-06 13:26:48,221 DEBUG n.e.o.t.s.UpdateSvc                 - New version id is: 696                                      
2019-02-06 13:26:48,223 INFO  n.e.o.t.s.UpdateSvc                 - Merging version delta                                       
2019-02-06 13:26:48,235 DEBUG n.e.o.t.s.UpdateSvc                 - will just update version: A                                 
2019-02-06 13:26:48,237 DEBUG n.e.o.t.s.UpdateSvc                 - will just update version: B                                 
2019-02-06 13:26:48,237 DEBUG n.e.o.t.s.UpdateSvc                 - updating version d: A                                       
2019-02-06 13:26:48,237 DEBUG n.e.o.t.s.UpdateSvc                 - updating version d: B                                       
2019-02-06 13:26:48,237 INFO  n.e.o.t.s.UpdateSvc                 - finished merging devices                                    
2019-02-06 13:26:48,237 INFO  n.e.o.t.s.UpdateSvc                 -    inserted       : 0                                       
2019-02-06 13:26:48,237 INFO  n.e.o.t.s.UpdateSvc                 -    ver updated    : 2                                       
2019-02-06 13:26:48,239 INFO  n.e.o.t.s.UpdateSvc                 -     + unchanged      : 2                                    
2019-02-06 13:26:48,239 INFO  n.e.o.t.s.UpdateSvc                 -     + data updated   : 0                                    
2019-02-06 13:26:48,239 INFO  n.e.o.t.s.UpdateSvc                 -    invalidated    :   0                                     
2019-02-06 13:26:48,245 INFO  n.e.o.t.s.UpdateSvc                 - finished merging ports                                      
2019-02-06 13:26:48,245 INFO  n.e.o.t.s.UpdateSvc                 -    inserted     :   0                                       
2019-02-06 13:26:48,245 INFO  n.e.o.t.s.UpdateSvc                 -    ver updated  :   4                                       
2019-02-06 13:26:48,245 INFO  n.e.o.t.s.UpdateSvc                 -    data updated :   0                                       
2019-02-06 13:26:48,245 INFO  n.e.o.t.s.UpdateSvc                 -    invalidated  :   0                                       
2019-02-06 13:26:48,248 DEBUG n.e.o.t.s.UpdateSvc                 - updating version pa: A:2 - B:2                              
2019-02-06 13:26:48,249 DEBUG n.e.o.t.s.UpdateSvc                 - updating version pa: B:2 - A:2                              
2019-02-06 13:26:48,249 INFO  n.e.o.t.s.UpdateSvc                 - finished merging adjacencies                                
2019-02-06 13:26:48,249 INFO  n.e.o.t.s.UpdateSvc                 -    inserted     :   0                                       
2019-02-06 13:26:48,249 INFO  n.e.o.t.s.UpdateSvc                 -    ver updated  :   2                                       
2019-02-06 13:26:48,249 INFO  n.e.o.t.s.UpdateSvc                 -    data updated :   0                                       
2019-02-06 13:26:48,249 INFO  n.e.o.t.s.UpdateSvc                 -    invalidated  :   0                                       
2019-02-06 13:26:48,249 INFO  n.e.o.t.s.UpdateSvc                 - finished merging topology delta.                            
2019-02-06 13:26:48,281 INFO  n.e.o.c.TopologySteps               - clearing adjacencies                                        
2019-02-06 13:26:48,288 INFO  n.e.o.c.TopologySteps               - clearing devices                                            
2019-02-06 13:26:48,289 INFO  n.e.o.c.TopologySteps               - deleting A:2                                                
2019-02-06 13:26:48,290 INFO  n.e.o.c.TopologySteps               - deleting A:1                                                
2019-02-06 13:26:48,290 INFO  n.e.o.c.TopologySteps               - deleting A                                                  
2019-02-06 13:26:48,290 INFO  n.e.o.c.TopologySteps               - deleting B:1                                                
2019-02-06 13:26:48,290 INFO  n.e.o.c.TopologySteps               - deleting B:2                                                
2019-02-06 13:26:48,291 INFO  n.e.o.c.TopologySteps               - deleting B                                                  
2019-02-06 13:26:48,292 INFO  n.e.o.c.TopologySteps               - clearing ports                                              
2019-02-06 13:26:48,293 INFO  n.e.o.c.TopologySteps               - clearing versions                                           
2019-02-06 13:26:48,302 DEBUG n.e.o.t.p.TopoPopulator             - Loaded topology from config/test/topo/two_routers.json , config/test/topo/adj_a_b_mpls.json
2019-02-06 13:26:48,304 INFO  n.e.o.t.s.TopoLibrary               -  will add port A:1                                          
2019-02-06 13:26:48,305 INFO  n.e.o.t.s.TopoLibrary               -  will add port A:2                                          
2019-02-06 13:26:48,305 INFO  n.e.o.t.s.TopoLibrary               -  will add port B:1                                          
2019-02-06 13:26:48,305 INFO  n.e.o.t.s.TopoLibrary               -  will add port B:2                                          
2019-02-06 13:26:48,308 DEBUG n.e.o.t.s.UpdateSvc                 - New version id is: 697                                      
2019-02-06 13:26:48,308 INFO  n.e.o.t.s.UpdateSvc                 - Merging version delta                                       
2019-02-06 13:26:48,319 INFO  n.e.o.t.s.UpdateSvc                 - d: inserting: A                                             
2019-02-06 13:26:48,320 INFO  n.e.o.t.s.UpdateSvc                 - d: inserting: B                                             
2019-02-06 13:26:48,320 INFO  n.e.o.t.s.UpdateSvc                 - finished merging devices                                    
2019-02-06 13:26:48,320 INFO  n.e.o.t.s.UpdateSvc                 -    inserted       : 2                                       
2019-02-06 13:26:48,320 INFO  n.e.o.t.s.UpdateSvc                 -    ver updated    : 0                                       
2019-02-06 13:26:48,320 INFO  n.e.o.t.s.UpdateSvc                 -     + unchanged      : 0                                    
2019-02-06 13:26:48,320 INFO  n.e.o.t.s.UpdateSvc                 -     + data updated   : 0                                    
2019-02-06 13:26:48,320 INFO  n.e.o.t.s.UpdateSvc                 -    invalidated    :   0                                     
2019-02-06 13:26:48,324 INFO  n.e.o.t.s.UpdateSvc                 - inserting p: A:1 to A                                       
2019-02-06 13:26:48,324 DEBUG n.e.o.t.s.UpdateSvc                 - A:1 698                                                     
2019-02-06 13:26:48,324 INFO  n.e.o.t.s.UpdateSvc                 - inserting p: A:2 to A                                       
2019-02-06 13:26:48,325 DEBUG n.e.o.t.s.UpdateSvc                 - A:1 698                                                     
2019-02-06 13:26:48,325 DEBUG n.e.o.t.s.UpdateSvc                 - A:2 698                                                     
2019-02-06 13:26:48,325 INFO  n.e.o.t.s.UpdateSvc                 - inserting p: B:1 to B                                       
2019-02-06 13:26:48,325 DEBUG n.e.o.t.s.UpdateSvc                 - B:1 699                                                     
2019-02-06 13:26:48,326 INFO  n.e.o.t.s.UpdateSvc                 - inserting p: B:2 to B                                       
2019-02-06 13:26:48,326 DEBUG n.e.o.t.s.UpdateSvc                 - B:1 699                                                     
2019-02-06 13:26:48,326 DEBUG n.e.o.t.s.UpdateSvc                 - B:2 699                                                     
2019-02-06 13:26:48,326 INFO  n.e.o.t.s.UpdateSvc                 - finished merging ports                                      
2019-02-06 13:26:48,326 INFO  n.e.o.t.s.UpdateSvc                 -    inserted     :   4                                       
2019-02-06 13:26:48,326 INFO  n.e.o.t.s.UpdateSvc                 -    ver updated  :   0                                       
2019-02-06 13:26:48,326 INFO  n.e.o.t.s.UpdateSvc                 -    data updated :   0                                       
2019-02-06 13:26:48,326 INFO  n.e.o.t.s.UpdateSvc                 -    invalidated  :   0                                       
2019-02-06 13:26:48,329 INFO  n.e.o.t.s.UpdateSvc                 - inserting pa: A:2 - B:2                                     
2019-02-06 13:26:48,330 INFO  n.e.o.t.s.UpdateSvc                 - inserting pa: B:2 - A:2                                     
2019-02-06 13:26:48,331 INFO  n.e.o.t.s.UpdateSvc                 - finished merging adjacencies                                
2019-02-06 13:26:48,331 INFO  n.e.o.t.s.UpdateSvc                 -    inserted     :   2                                       
2019-02-06 13:26:48,331 INFO  n.e.o.t.s.UpdateSvc                 -    ver updated  :   0                                       
2019-02-06 13:26:48,331 INFO  n.e.o.t.s.UpdateSvc                 -    data updated :   0                                       
2019-02-06 13:26:48,331 INFO  n.e.o.t.s.UpdateSvc                 -    invalidated  :   0                                       
2019-02-06 13:26:48,331 INFO  n.e.o.t.s.UpdateSvc                 - finished merging topology delta.                            
2019-02-06 13:26:48,339 DEBUG n.e.o.t.p.TopoPopulator             - Loaded topology from config/test/topo/one.json , config/test/topo/adj_none.json
2019-02-06 13:26:48,349 INFO  n.e.o.t.s.TopoService               - found 2 devices in version 697                              
2019-02-06 13:26:48,349 INFO  n.e.o.t.s.TopoService               - found 2 adjcies in version 697                              
2019-02-06 13:26:48,350 INFO  n.e.o.t.s.TopoLibrary               -  will remove port B:1                                       
2019-02-06 13:26:48,350 INFO  n.e.o.t.s.TopoLibrary               -  will remove port B:2                                       
2019-02-06 13:26:48,351 DEBUG n.e.o.t.s.TopoLibrary               - A:2 changed caps                                            
2019-02-06 13:26:48,352 DEBUG n.e.o.t.s.TopoLibrary               - A:2 changed vlans                                           
2019-02-06 13:26:48,364 DEBUG n.e.o.t.s.UpdateSvc                 - Setting previous version to invalid: 697                    
2019-02-06 13:26:48,366 DEBUG n.e.o.t.s.UpdateSvc                 - New version id is: 706                                      
2019-02-06 13:26:48,366 INFO  n.e.o.t.s.UpdateSvc                 - Merging version delta                                       
2019-02-06 13:26:48,381 INFO  n.e.o.t.s.UpdateSvc                 - will invalidate device (and all ports): B                   
2019-02-06 13:26:48,382 DEBUG n.e.o.t.s.UpdateSvc                 - will just update version: A                                 
2019-02-06 13:26:48,382 DEBUG n.e.o.t.s.UpdateSvc                 - updating version d: A                                       
2019-02-06 13:26:48,384 INFO  n.e.o.t.s.UpdateSvc                 - finished merging devices                                    
2019-02-06 13:26:48,384 INFO  n.e.o.t.s.UpdateSvc                 -    inserted       : 0                                       
2019-02-06 13:26:48,384 INFO  n.e.o.t.s.UpdateSvc                 -    ver updated    : 1                                       
2019-02-06 13:26:48,384 INFO  n.e.o.t.s.UpdateSvc                 -     + unchanged      : 1                                    
2019-02-06 13:26:48,384 INFO  n.e.o.t.s.UpdateSvc                 -     + data updated   : 0                                    
2019-02-06 13:26:48,384 INFO  n.e.o.t.s.UpdateSvc                 -    invalidated    :   1                                     
2019-02-06 13:26:48,389 DEBUG n.e.o.t.s.UpdateSvc                 - updating data p: A:2                                        
2019-02-06 13:26:48,389 DEBUG n.e.o.t.s.UpdateSvc                 - A:2 <- caps [ETHERNET]                                      
2019-02-06 13:26:48,389 DEBUG n.e.o.t.s.UpdateSvc                 - A:2 <- ifce null                                            
2019-02-06 13:26:48,389 DEBUG n.e.o.t.s.UpdateSvc                 - A:2 <- tags : null                                          
2019-02-06 13:26:48,389 DEBUG n.e.o.t.s.UpdateSvc                 - A:2 <- ipv4 null                                            
2019-02-06 13:26:48,389 DEBUG n.e.o.t.s.UpdateSvc                 - A:2 <- ipv6 null                                            
2019-02-06 13:26:48,389 DEBUG n.e.o.t.s.UpdateSvc                 - A:2 <- vlans [IntRange(floor=100, ceiling=200)]             
2019-02-06 13:26:48,389 DEBUG n.e.o.t.s.UpdateSvc                 - invalidating port B:1                                       
2019-02-06 13:26:48,390 DEBUG n.e.o.t.s.UpdateSvc                 - B:1                                                         
2019-02-06 13:26:48,390 DEBUG n.e.o.t.s.UpdateSvc                 - B:2                                                         
2019-02-06 13:26:48,390 DEBUG n.e.o.t.s.UpdateSvc                 - invalidating port B:2                                       
2019-02-06 13:26:48,390 DEBUG n.e.o.t.s.UpdateSvc                 - B:1                                                         
2019-02-06 13:26:48,390 DEBUG n.e.o.t.s.UpdateSvc                 - B:2                                                         
2019-02-06 13:26:48,391 INFO  n.e.o.t.s.UpdateSvc                 - finished merging ports                                      
2019-02-06 13:26:48,391 INFO  n.e.o.t.s.UpdateSvc                 -    inserted     :   0                                       
2019-02-06 13:26:48,391 INFO  n.e.o.t.s.UpdateSvc                 -    ver updated  :   2                                       
2019-02-06 13:26:48,391 INFO  n.e.o.t.s.UpdateSvc                 -    data updated :   1                                       
2019-02-06 13:26:48,391 INFO  n.e.o.t.s.UpdateSvc                 -    invalidated  :   2                                       
2019-02-06 13:26:48,394 INFO  n.e.o.t.s.UpdateSvc                 - finished merging adjacencies                                
2019-02-06 13:26:48,394 INFO  n.e.o.t.s.UpdateSvc                 -    inserted     :   0                                       
2019-02-06 13:26:48,394 INFO  n.e.o.t.s.UpdateSvc                 -    ver updated  :   0                                       
2019-02-06 13:26:48,394 INFO  n.e.o.t.s.UpdateSvc                 -    data updated :   0                                       
2019-02-06 13:26:48,394 INFO  n.e.o.t.s.UpdateSvc                 -    invalidated  :   2                                       
2019-02-06 13:26:48,394 INFO  n.e.o.t.s.UpdateSvc                 - finished merging topology delta.                            
2019-02-06 13:26:48,419 INFO  n.e.o.c.TopologySteps               - clearing adjacencies                                        
2019-02-06 13:26:48,423 INFO  n.e.o.c.TopologySteps               - clearing devices                                            
2019-02-06 13:26:48,424 INFO  n.e.o.c.TopologySteps               - deleting A:2                                                
2019-02-06 13:26:48,424 INFO  n.e.o.c.TopologySteps               - deleting A:1                                                
2019-02-06 13:26:48,425 INFO  n.e.o.c.TopologySteps               - deleting A                                                  
2019-02-06 13:26:48,426 INFO  n.e.o.c.TopologySteps               - deleting B:1                                                
2019-02-06 13:26:48,426 INFO  n.e.o.c.TopologySteps               - deleting B:2                                                
2019-02-06 13:26:48,427 INFO  n.e.o.c.TopologySteps               - deleting B                                                  
2019-02-06 13:26:48,429 INFO  n.e.o.c.TopologySteps               - clearing ports                                              
2019-02-06 13:26:48,429 INFO  n.e.o.c.TopologySteps               - clearing versions                                           
2019-02-06 13:26:48,442 DEBUG n.e.o.t.p.TopoPopulator             - Loaded topology from config/test/topo/one.json , config/test/topo/adj_none.json
2019-02-06 13:26:48,445 INFO  n.e.o.t.s.TopoLibrary               -  will add port A:1                                          
2019-02-06 13:26:48,445 INFO  n.e.o.t.s.TopoLibrary               -  will add port A:2                                          
2019-02-06 13:26:48,449 DEBUG n.e.o.t.s.UpdateSvc                 - New version id is: 707                                      
2019-02-06 13:26:48,449 INFO  n.e.o.t.s.UpdateSvc                 - Merging version delta                                       
2019-02-06 13:26:48,460 INFO  n.e.o.t.s.UpdateSvc                 - d: inserting: A                                             
2019-02-06 13:26:48,461 INFO  n.e.o.t.s.UpdateSvc                 - finished merging devices                                    
2019-02-06 13:26:48,461 INFO  n.e.o.t.s.UpdateSvc                 -    inserted       : 1                                       
2019-02-06 13:26:48,461 INFO  n.e.o.t.s.UpdateSvc                 -    ver updated    : 0                                       
2019-02-06 13:26:48,461 INFO  n.e.o.t.s.UpdateSvc                 -     + unchanged      : 0                                    
2019-02-06 13:26:48,462 INFO  n.e.o.t.s.UpdateSvc                 -     + data updated   : 0                                    
2019-02-06 13:26:48,462 INFO  n.e.o.t.s.UpdateSvc                 -    invalidated    :   0                                     
2019-02-06 13:26:48,466 INFO  n.e.o.t.s.UpdateSvc                 - inserting p: A:1 to A                                       
2019-02-06 13:26:48,468 DEBUG n.e.o.t.s.UpdateSvc                 - A:1 708                                                     
2019-02-06 13:26:48,469 INFO  n.e.o.t.s.UpdateSvc                 - inserting p: A:2 to A                                       
2019-02-06 13:26:48,470 DEBUG n.e.o.t.s.UpdateSvc                 - A:2 708                                                     
2019-02-06 13:26:48,471 DEBUG n.e.o.t.s.UpdateSvc                 - A:1 708                                                     
2019-02-06 13:26:48,471 INFO  n.e.o.t.s.UpdateSvc                 - finished merging ports                                      
2019-02-06 13:26:48,471 INFO  n.e.o.t.s.UpdateSvc                 -    inserted     :   2                                       
2019-02-06 13:26:48,471 INFO  n.e.o.t.s.UpdateSvc                 -    ver updated  :   0                                       
2019-02-06 13:26:48,471 INFO  n.e.o.t.s.UpdateSvc                 -    data updated :   0                                       
2019-02-06 13:26:48,472 INFO  n.e.o.t.s.UpdateSvc                 -    invalidated  :   0                                       
2019-02-06 13:26:48,472 INFO  n.e.o.t.s.UpdateSvc                 - finished merging adjacencies                                
2019-02-06 13:26:48,472 INFO  n.e.o.t.s.UpdateSvc                 -    inserted     :   0                                       
2019-02-06 13:26:48,472 INFO  n.e.o.t.s.UpdateSvc                 -    ver updated  :   0                                       
2019-02-06 13:26:48,472 INFO  n.e.o.t.s.UpdateSvc                 -    data updated :   0                                       
2019-02-06 13:26:48,472 INFO  n.e.o.t.s.UpdateSvc                 -    invalidated  :   0                                       
2019-02-06 13:26:48,472 INFO  n.e.o.t.s.UpdateSvc                 - finished merging topology delta.                            
2019-02-06 13:26:48,479 INFO  n.e.o.t.s.TopoService               - updating pathfinding topo to version: 707                   
2019-02-06 13:26:48,482 INFO  n.e.o.t.s.TopoService               - updated with 4 topo adjacencies                             
2019-02-06 13:28:12,197 INFO  n.e.o.c.DesignSteps                 - Starting DesignSteps on sartaj-MacBook-Pro.local with PID 63890 (started by ssbaveja in /Users/ssbaveja/Desktop/Projects/oscars-newtech/backend)
2019-02-06 13:28:12,201 DEBUG n.e.o.c.DesignSteps                 - Running with Spring Boot v1.5.15.RELEASE, Spring v4.3.18.RELEASE
2019-02-06 13:28:12,201 INFO  n.e.o.c.DesignSteps                 - The following profiles are active: test                     
2019-02-06 13:28:18,936 INFO  n.e.o.a.s.JacksonConfig             - customizing jackson                                         
2019-02-06 13:28:19,855 INFO  n.e.o.p.s.RestPssServer             - PSS server URL: https://localhost:8002                      
2019-02-06 13:28:23,293 INFO  n.e.o.c.DesignSteps                 - Started DesignSteps in 11.378 seconds (JVM running for 12.749)
2019-02-06 13:28:23,570 INFO  n.e.o.c.TopologySteps               - clearing adjacencies                                        
2019-02-06 13:28:23,614 INFO  n.e.o.c.TopologySteps               - clearing devices                                            
2019-02-06 13:28:23,622 INFO  n.e.o.c.TopologySteps               - clearing ports                                              
2019-02-06 13:28:23,627 INFO  n.e.o.c.TopologySteps               - clearing versions                                           
2019-02-06 13:28:23,831 DEBUG n.e.o.t.p.TopoPopulator             - Loaded topology from config/test/topo/two_routers.json , config/test/topo/adj_a_b_mpls.json
2019-02-06 13:28:23,849 INFO  n.e.o.t.s.TopoLibrary               -  will add port A:1                                          
2019-02-06 13:28:23,849 INFO  n.e.o.t.s.TopoLibrary               -  will add port A:2                                          
2019-02-06 13:28:23,849 INFO  n.e.o.t.s.TopoLibrary               -  will add port B:1                                          
2019-02-06 13:28:23,849 INFO  n.e.o.t.s.TopoLibrary               -  will add port B:2                                          
2019-02-06 13:28:23,943 DEBUG n.e.o.t.s.UpdateSvc                 - New version id is: 1                                        
2019-02-06 13:28:23,949 INFO  n.e.o.t.s.UpdateSvc                 - Merging version delta                                       
2019-02-06 13:28:24,031 INFO  n.e.o.t.s.UpdateSvc                 - d: inserting: A                                             
2019-02-06 13:28:24,058 INFO  n.e.o.t.s.UpdateSvc                 - d: inserting: B                                             
2019-02-06 13:28:24,060 INFO  n.e.o.t.s.UpdateSvc                 - finished merging devices                                    
2019-02-06 13:28:24,061 INFO  n.e.o.t.s.UpdateSvc                 -    inserted       : 2                                       
2019-02-06 13:28:24,063 INFO  n.e.o.t.s.UpdateSvc                 -    ver updated    : 0                                       
2019-02-06 13:28:24,064 INFO  n.e.o.t.s.UpdateSvc                 -     + unchanged      : 0                                    
2019-02-06 13:28:24,065 INFO  n.e.o.t.s.UpdateSvc                 -     + data updated   : 0                                    
2019-02-06 13:28:24,066 INFO  n.e.o.t.s.UpdateSvc                 -    invalidated    :   0                                     
2019-02-06 13:28:24,119 INFO  n.e.o.t.s.UpdateSvc                 - inserting p: A:1 to A                                       
2019-02-06 13:28:24,133 DEBUG n.e.o.t.s.UpdateSvc                 - A:1 2                                                       
2019-02-06 13:28:24,138 INFO  n.e.o.t.s.UpdateSvc                 - inserting p: A:2 to A                                       
2019-02-06 13:28:24,142 DEBUG n.e.o.t.s.UpdateSvc                 - A:1 2                                                       
2019-02-06 13:28:24,145 DEBUG n.e.o.t.s.UpdateSvc                 - A:2 2                                                       
2019-02-06 13:28:24,149 INFO  n.e.o.t.s.UpdateSvc                 - inserting p: B:1 to B                                       
2019-02-06 13:28:24,152 DEBUG n.e.o.t.s.UpdateSvc                 - B:1 3                                                       
2019-02-06 13:28:24,155 INFO  n.e.o.t.s.UpdateSvc                 - inserting p: B:2 to B                                       
2019-02-06 13:28:24,157 DEBUG n.e.o.t.s.UpdateSvc                 - B:2 3                                                       
2019-02-06 13:28:24,159 DEBUG n.e.o.t.s.UpdateSvc                 - B:1 3                                                       
2019-02-06 13:28:24,160 INFO  n.e.o.t.s.UpdateSvc                 - finished merging ports                                      
2019-02-06 13:28:24,161 INFO  n.e.o.t.s.UpdateSvc                 -    inserted     :   4                                       
2019-02-06 13:28:24,162 INFO  n.e.o.t.s.UpdateSvc                 -    ver updated  :   0                                       
2019-02-06 13:28:24,163 INFO  n.e.o.t.s.UpdateSvc                 -    data updated :   0                                       
2019-02-06 13:28:24,164 INFO  n.e.o.t.s.UpdateSvc                 -    invalidated  :   0                                       
2019-02-06 13:28:24,198 INFO  n.e.o.t.s.UpdateSvc                 - inserting pa: A:2 - B:2                                     
2019-02-06 13:28:24,208 INFO  n.e.o.t.s.UpdateSvc                 - inserting pa: B:2 - A:2                                     
2019-02-06 13:28:24,214 INFO  n.e.o.t.s.UpdateSvc                 - finished merging adjacencies                                
2019-02-06 13:28:24,215 INFO  n.e.o.t.s.UpdateSvc                 -    inserted     :   2                                       
2019-02-06 13:28:24,215 INFO  n.e.o.t.s.UpdateSvc                 -    ver updated  :   0                                       
2019-02-06 13:28:24,215 INFO  n.e.o.t.s.UpdateSvc                 -    data updated :   0                                       
2019-02-06 13:28:24,215 INFO  n.e.o.t.s.UpdateSvc                 -    invalidated  :   0                                       
2019-02-06 13:28:24,215 INFO  n.e.o.t.s.UpdateSvc                 - finished merging topology delta.                            
2019-02-06 13:28:24,242 INFO  n.e.o.t.s.TopoService               - updating pathfinding topo to version: 1                     
2019-02-06 13:28:24,291 INFO  n.e.o.t.s.TopoService               - updated with 10 topo adjacencies                            
2019-02-06 13:28:24,399 INFO  n.e.o.r.s.ResvLibrary               - evaluating a pbw: PeriodBandwidth(beginning=1970-01-01T00:01:40Z, ending=1970-01-01T00:04:10Z, bandwidth=10)
2019-02-06 13:28:24,399 INFO  n.e.o.r.s.ResvLibrary               - evaluating a pbw: PeriodBandwidth(beginning=1970-01-01T00:01:40Z, ending=1970-01-01T00:04:10Z, bandwidth=10)
2019-02-06 13:28:24,400 INFO  n.e.o.r.s.ResvLibrary               - evaluating a pbw: PeriodBandwidth(beginning=1970-01-01T00:01:40Z, ending=1970-01-01T00:04:10Z, bandwidth=10)
2019-02-06 13:28:24,401 INFO  n.e.o.r.s.ResvLibrary               - evaluating a pbw: PeriodBandwidth(beginning=1970-01-01T00:01:40Z, ending=1970-01-01T00:04:10Z, bandwidth=10)
2019-02-06 13:28:24,409 INFO  n.e.o.r.s.ResvLibrary               - evaluating a pbw: PeriodBandwidth(beginning=1970-01-01T00:01:40Z, ending=1970-01-01T00:04:10Z, bandwidth=10)
2019-02-06 13:28:24,410 INFO  n.e.o.r.s.ResvLibrary               - adding a pbw: PeriodBandwidth(beginning=1970-01-01T00:01:40Z, ending=1970-01-01T00:04:10Z, bandwidth=10)
2019-02-06 13:28:24,411 INFO  n.e.o.r.s.ResvLibrary               - evaluating a pbw: PeriodBandwidth(beginning=1970-01-01T00:01:40Z, ending=1970-01-01T00:04:10Z, bandwidth=10)
2019-02-06 13:28:24,411 INFO  n.e.o.r.s.ResvLibrary               - adding a pbw: PeriodBandwidth(beginning=1970-01-01T00:01:40Z, ending=1970-01-01T00:04:10Z, bandwidth=10)
2019-02-06 13:28:24,411 INFO  n.e.o.r.s.ResvLibrary               - evaluating a pbw: PeriodBandwidth(beginning=1970-01-01T00:01:40Z, ending=1970-01-01T00:04:10Z, bandwidth=10)
2019-02-06 13:28:24,411 INFO  n.e.o.r.s.ResvLibrary               - adding a pbw: PeriodBandwidth(beginning=1970-01-01T00:01:40Z, ending=1970-01-01T00:04:10Z, bandwidth=10)
2019-02-06 13:28:24,412 INFO  n.e.o.r.s.ResvLibrary               - evaluating a pbw: PeriodBandwidth(beginning=1970-01-01T00:01:40Z, ending=1970-01-01T00:04:10Z, bandwidth=10)
2019-02-06 13:28:24,414 INFO  n.e.o.r.s.ResvLibrary               - adding a pbw: PeriodBandwidth(beginning=1970-01-01T00:01:40Z, ending=1970-01-01T00:04:10Z, bandwidth=10)
2019-02-06 13:28:24,568 INFO  n.e.o.c.TopologySteps               - clearing adjacencies                                        
2019-02-06 13:28:24,589 INFO  n.e.o.c.TopologySteps               - clearing devices                                            
2019-02-06 13:28:24,596 INFO  n.e.o.c.TopologySteps               - deleting A:1                                                
2019-02-06 13:28:24,598 INFO  n.e.o.c.TopologySteps               - deleting A:2                                                
2019-02-06 13:28:24,599 INFO  n.e.o.c.TopologySteps               - deleting A                                                  
2019-02-06 13:28:24,603 INFO  n.e.o.c.TopologySteps               - deleting B:2                                                
2019-02-06 13:28:24,603 INFO  n.e.o.c.TopologySteps               - deleting B:1                                                
2019-02-06 13:28:24,604 INFO  n.e.o.c.TopologySteps               - deleting B                                                  
2019-02-06 13:28:24,610 INFO  n.e.o.c.TopologySteps               - clearing ports                                              
2019-02-06 13:28:24,611 INFO  n.e.o.c.TopologySteps               - clearing versions                                           
2019-02-06 13:28:24,627 DEBUG n.e.o.t.p.TopoPopulator             - Loaded topology from config/test/topo/two_routers.json , config/test/topo/adj_a_b_mpls.json
2019-02-06 13:28:24,630 INFO  n.e.o.t.s.TopoLibrary               -  will add port A:1                                          
2019-02-06 13:28:24,630 INFO  n.e.o.t.s.TopoLibrary               -  will add port A:2                                          
2019-02-06 13:28:24,630 INFO  n.e.o.t.s.TopoLibrary               -  will add port B:1                                          
2019-02-06 13:28:24,631 INFO  n.e.o.t.s.TopoLibrary               -  will add port B:2                                          
2019-02-06 13:28:24,637 DEBUG n.e.o.t.s.UpdateSvc                 - New version id is: 10                                       
2019-02-06 13:28:24,638 INFO  n.e.o.t.s.UpdateSvc                 - Merging version delta                                       
2019-02-06 13:28:24,653 INFO  n.e.o.t.s.UpdateSvc                 - d: inserting: A                                             
2019-02-06 13:28:24,654 INFO  n.e.o.t.s.UpdateSvc                 - d: inserting: B                                             
2019-02-06 13:28:24,655 INFO  n.e.o.t.s.UpdateSvc                 - finished merging devices                                    
2019-02-06 13:28:24,655 INFO  n.e.o.t.s.UpdateSvc                 -    inserted       : 2                                       
2019-02-06 13:28:24,656 INFO  n.e.o.t.s.UpdateSvc                 -    ver updated    : 0                                       
2019-02-06 13:28:24,656 INFO  n.e.o.t.s.UpdateSvc                 -     + unchanged      : 0                                    
2019-02-06 13:28:24,656 INFO  n.e.o.t.s.UpdateSvc                 -     + data updated   : 0                                    
2019-02-06 13:28:24,657 INFO  n.e.o.t.s.UpdateSvc                 -    invalidated    :   0                                     
2019-02-06 13:28:24,667 INFO  n.e.o.t.s.UpdateSvc                 - inserting p: A:1 to A                                       
2019-02-06 13:28:24,669 DEBUG n.e.o.t.s.UpdateSvc                 - A:1 11                                                      
2019-02-06 13:28:24,672 INFO  n.e.o.t.s.UpdateSvc                 - inserting p: A:2 to A                                       
2019-02-06 13:28:24,674 DEBUG n.e.o.t.s.UpdateSvc                 - A:1 11                                                      
2019-02-06 13:28:24,674 DEBUG n.e.o.t.s.UpdateSvc                 - A:2 11                                                      
2019-02-06 13:28:24,676 INFO  n.e.o.t.s.UpdateSvc                 - inserting p: B:1 to B                                       
2019-02-06 13:28:24,678 DEBUG n.e.o.t.s.UpdateSvc                 - B:1 12                                                      
2019-02-06 13:28:24,680 INFO  n.e.o.t.s.UpdateSvc                 - inserting p: B:2 to B                                       
2019-02-06 13:28:24,683 DEBUG n.e.o.t.s.UpdateSvc                 - B:1 12                                                      
2019-02-06 13:28:24,684 DEBUG n.e.o.t.s.UpdateSvc                 - B:2 12                                                      
2019-02-06 13:28:24,684 INFO  n.e.o.t.s.UpdateSvc                 - finished merging ports                                      
2019-02-06 13:28:24,684 INFO  n.e.o.t.s.UpdateSvc                 -    inserted     :   4                                       
2019-02-06 13:28:24,685 INFO  n.e.o.t.s.UpdateSvc                 -    ver updated  :   0                                       
2019-02-06 13:28:24,685 INFO  n.e.o.t.s.UpdateSvc                 -    data updated :   0                                       
2019-02-06 13:28:24,685 INFO  n.e.o.t.s.UpdateSvc                 -    invalidated  :   0                                       
2019-02-06 13:28:24,701 INFO  n.e.o.t.s.UpdateSvc                 - inserting pa: A:2 - B:2                                     
2019-02-06 13:28:24,707 INFO  n.e.o.t.s.UpdateSvc                 - inserting pa: B:2 - A:2                                     
2019-02-06 13:28:24,715 INFO  n.e.o.t.s.UpdateSvc                 - finished merging adjacencies                                
2019-02-06 13:28:24,716 INFO  n.e.o.t.s.UpdateSvc                 -    inserted     :   2                                       
2019-02-06 13:28:24,717 INFO  n.e.o.t.s.UpdateSvc                 -    ver updated  :   0                                       
2019-02-06 13:28:24,718 INFO  n.e.o.t.s.UpdateSvc                 -    data updated :   0                                       
2019-02-06 13:28:24,718 INFO  n.e.o.t.s.UpdateSvc                 -    invalidated  :   0                                       
2019-02-06 13:28:24,720 INFO  n.e.o.t.s.UpdateSvc                 - finished merging topology delta.                            
2019-02-06 13:28:24,732 INFO  n.e.o.t.s.TopoService               - updating pathfinding topo to version: 10                    
2019-02-06 13:28:24,755 INFO  n.e.o.t.s.TopoService               - updated with 10 topo adjacencies                            
2019-02-06 13:28:24,806 INFO  n.e.o.p.DijkstraPCE                 - shortest path cost: 3.0                                     
2019-02-06 13:28:24,809 INFO  n.e.o.p.DijkstraPCE                 - shortest path cost: 3.0                                     
2019-02-06 13:28:24,813 INFO  n.e.o.p.AllPathsPCE                 - long path; using long path max-length (13)                  
2019-02-06 13:28:24,818 INFO  n.e.o.p.AllPathsPCE                 - 1 distinct paths found between A and B found in time PT0S   
2019-02-06 13:28:24,825 INFO  n.e.o.p.AllPathsPCE                 - widest paths found in time PT0.006S                         
2019-02-06 13:28:25,237 INFO  n.e.o.c.TopologySteps               - clearing adjacencies                                        
2019-02-06 13:28:25,248 INFO  n.e.o.c.TopologySteps               - clearing devices                                            
2019-02-06 13:28:25,255 INFO  n.e.o.c.TopologySteps               - deleting A:1                                                
2019-02-06 13:28:25,256 INFO  n.e.o.c.TopologySteps               - deleting A:2                                                
2019-02-06 13:28:25,257 INFO  n.e.o.c.TopologySteps               - deleting A                                                  
2019-02-06 13:28:25,261 INFO  n.e.o.c.TopologySteps               - deleting B:1                                                
2019-02-06 13:28:25,262 INFO  n.e.o.c.TopologySteps               - deleting B:2                                                
2019-02-06 13:28:25,266 INFO  n.e.o.c.TopologySteps               - deleting B                                                  
2019-02-06 13:28:25,273 INFO  n.e.o.c.TopologySteps               - clearing ports                                              
2019-02-06 13:28:25,274 INFO  n.e.o.c.TopologySteps               - clearing versions                                           
2019-02-06 13:28:25,339 DEBUG n.e.o.t.p.TopoPopulator             - Loaded topology from config/topo/esnet-devices.json , config/topo/esnet-adjcies.json
2019-02-06 13:28:25,349 INFO  n.e.o.t.s.TopoLibrary               -  will add port slac-mr2:xe-1/1/0                            
2019-02-06 13:28:25,351 INFO  n.e.o.t.s.TopoLibrary               -  will add port chic-cr5:BLANK                               
2019-02-06 13:28:25,352 INFO  n.e.o.t.s.TopoLibrary               -  will add port bost-cr5:10/2/3                              
2019-02-06 13:28:25,353 INFO  n.e.o.t.s.TopoLibrary               -  will add port lbl-mr2:xe-1/1/0                             
2019-02-06 13:28:25,353 INFO  n.e.o.t.s.TopoLibrary               -  will add port newy-cr5:9/1/4                               
2019-02-06 13:28:25,354 INFO  n.e.o.t.s.TopoLibrary               -  will add port cern-513-cr5:1/1/1                           
2019-02-06 13:28:25,354 INFO  n.e.o.t.s.TopoLibrary               -  will add port newy-cr5:9/1/1                               
2019-02-06 13:28:25,354 INFO  n.e.o.t.s.TopoLibrary               -  will add port bois-cr1:xe-7/3/0                            
2019-02-06 13:28:25,355 INFO  n.e.o.t.s.TopoLibrary               -  will add port aofa-cr5:10/1/2                              
2019-02-06 13:28:25,355 INFO  n.e.o.t.s.TopoLibrary               -  will add port amst-cr5:10/2/5                              
2019-02-06 13:28:25,355 INFO  n.e.o.t.s.TopoLibrary               -  will add port aofa-cr5:10/1/1                              
2019-02-06 13:28:25,355 INFO  n.e.o.t.s.TopoLibrary               -  will add port aofa-cr5:10/1/9                              
2019-02-06 13:28:25,355 INFO  n.e.o.t.s.TopoLibrary               -  will add port aofa-cr5:10/1/8                              
2019-02-06 13:28:25,355 INFO  n.e.o.t.s.TopoLibrary               -  will add port eqx-chi-cr5:10/1/2                           
2019-02-06 13:28:25,355 INFO  n.e.o.t.s.TopoLibrary               -  will add port lsvn-cr1:ge-1/0/1                            
2019-02-06 13:28:25,355 INFO  n.e.o.t.s.TopoLibrary               -  will add port eqx-chi-cr5:10/1/3                           
2019-02-06 13:28:25,355 INFO  n.e.o.t.s.TopoLibrary               -  will add port lsvn-cr1:ge-1/0/0                            
2019-02-06 13:28:25,356 INFO  n.e.o.t.s.TopoLibrary               -  will add port eqx-chi-cr5:10/1/1                           
2019-02-06 13:28:25,356 INFO  n.e.o.t.s.TopoLibrary               -  will add port lbl-mr2:xe-8/1/0                             
2019-02-06 13:28:25,356 INFO  n.e.o.t.s.TopoLibrary               -  will add port cern-773-cr5:10/1/2                          
2019-02-06 13:28:25,356 INFO  n.e.o.t.s.TopoLibrary               -  will add port nersc-mr2:xe-2/2/0                           
2019-02-06 13:28:25,356 INFO  n.e.o.t.s.TopoLibrary               -  will add port cern-773-cr5:10/1/1                          
2019-02-06 13:28:25,357 INFO  n.e.o.t.s.TopoLibrary               -  will add port cern-773-cr5:10/1/3                          
2019-02-06 13:28:25,357 INFO  n.e.o.t.s.TopoLibrary               -  will add port chic-cr5:6/1/1                               
2019-02-06 13:28:25,357 INFO  n.e.o.t.s.TopoLibrary               -  will add port star-cr5:3/1/1                               
2019-02-06 13:28:25,357 INFO  n.e.o.t.s.TopoLibrary               -  will add port lsvn-cr1:xe-2/1/0                            
2019-02-06 13:28:25,358 INFO  n.e.o.t.s.TopoLibrary               -  will add port sunn-cr5:7/1/1                               
2019-02-06 13:28:25,360 INFO  n.e.o.t.s.TopoLibrary               -  will add port bost-cr5:10/1/2                              
2019-02-06 13:28:25,361 INFO  n.e.o.t.s.TopoLibrary               -  will add port eqx-chi-cr5:BLANK                            
2019-02-06 13:28:25,361 INFO  n.e.o.t.s.TopoLibrary               -  will add port lbl-mr2:xe-8/3/0                             
2019-02-06 13:28:25,361 INFO  n.e.o.t.s.TopoLibrary               -  will add port bost-cr5:10/1/6                              
2019-02-06 13:28:25,362 INFO  n.e.o.t.s.TopoLibrary               -  will add port bost-cr5:10/1/5                              
2019-02-06 13:28:25,363 INFO  n.e.o.t.s.TopoLibrary               -  will add port slac-mr2:xe-0/2/0                            
2019-02-06 13:28:25,363 INFO  n.e.o.t.s.TopoLibrary               -  will add port albq-cr5:10/1/2                              
2019-02-06 13:28:25,363 INFO  n.e.o.t.s.TopoLibrary               -  will add port aofa-cr5:5/1/1                               
2019-02-06 13:28:25,363 INFO  n.e.o.t.s.TopoLibrary               -  will add port nash-cr5:10/1/4                              
2019-02-06 13:28:25,363 INFO  n.e.o.t.s.TopoLibrary               -  will add port albq-cr5:10/1/5                              
2019-02-06 13:28:25,363 INFO  n.e.o.t.s.TopoLibrary               -  will add port ga-rt2:ge-1/0/3                              
2019-02-06 13:28:25,363 INFO  n.e.o.t.s.TopoLibrary               -  will add port nash-cr5:10/1/3                              
2019-02-06 13:28:25,364 INFO  n.e.o.t.s.TopoLibrary               -  will add port albq-cr5:10/1/3                              
2019-02-06 13:28:25,364 INFO  n.e.o.t.s.TopoLibrary               -  will add port ga-rt2:ge-1/0/5                              
2019-02-06 13:28:25,364 INFO  n.e.o.t.s.TopoLibrary               -  will add port albq-cr5:10/1/4                              
2019-02-06 13:28:25,364 INFO  n.e.o.t.s.TopoLibrary               -  will add port amst-cr5:10/1/1                              
2019-02-06 13:28:25,364 INFO  n.e.o.t.s.TopoLibrary               -  will add port cern-513-cr5:1/2/1                           
2019-02-06 13:28:25,364 INFO  n.e.o.t.s.TopoLibrary               -  will add port amst-cr5:10/1/2                              
2019-02-06 13:28:25,365 INFO  n.e.o.t.s.TopoLibrary               -  will add port pnwg-cr5:BLANK                               
2019-02-06 13:28:25,368 INFO  n.e.o.t.s.TopoLibrary               -  will add port ornl-rt4:xe-2/3/0                            
2019-02-06 13:28:25,370 INFO  n.e.o.t.s.TopoLibrary               -  will add port newy-cr5:2/1/1                               
2019-02-06 13:28:25,370 INFO  n.e.o.t.s.TopoLibrary               -  will add port wash-cr5:10/1/3                              
2019-02-06 13:28:25,370 INFO  n.e.o.t.s.TopoLibrary               -  will add port lsvn-cr1:ge-1/1/0                            
2019-02-06 13:28:25,370 INFO  n.e.o.t.s.TopoLibrary               -  will add port newy-cr5:10/1/9                              
2019-02-06 13:28:25,370 INFO  n.e.o.t.s.TopoLibrary               -  will add port wash-cr5:10/1/4                              
2019-02-06 13:28:25,371 INFO  n.e.o.t.s.TopoLibrary               -  will add port nash-cr5:10/1/6                              
2019-02-06 13:28:25,371 INFO  n.e.o.t.s.TopoLibrary               -  will add port wash-cr5:10/1/5                              
2019-02-06 13:28:25,371 INFO  n.e.o.t.s.TopoLibrary               -  will add port nash-cr5:10/1/5                              
2019-02-06 13:28:25,371 INFO  n.e.o.t.s.TopoLibrary               -  will add port sacr-cr5:3/1/1                               
2019-02-06 13:28:25,371 INFO  n.e.o.t.s.TopoLibrary               -  will add port wash-cr5:10/1/9                              
2019-02-06 13:28:25,372 INFO  n.e.o.t.s.TopoLibrary               -  will add port lsvn-cr1:ge-1/1/1                            
2019-02-06 13:28:25,372 INFO  n.e.o.t.s.TopoLibrary               -  will add port atla-cr5:1/1/1                               
2019-02-06 13:28:25,372 INFO  n.e.o.t.s.TopoLibrary               -  will add port lsvn-cr1:ge-1/1/5                            
2019-02-06 13:28:25,372 INFO  n.e.o.t.s.TopoLibrary               -  will add port newy-cr5:10/1/2                              
2019-02-06 13:28:25,372 INFO  n.e.o.t.s.TopoLibrary               -  will add port newy-cr5:10/1/3                              
2019-02-06 13:28:25,372 INFO  n.e.o.t.s.TopoLibrary               -  will add port lsvn-cr1:xe-2/2/0                            
2019-02-06 13:28:25,372 INFO  n.e.o.t.s.TopoLibrary               -  will add port star-cr5:3/2/1                               
2019-02-06 13:28:25,374 INFO  n.e.o.t.s.TopoLibrary               -  will add port bois-cr1:xe-1/2/0                            
2019-02-06 13:28:25,374 INFO  n.e.o.t.s.TopoLibrary               -  will add port sunn-cr5:10/1/2                              
2019-02-06 13:28:25,374 INFO  n.e.o.t.s.TopoLibrary               -  will add port sunn-cr5:10/1/1                              
2019-02-06 13:28:25,375 INFO  n.e.o.t.s.TopoLibrary               -  will add port sunn-cr5:10/1/6                              
2019-02-06 13:28:25,375 INFO  n.e.o.t.s.TopoLibrary               -  will add port lond-cr5:5/1/1                               
2019-02-06 13:28:25,375 INFO  n.e.o.t.s.TopoLibrary               -  will add port sunn-cr5:10/1/5                              
2019-02-06 13:28:25,375 INFO  n.e.o.t.s.TopoLibrary               -  will add port sunn-cr5:10/1/4                              
2019-02-06 13:28:25,375 INFO  n.e.o.t.s.TopoLibrary               -  will add port sunn-cr5:10/1/3                              
2019-02-06 13:28:25,375 INFO  n.e.o.t.s.TopoLibrary               -  will add port anl-mr2:xe-2/3/0                             
2019-02-06 13:28:25,375 INFO  n.e.o.t.s.TopoLibrary               -  will add port netl-alb-rt1:xe-2/0/0                        
2019-02-06 13:28:25,375 INFO  n.e.o.t.s.TopoLibrary               -  will add port slac-mr2:xe-0/1/0                            
2019-02-06 13:28:25,375 INFO  n.e.o.t.s.TopoLibrary               -  will add port ga-rt2:ge-1/1/3                              
2019-02-06 13:28:25,375 INFO  n.e.o.t.s.TopoLibrary               -  will add port netl-alb-rt1:xe-2/0/3                        
2019-02-06 13:28:25,375 INFO  n.e.o.t.s.TopoLibrary               -  will add port netl-alb-rt1:xe-2/0/2                        
2019-02-06 13:28:25,375 INFO  n.e.o.t.s.TopoLibrary               -  will add port netl-alb-rt1:xe-2/0/1                        
2019-02-06 13:28:25,375 INFO  n.e.o.t.s.TopoLibrary               -  will add port bois-cr1:xe-7/1/0                            
2019-02-06 13:28:25,376 INFO  n.e.o.t.s.TopoLibrary               -  will add port srs-rt3:ge-0/1/0                             
2019-02-06 13:28:25,376 INFO  n.e.o.t.s.TopoLibrary               -  will add port albq-cr5:3/1/1                               
2019-02-06 13:28:25,376 INFO  n.e.o.t.s.TopoLibrary               -  will add port aofa-cr5:6/2/1                               
2019-02-06 13:28:25,376 INFO  n.e.o.t.s.TopoLibrary               -  will add port wash-cr5:10/1/10                             
2019-02-06 13:28:25,376 INFO  n.e.o.t.s.TopoLibrary               -  will add port chic-cr5:7/1/1                               
2019-02-06 13:28:25,376 INFO  n.e.o.t.s.TopoLibrary               -  will add port lbl-mr2:xe-0/1/0                             
2019-02-06 13:28:25,376 INFO  n.e.o.t.s.TopoLibrary               -  will add port sunn-cr5:8/1/1                               
2019-02-06 13:28:25,376 INFO  n.e.o.t.s.TopoLibrary               -  will add port denv-cr5:4/1/1                               
2019-02-06 13:28:25,376 INFO  n.e.o.t.s.TopoLibrary               -  will add port fnal-mr2:xe-1/3/0                            
2019-02-06 13:28:25,376 INFO  n.e.o.t.s.TopoLibrary               -  will add port sunn-cr5:10/2/1                              
2019-02-06 13:28:25,376 INFO  n.e.o.t.s.TopoLibrary               -  will add port sunn-cr5:10/2/5                              
2019-02-06 13:28:25,376 INFO  n.e.o.t.s.TopoLibrary               -  will add port sunn-cr5:10/2/4                              
2019-02-06 13:28:25,376 INFO  n.e.o.t.s.TopoLibrary               -  will add port sunn-cr5:10/2/3                              
2019-02-06 13:28:25,377 INFO  n.e.o.t.s.TopoLibrary               -  will add port sunn-cr5:10/2/2                              
2019-02-06 13:28:25,377 INFO  n.e.o.t.s.TopoLibrary               -  will add port llnl-mr2:xe-3/2/0                            
2019-02-06 13:28:25,377 INFO  n.e.o.t.s.TopoLibrary               -  will add port sunn-cr5:10/2/6                              
2019-02-06 13:28:25,377 INFO  n.e.o.t.s.TopoLibrary               -  will add port hous-cr5:1/1/1                               
2019-02-06 13:28:25,377 INFO  n.e.o.t.s.TopoLibrary               -  will add port slac-mr2:xe-0/0/0                            
2019-02-06 13:28:25,377 INFO  n.e.o.t.s.TopoLibrary               -  will add port srs-rt3:ge-0/0/0                             
2019-02-06 13:28:25,377 INFO  n.e.o.t.s.TopoLibrary               -  will add port lbl-mr2:xe-0/2/0                             
2019-02-06 13:28:25,377 INFO  n.e.o.t.s.TopoLibrary               -  will add port llnl-mr2:ge-3/0/1                            
2019-02-06 13:28:25,377 INFO  n.e.o.t.s.TopoLibrary               -  will add port llnl-mr2:ge-3/0/0                            
2019-02-06 13:28:25,377 INFO  n.e.o.t.s.TopoLibrary               -  will add port nersc-mr2:xe-1/3/0                           
2019-02-06 13:28:25,377 INFO  n.e.o.t.s.TopoLibrary               -  will add port denv-cr5:4/2/1                               
2019-02-06 13:28:25,377 INFO  n.e.o.t.s.TopoLibrary               -  will add port ameslab-rt3:xe-1/3/0                         
2019-02-06 13:28:25,378 INFO  n.e.o.t.s.TopoLibrary               -  will add port wash-cr5:1/1/1                               
2019-02-06 13:28:25,378 INFO  n.e.o.t.s.TopoLibrary               -  will add port newy-cr5:3/1/1                               
2019-02-06 13:28:25,378 INFO  n.e.o.t.s.TopoLibrary               -  will add port chic-cr5:6/2/1                               
2019-02-06 13:28:25,378 INFO  n.e.o.t.s.TopoLibrary               -  will add port sunn-cr5:7/2/1                               
2019-02-06 13:28:25,378 INFO  n.e.o.t.s.TopoLibrary               -  will add port lbl-mr2:xe-7/0/0                             
2019-02-06 13:28:25,378 INFO  n.e.o.t.s.TopoLibrary               -  will add port nersc-mr2:xe-7/3/0                           
2019-02-06 13:28:25,378 INFO  n.e.o.t.s.TopoLibrary               -  will add port hous-cr5:10/1/3                              
2019-02-06 13:28:25,378 INFO  n.e.o.t.s.TopoLibrary               -  will add port hous-cr5:10/1/4                              
2019-02-06 13:28:25,378 INFO  n.e.o.t.s.TopoLibrary               -  will add port ornl-rt4:xe-1/2/0                            
2019-02-06 13:28:25,378 INFO  n.e.o.t.s.TopoLibrary               -  will add port kans-cr5:1/1/1                               
2019-02-06 13:28:25,378 INFO  n.e.o.t.s.TopoLibrary               -  will add port sacr-cr5:10/2/5                              
2019-02-06 13:28:25,378 INFO  n.e.o.t.s.TopoLibrary               -  will add port denv-cr5:10/1/6                              
2019-02-06 13:28:25,378 INFO  n.e.o.t.s.TopoLibrary               -  will add port sacr-cr5:4/1/1                               
2019-02-06 13:28:25,378 INFO  n.e.o.t.s.TopoLibrary               -  will add port sacr-cr5:10/2/6                              
2019-02-06 13:28:25,378 INFO  n.e.o.t.s.TopoLibrary               -  will add port denv-cr5:10/1/7                              
2019-02-06 13:28:25,379 INFO  n.e.o.t.s.TopoLibrary               -  will add port llnl-mr2:xe-2/1/0                            
2019-02-06 13:28:25,379 INFO  n.e.o.t.s.TopoLibrary               -  will add port star-cr5:5/1/1                               
2019-02-06 13:28:25,379 INFO  n.e.o.t.s.TopoLibrary               -  will add port sunn-cr5:5/2/1                               
2019-02-06 13:28:25,379 INFO  n.e.o.t.s.TopoLibrary               -  will add port sacr-cr5:10/2/1                              
2019-02-06 13:28:25,379 INFO  n.e.o.t.s.TopoLibrary               -  will add port sacr-cr5:10/2/2                              
2019-02-06 13:28:25,379 INFO  n.e.o.t.s.TopoLibrary               -  will add port sacr-cr5:10/2/3                              
2019-02-06 13:28:25,379 INFO  n.e.o.t.s.TopoLibrary               -  will add port sacr-cr5:10/2/4                              
2019-02-06 13:28:25,379 INFO  n.e.o.t.s.TopoLibrary               -  will add port ornl-rt4:ge-0/0/1                            
2019-02-06 13:28:25,379 INFO  n.e.o.t.s.TopoLibrary               -  will add port eqx-ash-cr5:1/2/1                            
2019-02-06 13:28:25,379 INFO  n.e.o.t.s.TopoLibrary               -  will add port nersc-mr2:xe-0/2/0                           
2019-02-06 13:28:25,379 INFO  n.e.o.t.s.TopoLibrary               -  will add port eqx-ash-cr5:10/1/6                           
2019-02-06 13:28:25,380 INFO  n.e.o.t.s.TopoLibrary               -  will add port albq-cr5:2/1/1                               
2019-02-06 13:28:25,380 INFO  n.e.o.t.s.TopoLibrary               -  will add port eqx-ash-cr5:10/1/5                           
2019-02-06 13:28:25,380 INFO  n.e.o.t.s.TopoLibrary               -  will add port eqx-ash-cr5:10/1/2                           
2019-02-06 13:28:25,380 INFO  n.e.o.t.s.TopoLibrary               -  will add port llnl-mr2:xe-1/3/0                            
2019-02-06 13:28:25,380 INFO  n.e.o.t.s.TopoLibrary               -  will add port atla-cr5:10/1/8                              
2019-02-06 13:28:25,380 INFO  n.e.o.t.s.TopoLibrary               -  will add port eqx-ash-cr5:10/1/1                           
2019-02-06 13:28:25,380 INFO  n.e.o.t.s.TopoLibrary               -  will add port wash-cr5:6/1/1                               
2019-02-06 13:28:25,380 INFO  n.e.o.t.s.TopoLibrary               -  will add port eqx-sj-cr5:1/2/1                             
2019-02-06 13:28:25,380 INFO  n.e.o.t.s.TopoLibrary               -  will add port bost-cr5:2/1/1                               
2019-02-06 13:28:25,380 INFO  n.e.o.t.s.TopoLibrary               -  will add port chic-cr5:1/1/1                               
2019-02-06 13:28:25,380 INFO  n.e.o.t.s.TopoLibrary               -  will add port atla-cr5:10/1/2                              
2019-02-06 13:28:25,380 INFO  n.e.o.t.s.TopoLibrary               -  will add port atla-cr5:3/1/1                               
2019-02-06 13:28:25,380 INFO  n.e.o.t.s.TopoLibrary               -  will add port atla-cr5:10/1/3                              
2019-02-06 13:28:25,380 INFO  n.e.o.t.s.TopoLibrary               -  will add port sacr-cr5:10/1/1                              
2019-02-06 13:28:25,381 INFO  n.e.o.t.s.TopoLibrary               -  will add port newy-cr5:4/1/1                               
2019-02-06 13:28:25,381 INFO  n.e.o.t.s.TopoLibrary               -  will add port sacr-cr5:10/1/6                              
2019-02-06 13:28:25,381 INFO  n.e.o.t.s.TopoLibrary               -  will add port llnl-mr2:xe-2/2/0                            
2019-02-06 13:28:25,381 INFO  n.e.o.t.s.TopoLibrary               -  will add port chic-cr5:8/1/1                               
2019-02-06 13:28:25,381 INFO  n.e.o.t.s.TopoLibrary               -  will add port sacr-cr5:10/1/2                              
2019-02-06 13:28:25,381 INFO  n.e.o.t.s.TopoLibrary               -  will add port sacr-cr5:10/1/4                              
2019-02-06 13:28:25,381 INFO  n.e.o.t.s.TopoLibrary               -  will add port cern-773-cr5:BLANK                           
2019-02-06 13:28:25,381 INFO  n.e.o.t.s.TopoLibrary               -  will add port forr-rt2:ge-0/0/5                            
2019-02-06 13:28:25,381 INFO  n.e.o.t.s.TopoLibrary               -  will add port forr-rt2:ge-0/0/4                            
2019-02-06 13:28:25,381 INFO  n.e.o.t.s.TopoLibrary               -  will add port eqx-ash-cr5:1/1/1                            
2019-02-06 13:28:25,381 INFO  n.e.o.t.s.TopoLibrary               -  will add port forr-rt2:ge-0/0/2                            
2019-02-06 13:28:25,381 INFO  n.e.o.t.s.TopoLibrary               -  will add port forr-rt2:ge-0/0/1                            
2019-02-06 13:28:25,381 INFO  n.e.o.t.s.TopoLibrary               -  will add port forr-rt2:ge-0/0/0                            
2019-02-06 13:28:25,381 INFO  n.e.o.t.s.TopoLibrary               -  will add port chic-cr5:7/2/1                               
2019-02-06 13:28:25,382 INFO  n.e.o.t.s.TopoLibrary               -  will add port nersc-mr2:xe-1/1/0                           
2019-02-06 13:28:25,382 INFO  n.e.o.t.s.TopoLibrary               -  will add port amst-cr5:5/1/1                               
2019-02-06 13:28:25,382 INFO  n.e.o.t.s.TopoLibrary               -  will add port bois-cr1:xe-0/0/0                            
2019-02-06 13:28:25,382 INFO  n.e.o.t.s.TopoLibrary               -  will add port sacr-cr5:1/1/1                               
2019-02-06 13:28:25,382 INFO  n.e.o.t.s.TopoLibrary               -  will add port ameslab-rt3:xe-1/1/0                         
2019-02-06 13:28:25,382 INFO  n.e.o.t.s.TopoLibrary               -  will add port pnwg-cr5:3/1/1                               
2019-02-06 13:28:25,382 INFO  n.e.o.t.s.TopoLibrary               -  will add port lbl-mr2:xe-7/2/0                             
2019-02-06 13:28:25,382 INFO  n.e.o.t.s.TopoLibrary               -  will add port aofa-cr5:4/2/1                               
2019-02-06 13:28:25,382 INFO  n.e.o.t.s.TopoLibrary               -  will add port cern-513-cr5:2/1/1                           
2019-02-06 13:28:25,382 INFO  n.e.o.t.s.TopoLibrary               -  will add port ameslab-rt3:xe-0/2/0                         
2019-02-06 13:28:25,382 INFO  n.e.o.t.s.TopoLibrary               -  will add port star-cr5:4/1/1                               
2019-02-06 13:28:25,382 INFO  n.e.o.t.s.TopoLibrary               -  will add port lsvn-cr1:xe-1/2/0                            
2019-02-06 13:28:25,382 INFO  n.e.o.t.s.TopoLibrary               -  will add port newy-cr5:4/2/1                               
2019-02-06 13:28:25,382 INFO  n.e.o.t.s.TopoLibrary               -  will add port albq-cr5:1/1/1                               
2019-02-06 13:28:25,382 INFO  n.e.o.t.s.TopoLibrary               -  will add port pnwg-cr5:1/1/1                               
2019-02-06 13:28:25,382 INFO  n.e.o.t.s.TopoLibrary               -  will add port kans-cr5:10/1/4                              
2019-02-06 13:28:25,382 INFO  n.e.o.t.s.TopoLibrary               -  will add port elpa-cr5:10/1/5                              
2019-02-06 13:28:25,383 INFO  n.e.o.t.s.TopoLibrary               -  will add port kans-cr5:10/1/3                              
2019-02-06 13:28:25,383 INFO  n.e.o.t.s.TopoLibrary               -  will add port pnwg-cr5:2/2/1                               
2019-02-06 13:28:25,383 INFO  n.e.o.t.s.TopoLibrary               -  will add port bois-cr1:xe-0/1/0                            
2019-02-06 13:28:25,383 INFO  n.e.o.t.s.TopoLibrary               -  will add port eqx-ash-cr5:BLANK                            
2019-02-06 13:28:25,383 INFO  n.e.o.t.s.TopoLibrary               -  will add port bost-cr5:1/1/1                               
2019-02-06 13:28:25,383 INFO  n.e.o.t.s.TopoLibrary               -  will add port elpa-cr5:10/1/4                              
2019-02-06 13:28:25,383 INFO  n.e.o.t.s.TopoLibrary               -  will add port eqx-sj-cr5:BLANK                             
2019-02-06 13:28:25,383 INFO  n.e.o.t.s.TopoLibrary               -  will add port elpa-cr5:10/1/3                              
2019-02-06 13:28:25,383 INFO  n.e.o.t.s.TopoLibrary               -  will add port ameslab-rt3:xe-1/0/0                         
2019-02-06 13:28:25,383 INFO  n.e.o.t.s.TopoLibrary               -  will add port aofa-cr5:4/1/1                               
2019-02-06 13:28:25,383 INFO  n.e.o.t.s.TopoLibrary               -  will add port anl-mr2:ae0                                  
2019-02-06 13:28:25,383 INFO  n.e.o.t.s.TopoLibrary               -  will add port aofa-cr5:3/1/1                               
2019-02-06 13:28:25,383 INFO  n.e.o.t.s.TopoLibrary               -  will add port star-cr5:4/2/1                               
2019-02-06 13:28:25,383 INFO  n.e.o.t.s.TopoLibrary               -  will add port osti-rt2:ae0                                 
2019-02-06 13:28:25,383 INFO  n.e.o.t.s.TopoLibrary               -  will add port ameslab-rt3:xe-0/1/0                         
2019-02-06 13:28:25,383 INFO  n.e.o.t.s.TopoLibrary               -  will add port llnl-mr2:xe-2/0/0                            
2019-02-06 13:28:25,383 INFO  n.e.o.t.s.TopoLibrary               -  will add port cern-513-cr5:BLANK                           
2019-02-06 13:28:25,383 INFO  n.e.o.t.s.TopoLibrary               -  will add port atla-cr5:2/1/1                               
2019-02-06 13:28:25,384 INFO  n.e.o.t.s.TopoLibrary               -  will add port sunn-cr5:5/1/1                               
2019-02-06 13:28:25,384 INFO  n.e.o.t.s.TopoLibrary               -  will add port sacr-cr5:2/1/1                               
2019-02-06 13:28:25,384 INFO  n.e.o.t.s.TopoLibrary               -  will add port denv-cr5:10/1/3                              
2019-02-06 13:28:25,384 INFO  n.e.o.t.s.TopoLibrary               -  will add port denv-cr5:10/1/4                              
2019-02-06 13:28:25,384 INFO  n.e.o.t.s.TopoLibrary               -  will add port denv-cr5:10/1/5                              
2019-02-06 13:28:25,384 INFO  n.e.o.t.s.TopoLibrary               -  will add port eqx-ash-cr5:10/2/5                           
2019-02-06 13:28:25,385 INFO  n.e.o.t.s.TopoLibrary               -  will add port eqx-ash-cr5:10/2/6                           
2019-02-06 13:28:25,385 INFO  n.e.o.t.s.TopoLibrary               -  will add port bois-cr1:xe-0/2/0                            
2019-02-06 13:28:25,385 INFO  n.e.o.t.s.TopoLibrary               -  will add port pnwg-cr5:2/1/1                               
2019-02-06 13:28:25,385 INFO  n.e.o.t.s.TopoLibrary               -  will add port eqx-ash-cr5:10/2/2                           
2019-02-06 13:28:25,385 INFO  n.e.o.t.s.TopoLibrary               -  will add port eqx-ash-cr5:2/1/1                            
2019-02-06 13:28:25,385 INFO  n.e.o.t.s.TopoLibrary               -  will add port ornl-cr5:10/1/1                              
2019-02-06 13:28:25,385 INFO  n.e.o.t.s.TopoLibrary               -  will add port llnldc-rt4:ge-1/0/0                          
2019-02-06 13:28:25,385 INFO  n.e.o.t.s.TopoLibrary               -  will add port ornl-cr5:10/1/2                              
2019-02-06 13:28:25,385 INFO  n.e.o.t.s.TopoLibrary               -  will add port bois-cr1:xe-1/0/0                            
2019-02-06 13:28:25,385 INFO  n.e.o.t.s.TopoLibrary               -  will add port ornl-cr5:10/1/3                              
2019-02-06 13:28:25,385 INFO  n.e.o.t.s.TopoLibrary               -  will add port lsvn-cr1:xe-2/0/0                            
2019-02-06 13:28:25,385 INFO  n.e.o.t.s.TopoLibrary               -  will add port aofa-cr5:9/1/5                               
2019-02-06 13:28:25,386 INFO  n.e.o.t.s.TopoLibrary               -  will add port pnwg-cr5:9/1/2                               
2019-02-06 13:28:25,386 INFO  n.e.o.t.s.TopoLibrary               -  will add port wash-cr5:4/2/1                               
2019-02-06 13:28:25,386 INFO  n.e.o.t.s.TopoLibrary               -  will add port ameslab-rt3:xe-0/0/0                         
2019-02-06 13:28:25,386 INFO  n.e.o.t.s.TopoLibrary               -  will add port snll-mr2:xe-2/2/0                            
2019-02-06 13:28:25,386 INFO  n.e.o.t.s.TopoLibrary               -  will add port aofa-cr5:9/1/1                               
2019-02-06 13:28:25,386 INFO  n.e.o.t.s.TopoLibrary               -  will add port anl-mr2:xe-0/1/0                             
2019-02-06 13:28:25,386 INFO  n.e.o.t.s.TopoLibrary               -  will add port chic-cr5:10/1/3                              
2019-02-06 13:28:25,386 INFO  n.e.o.t.s.TopoLibrary               -  will add port doe-gtn-rt2:ge-0/0/0                         
2019-02-06 13:28:25,386 INFO  n.e.o.t.s.TopoLibrary               -  will add port ornl-cr5:6/1/1                               
2019-02-06 13:28:25,386 INFO  n.e.o.t.s.TopoLibrary               -  will add port chic-cr5:10/1/1                              
2019-02-06 13:28:25,386 INFO  n.e.o.t.s.TopoLibrary               -  will add port doe-gtn-rt2:ge-0/0/3                         
2019-02-06 13:28:25,386 INFO  n.e.o.t.s.TopoLibrary               -  will add port chic-cr5:10/1/7                              
2019-02-06 13:28:25,386 INFO  n.e.o.t.s.TopoLibrary               -  will add port pantex-rt4:ge-0/1/0                          
2019-02-06 13:28:25,386 INFO  n.e.o.t.s.TopoLibrary               -  will add port chic-cr5:10/1/5                              
2019-02-06 13:28:25,386 INFO  n.e.o.t.s.TopoLibrary               -  will add port chic-cr5:10/1/4                              
2019-02-06 13:28:25,386 INFO  n.e.o.t.s.TopoLibrary               -  will add port llnl-mr2:xe-0/1/0                            
2019-02-06 13:28:25,386 INFO  n.e.o.t.s.TopoLibrary               -  will add port cern-773-cr5:1/1/1                           
2019-02-06 13:28:25,386 INFO  n.e.o.t.s.TopoLibrary               -  will add port cern-513-cr5:5/1/1                           
2019-02-06 13:28:25,387 INFO  n.e.o.t.s.TopoLibrary               -  will add port nash-cr5:1/2/1                               
2019-02-06 13:28:25,387 INFO  n.e.o.t.s.TopoLibrary               -  will add port lond-cr5:2/2/1                               
2019-02-06 13:28:25,387 INFO  n.e.o.t.s.TopoLibrary               -  will add port snla-rt3:ge-1/0/2                            
2019-02-06 13:28:25,387 INFO  n.e.o.t.s.TopoLibrary               -  will add port hous-cr5:3/1/1                               
2019-02-06 13:28:25,387 INFO  n.e.o.t.s.TopoLibrary               -  will add port pantex-rt4:ge-0/0/2                          
2019-02-06 13:28:25,387 INFO  n.e.o.t.s.TopoLibrary               -  will add port wash-cr5:4/1/1                               
2019-02-06 13:28:25,387 INFO  n.e.o.t.s.TopoLibrary               -  will add port fnal-mr2:xe-0/0/0                            
2019-02-06 13:28:25,387 INFO  n.e.o.t.s.TopoLibrary               -  will add port snll-mr2:xe-2/3/0                            
2019-02-06 13:28:25,387 INFO  n.e.o.t.s.TopoLibrary               -  will add port doe-gtn-rt2:ge-0/1/3                         
2019-02-06 13:28:25,387 INFO  n.e.o.t.s.TopoLibrary               -  will add port doe-gtn-rt2:ge-0/1/0                         
2019-02-06 13:28:25,387 INFO  n.e.o.t.s.TopoLibrary               -  will add port jgi-mr2:xe-1/3/0                             
2019-02-06 13:28:25,387 INFO  n.e.o.t.s.TopoLibrary               -  will add port elpa-cr5:1/1/1                               
2019-02-06 13:28:25,387 INFO  n.e.o.t.s.TopoLibrary               -  will add port aofa-cr5:2/1/1                               
2019-02-06 13:28:25,387 INFO  n.e.o.t.s.TopoLibrary               -  will add port pantex-rt4:ge-0/0/0                          
2019-02-06 13:28:25,387 INFO  n.e.o.t.s.TopoLibrary               -  will add port pantex-rt4:ge-0/0/1                          
2019-02-06 13:28:25,387 INFO  n.e.o.t.s.TopoLibrary               -  will add port sunn-cr5:4/1/1                               
2019-02-06 13:28:25,387 INFO  n.e.o.t.s.TopoLibrary               -  will add port denv-cr5:10/1/12                             
2019-02-06 13:28:25,388 INFO  n.e.o.t.s.TopoLibrary               -  will add port nash-cr5:1/1/1                               
2019-02-06 13:28:25,388 INFO  n.e.o.t.s.TopoLibrary               -  will add port denv-cr5:10/1/11                             
2019-02-06 13:28:25,388 INFO  n.e.o.t.s.TopoLibrary               -  will add port lond-cr5:2/1/1                               
2019-02-06 13:28:25,388 INFO  n.e.o.t.s.TopoLibrary               -  will add port denv-cr5:10/1/10                             
2019-02-06 13:28:25,388 INFO  n.e.o.t.s.TopoLibrary               -  will add port cern-513-cr5:4/1/1                           
2019-02-06 13:28:25,388 INFO  n.e.o.t.s.TopoLibrary               -  will add port chic-cr5:3/1/1                               
2019-02-06 13:28:25,388 INFO  n.e.o.t.s.TopoLibrary               -  will add port llnl-mr2:xe-1/0/0                            
2019-02-06 13:28:25,388 INFO  n.e.o.t.s.TopoLibrary               -  will add port eqx-sj-cr5:10/1/4                            
2019-02-06 13:28:25,388 INFO  n.e.o.t.s.TopoLibrary               -  will add port eqx-sj-cr5:10/1/2                            
2019-02-06 13:28:25,388 INFO  n.e.o.t.s.TopoLibrary               -  will add port eqx-sj-cr5:10/1/1                            
2019-02-06 13:28:25,388 INFO  n.e.o.t.s.TopoLibrary               -  will add port denv-cr5:1/1/1                               
2019-02-06 13:28:25,388 INFO  n.e.o.t.s.TopoLibrary               -  will add port kans-cr5:2/1/1                               
2019-02-06 13:28:25,388 INFO  n.e.o.t.s.TopoLibrary               -  will add port llnl-mr2:xe-0/2/0                            
2019-02-06 13:28:25,388 INFO  n.e.o.t.s.TopoLibrary               -  will add port ornl-cr5:7/1/1                               
2019-02-06 13:28:25,388 INFO  n.e.o.t.s.TopoLibrary               -  will add port ornl-rt4:xe-0/2/0                            
2019-02-06 13:28:25,388 INFO  n.e.o.t.s.TopoLibrary               -  will add port wash-cr5:5/2/1                               
2019-02-06 13:28:25,388 INFO  n.e.o.t.s.TopoLibrary               -  will add port amst-cr5:3/1/1                               
2019-02-06 13:28:25,388 INFO  n.e.o.t.s.TopoLibrary               -  will add port sacr-cr5:5/1/1                               
2019-02-06 13:28:25,389 INFO  n.e.o.t.s.TopoLibrary               -  will add port snll-mr2:xe-2/0/0                            
2019-02-06 13:28:25,389 INFO  n.e.o.t.s.TopoLibrary               -  will add port cern-773-cr5:2/1/1                           
2019-02-06 13:28:25,389 INFO  n.e.o.t.s.TopoLibrary               -  will add port lond-cr5:10/1/4                              
2019-02-06 13:28:25,389 INFO  n.e.o.t.s.TopoLibrary               -  will add port lond-cr5:1/2/1                               
2019-02-06 13:28:25,389 INFO  n.e.o.t.s.TopoLibrary               -  will add port lond-cr5:10/1/2                              
2019-02-06 13:28:25,389 INFO  n.e.o.t.s.TopoLibrary               -  will add port star-cr5:BLANK                               
2019-02-06 13:28:25,389 INFO  n.e.o.t.s.TopoLibrary               -  will add port lond-cr5:10/1/1                              
2019-02-06 13:28:25,389 INFO  n.e.o.t.s.TopoLibrary               -  will add port star-cr5:6/1/1                               
2019-02-06 13:28:25,389 INFO  n.e.o.t.s.TopoLibrary               -  will add port star-cr5:10/1/1                              
2019-02-06 13:28:25,389 INFO  n.e.o.t.s.TopoLibrary               -  will add port nash-cr5:2/1/1                               
2019-02-06 13:28:25,389 INFO  n.e.o.t.s.TopoLibrary               -  will add port snll-mr2:xe-1/2/0                            
2019-02-06 13:28:25,389 INFO  n.e.o.t.s.TopoLibrary               -  will add port star-cr5:10/1/7                              
2019-02-06 13:28:25,389 INFO  n.e.o.t.s.TopoLibrary               -  will add port star-cr5:10/1/8                              
2019-02-06 13:28:25,389 INFO  n.e.o.t.s.TopoLibrary               -  will add port ornl-rt4:xe-1/0/0                            
2019-02-06 13:28:25,389 INFO  n.e.o.t.s.TopoLibrary               -  will add port eqx-sj-cr5:10/2/4                            
2019-02-06 13:28:25,389 INFO  n.e.o.t.s.TopoLibrary               -  will add port eqx-sj-cr5:10/2/2                            
2019-02-06 13:28:25,389 INFO  n.e.o.t.s.TopoLibrary               -  will add port atla-cr5:4/1/1                               
2019-02-06 13:28:25,389 INFO  n.e.o.t.s.TopoLibrary               -  will add port sunn-cr5:2/2/1                               
2019-02-06 13:28:25,389 INFO  n.e.o.t.s.TopoLibrary               -  will add port pnwg-cr5:10/1/10                             
2019-02-06 13:28:25,390 INFO  n.e.o.t.s.TopoLibrary               -  will add port wash-cr5:5/1/1                               
2019-02-06 13:28:25,390 INFO  n.e.o.t.s.TopoLibrary               -  will add port anl-mr2:xe-0/0/0                             
2019-02-06 13:28:25,390 INFO  n.e.o.t.s.TopoLibrary               -  will add port lbl-mr2:ae0                                  
2019-02-06 13:28:25,390 INFO  n.e.o.t.s.TopoLibrary               -  will add port lond-cr5:1/1/1                               
2019-02-06 13:28:25,390 INFO  n.e.o.t.s.TopoLibrary               -  will add port star-cr5:6/2/1                               
2019-02-06 13:28:25,390 INFO  n.e.o.t.s.TopoLibrary               -  will add port bost-cr5:3/1/1                               
2019-02-06 13:28:25,390 INFO  n.e.o.t.s.TopoLibrary               -  will add port snll-mr2:xe-1/3/0                            
2019-02-06 13:28:25,390 INFO  n.e.o.t.s.TopoLibrary               -  will add port netl-pgh-rt1:xe-2/0/0                        
2019-02-06 13:28:25,390 INFO  n.e.o.t.s.TopoLibrary               -  will add port llnl-mr2:xe-0/0/0                            
2019-02-06 13:28:25,390 INFO  n.e.o.t.s.TopoLibrary               -  will add port netl-pgh-rt1:xe-2/0/2                        
2019-02-06 13:28:25,390 INFO  n.e.o.t.s.TopoLibrary               -  will add port netl-pgh-rt1:xe-2/0/1                        
2019-02-06 13:28:25,390 INFO  n.e.o.t.s.TopoLibrary               -  will add port netl-pgh-rt1:xe-2/0/3                        
2019-02-06 13:28:25,390 INFO  n.e.o.t.s.TopoLibrary               -  will add port aofa-cr5:1/1/1                               
2019-02-06 13:28:25,390 INFO  n.e.o.t.s.TopoLibrary               -  will add port snla-rt3:xe-1/2/0                            
2019-02-06 13:28:25,390 INFO  n.e.o.t.s.TopoLibrary               -  will add port kans-cr5:3/1/1                               
2019-02-06 13:28:25,390 INFO  n.e.o.t.s.TopoLibrary               -  will add port llnl-mr2:ae0                                 
2019-02-06 13:28:25,390 INFO  n.e.o.t.s.TopoLibrary               -  will add port denv-cr5:9/1/3                               
2019-02-06 13:28:25,390 INFO  n.e.o.t.s.TopoLibrary               -  will add port denv-cr5:9/1/1                               
2019-02-06 13:28:25,390 INFO  n.e.o.t.s.TopoLibrary               -  will add port osti-rt2:xe-1/2/0                            
2019-02-06 13:28:25,390 INFO  n.e.o.t.s.TopoLibrary               -  will add port chic-cr5:2/1/1                               
2019-02-06 13:28:25,390 INFO  n.e.o.t.s.TopoLibrary               -  will add port lbl-mr2:xe-2/3/0                             
2019-02-06 13:28:25,391 INFO  n.e.o.t.s.TopoLibrary               -  will add port amst-cr5:2/1/1                               
2019-02-06 13:28:25,391 INFO  n.e.o.t.s.TopoLibrary               -  will add port sunn-cr5:2/1/1                               
2019-02-06 13:28:25,391 INFO  n.e.o.t.s.TopoLibrary               -  will add port nash-cr5:3/1/1                               
2019-02-06 13:28:25,391 INFO  n.e.o.t.s.TopoLibrary               -  will add port pppl-rt5:xe-1/3/0                            
2019-02-06 13:28:25,391 INFO  n.e.o.t.s.TopoLibrary               -  will add port snll-mr2:xe-0/2/0                            
2019-02-06 13:28:25,391 INFO  n.e.o.t.s.TopoLibrary               -  will add port lbl-mr2:ge-9/0/4                             
2019-02-06 13:28:25,391 INFO  n.e.o.t.s.TopoLibrary               -  will add port anl-mr2:xe-1/3/0                             
2019-02-06 13:28:25,391 INFO  n.e.o.t.s.TopoLibrary               -  will add port denv-cr5:3/1/1                               
2019-02-06 13:28:25,391 INFO  n.e.o.t.s.TopoLibrary               -  will add port star-cr5:1/2/1                               
2019-02-06 13:28:25,391 INFO  n.e.o.t.s.TopoLibrary               -  will add port chic-cr5:4/1/1                               
2019-02-06 13:28:25,391 INFO  n.e.o.t.s.TopoLibrary               -  will add port srs-rt3:ge-1/0/0                             
2019-02-06 13:28:25,391 INFO  n.e.o.t.s.TopoLibrary               -  will add port sunn-cr5:9/1/2                               
2019-02-06 13:28:25,391 INFO  n.e.o.t.s.TopoLibrary               -  will add port sunn-cr5:9/1/1                               
2019-02-06 13:28:25,391 INFO  n.e.o.t.s.TopoLibrary               -  will add port fnal-mr2:xe-8/1/0                            
2019-02-06 13:28:25,391 INFO  n.e.o.t.s.TopoLibrary               -  will add port aofa-cr5:7/2/1                               
2019-02-06 13:28:25,391 INFO  n.e.o.t.s.TopoLibrary               -  will add port ga-rt2:xe-0/0/0                              
2019-02-06 13:28:25,391 INFO  n.e.o.t.s.TopoLibrary               -  will add port fnal-mr2:xe-1/1/0                            
2019-02-06 13:28:25,391 INFO  n.e.o.t.s.TopoLibrary               -  will add port elpa-cr5:3/1/1                               
2019-02-06 13:28:25,391 INFO  n.e.o.t.s.TopoLibrary               -  will add port netl-mgn-rt1:xe-2/0/0                        
2019-02-06 13:28:25,391 INFO  n.e.o.t.s.TopoLibrary               -  will add port netl-mgn-rt1:xe-2/0/1                        
2019-02-06 13:28:25,391 INFO  n.e.o.t.s.TopoLibrary               -  will add port pppl-rt5:xe-1/2/0                            
2019-02-06 13:28:25,391 INFO  n.e.o.t.s.TopoLibrary               -  will add port hous-cr5:2/1/1                               
2019-02-06 13:28:25,392 INFO  n.e.o.t.s.TopoLibrary               -  will add port netl-mgn-rt1:xe-2/0/2                        
2019-02-06 13:28:25,392 INFO  n.e.o.t.s.TopoLibrary               -  will add port netl-mgn-rt1:xe-2/0/3                        
2019-02-06 13:28:25,392 INFO  n.e.o.t.s.TopoLibrary               -  will add port lbl-mr2:ge-9/1/2                             
2019-02-06 13:28:25,392 INFO  n.e.o.t.s.TopoLibrary               -  will add port kans-cr5:4/1/1                               
2019-02-06 13:28:25,392 INFO  n.e.o.t.s.TopoLibrary               -  will add port bois-cr1:xe-7/0/0                            
2019-02-06 13:28:25,392 INFO  n.e.o.t.s.TopoLibrary               -  will add port star-cr5:10/1/10                             
2019-02-06 13:28:25,392 INFO  n.e.o.t.s.TopoLibrary               -  will add port lbl-mr2:ge-9/1/0                             
2019-02-06 13:28:25,392 INFO  n.e.o.t.s.TopoLibrary               -  will add port snll-mr2:xe-1/1/0                            
2019-02-06 13:28:25,392 INFO  n.e.o.t.s.TopoLibrary               -  will add port sunn-cr5:9/1/5                               
2019-02-06 13:28:25,392 INFO  n.e.o.t.s.TopoLibrary               -  will add port lbl-mr2:ge-9/1/8                             
2019-02-06 13:28:25,392 INFO  n.e.o.t.s.TopoLibrary               -  will add port sunn-cr5:9/1/3                               
2019-02-06 13:28:25,392 INFO  n.e.o.t.s.TopoLibrary               -  will add port star-cr5:1/1/1                               
2019-02-06 13:28:25,392 INFO  n.e.o.t.s.TopoLibrary               -  will add port jgi-mr2:xe-2/2/0                             
2019-02-06 13:28:25,392 INFO  n.e.o.t.s.TopoLibrary               -  will add port srs-rt3:ge-1/1/0                             
2019-02-06 13:28:25,392 INFO  n.e.o.t.s.TopoLibrary               -  will add port wash-cr5:2/1/1                               
2019-02-06 13:28:25,392 INFO  n.e.o.t.s.TopoLibrary               -  will add port star-cr5:8/1/4                               
2019-02-06 13:28:25,392 INFO  n.e.o.t.s.TopoLibrary               -  will add port star-cr5:8/1/6                               
2019-02-06 13:28:25,392 INFO  n.e.o.t.s.TopoLibrary               -  will add port sunn-cr5:8/2/1                               
2019-02-06 13:28:25,392 INFO  n.e.o.t.s.TopoLibrary               -  will add port star-cr5:8/1/2                               
2019-02-06 13:28:25,392 INFO  n.e.o.t.s.TopoLibrary               -  will add port chic-cr5:5/1/1                               
2019-02-06 13:28:25,393 INFO  n.e.o.t.s.TopoLibrary               -  will add port lbl-mr2:xe-2/1/0                             
2019-02-06 13:28:25,393 INFO  n.e.o.t.s.TopoLibrary               -  will add port pppl-rt5:ge-0/0/2                            
2019-02-06 13:28:25,393 INFO  n.e.o.t.s.TopoLibrary               -  will add port orau-rt4:ge-0/1/0                            
2019-02-06 13:28:25,393 INFO  n.e.o.t.s.TopoLibrary               -  will add port orau-rt4:ge-0/1/1                            
2019-02-06 13:28:25,393 INFO  n.e.o.t.s.TopoLibrary               -  will add port orau-rt4:ge-0/1/2                            
2019-02-06 13:28:25,393 INFO  n.e.o.t.s.TopoLibrary               -  will add port eqx-chi-cr5:1/1/1                            
2019-02-06 13:28:25,393 INFO  n.e.o.t.s.TopoLibrary               -  will add port orau-rt4:ge-0/1/3                            
2019-02-06 13:28:25,393 INFO  n.e.o.t.s.TopoLibrary               -  will add port orau-rt4:ge-0/1/4                            
2019-02-06 13:28:25,393 INFO  n.e.o.t.s.TopoLibrary               -  will add port slac-mr2:xe-1/3/0                            
2019-02-06 13:28:25,393 INFO  n.e.o.t.s.TopoLibrary               -  will add port jgi-mr2:xe-0/2/0                             
2019-02-06 13:28:25,393 INFO  n.e.o.t.s.TopoLibrary               -  will add port pppl-rt5:xe-1/1/0                            
2019-02-06 13:28:25,393 INFO  n.e.o.t.s.TopoLibrary               -  will add port lbl-mr2:xe-1/3/0                             
2019-02-06 13:28:25,393 INFO  n.e.o.t.s.TopoLibrary               -  will add port ornl-cr5:9/1/4                               
2019-02-06 13:28:25,393 INFO  n.e.o.t.s.TopoLibrary               -  will add port sunn-cr5:1/1/1                               
2019-02-06 13:28:25,393 INFO  n.e.o.t.s.TopoLibrary               -  will add port fnal-mr2:xe-8/3/0                            
2019-02-06 13:28:25,393 INFO  n.e.o.t.s.TopoLibrary               -  will add port ga-rt2:xe-0/2/0                              
2019-02-06 13:28:25,393 INFO  n.e.o.t.s.TopoLibrary               -  will add port elpa-cr5:2/1/1                               
2019-02-06 13:28:25,393 INFO  n.e.o.t.s.TopoLibrary               -  will add port chic-cr5:3/2/1                               
2019-02-06 13:28:25,393 INFO  n.e.o.t.s.TopoLibrary               -  will add port srs-rt3:ge-1/2/0                             
2019-02-06 13:28:25,393 INFO  n.e.o.t.s.TopoLibrary               -  will add port hous-cr5:4/1/1                               
2019-02-06 13:28:25,394 INFO  n.e.o.t.s.TopoLibrary               -  will add port amst-cr5:1/1/1                               
2019-02-06 13:28:25,394 INFO  n.e.o.t.s.TopoLibrary               -  will add port nash-cr5:4/1/1                               
2019-02-06 13:28:25,394 INFO  n.e.o.t.s.TopoLibrary               -  will add port pnwg-cr5:10/1/9                              
2019-02-06 13:28:25,394 INFO  n.e.o.t.s.TopoLibrary               -  will add port lbl-mr2:xe-2/2/0                             
2019-02-06 13:28:25,394 INFO  n.e.o.t.s.TopoLibrary               -  will add port pnwg-cr5:10/1/6                              
2019-02-06 13:28:25,394 INFO  n.e.o.t.s.TopoLibrary               -  will add port nash-cr5:4/2/1                               
2019-02-06 13:28:25,394 INFO  n.e.o.t.s.TopoLibrary               -  will add port pnwg-cr5:10/1/5                              
2019-02-06 13:28:25,394 INFO  n.e.o.t.s.TopoLibrary               -  will add port pnwg-cr5:10/1/4                              
2019-02-06 13:28:25,394 INFO  n.e.o.t.s.TopoLibrary               -  will add port slac-mr2:xe-1/2/0                            
2019-02-06 13:28:25,394 INFO  n.e.o.t.s.TopoLibrary               -  will add port pnwg-cr5:10/1/3                              
2019-02-06 13:28:25,394 INFO  n.e.o.t.s.TopoLibrary               -  will add port pnwg-cr5:10/1/2                              
2019-02-06 13:28:25,394 INFO  n.e.o.t.s.TopoLibrary               -  will add port fnal-mr2:xe-0/2/0                            
2019-02-06 13:28:25,394 INFO  n.e.o.t.s.TopoLibrary               -  will add port pppl-rt5:xe-1/0/0                            
2019-02-06 13:28:25,394 INFO  n.e.o.t.s.TopoLibrary               -  will add port eqx-chi-cr5:1/2/1                            
2019-02-06 13:28:25,394 INFO  n.e.o.t.s.TopoLibrary               -  will add port cern-513-cr5:10/1/2                          
2019-02-06 13:28:25,394 INFO  n.e.o.t.s.TopoLibrary               -  will add port cern-513-cr5:10/1/3                          
2019-02-06 13:28:25,394 INFO  n.e.o.t.s.TopoLibrary               -  will add port snll-mr2:xe-0/1/0                            
2019-02-06 13:28:25,394 INFO  n.e.o.t.s.TopoLibrary               -  will add port jgi-mr2:xe-1/1/0                             
2019-02-06 13:28:25,394 INFO  n.e.o.t.s.TopoLibrary               -  will add port wash-cr5:3/1/1                               
2019-02-06 13:28:25,395 INFO  n.e.o.t.s.TopoLibrary               -  will add port star-cr5:9/1/4                               
2019-02-06 13:28:25,395 INFO  n.e.o.t.s.TopoLibrary               -  will add port ga-rt2:xe-0/3/0                              
2019-02-06 13:28:25,395 INFO  n.e.o.t.s.TopoLibrary               -  will add port denv-cr5:2/1/1                               
2019-02-06 13:28:25,395 INFO  n.e.o.t.s.TopoLibrary               -  will add port srs-rt3:ge-1/3/0                             
2019-02-06 13:28:25,395 INFO  n.e.o.t.s.TopoLibrary               -  will add port amst-cr5:1/2/1                               
2019-02-06 13:28:25,395 INFO  n.e.o.t.s.TopoLibrary               -  will add port lond-cr5:3/1/1                               
2019-02-06 13:28:25,395 INFO  n.e.o.t.s.TopoLibrary               -  will add port eqx-chi-cr5:2/1/1                            
2019-02-06 13:28:25,395 INFO  n.e.o.t.s.TopoLibrary               -  will add port snla-rt3:xe-0/0/0                            
2019-02-06 13:28:25,395 INFO  n.e.o.t.s.TopoLibrary               -  will add port pppl-rt5:xe-0/2/0                            
2019-02-06 13:28:25,425 DEBUG n.e.o.t.s.UpdateSvc                 - New version id is: 28                                       
2019-02-06 13:28:25,428 INFO  n.e.o.t.s.UpdateSvc                 - Merging version delta                                       
2019-02-06 13:28:25,554 INFO  n.e.o.t.s.UpdateSvc                 - d: inserting: nersc-mr2                                     
2019-02-06 13:28:25,555 INFO  n.e.o.t.s.UpdateSvc                 - d: inserting: pppl-rt5                                      
2019-02-06 13:28:25,556 INFO  n.e.o.t.s.UpdateSvc                 - d: inserting: srs-rt3                                       
2019-02-06 13:28:25,557 INFO  n.e.o.t.s.UpdateSvc                 - d: inserting: orau-rt4                                      
2019-02-06 13:28:25,558 INFO  n.e.o.t.s.UpdateSvc                 - d: inserting: doe-gtn-rt2                                   
2019-02-06 13:28:25,559 INFO  n.e.o.t.s.UpdateSvc                 - d: inserting: cern-513-cr5                                  
2019-02-06 13:28:25,560 INFO  n.e.o.t.s.UpdateSvc                 - d: inserting: eqx-sj-cr5                                    
2019-02-06 13:28:25,560 INFO  n.e.o.t.s.UpdateSvc                 - d: inserting: wash-cr5                                      
2019-02-06 13:28:25,561 INFO  n.e.o.t.s.UpdateSvc                 - d: inserting: ga-rt2                                        
2019-02-06 13:28:25,561 INFO  n.e.o.t.s.UpdateSvc                 - d: inserting: kans-cr5                                      
2019-02-06 13:28:25,562 INFO  n.e.o.t.s.UpdateSvc                 - d: inserting: bois-cr1                                      
2019-02-06 13:28:25,562 INFO  n.e.o.t.s.UpdateSvc                 - d: inserting: snll-mr2                                      
2019-02-06 13:28:25,563 INFO  n.e.o.t.s.UpdateSvc                 - d: inserting: atla-cr5                                      
2019-02-06 13:28:25,564 INFO  n.e.o.t.s.UpdateSvc                 - d: inserting: ornl-rt4                                      
2019-02-06 13:28:25,564 INFO  n.e.o.t.s.UpdateSvc                 - d: inserting: netl-mgn-rt1                                  
2019-02-06 13:28:25,565 INFO  n.e.o.t.s.UpdateSvc                 - d: inserting: cern-773-cr5                                  
2019-02-06 13:28:25,565 INFO  n.e.o.t.s.UpdateSvc                 - d: inserting: nash-cr5                                      
2019-02-06 13:28:25,566 INFO  n.e.o.t.s.UpdateSvc                 - d: inserting: elpa-cr5                                      
2019-02-06 13:28:25,567 INFO  n.e.o.t.s.UpdateSvc                 - d: inserting: sacr-cr5                                      
2019-02-06 13:28:25,567 INFO  n.e.o.t.s.UpdateSvc                 - d: inserting: snla-rt3                                      
2019-02-06 13:28:25,568 INFO  n.e.o.t.s.UpdateSvc                 - d: inserting: lsvn-cr1                                      
2019-02-06 13:28:25,569 INFO  n.e.o.t.s.UpdateSvc                 - d: inserting: sunn-cr5                                      
2019-02-06 13:28:25,570 INFO  n.e.o.t.s.UpdateSvc                 - d: inserting: netl-pgh-rt1                                  
2019-02-06 13:28:25,570 INFO  n.e.o.t.s.UpdateSvc                 - d: inserting: llnl-mr2                                      
2019-02-06 13:28:25,571 INFO  n.e.o.t.s.UpdateSvc                 - d: inserting: anl-mr2                                       
2019-02-06 13:28:25,572 INFO  n.e.o.t.s.UpdateSvc                 - d: inserting: llnldc-rt4                                    
2019-02-06 13:28:25,572 INFO  n.e.o.t.s.UpdateSvc                 - d: inserting: chic-cr5                                      
2019-02-06 13:28:25,573 INFO  n.e.o.t.s.UpdateSvc                 - d: inserting: slac-mr2                                      
2019-02-06 13:28:25,574 INFO  n.e.o.t.s.UpdateSvc                 - d: inserting: lond-cr5                                      
2019-02-06 13:28:25,575 INFO  n.e.o.t.s.UpdateSvc                 - d: inserting: eqx-chi-cr5                                   
2019-02-06 13:28:25,576 INFO  n.e.o.t.s.UpdateSvc                 - d: inserting: newy-cr5                                      
2019-02-06 13:28:25,578 INFO  n.e.o.t.s.UpdateSvc                 - d: inserting: netl-alb-rt1                                  
2019-02-06 13:28:25,578 INFO  n.e.o.t.s.UpdateSvc                 - d: inserting: jgi-mr2                                       
2019-02-06 13:28:25,580 INFO  n.e.o.t.s.UpdateSvc                 - d: inserting: eqx-ash-cr5                                   
2019-02-06 13:28:25,580 INFO  n.e.o.t.s.UpdateSvc                 - d: inserting: forr-rt2                                      
2019-02-06 13:28:25,581 INFO  n.e.o.t.s.UpdateSvc                 - d: inserting: ornl-cr5                                      
2019-02-06 13:28:25,582 INFO  n.e.o.t.s.UpdateSvc                 - d: inserting: fnal-mr2                                      
2019-02-06 13:28:25,584 INFO  n.e.o.t.s.UpdateSvc                 - d: inserting: pantex-rt4                                    
2019-02-06 13:28:25,586 INFO  n.e.o.t.s.UpdateSvc                 - d: inserting: ameslab-rt3                                   
2019-02-06 13:28:25,587 INFO  n.e.o.t.s.UpdateSvc                 - d: inserting: hous-cr5                                      
2019-02-06 13:28:25,588 INFO  n.e.o.t.s.UpdateSvc                 - d: inserting: aofa-cr5                                      
2019-02-06 13:28:25,589 INFO  n.e.o.t.s.UpdateSvc                 - d: inserting: osti-rt2                                      
2019-02-06 13:28:25,590 INFO  n.e.o.t.s.UpdateSvc                 - d: inserting: pnwg-cr5                                      
2019-02-06 13:28:25,591 INFO  n.e.o.t.s.UpdateSvc                 - d: inserting: amst-cr5                                      
2019-02-06 13:28:25,591 INFO  n.e.o.t.s.UpdateSvc                 - d: inserting: albq-cr5                                      
2019-02-06 13:28:25,592 INFO  n.e.o.t.s.UpdateSvc                 - d: inserting: lbl-mr2                                       
2019-02-06 13:28:25,592 INFO  n.e.o.t.s.UpdateSvc                 - d: inserting: denv-cr5                                      
2019-02-06 13:28:25,593 INFO  n.e.o.t.s.UpdateSvc                 - d: inserting: star-cr5                                      
2019-02-06 13:28:25,593 INFO  n.e.o.t.s.UpdateSvc                 - d: inserting: bost-cr5                                      
2019-02-06 13:28:25,594 INFO  n.e.o.t.s.UpdateSvc                 - finished merging devices                                    
2019-02-06 13:28:25,594 INFO  n.e.o.t.s.UpdateSvc                 -    inserted       : 49                                      
2019-02-06 13:28:25,594 INFO  n.e.o.t.s.UpdateSvc                 -    ver updated    : 0                                       
2019-02-06 13:28:25,594 INFO  n.e.o.t.s.UpdateSvc                 -     + unchanged      : 0                                    
2019-02-06 13:28:25,594 INFO  n.e.o.t.s.UpdateSvc                 -     + data updated   : 0                                    
2019-02-06 13:28:25,594 INFO  n.e.o.t.s.UpdateSvc                 -    invalidated    :   0                                     
2019-02-06 13:28:26,252 INFO  n.e.o.t.s.UpdateSvc                 - inserting p: slac-mr2:xe-1/1/0 to slac-mr2                  
2019-02-06 13:28:26,254 DEBUG n.e.o.t.s.UpdateSvc                 - slac-mr2:xe-1/1/0 56                                        
2019-02-06 13:28:26,256 INFO  n.e.o.t.s.UpdateSvc                 - inserting p: chic-cr5:BLANK to chic-cr5                     
2019-02-06 13:28:26,261 DEBUG n.e.o.t.s.UpdateSvc                 - chic-cr5:BLANK 55                                           
2019-02-06 13:28:26,263 INFO  n.e.o.t.s.UpdateSvc                 - inserting p: bost-cr5:10/2/3 to bost-cr5                    
2019-02-06 13:28:26,265 DEBUG n.e.o.t.s.UpdateSvc                 - bost-cr5:10/2/3 77                                          
2019-02-06 13:28:26,267 INFO  n.e.o.t.s.UpdateSvc                 - inserting p: lbl-mr2:xe-1/1/0 to lbl-mr2                    
2019-02-06 13:28:26,269 DEBUG n.e.o.t.s.UpdateSvc                 - lbl-mr2:xe-1/1/0 74                                         
2019-02-06 13:28:26,271 INFO  n.e.o.t.s.UpdateSvc                 - inserting p: newy-cr5:9/1/4 to newy-cr5                     
2019-02-06 13:28:26,272 DEBUG n.e.o.t.s.UpdateSvc                 - newy-cr5:9/1/4 59                                           
2019-02-06 13:28:26,274 INFO  n.e.o.t.s.UpdateSvc                 - inserting p: cern-513-cr5:1/1/1 to cern-513-cr5             
2019-02-06 13:28:26,275 DEBUG n.e.o.t.s.UpdateSvc                 - cern-513-cr5:1/1/1 34                                       
2019-02-06 13:28:26,277 INFO  n.e.o.t.s.UpdateSvc                 - inserting p: newy-cr5:9/1/1 to newy-cr5                     
2019-02-06 13:28:26,279 DEBUG n.e.o.t.s.UpdateSvc                 - newy-cr5:9/1/4 59                                           
2019-02-06 13:28:26,279 DEBUG n.e.o.t.s.UpdateSvc                 - newy-cr5:9/1/1 59                                           
2019-02-06 13:28:26,280 INFO  n.e.o.t.s.UpdateSvc                 - inserting p: bois-cr1:xe-7/3/0 to bois-cr1                  
2019-02-06 13:28:26,283 DEBUG n.e.o.t.s.UpdateSvc                 - bois-cr1:xe-7/3/0 39                                        
2019-02-06 13:28:26,287 INFO  n.e.o.t.s.UpdateSvc                 - inserting p: aofa-cr5:10/1/2 to aofa-cr5                    
2019-02-06 13:28:26,288 DEBUG n.e.o.t.s.UpdateSvc                 - aofa-cr5:10/1/2 69                                          
2019-02-06 13:28:26,290 INFO  n.e.o.t.s.UpdateSvc                 - inserting p: amst-cr5:10/2/5 to amst-cr5                    
2019-02-06 13:28:26,292 DEBUG n.e.o.t.s.UpdateSvc                 - amst-cr5:10/2/5 72                                          
2019-02-06 13:28:26,294 INFO  n.e.o.t.s.UpdateSvc                 - inserting p: aofa-cr5:10/1/1 to aofa-cr5                    
2019-02-06 13:28:26,296 DEBUG n.e.o.t.s.UpdateSvc                 - aofa-cr5:10/1/2 69                                          
2019-02-06 13:28:26,296 DEBUG n.e.o.t.s.UpdateSvc                 - aofa-cr5:10/1/1 69                                          
2019-02-06 13:28:26,298 INFO  n.e.o.t.s.UpdateSvc                 - inserting p: aofa-cr5:10/1/9 to aofa-cr5                    
2019-02-06 13:28:26,300 DEBUG n.e.o.t.s.UpdateSvc                 - aofa-cr5:10/1/2 69                                          
2019-02-06 13:28:26,300 DEBUG n.e.o.t.s.UpdateSvc                 - aofa-cr5:10/1/9 69                                          
2019-02-06 13:28:26,301 DEBUG n.e.o.t.s.UpdateSvc                 - aofa-cr5:10/1/1 69                                          
2019-02-06 13:28:26,303 INFO  n.e.o.t.s.UpdateSvc                 - inserting p: aofa-cr5:10/1/8 to aofa-cr5                    
2019-02-06 13:28:26,305 DEBUG n.e.o.t.s.UpdateSvc                 - aofa-cr5:10/1/2 69                                          
2019-02-06 13:28:26,305 DEBUG n.e.o.t.s.UpdateSvc                 - aofa-cr5:10/1/9 69                                          
2019-02-06 13:28:26,305 DEBUG n.e.o.t.s.UpdateSvc                 - aofa-cr5:10/1/1 69                                          
2019-02-06 13:28:26,305 DEBUG n.e.o.t.s.UpdateSvc                 - aofa-cr5:10/1/8 69                                          
2019-02-06 13:28:26,307 INFO  n.e.o.t.s.UpdateSvc                 - inserting p: eqx-chi-cr5:10/1/2 to eqx-chi-cr5              
2019-02-06 13:28:26,308 DEBUG n.e.o.t.s.UpdateSvc                 - eqx-chi-cr5:10/1/2 58                                       
2019-02-06 13:28:26,310 INFO  n.e.o.t.s.UpdateSvc                 - inserting p: lsvn-cr1:ge-1/0/1 to lsvn-cr1                  
2019-02-06 13:28:26,311 DEBUG n.e.o.t.s.UpdateSvc                 - lsvn-cr1:ge-1/0/1 49                                        
2019-02-06 13:28:26,313 INFO  n.e.o.t.s.UpdateSvc                 - inserting p: eqx-chi-cr5:10/1/3 to eqx-chi-cr5              
2019-02-06 13:28:26,315 DEBUG n.e.o.t.s.UpdateSvc                 - eqx-chi-cr5:10/1/2 58                                       
2019-02-06 13:28:26,315 DEBUG n.e.o.t.s.UpdateSvc                 - eqx-chi-cr5:10/1/3 58                                       
2019-02-06 13:28:26,319 INFO  n.e.o.t.s.UpdateSvc                 - inserting p: lsvn-cr1:ge-1/0/0 to lsvn-cr1                  
2019-02-06 13:28:26,321 DEBUG n.e.o.t.s.UpdateSvc                 - lsvn-cr1:ge-1/0/1 49                                        
2019-02-06 13:28:26,321 DEBUG n.e.o.t.s.UpdateSvc                 - lsvn-cr1:ge-1/0/0 49                                        
2019-02-06 13:28:26,323 INFO  n.e.o.t.s.UpdateSvc                 - inserting p: eqx-chi-cr5:10/1/1 to eqx-chi-cr5              
2019-02-06 13:28:26,325 DEBUG n.e.o.t.s.UpdateSvc                 - eqx-chi-cr5:10/1/2 58                                       
2019-02-06 13:28:26,325 DEBUG n.e.o.t.s.UpdateSvc                 - eqx-chi-cr5:10/1/3 58                                       
2019-02-06 13:28:26,325 DEBUG n.e.o.t.s.UpdateSvc                 - eqx-chi-cr5:10/1/1 58                                       
2019-02-06 13:28:26,327 INFO  n.e.o.t.s.UpdateSvc                 - inserting p: lbl-mr2:xe-8/1/0 to lbl-mr2                    
2019-02-06 13:28:26,329 DEBUG n.e.o.t.s.UpdateSvc                 - lbl-mr2:xe-8/1/0 74                                         
2019-02-06 13:28:26,329 DEBUG n.e.o.t.s.UpdateSvc                 - lbl-mr2:xe-1/1/0 74                                         
2019-02-06 13:28:26,331 INFO  n.e.o.t.s.UpdateSvc                 - inserting p: cern-773-cr5:10/1/2 to cern-773-cr5            
2019-02-06 13:28:26,334 DEBUG n.e.o.t.s.UpdateSvc                 - cern-773-cr5:10/1/2 44                                      
2019-02-06 13:28:26,337 INFO  n.e.o.t.s.UpdateSvc                 - inserting p: nersc-mr2:xe-2/2/0 to nersc-mr2                
2019-02-06 13:28:26,338 DEBUG n.e.o.t.s.UpdateSvc                 - nersc-mr2:xe-2/2/0 29                                       
2019-02-06 13:28:26,339 INFO  n.e.o.t.s.UpdateSvc                 - inserting p: cern-773-cr5:10/1/1 to cern-773-cr5            
2019-02-06 13:28:26,341 DEBUG n.e.o.t.s.UpdateSvc                 - cern-773-cr5:10/1/1 44                                      
2019-02-06 13:28:26,341 DEBUG n.e.o.t.s.UpdateSvc                 - cern-773-cr5:10/1/2 44                                      
2019-02-06 13:28:26,343 INFO  n.e.o.t.s.UpdateSvc                 - inserting p: cern-773-cr5:10/1/3 to cern-773-cr5            
2019-02-06 13:28:26,344 DEBUG n.e.o.t.s.UpdateSvc                 - cern-773-cr5:10/1/1 44                                      
2019-02-06 13:28:26,344 DEBUG n.e.o.t.s.UpdateSvc                 - cern-773-cr5:10/1/3 44                                      
2019-02-06 13:28:26,344 DEBUG n.e.o.t.s.UpdateSvc                 - cern-773-cr5:10/1/2 44                                      
2019-02-06 13:28:26,346 INFO  n.e.o.t.s.UpdateSvc                 - inserting p: chic-cr5:6/1/1 to chic-cr5                     
2019-02-06 13:28:26,347 DEBUG n.e.o.t.s.UpdateSvc                 - chic-cr5:6/1/1 55                                           
2019-02-06 13:28:26,347 DEBUG n.e.o.t.s.UpdateSvc                 - chic-cr5:BLANK 55                                           
2019-02-06 13:28:26,351 INFO  n.e.o.t.s.UpdateSvc                 - inserting p: star-cr5:3/1/1 to star-cr5                     
2019-02-06 13:28:26,353 DEBUG n.e.o.t.s.UpdateSvc                 - star-cr5:3/1/1 76                                           
2019-02-06 13:28:26,355 INFO  n.e.o.t.s.UpdateSvc                 - inserting p: lsvn-cr1:xe-2/1/0 to lsvn-cr1                  
2019-02-06 13:28:26,357 DEBUG n.e.o.t.s.UpdateSvc                 - lsvn-cr1:ge-1/0/1 49                                        
2019-02-06 13:28:26,357 DEBUG n.e.o.t.s.UpdateSvc                 - lsvn-cr1:ge-1/0/0 49                                        
2019-02-06 13:28:26,357 DEBUG n.e.o.t.s.UpdateSvc                 - lsvn-cr1:xe-2/1/0 49                                        
2019-02-06 13:28:26,359 INFO  n.e.o.t.s.UpdateSvc                 - inserting p: sunn-cr5:7/1/1 to sunn-cr5                     
2019-02-06 13:28:26,360 DEBUG n.e.o.t.s.UpdateSvc                 - sunn-cr5:7/1/1 50                                           
2019-02-06 13:28:26,362 INFO  n.e.o.t.s.UpdateSvc                 - inserting p: bost-cr5:10/1/2 to bost-cr5                    
2019-02-06 13:28:26,364 DEBUG n.e.o.t.s.UpdateSvc                 - bost-cr5:10/1/2 77                                          
2019-02-06 13:28:26,365 DEBUG n.e.o.t.s.UpdateSvc                 - bost-cr5:10/2/3 77                                          
2019-02-06 13:28:26,369 INFO  n.e.o.t.s.UpdateSvc                 - inserting p: eqx-chi-cr5:BLANK to eqx-chi-cr5               
2019-02-06 13:28:26,371 DEBUG n.e.o.t.s.UpdateSvc                 - eqx-chi-cr5:10/1/2 58                                       
2019-02-06 13:28:26,372 DEBUG n.e.o.t.s.UpdateSvc                 - eqx-chi-cr5:10/1/3 58                                       
2019-02-06 13:28:26,372 DEBUG n.e.o.t.s.UpdateSvc                 - eqx-chi-cr5:10/1/1 58                                       
2019-02-06 13:28:26,372 DEBUG n.e.o.t.s.UpdateSvc                 - eqx-chi-cr5:BLANK 58                                        
2019-02-06 13:28:26,375 INFO  n.e.o.t.s.UpdateSvc                 - inserting p: lbl-mr2:xe-8/3/0 to lbl-mr2                    
2019-02-06 13:28:26,377 DEBUG n.e.o.t.s.UpdateSvc                 - lbl-mr2:xe-8/1/0 74                                         
2019-02-06 13:28:26,377 DEBUG n.e.o.t.s.UpdateSvc                 - lbl-mr2:xe-1/1/0 74                                         
2019-02-06 13:28:26,377 DEBUG n.e.o.t.s.UpdateSvc                 - lbl-mr2:xe-8/3/0 74                                         
2019-02-06 13:28:26,379 INFO  n.e.o.t.s.UpdateSvc                 - inserting p: bost-cr5:10/1/6 to bost-cr5                    
2019-02-06 13:28:26,381 DEBUG n.e.o.t.s.UpdateSvc                 - bost-cr5:10/1/2 77                                          
2019-02-06 13:28:26,381 DEBUG n.e.o.t.s.UpdateSvc                 - bost-cr5:10/2/3 77                                          
2019-02-06 13:28:26,381 DEBUG n.e.o.t.s.UpdateSvc                 - bost-cr5:10/1/6 77                                          
2019-02-06 13:28:26,385 INFO  n.e.o.t.s.UpdateSvc                 - inserting p: bost-cr5:10/1/5 to bost-cr5                    
2019-02-06 13:28:26,387 DEBUG n.e.o.t.s.UpdateSvc                 - bost-cr5:10/1/2 77                                          
2019-02-06 13:28:26,387 DEBUG n.e.o.t.s.UpdateSvc                 - bost-cr5:10/2/3 77                                          
2019-02-06 13:28:26,387 DEBUG n.e.o.t.s.UpdateSvc                 - bost-cr5:10/1/6 77                                          
2019-02-06 13:28:26,388 DEBUG n.e.o.t.s.UpdateSvc                 - bost-cr5:10/1/5 77                                          
2019-02-06 13:28:26,390 INFO  n.e.o.t.s.UpdateSvc                 - inserting p: slac-mr2:xe-0/2/0 to slac-mr2                  
2019-02-06 13:28:26,392 DEBUG n.e.o.t.s.UpdateSvc                 - slac-mr2:xe-1/1/0 56                                        
2019-02-06 13:28:26,392 DEBUG n.e.o.t.s.UpdateSvc                 - slac-mr2:xe-0/2/0 56                                        
2019-02-06 13:28:26,394 INFO  n.e.o.t.s.UpdateSvc                 - inserting p: albq-cr5:10/1/2 to albq-cr5                    
2019-02-06 13:28:26,395 DEBUG n.e.o.t.s.UpdateSvc                 - albq-cr5:10/1/2 73                                          
2019-02-06 13:28:26,397 INFO  n.e.o.t.s.UpdateSvc                 - inserting p: aofa-cr5:5/1/1 to aofa-cr5                     
2019-02-06 13:28:26,398 DEBUG n.e.o.t.s.UpdateSvc                 - aofa-cr5:10/1/2 69                                          
2019-02-06 13:28:26,398 DEBUG n.e.o.t.s.UpdateSvc                 - aofa-cr5:10/1/9 69                                          
2019-02-06 13:28:26,398 DEBUG n.e.o.t.s.UpdateSvc                 - aofa-cr5:10/1/1 69                                          
2019-02-06 13:28:26,398 DEBUG n.e.o.t.s.UpdateSvc                 - aofa-cr5:10/1/8 69                                          
2019-02-06 13:28:26,398 DEBUG n.e.o.t.s.UpdateSvc                 - aofa-cr5:5/1/1 69                                           
2019-02-06 13:28:26,403 INFO  n.e.o.t.s.UpdateSvc                 - inserting p: nash-cr5:10/1/4 to nash-cr5                    
2019-02-06 13:28:26,404 DEBUG n.e.o.t.s.UpdateSvc                 - nash-cr5:10/1/4 45                                          
2019-02-06 13:28:26,406 INFO  n.e.o.t.s.UpdateSvc                 - inserting p: albq-cr5:10/1/5 to albq-cr5                    
2019-02-06 13:28:26,407 DEBUG n.e.o.t.s.UpdateSvc                 - albq-cr5:10/1/5 73                                          
2019-02-06 13:28:26,408 DEBUG n.e.o.t.s.UpdateSvc                 - albq-cr5:10/1/2 73                                          
2019-02-06 13:28:26,410 INFO  n.e.o.t.s.UpdateSvc                 - inserting p: ga-rt2:ge-1/0/3 to ga-rt2                      
2019-02-06 13:28:26,411 DEBUG n.e.o.t.s.UpdateSvc                 - ga-rt2:ge-1/0/3 37                                          
2019-02-06 13:28:26,414 INFO  n.e.o.t.s.UpdateSvc                 - inserting p: nash-cr5:10/1/3 to nash-cr5                    
2019-02-06 13:28:26,415 DEBUG n.e.o.t.s.UpdateSvc                 - nash-cr5:10/1/3 45                                          
2019-02-06 13:28:26,415 DEBUG n.e.o.t.s.UpdateSvc                 - nash-cr5:10/1/4 45                                          
2019-02-06 13:28:26,419 INFO  n.e.o.t.s.UpdateSvc                 - inserting p: albq-cr5:10/1/3 to albq-cr5                    
2019-02-06 13:28:26,421 DEBUG n.e.o.t.s.UpdateSvc                 - albq-cr5:10/1/3 73                                          
2019-02-06 13:28:26,421 DEBUG n.e.o.t.s.UpdateSvc                 - albq-cr5:10/1/5 73                                          
2019-02-06 13:28:26,421 DEBUG n.e.o.t.s.UpdateSvc                 - albq-cr5:10/1/2 73                                          
2019-02-06 13:28:26,424 INFO  n.e.o.t.s.UpdateSvc                 - inserting p: ga-rt2:ge-1/0/5 to ga-rt2                      
2019-02-06 13:28:26,426 DEBUG n.e.o.t.s.UpdateSvc                 - ga-rt2:ge-1/0/3 37                                          
2019-02-06 13:28:26,426 DEBUG n.e.o.t.s.UpdateSvc                 - ga-rt2:ge-1/0/5 37                                          
2019-02-06 13:28:26,429 INFO  n.e.o.t.s.UpdateSvc                 - inserting p: albq-cr5:10/1/4 to albq-cr5                    
2019-02-06 13:28:26,430 DEBUG n.e.o.t.s.UpdateSvc                 - albq-cr5:10/1/3 73                                          
2019-02-06 13:28:26,430 DEBUG n.e.o.t.s.UpdateSvc                 - albq-cr5:10/1/5 73                                          
2019-02-06 13:28:26,431 DEBUG n.e.o.t.s.UpdateSvc                 - albq-cr5:10/1/2 73                                          
2019-02-06 13:28:26,431 DEBUG n.e.o.t.s.UpdateSvc                 - albq-cr5:10/1/4 73                                          
2019-02-06 13:28:26,436 INFO  n.e.o.t.s.UpdateSvc                 - inserting p: amst-cr5:10/1/1 to amst-cr5                    
2019-02-06 13:28:26,438 DEBUG n.e.o.t.s.UpdateSvc                 - amst-cr5:10/2/5 72                                          
2019-02-06 13:28:26,438 DEBUG n.e.o.t.s.UpdateSvc                 - amst-cr5:10/1/1 72                                          
2019-02-06 13:28:26,441 INFO  n.e.o.t.s.UpdateSvc                 - inserting p: cern-513-cr5:1/2/1 to cern-513-cr5             
2019-02-06 13:28:26,442 DEBUG n.e.o.t.s.UpdateSvc                 - cern-513-cr5:1/2/1 34                                       
2019-02-06 13:28:26,442 DEBUG n.e.o.t.s.UpdateSvc                 - cern-513-cr5:1/1/1 34                                       
2019-02-06 13:28:26,445 INFO  n.e.o.t.s.UpdateSvc                 - inserting p: amst-cr5:10/1/2 to amst-cr5                    
2019-02-06 13:28:26,446 DEBUG n.e.o.t.s.UpdateSvc                 - amst-cr5:10/2/5 72                                          
2019-02-06 13:28:26,446 DEBUG n.e.o.t.s.UpdateSvc                 - amst-cr5:10/1/2 72                                          
2019-02-06 13:28:26,446 DEBUG n.e.o.t.s.UpdateSvc                 - amst-cr5:10/1/1 72                                          
2019-02-06 13:28:26,450 INFO  n.e.o.t.s.UpdateSvc                 - inserting p: pnwg-cr5:BLANK to pnwg-cr5                     
2019-02-06 13:28:26,453 DEBUG n.e.o.t.s.UpdateSvc                 - pnwg-cr5:BLANK 71                                           
2019-02-06 13:28:26,455 INFO  n.e.o.t.s.UpdateSvc                 - inserting p: ornl-rt4:xe-2/3/0 to ornl-rt4                  
2019-02-06 13:28:26,457 DEBUG n.e.o.t.s.UpdateSvc                 - ornl-rt4:xe-2/3/0 42                                        
2019-02-06 13:28:26,459 INFO  n.e.o.t.s.UpdateSvc                 - inserting p: newy-cr5:2/1/1 to newy-cr5                     
2019-02-06 13:28:26,460 DEBUG n.e.o.t.s.UpdateSvc                 - newy-cr5:9/1/4 59                                           
2019-02-06 13:28:26,460 DEBUG n.e.o.t.s.UpdateSvc                 - newy-cr5:2/1/1 59                                           
2019-02-06 13:28:26,460 DEBUG n.e.o.t.s.UpdateSvc                 - newy-cr5:9/1/1 59                                           
2019-02-06 13:28:26,462 INFO  n.e.o.t.s.UpdateSvc                 - inserting p: wash-cr5:10/1/3 to wash-cr5                    
2019-02-06 13:28:26,463 DEBUG n.e.o.t.s.UpdateSvc                 - wash-cr5:10/1/3 36                                          
2019-02-06 13:28:26,466 INFO  n.e.o.t.s.UpdateSvc                 - inserting p: lsvn-cr1:ge-1/1/0 to lsvn-cr1                  
2019-02-06 13:28:26,468 DEBUG n.e.o.t.s.UpdateSvc                 - lsvn-cr1:ge-1/0/1 49                                        
2019-02-06 13:28:26,468 DEBUG n.e.o.t.s.UpdateSvc                 - lsvn-cr1:ge-1/0/0 49                                        
2019-02-06 13:28:26,468 DEBUG n.e.o.t.s.UpdateSvc                 - lsvn-cr1:xe-2/1/0 49                                        
2019-02-06 13:28:26,468 DEBUG n.e.o.t.s.UpdateSvc                 - lsvn-cr1:ge-1/1/0 49                                        
2019-02-06 13:28:26,470 INFO  n.e.o.t.s.UpdateSvc                 - inserting p: newy-cr5:10/1/9 to newy-cr5                    
2019-02-06 13:28:26,472 DEBUG n.e.o.t.s.UpdateSvc                 - newy-cr5:9/1/4 59                                           
2019-02-06 13:28:26,472 DEBUG n.e.o.t.s.UpdateSvc                 - newy-cr5:2/1/1 59                                           
2019-02-06 13:28:26,472 DEBUG n.e.o.t.s.UpdateSvc                 - newy-cr5:10/1/9 59                                          
2019-02-06 13:28:26,472 DEBUG n.e.o.t.s.UpdateSvc                 - newy-cr5:9/1/1 59                                           
2019-02-06 13:28:26,474 INFO  n.e.o.t.s.UpdateSvc                 - inserting p: wash-cr5:10/1/4 to wash-cr5                    
2019-02-06 13:28:26,476 DEBUG n.e.o.t.s.UpdateSvc                 - wash-cr5:10/1/4 36                                          
2019-02-06 13:28:26,476 DEBUG n.e.o.t.s.UpdateSvc                 - wash-cr5:10/1/3 36                                          
2019-02-06 13:28:26,478 INFO  n.e.o.t.s.UpdateSvc                 - inserting p: nash-cr5:10/1/6 to nash-cr5                    
2019-02-06 13:28:26,480 DEBUG n.e.o.t.s.UpdateSvc                 - nash-cr5:10/1/3 45                                          
2019-02-06 13:28:26,480 DEBUG n.e.o.t.s.UpdateSvc                 - nash-cr5:10/1/4 45                                          
2019-02-06 13:28:26,480 DEBUG n.e.o.t.s.UpdateSvc                 - nash-cr5:10/1/6 45                                          
2019-02-06 13:28:26,482 INFO  n.e.o.t.s.UpdateSvc                 - inserting p: wash-cr5:10/1/5 to wash-cr5                    
2019-02-06 13:28:26,484 DEBUG n.e.o.t.s.UpdateSvc                 - wash-cr5:10/1/5 36                                          
2019-02-06 13:28:26,485 DEBUG n.e.o.t.s.UpdateSvc                 - wash-cr5:10/1/4 36                                          
2019-02-06 13:28:26,485 DEBUG n.e.o.t.s.UpdateSvc                 - wash-cr5:10/1/3 36                                          
2019-02-06 13:28:26,488 INFO  n.e.o.t.s.UpdateSvc                 - inserting p: nash-cr5:10/1/5 to nash-cr5                    
2019-02-06 13:28:26,489 DEBUG n.e.o.t.s.UpdateSvc                 - nash-cr5:10/1/5 45                                          
2019-02-06 13:28:26,489 DEBUG n.e.o.t.s.UpdateSvc                 - nash-cr5:10/1/3 45                                          
2019-02-06 13:28:26,489 DEBUG n.e.o.t.s.UpdateSvc                 - nash-cr5:10/1/4 45                                          
2019-02-06 13:28:26,489 DEBUG n.e.o.t.s.UpdateSvc                 - nash-cr5:10/1/6 45                                          
2019-02-06 13:28:26,491 INFO  n.e.o.t.s.UpdateSvc                 - inserting p: sacr-cr5:3/1/1 to sacr-cr5                     
2019-02-06 13:28:26,491 DEBUG n.e.o.t.s.UpdateSvc                 - sacr-cr5:3/1/1 47                                           
2019-02-06 13:28:26,493 INFO  n.e.o.t.s.UpdateSvc                 - inserting p: wash-cr5:10/1/9 to wash-cr5                    
2019-02-06 13:28:26,495 DEBUG n.e.o.t.s.UpdateSvc                 - wash-cr5:10/1/9 36                                          
2019-02-06 13:28:26,495 DEBUG n.e.o.t.s.UpdateSvc                 - wash-cr5:10/1/5 36                                          
2019-02-06 13:28:26,495 DEBUG n.e.o.t.s.UpdateSvc                 - wash-cr5:10/1/4 36                                          
2019-02-06 13:28:26,495 DEBUG n.e.o.t.s.UpdateSvc                 - wash-cr5:10/1/3 36                                          
2019-02-06 13:28:26,498 INFO  n.e.o.t.s.UpdateSvc                 - inserting p: lsvn-cr1:ge-1/1/1 to lsvn-cr1                  
2019-02-06 13:28:26,500 DEBUG n.e.o.t.s.UpdateSvc                 - lsvn-cr1:ge-1/0/1 49                                        
2019-02-06 13:28:26,500 DEBUG n.e.o.t.s.UpdateSvc                 - lsvn-cr1:ge-1/1/1 49                                        
2019-02-06 13:28:26,501 DEBUG n.e.o.t.s.UpdateSvc                 - lsvn-cr1:ge-1/0/0 49                                        
2019-02-06 13:28:26,501 DEBUG n.e.o.t.s.UpdateSvc                 - lsvn-cr1:xe-2/1/0 49                                        
2019-02-06 13:28:26,502 DEBUG n.e.o.t.s.UpdateSvc                 - lsvn-cr1:ge-1/1/0 49                                        
2019-02-06 13:28:26,504 INFO  n.e.o.t.s.UpdateSvc                 - inserting p: atla-cr5:1/1/1 to atla-cr5                     
2019-02-06 13:28:26,505 DEBUG n.e.o.t.s.UpdateSvc                 - atla-cr5:1/1/1 41                                           
2019-02-06 13:28:26,507 INFO  n.e.o.t.s.UpdateSvc                 - inserting p: lsvn-cr1:ge-1/1/5 to lsvn-cr1                  
2019-02-06 13:28:26,509 DEBUG n.e.o.t.s.UpdateSvc                 - lsvn-cr1:ge-1/0/1 49                                        
2019-02-06 13:28:26,509 DEBUG n.e.o.t.s.UpdateSvc                 - lsvn-cr1:ge-1/1/1 49                                        
2019-02-06 13:28:26,510 DEBUG n.e.o.t.s.UpdateSvc                 - lsvn-cr1:ge-1/0/0 49                                        
2019-02-06 13:28:26,510 DEBUG n.e.o.t.s.UpdateSvc                 - lsvn-cr1:ge-1/1/5 49                                        
2019-02-06 13:28:26,510 DEBUG n.e.o.t.s.UpdateSvc                 - lsvn-cr1:xe-2/1/0 49                                        
2019-02-06 13:28:26,510 DEBUG n.e.o.t.s.UpdateSvc                 - lsvn-cr1:ge-1/1/0 49                                        
2019-02-06 13:28:26,513 INFO  n.e.o.t.s.UpdateSvc                 - inserting p: newy-cr5:10/1/2 to newy-cr5                    
2019-02-06 13:28:26,514 DEBUG n.e.o.t.s.UpdateSvc                 - newy-cr5:9/1/4 59                                           
2019-02-06 13:28:26,515 DEBUG n.e.o.t.s.UpdateSvc                 - newy-cr5:2/1/1 59                                           
2019-02-06 13:28:26,516 DEBUG n.e.o.t.s.UpdateSvc                 - newy-cr5:10/1/9 59                                          
2019-02-06 13:28:26,516 DEBUG n.e.o.t.s.UpdateSvc                 - newy-cr5:10/1/2 59                                          
2019-02-06 13:28:26,516 DEBUG n.e.o.t.s.UpdateSvc                 - newy-cr5:9/1/1 59                                           
2019-02-06 13:28:26,520 INFO  n.e.o.t.s.UpdateSvc                 - inserting p: newy-cr5:10/1/3 to newy-cr5                    
2019-02-06 13:28:26,521 DEBUG n.e.o.t.s.UpdateSvc                 - newy-cr5:10/1/3 59                                          
2019-02-06 13:28:26,521 DEBUG n.e.o.t.s.UpdateSvc                 - newy-cr5:9/1/4 59                                           
2019-02-06 13:28:26,521 DEBUG n.e.o.t.s.UpdateSvc                 - newy-cr5:2/1/1 59                                           
2019-02-06 13:28:26,521 DEBUG n.e.o.t.s.UpdateSvc                 - newy-cr5:10/1/9 59                                          
2019-02-06 13:28:26,521 DEBUG n.e.o.t.s.UpdateSvc                 - newy-cr5:10/1/2 59                                          
2019-02-06 13:28:26,521 DEBUG n.e.o.t.s.UpdateSvc                 - newy-cr5:9/1/1 59                                           
2019-02-06 13:28:26,524 INFO  n.e.o.t.s.UpdateSvc                 - inserting p: lsvn-cr1:xe-2/2/0 to lsvn-cr1                  
2019-02-06 13:28:26,525 DEBUG n.e.o.t.s.UpdateSvc                 - lsvn-cr1:ge-1/0/1 49                                        
2019-02-06 13:28:26,525 DEBUG n.e.o.t.s.UpdateSvc                 - lsvn-cr1:ge-1/1/1 49                                        
2019-02-06 13:28:26,526 DEBUG n.e.o.t.s.UpdateSvc                 - lsvn-cr1:ge-1/0/0 49                                        
2019-02-06 13:28:26,526 DEBUG n.e.o.t.s.UpdateSvc                 - lsvn-cr1:ge-1/1/5 49                                        
2019-02-06 13:28:26,526 DEBUG n.e.o.t.s.UpdateSvc                 - lsvn-cr1:xe-2/2/0 49                                        
2019-02-06 13:28:26,526 DEBUG n.e.o.t.s.UpdateSvc                 - lsvn-cr1:xe-2/1/0 49                                        
2019-02-06 13:28:26,526 DEBUG n.e.o.t.s.UpdateSvc                 - lsvn-cr1:ge-1/1/0 49                                        
2019-02-06 13:28:26,530 INFO  n.e.o.t.s.UpdateSvc                 - inserting p: star-cr5:3/2/1 to star-cr5                     
2019-02-06 13:28:26,531 DEBUG n.e.o.t.s.UpdateSvc                 - star-cr5:3/2/1 76                                           
2019-02-06 13:28:26,531 DEBUG n.e.o.t.s.UpdateSvc                 - star-cr5:3/1/1 76                                           
2019-02-06 13:28:26,536 INFO  n.e.o.t.s.UpdateSvc                 - inserting p: bois-cr1:xe-1/2/0 to bois-cr1                  
2019-02-06 13:28:26,537 DEBUG n.e.o.t.s.UpdateSvc                 - bois-cr1:xe-7/3/0 39                                        
2019-02-06 13:28:26,537 DEBUG n.e.o.t.s.UpdateSvc                 - bois-cr1:xe-1/2/0 39                                        
2019-02-06 13:28:26,540 INFO  n.e.o.t.s.UpdateSvc                 - inserting p: sunn-cr5:10/1/2 to sunn-cr5                    
2019-02-06 13:28:26,541 DEBUG n.e.o.t.s.UpdateSvc                 - sunn-cr5:7/1/1 50                                           
2019-02-06 13:28:26,541 DEBUG n.e.o.t.s.UpdateSvc                 - sunn-cr5:10/1/2 50                                          
2019-02-06 13:28:26,544 INFO  n.e.o.t.s.UpdateSvc                 - inserting p: sunn-cr5:10/1/1 to sunn-cr5                    
2019-02-06 13:28:26,545 DEBUG n.e.o.t.s.UpdateSvc                 - sunn-cr5:10/1/1 50                                          
2019-02-06 13:28:26,546 DEBUG n.e.o.t.s.UpdateSvc                 - sunn-cr5:7/1/1 50                                           
2019-02-06 13:28:26,546 DEBUG n.e.o.t.s.UpdateSvc                 - sunn-cr5:10/1/2 50                                          
2019-02-06 13:28:26,548 INFO  n.e.o.t.s.UpdateSvc                 - inserting p: sunn-cr5:10/1/6 to sunn-cr5                    
2019-02-06 13:28:26,550 DEBUG n.e.o.t.s.UpdateSvc                 - sunn-cr5:10/1/6 50                                          
2019-02-06 13:28:26,550 DEBUG n.e.o.t.s.UpdateSvc                 - sunn-cr5:10/1/1 50                                          
2019-02-06 13:28:26,550 DEBUG n.e.o.t.s.UpdateSvc                 - sunn-cr5:7/1/1 50                                           
2019-02-06 13:28:26,551 DEBUG n.e.o.t.s.UpdateSvc                 - sunn-cr5:10/1/2 50                                          
2019-02-06 13:28:26,554 INFO  n.e.o.t.s.UpdateSvc                 - inserting p: lond-cr5:5/1/1 to lond-cr5                     
2019-02-06 13:28:26,555 DEBUG n.e.o.t.s.UpdateSvc                 - lond-cr5:5/1/1 57                                           
2019-02-06 13:28:26,557 INFO  n.e.o.t.s.UpdateSvc                 - inserting p: sunn-cr5:10/1/5 to sunn-cr5                    
2019-02-06 13:28:26,558 DEBUG n.e.o.t.s.UpdateSvc                 - sunn-cr5:10/1/6 50                                          
2019-02-06 13:28:26,558 DEBUG n.e.o.t.s.UpdateSvc                 - sunn-cr5:10/1/1 50                                          
2019-02-06 13:28:26,558 DEBUG n.e.o.t.s.UpdateSvc                 - sunn-cr5:7/1/1 50                                           
2019-02-06 13:28:26,558 DEBUG n.e.o.t.s.UpdateSvc                 - sunn-cr5:10/1/2 50                                          
2019-02-06 13:28:26,558 DEBUG n.e.o.t.s.UpdateSvc                 - sunn-cr5:10/1/5 50                                          
2019-02-06 13:28:26,560 INFO  n.e.o.t.s.UpdateSvc                 - inserting p: sunn-cr5:10/1/4 to sunn-cr5                    
2019-02-06 13:28:26,561 DEBUG n.e.o.t.s.UpdateSvc                 - sunn-cr5:10/1/4 50                                          
2019-02-06 13:28:26,561 DEBUG n.e.o.t.s.UpdateSvc                 - sunn-cr5:10/1/6 50                                          
2019-02-06 13:28:26,561 DEBUG n.e.o.t.s.UpdateSvc                 - sunn-cr5:10/1/1 50                                          
2019-02-06 13:28:26,561 DEBUG n.e.o.t.s.UpdateSvc                 - sunn-cr5:7/1/1 50                                           
2019-02-06 13:28:26,561 DEBUG n.e.o.t.s.UpdateSvc                 - sunn-cr5:10/1/2 50                                          
2019-02-06 13:28:26,561 DEBUG n.e.o.t.s.UpdateSvc                 - sunn-cr5:10/1/5 50                                          
2019-02-06 13:28:26,564 INFO  n.e.o.t.s.UpdateSvc                 - inserting p: sunn-cr5:10/1/3 to sunn-cr5                    
2019-02-06 13:28:26,565 DEBUG n.e.o.t.s.UpdateSvc                 - sunn-cr5:10/1/4 50                                          
2019-02-06 13:28:26,565 DEBUG n.e.o.t.s.UpdateSvc                 - sunn-cr5:10/1/6 50                                          
2019-02-06 13:28:26,565 DEBUG n.e.o.t.s.UpdateSvc                 - sunn-cr5:10/1/1 50                                          
2019-02-06 13:28:26,567 DEBUG n.e.o.t.s.UpdateSvc                 - sunn-cr5:7/1/1 50                                           
2019-02-06 13:28:26,568 DEBUG n.e.o.t.s.UpdateSvc                 - sunn-cr5:10/1/2 50                                          
2019-02-06 13:28:26,568 DEBUG n.e.o.t.s.UpdateSvc                 - sunn-cr5:10/1/5 50                                          
2019-02-06 13:28:26,568 DEBUG n.e.o.t.s.UpdateSvc                 - sunn-cr5:10/1/3 50                                          
2019-02-06 13:28:26,570 INFO  n.e.o.t.s.UpdateSvc                 - inserting p: anl-mr2:xe-2/3/0 to anl-mr2                    
2019-02-06 13:28:26,571 DEBUG n.e.o.t.s.UpdateSvc                 - anl-mr2:xe-2/3/0 53                                         
2019-02-06 13:28:26,574 INFO  n.e.o.t.s.UpdateSvc                 - inserting p: netl-alb-rt1:xe-2/0/0 to netl-alb-rt1          
2019-02-06 13:28:26,575 DEBUG n.e.o.t.s.UpdateSvc                 - netl-alb-rt1:xe-2/0/0 60                                    
2019-02-06 13:28:26,577 INFO  n.e.o.t.s.UpdateSvc                 - inserting p: slac-mr2:xe-0/1/0 to slac-mr2                  
2019-02-06 13:28:26,578 DEBUG n.e.o.t.s.UpdateSvc                 - slac-mr2:xe-1/1/0 56                                        
2019-02-06 13:28:26,578 DEBUG n.e.o.t.s.UpdateSvc                 - slac-mr2:xe-0/2/0 56                                        
2019-02-06 13:28:26,578 DEBUG n.e.o.t.s.UpdateSvc                 - slac-mr2:xe-0/1/0 56                                        
2019-02-06 13:28:26,581 INFO  n.e.o.t.s.UpdateSvc                 - inserting p: ga-rt2:ge-1/1/3 to ga-rt2                      
2019-02-06 13:28:26,582 DEBUG n.e.o.t.s.UpdateSvc                 - ga-rt2:ge-1/0/3 37                                          
2019-02-06 13:28:26,582 DEBUG n.e.o.t.s.UpdateSvc                 - ga-rt2:ge-1/1/3 37                                          
2019-02-06 13:28:26,585 DEBUG n.e.o.t.s.UpdateSvc                 - ga-rt2:ge-1/0/5 37                                          
2019-02-06 13:28:26,589 INFO  n.e.o.t.s.UpdateSvc                 - inserting p: netl-alb-rt1:xe-2/0/3 to netl-alb-rt1          
2019-02-06 13:28:26,591 DEBUG n.e.o.t.s.UpdateSvc                 - netl-alb-rt1:xe-2/0/0 60                                    
2019-02-06 13:28:26,592 DEBUG n.e.o.t.s.UpdateSvc                 - netl-alb-rt1:xe-2/0/3 60                                    
2019-02-06 13:28:26,596 INFO  n.e.o.t.s.UpdateSvc                 - inserting p: netl-alb-rt1:xe-2/0/2 to netl-alb-rt1          
2019-02-06 13:28:26,598 DEBUG n.e.o.t.s.UpdateSvc                 - netl-alb-rt1:xe-2/0/2 60                                    
2019-02-06 13:28:26,599 DEBUG n.e.o.t.s.UpdateSvc                 - netl-alb-rt1:xe-2/0/0 60                                    
2019-02-06 13:28:26,600 DEBUG n.e.o.t.s.UpdateSvc                 - netl-alb-rt1:xe-2/0/3 60                                    
2019-02-06 13:28:26,603 INFO  n.e.o.t.s.UpdateSvc                 - inserting p: netl-alb-rt1:xe-2/0/1 to netl-alb-rt1          
2019-02-06 13:28:26,605 DEBUG n.e.o.t.s.UpdateSvc                 - netl-alb-rt1:xe-2/0/2 60                                    
2019-02-06 13:28:26,605 DEBUG n.e.o.t.s.UpdateSvc                 - netl-alb-rt1:xe-2/0/0 60                                    
2019-02-06 13:28:26,606 DEBUG n.e.o.t.s.UpdateSvc                 - netl-alb-rt1:xe-2/0/1 60                                    
2019-02-06 13:28:26,606 DEBUG n.e.o.t.s.UpdateSvc                 - netl-alb-rt1:xe-2/0/3 60                                    
2019-02-06 13:28:26,609 INFO  n.e.o.t.s.UpdateSvc                 - inserting p: bois-cr1:xe-7/1/0 to bois-cr1                  
2019-02-06 13:28:26,610 DEBUG n.e.o.t.s.UpdateSvc                 - bois-cr1:xe-7/3/0 39                                        
2019-02-06 13:28:26,610 DEBUG n.e.o.t.s.UpdateSvc                 - bois-cr1:xe-1/2/0 39                                        
2019-02-06 13:28:26,610 DEBUG n.e.o.t.s.UpdateSvc                 - bois-cr1:xe-7/1/0 39                                        
2019-02-06 13:28:26,613 INFO  n.e.o.t.s.UpdateSvc                 - inserting p: srs-rt3:ge-0/1/0 to srs-rt3                    
2019-02-06 13:28:26,614 DEBUG n.e.o.t.s.UpdateSvc                 - srs-rt3:ge-0/1/0 31                                         
2019-02-06 13:28:26,621 INFO  n.e.o.t.s.UpdateSvc                 - inserting p: albq-cr5:3/1/1 to albq-cr5                     
2019-02-06 13:28:26,623 DEBUG n.e.o.t.s.UpdateSvc                 - albq-cr5:10/1/3 73                                          
2019-02-06 13:28:26,623 DEBUG n.e.o.t.s.UpdateSvc                 - albq-cr5:3/1/1 73                                           
2019-02-06 13:28:26,624 DEBUG n.e.o.t.s.UpdateSvc                 - albq-cr5:10/1/5 73                                          
2019-02-06 13:28:26,624 DEBUG n.e.o.t.s.UpdateSvc                 - albq-cr5:10/1/2 73                                          
2019-02-06 13:28:26,624 DEBUG n.e.o.t.s.UpdateSvc                 - albq-cr5:10/1/4 73                                          
2019-02-06 13:28:26,628 INFO  n.e.o.t.s.UpdateSvc                 - inserting p: aofa-cr5:6/2/1 to aofa-cr5                     
2019-02-06 13:28:26,629 DEBUG n.e.o.t.s.UpdateSvc                 - aofa-cr5:6/2/1 69                                           
2019-02-06 13:28:26,629 DEBUG n.e.o.t.s.UpdateSvc                 - aofa-cr5:10/1/2 69                                          
2019-02-06 13:28:26,629 DEBUG n.e.o.t.s.UpdateSvc                 - aofa-cr5:10/1/9 69                                          
2019-02-06 13:28:26,629 DEBUG n.e.o.t.s.UpdateSvc                 - aofa-cr5:10/1/1 69                                          
2019-02-06 13:28:26,629 DEBUG n.e.o.t.s.UpdateSvc                 - aofa-cr5:10/1/8 69                                          
2019-02-06 13:28:26,629 DEBUG n.e.o.t.s.UpdateSvc                 - aofa-cr5:5/1/1 69                                           
2019-02-06 13:28:26,636 INFO  n.e.o.t.s.UpdateSvc                 - inserting p: wash-cr5:10/1/10 to wash-cr5                   
2019-02-06 13:28:26,638 DEBUG n.e.o.t.s.UpdateSvc                 - wash-cr5:10/1/9 36                                          
2019-02-06 13:28:26,638 DEBUG n.e.o.t.s.UpdateSvc                 - wash-cr5:10/1/5 36                                          
2019-02-06 13:28:26,639 DEBUG n.e.o.t.s.UpdateSvc                 - wash-cr5:10/1/10 36                                         
2019-02-06 13:28:26,639 DEBUG n.e.o.t.s.UpdateSvc                 - wash-cr5:10/1/4 36                                          
2019-02-06 13:28:26,640 DEBUG n.e.o.t.s.UpdateSvc                 - wash-cr5:10/1/3 36                                          
2019-02-06 13:28:26,642 INFO  n.e.o.t.s.UpdateSvc                 - inserting p: chic-cr5:7/1/1 to chic-cr5                     
2019-02-06 13:28:26,643 DEBUG n.e.o.t.s.UpdateSvc                 - chic-cr5:7/1/1 55                                           
2019-02-06 13:28:26,644 DEBUG n.e.o.t.s.UpdateSvc                 - chic-cr5:6/1/1 55                                           
2019-02-06 13:28:26,644 DEBUG n.e.o.t.s.UpdateSvc                 - chic-cr5:BLANK 55                                           
2019-02-06 13:28:26,647 INFO  n.e.o.t.s.UpdateSvc                 - inserting p: lbl-mr2:xe-0/1/0 to lbl-mr2                    
2019-02-06 13:28:26,651 DEBUG n.e.o.t.s.UpdateSvc                 - lbl-mr2:xe-8/1/0 74                                         
2019-02-06 13:28:26,652 DEBUG n.e.o.t.s.UpdateSvc                 - lbl-mr2:xe-0/1/0 74                                         
2019-02-06 13:28:26,652 DEBUG n.e.o.t.s.UpdateSvc                 - lbl-mr2:xe-1/1/0 74                                         
2019-02-06 13:28:26,652 DEBUG n.e.o.t.s.UpdateSvc                 - lbl-mr2:xe-8/3/0 74                                         
2019-02-06 13:28:26,657 INFO  n.e.o.t.s.UpdateSvc                 - inserting p: sunn-cr5:8/1/1 to sunn-cr5                     
2019-02-06 13:28:26,660 DEBUG n.e.o.t.s.UpdateSvc                 - sunn-cr5:10/1/4 50                                          
2019-02-06 13:28:26,660 DEBUG n.e.o.t.s.UpdateSvc                 - sunn-cr5:10/1/6 50                                          
2019-02-06 13:28:26,661 DEBUG n.e.o.t.s.UpdateSvc                 - sunn-cr5:8/1/1 50                                           
2019-02-06 13:28:26,661 DEBUG n.e.o.t.s.UpdateSvc                 - sunn-cr5:10/1/1 50                                          
2019-02-06 13:28:26,662 DEBUG n.e.o.t.s.UpdateSvc                 - sunn-cr5:7/1/1 50                                           
2019-02-06 13:28:26,662 DEBUG n.e.o.t.s.UpdateSvc                 - sunn-cr5:10/1/2 50                                          
2019-02-06 13:28:26,662 DEBUG n.e.o.t.s.UpdateSvc                 - sunn-cr5:10/1/5 50                                          
2019-02-06 13:28:26,662 DEBUG n.e.o.t.s.UpdateSvc                 - sunn-cr5:10/1/3 50                                          
2019-02-06 13:28:26,668 INFO  n.e.o.t.s.UpdateSvc                 - inserting p: denv-cr5:4/1/1 to denv-cr5                     
2019-02-06 13:28:26,670 DEBUG n.e.o.t.s.UpdateSvc                 - denv-cr5:4/1/1 75                                           
2019-02-06 13:28:26,678 INFO  n.e.o.t.s.UpdateSvc                 - inserting p: fnal-mr2:xe-1/3/0 to fnal-mr2                  
2019-02-06 13:28:26,704 DEBUG n.e.o.t.s.UpdateSvc                 - fnal-mr2:xe-1/3/0 65                                        
2019-02-06 13:28:26,709 INFO  n.e.o.t.s.UpdateSvc                 - inserting p: sunn-cr5:10/2/1 to sunn-cr5                    
2019-02-06 13:28:26,712 DEBUG n.e.o.t.s.UpdateSvc                 - sunn-cr5:10/1/4 50                                          
2019-02-06 13:28:26,713 DEBUG n.e.o.t.s.UpdateSvc                 - sunn-cr5:10/1/6 50                                          
2019-02-06 13:28:26,714 DEBUG n.e.o.t.s.UpdateSvc                 - sunn-cr5:8/1/1 50                                           
2019-02-06 13:28:26,715 DEBUG n.e.o.t.s.UpdateSvc                 - sunn-cr5:10/1/1 50                                          
2019-02-06 13:28:26,716 DEBUG n.e.o.t.s.UpdateSvc                 - sunn-cr5:10/2/1 50                                          
2019-02-06 13:28:26,718 DEBUG n.e.o.t.s.UpdateSvc                 - sunn-cr5:7/1/1 50                                           
2019-02-06 13:28:26,719 DEBUG n.e.o.t.s.UpdateSvc                 - sunn-cr5:10/1/2 50                                          
2019-02-06 13:28:26,719 DEBUG n.e.o.t.s.UpdateSvc                 - sunn-cr5:10/1/5 50                                          
2019-02-06 13:28:26,719 DEBUG n.e.o.t.s.UpdateSvc                 - sunn-cr5:10/1/3 50                                          
2019-02-06 13:28:26,723 INFO  n.e.o.t.s.UpdateSvc                 - inserting p: sunn-cr5:10/2/5 to sunn-cr5                    
2019-02-06 13:28:26,726 DEBUG n.e.o.t.s.UpdateSvc                 - sunn-cr5:10/1/4 50                                          
2019-02-06 13:28:26,726 DEBUG n.e.o.t.s.UpdateSvc                 - sunn-cr5:10/1/6 50                                          
2019-02-06 13:28:26,726 DEBUG n.e.o.t.s.UpdateSvc                 - sunn-cr5:8/1/1 50                                           
2019-02-06 13:28:26,727 DEBUG n.e.o.t.s.UpdateSvc                 - sunn-cr5:10/1/1 50                                          
2019-02-06 13:28:26,727 DEBUG n.e.o.t.s.UpdateSvc                 - sunn-cr5:10/2/1 50                                          
2019-02-06 13:28:26,727 DEBUG n.e.o.t.s.UpdateSvc                 - sunn-cr5:10/2/5 50                                          
2019-02-06 13:28:26,727 DEBUG n.e.o.t.s.UpdateSvc                 - sunn-cr5:7/1/1 50                                           
2019-02-06 13:28:26,727 DEBUG n.e.o.t.s.UpdateSvc                 - sunn-cr5:10/1/2 50                                          
2019-02-06 13:28:26,728 DEBUG n.e.o.t.s.UpdateSvc                 - sunn-cr5:10/1/5 50                                          
2019-02-06 13:28:26,728 DEBUG n.e.o.t.s.UpdateSvc                 - sunn-cr5:10/1/3 50                                          
2019-02-06 13:28:26,734 INFO  n.e.o.t.s.UpdateSvc                 - inserting p: sunn-cr5:10/2/4 to sunn-cr5                    
2019-02-06 13:28:26,737 DEBUG n.e.o.t.s.UpdateSvc                 - sunn-cr5:10/1/4 50                                          
2019-02-06 13:28:26,737 DEBUG n.e.o.t.s.UpdateSvc                 - sunn-cr5:10/2/4 50                                          
2019-02-06 13:28:26,737 DEBUG n.e.o.t.s.UpdateSvc                 - sunn-cr5:10/1/6 50                                          
2019-02-06 13:28:26,737 DEBUG n.e.o.t.s.UpdateSvc                 - sunn-cr5:8/1/1 50                                           
2019-02-06 13:28:26,737 DEBUG n.e.o.t.s.UpdateSvc                 - sunn-cr5:10/1/1 50                                          
2019-02-06 13:28:26,738 DEBUG n.e.o.t.s.UpdateSvc                 - sunn-cr5:10/2/1 50                                          
2019-02-06 13:28:26,738 DEBUG n.e.o.t.s.UpdateSvc                 - sunn-cr5:10/2/5 50                                          
2019-02-06 13:28:26,738 DEBUG n.e.o.t.s.UpdateSvc                 - sunn-cr5:7/1/1 50                                           
2019-02-06 13:28:26,738 DEBUG n.e.o.t.s.UpdateSvc                 - sunn-cr5:10/1/2 50                                          
2019-02-06 13:28:26,739 DEBUG n.e.o.t.s.UpdateSvc                 - sunn-cr5:10/1/5 50                                          
2019-02-06 13:28:26,739 DEBUG n.e.o.t.s.UpdateSvc                 - sunn-cr5:10/1/3 50                                          
2019-02-06 13:28:26,744 INFO  n.e.o.t.s.UpdateSvc                 - inserting p: sunn-cr5:10/2/3 to sunn-cr5                    
2019-02-06 13:28:26,746 DEBUG n.e.o.t.s.UpdateSvc                 - sunn-cr5:10/1/4 50                                          
2019-02-06 13:28:26,746 DEBUG n.e.o.t.s.UpdateSvc                 - sunn-cr5:10/2/4 50                                          
2019-02-06 13:28:26,747 DEBUG n.e.o.t.s.UpdateSvc                 - sunn-cr5:10/1/6 50                                          
2019-02-06 13:28:26,747 DEBUG n.e.o.t.s.UpdateSvc                 - sunn-cr5:10/2/3 50                                          
2019-02-06 13:28:26,747 DEBUG n.e.o.t.s.UpdateSvc                 - sunn-cr5:8/1/1 50                                           
2019-02-06 13:28:26,748 DEBUG n.e.o.t.s.UpdateSvc                 - sunn-cr5:10/1/1 50                                          
2019-02-06 13:28:26,751 DEBUG n.e.o.t.s.UpdateSvc                 - sunn-cr5:10/2/1 50                                          
2019-02-06 13:28:26,751 DEBUG n.e.o.t.s.UpdateSvc                 - sunn-cr5:10/2/5 50                                          
2019-02-06 13:28:26,752 DEBUG n.e.o.t.s.UpdateSvc                 - sunn-cr5:7/1/1 50                                           
2019-02-06 13:28:26,753 DEBUG n.e.o.t.s.UpdateSvc                 - sunn-cr5:10/1/2 50                                          
2019-02-06 13:28:26,753 DEBUG n.e.o.t.s.UpdateSvc                 - sunn-cr5:10/1/5 50                                          
2019-02-06 13:28:26,753 DEBUG n.e.o.t.s.UpdateSvc                 - sunn-cr5:10/1/3 50                                          
2019-02-06 13:28:26,758 INFO  n.e.o.t.s.UpdateSvc                 - inserting p: sunn-cr5:10/2/2 to sunn-cr5                    
2019-02-06 13:28:26,760 DEBUG n.e.o.t.s.UpdateSvc                 - sunn-cr5:10/2/4 50                                          
2019-02-06 13:28:26,760 DEBUG n.e.o.t.s.UpdateSvc                 - sunn-cr5:10/1/6 50                                          
2019-02-06 13:28:26,761 DEBUG n.e.o.t.s.UpdateSvc                 - sunn-cr5:10/2/3 50                                          
2019-02-06 13:28:26,761 DEBUG n.e.o.t.s.UpdateSvc                 - sunn-cr5:10/2/1 50                                          
2019-02-06 13:28:26,762 DEBUG n.e.o.t.s.UpdateSvc                 - sunn-cr5:10/2/2 50                                          
2019-02-06 13:28:26,762 DEBUG n.e.o.t.s.UpdateSvc                 - sunn-cr5:10/1/5 50                                          
2019-02-06 13:28:26,762 DEBUG n.e.o.t.s.UpdateSvc                 - sunn-cr5:10/1/4 50                                          
2019-02-06 13:28:26,763 DEBUG n.e.o.t.s.UpdateSvc                 - sunn-cr5:8/1/1 50                                           
2019-02-06 13:28:26,763 DEBUG n.e.o.t.s.UpdateSvc                 - sunn-cr5:10/1/1 50                                          
2019-02-06 13:28:26,764 DEBUG n.e.o.t.s.UpdateSvc                 - sunn-cr5:10/2/5 50                                          
2019-02-06 13:28:26,765 DEBUG n.e.o.t.s.UpdateSvc                 - sunn-cr5:7/1/1 50                                           
2019-02-06 13:28:26,767 DEBUG n.e.o.t.s.UpdateSvc                 - sunn-cr5:10/1/2 50                                          
2019-02-06 13:28:26,767 DEBUG n.e.o.t.s.UpdateSvc                 - sunn-cr5:10/1/3 50                                          
2019-02-06 13:28:26,771 INFO  n.e.o.t.s.UpdateSvc                 - inserting p: llnl-mr2:xe-3/2/0 to llnl-mr2                  
2019-02-06 13:28:26,772 DEBUG n.e.o.t.s.UpdateSvc                 - llnl-mr2:xe-3/2/0 52                                        
2019-02-06 13:28:26,775 INFO  n.e.o.t.s.UpdateSvc                 - inserting p: sunn-cr5:10/2/6 to sunn-cr5                    
2019-02-06 13:28:26,777 DEBUG n.e.o.t.s.UpdateSvc                 - sunn-cr5:10/2/4 50                                          
2019-02-06 13:28:26,777 DEBUG n.e.o.t.s.UpdateSvc                 - sunn-cr5:10/2/6 50                                          
2019-02-06 13:28:26,777 DEBUG n.e.o.t.s.UpdateSvc                 - sunn-cr5:10/1/6 50                                          
2019-02-06 13:28:26,777 DEBUG n.e.o.t.s.UpdateSvc                 - sunn-cr5:10/2/3 50                                          
2019-02-06 13:28:26,777 DEBUG n.e.o.t.s.UpdateSvc                 - sunn-cr5:10/2/1 50                                          
2019-02-06 13:28:26,777 DEBUG n.e.o.t.s.UpdateSvc                 - sunn-cr5:10/2/2 50                                          
2019-02-06 13:28:26,778 DEBUG n.e.o.t.s.UpdateSvc                 - sunn-cr5:10/1/5 50                                          
2019-02-06 13:28:26,778 DEBUG n.e.o.t.s.UpdateSvc                 - sunn-cr5:10/1/4 50                                          
2019-02-06 13:28:26,778 DEBUG n.e.o.t.s.UpdateSvc                 - sunn-cr5:8/1/1 50                                           
2019-02-06 13:28:26,778 DEBUG n.e.o.t.s.UpdateSvc                 - sunn-cr5:10/1/1 50                                          
2019-02-06 13:28:26,778 DEBUG n.e.o.t.s.UpdateSvc                 - sunn-cr5:10/2/5 50                                          
2019-02-06 13:28:26,778 DEBUG n.e.o.t.s.UpdateSvc                 - sunn-cr5:7/1/1 50                                           
2019-02-06 13:28:26,778 DEBUG n.e.o.t.s.UpdateSvc                 - sunn-cr5:10/1/2 50                                          
2019-02-06 13:28:26,778 DEBUG n.e.o.t.s.UpdateSvc                 - sunn-cr5:10/1/3 50                                          
2019-02-06 13:28:26,781 INFO  n.e.o.t.s.UpdateSvc                 - inserting p: hous-cr5:1/1/1 to hous-cr5                     
2019-02-06 13:28:26,781 DEBUG n.e.o.t.s.UpdateSvc                 - hous-cr5:1/1/1 68                                           
2019-02-06 13:28:26,785 INFO  n.e.o.t.s.UpdateSvc                 - inserting p: slac-mr2:xe-0/0/0 to slac-mr2                  
2019-02-06 13:28:26,787 DEBUG n.e.o.t.s.UpdateSvc                 - slac-mr2:xe-1/1/0 56                                        
2019-02-06 13:28:26,787 DEBUG n.e.o.t.s.UpdateSvc                 - slac-mr2:xe-0/0/0 56                                        
2019-02-06 13:28:26,787 DEBUG n.e.o.t.s.UpdateSvc                 - slac-mr2:xe-0/2/0 56                                        
2019-02-06 13:28:26,787 DEBUG n.e.o.t.s.UpdateSvc                 - slac-mr2:xe-0/1/0 56                                        
2019-02-06 13:28:26,790 INFO  n.e.o.t.s.UpdateSvc                 - inserting p: srs-rt3:ge-0/0/0 to srs-rt3                    
2019-02-06 13:28:26,792 DEBUG n.e.o.t.s.UpdateSvc                 - srs-rt3:ge-0/1/0 31                                         
2019-02-06 13:28:26,792 DEBUG n.e.o.t.s.UpdateSvc                 - srs-rt3:ge-0/0/0 31                                         
2019-02-06 13:28:26,794 INFO  n.e.o.t.s.UpdateSvc                 - inserting p: lbl-mr2:xe-0/2/0 to lbl-mr2                    
2019-02-06 13:28:26,796 DEBUG n.e.o.t.s.UpdateSvc                 - lbl-mr2:xe-8/1/0 74                                         
2019-02-06 13:28:26,796 DEBUG n.e.o.t.s.UpdateSvc                 - lbl-mr2:xe-0/2/0 74                                         
2019-02-06 13:28:26,796 DEBUG n.e.o.t.s.UpdateSvc                 - lbl-mr2:xe-0/1/0 74                                         
2019-02-06 13:28:26,797 DEBUG n.e.o.t.s.UpdateSvc                 - lbl-mr2:xe-1/1/0 74                                         
2019-02-06 13:28:26,798 DEBUG n.e.o.t.s.UpdateSvc                 - lbl-mr2:xe-8/3/0 74                                         
2019-02-06 13:28:26,800 INFO  n.e.o.t.s.UpdateSvc                 - inserting p: llnl-mr2:ge-3/0/1 to llnl-mr2                  
2019-02-06 13:28:26,802 DEBUG n.e.o.t.s.UpdateSvc                 - llnl-mr2:ge-3/0/1 52                                        
2019-02-06 13:28:26,802 DEBUG n.e.o.t.s.UpdateSvc                 - llnl-mr2:xe-3/2/0 52                                        
2019-02-06 13:28:26,805 INFO  n.e.o.t.s.UpdateSvc                 - inserting p: llnl-mr2:ge-3/0/0 to llnl-mr2                  
2019-02-06 13:28:26,806 DEBUG n.e.o.t.s.UpdateSvc                 - llnl-mr2:ge-3/0/1 52                                        
2019-02-06 13:28:26,806 DEBUG n.e.o.t.s.UpdateSvc                 - llnl-mr2:xe-3/2/0 52                                        
2019-02-06 13:28:26,806 DEBUG n.e.o.t.s.UpdateSvc                 - llnl-mr2:ge-3/0/0 52                                        
2019-02-06 13:28:26,809 INFO  n.e.o.t.s.UpdateSvc                 - inserting p: nersc-mr2:xe-1/3/0 to nersc-mr2                
2019-02-06 13:28:26,810 DEBUG n.e.o.t.s.UpdateSvc                 - nersc-mr2:xe-1/3/0 29                                       
2019-02-06 13:28:26,810 DEBUG n.e.o.t.s.UpdateSvc                 - nersc-mr2:xe-2/2/0 29                                       
2019-02-06 13:28:26,813 INFO  n.e.o.t.s.UpdateSvc                 - inserting p: denv-cr5:4/2/1 to denv-cr5                     
2019-02-06 13:28:26,814 DEBUG n.e.o.t.s.UpdateSvc                 - denv-cr5:4/1/1 75                                           
2019-02-06 13:28:26,814 DEBUG n.e.o.t.s.UpdateSvc                 - denv-cr5:4/2/1 75                                           
2019-02-06 13:28:26,817 INFO  n.e.o.t.s.UpdateSvc                 - inserting p: ameslab-rt3:xe-1/3/0 to ameslab-rt3            
2019-02-06 13:28:26,818 DEBUG n.e.o.t.s.UpdateSvc                 - ameslab-rt3:xe-1/3/0 67                                     
2019-02-06 13:28:26,821 INFO  n.e.o.t.s.UpdateSvc                 - inserting p: wash-cr5:1/1/1 to wash-cr5                     
2019-02-06 13:28:26,822 DEBUG n.e.o.t.s.UpdateSvc                 - wash-cr5:10/1/9 36                                          
2019-02-06 13:28:26,822 DEBUG n.e.o.t.s.UpdateSvc                 - wash-cr5:10/1/5 36                                          
2019-02-06 13:28:26,822 DEBUG n.e.o.t.s.UpdateSvc                 - wash-cr5:10/1/10 36                                         
2019-02-06 13:28:26,822 DEBUG n.e.o.t.s.UpdateSvc                 - wash-cr5:1/1/1 36                                           
2019-02-06 13:28:26,822 DEBUG n.e.o.t.s.UpdateSvc                 - wash-cr5:10/1/4 36                                          
2019-02-06 13:28:26,822 DEBUG n.e.o.t.s.UpdateSvc                 - wash-cr5:10/1/3 36                                          
2019-02-06 13:28:26,825 INFO  n.e.o.t.s.UpdateSvc                 - inserting p: newy-cr5:3/1/1 to newy-cr5                     
2019-02-06 13:28:26,826 DEBUG n.e.o.t.s.UpdateSvc                 - newy-cr5:10/1/3 59                                          
2019-02-06 13:28:26,826 DEBUG n.e.o.t.s.UpdateSvc                 - newy-cr5:3/1/1 59                                           
2019-02-06 13:28:26,826 DEBUG n.e.o.t.s.UpdateSvc                 - newy-cr5:9/1/4 59                                           
2019-02-06 13:28:26,826 DEBUG n.e.o.t.s.UpdateSvc                 - newy-cr5:2/1/1 59                                           
2019-02-06 13:28:26,826 DEBUG n.e.o.t.s.UpdateSvc                 - newy-cr5:10/1/9 59                                          
2019-02-06 13:28:26,826 DEBUG n.e.o.t.s.UpdateSvc                 - newy-cr5:10/1/2 59                                          
2019-02-06 13:28:26,826 DEBUG n.e.o.t.s.UpdateSvc                 - newy-cr5:9/1/1 59                                           
2019-02-06 13:28:26,829 INFO  n.e.o.t.s.UpdateSvc                 - inserting p: chic-cr5:6/2/1 to chic-cr5                     
2019-02-06 13:28:26,830 DEBUG n.e.o.t.s.UpdateSvc                 - chic-cr5:7/1/1 55                                           
2019-02-06 13:28:26,830 DEBUG n.e.o.t.s.UpdateSvc                 - chic-cr5:6/1/1 55                                           
2019-02-06 13:28:26,830 DEBUG n.e.o.t.s.UpdateSvc                 - chic-cr5:BLANK 55                                           
2019-02-06 13:28:26,830 DEBUG n.e.o.t.s.UpdateSvc                 - chic-cr5:6/2/1 55                                           
2019-02-06 13:28:26,834 INFO  n.e.o.t.s.UpdateSvc                 - inserting p: sunn-cr5:7/2/1 to sunn-cr5                     
2019-02-06 13:28:26,836 DEBUG n.e.o.t.s.UpdateSvc                 - sunn-cr5:10/2/4 50                                          
2019-02-06 13:28:26,836 DEBUG n.e.o.t.s.UpdateSvc                 - sunn-cr5:10/2/6 50                                          
2019-02-06 13:28:26,836 DEBUG n.e.o.t.s.UpdateSvc                 - sunn-cr5:10/1/6 50                                          
2019-02-06 13:28:26,836 DEBUG n.e.o.t.s.UpdateSvc                 - sunn-cr5:10/2/3 50                                          
2019-02-06 13:28:26,836 DEBUG n.e.o.t.s.UpdateSvc                 - sunn-cr5:10/2/1 50                                          
2019-02-06 13:28:26,836 DEBUG n.e.o.t.s.UpdateSvc                 - sunn-cr5:10/2/2 50                                          
2019-02-06 13:28:26,836 DEBUG n.e.o.t.s.UpdateSvc                 - sunn-cr5:7/2/1 50                                           
2019-02-06 13:28:26,837 DEBUG n.e.o.t.s.UpdateSvc                 - sunn-cr5:10/1/5 50                                          
2019-02-06 13:28:26,837 DEBUG n.e.o.t.s.UpdateSvc                 - sunn-cr5:10/1/4 50                                          
2019-02-06 13:28:26,837 DEBUG n.e.o.t.s.UpdateSvc                 - sunn-cr5:8/1/1 50                                           
2019-02-06 13:28:26,837 DEBUG n.e.o.t.s.UpdateSvc                 - sunn-cr5:10/1/1 50                                          
2019-02-06 13:28:26,837 DEBUG n.e.o.t.s.UpdateSvc                 - sunn-cr5:10/2/5 50                                          
2019-02-06 13:28:26,837 DEBUG n.e.o.t.s.UpdateSvc                 - sunn-cr5:7/1/1 50                                           
2019-02-06 13:28:26,837 DEBUG n.e.o.t.s.UpdateSvc                 - sunn-cr5:10/1/2 50                                          
2019-02-06 13:28:26,837 DEBUG n.e.o.t.s.UpdateSvc                 - sunn-cr5:10/1/3 50                                          
2019-02-06 13:28:26,840 INFO  n.e.o.t.s.UpdateSvc                 - inserting p: lbl-mr2:xe-7/0/0 to lbl-mr2                    
2019-02-06 13:28:26,843 DEBUG n.e.o.t.s.UpdateSvc                 - lbl-mr2:xe-8/1/0 74                                         
2019-02-06 13:28:26,843 DEBUG n.e.o.t.s.UpdateSvc                 - lbl-mr2:xe-7/0/0 74                                         
2019-02-06 13:28:26,843 DEBUG n.e.o.t.s.UpdateSvc                 - lbl-mr2:xe-0/2/0 74                                         
2019-02-06 13:28:26,843 DEBUG n.e.o.t.s.UpdateSvc                 - lbl-mr2:xe-0/1/0 74                                         
2019-02-06 13:28:26,843 DEBUG n.e.o.t.s.UpdateSvc                 - lbl-mr2:xe-1/1/0 74                                         
2019-02-06 13:28:26,843 DEBUG n.e.o.t.s.UpdateSvc                 - lbl-mr2:xe-8/3/0 74                                         
2019-02-06 13:28:26,846 INFO  n.e.o.t.s.UpdateSvc                 - inserting p: nersc-mr2:xe-7/3/0 to nersc-mr2                
2019-02-06 13:28:26,848 DEBUG n.e.o.t.s.UpdateSvc                 - nersc-mr2:xe-1/3/0 29                                       
2019-02-06 13:28:26,848 DEBUG n.e.o.t.s.UpdateSvc                 - nersc-mr2:xe-2/2/0 29                                       
2019-02-06 13:28:26,848 DEBUG n.e.o.t.s.UpdateSvc                 - nersc-mr2:xe-7/3/0 29                                       
2019-02-06 13:28:26,852 INFO  n.e.o.t.s.UpdateSvc                 - inserting p: hous-cr5:10/1/3 to hous-cr5                    
2019-02-06 13:28:26,853 DEBUG n.e.o.t.s.UpdateSvc                 - hous-cr5:10/1/3 68                                          
2019-02-06 13:28:26,853 DEBUG n.e.o.t.s.UpdateSvc                 - hous-cr5:1/1/1 68                                           
2019-02-06 13:28:26,856 INFO  n.e.o.t.s.UpdateSvc                 - inserting p: hous-cr5:10/1/4 to hous-cr5                    
2019-02-06 13:28:26,857 DEBUG n.e.o.t.s.UpdateSvc                 - hous-cr5:10/1/4 68                                          
2019-02-06 13:28:26,857 DEBUG n.e.o.t.s.UpdateSvc                 - hous-cr5:10/1/3 68                                          
2019-02-06 13:28:26,857 DEBUG n.e.o.t.s.UpdateSvc                 - hous-cr5:1/1/1 68                                           
2019-02-06 13:28:26,860 INFO  n.e.o.t.s.UpdateSvc                 - inserting p: ornl-rt4:xe-1/2/0 to ornl-rt4                  
2019-02-06 13:28:26,861 DEBUG n.e.o.t.s.UpdateSvc                 - ornl-rt4:xe-1/2/0 42                                        
2019-02-06 13:28:26,861 DEBUG n.e.o.t.s.UpdateSvc                 - ornl-rt4:xe-2/3/0 42                                        
2019-02-06 13:28:26,864 INFO  n.e.o.t.s.UpdateSvc                 - inserting p: kans-cr5:1/1/1 to kans-cr5                     
2019-02-06 13:28:26,864 DEBUG n.e.o.t.s.UpdateSvc                 - kans-cr5:1/1/1 38                                           
2019-02-06 13:28:26,867 INFO  n.e.o.t.s.UpdateSvc                 - inserting p: sacr-cr5:10/2/5 to sacr-cr5                    
2019-02-06 13:28:26,868 DEBUG n.e.o.t.s.UpdateSvc                 - sacr-cr5:10/2/5 47                                          
2019-02-06 13:28:26,868 DEBUG n.e.o.t.s.UpdateSvc                 - sacr-cr5:3/1/1 47                                           
2019-02-06 13:28:26,870 INFO  n.e.o.t.s.UpdateSvc                 - inserting p: denv-cr5:10/1/6 to denv-cr5                    
2019-02-06 13:28:26,871 DEBUG n.e.o.t.s.UpdateSvc                 - denv-cr5:4/1/1 75                                           
2019-02-06 13:28:26,871 DEBUG n.e.o.t.s.UpdateSvc                 - denv-cr5:4/2/1 75                                           
2019-02-06 13:28:26,871 DEBUG n.e.o.t.s.UpdateSvc                 - denv-cr5:10/1/6 75                                          
2019-02-06 13:28:26,874 INFO  n.e.o.t.s.UpdateSvc                 - inserting p: sacr-cr5:4/1/1 to sacr-cr5                     
2019-02-06 13:28:26,875 DEBUG n.e.o.t.s.UpdateSvc                 - sacr-cr5:10/2/5 47                                          
2019-02-06 13:28:26,875 DEBUG n.e.o.t.s.UpdateSvc                 - sacr-cr5:3/1/1 47                                           
2019-02-06 13:28:26,875 DEBUG n.e.o.t.s.UpdateSvc                 - sacr-cr5:4/1/1 47                                           
2019-02-06 13:28:26,878 INFO  n.e.o.t.s.UpdateSvc                 - inserting p: sacr-cr5:10/2/6 to sacr-cr5                    
2019-02-06 13:28:26,880 DEBUG n.e.o.t.s.UpdateSvc                 - sacr-cr5:10/2/5 47                                          
2019-02-06 13:28:26,880 DEBUG n.e.o.t.s.UpdateSvc                 - sacr-cr5:3/1/1 47                                           
2019-02-06 13:28:26,880 DEBUG n.e.o.t.s.UpdateSvc                 - sacr-cr5:4/1/1 47                                           
2019-02-06 13:28:26,881 DEBUG n.e.o.t.s.UpdateSvc                 - sacr-cr5:10/2/6 47                                          
2019-02-06 13:28:26,885 INFO  n.e.o.t.s.UpdateSvc                 - inserting p: denv-cr5:10/1/7 to denv-cr5                    
2019-02-06 13:28:26,886 DEBUG n.e.o.t.s.UpdateSvc                 - denv-cr5:4/1/1 75                                           
2019-02-06 13:28:26,886 DEBUG n.e.o.t.s.UpdateSvc                 - denv-cr5:10/1/7 75                                          
2019-02-06 13:28:26,886 DEBUG n.e.o.t.s.UpdateSvc                 - denv-cr5:4/2/1 75                                           
2019-02-06 13:28:26,886 DEBUG n.e.o.t.s.UpdateSvc                 - denv-cr5:10/1/6 75                                          
2019-02-06 13:28:26,889 INFO  n.e.o.t.s.UpdateSvc                 - inserting p: llnl-mr2:xe-2/1/0 to llnl-mr2                  
2019-02-06 13:28:26,890 DEBUG n.e.o.t.s.UpdateSvc                 - llnl-mr2:ge-3/0/1 52                                        
2019-02-06 13:28:26,891 DEBUG n.e.o.t.s.UpdateSvc                 - llnl-mr2:xe-2/1/0 52                                        
2019-02-06 13:28:26,891 DEBUG n.e.o.t.s.UpdateSvc                 - llnl-mr2:xe-3/2/0 52                                        
2019-02-06 13:28:26,891 DEBUG n.e.o.t.s.UpdateSvc                 - llnl-mr2:ge-3/0/0 52                                        
2019-02-06 13:28:26,893 INFO  n.e.o.t.s.UpdateSvc                 - inserting p: star-cr5:5/1/1 to star-cr5                     
2019-02-06 13:28:26,895 DEBUG n.e.o.t.s.UpdateSvc                 - star-cr5:3/2/1 76                                           
2019-02-06 13:28:26,896 DEBUG n.e.o.t.s.UpdateSvc                 - star-cr5:5/1/1 76                                           
2019-02-06 13:28:26,897 DEBUG n.e.o.t.s.UpdateSvc                 - star-cr5:3/1/1 76                                           
2019-02-06 13:28:26,900 INFO  n.e.o.t.s.UpdateSvc                 - inserting p: sunn-cr5:5/2/1 to sunn-cr5                     
2019-02-06 13:28:26,903 DEBUG n.e.o.t.s.UpdateSvc                 - sunn-cr5:10/2/4 50                                          
2019-02-06 13:28:26,903 DEBUG n.e.o.t.s.UpdateSvc                 - sunn-cr5:10/2/6 50                                          
2019-02-06 13:28:26,903 DEBUG n.e.o.t.s.UpdateSvc                 - sunn-cr5:10/1/6 50                                          
2019-02-06 13:28:26,903 DEBUG n.e.o.t.s.UpdateSvc                 - sunn-cr5:10/2/3 50                                          
2019-02-06 13:28:26,903 DEBUG n.e.o.t.s.UpdateSvc                 - sunn-cr5:10/2/1 50                                          
2019-02-06 13:28:26,903 DEBUG n.e.o.t.s.UpdateSvc                 - sunn-cr5:10/2/2 50                                          
2019-02-06 13:28:26,903 DEBUG n.e.o.t.s.UpdateSvc                 - sunn-cr5:7/2/1 50                                           
2019-02-06 13:28:26,903 DEBUG n.e.o.t.s.UpdateSvc                 - sunn-cr5:10/1/5 50                                          
2019-02-06 13:28:26,903 DEBUG n.e.o.t.s.UpdateSvc                 - sunn-cr5:10/1/4 50                                          
2019-02-06 13:28:26,903 DEBUG n.e.o.t.s.UpdateSvc                 - sunn-cr5:8/1/1 50                                           
2019-02-06 13:28:26,903 DEBUG n.e.o.t.s.UpdateSvc                 - sunn-cr5:10/1/1 50                                          
2019-02-06 13:28:26,903 DEBUG n.e.o.t.s.UpdateSvc                 - sunn-cr5:10/2/5 50                                          
2019-02-06 13:28:26,903 DEBUG n.e.o.t.s.UpdateSvc                 - sunn-cr5:7/1/1 50                                           
2019-02-06 13:28:26,903 DEBUG n.e.o.t.s.UpdateSvc                 - sunn-cr5:10/1/2 50                                          
2019-02-06 13:28:26,903 DEBUG n.e.o.t.s.UpdateSvc                 - sunn-cr5:10/1/3 50                                          
2019-02-06 13:28:26,903 DEBUG n.e.o.t.s.UpdateSvc                 - sunn-cr5:5/2/1 50                                           
2019-02-06 13:28:26,908 INFO  n.e.o.t.s.UpdateSvc                 - inserting p: sacr-cr5:10/2/1 to sacr-cr5                    
2019-02-06 13:28:26,910 DEBUG n.e.o.t.s.UpdateSvc                 - sacr-cr5:10/2/5 47                                          
2019-02-06 13:28:26,910 DEBUG n.e.o.t.s.UpdateSvc                 - sacr-cr5:3/1/1 47                                           
2019-02-06 13:28:26,910 DEBUG n.e.o.t.s.UpdateSvc                 - sacr-cr5:10/2/1 47                                          
2019-02-06 13:28:26,910 DEBUG n.e.o.t.s.UpdateSvc                 - sacr-cr5:4/1/1 47                                           
2019-02-06 13:28:26,910 DEBUG n.e.o.t.s.UpdateSvc                 - sacr-cr5:10/2/6 47                                          
2019-02-06 13:28:26,913 INFO  n.e.o.t.s.UpdateSvc                 - inserting p: sacr-cr5:10/2/2 to sacr-cr5                    
2019-02-06 13:28:26,914 DEBUG n.e.o.t.s.UpdateSvc                 - sacr-cr5:10/2/5 47                                          
2019-02-06 13:28:26,914 DEBUG n.e.o.t.s.UpdateSvc                 - sacr-cr5:3/1/1 47                                           
2019-02-06 13:28:26,914 DEBUG n.e.o.t.s.UpdateSvc                 - sacr-cr5:10/2/1 47                                          
2019-02-06 13:28:26,914 DEBUG n.e.o.t.s.UpdateSvc                 - sacr-cr5:10/2/2 47                                          
2019-02-06 13:28:26,914 DEBUG n.e.o.t.s.UpdateSvc                 - sacr-cr5:4/1/1 47                                           
2019-02-06 13:28:26,914 DEBUG n.e.o.t.s.UpdateSvc                 - sacr-cr5:10/2/6 47                                          
2019-02-06 13:28:26,917 INFO  n.e.o.t.s.UpdateSvc                 - inserting p: sacr-cr5:10/2/3 to sacr-cr5                    
2019-02-06 13:28:26,919 DEBUG n.e.o.t.s.UpdateSvc                 - sacr-cr5:10/2/5 47                                          
2019-02-06 13:28:26,919 DEBUG n.e.o.t.s.UpdateSvc                 - sacr-cr5:3/1/1 47                                           
2019-02-06 13:28:26,919 DEBUG n.e.o.t.s.UpdateSvc                 - sacr-cr5:10/2/1 47                                          
2019-02-06 13:28:26,919 DEBUG n.e.o.t.s.UpdateSvc                 - sacr-cr5:10/2/2 47                                          
2019-02-06 13:28:26,919 DEBUG n.e.o.t.s.UpdateSvc                 - sacr-cr5:4/1/1 47                                           
2019-02-06 13:28:26,919 DEBUG n.e.o.t.s.UpdateSvc                 - sacr-cr5:10/2/3 47                                          
2019-02-06 13:28:26,919 DEBUG n.e.o.t.s.UpdateSvc                 - sacr-cr5:10/2/6 47                                          
2019-02-06 13:28:26,922 INFO  n.e.o.t.s.UpdateSvc                 - inserting p: sacr-cr5:10/2/4 to sacr-cr5                    
2019-02-06 13:28:26,923 DEBUG n.e.o.t.s.UpdateSvc                 - sacr-cr5:10/2/5 47                                          
2019-02-06 13:28:26,923 DEBUG n.e.o.t.s.UpdateSvc                 - sacr-cr5:3/1/1 47                                           
2019-02-06 13:28:26,923 DEBUG n.e.o.t.s.UpdateSvc                 - sacr-cr5:10/2/1 47                                          
2019-02-06 13:28:26,923 DEBUG n.e.o.t.s.UpdateSvc                 - sacr-cr5:10/2/2 47                                          
2019-02-06 13:28:26,923 DEBUG n.e.o.t.s.UpdateSvc                 - sacr-cr5:4/1/1 47                                           
2019-02-06 13:28:26,923 DEBUG n.e.o.t.s.UpdateSvc                 - sacr-cr5:10/2/3 47                                          
2019-02-06 13:28:26,923 DEBUG n.e.o.t.s.UpdateSvc                 - sacr-cr5:10/2/4 47                                          
2019-02-06 13:28:26,923 DEBUG n.e.o.t.s.UpdateSvc                 - sacr-cr5:10/2/6 47                                          
2019-02-06 13:28:26,926 INFO  n.e.o.t.s.UpdateSvc                 - inserting p: ornl-rt4:ge-0/0/1 to ornl-rt4                  
2019-02-06 13:28:26,927 DEBUG n.e.o.t.s.UpdateSvc                 - ornl-rt4:xe-1/2/0 42                                        
2019-02-06 13:28:26,927 DEBUG n.e.o.t.s.UpdateSvc                 - ornl-rt4:xe-2/3/0 42                                        
2019-02-06 13:28:26,927 DEBUG n.e.o.t.s.UpdateSvc                 - ornl-rt4:ge-0/0/1 42                                        
2019-02-06 13:28:26,930 INFO  n.e.o.t.s.UpdateSvc                 - inserting p: eqx-ash-cr5:1/2/1 to eqx-ash-cr5               
2019-02-06 13:28:26,931 DEBUG n.e.o.t.s.UpdateSvc                 - eqx-ash-cr5:1/2/1 62                                        
2019-02-06 13:28:26,937 INFO  n.e.o.t.s.UpdateSvc                 - inserting p: nersc-mr2:xe-0/2/0 to nersc-mr2                
2019-02-06 13:28:26,939 DEBUG n.e.o.t.s.UpdateSvc                 - nersc-mr2:xe-1/3/0 29                                       
2019-02-06 13:28:26,939 DEBUG n.e.o.t.s.UpdateSvc                 - nersc-mr2:xe-2/2/0 29                                       
2019-02-06 13:28:26,939 DEBUG n.e.o.t.s.UpdateSvc                 - nersc-mr2:xe-7/3/0 29                                       
2019-02-06 13:28:26,939 DEBUG n.e.o.t.s.UpdateSvc                 - nersc-mr2:xe-0/2/0 29                                       
2019-02-06 13:28:26,941 INFO  n.e.o.t.s.UpdateSvc                 - inserting p: eqx-ash-cr5:10/1/6 to eqx-ash-cr5              
2019-02-06 13:28:26,943 DEBUG n.e.o.t.s.UpdateSvc                 - eqx-ash-cr5:1/2/1 62                                        
2019-02-06 13:28:26,943 DEBUG n.e.o.t.s.UpdateSvc                 - eqx-ash-cr5:10/1/6 62                                       
2019-02-06 13:28:26,947 INFO  n.e.o.t.s.UpdateSvc                 - inserting p: albq-cr5:2/1/1 to albq-cr5                     
2019-02-06 13:28:26,948 DEBUG n.e.o.t.s.UpdateSvc                 - albq-cr5:10/1/3 73                                          
2019-02-06 13:28:26,948 DEBUG n.e.o.t.s.UpdateSvc                 - albq-cr5:3/1/1 73                                           
2019-02-06 13:28:26,948 DEBUG n.e.o.t.s.UpdateSvc                 - albq-cr5:10/1/5 73                                          
2019-02-06 13:28:26,948 DEBUG n.e.o.t.s.UpdateSvc                 - albq-cr5:10/1/2 73                                          
2019-02-06 13:28:26,948 DEBUG n.e.o.t.s.UpdateSvc                 - albq-cr5:10/1/4 73                                          
2019-02-06 13:28:26,948 DEBUG n.e.o.t.s.UpdateSvc                 - albq-cr5:2/1/1 73                                           
2019-02-06 13:28:26,954 INFO  n.e.o.t.s.UpdateSvc                 - inserting p: eqx-ash-cr5:10/1/5 to eqx-ash-cr5              
2019-02-06 13:28:26,956 DEBUG n.e.o.t.s.UpdateSvc                 - eqx-ash-cr5:1/2/1 62                                        
2019-02-06 13:28:26,956 DEBUG n.e.o.t.s.UpdateSvc                 - eqx-ash-cr5:10/1/5 62                                       
2019-02-06 13:28:26,957 DEBUG n.e.o.t.s.UpdateSvc                 - eqx-ash-cr5:10/1/6 62                                       
2019-02-06 13:28:26,960 INFO  n.e.o.t.s.UpdateSvc                 - inserting p: eqx-ash-cr5:10/1/2 to eqx-ash-cr5              
2019-02-06 13:28:26,961 DEBUG n.e.o.t.s.UpdateSvc                 - eqx-ash-cr5:1/2/1 62                                        
2019-02-06 13:28:26,961 DEBUG n.e.o.t.s.UpdateSvc                 - eqx-ash-cr5:10/1/2 62                                       
2019-02-06 13:28:26,961 DEBUG n.e.o.t.s.UpdateSvc                 - eqx-ash-cr5:10/1/5 62                                       
2019-02-06 13:28:26,961 DEBUG n.e.o.t.s.UpdateSvc                 - eqx-ash-cr5:10/1/6 62                                       
2019-02-06 13:28:26,964 INFO  n.e.o.t.s.UpdateSvc                 - inserting p: llnl-mr2:xe-1/3/0 to llnl-mr2                  
2019-02-06 13:28:26,967 DEBUG n.e.o.t.s.UpdateSvc                 - llnl-mr2:xe-1/3/0 52                                        
2019-02-06 13:28:26,967 DEBUG n.e.o.t.s.UpdateSvc                 - llnl-mr2:ge-3/0/1 52                                        
2019-02-06 13:28:26,967 DEBUG n.e.o.t.s.UpdateSvc                 - llnl-mr2:xe-2/1/0 52                                        
2019-02-06 13:28:26,967 DEBUG n.e.o.t.s.UpdateSvc                 - llnl-mr2:xe-3/2/0 52                                        
2019-02-06 13:28:26,967 DEBUG n.e.o.t.s.UpdateSvc                 - llnl-mr2:ge-3/0/0 52                                        
2019-02-06 13:28:26,971 INFO  n.e.o.t.s.UpdateSvc                 - inserting p: atla-cr5:10/1/8 to atla-cr5                    
2019-02-06 13:28:26,972 DEBUG n.e.o.t.s.UpdateSvc                 - atla-cr5:1/1/1 41                                           
2019-02-06 13:28:26,972 DEBUG n.e.o.t.s.UpdateSvc                 - atla-cr5:10/1/8 41                                          
2019-02-06 13:28:26,975 INFO  n.e.o.t.s.UpdateSvc                 - inserting p: eqx-ash-cr5:10/1/1 to eqx-ash-cr5              
2019-02-06 13:28:26,977 DEBUG n.e.o.t.s.UpdateSvc                 - eqx-ash-cr5:1/2/1 62                                        
2019-02-06 13:28:26,977 DEBUG n.e.o.t.s.UpdateSvc                 - eqx-ash-cr5:10/1/2 62                                       
2019-02-06 13:28:26,977 DEBUG n.e.o.t.s.UpdateSvc                 - eqx-ash-cr5:10/1/5 62                                       
2019-02-06 13:28:26,977 DEBUG n.e.o.t.s.UpdateSvc                 - eqx-ash-cr5:10/1/1 62                                       
2019-02-06 13:28:26,977 DEBUG n.e.o.t.s.UpdateSvc                 - eqx-ash-cr5:10/1/6 62                                       
2019-02-06 13:28:26,980 INFO  n.e.o.t.s.UpdateSvc                 - inserting p: wash-cr5:6/1/1 to wash-cr5                     
2019-02-06 13:28:26,981 DEBUG n.e.o.t.s.UpdateSvc                 - wash-cr5:10/1/9 36                                          
2019-02-06 13:28:26,981 DEBUG n.e.o.t.s.UpdateSvc                 - wash-cr5:6/1/1 36                                           
2019-02-06 13:28:26,981 DEBUG n.e.o.t.s.UpdateSvc                 - wash-cr5:10/1/5 36                                          
2019-02-06 13:28:26,981 DEBUG n.e.o.t.s.UpdateSvc                 - wash-cr5:10/1/10 36                                         
2019-02-06 13:28:26,981 DEBUG n.e.o.t.s.UpdateSvc                 - wash-cr5:1/1/1 36                                           
2019-02-06 13:28:26,981 DEBUG n.e.o.t.s.UpdateSvc                 - wash-cr5:10/1/4 36                                          
2019-02-06 13:28:26,981 DEBUG n.e.o.t.s.UpdateSvc                 - wash-cr5:10/1/3 36                                          
2019-02-06 13:28:26,988 INFO  n.e.o.t.s.UpdateSvc                 - inserting p: eqx-sj-cr5:1/2/1 to eqx-sj-cr5                 
2019-02-06 13:28:26,989 DEBUG n.e.o.t.s.UpdateSvc                 - eqx-sj-cr5:1/2/1 35                                         
2019-02-06 13:28:26,992 INFO  n.e.o.t.s.UpdateSvc                 - inserting p: bost-cr5:2/1/1 to bost-cr5                     
2019-02-06 13:28:26,993 DEBUG n.e.o.t.s.UpdateSvc                 - bost-cr5:10/1/2 77                                          
2019-02-06 13:28:26,993 DEBUG n.e.o.t.s.UpdateSvc                 - bost-cr5:10/2/3 77                                          
2019-02-06 13:28:26,993 DEBUG n.e.o.t.s.UpdateSvc                 - bost-cr5:2/1/1 77                                           
2019-02-06 13:28:26,993 DEBUG n.e.o.t.s.UpdateSvc                 - bost-cr5:10/1/6 77                                          
2019-02-06 13:28:26,993 DEBUG n.e.o.t.s.UpdateSvc                 - bost-cr5:10/1/5 77                                          
2019-02-06 13:28:26,996 INFO  n.e.o.t.s.UpdateSvc                 - inserting p: chic-cr5:1/1/1 to chic-cr5                     
2019-02-06 13:28:26,997 DEBUG n.e.o.t.s.UpdateSvc                 - chic-cr5:7/1/1 55                                           
2019-02-06 13:28:26,997 DEBUG n.e.o.t.s.UpdateSvc                 - chic-cr5:6/1/1 55                                           
2019-02-06 13:28:26,998 DEBUG n.e.o.t.s.UpdateSvc                 - chic-cr5:1/1/1 55                                           
2019-02-06 13:28:26,998 DEBUG n.e.o.t.s.UpdateSvc                 - chic-cr5:BLANK 55                                           
2019-02-06 13:28:26,998 DEBUG n.e.o.t.s.UpdateSvc                 - chic-cr5:6/2/1 55                                           
2019-02-06 13:28:27,002 INFO  n.e.o.t.s.UpdateSvc                 - inserting p: atla-cr5:10/1/2 to atla-cr5                    
2019-02-06 13:28:27,004 DEBUG n.e.o.t.s.UpdateSvc                 - atla-cr5:10/1/2 41                                          
2019-02-06 13:28:27,004 DEBUG n.e.o.t.s.UpdateSvc                 - atla-cr5:1/1/1 41                                           
2019-02-06 13:28:27,004 DEBUG n.e.o.t.s.UpdateSvc                 - atla-cr5:10/1/8 41                                          
2019-02-06 13:28:27,007 INFO  n.e.o.t.s.UpdateSvc                 - inserting p: atla-cr5:3/1/1 to atla-cr5                     
2019-02-06 13:28:27,008 DEBUG n.e.o.t.s.UpdateSvc                 - atla-cr5:10/1/2 41                                          
2019-02-06 13:28:27,008 DEBUG n.e.o.t.s.UpdateSvc                 - atla-cr5:1/1/1 41                                           
2019-02-06 13:28:27,008 DEBUG n.e.o.t.s.UpdateSvc                 - atla-cr5:3/1/1 41                                           
2019-02-06 13:28:27,009 DEBUG n.e.o.t.s.UpdateSvc                 - atla-cr5:10/1/8 41                                          
2019-02-06 13:28:27,012 INFO  n.e.o.t.s.UpdateSvc                 - inserting p: atla-cr5:10/1/3 to atla-cr5                    
2019-02-06 13:28:27,012 DEBUG n.e.o.t.s.UpdateSvc                 - atla-cr5:10/1/2 41                                          
2019-02-06 13:28:27,012 DEBUG n.e.o.t.s.UpdateSvc                 - atla-cr5:1/1/1 41                                           
2019-02-06 13:28:27,012 DEBUG n.e.o.t.s.UpdateSvc                 - atla-cr5:3/1/1 41                                           
2019-02-06 13:28:27,012 DEBUG n.e.o.t.s.UpdateSvc                 - atla-cr5:10/1/3 41                                          
2019-02-06 13:28:27,012 DEBUG n.e.o.t.s.UpdateSvc                 - atla-cr5:10/1/8 41                                          
2019-02-06 13:28:27,016 INFO  n.e.o.t.s.UpdateSvc                 - inserting p: sacr-cr5:10/1/1 to sacr-cr5                    
2019-02-06 13:28:27,017 DEBUG n.e.o.t.s.UpdateSvc                 - sacr-cr5:10/2/5 47                                          
2019-02-06 13:28:27,017 DEBUG n.e.o.t.s.UpdateSvc                 - sacr-cr5:10/1/1 47                                          
2019-02-06 13:28:27,017 DEBUG n.e.o.t.s.UpdateSvc                 - sacr-cr5:3/1/1 47                                           
2019-02-06 13:28:27,018 DEBUG n.e.o.t.s.UpdateSvc                 - sacr-cr5:10/2/1 47                                          
2019-02-06 13:28:27,018 DEBUG n.e.o.t.s.UpdateSvc                 - sacr-cr5:10/2/2 47                                          
2019-02-06 13:28:27,018 DEBUG n.e.o.t.s.UpdateSvc                 - sacr-cr5:4/1/1 47                                           
2019-02-06 13:28:27,018 DEBUG n.e.o.t.s.UpdateSvc                 - sacr-cr5:10/2/3 47                                          
2019-02-06 13:28:27,018 DEBUG n.e.o.t.s.UpdateSvc                 - sacr-cr5:10/2/4 47                                          
2019-02-06 13:28:27,018 DEBUG n.e.o.t.s.UpdateSvc                 - sacr-cr5:10/2/6 47                                          
2019-02-06 13:28:27,021 INFO  n.e.o.t.s.UpdateSvc                 - inserting p: newy-cr5:4/1/1 to newy-cr5                     
2019-02-06 13:28:27,023 DEBUG n.e.o.t.s.UpdateSvc                 - newy-cr5:10/1/3 59                                          
2019-02-06 13:28:27,023 DEBUG n.e.o.t.s.UpdateSvc                 - newy-cr5:3/1/1 59                                           
2019-02-06 13:28:27,023 DEBUG n.e.o.t.s.UpdateSvc                 - newy-cr5:9/1/4 59                                           
2019-02-06 13:28:27,023 DEBUG n.e.o.t.s.UpdateSvc                 - newy-cr5:2/1/1 59                                           
2019-02-06 13:28:27,023 DEBUG n.e.o.t.s.UpdateSvc                 - newy-cr5:10/1/9 59                                          
2019-02-06 13:28:27,023 DEBUG n.e.o.t.s.UpdateSvc                 - newy-cr5:10/1/2 59                                          
2019-02-06 13:28:27,023 DEBUG n.e.o.t.s.UpdateSvc                 - newy-cr5:4/1/1 59                                           
2019-02-06 13:28:27,023 DEBUG n.e.o.t.s.UpdateSvc                 - newy-cr5:9/1/1 59                                           
2019-02-06 13:28:27,031 INFO  n.e.o.t.s.UpdateSvc                 - inserting p: sacr-cr5:10/1/6 to sacr-cr5                    
2019-02-06 13:28:27,032 DEBUG n.e.o.t.s.UpdateSvc                 - sacr-cr5:10/2/5 47                                          
2019-02-06 13:28:27,032 DEBUG n.e.o.t.s.UpdateSvc                 - sacr-cr5:10/1/1 47                                          
2019-02-06 13:28:27,032 DEBUG n.e.o.t.s.UpdateSvc                 - sacr-cr5:3/1/1 47                                           
2019-02-06 13:28:27,032 DEBUG n.e.o.t.s.UpdateSvc                 - sacr-cr5:10/2/1 47                                          
2019-02-06 13:28:27,032 DEBUG n.e.o.t.s.UpdateSvc                 - sacr-cr5:10/2/2 47                                          
2019-02-06 13:28:27,032 DEBUG n.e.o.t.s.UpdateSvc                 - sacr-cr5:4/1/1 47                                           
2019-02-06 13:28:27,032 DEBUG n.e.o.t.s.UpdateSvc                 - sacr-cr5:10/2/3 47                                          
2019-02-06 13:28:27,032 DEBUG n.e.o.t.s.UpdateSvc                 - sacr-cr5:10/2/4 47                                          
2019-02-06 13:28:27,033 DEBUG n.e.o.t.s.UpdateSvc                 - sacr-cr5:10/2/6 47                                          
2019-02-06 13:28:27,033 DEBUG n.e.o.t.s.UpdateSvc                 - sacr-cr5:10/1/6 47                                          
2019-02-06 13:28:27,039 INFO  n.e.o.t.s.UpdateSvc                 - inserting p: llnl-mr2:xe-2/2/0 to llnl-mr2                  
2019-02-06 13:28:27,041 DEBUG n.e.o.t.s.UpdateSvc                 - llnl-mr2:xe-1/3/0 52                                        
2019-02-06 13:28:27,041 DEBUG n.e.o.t.s.UpdateSvc                 - llnl-mr2:ge-3/0/1 52                                        
2019-02-06 13:28:27,041 DEBUG n.e.o.t.s.UpdateSvc                 - llnl-mr2:xe-2/1/0 52                                        
2019-02-06 13:28:27,041 DEBUG n.e.o.t.s.UpdateSvc                 - llnl-mr2:xe-2/2/0 52                                        
2019-02-06 13:28:27,041 DEBUG n.e.o.t.s.UpdateSvc                 - llnl-mr2:xe-3/2/0 52                                        
2019-02-06 13:28:27,041 DEBUG n.e.o.t.s.UpdateSvc                 - llnl-mr2:ge-3/0/0 52                                        
2019-02-06 13:28:27,045 INFO  n.e.o.t.s.UpdateSvc                 - inserting p: chic-cr5:8/1/1 to chic-cr5                     
2019-02-06 13:28:27,047 DEBUG n.e.o.t.s.UpdateSvc                 - chic-cr5:7/1/1 55                                           
2019-02-06 13:28:27,047 DEBUG n.e.o.t.s.UpdateSvc                 - chic-cr5:6/1/1 55                                           
2019-02-06 13:28:27,047 DEBUG n.e.o.t.s.UpdateSvc                 - chic-cr5:1/1/1 55                                           
2019-02-06 13:28:27,047 DEBUG n.e.o.t.s.UpdateSvc                 - chic-cr5:BLANK 55                                           
2019-02-06 13:28:27,047 DEBUG n.e.o.t.s.UpdateSvc                 - chic-cr5:6/2/1 55                                           
2019-02-06 13:28:27,047 DEBUG n.e.o.t.s.UpdateSvc                 - chic-cr5:8/1/1 55                                           
2019-02-06 13:28:27,051 INFO  n.e.o.t.s.UpdateSvc                 - inserting p: sacr-cr5:10/1/2 to sacr-cr5                    
2019-02-06 13:28:27,054 DEBUG n.e.o.t.s.UpdateSvc                 - sacr-cr5:10/2/5 47                                          
2019-02-06 13:28:27,054 DEBUG n.e.o.t.s.UpdateSvc                 - sacr-cr5:10/1/1 47                                          
2019-02-06 13:28:27,054 DEBUG n.e.o.t.s.UpdateSvc                 - sacr-cr5:3/1/1 47                                           
2019-02-06 13:28:27,054 DEBUG n.e.o.t.s.UpdateSvc                 - sacr-cr5:10/2/1 47                                          
2019-02-06 13:28:27,054 DEBUG n.e.o.t.s.UpdateSvc                 - sacr-cr5:10/2/2 47                                          
2019-02-06 13:28:27,054 DEBUG n.e.o.t.s.UpdateSvc                 - sacr-cr5:4/1/1 47                                           
2019-02-06 13:28:27,054 DEBUG n.e.o.t.s.UpdateSvc                 - sacr-cr5:10/2/3 47                                          
2019-02-06 13:28:27,054 DEBUG n.e.o.t.s.UpdateSvc                 - sacr-cr5:10/2/4 47                                          
2019-02-06 13:28:27,054 DEBUG n.e.o.t.s.UpdateSvc                 - sacr-cr5:10/2/6 47                                          
2019-02-06 13:28:27,054 DEBUG n.e.o.t.s.UpdateSvc                 - sacr-cr5:10/1/6 47                                          
2019-02-06 13:28:27,054 DEBUG n.e.o.t.s.UpdateSvc                 - sacr-cr5:10/1/2 47                                          
2019-02-06 13:28:27,060 INFO  n.e.o.t.s.UpdateSvc                 - inserting p: sacr-cr5:10/1/4 to sacr-cr5                    
2019-02-06 13:28:27,062 DEBUG n.e.o.t.s.UpdateSvc                 - sacr-cr5:10/2/5 47                                          
2019-02-06 13:28:27,062 DEBUG n.e.o.t.s.UpdateSvc                 - sacr-cr5:10/1/1 47                                          
2019-02-06 13:28:27,062 DEBUG n.e.o.t.s.UpdateSvc                 - sacr-cr5:3/1/1 47                                           
2019-02-06 13:28:27,062 DEBUG n.e.o.t.s.UpdateSvc                 - sacr-cr5:10/2/1 47                                          
2019-02-06 13:28:27,062 DEBUG n.e.o.t.s.UpdateSvc                 - sacr-cr5:10/2/2 47                                          
2019-02-06 13:28:27,062 DEBUG n.e.o.t.s.UpdateSvc                 - sacr-cr5:4/1/1 47                                           
2019-02-06 13:28:27,062 DEBUG n.e.o.t.s.UpdateSvc                 - sacr-cr5:10/2/3 47                                          
2019-02-06 13:28:27,062 DEBUG n.e.o.t.s.UpdateSvc                 - sacr-cr5:10/2/4 47                                          
2019-02-06 13:28:27,062 DEBUG n.e.o.t.s.UpdateSvc                 - sacr-cr5:10/2/6 47                                          
2019-02-06 13:28:27,062 DEBUG n.e.o.t.s.UpdateSvc                 - sacr-cr5:10/1/6 47                                          
2019-02-06 13:28:27,062 DEBUG n.e.o.t.s.UpdateSvc                 - sacr-cr5:10/1/2 47                                          
2019-02-06 13:28:27,062 DEBUG n.e.o.t.s.UpdateSvc                 - sacr-cr5:10/1/4 47                                          
2019-02-06 13:28:27,066 INFO  n.e.o.t.s.UpdateSvc                 - inserting p: cern-773-cr5:BLANK to cern-773-cr5             
2019-02-06 13:28:27,067 DEBUG n.e.o.t.s.UpdateSvc                 - cern-773-cr5:10/1/1 44                                      
2019-02-06 13:28:27,068 DEBUG n.e.o.t.s.UpdateSvc                 - cern-773-cr5:10/1/3 44                                      
2019-02-06 13:28:27,068 DEBUG n.e.o.t.s.UpdateSvc                 - cern-773-cr5:10/1/2 44                                      
2019-02-06 13:28:27,068 DEBUG n.e.o.t.s.UpdateSvc                 - cern-773-cr5:BLANK 44                                       
2019-02-06 13:28:27,072 INFO  n.e.o.t.s.UpdateSvc                 - inserting p: forr-rt2:ge-0/0/5 to forr-rt2                  
2019-02-06 13:28:27,074 DEBUG n.e.o.t.s.UpdateSvc                 - forr-rt2:ge-0/0/5 63                                        
2019-02-06 13:28:27,076 INFO  n.e.o.t.s.UpdateSvc                 - inserting p: forr-rt2:ge-0/0/4 to forr-rt2                  
2019-02-06 13:28:27,078 DEBUG n.e.o.t.s.UpdateSvc                 - forr-rt2:ge-0/0/5 63                                        
2019-02-06 13:28:27,078 DEBUG n.e.o.t.s.UpdateSvc                 - forr-rt2:ge-0/0/4 63                                        
2019-02-06 13:28:27,082 INFO  n.e.o.t.s.UpdateSvc                 - inserting p: eqx-ash-cr5:1/1/1 to eqx-ash-cr5               
2019-02-06 13:28:27,082 DEBUG n.e.o.t.s.UpdateSvc                 - eqx-ash-cr5:1/2/1 62                                        
2019-02-06 13:28:27,082 DEBUG n.e.o.t.s.UpdateSvc                 - eqx-ash-cr5:10/1/2 62                                       
2019-02-06 13:28:27,084 DEBUG n.e.o.t.s.UpdateSvc                 - eqx-ash-cr5:10/1/5 62                                       
2019-02-06 13:28:27,085 DEBUG n.e.o.t.s.UpdateSvc                 - eqx-ash-cr5:1/1/1 62                                        
2019-02-06 13:28:27,086 DEBUG n.e.o.t.s.UpdateSvc                 - eqx-ash-cr5:10/1/1 62                                       
2019-02-06 13:28:27,086 DEBUG n.e.o.t.s.UpdateSvc                 - eqx-ash-cr5:10/1/6 62                                       
2019-02-06 13:28:27,090 INFO  n.e.o.t.s.UpdateSvc                 - inserting p: forr-rt2:ge-0/0/2 to forr-rt2                  
2019-02-06 13:28:27,091 DEBUG n.e.o.t.s.UpdateSvc                 - forr-rt2:ge-0/0/5 63                                        
2019-02-06 13:28:27,092 DEBUG n.e.o.t.s.UpdateSvc                 - forr-rt2:ge-0/0/4 63                                        
2019-02-06 13:28:27,092 DEBUG n.e.o.t.s.UpdateSvc                 - forr-rt2:ge-0/0/2 63                                        
2019-02-06 13:28:27,095 INFO  n.e.o.t.s.UpdateSvc                 - inserting p: forr-rt2:ge-0/0/1 to forr-rt2                  
2019-02-06 13:28:27,095 DEBUG n.e.o.t.s.UpdateSvc                 - forr-rt2:ge-0/0/5 63                                        
2019-02-06 13:28:27,095 DEBUG n.e.o.t.s.UpdateSvc                 - forr-rt2:ge-0/0/4 63                                        
2019-02-06 13:28:27,095 DEBUG n.e.o.t.s.UpdateSvc                 - forr-rt2:ge-0/0/2 63                                        
2019-02-06 13:28:27,096 DEBUG n.e.o.t.s.UpdateSvc                 - forr-rt2:ge-0/0/1 63                                        
2019-02-06 13:28:27,099 INFO  n.e.o.t.s.UpdateSvc                 - inserting p: forr-rt2:ge-0/0/0 to forr-rt2                  
2019-02-06 13:28:27,101 DEBUG n.e.o.t.s.UpdateSvc                 - forr-rt2:ge-0/0/5 63                                        
2019-02-06 13:28:27,101 DEBUG n.e.o.t.s.UpdateSvc                 - forr-rt2:ge-0/0/4 63                                        
2019-02-06 13:28:27,101 DEBUG n.e.o.t.s.UpdateSvc                 - forr-rt2:ge-0/0/2 63                                        
2019-02-06 13:28:27,101 DEBUG n.e.o.t.s.UpdateSvc                 - forr-rt2:ge-0/0/1 63                                        
2019-02-06 13:28:27,101 DEBUG n.e.o.t.s.UpdateSvc                 - forr-rt2:ge-0/0/0 63                                        
2019-02-06 13:28:27,104 INFO  n.e.o.t.s.UpdateSvc                 - inserting p: chic-cr5:7/2/1 to chic-cr5                     
2019-02-06 13:28:27,106 DEBUG n.e.o.t.s.UpdateSvc                 - chic-cr5:7/1/1 55                                           
2019-02-06 13:28:27,106 DEBUG n.e.o.t.s.UpdateSvc                 - chic-cr5:6/1/1 55                                           
2019-02-06 13:28:27,106 DEBUG n.e.o.t.s.UpdateSvc                 - chic-cr5:7/2/1 55                                           
2019-02-06 13:28:27,106 DEBUG n.e.o.t.s.UpdateSvc                 - chic-cr5:1/1/1 55                                           
2019-02-06 13:28:27,106 DEBUG n.e.o.t.s.UpdateSvc                 - chic-cr5:BLANK 55                                           
2019-02-06 13:28:27,106 DEBUG n.e.o.t.s.UpdateSvc                 - chic-cr5:6/2/1 55                                           
2019-02-06 13:28:27,106 DEBUG n.e.o.t.s.UpdateSvc                 - chic-cr5:8/1/1 55                                           
2019-02-06 13:28:27,109 INFO  n.e.o.t.s.UpdateSvc                 - inserting p: nersc-mr2:xe-1/1/0 to nersc-mr2                
2019-02-06 13:28:27,110 DEBUG n.e.o.t.s.UpdateSvc                 - nersc-mr2:xe-1/3/0 29                                       
2019-02-06 13:28:27,110 DEBUG n.e.o.t.s.UpdateSvc                 - nersc-mr2:xe-1/1/0 29                                       
2019-02-06 13:28:27,110 DEBUG n.e.o.t.s.UpdateSvc                 - nersc-mr2:xe-2/2/0 29                                       
2019-02-06 13:28:27,110 DEBUG n.e.o.t.s.UpdateSvc                 - nersc-mr2:xe-7/3/0 29                                       
2019-02-06 13:28:27,110 DEBUG n.e.o.t.s.UpdateSvc                 - nersc-mr2:xe-0/2/0 29                                       
2019-02-06 13:28:27,113 INFO  n.e.o.t.s.UpdateSvc                 - inserting p: amst-cr5:5/1/1 to amst-cr5                     
2019-02-06 13:28:27,114 DEBUG n.e.o.t.s.UpdateSvc                 - amst-cr5:10/2/5 72                                          
2019-02-06 13:28:27,114 DEBUG n.e.o.t.s.UpdateSvc                 - amst-cr5:10/1/2 72                                          
2019-02-06 13:28:27,114 DEBUG n.e.o.t.s.UpdateSvc                 - amst-cr5:5/1/1 72                                           
2019-02-06 13:28:27,114 DEBUG n.e.o.t.s.UpdateSvc                 - amst-cr5:10/1/1 72                                          
2019-02-06 13:28:27,119 INFO  n.e.o.t.s.UpdateSvc                 - inserting p: bois-cr1:xe-0/0/0 to bois-cr1                  
2019-02-06 13:28:27,120 DEBUG n.e.o.t.s.UpdateSvc                 - bois-cr1:xe-7/3/0 39                                        
2019-02-06 13:28:27,121 DEBUG n.e.o.t.s.UpdateSvc                 - bois-cr1:xe-0/0/0 39                                        
2019-02-06 13:28:27,121 DEBUG n.e.o.t.s.UpdateSvc                 - bois-cr1:xe-1/2/0 39                                        
2019-02-06 13:28:27,121 DEBUG n.e.o.t.s.UpdateSvc                 - bois-cr1:xe-7/1/0 39                                        
2019-02-06 13:28:27,124 INFO  n.e.o.t.s.UpdateSvc                 - inserting p: sacr-cr5:1/1/1 to sacr-cr5                     
2019-02-06 13:28:27,125 DEBUG n.e.o.t.s.UpdateSvc                 - sacr-cr5:10/1/1 47                                          
2019-02-06 13:28:27,125 DEBUG n.e.o.t.s.UpdateSvc                 - sacr-cr5:10/2/1 47                                          
2019-02-06 13:28:27,125 DEBUG n.e.o.t.s.UpdateSvc                 - sacr-cr5:10/2/2 47                                          
2019-02-06 13:28:27,125 DEBUG n.e.o.t.s.UpdateSvc                 - sacr-cr5:10/2/4 47                                          
2019-02-06 13:28:27,125 DEBUG n.e.o.t.s.UpdateSvc                 - sacr-cr5:10/2/6 47                                          
2019-02-06 13:28:27,125 DEBUG n.e.o.t.s.UpdateSvc                 - sacr-cr5:1/1/1 47                                           
2019-02-06 13:28:27,125 DEBUG n.e.o.t.s.UpdateSvc                 - sacr-cr5:10/1/4 47                                          
2019-02-06 13:28:27,125 DEBUG n.e.o.t.s.UpdateSvc                 - sacr-cr5:10/2/5 47                                          
2019-02-06 13:28:27,125 DEBUG n.e.o.t.s.UpdateSvc                 - sacr-cr5:3/1/1 47                                           
2019-02-06 13:28:27,125 DEBUG n.e.o.t.s.UpdateSvc                 - sacr-cr5:4/1/1 47                                           
2019-02-06 13:28:27,125 DEBUG n.e.o.t.s.UpdateSvc                 - sacr-cr5:10/2/3 47                                          
2019-02-06 13:28:27,125 DEBUG n.e.o.t.s.UpdateSvc                 - sacr-cr5:10/1/6 47                                          
2019-02-06 13:28:27,125 DEBUG n.e.o.t.s.UpdateSvc                 - sacr-cr5:10/1/2 47                                          
2019-02-06 13:28:27,129 INFO  n.e.o.t.s.UpdateSvc                 - inserting p: ameslab-rt3:xe-1/1/0 to ameslab-rt3            
2019-02-06 13:28:27,131 DEBUG n.e.o.t.s.UpdateSvc                 - ameslab-rt3:xe-1/1/0 67                                     
2019-02-06 13:28:27,131 DEBUG n.e.o.t.s.UpdateSvc                 - ameslab-rt3:xe-1/3/0 67                                     
2019-02-06 13:28:27,135 INFO  n.e.o.t.s.UpdateSvc                 - inserting p: pnwg-cr5:3/1/1 to pnwg-cr5                     
2019-02-06 13:28:27,136 DEBUG n.e.o.t.s.UpdateSvc                 - pnwg-cr5:BLANK 71                                           
2019-02-06 13:28:27,136 DEBUG n.e.o.t.s.UpdateSvc                 - pnwg-cr5:3/1/1 71                                           
2019-02-06 13:28:27,139 INFO  n.e.o.t.s.UpdateSvc                 - inserting p: lbl-mr2:xe-7/2/0 to lbl-mr2                    
2019-02-06 13:28:27,140 DEBUG n.e.o.t.s.UpdateSvc                 - lbl-mr2:xe-7/2/0 74                                         
2019-02-06 13:28:27,140 DEBUG n.e.o.t.s.UpdateSvc                 - lbl-mr2:xe-8/1/0 74                                         
2019-02-06 13:28:27,140 DEBUG n.e.o.t.s.UpdateSvc                 - lbl-mr2:xe-7/0/0 74                                         
2019-02-06 13:28:27,140 DEBUG n.e.o.t.s.UpdateSvc                 - lbl-mr2:xe-0/2/0 74                                         
2019-02-06 13:28:27,140 DEBUG n.e.o.t.s.UpdateSvc                 - lbl-mr2:xe-0/1/0 74                                         
2019-02-06 13:28:27,140 DEBUG n.e.o.t.s.UpdateSvc                 - lbl-mr2:xe-1/1/0 74                                         
2019-02-06 13:28:27,140 DEBUG n.e.o.t.s.UpdateSvc                 - lbl-mr2:xe-8/3/0 74                                         
2019-02-06 13:28:27,143 INFO  n.e.o.t.s.UpdateSvc                 - inserting p: aofa-cr5:4/2/1 to aofa-cr5                     
2019-02-06 13:28:27,144 DEBUG n.e.o.t.s.UpdateSvc                 - aofa-cr5:6/2/1 69                                           
2019-02-06 13:28:27,144 DEBUG n.e.o.t.s.UpdateSvc                 - aofa-cr5:4/2/1 69                                           
2019-02-06 13:28:27,144 DEBUG n.e.o.t.s.UpdateSvc                 - aofa-cr5:10/1/2 69                                          
2019-02-06 13:28:27,144 DEBUG n.e.o.t.s.UpdateSvc                 - aofa-cr5:10/1/9 69                                          
2019-02-06 13:28:27,144 DEBUG n.e.o.t.s.UpdateSvc                 - aofa-cr5:10/1/1 69                                          
2019-02-06 13:28:27,144 DEBUG n.e.o.t.s.UpdateSvc                 - aofa-cr5:10/1/8 69                                          
2019-02-06 13:28:27,144 DEBUG n.e.o.t.s.UpdateSvc                 - aofa-cr5:5/1/1 69                                           
2019-02-06 13:28:27,147 INFO  n.e.o.t.s.UpdateSvc                 - inserting p: cern-513-cr5:2/1/1 to cern-513-cr5             
2019-02-06 13:28:27,148 DEBUG n.e.o.t.s.UpdateSvc                 - cern-513-cr5:1/2/1 34                                       
2019-02-06 13:28:27,148 DEBUG n.e.o.t.s.UpdateSvc                 - cern-513-cr5:2/1/1 34                                       
2019-02-06 13:28:27,148 DEBUG n.e.o.t.s.UpdateSvc                 - cern-513-cr5:1/1/1 34                                       
2019-02-06 13:28:27,154 INFO  n.e.o.t.s.UpdateSvc                 - inserting p: ameslab-rt3:xe-0/2/0 to ameslab-rt3            
2019-02-06 13:28:27,155 DEBUG n.e.o.t.s.UpdateSvc                 - ameslab-rt3:xe-1/1/0 67                                     
2019-02-06 13:28:27,155 DEBUG n.e.o.t.s.UpdateSvc                 - ameslab-rt3:xe-1/3/0 67                                     
2019-02-06 13:28:27,155 DEBUG n.e.o.t.s.UpdateSvc                 - ameslab-rt3:xe-0/2/0 67                                     
2019-02-06 13:28:27,158 INFO  n.e.o.t.s.UpdateSvc                 - inserting p: star-cr5:4/1/1 to star-cr5                     
2019-02-06 13:28:27,159 DEBUG n.e.o.t.s.UpdateSvc                 - star-cr5:3/2/1 76                                           
2019-02-06 13:28:27,159 DEBUG n.e.o.t.s.UpdateSvc                 - star-cr5:5/1/1 76                                           
2019-02-06 13:28:27,159 DEBUG n.e.o.t.s.UpdateSvc                 - star-cr5:3/1/1 76                                           
2019-02-06 13:28:27,159 DEBUG n.e.o.t.s.UpdateSvc                 - star-cr5:4/1/1 76                                           
2019-02-06 13:28:27,162 INFO  n.e.o.t.s.UpdateSvc                 - inserting p: lsvn-cr1:xe-1/2/0 to lsvn-cr1                  
2019-02-06 13:28:27,162 DEBUG n.e.o.t.s.UpdateSvc                 - lsvn-cr1:ge-1/0/1 49                                        
2019-02-06 13:28:27,163 DEBUG n.e.o.t.s.UpdateSvc                 - lsvn-cr1:ge-1/1/1 49                                        
2019-02-06 13:28:27,163 DEBUG n.e.o.t.s.UpdateSvc                 - lsvn-cr1:ge-1/0/0 49                                        
2019-02-06 13:28:27,163 DEBUG n.e.o.t.s.UpdateSvc                 - lsvn-cr1:ge-1/1/5 49                                        
2019-02-06 13:28:27,163 DEBUG n.e.o.t.s.UpdateSvc                 - lsvn-cr1:xe-2/2/0 49                                        
2019-02-06 13:28:27,163 DEBUG n.e.o.t.s.UpdateSvc                 - lsvn-cr1:xe-2/1/0 49                                        
2019-02-06 13:28:27,163 DEBUG n.e.o.t.s.UpdateSvc                 - lsvn-cr1:ge-1/1/0 49                                        
2019-02-06 13:28:27,163 DEBUG n.e.o.t.s.UpdateSvc                 - lsvn-cr1:xe-1/2/0 49                                        
2019-02-06 13:28:27,168 INFO  n.e.o.t.s.UpdateSvc                 - inserting p: newy-cr5:4/2/1 to newy-cr5                     
2019-02-06 13:28:27,170 DEBUG n.e.o.t.s.UpdateSvc                 - newy-cr5:10/1/3 59                                          
2019-02-06 13:28:27,170 DEBUG n.e.o.t.s.UpdateSvc                 - newy-cr5:4/2/1 59                                           
2019-02-06 13:28:27,170 DEBUG n.e.o.t.s.UpdateSvc                 - newy-cr5:3/1/1 59                                           
2019-02-06 13:28:27,170 DEBUG n.e.o.t.s.UpdateSvc                 - newy-cr5:9/1/4 59                                           
2019-02-06 13:28:27,170 DEBUG n.e.o.t.s.UpdateSvc                 - newy-cr5:2/1/1 59                                           
2019-02-06 13:28:27,170 DEBUG n.e.o.t.s.UpdateSvc                 - newy-cr5:10/1/9 59                                          
2019-02-06 13:28:27,170 DEBUG n.e.o.t.s.UpdateSvc                 - newy-cr5:10/1/2 59                                          
2019-02-06 13:28:27,170 DEBUG n.e.o.t.s.UpdateSvc                 - newy-cr5:4/1/1 59                                           
2019-02-06 13:28:27,171 DEBUG n.e.o.t.s.UpdateSvc                 - newy-cr5:9/1/1 59                                           
2019-02-06 13:28:27,174 INFO  n.e.o.t.s.UpdateSvc                 - inserting p: albq-cr5:1/1/1 to albq-cr5                     
2019-02-06 13:28:27,175 DEBUG n.e.o.t.s.UpdateSvc                 - albq-cr5:10/1/3 73                                          
2019-02-06 13:28:27,175 DEBUG n.e.o.t.s.UpdateSvc                 - albq-cr5:3/1/1 73                                           
2019-02-06 13:28:27,175 DEBUG n.e.o.t.s.UpdateSvc                 - albq-cr5:10/1/5 73                                          
2019-02-06 13:28:27,175 DEBUG n.e.o.t.s.UpdateSvc                 - albq-cr5:10/1/2 73                                          
2019-02-06 13:28:27,175 DEBUG n.e.o.t.s.UpdateSvc                 - albq-cr5:1/1/1 73                                           
2019-02-06 13:28:27,175 DEBUG n.e.o.t.s.UpdateSvc                 - albq-cr5:10/1/4 73                                          
2019-02-06 13:28:27,175 DEBUG n.e.o.t.s.UpdateSvc                 - albq-cr5:2/1/1 73                                           
2019-02-06 13:28:27,179 INFO  n.e.o.t.s.UpdateSvc                 - inserting p: pnwg-cr5:1/1/1 to pnwg-cr5                     
2019-02-06 13:28:27,180 DEBUG n.e.o.t.s.UpdateSvc                 - pnwg-cr5:BLANK 71                                           
2019-02-06 13:28:27,180 DEBUG n.e.o.t.s.UpdateSvc                 - pnwg-cr5:3/1/1 71                                           
2019-02-06 13:28:27,180 DEBUG n.e.o.t.s.UpdateSvc                 - pnwg-cr5:1/1/1 71                                           
2019-02-06 13:28:27,185 INFO  n.e.o.t.s.UpdateSvc                 - inserting p: kans-cr5:10/1/4 to kans-cr5                    
2019-02-06 13:28:27,186 DEBUG n.e.o.t.s.UpdateSvc                 - kans-cr5:1/1/1 38                                           
2019-02-06 13:28:27,186 DEBUG n.e.o.t.s.UpdateSvc                 - kans-cr5:10/1/4 38                                          
2019-02-06 13:28:27,189 INFO  n.e.o.t.s.UpdateSvc                 - inserting p: elpa-cr5:10/1/5 to elpa-cr5                    
2019-02-06 13:28:27,190 DEBUG n.e.o.t.s.UpdateSvc                 - elpa-cr5:10/1/5 46                                          
2019-02-06 13:28:27,194 INFO  n.e.o.t.s.UpdateSvc                 - inserting p: kans-cr5:10/1/3 to kans-cr5                    
2019-02-06 13:28:27,195 DEBUG n.e.o.t.s.UpdateSvc                 - kans-cr5:1/1/1 38                                           
2019-02-06 13:28:27,195 DEBUG n.e.o.t.s.UpdateSvc                 - kans-cr5:10/1/3 38                                          
2019-02-06 13:28:27,195 DEBUG n.e.o.t.s.UpdateSvc                 - kans-cr5:10/1/4 38                                          
2019-02-06 13:28:27,198 INFO  n.e.o.t.s.UpdateSvc                 - inserting p: pnwg-cr5:2/2/1 to pnwg-cr5                     
2019-02-06 13:28:27,199 DEBUG n.e.o.t.s.UpdateSvc                 - pnwg-cr5:BLANK 71                                           
2019-02-06 13:28:27,199 DEBUG n.e.o.t.s.UpdateSvc                 - pnwg-cr5:3/1/1 71                                           
2019-02-06 13:28:27,199 DEBUG n.e.o.t.s.UpdateSvc                 - pnwg-cr5:1/1/1 71                                           
2019-02-06 13:28:27,199 DEBUG n.e.o.t.s.UpdateSvc                 - pnwg-cr5:2/2/1 71                                           
2019-02-06 13:28:27,203 INFO  n.e.o.t.s.UpdateSvc                 - inserting p: bois-cr1:xe-0/1/0 to bois-cr1                  
2019-02-06 13:28:27,206 DEBUG n.e.o.t.s.UpdateSvc                 - bois-cr1:xe-7/3/0 39                                        
2019-02-06 13:28:27,206 DEBUG n.e.o.t.s.UpdateSvc                 - bois-cr1:xe-0/0/0 39                                        
2019-02-06 13:28:27,206 DEBUG n.e.o.t.s.UpdateSvc                 - bois-cr1:xe-1/2/0 39                                        
2019-02-06 13:28:27,206 DEBUG n.e.o.t.s.UpdateSvc                 - bois-cr1:xe-0/1/0 39                                        
2019-02-06 13:28:27,206 DEBUG n.e.o.t.s.UpdateSvc                 - bois-cr1:xe-7/1/0 39                                        
2019-02-06 13:28:27,209 INFO  n.e.o.t.s.UpdateSvc                 - inserting p: eqx-ash-cr5:BLANK to eqx-ash-cr5               
2019-02-06 13:28:27,210 DEBUG n.e.o.t.s.UpdateSvc                 - eqx-ash-cr5:BLANK 62                                        
2019-02-06 13:28:27,210 DEBUG n.e.o.t.s.UpdateSvc                 - eqx-ash-cr5:1/2/1 62                                        
2019-02-06 13:28:27,211 DEBUG n.e.o.t.s.UpdateSvc                 - eqx-ash-cr5:10/1/2 62                                       
2019-02-06 13:28:27,211 DEBUG n.e.o.t.s.UpdateSvc                 - eqx-ash-cr5:10/1/5 62                                       
2019-02-06 13:28:27,211 DEBUG n.e.o.t.s.UpdateSvc                 - eqx-ash-cr5:1/1/1 62                                        
2019-02-06 13:28:27,211 DEBUG n.e.o.t.s.UpdateSvc                 - eqx-ash-cr5:10/1/1 62                                       
2019-02-06 13:28:27,211 DEBUG n.e.o.t.s.UpdateSvc                 - eqx-ash-cr5:10/1/6 62                                       
2019-02-06 13:28:27,214 INFO  n.e.o.t.s.UpdateSvc                 - inserting p: bost-cr5:1/1/1 to bost-cr5                     
2019-02-06 13:28:27,215 DEBUG n.e.o.t.s.UpdateSvc                 - bost-cr5:1/1/1 77                                           
2019-02-06 13:28:27,215 DEBUG n.e.o.t.s.UpdateSvc                 - bost-cr5:10/1/2 77                                          
2019-02-06 13:28:27,215 DEBUG n.e.o.t.s.UpdateSvc                 - bost-cr5:10/2/3 77                                          
2019-02-06 13:28:27,215 DEBUG n.e.o.t.s.UpdateSvc                 - bost-cr5:2/1/1 77                                           
2019-02-06 13:28:27,215 DEBUG n.e.o.t.s.UpdateSvc                 - bost-cr5:10/1/6 77                                          
2019-02-06 13:28:27,215 DEBUG n.e.o.t.s.UpdateSvc                 - bost-cr5:10/1/5 77                                          
2019-02-06 13:28:27,221 INFO  n.e.o.t.s.UpdateSvc                 - inserting p: elpa-cr5:10/1/4 to elpa-cr5                    
2019-02-06 13:28:27,222 DEBUG n.e.o.t.s.UpdateSvc                 - elpa-cr5:10/1/5 46                                          
2019-02-06 13:28:27,222 DEBUG n.e.o.t.s.UpdateSvc                 - elpa-cr5:10/1/4 46                                          
2019-02-06 13:28:27,225 INFO  n.e.o.t.s.UpdateSvc                 - inserting p: eqx-sj-cr5:BLANK to eqx-sj-cr5                 
2019-02-06 13:28:27,226 DEBUG n.e.o.t.s.UpdateSvc                 - eqx-sj-cr5:BLANK 35                                         
2019-02-06 13:28:27,226 DEBUG n.e.o.t.s.UpdateSvc                 - eqx-sj-cr5:1/2/1 35                                         
2019-02-06 13:28:27,229 INFO  n.e.o.t.s.UpdateSvc                 - inserting p: elpa-cr5:10/1/3 to elpa-cr5                    
2019-02-06 13:28:27,230 DEBUG n.e.o.t.s.UpdateSvc                 - elpa-cr5:10/1/3 46                                          
2019-02-06 13:28:27,230 DEBUG n.e.o.t.s.UpdateSvc                 - elpa-cr5:10/1/5 46                                          
2019-02-06 13:28:27,230 DEBUG n.e.o.t.s.UpdateSvc                 - elpa-cr5:10/1/4 46                                          
2019-02-06 13:28:27,234 INFO  n.e.o.t.s.UpdateSvc                 - inserting p: ameslab-rt3:xe-1/0/0 to ameslab-rt3            
2019-02-06 13:28:27,236 DEBUG n.e.o.t.s.UpdateSvc                 - ameslab-rt3:xe-1/1/0 67                                     
2019-02-06 13:28:27,236 DEBUG n.e.o.t.s.UpdateSvc                 - ameslab-rt3:xe-1/3/0 67                                     
2019-02-06 13:28:27,236 DEBUG n.e.o.t.s.UpdateSvc                 - ameslab-rt3:xe-0/2/0 67                                     
2019-02-06 13:28:27,236 DEBUG n.e.o.t.s.UpdateSvc                 - ameslab-rt3:xe-1/0/0 67                                     
2019-02-06 13:28:27,239 INFO  n.e.o.t.s.UpdateSvc                 - inserting p: aofa-cr5:4/1/1 to aofa-cr5                     
2019-02-06 13:28:27,240 DEBUG n.e.o.t.s.UpdateSvc                 - aofa-cr5:6/2/1 69                                           
2019-02-06 13:28:27,240 DEBUG n.e.o.t.s.UpdateSvc                 - aofa-cr5:4/2/1 69                                           
2019-02-06 13:28:27,240 DEBUG n.e.o.t.s.UpdateSvc                 - aofa-cr5:10/1/2 69                                          
2019-02-06 13:28:27,240 DEBUG n.e.o.t.s.UpdateSvc                 - aofa-cr5:10/1/9 69                                          
2019-02-06 13:28:27,241 DEBUG n.e.o.t.s.UpdateSvc                 - aofa-cr5:10/1/1 69                                          
2019-02-06 13:28:27,241 DEBUG n.e.o.t.s.UpdateSvc                 - aofa-cr5:10/1/8 69                                          
2019-02-06 13:28:27,241 DEBUG n.e.o.t.s.UpdateSvc                 - aofa-cr5:4/1/1 69                                           
2019-02-06 13:28:27,241 DEBUG n.e.o.t.s.UpdateSvc                 - aofa-cr5:5/1/1 69                                           
2019-02-06 13:28:27,245 INFO  n.e.o.t.s.UpdateSvc                 - inserting p: anl-mr2:ae0 to anl-mr2                         
2019-02-06 13:28:27,246 DEBUG n.e.o.t.s.UpdateSvc                 - anl-mr2:xe-2/3/0 53                                         
2019-02-06 13:28:27,246 DEBUG n.e.o.t.s.UpdateSvc                 - anl-mr2:ae0 53                                              
2019-02-06 13:28:27,249 INFO  n.e.o.t.s.UpdateSvc                 - inserting p: aofa-cr5:3/1/1 to aofa-cr5                     
2019-02-06 13:28:27,252 DEBUG n.e.o.t.s.UpdateSvc                 - aofa-cr5:6/2/1 69                                           
2019-02-06 13:28:27,252 DEBUG n.e.o.t.s.UpdateSvc                 - aofa-cr5:4/2/1 69                                           
2019-02-06 13:28:27,252 DEBUG n.e.o.t.s.UpdateSvc                 - aofa-cr5:10/1/2 69                                          
2019-02-06 13:28:27,252 DEBUG n.e.o.t.s.UpdateSvc                 - aofa-cr5:3/1/1 69                                           
2019-02-06 13:28:27,252 DEBUG n.e.o.t.s.UpdateSvc                 - aofa-cr5:10/1/9 69                                          
2019-02-06 13:28:27,252 DEBUG n.e.o.t.s.UpdateSvc                 - aofa-cr5:10/1/1 69                                          
2019-02-06 13:28:27,252 DEBUG n.e.o.t.s.UpdateSvc                 - aofa-cr5:10/1/8 69                                          
2019-02-06 13:28:27,252 DEBUG n.e.o.t.s.UpdateSvc                 - aofa-cr5:4/1/1 69                                           
2019-02-06 13:28:27,252 DEBUG n.e.o.t.s.UpdateSvc                 - aofa-cr5:5/1/1 69                                           
2019-02-06 13:28:27,257 INFO  n.e.o.t.s.UpdateSvc                 - inserting p: star-cr5:4/2/1 to star-cr5                     
2019-02-06 13:28:27,258 DEBUG n.e.o.t.s.UpdateSvc                 - star-cr5:3/2/1 76                                           
2019-02-06 13:28:27,258 DEBUG n.e.o.t.s.UpdateSvc                 - star-cr5:4/2/1 76                                           
2019-02-06 13:28:27,258 DEBUG n.e.o.t.s.UpdateSvc                 - star-cr5:5/1/1 76                                           
2019-02-06 13:28:27,258 DEBUG n.e.o.t.s.UpdateSvc                 - star-cr5:3/1/1 76                                           
2019-02-06 13:28:27,258 DEBUG n.e.o.t.s.UpdateSvc                 - star-cr5:4/1/1 76                                           
2019-02-06 13:28:27,261 INFO  n.e.o.t.s.UpdateSvc                 - inserting p: osti-rt2:ae0 to osti-rt2                       
2019-02-06 13:28:27,261 DEBUG n.e.o.t.s.UpdateSvc                 - osti-rt2:ae0 70                                             
2019-02-06 13:28:27,264 INFO  n.e.o.t.s.UpdateSvc                 - inserting p: ameslab-rt3:xe-0/1/0 to ameslab-rt3            
2019-02-06 13:28:27,266 DEBUG n.e.o.t.s.UpdateSvc                 - ameslab-rt3:xe-1/1/0 67                                     
2019-02-06 13:28:27,266 DEBUG n.e.o.t.s.UpdateSvc                 - ameslab-rt3:xe-1/3/0 67                                     
2019-02-06 13:28:27,266 DEBUG n.e.o.t.s.UpdateSvc                 - ameslab-rt3:xe-0/1/0 67                                     
2019-02-06 13:28:27,266 DEBUG n.e.o.t.s.UpdateSvc                 - ameslab-rt3:xe-0/2/0 67                                     
2019-02-06 13:28:27,266 DEBUG n.e.o.t.s.UpdateSvc                 - ameslab-rt3:xe-1/0/0 67                                     
2019-02-06 13:28:27,270 INFO  n.e.o.t.s.UpdateSvc                 - inserting p: llnl-mr2:xe-2/0/0 to llnl-mr2                  
2019-02-06 13:28:27,271 DEBUG n.e.o.t.s.UpdateSvc                 - llnl-mr2:xe-1/3/0 52                                        
2019-02-06 13:28:27,271 DEBUG n.e.o.t.s.UpdateSvc                 - llnl-mr2:ge-3/0/1 52                                        
2019-02-06 13:28:27,271 DEBUG n.e.o.t.s.UpdateSvc                 - llnl-mr2:xe-2/1/0 52                                        
2019-02-06 13:28:27,271 DEBUG n.e.o.t.s.UpdateSvc                 - llnl-mr2:xe-2/2/0 52                                        
2019-02-06 13:28:27,271 DEBUG n.e.o.t.s.UpdateSvc                 - llnl-mr2:xe-3/2/0 52                                        
2019-02-06 13:28:27,271 DEBUG n.e.o.t.s.UpdateSvc                 - llnl-mr2:xe-2/0/0 52                                        
2019-02-06 13:28:27,271 DEBUG n.e.o.t.s.UpdateSvc                 - llnl-mr2:ge-3/0/0 52                                        
2019-02-06 13:28:27,274 INFO  n.e.o.t.s.UpdateSvc                 - inserting p: cern-513-cr5:BLANK to cern-513-cr5             
2019-02-06 13:28:27,275 DEBUG n.e.o.t.s.UpdateSvc                 - cern-513-cr5:1/2/1 34                                       
2019-02-06 13:28:27,275 DEBUG n.e.o.t.s.UpdateSvc                 - cern-513-cr5:BLANK 34                                       
2019-02-06 13:28:27,276 DEBUG n.e.o.t.s.UpdateSvc                 - cern-513-cr5:2/1/1 34                                       
2019-02-06 13:28:27,276 DEBUG n.e.o.t.s.UpdateSvc                 - cern-513-cr5:1/1/1 34                                       
2019-02-06 13:28:27,279 INFO  n.e.o.t.s.UpdateSvc                 - inserting p: atla-cr5:2/1/1 to atla-cr5                     
2019-02-06 13:28:27,280 DEBUG n.e.o.t.s.UpdateSvc                 - atla-cr5:10/1/2 41                                          
2019-02-06 13:28:27,280 DEBUG n.e.o.t.s.UpdateSvc                 - atla-cr5:1/1/1 41                                           
2019-02-06 13:28:27,281 DEBUG n.e.o.t.s.UpdateSvc                 - atla-cr5:2/1/1 41                                           
2019-02-06 13:28:27,281 DEBUG n.e.o.t.s.UpdateSvc                 - atla-cr5:3/1/1 41                                           
2019-02-06 13:28:27,281 DEBUG n.e.o.t.s.UpdateSvc                 - atla-cr5:10/1/3 41                                          
2019-02-06 13:28:27,281 DEBUG n.e.o.t.s.UpdateSvc                 - atla-cr5:10/1/8 41                                          
2019-02-06 13:28:27,285 INFO  n.e.o.t.s.UpdateSvc                 - inserting p: sunn-cr5:5/1/1 to sunn-cr5                     
2019-02-06 13:28:27,287 DEBUG n.e.o.t.s.UpdateSvc                 - sunn-cr5:10/2/4 50                                          
2019-02-06 13:28:27,287 DEBUG n.e.o.t.s.UpdateSvc                 - sunn-cr5:10/2/6 50                                          
2019-02-06 13:28:27,287 DEBUG n.e.o.t.s.UpdateSvc                 - sunn-cr5:10/1/6 50                                          
2019-02-06 13:28:27,287 DEBUG n.e.o.t.s.UpdateSvc                 - sunn-cr5:10/2/3 50                                          
2019-02-06 13:28:27,288 DEBUG n.e.o.t.s.UpdateSvc                 - sunn-cr5:10/2/1 50                                          
2019-02-06 13:28:27,288 DEBUG n.e.o.t.s.UpdateSvc                 - sunn-cr5:10/2/2 50                                          
2019-02-06 13:28:27,288 DEBUG n.e.o.t.s.UpdateSvc                 - sunn-cr5:7/2/1 50                                           
2019-02-06 13:28:27,288 DEBUG n.e.o.t.s.UpdateSvc                 - sunn-cr5:10/1/5 50                                          
2019-02-06 13:28:27,288 DEBUG n.e.o.t.s.UpdateSvc                 - sunn-cr5:10/1/4 50                                          
2019-02-06 13:28:27,288 DEBUG n.e.o.t.s.UpdateSvc                 - sunn-cr5:8/1/1 50                                           
2019-02-06 13:28:27,288 DEBUG n.e.o.t.s.UpdateSvc                 - sunn-cr5:10/1/1 50                                          
2019-02-06 13:28:27,288 DEBUG n.e.o.t.s.UpdateSvc                 - sunn-cr5:10/2/5 50                                          
2019-02-06 13:28:27,288 DEBUG n.e.o.t.s.UpdateSvc                 - sunn-cr5:7/1/1 50                                           
2019-02-06 13:28:27,288 DEBUG n.e.o.t.s.UpdateSvc                 - sunn-cr5:10/1/2 50                                          
2019-02-06 13:28:27,288 DEBUG n.e.o.t.s.UpdateSvc                 - sunn-cr5:10/1/3 50                                          
2019-02-06 13:28:27,288 DEBUG n.e.o.t.s.UpdateSvc                 - sunn-cr5:5/2/1 50                                           
2019-02-06 13:28:27,288 DEBUG n.e.o.t.s.UpdateSvc                 - sunn-cr5:5/1/1 50                                           
2019-02-06 13:28:27,291 INFO  n.e.o.t.s.UpdateSvc                 - inserting p: sacr-cr5:2/1/1 to sacr-cr5                     
2019-02-06 13:28:27,292 DEBUG n.e.o.t.s.UpdateSvc                 - sacr-cr5:10/1/1 47                                          
2019-02-06 13:28:27,292 DEBUG n.e.o.t.s.UpdateSvc                 - sacr-cr5:10/2/1 47                                          
2019-02-06 13:28:27,292 DEBUG n.e.o.t.s.UpdateSvc                 - sacr-cr5:10/2/2 47                                          
2019-02-06 13:28:27,292 DEBUG n.e.o.t.s.UpdateSvc                 - sacr-cr5:10/2/4 47                                          
2019-02-06 13:28:27,292 DEBUG n.e.o.t.s.UpdateSvc                 - sacr-cr5:10/2/6 47                                          
2019-02-06 13:28:27,292 DEBUG n.e.o.t.s.UpdateSvc                 - sacr-cr5:1/1/1 47                                           
2019-02-06 13:28:27,292 DEBUG n.e.o.t.s.UpdateSvc                 - sacr-cr5:10/1/4 47                                          
2019-02-06 13:28:27,292 DEBUG n.e.o.t.s.UpdateSvc                 - sacr-cr5:2/1/1 47                                           
2019-02-06 13:28:27,292 DEBUG n.e.o.t.s.UpdateSvc                 - sacr-cr5:10/2/5 47                                          
2019-02-06 13:28:27,292 DEBUG n.e.o.t.s.UpdateSvc                 - sacr-cr5:3/1/1 47                                           
2019-02-06 13:28:27,292 DEBUG n.e.o.t.s.UpdateSvc                 - sacr-cr5:4/1/1 47                                           
2019-02-06 13:28:27,292 DEBUG n.e.o.t.s.UpdateSvc                 - sacr-cr5:10/2/3 47                                          
2019-02-06 13:28:27,292 DEBUG n.e.o.t.s.UpdateSvc                 - sacr-cr5:10/1/6 47                                          
2019-02-06 13:28:27,293 DEBUG n.e.o.t.s.UpdateSvc                 - sacr-cr5:10/1/2 47                                          
2019-02-06 13:28:27,295 INFO  n.e.o.t.s.UpdateSvc                 - inserting p: denv-cr5:10/1/3 to denv-cr5                    
2019-02-06 13:28:27,297 DEBUG n.e.o.t.s.UpdateSvc                 - denv-cr5:4/1/1 75                                           
2019-02-06 13:28:27,297 DEBUG n.e.o.t.s.UpdateSvc                 - denv-cr5:10/1/7 75                                          
2019-02-06 13:28:27,297 DEBUG n.e.o.t.s.UpdateSvc                 - denv-cr5:10/1/3 75                                          
2019-02-06 13:28:27,297 DEBUG n.e.o.t.s.UpdateSvc                 - denv-cr5:4/2/1 75                                           
2019-02-06 13:28:27,297 DEBUG n.e.o.t.s.UpdateSvc                 - denv-cr5:10/1/6 75                                          
2019-02-06 13:28:27,302 INFO  n.e.o.t.s.UpdateSvc                 - inserting p: denv-cr5:10/1/4 to denv-cr5                    
2019-02-06 13:28:27,303 DEBUG n.e.o.t.s.UpdateSvc                 - denv-cr5:4/1/1 75                                           
2019-02-06 13:28:27,303 DEBUG n.e.o.t.s.UpdateSvc                 - denv-cr5:10/1/7 75                                          
2019-02-06 13:28:27,303 DEBUG n.e.o.t.s.UpdateSvc                 - denv-cr5:10/1/3 75                                          
2019-02-06 13:28:27,303 DEBUG n.e.o.t.s.UpdateSvc                 - denv-cr5:10/1/4 75                                          
2019-02-06 13:28:27,303 DEBUG n.e.o.t.s.UpdateSvc                 - denv-cr5:4/2/1 75                                           
2019-02-06 13:28:27,303 DEBUG n.e.o.t.s.UpdateSvc                 - denv-cr5:10/1/6 75                                          
2019-02-06 13:28:27,305 INFO  n.e.o.t.s.UpdateSvc                 - inserting p: denv-cr5:10/1/5 to denv-cr5                    
2019-02-06 13:28:27,306 DEBUG n.e.o.t.s.UpdateSvc                 - denv-cr5:4/1/1 75                                           
2019-02-06 13:28:27,306 DEBUG n.e.o.t.s.UpdateSvc                 - denv-cr5:10/1/7 75                                          
2019-02-06 13:28:27,306 DEBUG n.e.o.t.s.UpdateSvc                 - denv-cr5:10/1/3 75                                          
2019-02-06 13:28:27,306 DEBUG n.e.o.t.s.UpdateSvc                 - denv-cr5:10/1/4 75                                          
2019-02-06 13:28:27,306 DEBUG n.e.o.t.s.UpdateSvc                 - denv-cr5:4/2/1 75                                           
2019-02-06 13:28:27,306 DEBUG n.e.o.t.s.UpdateSvc                 - denv-cr5:10/1/5 75                                          
2019-02-06 13:28:27,306 DEBUG n.e.o.t.s.UpdateSvc                 - denv-cr5:10/1/6 75                                          
2019-02-06 13:28:27,310 INFO  n.e.o.t.s.UpdateSvc                 - inserting p: eqx-ash-cr5:10/2/5 to eqx-ash-cr5              
2019-02-06 13:28:27,311 DEBUG n.e.o.t.s.UpdateSvc                 - eqx-ash-cr5:BLANK 62                                        
2019-02-06 13:28:27,311 DEBUG n.e.o.t.s.UpdateSvc                 - eqx-ash-cr5:1/2/1 62                                        
2019-02-06 13:28:27,311 DEBUG n.e.o.t.s.UpdateSvc                 - eqx-ash-cr5:10/1/2 62                                       
2019-02-06 13:28:27,312 DEBUG n.e.o.t.s.UpdateSvc                 - eqx-ash-cr5:10/1/5 62                                       
2019-02-06 13:28:27,312 DEBUG n.e.o.t.s.UpdateSvc                 - eqx-ash-cr5:10/2/5 62                                       
2019-02-06 13:28:27,312 DEBUG n.e.o.t.s.UpdateSvc                 - eqx-ash-cr5:1/1/1 62                                        
2019-02-06 13:28:27,312 DEBUG n.e.o.t.s.UpdateSvc                 - eqx-ash-cr5:10/1/1 62                                       
2019-02-06 13:28:27,312 DEBUG n.e.o.t.s.UpdateSvc                 - eqx-ash-cr5:10/1/6 62                                       
2019-02-06 13:28:27,315 INFO  n.e.o.t.s.UpdateSvc                 - inserting p: eqx-ash-cr5:10/2/6 to eqx-ash-cr5              
2019-02-06 13:28:27,316 DEBUG n.e.o.t.s.UpdateSvc                 - eqx-ash-cr5:BLANK 62                                        
2019-02-06 13:28:27,317 DEBUG n.e.o.t.s.UpdateSvc                 - eqx-ash-cr5:1/2/1 62                                        
2019-02-06 13:28:27,317 DEBUG n.e.o.t.s.UpdateSvc                 - eqx-ash-cr5:10/1/2 62                                       
2019-02-06 13:28:27,317 DEBUG n.e.o.t.s.UpdateSvc                 - eqx-ash-cr5:10/1/5 62                                       
2019-02-06 13:28:27,317 DEBUG n.e.o.t.s.UpdateSvc                 - eqx-ash-cr5:10/2/6 62                                       
2019-02-06 13:28:27,317 DEBUG n.e.o.t.s.UpdateSvc                 - eqx-ash-cr5:10/2/5 62                                       
2019-02-06 13:28:27,317 DEBUG n.e.o.t.s.UpdateSvc                 - eqx-ash-cr5:1/1/1 62                                        
2019-02-06 13:28:27,317 DEBUG n.e.o.t.s.UpdateSvc                 - eqx-ash-cr5:10/1/1 62                                       
2019-02-06 13:28:27,317 DEBUG n.e.o.t.s.UpdateSvc                 - eqx-ash-cr5:10/1/6 62                                       
2019-02-06 13:28:27,320 INFO  n.e.o.t.s.UpdateSvc                 - inserting p: bois-cr1:xe-0/2/0 to bois-cr1                  
2019-02-06 13:28:27,321 DEBUG n.e.o.t.s.UpdateSvc                 - bois-cr1:xe-7/3/0 39                                        
2019-02-06 13:28:27,321 DEBUG n.e.o.t.s.UpdateSvc                 - bois-cr1:xe-0/0/0 39                                        
2019-02-06 13:28:27,321 DEBUG n.e.o.t.s.UpdateSvc                 - bois-cr1:xe-1/2/0 39                                        
2019-02-06 13:28:27,321 DEBUG n.e.o.t.s.UpdateSvc                 - bois-cr1:xe-0/1/0 39                                        
2019-02-06 13:28:27,322 DEBUG n.e.o.t.s.UpdateSvc                 - bois-cr1:xe-7/1/0 39                                        
2019-02-06 13:28:27,322 DEBUG n.e.o.t.s.UpdateSvc                 - bois-cr1:xe-0/2/0 39                                        
2019-02-06 13:28:27,324 INFO  n.e.o.t.s.UpdateSvc                 - inserting p: pnwg-cr5:2/1/1 to pnwg-cr5                     
2019-02-06 13:28:27,325 DEBUG n.e.o.t.s.UpdateSvc                 - pnwg-cr5:BLANK 71                                           
2019-02-06 13:28:27,326 DEBUG n.e.o.t.s.UpdateSvc                 - pnwg-cr5:2/1/1 71                                           
2019-02-06 13:28:27,326 DEBUG n.e.o.t.s.UpdateSvc                 - pnwg-cr5:3/1/1 71                                           
2019-02-06 13:28:27,326 DEBUG n.e.o.t.s.UpdateSvc                 - pnwg-cr5:1/1/1 71                                           
2019-02-06 13:28:27,326 DEBUG n.e.o.t.s.UpdateSvc                 - pnwg-cr5:2/2/1 71                                           
2019-02-06 13:28:27,329 INFO  n.e.o.t.s.UpdateSvc                 - inserting p: eqx-ash-cr5:10/2/2 to eqx-ash-cr5              
2019-02-06 13:28:27,330 DEBUG n.e.o.t.s.UpdateSvc                 - eqx-ash-cr5:BLANK 62                                        
2019-02-06 13:28:27,330 DEBUG n.e.o.t.s.UpdateSvc                 - eqx-ash-cr5:1/2/1 62                                        
2019-02-06 13:28:27,330 DEBUG n.e.o.t.s.UpdateSvc                 - eqx-ash-cr5:10/1/2 62                                       
2019-02-06 13:28:27,330 DEBUG n.e.o.t.s.UpdateSvc                 - eqx-ash-cr5:10/1/5 62                                       
2019-02-06 13:28:27,330 DEBUG n.e.o.t.s.UpdateSvc                 - eqx-ash-cr5:10/2/6 62                                       
2019-02-06 13:28:27,330 DEBUG n.e.o.t.s.UpdateSvc                 - eqx-ash-cr5:10/2/5 62                                       
2019-02-06 13:28:27,330 DEBUG n.e.o.t.s.UpdateSvc                 - eqx-ash-cr5:10/2/2 62                                       
2019-02-06 13:28:27,331 DEBUG n.e.o.t.s.UpdateSvc                 - eqx-ash-cr5:1/1/1 62                                        
2019-02-06 13:28:27,331 DEBUG n.e.o.t.s.UpdateSvc                 - eqx-ash-cr5:10/1/1 62                                       
2019-02-06 13:28:27,331 DEBUG n.e.o.t.s.UpdateSvc                 - eqx-ash-cr5:10/1/6 62                                       
2019-02-06 13:28:27,334 INFO  n.e.o.t.s.UpdateSvc                 - inserting p: eqx-ash-cr5:2/1/1 to eqx-ash-cr5               
2019-02-06 13:28:27,335 DEBUG n.e.o.t.s.UpdateSvc                 - eqx-ash-cr5:BLANK 62                                        
2019-02-06 13:28:27,335 DEBUG n.e.o.t.s.UpdateSvc                 - eqx-ash-cr5:2/1/1 62                                        
2019-02-06 13:28:27,335 DEBUG n.e.o.t.s.UpdateSvc                 - eqx-ash-cr5:1/2/1 62                                        
2019-02-06 13:28:27,335 DEBUG n.e.o.t.s.UpdateSvc                 - eqx-ash-cr5:10/1/2 62                                       
2019-02-06 13:28:27,335 DEBUG n.e.o.t.s.UpdateSvc                 - eqx-ash-cr5:10/1/5 62                                       
2019-02-06 13:28:27,335 DEBUG n.e.o.t.s.UpdateSvc                 - eqx-ash-cr5:10/2/6 62                                       
2019-02-06 13:28:27,335 DEBUG n.e.o.t.s.UpdateSvc                 - eqx-ash-cr5:10/2/5 62                                       
2019-02-06 13:28:27,335 DEBUG n.e.o.t.s.UpdateSvc                 - eqx-ash-cr5:10/2/2 62                                       
2019-02-06 13:28:27,335 DEBUG n.e.o.t.s.UpdateSvc                 - eqx-ash-cr5:1/1/1 62                                        
2019-02-06 13:28:27,335 DEBUG n.e.o.t.s.UpdateSvc                 - eqx-ash-cr5:10/1/1 62                                       
2019-02-06 13:28:27,335 DEBUG n.e.o.t.s.UpdateSvc                 - eqx-ash-cr5:10/1/6 62                                       
2019-02-06 13:28:27,338 INFO  n.e.o.t.s.UpdateSvc                 - inserting p: ornl-cr5:10/1/1 to ornl-cr5                    
2019-02-06 13:28:27,339 DEBUG n.e.o.t.s.UpdateSvc                 - ornl-cr5:10/1/1 64                                          
2019-02-06 13:28:27,341 INFO  n.e.o.t.s.UpdateSvc                 - inserting p: llnldc-rt4:ge-1/0/0 to llnldc-rt4              
2019-02-06 13:28:27,343 DEBUG n.e.o.t.s.UpdateSvc                 - llnldc-rt4:ge-1/0/0 54                                      
2019-02-06 13:28:27,346 INFO  n.e.o.t.s.UpdateSvc                 - inserting p: ornl-cr5:10/1/2 to ornl-cr5                    
2019-02-06 13:28:27,347 DEBUG n.e.o.t.s.UpdateSvc                 - ornl-cr5:10/1/1 64                                          
2019-02-06 13:28:27,347 DEBUG n.e.o.t.s.UpdateSvc                 - ornl-cr5:10/1/2 64                                          
2019-02-06 13:28:27,350 INFO  n.e.o.t.s.UpdateSvc                 - inserting p: bois-cr1:xe-1/0/0 to bois-cr1                  
2019-02-06 13:28:27,351 DEBUG n.e.o.t.s.UpdateSvc                 - bois-cr1:xe-7/3/0 39                                        
2019-02-06 13:28:27,351 DEBUG n.e.o.t.s.UpdateSvc                 - bois-cr1:xe-0/0/0 39                                        
2019-02-06 13:28:27,351 DEBUG n.e.o.t.s.UpdateSvc                 - bois-cr1:xe-1/2/0 39                                        
2019-02-06 13:28:27,351 DEBUG n.e.o.t.s.UpdateSvc                 - bois-cr1:xe-0/1/0 39                                        
2019-02-06 13:28:27,351 DEBUG n.e.o.t.s.UpdateSvc                 - bois-cr1:xe-1/0/0 39                                        
2019-02-06 13:28:27,351 DEBUG n.e.o.t.s.UpdateSvc                 - bois-cr1:xe-7/1/0 39                                        
2019-02-06 13:28:27,351 DEBUG n.e.o.t.s.UpdateSvc                 - bois-cr1:xe-0/2/0 39                                        
2019-02-06 13:28:27,354 INFO  n.e.o.t.s.UpdateSvc                 - inserting p: ornl-cr5:10/1/3 to ornl-cr5                    
2019-02-06 13:28:27,356 DEBUG n.e.o.t.s.UpdateSvc                 - ornl-cr5:10/1/3 64                                          
2019-02-06 13:28:27,356 DEBUG n.e.o.t.s.UpdateSvc                 - ornl-cr5:10/1/1 64                                          
2019-02-06 13:28:27,356 DEBUG n.e.o.t.s.UpdateSvc                 - ornl-cr5:10/1/2 64                                          
2019-02-06 13:28:27,359 INFO  n.e.o.t.s.UpdateSvc                 - inserting p: lsvn-cr1:xe-2/0/0 to lsvn-cr1                  
2019-02-06 13:28:27,360 DEBUG n.e.o.t.s.UpdateSvc                 - lsvn-cr1:ge-1/0/1 49                                        
2019-02-06 13:28:27,361 DEBUG n.e.o.t.s.UpdateSvc                 - lsvn-cr1:ge-1/1/1 49                                        
2019-02-06 13:28:27,361 DEBUG n.e.o.t.s.UpdateSvc                 - lsvn-cr1:xe-2/0/0 49                                        
2019-02-06 13:28:27,362 DEBUG n.e.o.t.s.UpdateSvc                 - lsvn-cr1:ge-1/0/0 49                                        
2019-02-06 13:28:27,362 DEBUG n.e.o.t.s.UpdateSvc                 - lsvn-cr1:ge-1/1/5 49                                        
2019-02-06 13:28:27,362 DEBUG n.e.o.t.s.UpdateSvc                 - lsvn-cr1:xe-2/2/0 49                                        
2019-02-06 13:28:27,362 DEBUG n.e.o.t.s.UpdateSvc                 - lsvn-cr1:xe-2/1/0 49                                        
2019-02-06 13:28:27,362 DEBUG n.e.o.t.s.UpdateSvc                 - lsvn-cr1:ge-1/1/0 49                                        
2019-02-06 13:28:27,362 DEBUG n.e.o.t.s.UpdateSvc                 - lsvn-cr1:xe-1/2/0 49                                        
2019-02-06 13:28:27,366 INFO  n.e.o.t.s.UpdateSvc                 - inserting p: aofa-cr5:9/1/5 to aofa-cr5                     
2019-02-06 13:28:27,370 DEBUG n.e.o.t.s.UpdateSvc                 - aofa-cr5:6/2/1 69                                           
2019-02-06 13:28:27,370 DEBUG n.e.o.t.s.UpdateSvc                 - aofa-cr5:4/2/1 69                                           
2019-02-06 13:28:27,370 DEBUG n.e.o.t.s.UpdateSvc                 - aofa-cr5:10/1/2 69                                          
2019-02-06 13:28:27,370 DEBUG n.e.o.t.s.UpdateSvc                 - aofa-cr5:3/1/1 69                                           
2019-02-06 13:28:27,370 DEBUG n.e.o.t.s.UpdateSvc                 - aofa-cr5:10/1/9 69                                          
2019-02-06 13:28:27,371 DEBUG n.e.o.t.s.UpdateSvc                 - aofa-cr5:10/1/1 69                                          
2019-02-06 13:28:27,371 DEBUG n.e.o.t.s.UpdateSvc                 - aofa-cr5:10/1/8 69                                          
2019-02-06 13:28:27,371 DEBUG n.e.o.t.s.UpdateSvc                 - aofa-cr5:9/1/5 69                                           
2019-02-06 13:28:27,371 DEBUG n.e.o.t.s.UpdateSvc                 - aofa-cr5:4/1/1 69                                           
2019-02-06 13:28:27,371 DEBUG n.e.o.t.s.UpdateSvc                 - aofa-cr5:5/1/1 69                                           
2019-02-06 13:28:27,374 INFO  n.e.o.t.s.UpdateSvc                 - inserting p: pnwg-cr5:9/1/2 to pnwg-cr5                     
2019-02-06 13:28:27,375 DEBUG n.e.o.t.s.UpdateSvc                 - pnwg-cr5:BLANK 71                                           
2019-02-06 13:28:27,375 DEBUG n.e.o.t.s.UpdateSvc                 - pnwg-cr5:2/1/1 71                                           
2019-02-06 13:28:27,375 DEBUG n.e.o.t.s.UpdateSvc                 - pnwg-cr5:3/1/1 71                                           
2019-02-06 13:28:27,375 DEBUG n.e.o.t.s.UpdateSvc                 - pnwg-cr5:1/1/1 71                                           
2019-02-06 13:28:27,375 DEBUG n.e.o.t.s.UpdateSvc                 - pnwg-cr5:2/2/1 71                                           
2019-02-06 13:28:27,375 DEBUG n.e.o.t.s.UpdateSvc                 - pnwg-cr5:9/1/2 71                                           
2019-02-06 13:28:27,378 INFO  n.e.o.t.s.UpdateSvc                 - inserting p: wash-cr5:4/2/1 to wash-cr5                     
2019-02-06 13:28:27,379 DEBUG n.e.o.t.s.UpdateSvc                 - wash-cr5:10/1/9 36                                          
2019-02-06 13:28:27,379 DEBUG n.e.o.t.s.UpdateSvc                 - wash-cr5:6/1/1 36                                           
2019-02-06 13:28:27,379 DEBUG n.e.o.t.s.UpdateSvc                 - wash-cr5:10/1/5 36                                          
2019-02-06 13:28:27,379 DEBUG n.e.o.t.s.UpdateSvc                 - wash-cr5:10/1/10 36                                         
2019-02-06 13:28:27,379 DEBUG n.e.o.t.s.UpdateSvc                 - wash-cr5:1/1/1 36                                           
2019-02-06 13:28:27,379 DEBUG n.e.o.t.s.UpdateSvc                 - wash-cr5:4/2/1 36                                           
2019-02-06 13:28:27,379 DEBUG n.e.o.t.s.UpdateSvc                 - wash-cr5:10/1/4 36                                          
2019-02-06 13:28:27,379 DEBUG n.e.o.t.s.UpdateSvc                 - wash-cr5:10/1/3 36                                          
2019-02-06 13:28:27,382 INFO  n.e.o.t.s.UpdateSvc                 - inserting p: ameslab-rt3:xe-0/0/0 to ameslab-rt3            
2019-02-06 13:28:27,383 DEBUG n.e.o.t.s.UpdateSvc                 - ameslab-rt3:xe-0/0/0 67                                     
2019-02-06 13:28:27,384 DEBUG n.e.o.t.s.UpdateSvc                 - ameslab-rt3:xe-1/1/0 67                                     
2019-02-06 13:28:27,384 DEBUG n.e.o.t.s.UpdateSvc                 - ameslab-rt3:xe-1/3/0 67                                     
2019-02-06 13:28:27,384 DEBUG n.e.o.t.s.UpdateSvc                 - ameslab-rt3:xe-0/1/0 67                                     
2019-02-06 13:28:27,384 DEBUG n.e.o.t.s.UpdateSvc                 - ameslab-rt3:xe-0/2/0 67                                     
2019-02-06 13:28:27,384 DEBUG n.e.o.t.s.UpdateSvc                 - ameslab-rt3:xe-1/0/0 67                                     
2019-02-06 13:28:27,386 INFO  n.e.o.t.s.UpdateSvc                 - inserting p: snll-mr2:xe-2/2/0 to snll-mr2                  
2019-02-06 13:28:27,387 DEBUG n.e.o.t.s.UpdateSvc                 - snll-mr2:xe-2/2/0 40                                        
2019-02-06 13:28:27,389 INFO  n.e.o.t.s.UpdateSvc                 - inserting p: aofa-cr5:9/1/1 to aofa-cr5                     
2019-02-06 13:28:27,390 DEBUG n.e.o.t.s.UpdateSvc                 - aofa-cr5:6/2/1 69                                           
2019-02-06 13:28:27,390 DEBUG n.e.o.t.s.UpdateSvc                 - aofa-cr5:4/2/1 69                                           
2019-02-06 13:28:27,390 DEBUG n.e.o.t.s.UpdateSvc                 - aofa-cr5:10/1/2 69                                          
2019-02-06 13:28:27,390 DEBUG n.e.o.t.s.UpdateSvc                 - aofa-cr5:9/1/1 69                                           
2019-02-06 13:28:27,390 DEBUG n.e.o.t.s.UpdateSvc                 - aofa-cr5:3/1/1 69                                           
2019-02-06 13:28:27,390 DEBUG n.e.o.t.s.UpdateSvc                 - aofa-cr5:10/1/9 69                                          
2019-02-06 13:28:27,390 DEBUG n.e.o.t.s.UpdateSvc                 - aofa-cr5:10/1/1 69                                          
2019-02-06 13:28:27,390 DEBUG n.e.o.t.s.UpdateSvc                 - aofa-cr5:10/1/8 69                                          
2019-02-06 13:28:27,390 DEBUG n.e.o.t.s.UpdateSvc                 - aofa-cr5:9/1/5 69                                           
2019-02-06 13:28:27,390 DEBUG n.e.o.t.s.UpdateSvc                 - aofa-cr5:4/1/1 69                                           
2019-02-06 13:28:27,390 DEBUG n.e.o.t.s.UpdateSvc                 - aofa-cr5:5/1/1 69                                           
2019-02-06 13:28:27,393 INFO  n.e.o.t.s.UpdateSvc                 - inserting p: anl-mr2:xe-0/1/0 to anl-mr2                    
2019-02-06 13:28:27,394 DEBUG n.e.o.t.s.UpdateSvc                 - anl-mr2:xe-0/1/0 53                                         
2019-02-06 13:28:27,394 DEBUG n.e.o.t.s.UpdateSvc                 - anl-mr2:xe-2/3/0 53                                         
2019-02-06 13:28:27,394 DEBUG n.e.o.t.s.UpdateSvc                 - anl-mr2:ae0 53                                              
2019-02-06 13:28:27,397 INFO  n.e.o.t.s.UpdateSvc                 - inserting p: chic-cr5:10/1/3 to chic-cr5                    
2019-02-06 13:28:27,398 DEBUG n.e.o.t.s.UpdateSvc                 - chic-cr5:7/1/1 55                                           
2019-02-06 13:28:27,398 DEBUG n.e.o.t.s.UpdateSvc                 - chic-cr5:6/1/1 55                                           
2019-02-06 13:28:27,398 DEBUG n.e.o.t.s.UpdateSvc                 - chic-cr5:7/2/1 55                                           
2019-02-06 13:28:27,398 DEBUG n.e.o.t.s.UpdateSvc                 - chic-cr5:10/1/3 55                                          
2019-02-06 13:28:27,398 DEBUG n.e.o.t.s.UpdateSvc                 - chic-cr5:1/1/1 55                                           
2019-02-06 13:28:27,398 DEBUG n.e.o.t.s.UpdateSvc                 - chic-cr5:BLANK 55                                           
2019-02-06 13:28:27,398 DEBUG n.e.o.t.s.UpdateSvc                 - chic-cr5:6/2/1 55                                           
2019-02-06 13:28:27,398 DEBUG n.e.o.t.s.UpdateSvc                 - chic-cr5:8/1/1 55                                           
2019-02-06 13:28:27,402 INFO  n.e.o.t.s.UpdateSvc                 - inserting p: doe-gtn-rt2:ge-0/0/0 to doe-gtn-rt2            
2019-02-06 13:28:27,403 DEBUG n.e.o.t.s.UpdateSvc                 - doe-gtn-rt2:ge-0/0/0 33                                     
2019-02-06 13:28:27,405 INFO  n.e.o.t.s.UpdateSvc                 - inserting p: ornl-cr5:6/1/1 to ornl-cr5                     
2019-02-06 13:28:27,406 DEBUG n.e.o.t.s.UpdateSvc                 - ornl-cr5:10/1/3 64                                          
2019-02-06 13:28:27,406 DEBUG n.e.o.t.s.UpdateSvc                 - ornl-cr5:10/1/1 64                                          
2019-02-06 13:28:27,406 DEBUG n.e.o.t.s.UpdateSvc                 - ornl-cr5:6/1/1 64                                           
2019-02-06 13:28:27,406 DEBUG n.e.o.t.s.UpdateSvc                 - ornl-cr5:10/1/2 64                                          
2019-02-06 13:28:27,409 INFO  n.e.o.t.s.UpdateSvc                 - inserting p: chic-cr5:10/1/1 to chic-cr5                    
2019-02-06 13:28:27,410 DEBUG n.e.o.t.s.UpdateSvc                 - chic-cr5:7/1/1 55                                           
2019-02-06 13:28:27,410 DEBUG n.e.o.t.s.UpdateSvc                 - chic-cr5:6/1/1 55                                           
2019-02-06 13:28:27,410 DEBUG n.e.o.t.s.UpdateSvc                 - chic-cr5:7/2/1 55                                           
2019-02-06 13:28:27,410 DEBUG n.e.o.t.s.UpdateSvc                 - chic-cr5:10/1/3 55                                          
2019-02-06 13:28:27,410 DEBUG n.e.o.t.s.UpdateSvc                 - chic-cr5:10/1/1 55                                          
2019-02-06 13:28:27,410 DEBUG n.e.o.t.s.UpdateSvc                 - chic-cr5:1/1/1 55                                           
2019-02-06 13:28:27,410 DEBUG n.e.o.t.s.UpdateSvc                 - chic-cr5:BLANK 55                                           
2019-02-06 13:28:27,410 DEBUG n.e.o.t.s.UpdateSvc                 - chic-cr5:6/2/1 55                                           
2019-02-06 13:28:27,410 DEBUG n.e.o.t.s.UpdateSvc                 - chic-cr5:8/1/1 55                                           
2019-02-06 13:28:27,413 INFO  n.e.o.t.s.UpdateSvc                 - inserting p: doe-gtn-rt2:ge-0/0/3 to doe-gtn-rt2            
2019-02-06 13:28:27,414 DEBUG n.e.o.t.s.UpdateSvc                 - doe-gtn-rt2:ge-0/0/3 33                                     
2019-02-06 13:28:27,414 DEBUG n.e.o.t.s.UpdateSvc                 - doe-gtn-rt2:ge-0/0/0 33                                     
2019-02-06 13:28:27,417 INFO  n.e.o.t.s.UpdateSvc                 - inserting p: chic-cr5:10/1/7 to chic-cr5                    
2019-02-06 13:28:27,418 DEBUG n.e.o.t.s.UpdateSvc                 - chic-cr5:7/1/1 55                                           
2019-02-06 13:28:27,418 DEBUG n.e.o.t.s.UpdateSvc                 - chic-cr5:6/1/1 55                                           
2019-02-06 13:28:27,418 DEBUG n.e.o.t.s.UpdateSvc                 - chic-cr5:7/2/1 55                                           
2019-02-06 13:28:27,418 DEBUG n.e.o.t.s.UpdateSvc                 - chic-cr5:10/1/3 55                                          
2019-02-06 13:28:27,418 DEBUG n.e.o.t.s.UpdateSvc                 - chic-cr5:10/1/1 55                                          
2019-02-06 13:28:27,418 DEBUG n.e.o.t.s.UpdateSvc                 - chic-cr5:1/1/1 55                                           
2019-02-06 13:28:27,418 DEBUG n.e.o.t.s.UpdateSvc                 - chic-cr5:10/1/7 55                                          
2019-02-06 13:28:27,418 DEBUG n.e.o.t.s.UpdateSvc                 - chic-cr5:BLANK 55                                           
2019-02-06 13:28:27,418 DEBUG n.e.o.t.s.UpdateSvc                 - chic-cr5:6/2/1 55                                           
2019-02-06 13:28:27,418 DEBUG n.e.o.t.s.UpdateSvc                 - chic-cr5:8/1/1 55                                           
2019-02-06 13:28:27,421 INFO  n.e.o.t.s.UpdateSvc                 - inserting p: pantex-rt4:ge-0/1/0 to pantex-rt4              
2019-02-06 13:28:27,422 DEBUG n.e.o.t.s.UpdateSvc                 - pantex-rt4:ge-0/1/0 66                                      
2019-02-06 13:28:27,424 INFO  n.e.o.t.s.UpdateSvc                 - inserting p: chic-cr5:10/1/5 to chic-cr5                    
2019-02-06 13:28:27,425 DEBUG n.e.o.t.s.UpdateSvc                 - chic-cr5:7/1/1 55                                           
2019-02-06 13:28:27,425 DEBUG n.e.o.t.s.UpdateSvc                 - chic-cr5:6/1/1 55                                           
2019-02-06 13:28:27,425 DEBUG n.e.o.t.s.UpdateSvc                 - chic-cr5:7/2/1 55                                           
2019-02-06 13:28:27,425 DEBUG n.e.o.t.s.UpdateSvc                 - chic-cr5:10/1/3 55                                          
2019-02-06 13:28:27,425 DEBUG n.e.o.t.s.UpdateSvc                 - chic-cr5:10/1/1 55                                          
2019-02-06 13:28:27,426 DEBUG n.e.o.t.s.UpdateSvc                 - chic-cr5:1/1/1 55                                           
2019-02-06 13:28:27,426 DEBUG n.e.o.t.s.UpdateSvc                 - chic-cr5:10/1/7 55                                          
2019-02-06 13:28:27,426 DEBUG n.e.o.t.s.UpdateSvc                 - chic-cr5:BLANK 55                                           
2019-02-06 13:28:27,426 DEBUG n.e.o.t.s.UpdateSvc                 - chic-cr5:10/1/5 55                                          
2019-02-06 13:28:27,426 DEBUG n.e.o.t.s.UpdateSvc                 - chic-cr5:6/2/1 55                                           
2019-02-06 13:28:27,426 DEBUG n.e.o.t.s.UpdateSvc                 - chic-cr5:8/1/1 55                                           
2019-02-06 13:28:27,428 INFO  n.e.o.t.s.UpdateSvc                 - inserting p: chic-cr5:10/1/4 to chic-cr5                    
2019-02-06 13:28:27,429 DEBUG n.e.o.t.s.UpdateSvc                 - chic-cr5:7/1/1 55                                           
2019-02-06 13:28:27,429 DEBUG n.e.o.t.s.UpdateSvc                 - chic-cr5:6/1/1 55                                           
2019-02-06 13:28:27,429 DEBUG n.e.o.t.s.UpdateSvc                 - chic-cr5:7/2/1 55                                           
2019-02-06 13:28:27,429 DEBUG n.e.o.t.s.UpdateSvc                 - chic-cr5:10/1/3 55                                          
2019-02-06 13:28:27,429 DEBUG n.e.o.t.s.UpdateSvc                 - chic-cr5:10/1/1 55                                          
2019-02-06 13:28:27,430 DEBUG n.e.o.t.s.UpdateSvc                 - chic-cr5:1/1/1 55                                           
2019-02-06 13:28:27,430 DEBUG n.e.o.t.s.UpdateSvc                 - chic-cr5:10/1/7 55                                          
2019-02-06 13:28:27,430 DEBUG n.e.o.t.s.UpdateSvc                 - chic-cr5:BLANK 55                                           
2019-02-06 13:28:27,430 DEBUG n.e.o.t.s.UpdateSvc                 - chic-cr5:10/1/5 55                                          
2019-02-06 13:28:27,430 DEBUG n.e.o.t.s.UpdateSvc                 - chic-cr5:6/2/1 55                                           
2019-02-06 13:28:27,430 DEBUG n.e.o.t.s.UpdateSvc                 - chic-cr5:10/1/4 55                                          
2019-02-06 13:28:27,430 DEBUG n.e.o.t.s.UpdateSvc                 - chic-cr5:8/1/1 55                                           
2019-02-06 13:28:27,433 INFO  n.e.o.t.s.UpdateSvc                 - inserting p: llnl-mr2:xe-0/1/0 to llnl-mr2                  
2019-02-06 13:28:27,435 DEBUG n.e.o.t.s.UpdateSvc                 - llnl-mr2:xe-1/3/0 52                                        
2019-02-06 13:28:27,435 DEBUG n.e.o.t.s.UpdateSvc                 - llnl-mr2:xe-0/1/0 52                                        
2019-02-06 13:28:27,435 DEBUG n.e.o.t.s.UpdateSvc                 - llnl-mr2:ge-3/0/1 52                                        
2019-02-06 13:28:27,435 DEBUG n.e.o.t.s.UpdateSvc                 - llnl-mr2:xe-2/1/0 52                                        
2019-02-06 13:28:27,435 DEBUG n.e.o.t.s.UpdateSvc                 - llnl-mr2:xe-2/2/0 52                                        
2019-02-06 13:28:27,435 DEBUG n.e.o.t.s.UpdateSvc                 - llnl-mr2:xe-3/2/0 52                                        
2019-02-06 13:28:27,435 DEBUG n.e.o.t.s.UpdateSvc                 - llnl-mr2:xe-2/0/0 52                                        
2019-02-06 13:28:27,435 DEBUG n.e.o.t.s.UpdateSvc                 - llnl-mr2:ge-3/0/0 52                                        
2019-02-06 13:28:27,438 INFO  n.e.o.t.s.UpdateSvc                 - inserting p: cern-773-cr5:1/1/1 to cern-773-cr5             
2019-02-06 13:28:27,439 DEBUG n.e.o.t.s.UpdateSvc                 - cern-773-cr5:1/1/1 44                                       
2019-02-06 13:28:27,439 DEBUG n.e.o.t.s.UpdateSvc                 - cern-773-cr5:10/1/1 44                                      
2019-02-06 13:28:27,439 DEBUG n.e.o.t.s.UpdateSvc                 - cern-773-cr5:10/1/3 44                                      
2019-02-06 13:28:27,439 DEBUG n.e.o.t.s.UpdateSvc                 - cern-773-cr5:10/1/2 44                                      
2019-02-06 13:28:27,439 DEBUG n.e.o.t.s.UpdateSvc                 - cern-773-cr5:BLANK 44                                       
2019-02-06 13:28:27,441 INFO  n.e.o.t.s.UpdateSvc                 - inserting p: cern-513-cr5:5/1/1 to cern-513-cr5             
2019-02-06 13:28:27,442 DEBUG n.e.o.t.s.UpdateSvc                 - cern-513-cr5:1/2/1 34                                       
2019-02-06 13:28:27,442 DEBUG n.e.o.t.s.UpdateSvc                 - cern-513-cr5:BLANK 34                                       
2019-02-06 13:28:27,442 DEBUG n.e.o.t.s.UpdateSvc                 - cern-513-cr5:5/1/1 34                                       
2019-02-06 13:28:27,442 DEBUG n.e.o.t.s.UpdateSvc                 - cern-513-cr5:2/1/1 34                                       
2019-02-06 13:28:27,442 DEBUG n.e.o.t.s.UpdateSvc                 - cern-513-cr5:1/1/1 34                                       
2019-02-06 13:28:27,445 INFO  n.e.o.t.s.UpdateSvc                 - inserting p: nash-cr5:1/2/1 to nash-cr5                     
2019-02-06 13:28:27,447 DEBUG n.e.o.t.s.UpdateSvc                 - nash-cr5:1/2/1 45                                           
2019-02-06 13:28:27,447 DEBUG n.e.o.t.s.UpdateSvc                 - nash-cr5:10/1/5 45                                          
2019-02-06 13:28:27,447 DEBUG n.e.o.t.s.UpdateSvc                 - nash-cr5:10/1/3 45                                          
2019-02-06 13:28:27,447 DEBUG n.e.o.t.s.UpdateSvc                 - nash-cr5:10/1/4 45                                          
2019-02-06 13:28:27,447 DEBUG n.e.o.t.s.UpdateSvc                 - nash-cr5:10/1/6 45                                          
2019-02-06 13:28:27,452 INFO  n.e.o.t.s.UpdateSvc                 - inserting p: lond-cr5:2/2/1 to lond-cr5                     
2019-02-06 13:28:27,452 DEBUG n.e.o.t.s.UpdateSvc                 - lond-cr5:2/2/1 57                                           
2019-02-06 13:28:27,452 DEBUG n.e.o.t.s.UpdateSvc                 - lond-cr5:5/1/1 57                                           
2019-02-06 13:28:27,455 INFO  n.e.o.t.s.UpdateSvc                 - inserting p: snla-rt3:ge-1/0/2 to snla-rt3                  
2019-02-06 13:28:27,456 DEBUG n.e.o.t.s.UpdateSvc                 - snla-rt3:ge-1/0/2 48                                        
2019-02-06 13:28:27,458 INFO  n.e.o.t.s.UpdateSvc                 - inserting p: hous-cr5:3/1/1 to hous-cr5                     
2019-02-06 13:28:27,459 DEBUG n.e.o.t.s.UpdateSvc                 - hous-cr5:10/1/4 68                                          
2019-02-06 13:28:27,459 DEBUG n.e.o.t.s.UpdateSvc                 - hous-cr5:10/1/3 68                                          
2019-02-06 13:28:27,459 DEBUG n.e.o.t.s.UpdateSvc                 - hous-cr5:3/1/1 68                                           
2019-02-06 13:28:27,459 DEBUG n.e.o.t.s.UpdateSvc                 - hous-cr5:1/1/1 68                                           
2019-02-06 13:28:27,462 INFO  n.e.o.t.s.UpdateSvc                 - inserting p: pantex-rt4:ge-0/0/2 to pantex-rt4              
2019-02-06 13:28:27,463 DEBUG n.e.o.t.s.UpdateSvc                 - pantex-rt4:ge-0/1/0 66                                      
2019-02-06 13:28:27,463 DEBUG n.e.o.t.s.UpdateSvc                 - pantex-rt4:ge-0/0/2 66                                      
2019-02-06 13:28:27,467 INFO  n.e.o.t.s.UpdateSvc                 - inserting p: wash-cr5:4/1/1 to wash-cr5                     
2019-02-06 13:28:27,468 DEBUG n.e.o.t.s.UpdateSvc                 - wash-cr5:10/1/9 36                                          
2019-02-06 13:28:27,468 DEBUG n.e.o.t.s.UpdateSvc                 - wash-cr5:6/1/1 36                                           
2019-02-06 13:28:27,468 DEBUG n.e.o.t.s.UpdateSvc                 - wash-cr5:10/1/5 36                                          
2019-02-06 13:28:27,468 DEBUG n.e.o.t.s.UpdateSvc                 - wash-cr5:10/1/10 36                                         
2019-02-06 13:28:27,468 DEBUG n.e.o.t.s.UpdateSvc                 - wash-cr5:4/1/1 36                                           
2019-02-06 13:28:27,468 DEBUG n.e.o.t.s.UpdateSvc                 - wash-cr5:1/1/1 36                                           
2019-02-06 13:28:27,468 DEBUG n.e.o.t.s.UpdateSvc                 - wash-cr5:4/2/1 36                                           
2019-02-06 13:28:27,468 DEBUG n.e.o.t.s.UpdateSvc                 - wash-cr5:10/1/4 36                                          
2019-02-06 13:28:27,468 DEBUG n.e.o.t.s.UpdateSvc                 - wash-cr5:10/1/3 36                                          
2019-02-06 13:28:27,471 INFO  n.e.o.t.s.UpdateSvc                 - inserting p: fnal-mr2:xe-0/0/0 to fnal-mr2                  
2019-02-06 13:28:27,472 DEBUG n.e.o.t.s.UpdateSvc                 - fnal-mr2:xe-0/0/0 65                                        
2019-02-06 13:28:27,472 DEBUG n.e.o.t.s.UpdateSvc                 - fnal-mr2:xe-1/3/0 65                                        
2019-02-06 13:28:27,475 INFO  n.e.o.t.s.UpdateSvc                 - inserting p: snll-mr2:xe-2/3/0 to snll-mr2                  
2019-02-06 13:28:27,476 DEBUG n.e.o.t.s.UpdateSvc                 - snll-mr2:xe-2/2/0 40                                        
2019-02-06 13:28:27,476 DEBUG n.e.o.t.s.UpdateSvc                 - snll-mr2:xe-2/3/0 40                                        
2019-02-06 13:28:27,479 INFO  n.e.o.t.s.UpdateSvc                 - inserting p: doe-gtn-rt2:ge-0/1/3 to doe-gtn-rt2            
2019-02-06 13:28:27,481 DEBUG n.e.o.t.s.UpdateSvc                 - doe-gtn-rt2:ge-0/1/3 33                                     
2019-02-06 13:28:27,481 DEBUG n.e.o.t.s.UpdateSvc                 - doe-gtn-rt2:ge-0/0/3 33                                     
2019-02-06 13:28:27,481 DEBUG n.e.o.t.s.UpdateSvc                 - doe-gtn-rt2:ge-0/0/0 33                                     
2019-02-06 13:28:27,486 INFO  n.e.o.t.s.UpdateSvc                 - inserting p: doe-gtn-rt2:ge-0/1/0 to doe-gtn-rt2            
2019-02-06 13:28:27,487 DEBUG n.e.o.t.s.UpdateSvc                 - doe-gtn-rt2:ge-0/1/3 33                                     
2019-02-06 13:28:27,487 DEBUG n.e.o.t.s.UpdateSvc                 - doe-gtn-rt2:ge-0/0/3 33                                     
2019-02-06 13:28:27,487 DEBUG n.e.o.t.s.UpdateSvc                 - doe-gtn-rt2:ge-0/0/0 33                                     
2019-02-06 13:28:27,487 DEBUG n.e.o.t.s.UpdateSvc                 - doe-gtn-rt2:ge-0/1/0 33                                     
2019-02-06 13:28:27,490 INFO  n.e.o.t.s.UpdateSvc                 - inserting p: jgi-mr2:xe-1/3/0 to jgi-mr2                    
2019-02-06 13:28:27,491 DEBUG n.e.o.t.s.UpdateSvc                 - jgi-mr2:xe-1/3/0 61                                         
2019-02-06 13:28:27,494 INFO  n.e.o.t.s.UpdateSvc                 - inserting p: elpa-cr5:1/1/1 to elpa-cr5                     
2019-02-06 13:28:27,494 DEBUG n.e.o.t.s.UpdateSvc                 - elpa-cr5:10/1/3 46                                          
2019-02-06 13:28:27,495 DEBUG n.e.o.t.s.UpdateSvc                 - elpa-cr5:1/1/1 46                                           
2019-02-06 13:28:27,495 DEBUG n.e.o.t.s.UpdateSvc                 - elpa-cr5:10/1/5 46                                          
2019-02-06 13:28:27,495 DEBUG n.e.o.t.s.UpdateSvc                 - elpa-cr5:10/1/4 46                                          
2019-02-06 13:28:27,497 INFO  n.e.o.t.s.UpdateSvc                 - inserting p: aofa-cr5:2/1/1 to aofa-cr5                     
2019-02-06 13:28:27,498 DEBUG n.e.o.t.s.UpdateSvc                 - aofa-cr5:6/2/1 69                                           
2019-02-06 13:28:27,498 DEBUG n.e.o.t.s.UpdateSvc                 - aofa-cr5:4/2/1 69                                           
2019-02-06 13:28:27,498 DEBUG n.e.o.t.s.UpdateSvc                 - aofa-cr5:10/1/2 69                                          
2019-02-06 13:28:27,498 DEBUG n.e.o.t.s.UpdateSvc                 - aofa-cr5:2/1/1 69                                           
2019-02-06 13:28:27,498 DEBUG n.e.o.t.s.UpdateSvc                 - aofa-cr5:9/1/1 69                                           
2019-02-06 13:28:27,498 DEBUG n.e.o.t.s.UpdateSvc                 - aofa-cr5:3/1/1 69                                           
2019-02-06 13:28:27,498 DEBUG n.e.o.t.s.UpdateSvc                 - aofa-cr5:10/1/9 69                                          
2019-02-06 13:28:27,498 DEBUG n.e.o.t.s.UpdateSvc                 - aofa-cr5:10/1/1 69                                          
2019-02-06 13:28:27,498 DEBUG n.e.o.t.s.UpdateSvc                 - aofa-cr5:10/1/8 69                                          
2019-02-06 13:28:27,498 DEBUG n.e.o.t.s.UpdateSvc                 - aofa-cr5:9/1/5 69                                           
2019-02-06 13:28:27,498 DEBUG n.e.o.t.s.UpdateSvc                 - aofa-cr5:4/1/1 69                                           
2019-02-06 13:28:27,499 DEBUG n.e.o.t.s.UpdateSvc                 - aofa-cr5:5/1/1 69                                           
2019-02-06 13:28:27,506 INFO  n.e.o.t.s.UpdateSvc                 - inserting p: pantex-rt4:ge-0/0/0 to pantex-rt4              
2019-02-06 13:28:27,508 DEBUG n.e.o.t.s.UpdateSvc                 - pantex-rt4:ge-0/0/0 66                                      
2019-02-06 13:28:27,508 DEBUG n.e.o.t.s.UpdateSvc                 - pantex-rt4:ge-0/1/0 66                                      
2019-02-06 13:28:27,508 DEBUG n.e.o.t.s.UpdateSvc                 - pantex-rt4:ge-0/0/2 66                                      
2019-02-06 13:28:27,512 INFO  n.e.o.t.s.UpdateSvc                 - inserting p: pantex-rt4:ge-0/0/1 to pantex-rt4              
2019-02-06 13:28:27,513 DEBUG n.e.o.t.s.UpdateSvc                 - pantex-rt4:ge-0/0/0 66                                      
2019-02-06 13:28:27,513 DEBUG n.e.o.t.s.UpdateSvc                 - pantex-rt4:ge-0/0/1 66                                      
2019-02-06 13:28:27,513 DEBUG n.e.o.t.s.UpdateSvc                 - pantex-rt4:ge-0/1/0 66                                      
2019-02-06 13:28:27,513 DEBUG n.e.o.t.s.UpdateSvc                 - pantex-rt4:ge-0/0/2 66                                      
2019-02-06 13:28:27,520 INFO  n.e.o.t.s.UpdateSvc                 - inserting p: sunn-cr5:4/1/1 to sunn-cr5                     
2019-02-06 13:28:27,521 DEBUG n.e.o.t.s.UpdateSvc                 - sunn-cr5:10/2/4 50                                          
2019-02-06 13:28:27,521 DEBUG n.e.o.t.s.UpdateSvc                 - sunn-cr5:10/2/6 50                                          
2019-02-06 13:28:27,521 DEBUG n.e.o.t.s.UpdateSvc                 - sunn-cr5:10/1/6 50                                          
2019-02-06 13:28:27,521 DEBUG n.e.o.t.s.UpdateSvc                 - sunn-cr5:10/2/3 50                                          
2019-02-06 13:28:27,521 DEBUG n.e.o.t.s.UpdateSvc                 - sunn-cr5:10/2/1 50                                          
2019-02-06 13:28:27,521 DEBUG n.e.o.t.s.UpdateSvc                 - sunn-cr5:10/2/2 50                                          
2019-02-06 13:28:27,522 DEBUG n.e.o.t.s.UpdateSvc                 - sunn-cr5:7/2/1 50                                           
2019-02-06 13:28:27,522 DEBUG n.e.o.t.s.UpdateSvc                 - sunn-cr5:10/1/5 50                                          
2019-02-06 13:28:27,522 DEBUG n.e.o.t.s.UpdateSvc                 - sunn-cr5:10/1/4 50                                          
2019-02-06 13:28:27,522 DEBUG n.e.o.t.s.UpdateSvc                 - sunn-cr5:8/1/1 50                                           
2019-02-06 13:28:27,522 DEBUG n.e.o.t.s.UpdateSvc                 - sunn-cr5:10/1/1 50                                          
2019-02-06 13:28:27,522 DEBUG n.e.o.t.s.UpdateSvc                 - sunn-cr5:10/2/5 50                                          
2019-02-06 13:28:27,522 DEBUG n.e.o.t.s.UpdateSvc                 - sunn-cr5:7/1/1 50                                           
2019-02-06 13:28:27,522 DEBUG n.e.o.t.s.UpdateSvc                 - sunn-cr5:10/1/2 50                                          
2019-02-06 13:28:27,522 DEBUG n.e.o.t.s.UpdateSvc                 - sunn-cr5:10/1/3 50                                          
2019-02-06 13:28:27,522 DEBUG n.e.o.t.s.UpdateSvc                 - sunn-cr5:5/2/1 50                                           
2019-02-06 13:28:27,522 DEBUG n.e.o.t.s.UpdateSvc                 - sunn-cr5:5/1/1 50                                           
2019-02-06 13:28:27,522 DEBUG n.e.o.t.s.UpdateSvc                 - sunn-cr5:4/1/1 50                                           
2019-02-06 13:28:27,529 INFO  n.e.o.t.s.UpdateSvc                 - inserting p: denv-cr5:10/1/12 to denv-cr5                   
2019-02-06 13:28:27,531 DEBUG n.e.o.t.s.UpdateSvc                 - denv-cr5:4/1/1 75                                           
2019-02-06 13:28:27,531 DEBUG n.e.o.t.s.UpdateSvc                 - denv-cr5:10/1/7 75                                          
2019-02-06 13:28:27,531 DEBUG n.e.o.t.s.UpdateSvc                 - denv-cr5:10/1/12 75                                         
2019-02-06 13:28:27,531 DEBUG n.e.o.t.s.UpdateSvc                 - denv-cr5:10/1/3 75                                          
2019-02-06 13:28:27,531 DEBUG n.e.o.t.s.UpdateSvc                 - denv-cr5:10/1/4 75                                          
2019-02-06 13:28:27,531 DEBUG n.e.o.t.s.UpdateSvc                 - denv-cr5:4/2/1 75                                           
2019-02-06 13:28:27,531 DEBUG n.e.o.t.s.UpdateSvc                 - denv-cr5:10/1/5 75                                          
2019-02-06 13:28:27,531 DEBUG n.e.o.t.s.UpdateSvc                 - denv-cr5:10/1/6 75                                          
2019-02-06 13:28:27,537 INFO  n.e.o.t.s.UpdateSvc                 - inserting p: nash-cr5:1/1/1 to nash-cr5                     
2019-02-06 13:28:27,538 DEBUG n.e.o.t.s.UpdateSvc                 - nash-cr5:1/2/1 45                                           
2019-02-06 13:28:27,538 DEBUG n.e.o.t.s.UpdateSvc                 - nash-cr5:10/1/5 45                                          
2019-02-06 13:28:27,539 DEBUG n.e.o.t.s.UpdateSvc                 - nash-cr5:10/1/3 45                                          
2019-02-06 13:28:27,540 DEBUG n.e.o.t.s.UpdateSvc                 - nash-cr5:10/1/4 45                                          
2019-02-06 13:28:27,540 DEBUG n.e.o.t.s.UpdateSvc                 - nash-cr5:10/1/6 45                                          
2019-02-06 13:28:27,540 DEBUG n.e.o.t.s.UpdateSvc                 - nash-cr5:1/1/1 45                                           
2019-02-06 13:28:27,544 INFO  n.e.o.t.s.UpdateSvc                 - inserting p: denv-cr5:10/1/11 to denv-cr5                   
2019-02-06 13:28:27,545 DEBUG n.e.o.t.s.UpdateSvc                 - denv-cr5:4/1/1 75                                           
2019-02-06 13:28:27,545 DEBUG n.e.o.t.s.UpdateSvc                 - denv-cr5:10/1/7 75                                          
2019-02-06 13:28:27,545 DEBUG n.e.o.t.s.UpdateSvc                 - denv-cr5:10/1/11 75                                         
2019-02-06 13:28:27,545 DEBUG n.e.o.t.s.UpdateSvc                 - denv-cr5:10/1/12 75                                         
2019-02-06 13:28:27,545 DEBUG n.e.o.t.s.UpdateSvc                 - denv-cr5:10/1/3 75                                          
2019-02-06 13:28:27,545 DEBUG n.e.o.t.s.UpdateSvc                 - denv-cr5:10/1/4 75                                          
2019-02-06 13:28:27,546 DEBUG n.e.o.t.s.UpdateSvc                 - denv-cr5:4/2/1 75                                           
2019-02-06 13:28:27,546 DEBUG n.e.o.t.s.UpdateSvc                 - denv-cr5:10/1/5 75                                          
2019-02-06 13:28:27,546 DEBUG n.e.o.t.s.UpdateSvc                 - denv-cr5:10/1/6 75                                          
2019-02-06 13:28:27,550 INFO  n.e.o.t.s.UpdateSvc                 - inserting p: lond-cr5:2/1/1 to lond-cr5                     
2019-02-06 13:28:27,551 DEBUG n.e.o.t.s.UpdateSvc                 - lond-cr5:2/2/1 57                                           
2019-02-06 13:28:27,552 DEBUG n.e.o.t.s.UpdateSvc                 - lond-cr5:2/1/1 57                                           
2019-02-06 13:28:27,552 DEBUG n.e.o.t.s.UpdateSvc                 - lond-cr5:5/1/1 57                                           
2019-02-06 13:28:27,557 INFO  n.e.o.t.s.UpdateSvc                 - inserting p: denv-cr5:10/1/10 to denv-cr5                   
2019-02-06 13:28:27,559 DEBUG n.e.o.t.s.UpdateSvc                 - denv-cr5:4/1/1 75                                           
2019-02-06 13:28:27,559 DEBUG n.e.o.t.s.UpdateSvc                 - denv-cr5:10/1/7 75                                          
2019-02-06 13:28:27,559 DEBUG n.e.o.t.s.UpdateSvc                 - denv-cr5:10/1/11 75                                         
2019-02-06 13:28:27,559 DEBUG n.e.o.t.s.UpdateSvc                 - denv-cr5:10/1/12 75                                         
2019-02-06 13:28:27,559 DEBUG n.e.o.t.s.UpdateSvc                 - denv-cr5:10/1/3 75                                          
2019-02-06 13:28:27,559 DEBUG n.e.o.t.s.UpdateSvc                 - denv-cr5:10/1/4 75                                          
2019-02-06 13:28:27,559 DEBUG n.e.o.t.s.UpdateSvc                 - denv-cr5:4/2/1 75                                           
2019-02-06 13:28:27,560 DEBUG n.e.o.t.s.UpdateSvc                 - denv-cr5:10/1/5 75                                          
2019-02-06 13:28:27,560 DEBUG n.e.o.t.s.UpdateSvc                 - denv-cr5:10/1/6 75                                          
2019-02-06 13:28:27,560 DEBUG n.e.o.t.s.UpdateSvc                 - denv-cr5:10/1/10 75                                         
2019-02-06 13:28:27,564 INFO  n.e.o.t.s.UpdateSvc                 - inserting p: cern-513-cr5:4/1/1 to cern-513-cr5             
2019-02-06 13:28:27,565 DEBUG n.e.o.t.s.UpdateSvc                 - cern-513-cr5:1/2/1 34                                       
2019-02-06 13:28:27,565 DEBUG n.e.o.t.s.UpdateSvc                 - cern-513-cr5:BLANK 34                                       
2019-02-06 13:28:27,565 DEBUG n.e.o.t.s.UpdateSvc                 - cern-513-cr5:5/1/1 34                                       
2019-02-06 13:28:27,566 DEBUG n.e.o.t.s.UpdateSvc                 - cern-513-cr5:4/1/1 34                                       
2019-02-06 13:28:27,566 DEBUG n.e.o.t.s.UpdateSvc                 - cern-513-cr5:2/1/1 34                                       
2019-02-06 13:28:27,566 DEBUG n.e.o.t.s.UpdateSvc                 - cern-513-cr5:1/1/1 34                                       
2019-02-06 13:28:27,572 INFO  n.e.o.t.s.UpdateSvc                 - inserting p: chic-cr5:3/1/1 to chic-cr5                     
2019-02-06 13:28:27,573 DEBUG n.e.o.t.s.UpdateSvc                 - chic-cr5:7/1/1 55                                           
2019-02-06 13:28:27,573 DEBUG n.e.o.t.s.UpdateSvc                 - chic-cr5:6/1/1 55                                           
2019-02-06 13:28:27,573 DEBUG n.e.o.t.s.UpdateSvc                 - chic-cr5:10/1/3 55                                          
2019-02-06 13:28:27,573 DEBUG n.e.o.t.s.UpdateSvc                 - chic-cr5:10/1/1 55                                          
2019-02-06 13:28:27,574 DEBUG n.e.o.t.s.UpdateSvc                 - chic-cr5:1/1/1 55                                           
2019-02-06 13:28:27,575 DEBUG n.e.o.t.s.UpdateSvc                 - chic-cr5:BLANK 55                                           
2019-02-06 13:28:27,575 DEBUG n.e.o.t.s.UpdateSvc                 - chic-cr5:10/1/5 55                                          
2019-02-06 13:28:27,575 DEBUG n.e.o.t.s.UpdateSvc                 - chic-cr5:3/1/1 55                                           
2019-02-06 13:28:27,575 DEBUG n.e.o.t.s.UpdateSvc                 - chic-cr5:7/2/1 55                                           
2019-02-06 13:28:27,576 DEBUG n.e.o.t.s.UpdateSvc                 - chic-cr5:10/1/7 55                                          
2019-02-06 13:28:27,576 DEBUG n.e.o.t.s.UpdateSvc                 - chic-cr5:6/2/1 55                                           
2019-02-06 13:28:27,576 DEBUG n.e.o.t.s.UpdateSvc                 - chic-cr5:10/1/4 55                                          
2019-02-06 13:28:27,576 DEBUG n.e.o.t.s.UpdateSvc                 - chic-cr5:8/1/1 55                                           
2019-02-06 13:28:27,580 INFO  n.e.o.t.s.UpdateSvc                 - inserting p: llnl-mr2:xe-1/0/0 to llnl-mr2                  
2019-02-06 13:28:27,581 DEBUG n.e.o.t.s.UpdateSvc                 - llnl-mr2:xe-1/3/0 52                                        
2019-02-06 13:28:27,581 DEBUG n.e.o.t.s.UpdateSvc                 - llnl-mr2:xe-0/1/0 52                                        
2019-02-06 13:28:27,581 DEBUG n.e.o.t.s.UpdateSvc                 - llnl-mr2:ge-3/0/1 52                                        
2019-02-06 13:28:27,581 DEBUG n.e.o.t.s.UpdateSvc                 - llnl-mr2:xe-2/1/0 52                                        
2019-02-06 13:28:27,581 DEBUG n.e.o.t.s.UpdateSvc                 - llnl-mr2:xe-2/2/0 52                                        
2019-02-06 13:28:27,581 DEBUG n.e.o.t.s.UpdateSvc                 - llnl-mr2:xe-3/2/0 52                                        
2019-02-06 13:28:27,582 DEBUG n.e.o.t.s.UpdateSvc                 - llnl-mr2:xe-2/0/0 52                                        
2019-02-06 13:28:27,582 DEBUG n.e.o.t.s.UpdateSvc                 - llnl-mr2:ge-3/0/0 52                                        
2019-02-06 13:28:27,582 DEBUG n.e.o.t.s.UpdateSvc                 - llnl-mr2:xe-1/0/0 52                                        
2019-02-06 13:28:27,587 INFO  n.e.o.t.s.UpdateSvc                 - inserting p: eqx-sj-cr5:10/1/4 to eqx-sj-cr5                
2019-02-06 13:28:27,588 DEBUG n.e.o.t.s.UpdateSvc                 - eqx-sj-cr5:10/1/4 35                                        
2019-02-06 13:28:27,589 DEBUG n.e.o.t.s.UpdateSvc                 - eqx-sj-cr5:BLANK 35                                         
2019-02-06 13:28:27,589 DEBUG n.e.o.t.s.UpdateSvc                 - eqx-sj-cr5:1/2/1 35                                         
2019-02-06 13:28:27,593 INFO  n.e.o.t.s.UpdateSvc                 - inserting p: eqx-sj-cr5:10/1/2 to eqx-sj-cr5                
2019-02-06 13:28:27,594 DEBUG n.e.o.t.s.UpdateSvc                 - eqx-sj-cr5:10/1/4 35                                        
2019-02-06 13:28:27,594 DEBUG n.e.o.t.s.UpdateSvc                 - eqx-sj-cr5:10/1/2 35                                        
2019-02-06 13:28:27,594 DEBUG n.e.o.t.s.UpdateSvc                 - eqx-sj-cr5:BLANK 35                                         
2019-02-06 13:28:27,594 DEBUG n.e.o.t.s.UpdateSvc                 - eqx-sj-cr5:1/2/1 35                                         
2019-02-06 13:28:27,598 INFO  n.e.o.t.s.UpdateSvc                 - inserting p: eqx-sj-cr5:10/1/1 to eqx-sj-cr5                
2019-02-06 13:28:27,599 DEBUG n.e.o.t.s.UpdateSvc                 - eqx-sj-cr5:10/1/4 35                                        
2019-02-06 13:28:27,599 DEBUG n.e.o.t.s.UpdateSvc                 - eqx-sj-cr5:10/1/2 35                                        
2019-02-06 13:28:27,600 DEBUG n.e.o.t.s.UpdateSvc                 - eqx-sj-cr5:BLANK 35                                         
2019-02-06 13:28:27,600 DEBUG n.e.o.t.s.UpdateSvc                 - eqx-sj-cr5:1/2/1 35                                         
2019-02-06 13:28:27,600 DEBUG n.e.o.t.s.UpdateSvc                 - eqx-sj-cr5:10/1/1 35                                        
2019-02-06 13:28:27,604 INFO  n.e.o.t.s.UpdateSvc                 - inserting p: denv-cr5:1/1/1 to denv-cr5                     
2019-02-06 13:28:27,605 DEBUG n.e.o.t.s.UpdateSvc                 - denv-cr5:4/1/1 75                                           
2019-02-06 13:28:27,605 DEBUG n.e.o.t.s.UpdateSvc                 - denv-cr5:10/1/7 75                                          
2019-02-06 13:28:27,605 DEBUG n.e.o.t.s.UpdateSvc                 - denv-cr5:1/1/1 75                                           
2019-02-06 13:28:27,605 DEBUG n.e.o.t.s.UpdateSvc                 - denv-cr5:10/1/11 75                                         
2019-02-06 13:28:27,605 DEBUG n.e.o.t.s.UpdateSvc                 - denv-cr5:10/1/12 75                                         
2019-02-06 13:28:27,605 DEBUG n.e.o.t.s.UpdateSvc                 - denv-cr5:10/1/3 75                                          
2019-02-06 13:28:27,605 DEBUG n.e.o.t.s.UpdateSvc                 - denv-cr5:10/1/4 75                                          
2019-02-06 13:28:27,605 DEBUG n.e.o.t.s.UpdateSvc                 - denv-cr5:4/2/1 75                                           
2019-02-06 13:28:27,605 DEBUG n.e.o.t.s.UpdateSvc                 - denv-cr5:10/1/5 75                                          
2019-02-06 13:28:27,605 DEBUG n.e.o.t.s.UpdateSvc                 - denv-cr5:10/1/6 75                                          
2019-02-06 13:28:27,605 DEBUG n.e.o.t.s.UpdateSvc                 - denv-cr5:10/1/10 75                                         
2019-02-06 13:28:27,608 INFO  n.e.o.t.s.UpdateSvc                 - inserting p: kans-cr5:2/1/1 to kans-cr5                     
2019-02-06 13:28:27,609 DEBUG n.e.o.t.s.UpdateSvc                 - kans-cr5:1/1/1 38                                           
2019-02-06 13:28:27,609 DEBUG n.e.o.t.s.UpdateSvc                 - kans-cr5:10/1/3 38                                          
2019-02-06 13:28:27,609 DEBUG n.e.o.t.s.UpdateSvc                 - kans-cr5:10/1/4 38                                          
2019-02-06 13:28:27,609 DEBUG n.e.o.t.s.UpdateSvc                 - kans-cr5:2/1/1 38                                           
2019-02-06 13:28:27,613 INFO  n.e.o.t.s.UpdateSvc                 - inserting p: llnl-mr2:xe-0/2/0 to llnl-mr2                  
2019-02-06 13:28:27,613 DEBUG n.e.o.t.s.UpdateSvc                 - llnl-mr2:xe-1/3/0 52                                        
2019-02-06 13:28:27,614 DEBUG n.e.o.t.s.UpdateSvc                 - llnl-mr2:xe-0/1/0 52                                        
2019-02-06 13:28:27,614 DEBUG n.e.o.t.s.UpdateSvc                 - llnl-mr2:ge-3/0/1 52                                        
2019-02-06 13:28:27,614 DEBUG n.e.o.t.s.UpdateSvc                 - llnl-mr2:xe-2/1/0 52                                        
2019-02-06 13:28:27,614 DEBUG n.e.o.t.s.UpdateSvc                 - llnl-mr2:xe-2/2/0 52                                        
2019-02-06 13:28:27,614 DEBUG n.e.o.t.s.UpdateSvc                 - llnl-mr2:xe-3/2/0 52                                        
2019-02-06 13:28:27,614 DEBUG n.e.o.t.s.UpdateSvc                 - llnl-mr2:xe-2/0/0 52                                        
2019-02-06 13:28:27,614 DEBUG n.e.o.t.s.UpdateSvc                 - llnl-mr2:ge-3/0/0 52                                        
2019-02-06 13:28:27,614 DEBUG n.e.o.t.s.UpdateSvc                 - llnl-mr2:xe-1/0/0 52                                        
2019-02-06 13:28:27,614 DEBUG n.e.o.t.s.UpdateSvc                 - llnl-mr2:xe-0/2/0 52                                        
2019-02-06 13:28:27,619 INFO  n.e.o.t.s.UpdateSvc                 - inserting p: ornl-cr5:7/1/1 to ornl-cr5                     
2019-02-06 13:28:27,620 DEBUG n.e.o.t.s.UpdateSvc                 - ornl-cr5:10/1/3 64                                          
2019-02-06 13:28:27,620 DEBUG n.e.o.t.s.UpdateSvc                 - ornl-cr5:10/1/1 64                                          
2019-02-06 13:28:27,620 DEBUG n.e.o.t.s.UpdateSvc                 - ornl-cr5:6/1/1 64                                           
2019-02-06 13:28:27,621 DEBUG n.e.o.t.s.UpdateSvc                 - ornl-cr5:10/1/2 64                                          
2019-02-06 13:28:27,621 DEBUG n.e.o.t.s.UpdateSvc                 - ornl-cr5:7/1/1 64                                           
2019-02-06 13:28:27,624 INFO  n.e.o.t.s.UpdateSvc                 - inserting p: ornl-rt4:xe-0/2/0 to ornl-rt4                  
2019-02-06 13:28:27,625 DEBUG n.e.o.t.s.UpdateSvc                 - ornl-rt4:xe-1/2/0 42                                        
2019-02-06 13:28:27,625 DEBUG n.e.o.t.s.UpdateSvc                 - ornl-rt4:xe-0/2/0 42                                        
2019-02-06 13:28:27,625 DEBUG n.e.o.t.s.UpdateSvc                 - ornl-rt4:xe-2/3/0 42                                        
2019-02-06 13:28:27,625 DEBUG n.e.o.t.s.UpdateSvc                 - ornl-rt4:ge-0/0/1 42                                        
2019-02-06 13:28:27,628 INFO  n.e.o.t.s.UpdateSvc                 - inserting p: wash-cr5:5/2/1 to wash-cr5                     
2019-02-06 13:28:27,628 DEBUG n.e.o.t.s.UpdateSvc                 - wash-cr5:10/1/9 36                                          
2019-02-06 13:28:27,628 DEBUG n.e.o.t.s.UpdateSvc                 - wash-cr5:6/1/1 36                                           
2019-02-06 13:28:27,628 DEBUG n.e.o.t.s.UpdateSvc                 - wash-cr5:10/1/5 36                                          
2019-02-06 13:28:27,628 DEBUG n.e.o.t.s.UpdateSvc                 - wash-cr5:10/1/10 36                                         
2019-02-06 13:28:27,628 DEBUG n.e.o.t.s.UpdateSvc                 - wash-cr5:4/1/1 36                                           
2019-02-06 13:28:27,629 DEBUG n.e.o.t.s.UpdateSvc                 - wash-cr5:1/1/1 36                                           
2019-02-06 13:28:27,629 DEBUG n.e.o.t.s.UpdateSvc                 - wash-cr5:4/2/1 36                                           
2019-02-06 13:28:27,629 DEBUG n.e.o.t.s.UpdateSvc                 - wash-cr5:5/2/1 36                                           
2019-02-06 13:28:27,629 DEBUG n.e.o.t.s.UpdateSvc                 - wash-cr5:10/1/4 36                                          
2019-02-06 13:28:27,629 DEBUG n.e.o.t.s.UpdateSvc                 - wash-cr5:10/1/3 36                                          
2019-02-06 13:28:27,633 INFO  n.e.o.t.s.UpdateSvc                 - inserting p: amst-cr5:3/1/1 to amst-cr5                     
2019-02-06 13:28:27,635 DEBUG n.e.o.t.s.UpdateSvc                 - amst-cr5:10/2/5 72                                          
2019-02-06 13:28:27,635 DEBUG n.e.o.t.s.UpdateSvc                 - amst-cr5:10/1/2 72                                          
2019-02-06 13:28:27,635 DEBUG n.e.o.t.s.UpdateSvc                 - amst-cr5:5/1/1 72                                           
2019-02-06 13:28:27,635 DEBUG n.e.o.t.s.UpdateSvc                 - amst-cr5:10/1/1 72                                          
2019-02-06 13:28:27,635 DEBUG n.e.o.t.s.UpdateSvc                 - amst-cr5:3/1/1 72                                           
2019-02-06 13:28:27,639 INFO  n.e.o.t.s.UpdateSvc                 - inserting p: sacr-cr5:5/1/1 to sacr-cr5                     
2019-02-06 13:28:27,640 DEBUG n.e.o.t.s.UpdateSvc                 - sacr-cr5:10/1/1 47                                          
2019-02-06 13:28:27,640 DEBUG n.e.o.t.s.UpdateSvc                 - sacr-cr5:10/2/1 47                                          
2019-02-06 13:28:27,640 DEBUG n.e.o.t.s.UpdateSvc                 - sacr-cr5:10/2/2 47                                          
2019-02-06 13:28:27,640 DEBUG n.e.o.t.s.UpdateSvc                 - sacr-cr5:5/1/1 47                                           
2019-02-06 13:28:27,640 DEBUG n.e.o.t.s.UpdateSvc                 - sacr-cr5:10/2/4 47                                          
2019-02-06 13:28:27,640 DEBUG n.e.o.t.s.UpdateSvc                 - sacr-cr5:10/2/6 47                                          
2019-02-06 13:28:27,640 DEBUG n.e.o.t.s.UpdateSvc                 - sacr-cr5:1/1/1 47                                           
2019-02-06 13:28:27,640 DEBUG n.e.o.t.s.UpdateSvc                 - sacr-cr5:10/1/4 47                                          
2019-02-06 13:28:27,640 DEBUG n.e.o.t.s.UpdateSvc                 - sacr-cr5:2/1/1 47                                           
2019-02-06 13:28:27,640 DEBUG n.e.o.t.s.UpdateSvc                 - sacr-cr5:10/2/5 47                                          
2019-02-06 13:28:27,640 DEBUG n.e.o.t.s.UpdateSvc                 - sacr-cr5:3/1/1 47                                           
2019-02-06 13:28:27,640 DEBUG n.e.o.t.s.UpdateSvc                 - sacr-cr5:4/1/1 47                                           
2019-02-06 13:28:27,640 DEBUG n.e.o.t.s.UpdateSvc                 - sacr-cr5:10/2/3 47                                          
2019-02-06 13:28:27,640 DEBUG n.e.o.t.s.UpdateSvc                 - sacr-cr5:10/1/6 47                                          
2019-02-06 13:28:27,640 DEBUG n.e.o.t.s.UpdateSvc                 - sacr-cr5:10/1/2 47                                          
2019-02-06 13:28:27,644 INFO  n.e.o.t.s.UpdateSvc                 - inserting p: snll-mr2:xe-2/0/0 to snll-mr2                  
2019-02-06 13:28:27,644 DEBUG n.e.o.t.s.UpdateSvc                 - snll-mr2:xe-2/2/0 40                                        
2019-02-06 13:28:27,644 DEBUG n.e.o.t.s.UpdateSvc                 - snll-mr2:xe-2/3/0 40                                        
2019-02-06 13:28:27,644 DEBUG n.e.o.t.s.UpdateSvc                 - snll-mr2:xe-2/0/0 40                                        
2019-02-06 13:28:27,648 INFO  n.e.o.t.s.UpdateSvc                 - inserting p: cern-773-cr5:2/1/1 to cern-773-cr5             
2019-02-06 13:28:27,649 DEBUG n.e.o.t.s.UpdateSvc                 - cern-773-cr5:1/1/1 44                                       
2019-02-06 13:28:27,650 DEBUG n.e.o.t.s.UpdateSvc                 - cern-773-cr5:2/1/1 44                                       
2019-02-06 13:28:27,651 DEBUG n.e.o.t.s.UpdateSvc                 - cern-773-cr5:10/1/1 44                                      
2019-02-06 13:28:27,651 DEBUG n.e.o.t.s.UpdateSvc                 - cern-773-cr5:10/1/3 44                                      
2019-02-06 13:28:27,651 DEBUG n.e.o.t.s.UpdateSvc                 - cern-773-cr5:10/1/2 44                                      
2019-02-06 13:28:27,652 DEBUG n.e.o.t.s.UpdateSvc                 - cern-773-cr5:BLANK 44                                       
2019-02-06 13:28:27,655 INFO  n.e.o.t.s.UpdateSvc                 - inserting p: lond-cr5:10/1/4 to lond-cr5                    
2019-02-06 13:28:27,657 DEBUG n.e.o.t.s.UpdateSvc                 - lond-cr5:2/2/1 57                                           
2019-02-06 13:28:27,657 DEBUG n.e.o.t.s.UpdateSvc                 - lond-cr5:2/1/1 57                                           
2019-02-06 13:28:27,658 DEBUG n.e.o.t.s.UpdateSvc                 - lond-cr5:10/1/4 57                                          
2019-02-06 13:28:27,658 DEBUG n.e.o.t.s.UpdateSvc                 - lond-cr5:5/1/1 57                                           
2019-02-06 13:28:27,661 INFO  n.e.o.t.s.UpdateSvc                 - inserting p: lond-cr5:1/2/1 to lond-cr5                     
2019-02-06 13:28:27,662 DEBUG n.e.o.t.s.UpdateSvc                 - lond-cr5:1/2/1 57                                           
2019-02-06 13:28:27,663 DEBUG n.e.o.t.s.UpdateSvc                 - lond-cr5:2/2/1 57                                           
2019-02-06 13:28:27,664 DEBUG n.e.o.t.s.UpdateSvc                 - lond-cr5:2/1/1 57                                           
2019-02-06 13:28:27,664 DEBUG n.e.o.t.s.UpdateSvc                 - lond-cr5:10/1/4 57                                          
2019-02-06 13:28:27,665 DEBUG n.e.o.t.s.UpdateSvc                 - lond-cr5:5/1/1 57                                           
2019-02-06 13:28:27,669 INFO  n.e.o.t.s.UpdateSvc                 - inserting p: lond-cr5:10/1/2 to lond-cr5                    
2019-02-06 13:28:27,671 DEBUG n.e.o.t.s.UpdateSvc                 - lond-cr5:1/2/1 57                                           
2019-02-06 13:28:27,671 DEBUG n.e.o.t.s.UpdateSvc                 - lond-cr5:2/2/1 57                                           
2019-02-06 13:28:27,671 DEBUG n.e.o.t.s.UpdateSvc                 - lond-cr5:2/1/1 57                                           
2019-02-06 13:28:27,671 DEBUG n.e.o.t.s.UpdateSvc                 - lond-cr5:10/1/4 57                                          
2019-02-06 13:28:27,671 DEBUG n.e.o.t.s.UpdateSvc                 - lond-cr5:10/1/2 57                                          
2019-02-06 13:28:27,671 DEBUG n.e.o.t.s.UpdateSvc                 - lond-cr5:5/1/1 57                                           
2019-02-06 13:28:27,675 INFO  n.e.o.t.s.UpdateSvc                 - inserting p: star-cr5:BLANK to star-cr5                     
2019-02-06 13:28:27,676 DEBUG n.e.o.t.s.UpdateSvc                 - star-cr5:3/2/1 76                                           
2019-02-06 13:28:27,676 DEBUG n.e.o.t.s.UpdateSvc                 - star-cr5:4/2/1 76                                           
2019-02-06 13:28:27,677 DEBUG n.e.o.t.s.UpdateSvc                 - star-cr5:BLANK 76                                           
2019-02-06 13:28:27,677 DEBUG n.e.o.t.s.UpdateSvc                 - star-cr5:5/1/1 76                                           
2019-02-06 13:28:27,677 DEBUG n.e.o.t.s.UpdateSvc                 - star-cr5:3/1/1 76                                           
2019-02-06 13:28:27,677 DEBUG n.e.o.t.s.UpdateSvc                 - star-cr5:4/1/1 76                                           
2019-02-06 13:28:27,683 INFO  n.e.o.t.s.UpdateSvc                 - inserting p: lond-cr5:10/1/1 to lond-cr5                    
2019-02-06 13:28:27,685 DEBUG n.e.o.t.s.UpdateSvc                 - lond-cr5:1/2/1 57                                           
2019-02-06 13:28:27,686 DEBUG n.e.o.t.s.UpdateSvc                 - lond-cr5:2/2/1 57                                           
2019-02-06 13:28:27,686 DEBUG n.e.o.t.s.UpdateSvc                 - lond-cr5:10/1/1 57                                          
2019-02-06 13:28:27,686 DEBUG n.e.o.t.s.UpdateSvc                 - lond-cr5:2/1/1 57                                           
2019-02-06 13:28:27,687 DEBUG n.e.o.t.s.UpdateSvc                 - lond-cr5:10/1/4 57                                          
2019-02-06 13:28:27,687 DEBUG n.e.o.t.s.UpdateSvc                 - lond-cr5:10/1/2 57                                          
2019-02-06 13:28:27,687 DEBUG n.e.o.t.s.UpdateSvc                 - lond-cr5:5/1/1 57                                           
2019-02-06 13:28:27,692 INFO  n.e.o.t.s.UpdateSvc                 - inserting p: star-cr5:6/1/1 to star-cr5                     
2019-02-06 13:28:27,694 DEBUG n.e.o.t.s.UpdateSvc                 - star-cr5:3/2/1 76                                           
2019-02-06 13:28:27,694 DEBUG n.e.o.t.s.UpdateSvc                 - star-cr5:4/2/1 76                                           
2019-02-06 13:28:27,694 DEBUG n.e.o.t.s.UpdateSvc                 - star-cr5:BLANK 76                                           
2019-02-06 13:28:27,694 DEBUG n.e.o.t.s.UpdateSvc                 - star-cr5:5/1/1 76                                           
2019-02-06 13:28:27,694 DEBUG n.e.o.t.s.UpdateSvc                 - star-cr5:3/1/1 76                                           
2019-02-06 13:28:27,694 DEBUG n.e.o.t.s.UpdateSvc                 - star-cr5:4/1/1 76                                           
2019-02-06 13:28:27,694 DEBUG n.e.o.t.s.UpdateSvc                 - star-cr5:6/1/1 76                                           
2019-02-06 13:28:27,700 INFO  n.e.o.t.s.UpdateSvc                 - inserting p: star-cr5:10/1/1 to star-cr5                    
2019-02-06 13:28:27,701 DEBUG n.e.o.t.s.UpdateSvc                 - star-cr5:3/2/1 76                                           
2019-02-06 13:28:27,701 DEBUG n.e.o.t.s.UpdateSvc                 - star-cr5:4/2/1 76                                           
2019-02-06 13:28:27,701 DEBUG n.e.o.t.s.UpdateSvc                 - star-cr5:BLANK 76                                           
2019-02-06 13:28:27,701 DEBUG n.e.o.t.s.UpdateSvc                 - star-cr5:10/1/1 76                                          
2019-02-06 13:28:27,702 DEBUG n.e.o.t.s.UpdateSvc                 - star-cr5:5/1/1 76                                           
2019-02-06 13:28:27,702 DEBUG n.e.o.t.s.UpdateSvc                 - star-cr5:3/1/1 76                                           
2019-02-06 13:28:27,702 DEBUG n.e.o.t.s.UpdateSvc                 - star-cr5:4/1/1 76                                           
2019-02-06 13:28:27,702 DEBUG n.e.o.t.s.UpdateSvc                 - star-cr5:6/1/1 76                                           
2019-02-06 13:28:27,709 INFO  n.e.o.t.s.UpdateSvc                 - inserting p: nash-cr5:2/1/1 to nash-cr5                     
2019-02-06 13:28:27,710 DEBUG n.e.o.t.s.UpdateSvc                 - nash-cr5:1/2/1 45                                           
2019-02-06 13:28:27,710 DEBUG n.e.o.t.s.UpdateSvc                 - nash-cr5:10/1/5 45                                          
2019-02-06 13:28:27,710 DEBUG n.e.o.t.s.UpdateSvc                 - nash-cr5:10/1/3 45                                          
2019-02-06 13:28:27,711 DEBUG n.e.o.t.s.UpdateSvc                 - nash-cr5:10/1/4 45                                          
2019-02-06 13:28:27,711 DEBUG n.e.o.t.s.UpdateSvc                 - nash-cr5:2/1/1 45                                           
2019-02-06 13:28:27,711 DEBUG n.e.o.t.s.UpdateSvc                 - nash-cr5:10/1/6 45                                          
2019-02-06 13:28:27,711 DEBUG n.e.o.t.s.UpdateSvc                 - nash-cr5:1/1/1 45                                           
2019-02-06 13:28:27,718 INFO  n.e.o.t.s.UpdateSvc                 - inserting p: snll-mr2:xe-1/2/0 to snll-mr2                  
2019-02-06 13:28:27,719 DEBUG n.e.o.t.s.UpdateSvc                 - snll-mr2:xe-2/2/0 40                                        
2019-02-06 13:28:27,719 DEBUG n.e.o.t.s.UpdateSvc                 - snll-mr2:xe-2/3/0 40                                        
2019-02-06 13:28:27,720 DEBUG n.e.o.t.s.UpdateSvc                 - snll-mr2:xe-2/0/0 40                                        
2019-02-06 13:28:27,720 DEBUG n.e.o.t.s.UpdateSvc                 - snll-mr2:xe-1/2/0 40                                        
2019-02-06 13:28:27,724 INFO  n.e.o.t.s.UpdateSvc                 - inserting p: star-cr5:10/1/7 to star-cr5                    
2019-02-06 13:28:27,726 DEBUG n.e.o.t.s.UpdateSvc                 - star-cr5:3/2/1 76                                           
2019-02-06 13:28:27,726 DEBUG n.e.o.t.s.UpdateSvc                 - star-cr5:4/2/1 76                                           
2019-02-06 13:28:27,726 DEBUG n.e.o.t.s.UpdateSvc                 - star-cr5:BLANK 76                                           
2019-02-06 13:28:27,726 DEBUG n.e.o.t.s.UpdateSvc                 - star-cr5:10/1/1 76                                          
2019-02-06 13:28:27,726 DEBUG n.e.o.t.s.UpdateSvc                 - star-cr5:5/1/1 76                                           
2019-02-06 13:28:27,726 DEBUG n.e.o.t.s.UpdateSvc                 - star-cr5:3/1/1 76                                           
2019-02-06 13:28:27,727 DEBUG n.e.o.t.s.UpdateSvc                 - star-cr5:4/1/1 76                                           
2019-02-06 13:28:27,727 DEBUG n.e.o.t.s.UpdateSvc                 - star-cr5:6/1/1 76                                           
2019-02-06 13:28:27,727 DEBUG n.e.o.t.s.UpdateSvc                 - star-cr5:10/1/7 76                                          
2019-02-06 13:28:27,734 INFO  n.e.o.t.s.UpdateSvc                 - inserting p: star-cr5:10/1/8 to star-cr5                    
2019-02-06 13:28:27,736 DEBUG n.e.o.t.s.UpdateSvc                 - star-cr5:3/2/1 76                                           
2019-02-06 13:28:27,736 DEBUG n.e.o.t.s.UpdateSvc                 - star-cr5:4/2/1 76                                           
2019-02-06 13:28:27,736 DEBUG n.e.o.t.s.UpdateSvc                 - star-cr5:BLANK 76                                           
2019-02-06 13:28:27,736 DEBUG n.e.o.t.s.UpdateSvc                 - star-cr5:10/1/1 76                                          
2019-02-06 13:28:27,737 DEBUG n.e.o.t.s.UpdateSvc                 - star-cr5:10/1/8 76                                          
2019-02-06 13:28:27,737 DEBUG n.e.o.t.s.UpdateSvc                 - star-cr5:5/1/1 76                                           
2019-02-06 13:28:27,737 DEBUG n.e.o.t.s.UpdateSvc                 - star-cr5:3/1/1 76                                           
2019-02-06 13:28:27,737 DEBUG n.e.o.t.s.UpdateSvc                 - star-cr5:4/1/1 76                                           
2019-02-06 13:28:27,738 DEBUG n.e.o.t.s.UpdateSvc                 - star-cr5:6/1/1 76                                           
2019-02-06 13:28:27,738 DEBUG n.e.o.t.s.UpdateSvc                 - star-cr5:10/1/7 76                                          
2019-02-06 13:28:27,743 INFO  n.e.o.t.s.UpdateSvc                 - inserting p: ornl-rt4:xe-1/0/0 to ornl-rt4                  
2019-02-06 13:28:27,744 DEBUG n.e.o.t.s.UpdateSvc                 - ornl-rt4:xe-1/2/0 42                                        
2019-02-06 13:28:27,745 DEBUG n.e.o.t.s.UpdateSvc                 - ornl-rt4:xe-0/2/0 42                                        
2019-02-06 13:28:27,745 DEBUG n.e.o.t.s.UpdateSvc                 - ornl-rt4:xe-2/3/0 42                                        
2019-02-06 13:28:27,745 DEBUG n.e.o.t.s.UpdateSvc                 - ornl-rt4:xe-1/0/0 42                                        
2019-02-06 13:28:27,745 DEBUG n.e.o.t.s.UpdateSvc                 - ornl-rt4:ge-0/0/1 42                                        
2019-02-06 13:28:27,752 INFO  n.e.o.t.s.UpdateSvc                 - inserting p: eqx-sj-cr5:10/2/4 to eqx-sj-cr5                
2019-02-06 13:28:27,754 DEBUG n.e.o.t.s.UpdateSvc                 - eqx-sj-cr5:10/1/4 35                                        
2019-02-06 13:28:27,754 DEBUG n.e.o.t.s.UpdateSvc                 - eqx-sj-cr5:10/1/2 35                                        
2019-02-06 13:28:27,754 DEBUG n.e.o.t.s.UpdateSvc                 - eqx-sj-cr5:BLANK 35                                         
2019-02-06 13:28:27,754 DEBUG n.e.o.t.s.UpdateSvc                 - eqx-sj-cr5:10/2/4 35                                        
2019-02-06 13:28:27,754 DEBUG n.e.o.t.s.UpdateSvc                 - eqx-sj-cr5:1/2/1 35                                         
2019-02-06 13:28:27,755 DEBUG n.e.o.t.s.UpdateSvc                 - eqx-sj-cr5:10/1/1 35                                        
2019-02-06 13:28:27,760 INFO  n.e.o.t.s.UpdateSvc                 - inserting p: eqx-sj-cr5:10/2/2 to eqx-sj-cr5                
2019-02-06 13:28:27,762 DEBUG n.e.o.t.s.UpdateSvc                 - eqx-sj-cr5:10/1/4 35                                        
2019-02-06 13:28:27,762 DEBUG n.e.o.t.s.UpdateSvc                 - eqx-sj-cr5:10/1/2 35                                        
2019-02-06 13:28:27,762 DEBUG n.e.o.t.s.UpdateSvc                 - eqx-sj-cr5:BLANK 35                                         
2019-02-06 13:28:27,762 DEBUG n.e.o.t.s.UpdateSvc                 - eqx-sj-cr5:10/2/4 35                                        
2019-02-06 13:28:27,762 DEBUG n.e.o.t.s.UpdateSvc                 - eqx-sj-cr5:1/2/1 35                                         
2019-02-06 13:28:27,762 DEBUG n.e.o.t.s.UpdateSvc                 - eqx-sj-cr5:10/1/1 35                                        
2019-02-06 13:28:27,762 DEBUG n.e.o.t.s.UpdateSvc                 - eqx-sj-cr5:10/2/2 35                                        
2019-02-06 13:28:27,769 INFO  n.e.o.t.s.UpdateSvc                 - inserting p: atla-cr5:4/1/1 to atla-cr5                     
2019-02-06 13:28:27,771 DEBUG n.e.o.t.s.UpdateSvc                 - atla-cr5:10/1/2 41                                          
2019-02-06 13:28:27,771 DEBUG n.e.o.t.s.UpdateSvc                 - atla-cr5:1/1/1 41                                           
2019-02-06 13:28:27,771 DEBUG n.e.o.t.s.UpdateSvc                 - atla-cr5:4/1/1 41                                           
2019-02-06 13:28:27,771 DEBUG n.e.o.t.s.UpdateSvc                 - atla-cr5:2/1/1 41                                           
2019-02-06 13:28:27,771 DEBUG n.e.o.t.s.UpdateSvc                 - atla-cr5:3/1/1 41                                           
2019-02-06 13:28:27,771 DEBUG n.e.o.t.s.UpdateSvc                 - atla-cr5:10/1/3 41                                          
2019-02-06 13:28:27,771 DEBUG n.e.o.t.s.UpdateSvc                 - atla-cr5:10/1/8 41                                          
2019-02-06 13:28:27,777 INFO  n.e.o.t.s.UpdateSvc                 - inserting p: sunn-cr5:2/2/1 to sunn-cr5                     
2019-02-06 13:28:27,778 DEBUG n.e.o.t.s.UpdateSvc                 - sunn-cr5:10/2/4 50                                          
2019-02-06 13:28:27,778 DEBUG n.e.o.t.s.UpdateSvc                 - sunn-cr5:10/2/6 50                                          
2019-02-06 13:28:27,778 DEBUG n.e.o.t.s.UpdateSvc                 - sunn-cr5:10/1/6 50                                          
2019-02-06 13:28:27,779 DEBUG n.e.o.t.s.UpdateSvc                 - sunn-cr5:10/2/3 50                                          
2019-02-06 13:28:27,779 DEBUG n.e.o.t.s.UpdateSvc                 - sunn-cr5:10/2/1 50                                          
2019-02-06 13:28:27,779 DEBUG n.e.o.t.s.UpdateSvc                 - sunn-cr5:10/2/2 50                                          
2019-02-06 13:28:27,779 DEBUG n.e.o.t.s.UpdateSvc                 - sunn-cr5:7/2/1 50                                           
2019-02-06 13:28:27,779 DEBUG n.e.o.t.s.UpdateSvc                 - sunn-cr5:10/1/5 50                                          
2019-02-06 13:28:27,779 DEBUG n.e.o.t.s.UpdateSvc                 - sunn-cr5:10/1/4 50                                          
2019-02-06 13:28:27,779 DEBUG n.e.o.t.s.UpdateSvc                 - sunn-cr5:2/2/1 50                                           
2019-02-06 13:28:27,779 DEBUG n.e.o.t.s.UpdateSvc                 - sunn-cr5:8/1/1 50                                           
2019-02-06 13:28:27,779 DEBUG n.e.o.t.s.UpdateSvc                 - sunn-cr5:10/1/1 50                                          
2019-02-06 13:28:27,779 DEBUG n.e.o.t.s.UpdateSvc                 - sunn-cr5:10/2/5 50                                          
2019-02-06 13:28:27,779 DEBUG n.e.o.t.s.UpdateSvc                 - sunn-cr5:7/1/1 50                                           
2019-02-06 13:28:27,779 DEBUG n.e.o.t.s.UpdateSvc                 - sunn-cr5:10/1/2 50                                          
2019-02-06 13:28:27,779 DEBUG n.e.o.t.s.UpdateSvc                 - sunn-cr5:10/1/3 50                                          
2019-02-06 13:28:27,779 DEBUG n.e.o.t.s.UpdateSvc                 - sunn-cr5:5/2/1 50                                           
2019-02-06 13:28:27,779 DEBUG n.e.o.t.s.UpdateSvc                 - sunn-cr5:5/1/1 50                                           
2019-02-06 13:28:27,779 DEBUG n.e.o.t.s.UpdateSvc                 - sunn-cr5:4/1/1 50                                           
2019-02-06 13:28:27,786 INFO  n.e.o.t.s.UpdateSvc                 - inserting p: pnwg-cr5:10/1/10 to pnwg-cr5                   
2019-02-06 13:28:27,787 DEBUG n.e.o.t.s.UpdateSvc                 - pnwg-cr5:BLANK 71                                           
2019-02-06 13:28:27,787 DEBUG n.e.o.t.s.UpdateSvc                 - pnwg-cr5:2/1/1 71                                           
2019-02-06 13:28:27,787 DEBUG n.e.o.t.s.UpdateSvc                 - pnwg-cr5:10/1/10 71                                         
2019-02-06 13:28:27,787 DEBUG n.e.o.t.s.UpdateSvc                 - pnwg-cr5:3/1/1 71                                           
2019-02-06 13:28:27,787 DEBUG n.e.o.t.s.UpdateSvc                 - pnwg-cr5:1/1/1 71                                           
2019-02-06 13:28:27,787 DEBUG n.e.o.t.s.UpdateSvc                 - pnwg-cr5:2/2/1 71                                           
2019-02-06 13:28:27,787 DEBUG n.e.o.t.s.UpdateSvc                 - pnwg-cr5:9/1/2 71                                           
2019-02-06 13:28:27,790 INFO  n.e.o.t.s.UpdateSvc                 - inserting p: wash-cr5:5/1/1 to wash-cr5                     
2019-02-06 13:28:27,791 DEBUG n.e.o.t.s.UpdateSvc                 - wash-cr5:10/1/9 36                                          
2019-02-06 13:28:27,791 DEBUG n.e.o.t.s.UpdateSvc                 - wash-cr5:6/1/1 36                                           
2019-02-06 13:28:27,791 DEBUG n.e.o.t.s.UpdateSvc                 - wash-cr5:10/1/5 36                                          
2019-02-06 13:28:27,791 DEBUG n.e.o.t.s.UpdateSvc                 - wash-cr5:10/1/10 36                                         
2019-02-06 13:28:27,792 DEBUG n.e.o.t.s.UpdateSvc                 - wash-cr5:4/1/1 36                                           
2019-02-06 13:28:27,792 DEBUG n.e.o.t.s.UpdateSvc                 - wash-cr5:1/1/1 36                                           
2019-02-06 13:28:27,792 DEBUG n.e.o.t.s.UpdateSvc                 - wash-cr5:4/2/1 36                                           
2019-02-06 13:28:27,792 DEBUG n.e.o.t.s.UpdateSvc                 - wash-cr5:5/2/1 36                                           
2019-02-06 13:28:27,792 DEBUG n.e.o.t.s.UpdateSvc                 - wash-cr5:10/1/4 36                                          
2019-02-06 13:28:27,792 DEBUG n.e.o.t.s.UpdateSvc                 - wash-cr5:5/1/1 36                                           
2019-02-06 13:28:27,792 DEBUG n.e.o.t.s.UpdateSvc                 - wash-cr5:10/1/3 36                                          
2019-02-06 13:28:27,795 INFO  n.e.o.t.s.UpdateSvc                 - inserting p: anl-mr2:xe-0/0/0 to anl-mr2                    
2019-02-06 13:28:27,796 DEBUG n.e.o.t.s.UpdateSvc                 - anl-mr2:xe-0/1/0 53                                         
2019-02-06 13:28:27,796 DEBUG n.e.o.t.s.UpdateSvc                 - anl-mr2:xe-2/3/0 53                                         
2019-02-06 13:28:27,796 DEBUG n.e.o.t.s.UpdateSvc                 - anl-mr2:xe-0/0/0 53                                         
2019-02-06 13:28:27,796 DEBUG n.e.o.t.s.UpdateSvc                 - anl-mr2:ae0 53                                              
2019-02-06 13:28:27,800 INFO  n.e.o.t.s.UpdateSvc                 - inserting p: lbl-mr2:ae0 to lbl-mr2                         
2019-02-06 13:28:27,801 DEBUG n.e.o.t.s.UpdateSvc                 - lbl-mr2:xe-7/2/0 74                                         
2019-02-06 13:28:27,802 DEBUG n.e.o.t.s.UpdateSvc                 - lbl-mr2:xe-8/1/0 74                                         
2019-02-06 13:28:27,802 DEBUG n.e.o.t.s.UpdateSvc                 - lbl-mr2:xe-7/0/0 74                                         
2019-02-06 13:28:27,802 DEBUG n.e.o.t.s.UpdateSvc                 - lbl-mr2:xe-0/2/0 74                                         
2019-02-06 13:28:27,802 DEBUG n.e.o.t.s.UpdateSvc                 - lbl-mr2:xe-0/1/0 74                                         
2019-02-06 13:28:27,802 DEBUG n.e.o.t.s.UpdateSvc                 - lbl-mr2:ae0 74                                              
2019-02-06 13:28:27,802 DEBUG n.e.o.t.s.UpdateSvc                 - lbl-mr2:xe-1/1/0 74                                         
2019-02-06 13:28:27,802 DEBUG n.e.o.t.s.UpdateSvc                 - lbl-mr2:xe-8/3/0 74                                         
2019-02-06 13:28:27,805 INFO  n.e.o.t.s.UpdateSvc                 - inserting p: lond-cr5:1/1/1 to lond-cr5                     
2019-02-06 13:28:27,806 DEBUG n.e.o.t.s.UpdateSvc                 - lond-cr5:1/2/1 57                                           
2019-02-06 13:28:27,806 DEBUG n.e.o.t.s.UpdateSvc                 - lond-cr5:2/2/1 57                                           
2019-02-06 13:28:27,806 DEBUG n.e.o.t.s.UpdateSvc                 - lond-cr5:10/1/1 57                                          
2019-02-06 13:28:27,806 DEBUG n.e.o.t.s.UpdateSvc                 - lond-cr5:1/1/1 57                                           
2019-02-06 13:28:27,806 DEBUG n.e.o.t.s.UpdateSvc                 - lond-cr5:2/1/1 57                                           
2019-02-06 13:28:27,806 DEBUG n.e.o.t.s.UpdateSvc                 - lond-cr5:10/1/4 57                                          
2019-02-06 13:28:27,806 DEBUG n.e.o.t.s.UpdateSvc                 - lond-cr5:10/1/2 57                                          
2019-02-06 13:28:27,806 DEBUG n.e.o.t.s.UpdateSvc                 - lond-cr5:5/1/1 57                                           
2019-02-06 13:28:27,810 INFO  n.e.o.t.s.UpdateSvc                 - inserting p: star-cr5:6/2/1 to star-cr5                     
2019-02-06 13:28:27,812 DEBUG n.e.o.t.s.UpdateSvc                 - star-cr5:3/2/1 76                                           
2019-02-06 13:28:27,812 DEBUG n.e.o.t.s.UpdateSvc                 - star-cr5:6/2/1 76                                           
2019-02-06 13:28:27,812 DEBUG n.e.o.t.s.UpdateSvc                 - star-cr5:4/2/1 76                                           
2019-02-06 13:28:27,812 DEBUG n.e.o.t.s.UpdateSvc                 - star-cr5:BLANK 76                                           
2019-02-06 13:28:27,812 DEBUG n.e.o.t.s.UpdateSvc                 - star-cr5:10/1/1 76                                          
2019-02-06 13:28:27,812 DEBUG n.e.o.t.s.UpdateSvc                 - star-cr5:10/1/8 76                                          
2019-02-06 13:28:27,812 DEBUG n.e.o.t.s.UpdateSvc                 - star-cr5:5/1/1 76                                           
2019-02-06 13:28:27,812 DEBUG n.e.o.t.s.UpdateSvc                 - star-cr5:3/1/1 76                                           
2019-02-06 13:28:27,812 DEBUG n.e.o.t.s.UpdateSvc                 - star-cr5:4/1/1 76                                           
2019-02-06 13:28:27,812 DEBUG n.e.o.t.s.UpdateSvc                 - star-cr5:6/1/1 76                                           
2019-02-06 13:28:27,812 DEBUG n.e.o.t.s.UpdateSvc                 - star-cr5:10/1/7 76                                          
2019-02-06 13:28:27,818 INFO  n.e.o.t.s.UpdateSvc                 - inserting p: bost-cr5:3/1/1 to bost-cr5                     
2019-02-06 13:28:27,819 DEBUG n.e.o.t.s.UpdateSvc                 - bost-cr5:1/1/1 77                                           
2019-02-06 13:28:27,819 DEBUG n.e.o.t.s.UpdateSvc                 - bost-cr5:10/1/2 77                                          
2019-02-06 13:28:27,819 DEBUG n.e.o.t.s.UpdateSvc                 - bost-cr5:10/2/3 77                                          
2019-02-06 13:28:27,819 DEBUG n.e.o.t.s.UpdateSvc                 - bost-cr5:2/1/1 77                                           
2019-02-06 13:28:27,819 DEBUG n.e.o.t.s.UpdateSvc                 - bost-cr5:3/1/1 77                                           
2019-02-06 13:28:27,819 DEBUG n.e.o.t.s.UpdateSvc                 - bost-cr5:10/1/6 77                                          
2019-02-06 13:28:27,819 DEBUG n.e.o.t.s.UpdateSvc                 - bost-cr5:10/1/5 77                                          
2019-02-06 13:28:27,822 INFO  n.e.o.t.s.UpdateSvc                 - inserting p: snll-mr2:xe-1/3/0 to snll-mr2                  
2019-02-06 13:28:27,824 DEBUG n.e.o.t.s.UpdateSvc                 - snll-mr2:xe-2/2/0 40                                        
2019-02-06 13:28:27,824 DEBUG n.e.o.t.s.UpdateSvc                 - snll-mr2:xe-2/3/0 40                                        
2019-02-06 13:28:27,824 DEBUG n.e.o.t.s.UpdateSvc                 - snll-mr2:xe-2/0/0 40                                        
2019-02-06 13:28:27,824 DEBUG n.e.o.t.s.UpdateSvc                 - snll-mr2:xe-1/3/0 40                                        
2019-02-06 13:28:27,824 DEBUG n.e.o.t.s.UpdateSvc                 - snll-mr2:xe-1/2/0 40                                        
2019-02-06 13:28:27,827 INFO  n.e.o.t.s.UpdateSvc                 - inserting p: netl-pgh-rt1:xe-2/0/0 to netl-pgh-rt1          
2019-02-06 13:28:27,828 DEBUG n.e.o.t.s.UpdateSvc                 - netl-pgh-rt1:xe-2/0/0 51                                    
2019-02-06 13:28:27,831 INFO  n.e.o.t.s.UpdateSvc                 - inserting p: llnl-mr2:xe-0/0/0 to llnl-mr2                  
2019-02-06 13:28:27,833 DEBUG n.e.o.t.s.UpdateSvc                 - llnl-mr2:xe-1/3/0 52                                        
2019-02-06 13:28:27,834 DEBUG n.e.o.t.s.UpdateSvc                 - llnl-mr2:xe-0/0/0 52                                        
2019-02-06 13:28:27,834 DEBUG n.e.o.t.s.UpdateSvc                 - llnl-mr2:xe-0/1/0 52                                        
2019-02-06 13:28:27,834 DEBUG n.e.o.t.s.UpdateSvc                 - llnl-mr2:ge-3/0/1 52                                        
2019-02-06 13:28:27,834 DEBUG n.e.o.t.s.UpdateSvc                 - llnl-mr2:xe-2/1/0 52                                        
2019-02-06 13:28:27,834 DEBUG n.e.o.t.s.UpdateSvc                 - llnl-mr2:xe-2/2/0 52                                        
2019-02-06 13:28:27,835 DEBUG n.e.o.t.s.UpdateSvc                 - llnl-mr2:xe-3/2/0 52                                        
2019-02-06 13:28:27,835 DEBUG n.e.o.t.s.UpdateSvc                 - llnl-mr2:xe-2/0/0 52                                        
2019-02-06 13:28:27,835 DEBUG n.e.o.t.s.UpdateSvc                 - llnl-mr2:ge-3/0/0 52                                        
2019-02-06 13:28:27,835 DEBUG n.e.o.t.s.UpdateSvc                 - llnl-mr2:xe-1/0/0 52                                        
2019-02-06 13:28:27,835 DEBUG n.e.o.t.s.UpdateSvc                 - llnl-mr2:xe-0/2/0 52                                        
2019-02-06 13:28:27,839 INFO  n.e.o.t.s.UpdateSvc                 - inserting p: netl-pgh-rt1:xe-2/0/2 to netl-pgh-rt1          
2019-02-06 13:28:27,840 DEBUG n.e.o.t.s.UpdateSvc                 - netl-pgh-rt1:xe-2/0/0 51                                    
2019-02-06 13:28:27,840 DEBUG n.e.o.t.s.UpdateSvc                 - netl-pgh-rt1:xe-2/0/2 51                                    
2019-02-06 13:28:27,844 INFO  n.e.o.t.s.UpdateSvc                 - inserting p: netl-pgh-rt1:xe-2/0/1 to netl-pgh-rt1          
2019-02-06 13:28:27,845 DEBUG n.e.o.t.s.UpdateSvc                 - netl-pgh-rt1:xe-2/0/0 51                                    
2019-02-06 13:28:27,845 DEBUG n.e.o.t.s.UpdateSvc                 - netl-pgh-rt1:xe-2/0/1 51                                    
2019-02-06 13:28:27,845 DEBUG n.e.o.t.s.UpdateSvc                 - netl-pgh-rt1:xe-2/0/2 51                                    
2019-02-06 13:28:27,849 INFO  n.e.o.t.s.UpdateSvc                 - inserting p: netl-pgh-rt1:xe-2/0/3 to netl-pgh-rt1          
2019-02-06 13:28:27,851 DEBUG n.e.o.t.s.UpdateSvc                 - netl-pgh-rt1:xe-2/0/0 51                                    
2019-02-06 13:28:27,852 DEBUG n.e.o.t.s.UpdateSvc                 - netl-pgh-rt1:xe-2/0/1 51                                    
2019-02-06 13:28:27,852 DEBUG n.e.o.t.s.UpdateSvc                 - netl-pgh-rt1:xe-2/0/2 51                                    
2019-02-06 13:28:27,852 DEBUG n.e.o.t.s.UpdateSvc                 - netl-pgh-rt1:xe-2/0/3 51                                    
2019-02-06 13:28:27,855 INFO  n.e.o.t.s.UpdateSvc                 - inserting p: aofa-cr5:1/1/1 to aofa-cr5                     
2019-02-06 13:28:27,855 DEBUG n.e.o.t.s.UpdateSvc                 - aofa-cr5:4/2/1 69                                           
2019-02-06 13:28:27,856 DEBUG n.e.o.t.s.UpdateSvc                 - aofa-cr5:2/1/1 69                                           
2019-02-06 13:28:27,856 DEBUG n.e.o.t.s.UpdateSvc                 - aofa-cr5:9/1/1 69                                           
2019-02-06 13:28:27,856 DEBUG n.e.o.t.s.UpdateSvc                 - aofa-cr5:3/1/1 69                                           
2019-02-06 13:28:27,856 DEBUG n.e.o.t.s.UpdateSvc                 - aofa-cr5:10/1/9 69                                          
2019-02-06 13:28:27,856 DEBUG n.e.o.t.s.UpdateSvc                 - aofa-cr5:10/1/1 69                                          
2019-02-06 13:28:27,856 DEBUG n.e.o.t.s.UpdateSvc                 - aofa-cr5:6/2/1 69                                           
2019-02-06 13:28:27,856 DEBUG n.e.o.t.s.UpdateSvc                 - aofa-cr5:1/1/1 69                                           
2019-02-06 13:28:27,856 DEBUG n.e.o.t.s.UpdateSvc                 - aofa-cr5:10/1/2 69                                          
2019-02-06 13:28:27,856 DEBUG n.e.o.t.s.UpdateSvc                 - aofa-cr5:10/1/8 69                                          
2019-02-06 13:28:27,856 DEBUG n.e.o.t.s.UpdateSvc                 - aofa-cr5:9/1/5 69                                           
2019-02-06 13:28:27,856 DEBUG n.e.o.t.s.UpdateSvc                 - aofa-cr5:4/1/1 69                                           
2019-02-06 13:28:27,856 DEBUG n.e.o.t.s.UpdateSvc                 - aofa-cr5:5/1/1 69                                           
2019-02-06 13:28:27,860 INFO  n.e.o.t.s.UpdateSvc                 - inserting p: snla-rt3:xe-1/2/0 to snla-rt3                  
2019-02-06 13:28:27,861 DEBUG n.e.o.t.s.UpdateSvc                 - snla-rt3:ge-1/0/2 48                                        
2019-02-06 13:28:27,861 DEBUG n.e.o.t.s.UpdateSvc                 - snla-rt3:xe-1/2/0 48                                        
2019-02-06 13:28:27,864 INFO  n.e.o.t.s.UpdateSvc                 - inserting p: kans-cr5:3/1/1 to kans-cr5                     
2019-02-06 13:28:27,865 DEBUG n.e.o.t.s.UpdateSvc                 - kans-cr5:1/1/1 38                                           
2019-02-06 13:28:27,865 DEBUG n.e.o.t.s.UpdateSvc                 - kans-cr5:10/1/3 38                                          
2019-02-06 13:28:27,865 DEBUG n.e.o.t.s.UpdateSvc                 - kans-cr5:3/1/1 38                                           
2019-02-06 13:28:27,865 DEBUG n.e.o.t.s.UpdateSvc                 - kans-cr5:10/1/4 38                                          
2019-02-06 13:28:27,865 DEBUG n.e.o.t.s.UpdateSvc                 - kans-cr5:2/1/1 38                                           
2019-02-06 13:28:27,871 INFO  n.e.o.t.s.UpdateSvc                 - inserting p: llnl-mr2:ae0 to llnl-mr2                       
2019-02-06 13:28:27,872 DEBUG n.e.o.t.s.UpdateSvc                 - llnl-mr2:xe-1/3/0 52                                        
2019-02-06 13:28:27,872 DEBUG n.e.o.t.s.UpdateSvc                 - llnl-mr2:ae0 52                                             
2019-02-06 13:28:27,872 DEBUG n.e.o.t.s.UpdateSvc                 - llnl-mr2:xe-0/0/0 52                                        
2019-02-06 13:28:27,872 DEBUG n.e.o.t.s.UpdateSvc                 - llnl-mr2:xe-0/1/0 52                                        
2019-02-06 13:28:27,872 DEBUG n.e.o.t.s.UpdateSvc                 - llnl-mr2:ge-3/0/1 52                                        
2019-02-06 13:28:27,872 DEBUG n.e.o.t.s.UpdateSvc                 - llnl-mr2:xe-2/1/0 52                                        
2019-02-06 13:28:27,872 DEBUG n.e.o.t.s.UpdateSvc                 - llnl-mr2:xe-2/2/0 52                                        
2019-02-06 13:28:27,872 DEBUG n.e.o.t.s.UpdateSvc                 - llnl-mr2:xe-3/2/0 52                                        
2019-02-06 13:28:27,872 DEBUG n.e.o.t.s.UpdateSvc                 - llnl-mr2:xe-2/0/0 52                                        
2019-02-06 13:28:27,872 DEBUG n.e.o.t.s.UpdateSvc                 - llnl-mr2:ge-3/0/0 52                                        
2019-02-06 13:28:27,872 DEBUG n.e.o.t.s.UpdateSvc                 - llnl-mr2:xe-1/0/0 52                                        
2019-02-06 13:28:27,872 DEBUG n.e.o.t.s.UpdateSvc                 - llnl-mr2:xe-0/2/0 52                                        
2019-02-06 13:28:27,878 INFO  n.e.o.t.s.UpdateSvc                 - inserting p: denv-cr5:9/1/3 to denv-cr5                     
2019-02-06 13:28:27,879 DEBUG n.e.o.t.s.UpdateSvc                 - denv-cr5:4/1/1 75                                           
2019-02-06 13:28:27,879 DEBUG n.e.o.t.s.UpdateSvc                 - denv-cr5:10/1/7 75                                          
2019-02-06 13:28:27,879 DEBUG n.e.o.t.s.UpdateSvc                 - denv-cr5:1/1/1 75                                           
2019-02-06 13:28:27,879 DEBUG n.e.o.t.s.UpdateSvc                 - denv-cr5:9/1/3 75                                           
2019-02-06 13:28:27,879 DEBUG n.e.o.t.s.UpdateSvc                 - denv-cr5:10/1/11 75                                         
2019-02-06 13:28:27,880 DEBUG n.e.o.t.s.UpdateSvc                 - denv-cr5:10/1/12 75                                         
2019-02-06 13:28:27,880 DEBUG n.e.o.t.s.UpdateSvc                 - denv-cr5:10/1/3 75                                          
2019-02-06 13:28:27,880 DEBUG n.e.o.t.s.UpdateSvc                 - denv-cr5:10/1/4 75                                          
2019-02-06 13:28:27,880 DEBUG n.e.o.t.s.UpdateSvc                 - denv-cr5:4/2/1 75                                           
2019-02-06 13:28:27,880 DEBUG n.e.o.t.s.UpdateSvc                 - denv-cr5:10/1/5 75                                          
2019-02-06 13:28:27,880 DEBUG n.e.o.t.s.UpdateSvc                 - denv-cr5:10/1/6 75                                          
2019-02-06 13:28:27,880 DEBUG n.e.o.t.s.UpdateSvc                 - denv-cr5:10/1/10 75                                         
2019-02-06 13:28:27,886 INFO  n.e.o.t.s.UpdateSvc                 - inserting p: denv-cr5:9/1/1 to denv-cr5                     
2019-02-06 13:28:27,888 DEBUG n.e.o.t.s.UpdateSvc                 - denv-cr5:4/1/1 75                                           
2019-02-06 13:28:27,888 DEBUG n.e.o.t.s.UpdateSvc                 - denv-cr5:1/1/1 75                                           
2019-02-06 13:28:27,888 DEBUG n.e.o.t.s.UpdateSvc                 - denv-cr5:10/1/4 75                                          
2019-02-06 13:28:27,888 DEBUG n.e.o.t.s.UpdateSvc                 - denv-cr5:4/2/1 75                                           
2019-02-06 13:28:27,888 DEBUG n.e.o.t.s.UpdateSvc                 - denv-cr5:10/1/5 75                                          
2019-02-06 13:28:27,888 DEBUG n.e.o.t.s.UpdateSvc                 - denv-cr5:10/1/6 75                                          
2019-02-06 13:28:27,888 DEBUG n.e.o.t.s.UpdateSvc                 - denv-cr5:10/1/7 75                                          
2019-02-06 13:28:27,888 DEBUG n.e.o.t.s.UpdateSvc                 - denv-cr5:9/1/3 75                                           
2019-02-06 13:28:27,888 DEBUG n.e.o.t.s.UpdateSvc                 - denv-cr5:10/1/11 75                                         
2019-02-06 13:28:27,888 DEBUG n.e.o.t.s.UpdateSvc                 - denv-cr5:9/1/1 75                                           
2019-02-06 13:28:27,889 DEBUG n.e.o.t.s.UpdateSvc                 - denv-cr5:10/1/12 75                                         
2019-02-06 13:28:27,889 DEBUG n.e.o.t.s.UpdateSvc                 - denv-cr5:10/1/3 75                                          
2019-02-06 13:28:27,889 DEBUG n.e.o.t.s.UpdateSvc                 - denv-cr5:10/1/10 75                                         
2019-02-06 13:28:27,894 INFO  n.e.o.t.s.UpdateSvc                 - inserting p: osti-rt2:xe-1/2/0 to osti-rt2                  
2019-02-06 13:28:27,895 DEBUG n.e.o.t.s.UpdateSvc                 - osti-rt2:ae0 70                                             
2019-02-06 13:28:27,895 DEBUG n.e.o.t.s.UpdateSvc                 - osti-rt2:xe-1/2/0 70                                        
2019-02-06 13:28:27,899 INFO  n.e.o.t.s.UpdateSvc                 - inserting p: chic-cr5:2/1/1 to chic-cr5                     
2019-02-06 13:28:27,901 DEBUG n.e.o.t.s.UpdateSvc                 - chic-cr5:7/1/1 55                                           
2019-02-06 13:28:27,901 DEBUG n.e.o.t.s.UpdateSvc                 - chic-cr5:6/1/1 55                                           
2019-02-06 13:28:27,901 DEBUG n.e.o.t.s.UpdateSvc                 - chic-cr5:2/1/1 55                                           
2019-02-06 13:28:27,901 DEBUG n.e.o.t.s.UpdateSvc                 - chic-cr5:10/1/3 55                                          
2019-02-06 13:28:27,901 DEBUG n.e.o.t.s.UpdateSvc                 - chic-cr5:10/1/1 55                                          
2019-02-06 13:28:27,901 DEBUG n.e.o.t.s.UpdateSvc                 - chic-cr5:1/1/1 55                                           
2019-02-06 13:28:27,901 DEBUG n.e.o.t.s.UpdateSvc                 - chic-cr5:BLANK 55                                           
2019-02-06 13:28:27,901 DEBUG n.e.o.t.s.UpdateSvc                 - chic-cr5:10/1/5 55                                          
2019-02-06 13:28:27,901 DEBUG n.e.o.t.s.UpdateSvc                 - chic-cr5:3/1/1 55                                           
2019-02-06 13:28:27,903 DEBUG n.e.o.t.s.UpdateSvc                 - chic-cr5:7/2/1 55                                           
2019-02-06 13:28:27,903 DEBUG n.e.o.t.s.UpdateSvc                 - chic-cr5:10/1/7 55                                          
2019-02-06 13:28:27,903 DEBUG n.e.o.t.s.UpdateSvc                 - chic-cr5:6/2/1 55                                           
2019-02-06 13:28:27,903 DEBUG n.e.o.t.s.UpdateSvc                 - chic-cr5:10/1/4 55                                          
2019-02-06 13:28:27,903 DEBUG n.e.o.t.s.UpdateSvc                 - chic-cr5:8/1/1 55                                           
2019-02-06 13:28:27,907 INFO  n.e.o.t.s.UpdateSvc                 - inserting p: lbl-mr2:xe-2/3/0 to lbl-mr2                    
2019-02-06 13:28:27,908 DEBUG n.e.o.t.s.UpdateSvc                 - lbl-mr2:xe-7/2/0 74                                         
2019-02-06 13:28:27,908 DEBUG n.e.o.t.s.UpdateSvc                 - lbl-mr2:xe-8/1/0 74                                         
2019-02-06 13:28:27,908 DEBUG n.e.o.t.s.UpdateSvc                 - lbl-mr2:xe-7/0/0 74                                         
2019-02-06 13:28:27,909 DEBUG n.e.o.t.s.UpdateSvc                 - lbl-mr2:xe-2/3/0 74                                         
2019-02-06 13:28:27,909 DEBUG n.e.o.t.s.UpdateSvc                 - lbl-mr2:xe-0/2/0 74                                         
2019-02-06 13:28:27,909 DEBUG n.e.o.t.s.UpdateSvc                 - lbl-mr2:xe-0/1/0 74                                         
2019-02-06 13:28:27,909 DEBUG n.e.o.t.s.UpdateSvc                 - lbl-mr2:ae0 74                                              
2019-02-06 13:28:27,909 DEBUG n.e.o.t.s.UpdateSvc                 - lbl-mr2:xe-1/1/0 74                                         
2019-02-06 13:28:27,909 DEBUG n.e.o.t.s.UpdateSvc                 - lbl-mr2:xe-8/3/0 74                                         
2019-02-06 13:28:27,913 INFO  n.e.o.t.s.UpdateSvc                 - inserting p: amst-cr5:2/1/1 to amst-cr5                     
2019-02-06 13:28:27,914 DEBUG n.e.o.t.s.UpdateSvc                 - amst-cr5:2/1/1 72                                           
2019-02-06 13:28:27,914 DEBUG n.e.o.t.s.UpdateSvc                 - amst-cr5:10/2/5 72                                          
2019-02-06 13:28:27,914 DEBUG n.e.o.t.s.UpdateSvc                 - amst-cr5:10/1/2 72                                          
2019-02-06 13:28:27,914 DEBUG n.e.o.t.s.UpdateSvc                 - amst-cr5:5/1/1 72                                           
2019-02-06 13:28:27,914 DEBUG n.e.o.t.s.UpdateSvc                 - amst-cr5:10/1/1 72                                          
2019-02-06 13:28:27,914 DEBUG n.e.o.t.s.UpdateSvc                 - amst-cr5:3/1/1 72                                           
2019-02-06 13:28:27,922 INFO  n.e.o.t.s.UpdateSvc                 - inserting p: sunn-cr5:2/1/1 to sunn-cr5                     
2019-02-06 13:28:27,924 DEBUG n.e.o.t.s.UpdateSvc                 - sunn-cr5:10/2/4 50                                          
2019-02-06 13:28:27,924 DEBUG n.e.o.t.s.UpdateSvc                 - sunn-cr5:10/2/6 50                                          
2019-02-06 13:28:27,924 DEBUG n.e.o.t.s.UpdateSvc                 - sunn-cr5:10/1/6 50                                          
2019-02-06 13:28:27,924 DEBUG n.e.o.t.s.UpdateSvc                 - sunn-cr5:10/2/3 50                                          
2019-02-06 13:28:27,925 DEBUG n.e.o.t.s.UpdateSvc                 - sunn-cr5:10/2/1 50                                          
2019-02-06 13:28:27,925 DEBUG n.e.o.t.s.UpdateSvc                 - sunn-cr5:10/2/2 50                                          
2019-02-06 13:28:27,925 DEBUG n.e.o.t.s.UpdateSvc                 - sunn-cr5:7/2/1 50                                           
2019-02-06 13:28:27,926 DEBUG n.e.o.t.s.UpdateSvc                 - sunn-cr5:10/1/5 50                                          
2019-02-06 13:28:27,926 DEBUG n.e.o.t.s.UpdateSvc                 - sunn-cr5:10/1/4 50                                          
2019-02-06 13:28:27,926 DEBUG n.e.o.t.s.UpdateSvc                 - sunn-cr5:2/2/1 50                                           
2019-02-06 13:28:27,926 DEBUG n.e.o.t.s.UpdateSvc                 - sunn-cr5:2/1/1 50                                           
2019-02-06 13:28:27,926 DEBUG n.e.o.t.s.UpdateSvc                 - sunn-cr5:8/1/1 50                                           
2019-02-06 13:28:27,927 DEBUG n.e.o.t.s.UpdateSvc                 - sunn-cr5:10/1/1 50                                          
2019-02-06 13:28:27,929 DEBUG n.e.o.t.s.UpdateSvc                 - sunn-cr5:10/2/5 50                                          
2019-02-06 13:28:27,929 DEBUG n.e.o.t.s.UpdateSvc                 - sunn-cr5:7/1/1 50                                           
2019-02-06 13:28:27,929 DEBUG n.e.o.t.s.UpdateSvc                 - sunn-cr5:10/1/2 50                                          
2019-02-06 13:28:27,930 DEBUG n.e.o.t.s.UpdateSvc                 - sunn-cr5:10/1/3 50                                          
2019-02-06 13:28:27,930 DEBUG n.e.o.t.s.UpdateSvc                 - sunn-cr5:5/2/1 50                                           
2019-02-06 13:28:27,930 DEBUG n.e.o.t.s.UpdateSvc                 - sunn-cr5:5/1/1 50                                           
2019-02-06 13:28:27,930 DEBUG n.e.o.t.s.UpdateSvc                 - sunn-cr5:4/1/1 50                                           
2019-02-06 13:28:27,936 INFO  n.e.o.t.s.UpdateSvc                 - inserting p: nash-cr5:3/1/1 to nash-cr5                     
2019-02-06 13:28:27,937 DEBUG n.e.o.t.s.UpdateSvc                 - nash-cr5:1/2/1 45                                           
2019-02-06 13:28:27,937 DEBUG n.e.o.t.s.UpdateSvc                 - nash-cr5:10/1/5 45                                          
2019-02-06 13:28:27,937 DEBUG n.e.o.t.s.UpdateSvc                 - nash-cr5:10/1/3 45                                          
2019-02-06 13:28:27,937 DEBUG n.e.o.t.s.UpdateSvc                 - nash-cr5:10/1/4 45                                          
2019-02-06 13:28:27,937 DEBUG n.e.o.t.s.UpdateSvc                 - nash-cr5:2/1/1 45                                           
2019-02-06 13:28:27,937 DEBUG n.e.o.t.s.UpdateSvc                 - nash-cr5:10/1/6 45                                          
2019-02-06 13:28:27,937 DEBUG n.e.o.t.s.UpdateSvc                 - nash-cr5:3/1/1 45                                           
2019-02-06 13:28:27,937 DEBUG n.e.o.t.s.UpdateSvc                 - nash-cr5:1/1/1 45                                           
2019-02-06 13:28:27,942 INFO  n.e.o.t.s.UpdateSvc                 - inserting p: pppl-rt5:xe-1/3/0 to pppl-rt5                  
2019-02-06 13:28:27,944 DEBUG n.e.o.t.s.UpdateSvc                 - pppl-rt5:xe-1/3/0 30                                        
2019-02-06 13:28:27,949 INFO  n.e.o.t.s.UpdateSvc                 - inserting p: snll-mr2:xe-0/2/0 to snll-mr2                  
2019-02-06 13:28:27,954 DEBUG n.e.o.t.s.UpdateSvc                 - snll-mr2:xe-2/2/0 40                                        
2019-02-06 13:28:27,954 DEBUG n.e.o.t.s.UpdateSvc                 - snll-mr2:xe-2/3/0 40                                        
2019-02-06 13:28:27,954 DEBUG n.e.o.t.s.UpdateSvc                 - snll-mr2:xe-2/0/0 40                                        
2019-02-06 13:28:27,954 DEBUG n.e.o.t.s.UpdateSvc                 - snll-mr2:xe-1/3/0 40                                        
2019-02-06 13:28:27,954 DEBUG n.e.o.t.s.UpdateSvc                 - snll-mr2:xe-0/2/0 40                                        
2019-02-06 13:28:27,954 DEBUG n.e.o.t.s.UpdateSvc                 - snll-mr2:xe-1/2/0 40                                        
2019-02-06 13:28:27,958 INFO  n.e.o.t.s.UpdateSvc                 - inserting p: lbl-mr2:ge-9/0/4 to lbl-mr2                    
2019-02-06 13:28:27,959 DEBUG n.e.o.t.s.UpdateSvc                 - lbl-mr2:xe-7/2/0 74                                         
2019-02-06 13:28:27,959 DEBUG n.e.o.t.s.UpdateSvc                 - lbl-mr2:xe-8/1/0 74                                         
2019-02-06 13:28:27,959 DEBUG n.e.o.t.s.UpdateSvc                 - lbl-mr2:xe-7/0/0 74                                         
2019-02-06 13:28:27,959 DEBUG n.e.o.t.s.UpdateSvc                 - lbl-mr2:xe-2/3/0 74                                         
2019-02-06 13:28:27,959 DEBUG n.e.o.t.s.UpdateSvc                 - lbl-mr2:xe-0/2/0 74                                         
2019-02-06 13:28:27,959 DEBUG n.e.o.t.s.UpdateSvc                 - lbl-mr2:xe-0/1/0 74                                         
2019-02-06 13:28:27,959 DEBUG n.e.o.t.s.UpdateSvc                 - lbl-mr2:ae0 74                                              
2019-02-06 13:28:27,959 DEBUG n.e.o.t.s.UpdateSvc                 - lbl-mr2:ge-9/0/4 74                                         
2019-02-06 13:28:27,960 DEBUG n.e.o.t.s.UpdateSvc                 - lbl-mr2:xe-1/1/0 74                                         
2019-02-06 13:28:27,960 DEBUG n.e.o.t.s.UpdateSvc                 - lbl-mr2:xe-8/3/0 74                                         
2019-02-06 13:28:27,963 INFO  n.e.o.t.s.UpdateSvc                 - inserting p: anl-mr2:xe-1/3/0 to anl-mr2                    
2019-02-06 13:28:27,964 DEBUG n.e.o.t.s.UpdateSvc                 - anl-mr2:xe-1/3/0 53                                         
2019-02-06 13:28:27,964 DEBUG n.e.o.t.s.UpdateSvc                 - anl-mr2:xe-0/1/0 53                                         
2019-02-06 13:28:27,965 DEBUG n.e.o.t.s.UpdateSvc                 - anl-mr2:xe-2/3/0 53                                         
2019-02-06 13:28:27,965 DEBUG n.e.o.t.s.UpdateSvc                 - anl-mr2:xe-0/0/0 53                                         
2019-02-06 13:28:27,965 DEBUG n.e.o.t.s.UpdateSvc                 - anl-mr2:ae0 53                                              
2019-02-06 13:28:27,970 INFO  n.e.o.t.s.UpdateSvc                 - inserting p: denv-cr5:3/1/1 to denv-cr5                     
2019-02-06 13:28:27,971 DEBUG n.e.o.t.s.UpdateSvc                 - denv-cr5:4/1/1 75                                           
2019-02-06 13:28:27,971 DEBUG n.e.o.t.s.UpdateSvc                 - denv-cr5:1/1/1 75                                           
2019-02-06 13:28:27,971 DEBUG n.e.o.t.s.UpdateSvc                 - denv-cr5:10/1/4 75                                          
2019-02-06 13:28:27,971 DEBUG n.e.o.t.s.UpdateSvc                 - denv-cr5:4/2/1 75                                           
2019-02-06 13:28:27,971 DEBUG n.e.o.t.s.UpdateSvc                 - denv-cr5:10/1/5 75                                          
2019-02-06 13:28:27,971 DEBUG n.e.o.t.s.UpdateSvc                 - denv-cr5:10/1/6 75                                          
2019-02-06 13:28:27,971 DEBUG n.e.o.t.s.UpdateSvc                 - denv-cr5:10/1/7 75                                          
2019-02-06 13:28:27,972 DEBUG n.e.o.t.s.UpdateSvc                 - denv-cr5:9/1/3 75                                           
2019-02-06 13:28:27,972 DEBUG n.e.o.t.s.UpdateSvc                 - denv-cr5:10/1/11 75                                         
2019-02-06 13:28:27,972 DEBUG n.e.o.t.s.UpdateSvc                 - denv-cr5:9/1/1 75                                           
2019-02-06 13:28:27,972 DEBUG n.e.o.t.s.UpdateSvc                 - denv-cr5:10/1/12 75                                         
2019-02-06 13:28:27,972 DEBUG n.e.o.t.s.UpdateSvc                 - denv-cr5:3/1/1 75                                           
2019-02-06 13:28:27,972 DEBUG n.e.o.t.s.UpdateSvc                 - denv-cr5:10/1/3 75                                          
2019-02-06 13:28:27,972 DEBUG n.e.o.t.s.UpdateSvc                 - denv-cr5:10/1/10 75                                         
2019-02-06 13:28:27,977 INFO  n.e.o.t.s.UpdateSvc                 - inserting p: star-cr5:1/2/1 to star-cr5                     
2019-02-06 13:28:27,978 DEBUG n.e.o.t.s.UpdateSvc                 - star-cr5:3/2/1 76                                           
2019-02-06 13:28:27,978 DEBUG n.e.o.t.s.UpdateSvc                 - star-cr5:6/2/1 76                                           
2019-02-06 13:28:27,979 DEBUG n.e.o.t.s.UpdateSvc                 - star-cr5:4/2/1 76                                           
2019-02-06 13:28:27,979 DEBUG n.e.o.t.s.UpdateSvc                 - star-cr5:BLANK 76                                           
2019-02-06 13:28:27,979 DEBUG n.e.o.t.s.UpdateSvc                 - star-cr5:10/1/1 76                                          
2019-02-06 13:28:27,979 DEBUG n.e.o.t.s.UpdateSvc                 - star-cr5:10/1/8 76                                          
2019-02-06 13:28:27,979 DEBUG n.e.o.t.s.UpdateSvc                 - star-cr5:5/1/1 76                                           
2019-02-06 13:28:27,979 DEBUG n.e.o.t.s.UpdateSvc                 - star-cr5:3/1/1 76                                           
2019-02-06 13:28:27,979 DEBUG n.e.o.t.s.UpdateSvc                 - star-cr5:4/1/1 76                                           
2019-02-06 13:28:27,979 DEBUG n.e.o.t.s.UpdateSvc                 - star-cr5:6/1/1 76                                           
2019-02-06 13:28:27,979 DEBUG n.e.o.t.s.UpdateSvc                 - star-cr5:10/1/7 76                                          
2019-02-06 13:28:27,979 DEBUG n.e.o.t.s.UpdateSvc                 - star-cr5:1/2/1 76                                           
2019-02-06 13:28:27,986 INFO  n.e.o.t.s.UpdateSvc                 - inserting p: chic-cr5:4/1/1 to chic-cr5                     
2019-02-06 13:28:27,987 DEBUG n.e.o.t.s.UpdateSvc                 - chic-cr5:7/1/1 55                                           
2019-02-06 13:28:27,987 DEBUG n.e.o.t.s.UpdateSvc                 - chic-cr5:6/1/1 55                                           
2019-02-06 13:28:27,987 DEBUG n.e.o.t.s.UpdateSvc                 - chic-cr5:2/1/1 55                                           
2019-02-06 13:28:27,987 DEBUG n.e.o.t.s.UpdateSvc                 - chic-cr5:10/1/3 55                                          
2019-02-06 13:28:27,988 DEBUG n.e.o.t.s.UpdateSvc                 - chic-cr5:10/1/1 55                                          
2019-02-06 13:28:27,988 DEBUG n.e.o.t.s.UpdateSvc                 - chic-cr5:1/1/1 55                                           
2019-02-06 13:28:27,988 DEBUG n.e.o.t.s.UpdateSvc                 - chic-cr5:BLANK 55                                           
2019-02-06 13:28:27,988 DEBUG n.e.o.t.s.UpdateSvc                 - chic-cr5:10/1/5 55                                          
2019-02-06 13:28:27,988 DEBUG n.e.o.t.s.UpdateSvc                 - chic-cr5:3/1/1 55                                           
2019-02-06 13:28:27,988 DEBUG n.e.o.t.s.UpdateSvc                 - chic-cr5:7/2/1 55                                           
2019-02-06 13:28:27,988 DEBUG n.e.o.t.s.UpdateSvc                 - chic-cr5:4/1/1 55                                           
2019-02-06 13:28:27,988 DEBUG n.e.o.t.s.UpdateSvc                 - chic-cr5:10/1/7 55                                          
2019-02-06 13:28:27,988 DEBUG n.e.o.t.s.UpdateSvc                 - chic-cr5:6/2/1 55                                           
2019-02-06 13:28:27,988 DEBUG n.e.o.t.s.UpdateSvc                 - chic-cr5:10/1/4 55                                          
2019-02-06 13:28:27,988 DEBUG n.e.o.t.s.UpdateSvc                 - chic-cr5:8/1/1 55                                           
2019-02-06 13:28:27,992 INFO  n.e.o.t.s.UpdateSvc                 - inserting p: srs-rt3:ge-1/0/0 to srs-rt3                    
2019-02-06 13:28:27,994 DEBUG n.e.o.t.s.UpdateSvc                 - srs-rt3:ge-0/1/0 31                                         
2019-02-06 13:28:27,994 DEBUG n.e.o.t.s.UpdateSvc                 - srs-rt3:ge-0/0/0 31                                         
2019-02-06 13:28:27,995 DEBUG n.e.o.t.s.UpdateSvc                 - srs-rt3:ge-1/0/0 31                                         
2019-02-06 13:28:27,999 INFO  n.e.o.t.s.UpdateSvc                 - inserting p: sunn-cr5:9/1/2 to sunn-cr5                     
2019-02-06 13:28:28,001 DEBUG n.e.o.t.s.UpdateSvc                 - sunn-cr5:10/2/4 50                                          
2019-02-06 13:28:28,001 DEBUG n.e.o.t.s.UpdateSvc                 - sunn-cr5:10/2/6 50                                          
2019-02-06 13:28:28,001 DEBUG n.e.o.t.s.UpdateSvc                 - sunn-cr5:10/1/6 50                                          
2019-02-06 13:28:28,001 DEBUG n.e.o.t.s.UpdateSvc                 - sunn-cr5:10/2/3 50                                          
2019-02-06 13:28:28,001 DEBUG n.e.o.t.s.UpdateSvc                 - sunn-cr5:10/2/1 50                                          
2019-02-06 13:28:28,001 DEBUG n.e.o.t.s.UpdateSvc                 - sunn-cr5:10/2/2 50                                          
2019-02-06 13:28:28,001 DEBUG n.e.o.t.s.UpdateSvc                 - sunn-cr5:9/1/2 50                                           
2019-02-06 13:28:28,001 DEBUG n.e.o.t.s.UpdateSvc                 - sunn-cr5:7/2/1 50                                           
2019-02-06 13:28:28,001 DEBUG n.e.o.t.s.UpdateSvc                 - sunn-cr5:10/1/5 50                                          
2019-02-06 13:28:28,001 DEBUG n.e.o.t.s.UpdateSvc                 - sunn-cr5:10/1/4 50                                          
2019-02-06 13:28:28,001 DEBUG n.e.o.t.s.UpdateSvc                 - sunn-cr5:2/2/1 50                                           
2019-02-06 13:28:28,001 DEBUG n.e.o.t.s.UpdateSvc                 - sunn-cr5:2/1/1 50                                           
2019-02-06 13:28:28,001 DEBUG n.e.o.t.s.UpdateSvc                 - sunn-cr5:8/1/1 50                                           
2019-02-06 13:28:28,002 DEBUG n.e.o.t.s.UpdateSvc                 - sunn-cr5:10/1/1 50                                          
2019-02-06 13:28:28,002 DEBUG n.e.o.t.s.UpdateSvc                 - sunn-cr5:10/2/5 50                                          
2019-02-06 13:28:28,002 DEBUG n.e.o.t.s.UpdateSvc                 - sunn-cr5:7/1/1 50                                           
2019-02-06 13:28:28,002 DEBUG n.e.o.t.s.UpdateSvc                 - sunn-cr5:10/1/2 50                                          
2019-02-06 13:28:28,002 DEBUG n.e.o.t.s.UpdateSvc                 - sunn-cr5:10/1/3 50                                          
2019-02-06 13:28:28,002 DEBUG n.e.o.t.s.UpdateSvc                 - sunn-cr5:5/2/1 50                                           
2019-02-06 13:28:28,002 DEBUG n.e.o.t.s.UpdateSvc                 - sunn-cr5:5/1/1 50                                           
2019-02-06 13:28:28,002 DEBUG n.e.o.t.s.UpdateSvc                 - sunn-cr5:4/1/1 50                                           
2019-02-06 13:28:28,008 INFO  n.e.o.t.s.UpdateSvc                 - inserting p: sunn-cr5:9/1/1 to sunn-cr5                     
2019-02-06 13:28:28,009 DEBUG n.e.o.t.s.UpdateSvc                 - sunn-cr5:10/2/4 50                                          
2019-02-06 13:28:28,010 DEBUG n.e.o.t.s.UpdateSvc                 - sunn-cr5:10/2/6 50                                          
2019-02-06 13:28:28,010 DEBUG n.e.o.t.s.UpdateSvc                 - sunn-cr5:10/1/6 50                                          
2019-02-06 13:28:28,010 DEBUG n.e.o.t.s.UpdateSvc                 - sunn-cr5:10/2/3 50                                          
2019-02-06 13:28:28,010 DEBUG n.e.o.t.s.UpdateSvc                 - sunn-cr5:10/2/1 50                                          
2019-02-06 13:28:28,010 DEBUG n.e.o.t.s.UpdateSvc                 - sunn-cr5:10/2/2 50                                          
2019-02-06 13:28:28,010 DEBUG n.e.o.t.s.UpdateSvc                 - sunn-cr5:9/1/2 50                                           
2019-02-06 13:28:28,010 DEBUG n.e.o.t.s.UpdateSvc                 - sunn-cr5:7/2/1 50                                           
2019-02-06 13:28:28,010 DEBUG n.e.o.t.s.UpdateSvc                 - sunn-cr5:9/1/1 50                                           
2019-02-06 13:28:28,010 DEBUG n.e.o.t.s.UpdateSvc                 - sunn-cr5:10/1/5 50                                          
2019-02-06 13:28:28,010 DEBUG n.e.o.t.s.UpdateSvc                 - sunn-cr5:10/1/4 50                                          
2019-02-06 13:28:28,010 DEBUG n.e.o.t.s.UpdateSvc                 - sunn-cr5:2/2/1 50                                           
2019-02-06 13:28:28,010 DEBUG n.e.o.t.s.UpdateSvc                 - sunn-cr5:2/1/1 50                                           
2019-02-06 13:28:28,010 DEBUG n.e.o.t.s.UpdateSvc                 - sunn-cr5:8/1/1 50                                           
2019-02-06 13:28:28,010 DEBUG n.e.o.t.s.UpdateSvc                 - sunn-cr5:10/1/1 50                                          
2019-02-06 13:28:28,010 DEBUG n.e.o.t.s.UpdateSvc                 - sunn-cr5:10/2/5 50                                          
2019-02-06 13:28:28,010 DEBUG n.e.o.t.s.UpdateSvc                 - sunn-cr5:7/1/1 50                                           
2019-02-06 13:28:28,010 DEBUG n.e.o.t.s.UpdateSvc                 - sunn-cr5:10/1/2 50                                          
2019-02-06 13:28:28,010 DEBUG n.e.o.t.s.UpdateSvc                 - sunn-cr5:10/1/3 50                                          
2019-02-06 13:28:28,010 DEBUG n.e.o.t.s.UpdateSvc                 - sunn-cr5:5/2/1 50                                           
2019-02-06 13:28:28,010 DEBUG n.e.o.t.s.UpdateSvc                 - sunn-cr5:5/1/1 50                                           
2019-02-06 13:28:28,011 DEBUG n.e.o.t.s.UpdateSvc                 - sunn-cr5:4/1/1 50                                           
2019-02-06 13:28:28,018 INFO  n.e.o.t.s.UpdateSvc                 - inserting p: fnal-mr2:xe-8/1/0 to fnal-mr2                  
2019-02-06 13:28:28,020 DEBUG n.e.o.t.s.UpdateSvc                 - fnal-mr2:xe-0/0/0 65                                        
2019-02-06 13:28:28,020 DEBUG n.e.o.t.s.UpdateSvc                 - fnal-mr2:xe-8/1/0 65                                        
2019-02-06 13:28:28,020 DEBUG n.e.o.t.s.UpdateSvc                 - fnal-mr2:xe-1/3/0 65                                        
2019-02-06 13:28:28,024 INFO  n.e.o.t.s.UpdateSvc                 - inserting p: aofa-cr5:7/2/1 to aofa-cr5                     
2019-02-06 13:28:28,025 DEBUG n.e.o.t.s.UpdateSvc                 - aofa-cr5:4/2/1 69                                           
2019-02-06 13:28:28,025 DEBUG n.e.o.t.s.UpdateSvc                 - aofa-cr5:2/1/1 69                                           
2019-02-06 13:28:28,025 DEBUG n.e.o.t.s.UpdateSvc                 - aofa-cr5:9/1/1 69                                           
2019-02-06 13:28:28,025 DEBUG n.e.o.t.s.UpdateSvc                 - aofa-cr5:3/1/1 69                                           
2019-02-06 13:28:28,025 DEBUG n.e.o.t.s.UpdateSvc                 - aofa-cr5:10/1/9 69                                          
2019-02-06 13:28:28,025 DEBUG n.e.o.t.s.UpdateSvc                 - aofa-cr5:10/1/1 69                                          
2019-02-06 13:28:28,025 DEBUG n.e.o.t.s.UpdateSvc                 - aofa-cr5:6/2/1 69                                           
2019-02-06 13:28:28,025 DEBUG n.e.o.t.s.UpdateSvc                 - aofa-cr5:1/1/1 69                                           
2019-02-06 13:28:28,025 DEBUG n.e.o.t.s.UpdateSvc                 - aofa-cr5:10/1/2 69                                          
2019-02-06 13:28:28,025 DEBUG n.e.o.t.s.UpdateSvc                 - aofa-cr5:7/2/1 69                                           
2019-02-06 13:28:28,025 DEBUG n.e.o.t.s.UpdateSvc                 - aofa-cr5:10/1/8 69                                          
2019-02-06 13:28:28,025 DEBUG n.e.o.t.s.UpdateSvc                 - aofa-cr5:9/1/5 69                                           
2019-02-06 13:28:28,026 DEBUG n.e.o.t.s.UpdateSvc                 - aofa-cr5:4/1/1 69                                           
2019-02-06 13:28:28,026 DEBUG n.e.o.t.s.UpdateSvc                 - aofa-cr5:5/1/1 69                                           
2019-02-06 13:28:28,031 INFO  n.e.o.t.s.UpdateSvc                 - inserting p: ga-rt2:xe-0/0/0 to ga-rt2                      
2019-02-06 13:28:28,032 DEBUG n.e.o.t.s.UpdateSvc                 - ga-rt2:ge-1/0/3 37                                          
2019-02-06 13:28:28,032 DEBUG n.e.o.t.s.UpdateSvc                 - ga-rt2:ge-1/1/3 37                                          
2019-02-06 13:28:28,032 DEBUG n.e.o.t.s.UpdateSvc                 - ga-rt2:xe-0/0/0 37                                          
2019-02-06 13:28:28,032 DEBUG n.e.o.t.s.UpdateSvc                 - ga-rt2:ge-1/0/5 37                                          
2019-02-06 13:28:28,038 INFO  n.e.o.t.s.UpdateSvc                 - inserting p: fnal-mr2:xe-1/1/0 to fnal-mr2                  
2019-02-06 13:28:28,038 DEBUG n.e.o.t.s.UpdateSvc                 - fnal-mr2:xe-0/0/0 65                                        
2019-02-06 13:28:28,038 DEBUG n.e.o.t.s.UpdateSvc                 - fnal-mr2:xe-8/1/0 65                                        
2019-02-06 13:28:28,038 DEBUG n.e.o.t.s.UpdateSvc                 - fnal-mr2:xe-1/3/0 65                                        
2019-02-06 13:28:28,038 DEBUG n.e.o.t.s.UpdateSvc                 - fnal-mr2:xe-1/1/0 65                                        
2019-02-06 13:28:28,042 INFO  n.e.o.t.s.UpdateSvc                 - inserting p: elpa-cr5:3/1/1 to elpa-cr5                     
2019-02-06 13:28:28,043 DEBUG n.e.o.t.s.UpdateSvc                 - elpa-cr5:10/1/3 46                                          
2019-02-06 13:28:28,043 DEBUG n.e.o.t.s.UpdateSvc                 - elpa-cr5:1/1/1 46                                           
2019-02-06 13:28:28,043 DEBUG n.e.o.t.s.UpdateSvc                 - elpa-cr5:10/1/5 46                                          
2019-02-06 13:28:28,043 DEBUG n.e.o.t.s.UpdateSvc                 - elpa-cr5:3/1/1 46                                           
2019-02-06 13:28:28,043 DEBUG n.e.o.t.s.UpdateSvc                 - elpa-cr5:10/1/4 46                                          
2019-02-06 13:28:28,047 INFO  n.e.o.t.s.UpdateSvc                 - inserting p: netl-mgn-rt1:xe-2/0/0 to netl-mgn-rt1          
2019-02-06 13:28:28,047 DEBUG n.e.o.t.s.UpdateSvc                 - netl-mgn-rt1:xe-2/0/0 43                                    
2019-02-06 13:28:28,054 INFO  n.e.o.t.s.UpdateSvc                 - inserting p: netl-mgn-rt1:xe-2/0/1 to netl-mgn-rt1          
2019-02-06 13:28:28,055 DEBUG n.e.o.t.s.UpdateSvc                 - netl-mgn-rt1:xe-2/0/1 43                                    
2019-02-06 13:28:28,055 DEBUG n.e.o.t.s.UpdateSvc                 - netl-mgn-rt1:xe-2/0/0 43                                    
2019-02-06 13:28:28,059 INFO  n.e.o.t.s.UpdateSvc                 - inserting p: pppl-rt5:xe-1/2/0 to pppl-rt5                  
2019-02-06 13:28:28,060 DEBUG n.e.o.t.s.UpdateSvc                 - pppl-rt5:xe-1/3/0 30                                        
2019-02-06 13:28:28,060 DEBUG n.e.o.t.s.UpdateSvc                 - pppl-rt5:xe-1/2/0 30                                        
2019-02-06 13:28:28,064 INFO  n.e.o.t.s.UpdateSvc                 - inserting p: hous-cr5:2/1/1 to hous-cr5                     
2019-02-06 13:28:28,065 DEBUG n.e.o.t.s.UpdateSvc                 - hous-cr5:2/1/1 68                                           
2019-02-06 13:28:28,065 DEBUG n.e.o.t.s.UpdateSvc                 - hous-cr5:10/1/4 68                                          
2019-02-06 13:28:28,065 DEBUG n.e.o.t.s.UpdateSvc                 - hous-cr5:10/1/3 68                                          
2019-02-06 13:28:28,065 DEBUG n.e.o.t.s.UpdateSvc                 - hous-cr5:3/1/1 68                                           
2019-02-06 13:28:28,065 DEBUG n.e.o.t.s.UpdateSvc                 - hous-cr5:1/1/1 68                                           
2019-02-06 13:28:28,071 INFO  n.e.o.t.s.UpdateSvc                 - inserting p: netl-mgn-rt1:xe-2/0/2 to netl-mgn-rt1          
2019-02-06 13:28:28,072 DEBUG n.e.o.t.s.UpdateSvc                 - netl-mgn-rt1:xe-2/0/1 43                                    
2019-02-06 13:28:28,072 DEBUG n.e.o.t.s.UpdateSvc                 - netl-mgn-rt1:xe-2/0/0 43                                    
2019-02-06 13:28:28,072 DEBUG n.e.o.t.s.UpdateSvc                 - netl-mgn-rt1:xe-2/0/2 43                                    
2019-02-06 13:28:28,076 INFO  n.e.o.t.s.UpdateSvc                 - inserting p: netl-mgn-rt1:xe-2/0/3 to netl-mgn-rt1          
2019-02-06 13:28:28,077 DEBUG n.e.o.t.s.UpdateSvc                 - netl-mgn-rt1:xe-2/0/1 43                                    
2019-02-06 13:28:28,077 DEBUG n.e.o.t.s.UpdateSvc                 - netl-mgn-rt1:xe-2/0/3 43                                    
2019-02-06 13:28:28,077 DEBUG n.e.o.t.s.UpdateSvc                 - netl-mgn-rt1:xe-2/0/0 43                                    
2019-02-06 13:28:28,077 DEBUG n.e.o.t.s.UpdateSvc                 - netl-mgn-rt1:xe-2/0/2 43                                    
2019-02-06 13:28:28,081 INFO  n.e.o.t.s.UpdateSvc                 - inserting p: lbl-mr2:ge-9/1/2 to lbl-mr2                    
2019-02-06 13:28:28,082 DEBUG n.e.o.t.s.UpdateSvc                 - lbl-mr2:ge-9/1/2 74                                         
2019-02-06 13:28:28,082 DEBUG n.e.o.t.s.UpdateSvc                 - lbl-mr2:xe-7/2/0 74                                         
2019-02-06 13:28:28,082 DEBUG n.e.o.t.s.UpdateSvc                 - lbl-mr2:xe-8/1/0 74                                         
2019-02-06 13:28:28,082 DEBUG n.e.o.t.s.UpdateSvc                 - lbl-mr2:xe-7/0/0 74                                         
2019-02-06 13:28:28,083 DEBUG n.e.o.t.s.UpdateSvc                 - lbl-mr2:xe-2/3/0 74                                         
2019-02-06 13:28:28,083 DEBUG n.e.o.t.s.UpdateSvc                 - lbl-mr2:xe-0/2/0 74                                         
2019-02-06 13:28:28,084 DEBUG n.e.o.t.s.UpdateSvc                 - lbl-mr2:xe-0/1/0 74                                         
2019-02-06 13:28:28,084 DEBUG n.e.o.t.s.UpdateSvc                 - lbl-mr2:ae0 74                                              
2019-02-06 13:28:28,084 DEBUG n.e.o.t.s.UpdateSvc                 - lbl-mr2:ge-9/0/4 74                                         
2019-02-06 13:28:28,085 DEBUG n.e.o.t.s.UpdateSvc                 - lbl-mr2:xe-1/1/0 74                                         
2019-02-06 13:28:28,085 DEBUG n.e.o.t.s.UpdateSvc                 - lbl-mr2:xe-8/3/0 74                                         
2019-02-06 13:28:28,090 INFO  n.e.o.t.s.UpdateSvc                 - inserting p: kans-cr5:4/1/1 to kans-cr5                     
2019-02-06 13:28:28,091 DEBUG n.e.o.t.s.UpdateSvc                 - kans-cr5:4/1/1 38                                           
2019-02-06 13:28:28,091 DEBUG n.e.o.t.s.UpdateSvc                 - kans-cr5:1/1/1 38                                           
2019-02-06 13:28:28,091 DEBUG n.e.o.t.s.UpdateSvc                 - kans-cr5:10/1/3 38                                          
2019-02-06 13:28:28,091 DEBUG n.e.o.t.s.UpdateSvc                 - kans-cr5:3/1/1 38                                           
2019-02-06 13:28:28,091 DEBUG n.e.o.t.s.UpdateSvc                 - kans-cr5:10/1/4 38                                          
2019-02-06 13:28:28,091 DEBUG n.e.o.t.s.UpdateSvc                 - kans-cr5:2/1/1 38                                           
2019-02-06 13:28:28,094 INFO  n.e.o.t.s.UpdateSvc                 - inserting p: bois-cr1:xe-7/0/0 to bois-cr1                  
2019-02-06 13:28:28,095 DEBUG n.e.o.t.s.UpdateSvc                 - bois-cr1:xe-7/3/0 39                                        
2019-02-06 13:28:28,095 DEBUG n.e.o.t.s.UpdateSvc                 - bois-cr1:xe-0/0/0 39                                        
2019-02-06 13:28:28,095 DEBUG n.e.o.t.s.UpdateSvc                 - bois-cr1:xe-1/2/0 39                                        
2019-02-06 13:28:28,095 DEBUG n.e.o.t.s.UpdateSvc                 - bois-cr1:xe-0/1/0 39                                        
2019-02-06 13:28:28,095 DEBUG n.e.o.t.s.UpdateSvc                 - bois-cr1:xe-1/0/0 39                                        
2019-02-06 13:28:28,095 DEBUG n.e.o.t.s.UpdateSvc                 - bois-cr1:xe-7/1/0 39                                        
2019-02-06 13:28:28,095 DEBUG n.e.o.t.s.UpdateSvc                 - bois-cr1:xe-0/2/0 39                                        
2019-02-06 13:28:28,095 DEBUG n.e.o.t.s.UpdateSvc                 - bois-cr1:xe-7/0/0 39                                        
2019-02-06 13:28:28,100 INFO  n.e.o.t.s.UpdateSvc                 - inserting p: star-cr5:10/1/10 to star-cr5                   
2019-02-06 13:28:28,102 DEBUG n.e.o.t.s.UpdateSvc                 - star-cr5:3/2/1 76                                           
2019-02-06 13:28:28,102 DEBUG n.e.o.t.s.UpdateSvc                 - star-cr5:6/2/1 76                                           
2019-02-06 13:28:28,102 DEBUG n.e.o.t.s.UpdateSvc                 - star-cr5:4/2/1 76                                           
2019-02-06 13:28:28,102 DEBUG n.e.o.t.s.UpdateSvc                 - star-cr5:BLANK 76                                           
2019-02-06 13:28:28,102 DEBUG n.e.o.t.s.UpdateSvc                 - star-cr5:10/1/1 76                                          
2019-02-06 13:28:28,102 DEBUG n.e.o.t.s.UpdateSvc                 - star-cr5:10/1/8 76                                          
2019-02-06 13:28:28,102 DEBUG n.e.o.t.s.UpdateSvc                 - star-cr5:5/1/1 76                                           
2019-02-06 13:28:28,102 DEBUG n.e.o.t.s.UpdateSvc                 - star-cr5:3/1/1 76                                           
2019-02-06 13:28:28,103 DEBUG n.e.o.t.s.UpdateSvc                 - star-cr5:6/1/1 76                                           
2019-02-06 13:28:28,103 DEBUG n.e.o.t.s.UpdateSvc                 - star-cr5:1/2/1 76                                           
2019-02-06 13:28:28,103 DEBUG n.e.o.t.s.UpdateSvc                 - star-cr5:10/1/10 76                                         
2019-02-06 13:28:28,103 DEBUG n.e.o.t.s.UpdateSvc                 - star-cr5:4/1/1 76                                           
2019-02-06 13:28:28,103 DEBUG n.e.o.t.s.UpdateSvc                 - star-cr5:10/1/7 76                                          
2019-02-06 13:28:28,108 INFO  n.e.o.t.s.UpdateSvc                 - inserting p: lbl-mr2:ge-9/1/0 to lbl-mr2                    
2019-02-06 13:28:28,109 DEBUG n.e.o.t.s.UpdateSvc                 - lbl-mr2:ge-9/1/2 74                                         
2019-02-06 13:28:28,109 DEBUG n.e.o.t.s.UpdateSvc                 - lbl-mr2:xe-7/2/0 74                                         
2019-02-06 13:28:28,109 DEBUG n.e.o.t.s.UpdateSvc                 - lbl-mr2:xe-8/1/0 74                                         
2019-02-06 13:28:28,110 DEBUG n.e.o.t.s.UpdateSvc                 - lbl-mr2:xe-7/0/0 74                                         
2019-02-06 13:28:28,110 DEBUG n.e.o.t.s.UpdateSvc                 - lbl-mr2:xe-2/3/0 74                                         
2019-02-06 13:28:28,110 DEBUG n.e.o.t.s.UpdateSvc                 - lbl-mr2:xe-0/2/0 74                                         
2019-02-06 13:28:28,110 DEBUG n.e.o.t.s.UpdateSvc                 - lbl-mr2:xe-0/1/0 74                                         
2019-02-06 13:28:28,110 DEBUG n.e.o.t.s.UpdateSvc                 - lbl-mr2:ae0 74                                              
2019-02-06 13:28:28,110 DEBUG n.e.o.t.s.UpdateSvc                 - lbl-mr2:ge-9/0/4 74                                         
2019-02-06 13:28:28,110 DEBUG n.e.o.t.s.UpdateSvc                 - lbl-mr2:ge-9/1/0 74                                         
2019-02-06 13:28:28,110 DEBUG n.e.o.t.s.UpdateSvc                 - lbl-mr2:xe-1/1/0 74                                         
2019-02-06 13:28:28,110 DEBUG n.e.o.t.s.UpdateSvc                 - lbl-mr2:xe-8/3/0 74                                         
2019-02-06 13:28:28,115 INFO  n.e.o.t.s.UpdateSvc                 - inserting p: snll-mr2:xe-1/1/0 to snll-mr2                  
2019-02-06 13:28:28,116 DEBUG n.e.o.t.s.UpdateSvc                 - snll-mr2:xe-2/2/0 40                                        
2019-02-06 13:28:28,116 DEBUG n.e.o.t.s.UpdateSvc                 - snll-mr2:xe-2/3/0 40                                        
2019-02-06 13:28:28,116 DEBUG n.e.o.t.s.UpdateSvc                 - snll-mr2:xe-2/0/0 40                                        
2019-02-06 13:28:28,116 DEBUG n.e.o.t.s.UpdateSvc                 - snll-mr2:xe-1/3/0 40                                        
2019-02-06 13:28:28,116 DEBUG n.e.o.t.s.UpdateSvc                 - snll-mr2:xe-0/2/0 40                                        
2019-02-06 13:28:28,116 DEBUG n.e.o.t.s.UpdateSvc                 - snll-mr2:xe-1/2/0 40                                        
2019-02-06 13:28:28,116 DEBUG n.e.o.t.s.UpdateSvc                 - snll-mr2:xe-1/1/0 40                                        
2019-02-06 13:28:28,120 INFO  n.e.o.t.s.UpdateSvc                 - inserting p: sunn-cr5:9/1/5 to sunn-cr5                     
2019-02-06 13:28:28,121 DEBUG n.e.o.t.s.UpdateSvc                 - sunn-cr5:10/2/4 50                                          
2019-02-06 13:28:28,121 DEBUG n.e.o.t.s.UpdateSvc                 - sunn-cr5:10/2/6 50                                          
2019-02-06 13:28:28,121 DEBUG n.e.o.t.s.UpdateSvc                 - sunn-cr5:10/1/6 50                                          
2019-02-06 13:28:28,121 DEBUG n.e.o.t.s.UpdateSvc                 - sunn-cr5:10/2/3 50                                          
2019-02-06 13:28:28,121 DEBUG n.e.o.t.s.UpdateSvc                 - sunn-cr5:10/2/1 50                                          
2019-02-06 13:28:28,121 DEBUG n.e.o.t.s.UpdateSvc                 - sunn-cr5:10/2/2 50                                          
2019-02-06 13:28:28,121 DEBUG n.e.o.t.s.UpdateSvc                 - sunn-cr5:9/1/2 50                                           
2019-02-06 13:28:28,121 DEBUG n.e.o.t.s.UpdateSvc                 - sunn-cr5:7/2/1 50                                           
2019-02-06 13:28:28,121 DEBUG n.e.o.t.s.UpdateSvc                 - sunn-cr5:9/1/1 50                                           
2019-02-06 13:28:28,121 DEBUG n.e.o.t.s.UpdateSvc                 - sunn-cr5:10/1/5 50                                          
2019-02-06 13:28:28,121 DEBUG n.e.o.t.s.UpdateSvc                 - sunn-cr5:10/1/4 50                                          
2019-02-06 13:28:28,121 DEBUG n.e.o.t.s.UpdateSvc                 - sunn-cr5:2/2/1 50                                           
2019-02-06 13:28:28,121 DEBUG n.e.o.t.s.UpdateSvc                 - sunn-cr5:2/1/1 50                                           
2019-02-06 13:28:28,121 DEBUG n.e.o.t.s.UpdateSvc                 - sunn-cr5:8/1/1 50                                           
2019-02-06 13:28:28,121 DEBUG n.e.o.t.s.UpdateSvc                 - sunn-cr5:10/1/1 50                                          
2019-02-06 13:28:28,121 DEBUG n.e.o.t.s.UpdateSvc                 - sunn-cr5:10/2/5 50                                          
2019-02-06 13:28:28,122 DEBUG n.e.o.t.s.UpdateSvc                 - sunn-cr5:7/1/1 50                                           
2019-02-06 13:28:28,122 DEBUG n.e.o.t.s.UpdateSvc                 - sunn-cr5:10/1/2 50                                          
2019-02-06 13:28:28,122 DEBUG n.e.o.t.s.UpdateSvc                 - sunn-cr5:10/1/3 50                                          
2019-02-06 13:28:28,122 DEBUG n.e.o.t.s.UpdateSvc                 - sunn-cr5:5/2/1 50                                           
2019-02-06 13:28:28,122 DEBUG n.e.o.t.s.UpdateSvc                 - sunn-cr5:5/1/1 50                                           
2019-02-06 13:28:28,122 DEBUG n.e.o.t.s.UpdateSvc                 - sunn-cr5:4/1/1 50                                           
2019-02-06 13:28:28,122 DEBUG n.e.o.t.s.UpdateSvc                 - sunn-cr5:9/1/5 50                                           
2019-02-06 13:28:28,126 INFO  n.e.o.t.s.UpdateSvc                 - inserting p: lbl-mr2:ge-9/1/8 to lbl-mr2                    
2019-02-06 13:28:28,128 DEBUG n.e.o.t.s.UpdateSvc                 - lbl-mr2:ge-9/1/2 74                                         
2019-02-06 13:28:28,128 DEBUG n.e.o.t.s.UpdateSvc                 - lbl-mr2:xe-8/1/0 74                                         
2019-02-06 13:28:28,128 DEBUG n.e.o.t.s.UpdateSvc                 - lbl-mr2:xe-2/3/0 74                                         
2019-02-06 13:28:28,128 DEBUG n.e.o.t.s.UpdateSvc                 - lbl-mr2:xe-0/2/0 74                                         
2019-02-06 13:28:28,128 DEBUG n.e.o.t.s.UpdateSvc                 - lbl-mr2:xe-0/1/0 74                                         
2019-02-06 13:28:28,128 DEBUG n.e.o.t.s.UpdateSvc                 - lbl-mr2:ge-9/1/0 74                                         
2019-02-06 13:28:28,128 DEBUG n.e.o.t.s.UpdateSvc                 - lbl-mr2:xe-8/3/0 74                                         
2019-02-06 13:28:28,128 DEBUG n.e.o.t.s.UpdateSvc                 - lbl-mr2:ge-9/1/8 74                                         
2019-02-06 13:28:28,128 DEBUG n.e.o.t.s.UpdateSvc                 - lbl-mr2:xe-7/2/0 74                                         
2019-02-06 13:28:28,128 DEBUG n.e.o.t.s.UpdateSvc                 - lbl-mr2:xe-7/0/0 74                                         
2019-02-06 13:28:28,128 DEBUG n.e.o.t.s.UpdateSvc                 - lbl-mr2:ae0 74                                              
2019-02-06 13:28:28,129 DEBUG n.e.o.t.s.UpdateSvc                 - lbl-mr2:ge-9/0/4 74                                         
2019-02-06 13:28:28,129 DEBUG n.e.o.t.s.UpdateSvc                 - lbl-mr2:xe-1/1/0 74                                         
2019-02-06 13:28:28,136 INFO  n.e.o.t.s.UpdateSvc                 - inserting p: sunn-cr5:9/1/3 to sunn-cr5                     
2019-02-06 13:28:28,137 DEBUG n.e.o.t.s.UpdateSvc                 - sunn-cr5:10/2/4 50                                          
2019-02-06 13:28:28,137 DEBUG n.e.o.t.s.UpdateSvc                 - sunn-cr5:10/2/6 50                                          
2019-02-06 13:28:28,137 DEBUG n.e.o.t.s.UpdateSvc                 - sunn-cr5:10/1/6 50                                          
2019-02-06 13:28:28,137 DEBUG n.e.o.t.s.UpdateSvc                 - sunn-cr5:10/2/3 50                                          
2019-02-06 13:28:28,137 DEBUG n.e.o.t.s.UpdateSvc                 - sunn-cr5:10/2/1 50                                          
2019-02-06 13:28:28,137 DEBUG n.e.o.t.s.UpdateSvc                 - sunn-cr5:10/2/2 50                                          
2019-02-06 13:28:28,137 DEBUG n.e.o.t.s.UpdateSvc                 - sunn-cr5:9/1/2 50                                           
2019-02-06 13:28:28,137 DEBUG n.e.o.t.s.UpdateSvc                 - sunn-cr5:7/2/1 50                                           
2019-02-06 13:28:28,137 DEBUG n.e.o.t.s.UpdateSvc                 - sunn-cr5:9/1/1 50                                           
2019-02-06 13:28:28,137 DEBUG n.e.o.t.s.UpdateSvc                 - sunn-cr5:10/1/5 50                                          
2019-02-06 13:28:28,137 DEBUG n.e.o.t.s.UpdateSvc                 - sunn-cr5:9/1/3 50                                           
2019-02-06 13:28:28,138 DEBUG n.e.o.t.s.UpdateSvc                 - sunn-cr5:10/1/4 50                                          
2019-02-06 13:28:28,138 DEBUG n.e.o.t.s.UpdateSvc                 - sunn-cr5:2/2/1 50                                           
2019-02-06 13:28:28,138 DEBUG n.e.o.t.s.UpdateSvc                 - sunn-cr5:2/1/1 50                                           
2019-02-06 13:28:28,138 DEBUG n.e.o.t.s.UpdateSvc                 - sunn-cr5:8/1/1 50                                           
2019-02-06 13:28:28,138 DEBUG n.e.o.t.s.UpdateSvc                 - sunn-cr5:10/1/1 50                                          
2019-02-06 13:28:28,138 DEBUG n.e.o.t.s.UpdateSvc                 - sunn-cr5:10/2/5 50                                          
2019-02-06 13:28:28,138 DEBUG n.e.o.t.s.UpdateSvc                 - sunn-cr5:7/1/1 50                                           
2019-02-06 13:28:28,138 DEBUG n.e.o.t.s.UpdateSvc                 - sunn-cr5:10/1/2 50                                          
2019-02-06 13:28:28,138 DEBUG n.e.o.t.s.UpdateSvc                 - sunn-cr5:10/1/3 50                                          
2019-02-06 13:28:28,138 DEBUG n.e.o.t.s.UpdateSvc                 - sunn-cr5:5/2/1 50                                           
2019-02-06 13:28:28,138 DEBUG n.e.o.t.s.UpdateSvc                 - sunn-cr5:5/1/1 50                                           
2019-02-06 13:28:28,138 DEBUG n.e.o.t.s.UpdateSvc                 - sunn-cr5:4/1/1 50                                           
2019-02-06 13:28:28,138 DEBUG n.e.o.t.s.UpdateSvc                 - sunn-cr5:9/1/5 50                                           
2019-02-06 13:28:28,144 INFO  n.e.o.t.s.UpdateSvc                 - inserting p: star-cr5:1/1/1 to star-cr5                     
2019-02-06 13:28:28,145 DEBUG n.e.o.t.s.UpdateSvc                 - star-cr5:3/2/1 76                                           
2019-02-06 13:28:28,145 DEBUG n.e.o.t.s.UpdateSvc                 - star-cr5:6/2/1 76                                           
2019-02-06 13:28:28,145 DEBUG n.e.o.t.s.UpdateSvc                 - star-cr5:4/2/1 76                                           
2019-02-06 13:28:28,145 DEBUG n.e.o.t.s.UpdateSvc                 - star-cr5:BLANK 76                                           
2019-02-06 13:28:28,145 DEBUG n.e.o.t.s.UpdateSvc                 - star-cr5:10/1/1 76                                          
2019-02-06 13:28:28,145 DEBUG n.e.o.t.s.UpdateSvc                 - star-cr5:10/1/8 76                                          
2019-02-06 13:28:28,145 DEBUG n.e.o.t.s.UpdateSvc                 - star-cr5:1/1/1 76                                           
2019-02-06 13:28:28,145 DEBUG n.e.o.t.s.UpdateSvc                 - star-cr5:5/1/1 76                                           
2019-02-06 13:28:28,145 DEBUG n.e.o.t.s.UpdateSvc                 - star-cr5:3/1/1 76                                           
2019-02-06 13:28:28,145 DEBUG n.e.o.t.s.UpdateSvc                 - star-cr5:6/1/1 76                                           
2019-02-06 13:28:28,145 DEBUG n.e.o.t.s.UpdateSvc                 - star-cr5:1/2/1 76                                           
2019-02-06 13:28:28,145 DEBUG n.e.o.t.s.UpdateSvc                 - star-cr5:10/1/10 76                                         
2019-02-06 13:28:28,145 DEBUG n.e.o.t.s.UpdateSvc                 - star-cr5:4/1/1 76                                           
2019-02-06 13:28:28,146 DEBUG n.e.o.t.s.UpdateSvc                 - star-cr5:10/1/7 76                                          
2019-02-06 13:28:28,152 INFO  n.e.o.t.s.UpdateSvc                 - inserting p: jgi-mr2:xe-2/2/0 to jgi-mr2                    
2019-02-06 13:28:28,153 DEBUG n.e.o.t.s.UpdateSvc                 - jgi-mr2:xe-2/2/0 61                                         
2019-02-06 13:28:28,153 DEBUG n.e.o.t.s.UpdateSvc                 - jgi-mr2:xe-1/3/0 61                                         
2019-02-06 13:28:28,158 INFO  n.e.o.t.s.UpdateSvc                 - inserting p: srs-rt3:ge-1/1/0 to srs-rt3                    
2019-02-06 13:28:28,159 DEBUG n.e.o.t.s.UpdateSvc                 - srs-rt3:ge-0/1/0 31                                         
2019-02-06 13:28:28,159 DEBUG n.e.o.t.s.UpdateSvc                 - srs-rt3:ge-1/1/0 31                                         
2019-02-06 13:28:28,159 DEBUG n.e.o.t.s.UpdateSvc                 - srs-rt3:ge-0/0/0 31                                         
2019-02-06 13:28:28,159 DEBUG n.e.o.t.s.UpdateSvc                 - srs-rt3:ge-1/0/0 31                                         
2019-02-06 13:28:28,163 INFO  n.e.o.t.s.UpdateSvc                 - inserting p: wash-cr5:2/1/1 to wash-cr5                     
2019-02-06 13:28:28,163 DEBUG n.e.o.t.s.UpdateSvc                 - wash-cr5:10/1/9 36                                          
2019-02-06 13:28:28,163 DEBUG n.e.o.t.s.UpdateSvc                 - wash-cr5:6/1/1 36                                           
2019-02-06 13:28:28,163 DEBUG n.e.o.t.s.UpdateSvc                 - wash-cr5:10/1/5 36                                          
2019-02-06 13:28:28,163 DEBUG n.e.o.t.s.UpdateSvc                 - wash-cr5:10/1/10 36                                         
2019-02-06 13:28:28,163 DEBUG n.e.o.t.s.UpdateSvc                 - wash-cr5:4/1/1 36                                           
2019-02-06 13:28:28,164 DEBUG n.e.o.t.s.UpdateSvc                 - wash-cr5:1/1/1 36                                           
2019-02-06 13:28:28,164 DEBUG n.e.o.t.s.UpdateSvc                 - wash-cr5:4/2/1 36                                           
2019-02-06 13:28:28,164 DEBUG n.e.o.t.s.UpdateSvc                 - wash-cr5:5/2/1 36                                           
2019-02-06 13:28:28,164 DEBUG n.e.o.t.s.UpdateSvc                 - wash-cr5:10/1/4 36                                          
2019-02-06 13:28:28,164 DEBUG n.e.o.t.s.UpdateSvc                 - wash-cr5:2/1/1 36                                           
2019-02-06 13:28:28,164 DEBUG n.e.o.t.s.UpdateSvc                 - wash-cr5:5/1/1 36                                           
2019-02-06 13:28:28,164 DEBUG n.e.o.t.s.UpdateSvc                 - wash-cr5:10/1/3 36                                          
2019-02-06 13:28:28,171 INFO  n.e.o.t.s.UpdateSvc                 - inserting p: star-cr5:8/1/4 to star-cr5                     
2019-02-06 13:28:28,172 DEBUG n.e.o.t.s.UpdateSvc                 - star-cr5:3/2/1 76                                           
2019-02-06 13:28:28,172 DEBUG n.e.o.t.s.UpdateSvc                 - star-cr5:6/2/1 76                                           
2019-02-06 13:28:28,172 DEBUG n.e.o.t.s.UpdateSvc                 - star-cr5:4/2/1 76                                           
2019-02-06 13:28:28,173 DEBUG n.e.o.t.s.UpdateSvc                 - star-cr5:BLANK 76                                           
2019-02-06 13:28:28,173 DEBUG n.e.o.t.s.UpdateSvc                 - star-cr5:10/1/1 76                                          
2019-02-06 13:28:28,173 DEBUG n.e.o.t.s.UpdateSvc                 - star-cr5:10/1/8 76                                          
2019-02-06 13:28:28,173 DEBUG n.e.o.t.s.UpdateSvc                 - star-cr5:1/1/1 76                                           
2019-02-06 13:28:28,173 DEBUG n.e.o.t.s.UpdateSvc                 - star-cr5:5/1/1 76                                           
2019-02-06 13:28:28,173 DEBUG n.e.o.t.s.UpdateSvc                 - star-cr5:3/1/1 76                                           
2019-02-06 13:28:28,173 DEBUG n.e.o.t.s.UpdateSvc                 - star-cr5:6/1/1 76                                           
2019-02-06 13:28:28,173 DEBUG n.e.o.t.s.UpdateSvc                 - star-cr5:1/2/1 76                                           
2019-02-06 13:28:28,173 DEBUG n.e.o.t.s.UpdateSvc                 - star-cr5:10/1/10 76                                         
2019-02-06 13:28:28,173 DEBUG n.e.o.t.s.UpdateSvc                 - star-cr5:8/1/4 76                                           
2019-02-06 13:28:28,173 DEBUG n.e.o.t.s.UpdateSvc                 - star-cr5:4/1/1 76                                           
2019-02-06 13:28:28,173 DEBUG n.e.o.t.s.UpdateSvc                 - star-cr5:10/1/7 76                                          
2019-02-06 13:28:28,180 INFO  n.e.o.t.s.UpdateSvc                 - inserting p: star-cr5:8/1/6 to star-cr5                     
2019-02-06 13:28:28,181 DEBUG n.e.o.t.s.UpdateSvc                 - star-cr5:3/2/1 76                                           
2019-02-06 13:28:28,181 DEBUG n.e.o.t.s.UpdateSvc                 - star-cr5:6/2/1 76                                           
2019-02-06 13:28:28,181 DEBUG n.e.o.t.s.UpdateSvc                 - star-cr5:4/2/1 76                                           
2019-02-06 13:28:28,181 DEBUG n.e.o.t.s.UpdateSvc                 - star-cr5:BLANK 76                                           
2019-02-06 13:28:28,182 DEBUG n.e.o.t.s.UpdateSvc                 - star-cr5:10/1/1 76                                          
2019-02-06 13:28:28,182 DEBUG n.e.o.t.s.UpdateSvc                 - star-cr5:10/1/8 76                                          
2019-02-06 13:28:28,182 DEBUG n.e.o.t.s.UpdateSvc                 - star-cr5:1/1/1 76                                           
2019-02-06 13:28:28,182 DEBUG n.e.o.t.s.UpdateSvc                 - star-cr5:5/1/1 76                                           
2019-02-06 13:28:28,182 DEBUG n.e.o.t.s.UpdateSvc                 - star-cr5:3/1/1 76                                           
2019-02-06 13:28:28,182 DEBUG n.e.o.t.s.UpdateSvc                 - star-cr5:6/1/1 76                                           
2019-02-06 13:28:28,182 DEBUG n.e.o.t.s.UpdateSvc                 - star-cr5:1/2/1 76                                           
2019-02-06 13:28:28,183 DEBUG n.e.o.t.s.UpdateSvc                 - star-cr5:8/1/6 76                                           
2019-02-06 13:28:28,183 DEBUG n.e.o.t.s.UpdateSvc                 - star-cr5:10/1/10 76                                         
2019-02-06 13:28:28,183 DEBUG n.e.o.t.s.UpdateSvc                 - star-cr5:8/1/4 76                                           
2019-02-06 13:28:28,184 DEBUG n.e.o.t.s.UpdateSvc                 - star-cr5:4/1/1 76                                           
2019-02-06 13:28:28,186 DEBUG n.e.o.t.s.UpdateSvc                 - star-cr5:10/1/7 76                                          
2019-02-06 13:28:28,191 INFO  n.e.o.t.s.UpdateSvc                 - inserting p: sunn-cr5:8/2/1 to sunn-cr5                     
2019-02-06 13:28:28,192 DEBUG n.e.o.t.s.UpdateSvc                 - sunn-cr5:10/1/6 50                                          
2019-02-06 13:28:28,192 DEBUG n.e.o.t.s.UpdateSvc                 - sunn-cr5:10/2/1 50                                          
2019-02-06 13:28:28,192 DEBUG n.e.o.t.s.UpdateSvc                 - sunn-cr5:9/1/2 50                                           
2019-02-06 13:28:28,193 DEBUG n.e.o.t.s.UpdateSvc                 - sunn-cr5:7/2/1 50                                           
2019-02-06 13:28:28,193 DEBUG n.e.o.t.s.UpdateSvc                 - sunn-cr5:9/1/1 50                                           
2019-02-06 13:28:28,193 DEBUG n.e.o.t.s.UpdateSvc                 - sunn-cr5:9/1/3 50                                           
2019-02-06 13:28:28,193 DEBUG n.e.o.t.s.UpdateSvc                 - sunn-cr5:10/1/1 50                                          
2019-02-06 13:28:28,193 DEBUG n.e.o.t.s.UpdateSvc                 - sunn-cr5:7/1/1 50                                           
2019-02-06 13:28:28,193 DEBUG n.e.o.t.s.UpdateSvc                 - sunn-cr5:10/1/2 50                                          
2019-02-06 13:28:28,193 DEBUG n.e.o.t.s.UpdateSvc                 - sunn-cr5:5/1/1 50                                           
2019-02-06 13:28:28,193 DEBUG n.e.o.t.s.UpdateSvc                 - sunn-cr5:4/1/1 50                                           
2019-02-06 13:28:28,193 DEBUG n.e.o.t.s.UpdateSvc                 - sunn-cr5:10/2/4 50                                          
2019-02-06 13:28:28,193 DEBUG n.e.o.t.s.UpdateSvc                 - sunn-cr5:10/2/6 50                                          
2019-02-06 13:28:28,193 DEBUG n.e.o.t.s.UpdateSvc                 - sunn-cr5:10/2/3 50                                          
2019-02-06 13:28:28,193 DEBUG n.e.o.t.s.UpdateSvc                 - sunn-cr5:10/2/2 50                                          
2019-02-06 13:28:28,193 DEBUG n.e.o.t.s.UpdateSvc                 - sunn-cr5:10/1/5 50                                          
2019-02-06 13:28:28,193 DEBUG n.e.o.t.s.UpdateSvc                 - sunn-cr5:10/1/4 50                                          
2019-02-06 13:28:28,193 DEBUG n.e.o.t.s.UpdateSvc                 - sunn-cr5:2/2/1 50                                           
2019-02-06 13:28:28,193 DEBUG n.e.o.t.s.UpdateSvc                 - sunn-cr5:2/1/1 50                                           
2019-02-06 13:28:28,193 DEBUG n.e.o.t.s.UpdateSvc                 - sunn-cr5:8/1/1 50                                           
2019-02-06 13:28:28,193 DEBUG n.e.o.t.s.UpdateSvc                 - sunn-cr5:10/2/5 50                                          
2019-02-06 13:28:28,193 DEBUG n.e.o.t.s.UpdateSvc                 - sunn-cr5:10/1/3 50                                          
2019-02-06 13:28:28,193 DEBUG n.e.o.t.s.UpdateSvc                 - sunn-cr5:5/2/1 50                                           
2019-02-06 13:28:28,193 DEBUG n.e.o.t.s.UpdateSvc                 - sunn-cr5:8/2/1 50                                           
2019-02-06 13:28:28,193 DEBUG n.e.o.t.s.UpdateSvc                 - sunn-cr5:9/1/5 50                                           
2019-02-06 13:28:28,200 INFO  n.e.o.t.s.UpdateSvc                 - inserting p: star-cr5:8/1/2 to star-cr5                     
2019-02-06 13:28:28,202 DEBUG n.e.o.t.s.UpdateSvc                 - star-cr5:3/2/1 76                                           
2019-02-06 13:28:28,203 DEBUG n.e.o.t.s.UpdateSvc                 - star-cr5:6/2/1 76                                           
2019-02-06 13:28:28,203 DEBUG n.e.o.t.s.UpdateSvc                 - star-cr5:4/2/1 76                                           
2019-02-06 13:28:28,203 DEBUG n.e.o.t.s.UpdateSvc                 - star-cr5:BLANK 76                                           
2019-02-06 13:28:28,203 DEBUG n.e.o.t.s.UpdateSvc                 - star-cr5:10/1/1 76                                          
2019-02-06 13:28:28,203 DEBUG n.e.o.t.s.UpdateSvc                 - star-cr5:10/1/8 76                                          
2019-02-06 13:28:28,203 DEBUG n.e.o.t.s.UpdateSvc                 - star-cr5:8/1/2 76                                           
2019-02-06 13:28:28,203 DEBUG n.e.o.t.s.UpdateSvc                 - star-cr5:1/1/1 76                                           
2019-02-06 13:28:28,203 DEBUG n.e.o.t.s.UpdateSvc                 - star-cr5:5/1/1 76                                           
2019-02-06 13:28:28,203 DEBUG n.e.o.t.s.UpdateSvc                 - star-cr5:3/1/1 76                                           
2019-02-06 13:28:28,203 DEBUG n.e.o.t.s.UpdateSvc                 - star-cr5:6/1/1 76                                           
2019-02-06 13:28:28,203 DEBUG n.e.o.t.s.UpdateSvc                 - star-cr5:1/2/1 76                                           
2019-02-06 13:28:28,203 DEBUG n.e.o.t.s.UpdateSvc                 - star-cr5:8/1/6 76                                           
2019-02-06 13:28:28,203 DEBUG n.e.o.t.s.UpdateSvc                 - star-cr5:10/1/10 76                                         
2019-02-06 13:28:28,203 DEBUG n.e.o.t.s.UpdateSvc                 - star-cr5:8/1/4 76                                           
2019-02-06 13:28:28,203 DEBUG n.e.o.t.s.UpdateSvc                 - star-cr5:4/1/1 76                                           
2019-02-06 13:28:28,203 DEBUG n.e.o.t.s.UpdateSvc                 - star-cr5:10/1/7 76                                          
2019-02-06 13:28:28,206 INFO  n.e.o.t.s.UpdateSvc                 - inserting p: chic-cr5:5/1/1 to chic-cr5                     
2019-02-06 13:28:28,207 DEBUG n.e.o.t.s.UpdateSvc                 - chic-cr5:7/1/1 55                                           
2019-02-06 13:28:28,207 DEBUG n.e.o.t.s.UpdateSvc                 - chic-cr5:6/1/1 55                                           
2019-02-06 13:28:28,207 DEBUG n.e.o.t.s.UpdateSvc                 - chic-cr5:2/1/1 55                                           
2019-02-06 13:28:28,207 DEBUG n.e.o.t.s.UpdateSvc                 - chic-cr5:10/1/3 55                                          
2019-02-06 13:28:28,208 DEBUG n.e.o.t.s.UpdateSvc                 - chic-cr5:10/1/1 55                                          
2019-02-06 13:28:28,208 DEBUG n.e.o.t.s.UpdateSvc                 - chic-cr5:1/1/1 55                                           
2019-02-06 13:28:28,208 DEBUG n.e.o.t.s.UpdateSvc                 - chic-cr5:BLANK 55                                           
2019-02-06 13:28:28,208 DEBUG n.e.o.t.s.UpdateSvc                 - chic-cr5:10/1/5 55                                          
2019-02-06 13:28:28,208 DEBUG n.e.o.t.s.UpdateSvc                 - chic-cr5:3/1/1 55                                           
2019-02-06 13:28:28,208 DEBUG n.e.o.t.s.UpdateSvc                 - chic-cr5:7/2/1 55                                           
2019-02-06 13:28:28,208 DEBUG n.e.o.t.s.UpdateSvc                 - chic-cr5:4/1/1 55                                           
2019-02-06 13:28:28,208 DEBUG n.e.o.t.s.UpdateSvc                 - chic-cr5:10/1/7 55                                          
2019-02-06 13:28:28,208 DEBUG n.e.o.t.s.UpdateSvc                 - chic-cr5:6/2/1 55                                           
2019-02-06 13:28:28,208 DEBUG n.e.o.t.s.UpdateSvc                 - chic-cr5:10/1/4 55                                          
2019-02-06 13:28:28,208 DEBUG n.e.o.t.s.UpdateSvc                 - chic-cr5:5/1/1 55                                           
2019-02-06 13:28:28,208 DEBUG n.e.o.t.s.UpdateSvc                 - chic-cr5:8/1/1 55                                           
2019-02-06 13:28:28,212 INFO  n.e.o.t.s.UpdateSvc                 - inserting p: lbl-mr2:xe-2/1/0 to lbl-mr2                    
2019-02-06 13:28:28,213 DEBUG n.e.o.t.s.UpdateSvc                 - lbl-mr2:ge-9/1/2 74                                         
2019-02-06 13:28:28,213 DEBUG n.e.o.t.s.UpdateSvc                 - lbl-mr2:xe-8/1/0 74                                         
2019-02-06 13:28:28,213 DEBUG n.e.o.t.s.UpdateSvc                 - lbl-mr2:xe-2/3/0 74                                         
2019-02-06 13:28:28,213 DEBUG n.e.o.t.s.UpdateSvc                 - lbl-mr2:xe-0/2/0 74                                         
2019-02-06 13:28:28,213 DEBUG n.e.o.t.s.UpdateSvc                 - lbl-mr2:xe-0/1/0 74                                         
2019-02-06 13:28:28,213 DEBUG n.e.o.t.s.UpdateSvc                 - lbl-mr2:xe-2/1/0 74                                         
2019-02-06 13:28:28,213 DEBUG n.e.o.t.s.UpdateSvc                 - lbl-mr2:ge-9/1/0 74                                         
2019-02-06 13:28:28,213 DEBUG n.e.o.t.s.UpdateSvc                 - lbl-mr2:xe-8/3/0 74                                         
2019-02-06 13:28:28,213 DEBUG n.e.o.t.s.UpdateSvc                 - lbl-mr2:ge-9/1/8 74                                         
2019-02-06 13:28:28,213 DEBUG n.e.o.t.s.UpdateSvc                 - lbl-mr2:xe-7/2/0 74                                         
2019-02-06 13:28:28,213 DEBUG n.e.o.t.s.UpdateSvc                 - lbl-mr2:xe-7/0/0 74                                         
2019-02-06 13:28:28,213 DEBUG n.e.o.t.s.UpdateSvc                 - lbl-mr2:ae0 74                                              
2019-02-06 13:28:28,213 DEBUG n.e.o.t.s.UpdateSvc                 - lbl-mr2:ge-9/0/4 74                                         
2019-02-06 13:28:28,213 DEBUG n.e.o.t.s.UpdateSvc                 - lbl-mr2:xe-1/1/0 74                                         
2019-02-06 13:28:28,232 INFO  n.e.o.t.s.UpdateSvc                 - inserting p: pppl-rt5:ge-0/0/2 to pppl-rt5                  
2019-02-06 13:28:28,234 DEBUG n.e.o.t.s.UpdateSvc                 - pppl-rt5:ge-0/0/2 30                                        
2019-02-06 13:28:28,235 DEBUG n.e.o.t.s.UpdateSvc                 - pppl-rt5:xe-1/3/0 30                                        
2019-02-06 13:28:28,235 DEBUG n.e.o.t.s.UpdateSvc                 - pppl-rt5:xe-1/2/0 30                                        
2019-02-06 13:28:28,240 INFO  n.e.o.t.s.UpdateSvc                 - inserting p: orau-rt4:ge-0/1/0 to orau-rt4                  
2019-02-06 13:28:28,241 DEBUG n.e.o.t.s.UpdateSvc                 - orau-rt4:ge-0/1/0 32                                        
2019-02-06 13:28:28,246 INFO  n.e.o.t.s.UpdateSvc                 - inserting p: orau-rt4:ge-0/1/1 to orau-rt4                  
2019-02-06 13:28:28,247 DEBUG n.e.o.t.s.UpdateSvc                 - orau-rt4:ge-0/1/1 32                                        
2019-02-06 13:28:28,247 DEBUG n.e.o.t.s.UpdateSvc                 - orau-rt4:ge-0/1/0 32                                        
2019-02-06 13:28:28,251 INFO  n.e.o.t.s.UpdateSvc                 - inserting p: orau-rt4:ge-0/1/2 to orau-rt4                  
2019-02-06 13:28:28,252 DEBUG n.e.o.t.s.UpdateSvc                 - orau-rt4:ge-0/1/1 32                                        
2019-02-06 13:28:28,252 DEBUG n.e.o.t.s.UpdateSvc                 - orau-rt4:ge-0/1/0 32                                        
2019-02-06 13:28:28,252 DEBUG n.e.o.t.s.UpdateSvc                 - orau-rt4:ge-0/1/2 32                                        
2019-02-06 13:28:28,256 INFO  n.e.o.t.s.UpdateSvc                 - inserting p: eqx-chi-cr5:1/1/1 to eqx-chi-cr5               
2019-02-06 13:28:28,257 DEBUG n.e.o.t.s.UpdateSvc                 - eqx-chi-cr5:1/1/1 58                                        
2019-02-06 13:28:28,257 DEBUG n.e.o.t.s.UpdateSvc                 - eqx-chi-cr5:10/1/2 58                                       
2019-02-06 13:28:28,257 DEBUG n.e.o.t.s.UpdateSvc                 - eqx-chi-cr5:10/1/3 58                                       
2019-02-06 13:28:28,257 DEBUG n.e.o.t.s.UpdateSvc                 - eqx-chi-cr5:10/1/1 58                                       
2019-02-06 13:28:28,257 DEBUG n.e.o.t.s.UpdateSvc                 - eqx-chi-cr5:BLANK 58                                        
2019-02-06 13:28:28,261 INFO  n.e.o.t.s.UpdateSvc                 - inserting p: orau-rt4:ge-0/1/3 to orau-rt4                  
2019-02-06 13:28:28,262 DEBUG n.e.o.t.s.UpdateSvc                 - orau-rt4:ge-0/1/1 32                                        
2019-02-06 13:28:28,262 DEBUG n.e.o.t.s.UpdateSvc                 - orau-rt4:ge-0/1/0 32                                        
2019-02-06 13:28:28,262 DEBUG n.e.o.t.s.UpdateSvc                 - orau-rt4:ge-0/1/3 32                                        
2019-02-06 13:28:28,262 DEBUG n.e.o.t.s.UpdateSvc                 - orau-rt4:ge-0/1/2 32                                        
2019-02-06 13:28:28,265 INFO  n.e.o.t.s.UpdateSvc                 - inserting p: orau-rt4:ge-0/1/4 to orau-rt4                  
2019-02-06 13:28:28,266 DEBUG n.e.o.t.s.UpdateSvc                 - orau-rt4:ge-0/1/1 32                                        
2019-02-06 13:28:28,266 DEBUG n.e.o.t.s.UpdateSvc                 - orau-rt4:ge-0/1/0 32                                        
2019-02-06 13:28:28,266 DEBUG n.e.o.t.s.UpdateSvc                 - orau-rt4:ge-0/1/4 32                                        
2019-02-06 13:28:28,266 DEBUG n.e.o.t.s.UpdateSvc                 - orau-rt4:ge-0/1/3 32                                        
2019-02-06 13:28:28,266 DEBUG n.e.o.t.s.UpdateSvc                 - orau-rt4:ge-0/1/2 32                                        
2019-02-06 13:28:28,271 INFO  n.e.o.t.s.UpdateSvc                 - inserting p: slac-mr2:xe-1/3/0 to slac-mr2                  
2019-02-06 13:28:28,272 DEBUG n.e.o.t.s.UpdateSvc                 - slac-mr2:xe-1/1/0 56                                        
2019-02-06 13:28:28,272 DEBUG n.e.o.t.s.UpdateSvc                 - slac-mr2:xe-1/3/0 56                                        
2019-02-06 13:28:28,272 DEBUG n.e.o.t.s.UpdateSvc                 - slac-mr2:xe-0/0/0 56                                        
2019-02-06 13:28:28,272 DEBUG n.e.o.t.s.UpdateSvc                 - slac-mr2:xe-0/2/0 56                                        
2019-02-06 13:28:28,272 DEBUG n.e.o.t.s.UpdateSvc                 - slac-mr2:xe-0/1/0 56                                        
2019-02-06 13:28:28,276 INFO  n.e.o.t.s.UpdateSvc                 - inserting p: jgi-mr2:xe-0/2/0 to jgi-mr2                    
2019-02-06 13:28:28,276 DEBUG n.e.o.t.s.UpdateSvc                 - jgi-mr2:xe-2/2/0 61                                         
2019-02-06 13:28:28,276 DEBUG n.e.o.t.s.UpdateSvc                 - jgi-mr2:xe-0/2/0 61                                         
2019-02-06 13:28:28,277 DEBUG n.e.o.t.s.UpdateSvc                 - jgi-mr2:xe-1/3/0 61                                         
2019-02-06 13:28:28,281 INFO  n.e.o.t.s.UpdateSvc                 - inserting p: pppl-rt5:xe-1/1/0 to pppl-rt5                  
2019-02-06 13:28:28,282 DEBUG n.e.o.t.s.UpdateSvc                 - pppl-rt5:ge-0/0/2 30                                        
2019-02-06 13:28:28,282 DEBUG n.e.o.t.s.UpdateSvc                 - pppl-rt5:xe-1/3/0 30                                        
2019-02-06 13:28:28,282 DEBUG n.e.o.t.s.UpdateSvc                 - pppl-rt5:xe-1/1/0 30                                        
2019-02-06 13:28:28,282 DEBUG n.e.o.t.s.UpdateSvc                 - pppl-rt5:xe-1/2/0 30                                        
2019-02-06 13:28:28,287 INFO  n.e.o.t.s.UpdateSvc                 - inserting p: lbl-mr2:xe-1/3/0 to lbl-mr2                    
2019-02-06 13:28:28,288 DEBUG n.e.o.t.s.UpdateSvc                 - lbl-mr2:ge-9/1/2 74                                         
2019-02-06 13:28:28,288 DEBUG n.e.o.t.s.UpdateSvc                 - lbl-mr2:xe-8/1/0 74                                         
2019-02-06 13:28:28,288 DEBUG n.e.o.t.s.UpdateSvc                 - lbl-mr2:xe-2/3/0 74                                         
2019-02-06 13:28:28,288 DEBUG n.e.o.t.s.UpdateSvc                 - lbl-mr2:xe-0/2/0 74                                         
2019-02-06 13:28:28,288 DEBUG n.e.o.t.s.UpdateSvc                 - lbl-mr2:xe-0/1/0 74                                         
2019-02-06 13:28:28,288 DEBUG n.e.o.t.s.UpdateSvc                 - lbl-mr2:xe-2/1/0 74                                         
2019-02-06 13:28:28,288 DEBUG n.e.o.t.s.UpdateSvc                 - lbl-mr2:ge-9/1/0 74                                         
2019-02-06 13:28:28,288 DEBUG n.e.o.t.s.UpdateSvc                 - lbl-mr2:xe-8/3/0 74                                         
2019-02-06 13:28:28,288 DEBUG n.e.o.t.s.UpdateSvc                 - lbl-mr2:ge-9/1/8 74                                         
2019-02-06 13:28:28,288 DEBUG n.e.o.t.s.UpdateSvc                 - lbl-mr2:xe-7/2/0 74                                         
2019-02-06 13:28:28,288 DEBUG n.e.o.t.s.UpdateSvc                 - lbl-mr2:xe-7/0/0 74                                         
2019-02-06 13:28:28,288 DEBUG n.e.o.t.s.UpdateSvc                 - lbl-mr2:ae0 74                                              
2019-02-06 13:28:28,288 DEBUG n.e.o.t.s.UpdateSvc                 - lbl-mr2:xe-1/3/0 74                                         
2019-02-06 13:28:28,288 DEBUG n.e.o.t.s.UpdateSvc                 - lbl-mr2:ge-9/0/4 74                                         
2019-02-06 13:28:28,289 DEBUG n.e.o.t.s.UpdateSvc                 - lbl-mr2:xe-1/1/0 74                                         
2019-02-06 13:28:28,292 INFO  n.e.o.t.s.UpdateSvc                 - inserting p: ornl-cr5:9/1/4 to ornl-cr5                     
2019-02-06 13:28:28,294 DEBUG n.e.o.t.s.UpdateSvc                 - ornl-cr5:10/1/3 64                                          
2019-02-06 13:28:28,294 DEBUG n.e.o.t.s.UpdateSvc                 - ornl-cr5:9/1/4 64                                           
2019-02-06 13:28:28,294 DEBUG n.e.o.t.s.UpdateSvc                 - ornl-cr5:10/1/1 64                                          
2019-02-06 13:28:28,294 DEBUG n.e.o.t.s.UpdateSvc                 - ornl-cr5:6/1/1 64                                           
2019-02-06 13:28:28,294 DEBUG n.e.o.t.s.UpdateSvc                 - ornl-cr5:10/1/2 64                                          
2019-02-06 13:28:28,294 DEBUG n.e.o.t.s.UpdateSvc                 - ornl-cr5:7/1/1 64                                           
2019-02-06 13:28:28,298 INFO  n.e.o.t.s.UpdateSvc                 - inserting p: sunn-cr5:1/1/1 to sunn-cr5                     
2019-02-06 13:28:28,299 DEBUG n.e.o.t.s.UpdateSvc                 - sunn-cr5:10/1/6 50                                          
2019-02-06 13:28:28,299 DEBUG n.e.o.t.s.UpdateSvc                 - sunn-cr5:10/2/1 50                                          
2019-02-06 13:28:28,299 DEBUG n.e.o.t.s.UpdateSvc                 - sunn-cr5:9/1/2 50                                           
2019-02-06 13:28:28,299 DEBUG n.e.o.t.s.UpdateSvc                 - sunn-cr5:7/2/1 50                                           
2019-02-06 13:28:28,299 DEBUG n.e.o.t.s.UpdateSvc                 - sunn-cr5:9/1/1 50                                           
2019-02-06 13:28:28,299 DEBUG n.e.o.t.s.UpdateSvc                 - sunn-cr5:9/1/3 50                                           
2019-02-06 13:28:28,299 DEBUG n.e.o.t.s.UpdateSvc                 - sunn-cr5:10/1/1 50                                          
2019-02-06 13:28:28,300 DEBUG n.e.o.t.s.UpdateSvc                 - sunn-cr5:7/1/1 50                                           
2019-02-06 13:28:28,300 DEBUG n.e.o.t.s.UpdateSvc                 - sunn-cr5:10/1/2 50                                          
2019-02-06 13:28:28,301 DEBUG n.e.o.t.s.UpdateSvc                 - sunn-cr5:5/1/1 50                                           
2019-02-06 13:28:28,301 DEBUG n.e.o.t.s.UpdateSvc                 - sunn-cr5:4/1/1 50                                           
2019-02-06 13:28:28,302 DEBUG n.e.o.t.s.UpdateSvc                 - sunn-cr5:10/2/4 50                                          
2019-02-06 13:28:28,302 DEBUG n.e.o.t.s.UpdateSvc                 - sunn-cr5:10/2/6 50                                          
2019-02-06 13:28:28,302 DEBUG n.e.o.t.s.UpdateSvc                 - sunn-cr5:10/2/3 50                                          
2019-02-06 13:28:28,302 DEBUG n.e.o.t.s.UpdateSvc                 - sunn-cr5:1/1/1 50                                           
2019-02-06 13:28:28,302 DEBUG n.e.o.t.s.UpdateSvc                 - sunn-cr5:10/2/2 50                                          
2019-02-06 13:28:28,302 DEBUG n.e.o.t.s.UpdateSvc                 - sunn-cr5:10/1/5 50                                          
2019-02-06 13:28:28,302 DEBUG n.e.o.t.s.UpdateSvc                 - sunn-cr5:10/1/4 50                                          
2019-02-06 13:28:28,302 DEBUG n.e.o.t.s.UpdateSvc                 - sunn-cr5:2/2/1 50                                           
2019-02-06 13:28:28,302 DEBUG n.e.o.t.s.UpdateSvc                 - sunn-cr5:2/1/1 50                                           
2019-02-06 13:28:28,302 DEBUG n.e.o.t.s.UpdateSvc                 - sunn-cr5:8/1/1 50                                           
2019-02-06 13:28:28,302 DEBUG n.e.o.t.s.UpdateSvc                 - sunn-cr5:10/2/5 50                                          
2019-02-06 13:28:28,302 DEBUG n.e.o.t.s.UpdateSvc                 - sunn-cr5:10/1/3 50                                          
2019-02-06 13:28:28,302 DEBUG n.e.o.t.s.UpdateSvc                 - sunn-cr5:5/2/1 50                                           
2019-02-06 13:28:28,302 DEBUG n.e.o.t.s.UpdateSvc                 - sunn-cr5:8/2/1 50                                           
2019-02-06 13:28:28,302 DEBUG n.e.o.t.s.UpdateSvc                 - sunn-cr5:9/1/5 50                                           
2019-02-06 13:28:28,307 INFO  n.e.o.t.s.UpdateSvc                 - inserting p: fnal-mr2:xe-8/3/0 to fnal-mr2                  
2019-02-06 13:28:28,308 DEBUG n.e.o.t.s.UpdateSvc                 - fnal-mr2:xe-0/0/0 65                                        
2019-02-06 13:28:28,308 DEBUG n.e.o.t.s.UpdateSvc                 - fnal-mr2:xe-8/1/0 65                                        
2019-02-06 13:28:28,308 DEBUG n.e.o.t.s.UpdateSvc                 - fnal-mr2:xe-1/3/0 65                                        
2019-02-06 13:28:28,308 DEBUG n.e.o.t.s.UpdateSvc                 - fnal-mr2:xe-8/3/0 65                                        
2019-02-06 13:28:28,308 DEBUG n.e.o.t.s.UpdateSvc                 - fnal-mr2:xe-1/1/0 65                                        
2019-02-06 13:28:28,313 INFO  n.e.o.t.s.UpdateSvc                 - inserting p: ga-rt2:xe-0/2/0 to ga-rt2                      
2019-02-06 13:28:28,314 DEBUG n.e.o.t.s.UpdateSvc                 - ga-rt2:xe-0/2/0 37                                          
2019-02-06 13:28:28,314 DEBUG n.e.o.t.s.UpdateSvc                 - ga-rt2:ge-1/0/3 37                                          
2019-02-06 13:28:28,314 DEBUG n.e.o.t.s.UpdateSvc                 - ga-rt2:ge-1/1/3 37                                          
2019-02-06 13:28:28,314 DEBUG n.e.o.t.s.UpdateSvc                 - ga-rt2:xe-0/0/0 37                                          
2019-02-06 13:28:28,314 DEBUG n.e.o.t.s.UpdateSvc                 - ga-rt2:ge-1/0/5 37                                          
2019-02-06 13:28:28,321 INFO  n.e.o.t.s.UpdateSvc                 - inserting p: elpa-cr5:2/1/1 to elpa-cr5                     
2019-02-06 13:28:28,322 DEBUG n.e.o.t.s.UpdateSvc                 - elpa-cr5:10/1/3 46                                          
2019-02-06 13:28:28,322 DEBUG n.e.o.t.s.UpdateSvc                 - elpa-cr5:1/1/1 46                                           
2019-02-06 13:28:28,322 DEBUG n.e.o.t.s.UpdateSvc                 - elpa-cr5:10/1/5 46                                          
2019-02-06 13:28:28,322 DEBUG n.e.o.t.s.UpdateSvc                 - elpa-cr5:3/1/1 46                                           
2019-02-06 13:28:28,322 DEBUG n.e.o.t.s.UpdateSvc                 - elpa-cr5:2/1/1 46                                           
2019-02-06 13:28:28,322 DEBUG n.e.o.t.s.UpdateSvc                 - elpa-cr5:10/1/4 46                                          
2019-02-06 13:28:28,327 INFO  n.e.o.t.s.UpdateSvc                 - inserting p: chic-cr5:3/2/1 to chic-cr5                     
2019-02-06 13:28:28,328 DEBUG n.e.o.t.s.UpdateSvc                 - chic-cr5:7/1/1 55                                           
2019-02-06 13:28:28,328 DEBUG n.e.o.t.s.UpdateSvc                 - chic-cr5:6/1/1 55                                           
2019-02-06 13:28:28,328 DEBUG n.e.o.t.s.UpdateSvc                 - chic-cr5:2/1/1 55                                           
2019-02-06 13:28:28,328 DEBUG n.e.o.t.s.UpdateSvc                 - chic-cr5:10/1/3 55                                          
2019-02-06 13:28:28,328 DEBUG n.e.o.t.s.UpdateSvc                 - chic-cr5:10/1/1 55                                          
2019-02-06 13:28:28,328 DEBUG n.e.o.t.s.UpdateSvc                 - chic-cr5:1/1/1 55                                           
2019-02-06 13:28:28,328 DEBUG n.e.o.t.s.UpdateSvc                 - chic-cr5:BLANK 55                                           
2019-02-06 13:28:28,328 DEBUG n.e.o.t.s.UpdateSvc                 - chic-cr5:10/1/5 55                                          
2019-02-06 13:28:28,328 DEBUG n.e.o.t.s.UpdateSvc                 - chic-cr5:3/1/1 55                                           
2019-02-06 13:28:28,328 DEBUG n.e.o.t.s.UpdateSvc                 - chic-cr5:7/2/1 55                                           
2019-02-06 13:28:28,328 DEBUG n.e.o.t.s.UpdateSvc                 - chic-cr5:4/1/1 55                                           
2019-02-06 13:28:28,328 DEBUG n.e.o.t.s.UpdateSvc                 - chic-cr5:10/1/7 55                                          
2019-02-06 13:28:28,328 DEBUG n.e.o.t.s.UpdateSvc                 - chic-cr5:6/2/1 55                                           
2019-02-06 13:28:28,328 DEBUG n.e.o.t.s.UpdateSvc                 - chic-cr5:10/1/4 55                                          
2019-02-06 13:28:28,328 DEBUG n.e.o.t.s.UpdateSvc                 - chic-cr5:5/1/1 55                                           
2019-02-06 13:28:28,328 DEBUG n.e.o.t.s.UpdateSvc                 - chic-cr5:8/1/1 55                                           
2019-02-06 13:28:28,328 DEBUG n.e.o.t.s.UpdateSvc                 - chic-cr5:3/2/1 55                                           
2019-02-06 13:28:28,332 INFO  n.e.o.t.s.UpdateSvc                 - inserting p: srs-rt3:ge-1/2/0 to srs-rt3                    
2019-02-06 13:28:28,333 DEBUG n.e.o.t.s.UpdateSvc                 - srs-rt3:ge-0/1/0 31                                         
2019-02-06 13:28:28,333 DEBUG n.e.o.t.s.UpdateSvc                 - srs-rt3:ge-1/1/0 31                                         
2019-02-06 13:28:28,333 DEBUG n.e.o.t.s.UpdateSvc                 - srs-rt3:ge-0/0/0 31                                         
2019-02-06 13:28:28,333 DEBUG n.e.o.t.s.UpdateSvc                 - srs-rt3:ge-1/0/0 31                                         
2019-02-06 13:28:28,333 DEBUG n.e.o.t.s.UpdateSvc                 - srs-rt3:ge-1/2/0 31                                         
2019-02-06 13:28:28,339 INFO  n.e.o.t.s.UpdateSvc                 - inserting p: hous-cr5:4/1/1 to hous-cr5                     
2019-02-06 13:28:28,340 DEBUG n.e.o.t.s.UpdateSvc                 - hous-cr5:2/1/1 68                                           
2019-02-06 13:28:28,340 DEBUG n.e.o.t.s.UpdateSvc                 - hous-cr5:10/1/4 68                                          
2019-02-06 13:28:28,340 DEBUG n.e.o.t.s.UpdateSvc                 - hous-cr5:10/1/3 68                                          
2019-02-06 13:28:28,340 DEBUG n.e.o.t.s.UpdateSvc                 - hous-cr5:3/1/1 68                                           
2019-02-06 13:28:28,340 DEBUG n.e.o.t.s.UpdateSvc                 - hous-cr5:1/1/1 68                                           
2019-02-06 13:28:28,340 DEBUG n.e.o.t.s.UpdateSvc                 - hous-cr5:4/1/1 68                                           
2019-02-06 13:28:28,344 INFO  n.e.o.t.s.UpdateSvc                 - inserting p: amst-cr5:1/1/1 to amst-cr5                     
2019-02-06 13:28:28,344 DEBUG n.e.o.t.s.UpdateSvc                 - amst-cr5:2/1/1 72                                           
2019-02-06 13:28:28,344 DEBUG n.e.o.t.s.UpdateSvc                 - amst-cr5:1/1/1 72                                           
2019-02-06 13:28:28,344 DEBUG n.e.o.t.s.UpdateSvc                 - amst-cr5:10/2/5 72                                          
2019-02-06 13:28:28,344 DEBUG n.e.o.t.s.UpdateSvc                 - amst-cr5:10/1/2 72                                          
2019-02-06 13:28:28,344 DEBUG n.e.o.t.s.UpdateSvc                 - amst-cr5:5/1/1 72                                           
2019-02-06 13:28:28,345 DEBUG n.e.o.t.s.UpdateSvc                 - amst-cr5:10/1/1 72                                          
2019-02-06 13:28:28,345 DEBUG n.e.o.t.s.UpdateSvc                 - amst-cr5:3/1/1 72                                           
2019-02-06 13:28:28,349 INFO  n.e.o.t.s.UpdateSvc                 - inserting p: nash-cr5:4/1/1 to nash-cr5                     
2019-02-06 13:28:28,349 DEBUG n.e.o.t.s.UpdateSvc                 - nash-cr5:1/2/1 45                                           
2019-02-06 13:28:28,350 DEBUG n.e.o.t.s.UpdateSvc                 - nash-cr5:10/1/5 45                                          
2019-02-06 13:28:28,350 DEBUG n.e.o.t.s.UpdateSvc                 - nash-cr5:10/1/3 45                                          
2019-02-06 13:28:28,350 DEBUG n.e.o.t.s.UpdateSvc                 - nash-cr5:10/1/4 45                                          
2019-02-06 13:28:28,350 DEBUG n.e.o.t.s.UpdateSvc                 - nash-cr5:2/1/1 45                                           
2019-02-06 13:28:28,350 DEBUG n.e.o.t.s.UpdateSvc                 - nash-cr5:10/1/6 45                                          
2019-02-06 13:28:28,350 DEBUG n.e.o.t.s.UpdateSvc                 - nash-cr5:3/1/1 45                                           
2019-02-06 13:28:28,350 DEBUG n.e.o.t.s.UpdateSvc                 - nash-cr5:4/1/1 45                                           
2019-02-06 13:28:28,350 DEBUG n.e.o.t.s.UpdateSvc                 - nash-cr5:1/1/1 45                                           
2019-02-06 13:28:28,354 INFO  n.e.o.t.s.UpdateSvc                 - inserting p: pnwg-cr5:10/1/9 to pnwg-cr5                    
2019-02-06 13:28:28,355 DEBUG n.e.o.t.s.UpdateSvc                 - pnwg-cr5:BLANK 71                                           
2019-02-06 13:28:28,356 DEBUG n.e.o.t.s.UpdateSvc                 - pnwg-cr5:10/1/9 71                                          
2019-02-06 13:28:28,356 DEBUG n.e.o.t.s.UpdateSvc                 - pnwg-cr5:2/1/1 71                                           
2019-02-06 13:28:28,356 DEBUG n.e.o.t.s.UpdateSvc                 - pnwg-cr5:10/1/10 71                                         
2019-02-06 13:28:28,356 DEBUG n.e.o.t.s.UpdateSvc                 - pnwg-cr5:3/1/1 71                                           
2019-02-06 13:28:28,356 DEBUG n.e.o.t.s.UpdateSvc                 - pnwg-cr5:1/1/1 71                                           
2019-02-06 13:28:28,356 DEBUG n.e.o.t.s.UpdateSvc                 - pnwg-cr5:2/2/1 71                                           
2019-02-06 13:28:28,356 DEBUG n.e.o.t.s.UpdateSvc                 - pnwg-cr5:9/1/2 71                                           
2019-02-06 13:28:28,360 INFO  n.e.o.t.s.UpdateSvc                 - inserting p: lbl-mr2:xe-2/2/0 to lbl-mr2                    
2019-02-06 13:28:28,361 DEBUG n.e.o.t.s.UpdateSvc                 - lbl-mr2:ge-9/1/2 74                                         
2019-02-06 13:28:28,361 DEBUG n.e.o.t.s.UpdateSvc                 - lbl-mr2:xe-8/1/0 74                                         
2019-02-06 13:28:28,361 DEBUG n.e.o.t.s.UpdateSvc                 - lbl-mr2:xe-2/3/0 74                                         
2019-02-06 13:28:28,361 DEBUG n.e.o.t.s.UpdateSvc                 - lbl-mr2:xe-0/2/0 74                                         
2019-02-06 13:28:28,361 DEBUG n.e.o.t.s.UpdateSvc                 - lbl-mr2:xe-0/1/0 74                                         
2019-02-06 13:28:28,361 DEBUG n.e.o.t.s.UpdateSvc                 - lbl-mr2:xe-2/1/0 74                                         
2019-02-06 13:28:28,361 DEBUG n.e.o.t.s.UpdateSvc                 - lbl-mr2:ge-9/1/0 74                                         
2019-02-06 13:28:28,361 DEBUG n.e.o.t.s.UpdateSvc                 - lbl-mr2:xe-8/3/0 74                                         
2019-02-06 13:28:28,361 DEBUG n.e.o.t.s.UpdateSvc                 - lbl-mr2:ge-9/1/8 74                                         
2019-02-06 13:28:28,361 DEBUG n.e.o.t.s.UpdateSvc                 - lbl-mr2:xe-7/2/0 74                                         
2019-02-06 13:28:28,361 DEBUG n.e.o.t.s.UpdateSvc                 - lbl-mr2:xe-7/0/0 74                                         
2019-02-06 13:28:28,361 DEBUG n.e.o.t.s.UpdateSvc                 - lbl-mr2:ae0 74                                              
2019-02-06 13:28:28,362 DEBUG n.e.o.t.s.UpdateSvc                 - lbl-mr2:xe-1/3/0 74                                         
2019-02-06 13:28:28,362 DEBUG n.e.o.t.s.UpdateSvc                 - lbl-mr2:ge-9/0/4 74                                         
2019-02-06 13:28:28,362 DEBUG n.e.o.t.s.UpdateSvc                 - lbl-mr2:xe-1/1/0 74                                         
2019-02-06 13:28:28,362 DEBUG n.e.o.t.s.UpdateSvc                 - lbl-mr2:xe-2/2/0 74                                         
2019-02-06 13:28:28,365 INFO  n.e.o.t.s.UpdateSvc                 - inserting p: pnwg-cr5:10/1/6 to pnwg-cr5                    
2019-02-06 13:28:28,366 DEBUG n.e.o.t.s.UpdateSvc                 - pnwg-cr5:BLANK 71                                           
2019-02-06 13:28:28,366 DEBUG n.e.o.t.s.UpdateSvc                 - pnwg-cr5:10/1/9 71                                          
2019-02-06 13:28:28,366 DEBUG n.e.o.t.s.UpdateSvc                 - pnwg-cr5:2/1/1 71                                           
2019-02-06 13:28:28,366 DEBUG n.e.o.t.s.UpdateSvc                 - pnwg-cr5:10/1/10 71                                         
2019-02-06 13:28:28,366 DEBUG n.e.o.t.s.UpdateSvc                 - pnwg-cr5:10/1/6 71                                          
2019-02-06 13:28:28,366 DEBUG n.e.o.t.s.UpdateSvc                 - pnwg-cr5:3/1/1 71                                           
2019-02-06 13:28:28,366 DEBUG n.e.o.t.s.UpdateSvc                 - pnwg-cr5:1/1/1 71                                           
2019-02-06 13:28:28,366 DEBUG n.e.o.t.s.UpdateSvc                 - pnwg-cr5:2/2/1 71                                           
2019-02-06 13:28:28,367 DEBUG n.e.o.t.s.UpdateSvc                 - pnwg-cr5:9/1/2 71                                           
2019-02-06 13:28:28,372 INFO  n.e.o.t.s.UpdateSvc                 - inserting p: nash-cr5:4/2/1 to nash-cr5                     
2019-02-06 13:28:28,372 DEBUG n.e.o.t.s.UpdateSvc                 - nash-cr5:1/2/1 45                                           
2019-02-06 13:28:28,372 DEBUG n.e.o.t.s.UpdateSvc                 - nash-cr5:4/2/1 45                                           
2019-02-06 13:28:28,372 DEBUG n.e.o.t.s.UpdateSvc                 - nash-cr5:10/1/5 45                                          
2019-02-06 13:28:28,372 DEBUG n.e.o.t.s.UpdateSvc                 - nash-cr5:10/1/3 45                                          
2019-02-06 13:28:28,372 DEBUG n.e.o.t.s.UpdateSvc                 - nash-cr5:10/1/4 45                                          
2019-02-06 13:28:28,372 DEBUG n.e.o.t.s.UpdateSvc                 - nash-cr5:2/1/1 45                                           
2019-02-06 13:28:28,372 DEBUG n.e.o.t.s.UpdateSvc                 - nash-cr5:10/1/6 45                                          
2019-02-06 13:28:28,372 DEBUG n.e.o.t.s.UpdateSvc                 - nash-cr5:3/1/1 45                                           
2019-02-06 13:28:28,372 DEBUG n.e.o.t.s.UpdateSvc                 - nash-cr5:4/1/1 45                                           
2019-02-06 13:28:28,372 DEBUG n.e.o.t.s.UpdateSvc                 - nash-cr5:1/1/1 45                                           
2019-02-06 13:28:28,376 INFO  n.e.o.t.s.UpdateSvc                 - inserting p: pnwg-cr5:10/1/5 to pnwg-cr5                    
2019-02-06 13:28:28,377 DEBUG n.e.o.t.s.UpdateSvc                 - pnwg-cr5:BLANK 71                                           
2019-02-06 13:28:28,377 DEBUG n.e.o.t.s.UpdateSvc                 - pnwg-cr5:10/1/9 71                                          
2019-02-06 13:28:28,377 DEBUG n.e.o.t.s.UpdateSvc                 - pnwg-cr5:2/1/1 71                                           
2019-02-06 13:28:28,377 DEBUG n.e.o.t.s.UpdateSvc                 - pnwg-cr5:10/1/5 71                                          
2019-02-06 13:28:28,377 DEBUG n.e.o.t.s.UpdateSvc                 - pnwg-cr5:10/1/10 71                                         
2019-02-06 13:28:28,377 DEBUG n.e.o.t.s.UpdateSvc                 - pnwg-cr5:10/1/6 71                                          
2019-02-06 13:28:28,377 DEBUG n.e.o.t.s.UpdateSvc                 - pnwg-cr5:3/1/1 71                                           
2019-02-06 13:28:28,377 DEBUG n.e.o.t.s.UpdateSvc                 - pnwg-cr5:1/1/1 71                                           
2019-02-06 13:28:28,377 DEBUG n.e.o.t.s.UpdateSvc                 - pnwg-cr5:2/2/1 71                                           
2019-02-06 13:28:28,377 DEBUG n.e.o.t.s.UpdateSvc                 - pnwg-cr5:9/1/2 71                                           
2019-02-06 13:28:28,382 INFO  n.e.o.t.s.UpdateSvc                 - inserting p: pnwg-cr5:10/1/4 to pnwg-cr5                    
2019-02-06 13:28:28,383 DEBUG n.e.o.t.s.UpdateSvc                 - pnwg-cr5:BLANK 71                                           
2019-02-06 13:28:28,383 DEBUG n.e.o.t.s.UpdateSvc                 - pnwg-cr5:10/1/9 71                                          
2019-02-06 13:28:28,383 DEBUG n.e.o.t.s.UpdateSvc                 - pnwg-cr5:10/1/4 71                                          
2019-02-06 13:28:28,383 DEBUG n.e.o.t.s.UpdateSvc                 - pnwg-cr5:2/1/1 71                                           
2019-02-06 13:28:28,383 DEBUG n.e.o.t.s.UpdateSvc                 - pnwg-cr5:10/1/5 71                                          
2019-02-06 13:28:28,383 DEBUG n.e.o.t.s.UpdateSvc                 - pnwg-cr5:10/1/10 71                                         
2019-02-06 13:28:28,383 DEBUG n.e.o.t.s.UpdateSvc                 - pnwg-cr5:10/1/6 71                                          
2019-02-06 13:28:28,383 DEBUG n.e.o.t.s.UpdateSvc                 - pnwg-cr5:3/1/1 71                                           
2019-02-06 13:28:28,384 DEBUG n.e.o.t.s.UpdateSvc                 - pnwg-cr5:1/1/1 71                                           
2019-02-06 13:28:28,384 DEBUG n.e.o.t.s.UpdateSvc                 - pnwg-cr5:2/2/1 71                                           
2019-02-06 13:28:28,384 DEBUG n.e.o.t.s.UpdateSvc                 - pnwg-cr5:9/1/2 71                                           
2019-02-06 13:28:28,388 INFO  n.e.o.t.s.UpdateSvc                 - inserting p: slac-mr2:xe-1/2/0 to slac-mr2                  
2019-02-06 13:28:28,390 DEBUG n.e.o.t.s.UpdateSvc                 - slac-mr2:xe-1/1/0 56                                        
2019-02-06 13:28:28,390 DEBUG n.e.o.t.s.UpdateSvc                 - slac-mr2:xe-1/2/0 56                                        
2019-02-06 13:28:28,390 DEBUG n.e.o.t.s.UpdateSvc                 - slac-mr2:xe-1/3/0 56                                        
2019-02-06 13:28:28,390 DEBUG n.e.o.t.s.UpdateSvc                 - slac-mr2:xe-0/0/0 56                                        
2019-02-06 13:28:28,390 DEBUG n.e.o.t.s.UpdateSvc                 - slac-mr2:xe-0/2/0 56                                        
2019-02-06 13:28:28,390 DEBUG n.e.o.t.s.UpdateSvc                 - slac-mr2:xe-0/1/0 56                                        
2019-02-06 13:28:28,395 INFO  n.e.o.t.s.UpdateSvc                 - inserting p: pnwg-cr5:10/1/3 to pnwg-cr5                    
2019-02-06 13:28:28,397 DEBUG n.e.o.t.s.UpdateSvc                 - pnwg-cr5:BLANK 71                                           
2019-02-06 13:28:28,397 DEBUG n.e.o.t.s.UpdateSvc                 - pnwg-cr5:10/1/9 71                                          
2019-02-06 13:28:28,397 DEBUG n.e.o.t.s.UpdateSvc                 - pnwg-cr5:10/1/4 71                                          
2019-02-06 13:28:28,397 DEBUG n.e.o.t.s.UpdateSvc                 - pnwg-cr5:2/1/1 71                                           
2019-02-06 13:28:28,397 DEBUG n.e.o.t.s.UpdateSvc                 - pnwg-cr5:10/1/5 71                                          
2019-02-06 13:28:28,397 DEBUG n.e.o.t.s.UpdateSvc                 - pnwg-cr5:10/1/10 71                                         
2019-02-06 13:28:28,397 DEBUG n.e.o.t.s.UpdateSvc                 - pnwg-cr5:10/1/3 71                                          
2019-02-06 13:28:28,397 DEBUG n.e.o.t.s.UpdateSvc                 - pnwg-cr5:10/1/6 71                                          
2019-02-06 13:28:28,397 DEBUG n.e.o.t.s.UpdateSvc                 - pnwg-cr5:3/1/1 71                                           
2019-02-06 13:28:28,397 DEBUG n.e.o.t.s.UpdateSvc                 - pnwg-cr5:1/1/1 71                                           
2019-02-06 13:28:28,397 DEBUG n.e.o.t.s.UpdateSvc                 - pnwg-cr5:2/2/1 71                                           
2019-02-06 13:28:28,397 DEBUG n.e.o.t.s.UpdateSvc                 - pnwg-cr5:9/1/2 71                                           
2019-02-06 13:28:28,404 INFO  n.e.o.t.s.UpdateSvc                 - inserting p: pnwg-cr5:10/1/2 to pnwg-cr5                    
2019-02-06 13:28:28,405 DEBUG n.e.o.t.s.UpdateSvc                 - pnwg-cr5:10/1/9 71                                          
2019-02-06 13:28:28,405 DEBUG n.e.o.t.s.UpdateSvc                 - pnwg-cr5:10/1/4 71                                          
2019-02-06 13:28:28,405 DEBUG n.e.o.t.s.UpdateSvc                 - pnwg-cr5:2/1/1 71                                           
2019-02-06 13:28:28,405 DEBUG n.e.o.t.s.UpdateSvc                 - pnwg-cr5:10/1/10 71                                         
2019-02-06 13:28:28,405 DEBUG n.e.o.t.s.UpdateSvc                 - pnwg-cr5:10/1/6 71                                          
2019-02-06 13:28:28,405 DEBUG n.e.o.t.s.UpdateSvc                 - pnwg-cr5:10/1/2 71                                          
2019-02-06 13:28:28,405 DEBUG n.e.o.t.s.UpdateSvc                 - pnwg-cr5:3/1/1 71                                           
2019-02-06 13:28:28,405 DEBUG n.e.o.t.s.UpdateSvc                 - pnwg-cr5:2/2/1 71                                           
2019-02-06 13:28:28,405 DEBUG n.e.o.t.s.UpdateSvc                 - pnwg-cr5:BLANK 71                                           
2019-02-06 13:28:28,405 DEBUG n.e.o.t.s.UpdateSvc                 - pnwg-cr5:10/1/5 71                                          
2019-02-06 13:28:28,405 DEBUG n.e.o.t.s.UpdateSvc                 - pnwg-cr5:10/1/3 71                                          
2019-02-06 13:28:28,405 DEBUG n.e.o.t.s.UpdateSvc                 - pnwg-cr5:1/1/1 71                                           
2019-02-06 13:28:28,405 DEBUG n.e.o.t.s.UpdateSvc                 - pnwg-cr5:9/1/2 71                                           
2019-02-06 13:28:28,409 INFO  n.e.o.t.s.UpdateSvc                 - inserting p: fnal-mr2:xe-0/2/0 to fnal-mr2                  
2019-02-06 13:28:28,410 DEBUG n.e.o.t.s.UpdateSvc                 - fnal-mr2:xe-0/0/0 65                                        
2019-02-06 13:28:28,410 DEBUG n.e.o.t.s.UpdateSvc                 - fnal-mr2:xe-8/1/0 65                                        
2019-02-06 13:28:28,410 DEBUG n.e.o.t.s.UpdateSvc                 - fnal-mr2:xe-0/2/0 65                                        
2019-02-06 13:28:28,410 DEBUG n.e.o.t.s.UpdateSvc                 - fnal-mr2:xe-1/3/0 65                                        
2019-02-06 13:28:28,411 DEBUG n.e.o.t.s.UpdateSvc                 - fnal-mr2:xe-8/3/0 65                                        
2019-02-06 13:28:28,411 DEBUG n.e.o.t.s.UpdateSvc                 - fnal-mr2:xe-1/1/0 65                                        
2019-02-06 13:28:28,415 INFO  n.e.o.t.s.UpdateSvc                 - inserting p: pppl-rt5:xe-1/0/0 to pppl-rt5                  
2019-02-06 13:28:28,416 DEBUG n.e.o.t.s.UpdateSvc                 - pppl-rt5:ge-0/0/2 30                                        
2019-02-06 13:28:28,416 DEBUG n.e.o.t.s.UpdateSvc                 - pppl-rt5:xe-1/3/0 30                                        
2019-02-06 13:28:28,416 DEBUG n.e.o.t.s.UpdateSvc                 - pppl-rt5:xe-1/0/0 30                                        
2019-02-06 13:28:28,416 DEBUG n.e.o.t.s.UpdateSvc                 - pppl-rt5:xe-1/1/0 30                                        
2019-02-06 13:28:28,417 DEBUG n.e.o.t.s.UpdateSvc                 - pppl-rt5:xe-1/2/0 30                                        
2019-02-06 13:28:28,422 INFO  n.e.o.t.s.UpdateSvc                 - inserting p: eqx-chi-cr5:1/2/1 to eqx-chi-cr5               
2019-02-06 13:28:28,423 DEBUG n.e.o.t.s.UpdateSvc                 - eqx-chi-cr5:1/1/1 58                                        
2019-02-06 13:28:28,423 DEBUG n.e.o.t.s.UpdateSvc                 - eqx-chi-cr5:10/1/2 58                                       
2019-02-06 13:28:28,423 DEBUG n.e.o.t.s.UpdateSvc                 - eqx-chi-cr5:10/1/3 58                                       
2019-02-06 13:28:28,423 DEBUG n.e.o.t.s.UpdateSvc                 - eqx-chi-cr5:1/2/1 58                                        
2019-02-06 13:28:28,424 DEBUG n.e.o.t.s.UpdateSvc                 - eqx-chi-cr5:10/1/1 58                                       
2019-02-06 13:28:28,424 DEBUG n.e.o.t.s.UpdateSvc                 - eqx-chi-cr5:BLANK 58                                        
2019-02-06 13:28:28,428 INFO  n.e.o.t.s.UpdateSvc                 - inserting p: cern-513-cr5:10/1/2 to cern-513-cr5            
2019-02-06 13:28:28,429 DEBUG n.e.o.t.s.UpdateSvc                 - cern-513-cr5:10/1/2 34                                      
2019-02-06 13:28:28,429 DEBUG n.e.o.t.s.UpdateSvc                 - cern-513-cr5:1/2/1 34                                       
2019-02-06 13:28:28,429 DEBUG n.e.o.t.s.UpdateSvc                 - cern-513-cr5:BLANK 34                                       
2019-02-06 13:28:28,429 DEBUG n.e.o.t.s.UpdateSvc                 - cern-513-cr5:5/1/1 34                                       
2019-02-06 13:28:28,429 DEBUG n.e.o.t.s.UpdateSvc                 - cern-513-cr5:4/1/1 34                                       
2019-02-06 13:28:28,429 DEBUG n.e.o.t.s.UpdateSvc                 - cern-513-cr5:2/1/1 34                                       
2019-02-06 13:28:28,429 DEBUG n.e.o.t.s.UpdateSvc                 - cern-513-cr5:1/1/1 34                                       
2019-02-06 13:28:28,434 INFO  n.e.o.t.s.UpdateSvc                 - inserting p: cern-513-cr5:10/1/3 to cern-513-cr5            
2019-02-06 13:28:28,435 DEBUG n.e.o.t.s.UpdateSvc                 - cern-513-cr5:10/1/2 34                                      
2019-02-06 13:28:28,436 DEBUG n.e.o.t.s.UpdateSvc                 - cern-513-cr5:1/2/1 34                                       
2019-02-06 13:28:28,436 DEBUG n.e.o.t.s.UpdateSvc                 - cern-513-cr5:BLANK 34                                       
2019-02-06 13:28:28,436 DEBUG n.e.o.t.s.UpdateSvc                 - cern-513-cr5:5/1/1 34                                       
2019-02-06 13:28:28,436 DEBUG n.e.o.t.s.UpdateSvc                 - cern-513-cr5:4/1/1 34                                       
2019-02-06 13:28:28,436 DEBUG n.e.o.t.s.UpdateSvc                 - cern-513-cr5:10/1/3 34                                      
2019-02-06 13:28:28,436 DEBUG n.e.o.t.s.UpdateSvc                 - cern-513-cr5:2/1/1 34                                       
2019-02-06 13:28:28,436 DEBUG n.e.o.t.s.UpdateSvc                 - cern-513-cr5:1/1/1 34                                       
2019-02-06 13:28:28,439 INFO  n.e.o.t.s.UpdateSvc                 - inserting p: snll-mr2:xe-0/1/0 to snll-mr2                  
2019-02-06 13:28:28,441 DEBUG n.e.o.t.s.UpdateSvc                 - snll-mr2:xe-2/2/0 40                                        
2019-02-06 13:28:28,441 DEBUG n.e.o.t.s.UpdateSvc                 - snll-mr2:xe-2/3/0 40                                        
2019-02-06 13:28:28,441 DEBUG n.e.o.t.s.UpdateSvc                 - snll-mr2:xe-2/0/0 40                                        
2019-02-06 13:28:28,441 DEBUG n.e.o.t.s.UpdateSvc                 - snll-mr2:xe-1/3/0 40                                        
2019-02-06 13:28:28,441 DEBUG n.e.o.t.s.UpdateSvc                 - snll-mr2:xe-0/1/0 40                                        
2019-02-06 13:28:28,441 DEBUG n.e.o.t.s.UpdateSvc                 - snll-mr2:xe-0/2/0 40                                        
2019-02-06 13:28:28,441 DEBUG n.e.o.t.s.UpdateSvc                 - snll-mr2:xe-1/2/0 40                                        
2019-02-06 13:28:28,441 DEBUG n.e.o.t.s.UpdateSvc                 - snll-mr2:xe-1/1/0 40                                        
2019-02-06 13:28:28,445 INFO  n.e.o.t.s.UpdateSvc                 - inserting p: jgi-mr2:xe-1/1/0 to jgi-mr2                    
2019-02-06 13:28:28,446 DEBUG n.e.o.t.s.UpdateSvc                 - jgi-mr2:xe-2/2/0 61                                         
2019-02-06 13:28:28,446 DEBUG n.e.o.t.s.UpdateSvc                 - jgi-mr2:xe-1/1/0 61                                         
2019-02-06 13:28:28,446 DEBUG n.e.o.t.s.UpdateSvc                 - jgi-mr2:xe-0/2/0 61                                         
2019-02-06 13:28:28,446 DEBUG n.e.o.t.s.UpdateSvc                 - jgi-mr2:xe-1/3/0 61                                         
2019-02-06 13:28:28,450 INFO  n.e.o.t.s.UpdateSvc                 - inserting p: wash-cr5:3/1/1 to wash-cr5                     
2019-02-06 13:28:28,452 DEBUG n.e.o.t.s.UpdateSvc                 - wash-cr5:6/1/1 36                                           
2019-02-06 13:28:28,452 DEBUG n.e.o.t.s.UpdateSvc                 - wash-cr5:10/1/5 36                                          
2019-02-06 13:28:28,452 DEBUG n.e.o.t.s.UpdateSvc                 - wash-cr5:1/1/1 36                                           
2019-02-06 13:28:28,453 DEBUG n.e.o.t.s.UpdateSvc                 - wash-cr5:4/2/1 36                                           
2019-02-06 13:28:28,453 DEBUG n.e.o.t.s.UpdateSvc                 - wash-cr5:2/1/1 36                                           
2019-02-06 13:28:28,454 DEBUG n.e.o.t.s.UpdateSvc                 - wash-cr5:10/1/3 36                                          
2019-02-06 13:28:28,454 DEBUG n.e.o.t.s.UpdateSvc                 - wash-cr5:3/1/1 36                                           
2019-02-06 13:28:28,454 DEBUG n.e.o.t.s.UpdateSvc                 - wash-cr5:10/1/9 36                                          
2019-02-06 13:28:28,454 DEBUG n.e.o.t.s.UpdateSvc                 - wash-cr5:10/1/10 36                                         
2019-02-06 13:28:28,455 DEBUG n.e.o.t.s.UpdateSvc                 - wash-cr5:4/1/1 36                                           
2019-02-06 13:28:28,456 DEBUG n.e.o.t.s.UpdateSvc                 - wash-cr5:5/2/1 36                                           
2019-02-06 13:28:28,456 DEBUG n.e.o.t.s.UpdateSvc                 - wash-cr5:10/1/4 36                                          
2019-02-06 13:28:28,456 DEBUG n.e.o.t.s.UpdateSvc                 - wash-cr5:5/1/1 36                                           
2019-02-06 13:28:28,466 INFO  n.e.o.t.s.UpdateSvc                 - inserting p: star-cr5:9/1/4 to star-cr5                     
2019-02-06 13:28:28,469 DEBUG n.e.o.t.s.UpdateSvc                 - star-cr5:3/2/1 76                                           
2019-02-06 13:28:28,469 DEBUG n.e.o.t.s.UpdateSvc                 - star-cr5:6/2/1 76                                           
2019-02-06 13:28:28,470 DEBUG n.e.o.t.s.UpdateSvc                 - star-cr5:4/2/1 76                                           
2019-02-06 13:28:28,470 DEBUG n.e.o.t.s.UpdateSvc                 - star-cr5:BLANK 76                                           
2019-02-06 13:28:28,470 DEBUG n.e.o.t.s.UpdateSvc                 - star-cr5:10/1/1 76                                          
2019-02-06 13:28:28,470 DEBUG n.e.o.t.s.UpdateSvc                 - star-cr5:10/1/8 76                                          
2019-02-06 13:28:28,470 DEBUG n.e.o.t.s.UpdateSvc                 - star-cr5:8/1/2 76                                           
2019-02-06 13:28:28,470 DEBUG n.e.o.t.s.UpdateSvc                 - star-cr5:1/1/1 76                                           
2019-02-06 13:28:28,471 DEBUG n.e.o.t.s.UpdateSvc                 - star-cr5:5/1/1 76                                           
2019-02-06 13:28:28,472 DEBUG n.e.o.t.s.UpdateSvc                 - star-cr5:3/1/1 76                                           
2019-02-06 13:28:28,473 DEBUG n.e.o.t.s.UpdateSvc                 - star-cr5:6/1/1 76                                           
2019-02-06 13:28:28,473 DEBUG n.e.o.t.s.UpdateSvc                 - star-cr5:1/2/1 76                                           
2019-02-06 13:28:28,473 DEBUG n.e.o.t.s.UpdateSvc                 - star-cr5:8/1/6 76                                           
2019-02-06 13:28:28,474 DEBUG n.e.o.t.s.UpdateSvc                 - star-cr5:10/1/10 76                                         
2019-02-06 13:28:28,474 DEBUG n.e.o.t.s.UpdateSvc                 - star-cr5:8/1/4 76                                           
2019-02-06 13:28:28,475 DEBUG n.e.o.t.s.UpdateSvc                 - star-cr5:9/1/4 76                                           
2019-02-06 13:28:28,475 DEBUG n.e.o.t.s.UpdateSvc                 - star-cr5:4/1/1 76                                           
2019-02-06 13:28:28,476 DEBUG n.e.o.t.s.UpdateSvc                 - star-cr5:10/1/7 76                                          
2019-02-06 13:28:28,484 INFO  n.e.o.t.s.UpdateSvc                 - inserting p: ga-rt2:xe-0/3/0 to ga-rt2                      
2019-02-06 13:28:28,487 DEBUG n.e.o.t.s.UpdateSvc                 - ga-rt2:xe-0/2/0 37                                          
2019-02-06 13:28:28,487 DEBUG n.e.o.t.s.UpdateSvc                 - ga-rt2:ge-1/0/3 37                                          
2019-02-06 13:28:28,487 DEBUG n.e.o.t.s.UpdateSvc                 - ga-rt2:ge-1/1/3 37                                          
2019-02-06 13:28:28,487 DEBUG n.e.o.t.s.UpdateSvc                 - ga-rt2:xe-0/3/0 37                                          
2019-02-06 13:28:28,487 DEBUG n.e.o.t.s.UpdateSvc                 - ga-rt2:xe-0/0/0 37                                          
2019-02-06 13:28:28,487 DEBUG n.e.o.t.s.UpdateSvc                 - ga-rt2:ge-1/0/5 37                                          
2019-02-06 13:28:28,492 INFO  n.e.o.t.s.UpdateSvc                 - inserting p: denv-cr5:2/1/1 to denv-cr5                     
2019-02-06 13:28:28,493 DEBUG n.e.o.t.s.UpdateSvc                 - denv-cr5:4/1/1 75                                           
2019-02-06 13:28:28,493 DEBUG n.e.o.t.s.UpdateSvc                 - denv-cr5:1/1/1 75                                           
2019-02-06 13:28:28,493 DEBUG n.e.o.t.s.UpdateSvc                 - denv-cr5:10/1/4 75                                          
2019-02-06 13:28:28,494 DEBUG n.e.o.t.s.UpdateSvc                 - denv-cr5:4/2/1 75                                           
2019-02-06 13:28:28,496 DEBUG n.e.o.t.s.UpdateSvc                 - denv-cr5:10/1/5 75                                          
2019-02-06 13:28:28,496 DEBUG n.e.o.t.s.UpdateSvc                 - denv-cr5:10/1/6 75                                          
2019-02-06 13:28:28,497 DEBUG n.e.o.t.s.UpdateSvc                 - denv-cr5:10/1/7 75                                          
2019-02-06 13:28:28,497 DEBUG n.e.o.t.s.UpdateSvc                 - denv-cr5:9/1/3 75                                           
2019-02-06 13:28:28,498 DEBUG n.e.o.t.s.UpdateSvc                 - denv-cr5:2/1/1 75                                           
2019-02-06 13:28:28,498 DEBUG n.e.o.t.s.UpdateSvc                 - denv-cr5:10/1/11 75                                         
2019-02-06 13:28:28,500 DEBUG n.e.o.t.s.UpdateSvc                 - denv-cr5:9/1/1 75                                           
2019-02-06 13:28:28,500 DEBUG n.e.o.t.s.UpdateSvc                 - denv-cr5:10/1/12 75                                         
2019-02-06 13:28:28,500 DEBUG n.e.o.t.s.UpdateSvc                 - denv-cr5:3/1/1 75                                           
2019-02-06 13:28:28,500 DEBUG n.e.o.t.s.UpdateSvc                 - denv-cr5:10/1/3 75                                          
2019-02-06 13:28:28,502 DEBUG n.e.o.t.s.UpdateSvc                 - denv-cr5:10/1/10 75                                         
2019-02-06 13:28:28,506 INFO  n.e.o.t.s.UpdateSvc                 - inserting p: srs-rt3:ge-1/3/0 to srs-rt3                    
2019-02-06 13:28:28,507 DEBUG n.e.o.t.s.UpdateSvc                 - srs-rt3:ge-0/1/0 31                                         
2019-02-06 13:28:28,507 DEBUG n.e.o.t.s.UpdateSvc                 - srs-rt3:ge-1/1/0 31                                         
2019-02-06 13:28:28,507 DEBUG n.e.o.t.s.UpdateSvc                 - srs-rt3:ge-1/3/0 31                                         
2019-02-06 13:28:28,507 DEBUG n.e.o.t.s.UpdateSvc                 - srs-rt3:ge-0/0/0 31                                         
2019-02-06 13:28:28,507 DEBUG n.e.o.t.s.UpdateSvc                 - srs-rt3:ge-1/0/0 31                                         
2019-02-06 13:28:28,507 DEBUG n.e.o.t.s.UpdateSvc                 - srs-rt3:ge-1/2/0 31                                         
2019-02-06 13:28:28,514 INFO  n.e.o.t.s.UpdateSvc                 - inserting p: amst-cr5:1/2/1 to amst-cr5                     
2019-02-06 13:28:28,518 DEBUG n.e.o.t.s.UpdateSvc                 - amst-cr5:2/1/1 72                                           
2019-02-06 13:28:28,518 DEBUG n.e.o.t.s.UpdateSvc                 - amst-cr5:1/1/1 72                                           
2019-02-06 13:28:28,519 DEBUG n.e.o.t.s.UpdateSvc                 - amst-cr5:10/2/5 72                                          
2019-02-06 13:28:28,519 DEBUG n.e.o.t.s.UpdateSvc                 - amst-cr5:10/1/2 72                                          
2019-02-06 13:28:28,519 DEBUG n.e.o.t.s.UpdateSvc                 - amst-cr5:5/1/1 72                                           
2019-02-06 13:28:28,519 DEBUG n.e.o.t.s.UpdateSvc                 - amst-cr5:10/1/1 72                                          
2019-02-06 13:28:28,519 DEBUG n.e.o.t.s.UpdateSvc                 - amst-cr5:1/2/1 72                                           
2019-02-06 13:28:28,519 DEBUG n.e.o.t.s.UpdateSvc                 - amst-cr5:3/1/1 72                                           
2019-02-06 13:28:28,524 INFO  n.e.o.t.s.UpdateSvc                 - inserting p: lond-cr5:3/1/1 to lond-cr5                     
2019-02-06 13:28:28,525 DEBUG n.e.o.t.s.UpdateSvc                 - lond-cr5:1/2/1 57                                           
2019-02-06 13:28:28,525 DEBUG n.e.o.t.s.UpdateSvc                 - lond-cr5:2/2/1 57                                           
2019-02-06 13:28:28,526 DEBUG n.e.o.t.s.UpdateSvc                 - lond-cr5:10/1/1 57                                          
2019-02-06 13:28:28,526 DEBUG n.e.o.t.s.UpdateSvc                 - lond-cr5:3/1/1 57                                           
2019-02-06 13:28:28,526 DEBUG n.e.o.t.s.UpdateSvc                 - lond-cr5:1/1/1 57                                           
2019-02-06 13:28:28,526 DEBUG n.e.o.t.s.UpdateSvc                 - lond-cr5:2/1/1 57                                           
2019-02-06 13:28:28,527 DEBUG n.e.o.t.s.UpdateSvc                 - lond-cr5:10/1/4 57                                          
2019-02-06 13:28:28,527 DEBUG n.e.o.t.s.UpdateSvc                 - lond-cr5:10/1/2 57                                          
2019-02-06 13:28:28,527 DEBUG n.e.o.t.s.UpdateSvc                 - lond-cr5:5/1/1 57                                           
2019-02-06 13:28:28,533 INFO  n.e.o.t.s.UpdateSvc                 - inserting p: eqx-chi-cr5:2/1/1 to eqx-chi-cr5               
2019-02-06 13:28:28,536 DEBUG n.e.o.t.s.UpdateSvc                 - eqx-chi-cr5:1/1/1 58                                        
2019-02-06 13:28:28,536 DEBUG n.e.o.t.s.UpdateSvc                 - eqx-chi-cr5:10/1/2 58                                       
2019-02-06 13:28:28,537 DEBUG n.e.o.t.s.UpdateSvc                 - eqx-chi-cr5:2/1/1 58                                        
2019-02-06 13:28:28,537 DEBUG n.e.o.t.s.UpdateSvc                 - eqx-chi-cr5:10/1/3 58                                       
2019-02-06 13:28:28,537 DEBUG n.e.o.t.s.UpdateSvc                 - eqx-chi-cr5:1/2/1 58                                        
2019-02-06 13:28:28,537 DEBUG n.e.o.t.s.UpdateSvc                 - eqx-chi-cr5:10/1/1 58                                       
2019-02-06 13:28:28,537 DEBUG n.e.o.t.s.UpdateSvc                 - eqx-chi-cr5:BLANK 58                                        
2019-02-06 13:28:28,542 INFO  n.e.o.t.s.UpdateSvc                 - inserting p: snla-rt3:xe-0/0/0 to snla-rt3                  
2019-02-06 13:28:28,543 DEBUG n.e.o.t.s.UpdateSvc                 - snla-rt3:ge-1/0/2 48                                        
2019-02-06 13:28:28,544 DEBUG n.e.o.t.s.UpdateSvc                 - snla-rt3:xe-0/0/0 48                                        
2019-02-06 13:28:28,544 DEBUG n.e.o.t.s.UpdateSvc                 - snla-rt3:xe-1/2/0 48                                        
2019-02-06 13:28:28,549 INFO  n.e.o.t.s.UpdateSvc                 - inserting p: pppl-rt5:xe-0/2/0 to pppl-rt5                  
2019-02-06 13:28:28,550 DEBUG n.e.o.t.s.UpdateSvc                 - pppl-rt5:ge-0/0/2 30                                        
2019-02-06 13:28:28,550 DEBUG n.e.o.t.s.UpdateSvc                 - pppl-rt5:xe-1/3/0 30                                        
2019-02-06 13:28:28,550 DEBUG n.e.o.t.s.UpdateSvc                 - pppl-rt5:xe-1/0/0 30                                        
2019-02-06 13:28:28,550 DEBUG n.e.o.t.s.UpdateSvc                 - pppl-rt5:xe-0/2/0 30                                        
2019-02-06 13:28:28,550 DEBUG n.e.o.t.s.UpdateSvc                 - pppl-rt5:xe-1/1/0 30                                        
2019-02-06 13:28:28,550 DEBUG n.e.o.t.s.UpdateSvc                 - pppl-rt5:xe-1/2/0 30                                        
2019-02-06 13:28:28,551 INFO  n.e.o.t.s.UpdateSvc                 - finished merging ports                                      
2019-02-06 13:28:28,551 INFO  n.e.o.t.s.UpdateSvc                 -    inserted     :   395                                     
2019-02-06 13:28:28,551 INFO  n.e.o.t.s.UpdateSvc                 -    ver updated  :   0                                       
2019-02-06 13:28:28,551 INFO  n.e.o.t.s.UpdateSvc                 -    data updated :   0                                       
2019-02-06 13:28:28,551 INFO  n.e.o.t.s.UpdateSvc                 -    invalidated  :   0                                       
2019-02-06 13:28:29,362 INFO  n.e.o.t.s.UpdateSvc                 - inserting pa: sunn-cr5:9/1/1 - jgi-mr2:xe-1/1/0             
2019-02-06 13:28:29,369 INFO  n.e.o.t.s.UpdateSvc                 - inserting pa: fnal-mr2:xe-8/1/0 - star-cr5:9/1/4            
2019-02-06 13:28:29,378 INFO  n.e.o.t.s.UpdateSvc                 - inserting pa: wash-cr5:5/1/1 - cern-513-cr5:1/1/1           
2019-02-06 13:28:29,387 INFO  n.e.o.t.s.UpdateSvc                 - inserting pa: denv-cr5:10/1/5 - bois-cr1:xe-7/1/0           
2019-02-06 13:28:29,396 INFO  n.e.o.t.s.UpdateSvc                 - inserting pa: sunn-cr5:1/1/1 - sacr-cr5:1/1/1               
2019-02-06 13:28:29,407 INFO  n.e.o.t.s.UpdateSvc                 - inserting pa: orau-rt4:ge-0/1/2 - ornl-cr5:10/1/2           
2019-02-06 13:28:29,414 INFO  n.e.o.t.s.UpdateSvc                 - inserting pa: lsvn-cr1:xe-1/2/0 - sunn-cr5:10/2/4           
2019-02-06 13:28:29,424 INFO  n.e.o.t.s.UpdateSvc                 - inserting pa: pppl-rt5:xe-1/0/0 - wash-cr5:10/1/5           
2019-02-06 13:28:29,432 INFO  n.e.o.t.s.UpdateSvc                 - inserting pa: kans-cr5:1/1/1 - chic-cr5:3/1/1               
2019-02-06 13:28:29,441 INFO  n.e.o.t.s.UpdateSvc                 - inserting pa: pnwg-cr5:10/1/4 - netl-alb-rt1:xe-2/0/0       
2019-02-06 13:28:29,449 INFO  n.e.o.t.s.UpdateSvc                 - inserting pa: jgi-mr2:xe-2/2/0 - sacr-cr5:10/2/3            
2019-02-06 13:28:29,458 INFO  n.e.o.t.s.UpdateSvc                 - inserting pa: wash-cr5:3/1/1 - atla-cr5:1/1/1               
2019-02-06 13:28:29,465 INFO  n.e.o.t.s.UpdateSvc                 - inserting pa: amst-cr5:2/1/1 - lond-cr5:2/1/1               
2019-02-06 13:28:29,474 INFO  n.e.o.t.s.UpdateSvc                 - inserting pa: forr-rt2:ge-0/0/0 - wash-cr5:10/1/3           
2019-02-06 13:28:29,480 INFO  n.e.o.t.s.UpdateSvc                 - inserting pa: star-cr5:8/1/2 - fnal-mr2:xe-1/1/0            
2019-02-06 13:28:29,488 INFO  n.e.o.t.s.UpdateSvc                 - inserting pa: cern-773-cr5:1/1/1 - lond-cr5:1/1/1           
2019-02-06 13:28:29,496 INFO  n.e.o.t.s.UpdateSvc                 - inserting pa: sacr-cr5:1/1/1 - sunn-cr5:1/1/1               
2019-02-06 13:28:29,505 INFO  n.e.o.t.s.UpdateSvc                 - inserting pa: hous-cr5:2/1/1 - kans-cr5:3/1/1               
2019-02-06 13:28:29,514 INFO  n.e.o.t.s.UpdateSvc                 - inserting pa: llnl-mr2:xe-2/0/0 - snll-mr2:xe-2/0/0         
2019-02-06 13:28:29,524 INFO  n.e.o.t.s.UpdateSvc                 - inserting pa: ornl-cr5:9/1/4 - osti-rt2:xe-1/2/0            
2019-02-06 13:28:29,531 INFO  n.e.o.t.s.UpdateSvc                 - inserting pa: snla-rt3:xe-1/2/0 - albq-cr5:10/1/2           
2019-02-06 13:28:29,540 INFO  n.e.o.t.s.UpdateSvc                 - inserting pa: doe-gtn-rt2:ge-0/1/0 - eqx-ash-cr5:10/1/1     
2019-02-06 13:28:29,546 INFO  n.e.o.t.s.UpdateSvc                 - inserting pa: srs-rt3:ge-1/1/0 - nash-cr5:10/1/3            
2019-02-06 13:28:29,555 INFO  n.e.o.t.s.UpdateSvc                 - inserting pa: slac-mr2:xe-0/0/0 - sunn-cr5:10/1/1           
2019-02-06 13:28:29,561 INFO  n.e.o.t.s.UpdateSvc                 - inserting pa: lond-cr5:5/1/1 - aofa-cr5:7/2/1               
2019-02-06 13:28:29,569 INFO  n.e.o.t.s.UpdateSvc                 - inserting pa: slac-mr2:xe-1/1/0 - sunn-cr5:10/1/4           
2019-02-06 13:28:29,576 INFO  n.e.o.t.s.UpdateSvc                 - inserting pa: snll-mr2:xe-1/2/0 - sacr-cr5:10/2/4           
2019-02-06 13:28:29,584 INFO  n.e.o.t.s.UpdateSvc                 - inserting pa: star-cr5:1/1/1 - bost-cr5:2/1/1               
2019-02-06 13:28:29,591 INFO  n.e.o.t.s.UpdateSvc                 - inserting pa: wash-cr5:1/1/1 - chic-cr5:1/1/1               
2019-02-06 13:28:29,598 INFO  n.e.o.t.s.UpdateSvc                 - inserting pa: sunn-cr5:10/1/3 - nersc-mr2:xe-1/1/0          
2019-02-06 13:28:29,605 INFO  n.e.o.t.s.UpdateSvc                 - inserting pa: wash-cr5:10/1/5 - pppl-rt5:xe-1/0/0           
2019-02-06 13:28:29,612 INFO  n.e.o.t.s.UpdateSvc                 - inserting pa: star-cr5:9/1/4 - fnal-mr2:xe-8/1/0            
2019-02-06 13:28:29,620 INFO  n.e.o.t.s.UpdateSvc                 - inserting pa: sacr-cr5:3/1/1 - pnwg-cr5:1/1/1               
2019-02-06 13:28:29,629 INFO  n.e.o.t.s.UpdateSvc                 - inserting pa: sunn-cr5:10/1/1 - slac-mr2:xe-0/0/0           
2019-02-06 13:28:29,639 INFO  n.e.o.t.s.UpdateSvc                 - inserting pa: pnwg-cr5:1/1/1 - sacr-cr5:3/1/1               
2019-02-06 13:28:29,649 INFO  n.e.o.t.s.UpdateSvc                 - inserting pa: pnwg-cr5:10/1/9 - bois-cr1:xe-0/0/0           
2019-02-06 13:28:29,658 INFO  n.e.o.t.s.UpdateSvc                 - inserting pa: nash-cr5:4/2/1 - wash-cr5:5/2/1               
2019-02-06 13:28:29,668 INFO  n.e.o.t.s.UpdateSvc                 - inserting pa: elpa-cr5:2/1/1 - albq-cr5:2/1/1               
2019-02-06 13:28:29,677 INFO  n.e.o.t.s.UpdateSvc                 - inserting pa: llnl-mr2:xe-0/2/0 - sacr-cr5:10/2/6           
2019-02-06 13:28:29,688 INFO  n.e.o.t.s.UpdateSvc                 - inserting pa: aofa-cr5:3/1/1 - newy-cr5:2/1/1               
2019-02-06 13:28:29,699 INFO  n.e.o.t.s.UpdateSvc                 - inserting pa: hous-cr5:3/1/1 - nash-cr5:3/1/1               
2019-02-06 13:28:29,713 INFO  n.e.o.t.s.UpdateSvc                 - inserting pa: netl-mgn-rt1:xe-2/0/0 - eqx-ash-cr5:10/1/2    
2019-02-06 13:28:29,729 INFO  n.e.o.t.s.UpdateSvc                 - inserting pa: ga-rt2:ge-1/1/3 - lsvn-cr1:ge-1/1/5           
2019-02-06 13:28:29,745 INFO  n.e.o.t.s.UpdateSvc                 - inserting pa: eqx-ash-cr5:1/1/1 - wash-cr5:4/2/1            
2019-02-06 13:28:29,756 INFO  n.e.o.t.s.UpdateSvc                 - inserting pa: lond-cr5:2/1/1 - amst-cr5:2/1/1               
2019-02-06 13:28:29,768 INFO  n.e.o.t.s.UpdateSvc                 - inserting pa: sunn-cr5:10/1/4 - slac-mr2:xe-1/1/0           
2019-02-06 13:28:29,778 INFO  n.e.o.t.s.UpdateSvc                 - inserting pa: sacr-cr5:2/1/1 - denv-cr5:2/1/1               
2019-02-06 13:28:29,790 INFO  n.e.o.t.s.UpdateSvc                 - inserting pa: nash-cr5:3/1/1 - hous-cr5:3/1/1               
2019-02-06 13:28:29,797 INFO  n.e.o.t.s.UpdateSvc                 - inserting pa: ameslab-rt3:xe-0/0/0 - chic-cr5:10/1/7        
2019-02-06 13:28:29,806 INFO  n.e.o.t.s.UpdateSvc                 - inserting pa: orau-rt4:ge-0/1/4 - ornl-rt4:ge-0/0/1         
2019-02-06 13:28:29,813 INFO  n.e.o.t.s.UpdateSvc                 - inserting pa: aofa-cr5:6/2/1 - wash-cr5:4/1/1               
2019-02-06 13:28:29,822 INFO  n.e.o.t.s.UpdateSvc                 - inserting pa: snll-mr2:xe-2/0/0 - llnl-mr2:xe-2/0/0         
2019-02-06 13:28:29,828 INFO  n.e.o.t.s.UpdateSvc                 - inserting pa: sunn-cr5:9/1/3 - llnl-mr2:xe-3/2/0            
2019-02-06 13:28:29,834 INFO  n.e.o.t.s.UpdateSvc                 - inserting pa: eqx-ash-cr5:10/1/2 - netl-mgn-rt1:xe-2/0/0    
2019-02-06 13:28:29,842 INFO  n.e.o.t.s.UpdateSvc                 - inserting pa: chic-cr5:10/1/5 - anl-mr2:xe-0/0/0            
2019-02-06 13:28:29,851 INFO  n.e.o.t.s.UpdateSvc                 - inserting pa: pantex-rt4:ge-0/1/0 - hous-cr5:10/1/3         
2019-02-06 13:28:29,858 INFO  n.e.o.t.s.UpdateSvc                 - inserting pa: sunn-cr5:10/2/3 - ga-rt2:xe-0/0/0             
2019-02-06 13:28:29,864 INFO  n.e.o.t.s.UpdateSvc                 - inserting pa: nash-cr5:10/1/5 - ornl-rt4:xe-1/2/0           
2019-02-06 13:28:29,871 INFO  n.e.o.t.s.UpdateSvc                 - inserting pa: netl-pgh-rt1:xe-2/0/0 - eqx-ash-cr5:10/2/2    
2019-02-06 13:28:29,878 INFO  n.e.o.t.s.UpdateSvc                 - inserting pa: cern-513-cr5:1/2/1 - cern-773-cr5:2/1/1       
2019-02-06 13:28:29,886 INFO  n.e.o.t.s.UpdateSvc                 - inserting pa: aofa-cr5:2/1/1 - lond-cr5:2/2/1               
2019-02-06 13:28:29,893 INFO  n.e.o.t.s.UpdateSvc                 - inserting pa: star-cr5:8/1/6 - ameslab-rt3:xe-1/0/0         
2019-02-06 13:28:29,901 INFO  n.e.o.t.s.UpdateSvc                 - inserting pa: sacr-cr5:10/2/1 - nersc-mr2:xe-2/2/0          
2019-02-06 13:28:29,908 INFO  n.e.o.t.s.UpdateSvc                 - inserting pa: slac-mr2:xe-1/2/0 - sacr-cr5:10/2/5           
2019-02-06 13:28:29,914 INFO  n.e.o.t.s.UpdateSvc                 - inserting pa: llnl-mr2:xe-3/2/0 - sunn-cr5:9/1/3            
2019-02-06 13:28:29,924 INFO  n.e.o.t.s.UpdateSvc                 - inserting pa: hous-cr5:1/1/1 - elpa-cr5:1/1/1               
2019-02-06 13:28:29,932 INFO  n.e.o.t.s.UpdateSvc                 - inserting pa: atla-cr5:2/1/1 - nash-cr5:2/1/1               
2019-02-06 13:28:29,941 INFO  n.e.o.t.s.UpdateSvc                 - inserting pa: chic-cr5:6/2/1 - star-cr5:5/1/1               
2019-02-06 13:28:29,947 INFO  n.e.o.t.s.UpdateSvc                 - inserting pa: eqx-ash-cr5:10/1/1 - doe-gtn-rt2:ge-0/1/0     
2019-02-06 13:28:29,956 INFO  n.e.o.t.s.UpdateSvc                 - inserting pa: denv-cr5:3/1/1 - albq-cr5:1/1/1               
2019-02-06 13:28:29,962 INFO  n.e.o.t.s.UpdateSvc                 - inserting pa: wash-cr5:4/2/1 - eqx-ash-cr5:1/1/1            
2019-02-06 13:28:29,970 INFO  n.e.o.t.s.UpdateSvc                 - inserting pa: cern-513-cr5:5/1/1 - amst-cr5:1/1/1           
2019-02-06 13:28:29,977 INFO  n.e.o.t.s.UpdateSvc                 - inserting pa: lond-cr5:1/1/1 - cern-773-cr5:1/1/1           
2019-02-06 13:28:29,986 INFO  n.e.o.t.s.UpdateSvc                 - inserting pa: aofa-cr5:5/1/1 - star-cr5:4/2/1               
2019-02-06 13:28:29,992 INFO  n.e.o.t.s.UpdateSvc                 - inserting pa: doe-gtn-rt2:ge-0/0/0 - forr-rt2:ge-0/0/1      
2019-02-06 13:28:29,998 INFO  n.e.o.t.s.UpdateSvc                 - inserting pa: wash-cr5:4/1/1 - aofa-cr5:6/2/1               
2019-02-06 13:28:30,007 INFO  n.e.o.t.s.UpdateSvc                 - inserting pa: albq-cr5:1/1/1 - denv-cr5:3/1/1               
2019-02-06 13:28:30,015 INFO  n.e.o.t.s.UpdateSvc                 - inserting pa: denv-cr5:10/1/10 - lsvn-cr1:xe-2/2/0          
2019-02-06 13:28:30,023 INFO  n.e.o.t.s.UpdateSvc                 - inserting pa: wash-cr5:2/1/1 - aofa-cr5:1/1/1               
2019-02-06 13:28:30,029 INFO  n.e.o.t.s.UpdateSvc                 - inserting pa: pnwg-cr5:2/2/1 - denv-cr5:4/1/1               
2019-02-06 13:28:30,037 INFO  n.e.o.t.s.UpdateSvc                 - inserting pa: atla-cr5:1/1/1 - wash-cr5:3/1/1               
2019-02-06 13:28:30,042 INFO  n.e.o.t.s.UpdateSvc                 - inserting pa: denv-cr5:1/1/1 - kans-cr5:2/1/1               
2019-02-06 13:28:30,049 INFO  n.e.o.t.s.UpdateSvc                 - inserting pa: pnwg-cr5:10/1/6 - denv-cr5:10/1/4             
2019-02-06 13:28:30,056 INFO  n.e.o.t.s.UpdateSvc                 - inserting pa: sunn-cr5:10/2/4 - lsvn-cr1:xe-1/2/0           
2019-02-06 13:28:30,062 INFO  n.e.o.t.s.UpdateSvc                 - inserting pa: nash-cr5:4/1/1 - chic-cr5:6/1/1               
2019-02-06 13:28:30,069 INFO  n.e.o.t.s.UpdateSvc                 - inserting pa: nersc-mr2:xe-1/1/0 - sunn-cr5:10/1/3          
2019-02-06 13:28:30,075 INFO  n.e.o.t.s.UpdateSvc                 - inserting pa: pppl-rt5:xe-0/2/0 - aofa-cr5:9/1/1            
2019-02-06 13:28:30,081 INFO  n.e.o.t.s.UpdateSvc                 - inserting pa: amst-cr5:1/1/1 - cern-513-cr5:5/1/1           
2019-02-06 13:28:30,089 INFO  n.e.o.t.s.UpdateSvc                 - inserting pa: orau-rt4:ge-0/1/2 - ornl-rt4:xe-2/3/0         
2019-02-06 13:28:30,094 INFO  n.e.o.t.s.UpdateSvc                 - inserting pa: chic-cr5:2/1/1 - star-cr5:4/1/1               
2019-02-06 13:28:30,102 INFO  n.e.o.t.s.UpdateSvc                 - inserting pa: aofa-cr5:1/1/1 - wash-cr5:2/1/1               
2019-02-06 13:28:30,107 INFO  n.e.o.t.s.UpdateSvc                 - inserting pa: anl-mr2:xe-0/0/0 - chic-cr5:10/1/5            
2019-02-06 13:28:30,114 INFO  n.e.o.t.s.UpdateSvc                 - inserting pa: elpa-cr5:1/1/1 - hous-cr5:1/1/1               
2019-02-06 13:28:30,122 INFO  n.e.o.t.s.UpdateSvc                 - inserting pa: osti-rt2:xe-1/2/0 - ornl-cr5:9/1/4            
2019-02-06 13:28:30,129 INFO  n.e.o.t.s.UpdateSvc                 - inserting pa: srs-rt3:ge-0/1/0 - atla-cr5:10/1/3            
2019-02-06 13:28:30,137 INFO  n.e.o.t.s.UpdateSvc                 - inserting pa: eqx-ash-cr5:10/2/2 - netl-pgh-rt1:xe-2/0/0    
2019-02-06 13:28:30,142 INFO  n.e.o.t.s.UpdateSvc                 - inserting pa: nash-cr5:10/1/4 - ornl-rt4:xe-0/2/0           
2019-02-06 13:28:30,148 INFO  n.e.o.t.s.UpdateSvc                 - inserting pa: eqx-chi-cr5:1/1/1 - chic-cr5:7/1/1            
2019-02-06 13:28:30,154 INFO  n.e.o.t.s.UpdateSvc                 - inserting pa: ornl-cr5:10/1/2 - orau-rt4:ge-0/1/2           
2019-02-06 13:28:30,159 INFO  n.e.o.t.s.UpdateSvc                 - inserting pa: sacr-cr5:10/2/6 - llnl-mr2:xe-0/2/0           
2019-02-06 13:28:30,165 INFO  n.e.o.t.s.UpdateSvc                 - inserting pa: star-cr5:4/1/1 - chic-cr5:2/1/1               
2019-02-06 13:28:30,173 INFO  n.e.o.t.s.UpdateSvc                 - inserting pa: ornl-rt4:xe-1/0/0 - ornl-cr5:10/1/1           
2019-02-06 13:28:30,178 INFO  n.e.o.t.s.UpdateSvc                 - inserting pa: chic-cr5:10/1/7 - ameslab-rt3:xe-0/0/0        
2019-02-06 13:28:30,183 INFO  n.e.o.t.s.UpdateSvc                 - inserting pa: lbl-mr2:xe-7/2/0 - sacr-cr5:10/2/2            
2019-02-06 13:28:30,189 INFO  n.e.o.t.s.UpdateSvc                 - inserting pa: ornl-rt4:xe-2/3/0 - orau-rt4:ge-0/1/2         
2019-02-06 13:28:30,195 INFO  n.e.o.t.s.UpdateSvc                 - inserting pa: star-cr5:10/1/1 - anl-mr2:xe-2/3/0            
2019-02-06 13:28:30,201 INFO  n.e.o.t.s.UpdateSvc                 - inserting pa: sacr-cr5:10/2/5 - slac-mr2:xe-1/2/0           
2019-02-06 13:28:30,208 INFO  n.e.o.t.s.UpdateSvc                 - inserting pa: bost-cr5:1/1/1 - newy-cr5:4/2/1               
2019-02-06 13:28:30,213 INFO  n.e.o.t.s.UpdateSvc                 - inserting pa: sunn-cr5:10/1/5 - snll-mr2:xe-2/2/0           
2019-02-06 13:28:30,221 INFO  n.e.o.t.s.UpdateSvc                 - inserting pa: lond-cr5:2/2/1 - aofa-cr5:2/1/1               
2019-02-06 13:28:30,228 INFO  n.e.o.t.s.UpdateSvc                 - inserting pa: newy-cr5:4/2/1 - bost-cr5:1/1/1               
2019-02-06 13:28:30,235 INFO  n.e.o.t.s.UpdateSvc                 - inserting pa: jgi-mr2:xe-1/1/0 - sunn-cr5:9/1/1             
2019-02-06 13:28:30,241 INFO  n.e.o.t.s.UpdateSvc                 - inserting pa: denv-cr5:10/1/6 - pnwg-cr5:10/1/10            
2019-02-06 13:28:30,246 INFO  n.e.o.t.s.UpdateSvc                 - inserting pa: kans-cr5:3/1/1 - hous-cr5:2/1/1               
2019-02-06 13:28:30,253 INFO  n.e.o.t.s.UpdateSvc                 - inserting pa: hous-cr5:10/1/3 - pantex-rt4:ge-0/1/0         
2019-02-06 13:28:30,259 INFO  n.e.o.t.s.UpdateSvc                 - inserting pa: bois-cr1:xe-0/0/0 - pnwg-cr5:10/1/9           
2019-02-06 13:28:30,264 INFO  n.e.o.t.s.UpdateSvc                 - inserting pa: ornl-rt4:xe-0/2/0 - nash-cr5:10/1/4           
2019-02-06 13:28:30,272 INFO  n.e.o.t.s.UpdateSvc                 - inserting pa: netl-alb-rt1:xe-2/0/0 - pnwg-cr5:10/1/4       
2019-02-06 13:28:30,278 INFO  n.e.o.t.s.UpdateSvc                 - inserting pa: sunn-cr5:10/2/2 - eqx-sj-cr5:10/2/4           
2019-02-06 13:28:30,286 INFO  n.e.o.t.s.UpdateSvc                 - inserting pa: osti-rt2:ae0 - ornl-rt4:xe-2/3/0              
2019-02-06 13:28:30,294 INFO  n.e.o.t.s.UpdateSvc                 - inserting pa: snll-mr2:xe-1/1/0 - llnl-mr2:xe-0/1/0         
2019-02-06 13:28:30,304 INFO  n.e.o.t.s.UpdateSvc                 - inserting pa: lsvn-cr1:xe-2/2/0 - denv-cr5:10/1/10          
2019-02-06 13:28:30,310 INFO  n.e.o.t.s.UpdateSvc                 - inserting pa: elpa-cr5:3/1/1 - sunn-cr5:5/1/1               
2019-02-06 13:28:30,316 INFO  n.e.o.t.s.UpdateSvc                 - inserting pa: lond-cr5:3/1/1 - newy-cr5:4/1/1               
2019-02-06 13:28:30,324 INFO  n.e.o.t.s.UpdateSvc                 - inserting pa: ornl-cr5:10/1/1 - ornl-rt4:xe-1/0/0           
2019-02-06 13:28:30,332 INFO  n.e.o.t.s.UpdateSvc                 - inserting pa: eqx-chi-cr5:2/1/1 - eqx-ash-cr5:2/1/1         
2019-02-06 13:28:30,340 INFO  n.e.o.t.s.UpdateSvc                 - inserting pa: sacr-cr5:10/2/3 - jgi-mr2:xe-2/2/0            
2019-02-06 13:28:30,347 INFO  n.e.o.t.s.UpdateSvc                 - inserting pa: star-cr5:4/2/1 - aofa-cr5:5/1/1               
2019-02-06 13:28:30,355 INFO  n.e.o.t.s.UpdateSvc                 - inserting pa: ornl-rt4:xe-1/2/0 - nash-cr5:10/1/5           
2019-02-06 13:28:30,362 INFO  n.e.o.t.s.UpdateSvc                 - inserting pa: chic-cr5:3/1/1 - kans-cr5:1/1/1               
2019-02-06 13:28:30,369 INFO  n.e.o.t.s.UpdateSvc                 - inserting pa: snll-mr2:xe-2/2/0 - sunn-cr5:10/1/5           
2019-02-06 13:28:30,379 INFO  n.e.o.t.s.UpdateSvc                 - inserting pa: nash-cr5:10/1/3 - srs-rt3:ge-1/1/0            
2019-02-06 13:28:30,387 INFO  n.e.o.t.s.UpdateSvc                 - inserting pa: llnl-mr2:xe-0/1/0 - snll-mr2:xe-1/1/0         
2019-02-06 13:28:30,394 INFO  n.e.o.t.s.UpdateSvc                 - inserting pa: kans-cr5:2/1/1 - denv-cr5:1/1/1               
2019-02-06 13:28:30,401 INFO  n.e.o.t.s.UpdateSvc                 - inserting pa: anl-mr2:xe-2/3/0 - star-cr5:10/1/1            
2019-02-06 13:28:30,410 INFO  n.e.o.t.s.UpdateSvc                 - inserting pa: sacr-cr5:10/2/2 - lbl-mr2:xe-7/2/0            
2019-02-06 13:28:30,416 INFO  n.e.o.t.s.UpdateSvc                 - inserting pa: wash-cr5:5/2/1 - nash-cr5:4/2/1               
2019-02-06 13:28:30,423 INFO  n.e.o.t.s.UpdateSvc                 - inserting pa: ameslab-rt3:xe-1/0/0 - star-cr5:8/1/6         
2019-02-06 13:28:30,428 INFO  n.e.o.t.s.UpdateSvc                 - inserting pa: albq-cr5:2/1/1 - elpa-cr5:2/1/1               
2019-02-06 13:28:30,435 INFO  n.e.o.t.s.UpdateSvc                 - inserting pa: chic-cr5:7/1/1 - eqx-chi-cr5:1/1/1            
2019-02-06 13:28:30,442 INFO  n.e.o.t.s.UpdateSvc                 - inserting pa: star-cr5:5/1/1 - chic-cr5:6/2/1               
2019-02-06 13:28:30,448 INFO  n.e.o.t.s.UpdateSvc                 - inserting pa: denv-cr5:10/1/4 - pnwg-cr5:10/1/6             
2019-02-06 13:28:30,454 INFO  n.e.o.t.s.UpdateSvc                 - inserting pa: lbl-mr2:xe-1/3/0 - sunn-cr5:9/1/2             
2019-02-06 13:28:30,460 INFO  n.e.o.t.s.UpdateSvc                 - inserting pa: newy-cr5:2/1/1 - aofa-cr5:3/1/1               
2019-02-06 13:28:30,465 INFO  n.e.o.t.s.UpdateSvc                 - inserting pa: forr-rt2:ge-0/0/1 - doe-gtn-rt2:ge-0/0/0      
2019-02-06 13:28:30,472 INFO  n.e.o.t.s.UpdateSvc                 - inserting pa: cern-773-cr5:2/1/1 - cern-513-cr5:1/2/1       
2019-02-06 13:28:30,478 INFO  n.e.o.t.s.UpdateSvc                 - inserting pa: chic-cr5:10/1/4 - fnal-mr2:xe-0/0/0           
2019-02-06 13:28:30,485 INFO  n.e.o.t.s.UpdateSvc                 - inserting pa: ornl-rt4:ge-0/0/1 - orau-rt4:ge-0/1/4         
2019-02-06 13:28:30,490 INFO  n.e.o.t.s.UpdateSvc                 - inserting pa: nash-cr5:2/1/1 - atla-cr5:2/1/1               
2019-02-06 13:28:30,496 INFO  n.e.o.t.s.UpdateSvc                 - inserting pa: ornl-cr5:6/1/1 - atla-cr5:3/1/1               
2019-02-06 13:28:30,502 INFO  n.e.o.t.s.UpdateSvc                 - inserting pa: denv-cr5:2/1/1 - sacr-cr5:2/1/1               
2019-02-06 13:28:30,509 INFO  n.e.o.t.s.UpdateSvc                 - inserting pa: chic-cr5:1/1/1 - wash-cr5:1/1/1               
2019-02-06 13:28:30,514 INFO  n.e.o.t.s.UpdateSvc                 - inserting pa: lsvn-cr1:ge-1/1/5 - ga-rt2:ge-1/1/3           
2019-02-06 13:28:30,522 INFO  n.e.o.t.s.UpdateSvc                 - inserting pa: sunn-cr5:9/1/2 - lbl-mr2:xe-1/3/0             
2019-02-06 13:28:30,528 INFO  n.e.o.t.s.UpdateSvc                 - inserting pa: ga-rt2:xe-0/0/0 - sunn-cr5:10/2/3             
2019-02-06 13:28:30,536 INFO  n.e.o.t.s.UpdateSvc                 - inserting pa: nersc-mr2:xe-2/2/0 - sacr-cr5:10/2/1          
2019-02-06 13:28:30,542 INFO  n.e.o.t.s.UpdateSvc                 - inserting pa: bost-cr5:3/1/1 - amst-cr5:5/1/1               
2019-02-06 13:28:30,549 INFO  n.e.o.t.s.UpdateSvc                 - inserting pa: bois-cr1:xe-7/1/0 - denv-cr5:10/1/5           
2019-02-06 13:28:30,555 INFO  n.e.o.t.s.UpdateSvc                 - inserting pa: denv-cr5:4/1/1 - pnwg-cr5:2/2/1               
2019-02-06 13:28:30,562 INFO  n.e.o.t.s.UpdateSvc                 - inserting pa: wash-cr5:10/1/3 - forr-rt2:ge-0/0/0           
2019-02-06 13:28:30,568 INFO  n.e.o.t.s.UpdateSvc                 - inserting pa: cern-513-cr5:1/1/1 - wash-cr5:5/1/1           
2019-02-06 13:28:30,575 INFO  n.e.o.t.s.UpdateSvc                 - inserting pa: aofa-cr5:9/1/1 - pppl-rt5:xe-0/2/0            
2019-02-06 13:28:30,581 INFO  n.e.o.t.s.UpdateSvc                 - inserting pa: fnal-mr2:xe-1/1/0 - star-cr5:8/1/2            
2019-02-06 13:28:30,588 INFO  n.e.o.t.s.UpdateSvc                 - inserting pa: bost-cr5:2/1/1 - star-cr5:1/1/1               
2019-02-06 13:28:30,595 INFO  n.e.o.t.s.UpdateSvc                 - inserting pa: eqx-sj-cr5:10/2/4 - sunn-cr5:10/2/2           
2019-02-06 13:28:30,602 INFO  n.e.o.t.s.UpdateSvc                 - inserting pa: chic-cr5:4/1/1 - nash-cr5:1/1/1               
2019-02-06 13:28:30,607 INFO  n.e.o.t.s.UpdateSvc                 - inserting pa: fnal-mr2:xe-0/0/0 - chic-cr5:10/1/4           
2019-02-06 13:28:30,613 INFO  n.e.o.t.s.UpdateSvc                 - inserting pa: amst-cr5:5/1/1 - bost-cr5:3/1/1               
2019-02-06 13:28:30,619 INFO  n.e.o.t.s.UpdateSvc                 - inserting pa: pnwg-cr5:10/1/10 - denv-cr5:10/1/6            
2019-02-06 13:28:30,626 INFO  n.e.o.t.s.UpdateSvc                 - inserting pa: atla-cr5:10/1/3 - srs-rt3:ge-0/1/0            
2019-02-06 13:28:30,633 INFO  n.e.o.t.s.UpdateSvc                 - inserting pa: newy-cr5:4/1/1 - lond-cr5:3/1/1               
2019-02-06 13:28:30,639 INFO  n.e.o.t.s.UpdateSvc                 - inserting pa: llnldc-rt4:ge-1/0/0 - wash-cr5:10/1/3         
2019-02-06 13:28:30,645 INFO  n.e.o.t.s.UpdateSvc                 - inserting pa: sunn-cr5:5/1/1 - elpa-cr5:3/1/1               
2019-02-06 13:28:30,651 INFO  n.e.o.t.s.UpdateSvc                 - inserting pa: eqx-ash-cr5:2/1/1 - eqx-chi-cr5:2/1/1         
2019-02-06 13:28:30,657 INFO  n.e.o.t.s.UpdateSvc                 - inserting pa: chic-cr5:6/1/1 - nash-cr5:4/1/1               
2019-02-06 13:28:30,663 INFO  n.e.o.t.s.UpdateSvc                 - inserting pa: sacr-cr5:10/2/4 - snll-mr2:xe-1/2/0           
2019-02-06 13:28:30,669 INFO  n.e.o.t.s.UpdateSvc                 - inserting pa: atla-cr5:3/1/1 - ornl-cr5:6/1/1               
2019-02-06 13:28:30,676 INFO  n.e.o.t.s.UpdateSvc                 - inserting pa: aofa-cr5:7/2/1 - lond-cr5:5/1/1               
2019-02-06 13:28:30,681 INFO  n.e.o.t.s.UpdateSvc                 - inserting pa: nash-cr5:1/1/1 - chic-cr5:4/1/1               
2019-02-06 13:28:30,689 INFO  n.e.o.t.s.UpdateSvc                 - inserting pa: wash-cr5:10/1/3 - llnldc-rt4:ge-1/0/0         
2019-02-06 13:28:30,696 INFO  n.e.o.t.s.UpdateSvc                 - inserting pa: albq-cr5:10/1/2 - snla-rt3:xe-1/2/0           
2019-02-06 13:28:30,705 INFO  n.e.o.t.s.UpdateSvc                 - inserting pa: ornl-rt4:xe-2/3/0 - osti-rt2:ae0              
2019-02-06 13:28:30,712 INFO  n.e.o.t.s.UpdateSvc                 - finished merging adjacencies                                
2019-02-06 13:28:30,712 INFO  n.e.o.t.s.UpdateSvc                 -    inserted     :   182                                     
2019-02-06 13:28:30,712 INFO  n.e.o.t.s.UpdateSvc                 -    ver updated  :   0                                       
2019-02-06 13:28:30,712 INFO  n.e.o.t.s.UpdateSvc                 -    data updated :   0                                       
2019-02-06 13:28:30,712 INFO  n.e.o.t.s.UpdateSvc                 -    invalidated  :   0                                       
2019-02-06 13:28:30,712 INFO  n.e.o.t.s.UpdateSvc                 - finished merging topology delta.                            
2019-02-06 13:28:30,765 INFO  n.e.o.t.s.TopoService               - updating pathfinding topo to version: 28                    
2019-02-06 13:28:31,162 INFO  n.e.o.t.s.TopoService               - updated with 972 topo adjacencies                           
2019-02-06 13:28:31,201 INFO  n.e.o.c.FancyPCESteps               - adjcies size: 972                                           
2019-02-06 13:28:31,462 INFO  n.e.o.c.FancyPCESteps               - 97 distinct paths found between aofa-cr5 and chic-cr5 found in PT0.233S
2019-02-06 13:28:31,548 INFO  n.e.o.c.TopologySteps               - clearing adjacencies                                        
2019-02-06 13:28:31,716 INFO  n.e.o.c.TopologySteps               - clearing devices                                            
2019-02-06 13:28:31,721 INFO  n.e.o.c.TopologySteps               - deleting nersc-mr2:xe-1/3/0                                 
2019-02-06 13:28:31,722 INFO  n.e.o.c.TopologySteps               - deleting nersc-mr2:xe-1/1/0                                 
2019-02-06 13:28:31,722 INFO  n.e.o.c.TopologySteps               - deleting nersc-mr2:xe-2/2/0                                 
2019-02-06 13:28:31,722 INFO  n.e.o.c.TopologySteps               - deleting nersc-mr2:xe-7/3/0                                 
2019-02-06 13:28:31,723 INFO  n.e.o.c.TopologySteps               - deleting nersc-mr2:xe-0/2/0                                 
2019-02-06 13:28:31,724 INFO  n.e.o.c.TopologySteps               - deleting nersc-mr2                                          
2019-02-06 13:28:31,726 INFO  n.e.o.c.TopologySteps               - deleting pppl-rt5:ge-0/0/2                                  
2019-02-06 13:28:31,726 INFO  n.e.o.c.TopologySteps               - deleting pppl-rt5:xe-1/3/0                                  
2019-02-06 13:28:31,726 INFO  n.e.o.c.TopologySteps               - deleting pppl-rt5:xe-1/0/0                                  
2019-02-06 13:28:31,727 INFO  n.e.o.c.TopologySteps               - deleting pppl-rt5:xe-0/2/0                                  
2019-02-06 13:28:31,727 INFO  n.e.o.c.TopologySteps               - deleting pppl-rt5:xe-1/1/0                                  
2019-02-06 13:28:31,727 INFO  n.e.o.c.TopologySteps               - deleting pppl-rt5:xe-1/2/0                                  
2019-02-06 13:28:31,727 INFO  n.e.o.c.TopologySteps               - deleting pppl-rt5                                           
2019-02-06 13:28:31,730 INFO  n.e.o.c.TopologySteps               - deleting srs-rt3:ge-0/1/0                                   
2019-02-06 13:28:31,730 INFO  n.e.o.c.TopologySteps               - deleting srs-rt3:ge-1/1/0                                   
2019-02-06 13:28:31,730 INFO  n.e.o.c.TopologySteps               - deleting srs-rt3:ge-1/3/0                                   
2019-02-06 13:28:31,730 INFO  n.e.o.c.TopologySteps               - deleting srs-rt3:ge-0/0/0                                   
2019-02-06 13:28:31,731 INFO  n.e.o.c.TopologySteps               - deleting srs-rt3:ge-1/0/0                                   
2019-02-06 13:28:31,731 INFO  n.e.o.c.TopologySteps               - deleting srs-rt3:ge-1/2/0                                   
2019-02-06 13:28:31,733 INFO  n.e.o.c.TopologySteps               - deleting srs-rt3                                            
2019-02-06 13:28:31,736 INFO  n.e.o.c.TopologySteps               - deleting orau-rt4:ge-0/1/1                                  
2019-02-06 13:28:31,737 INFO  n.e.o.c.TopologySteps               - deleting orau-rt4:ge-0/1/0                                  
2019-02-06 13:28:31,737 INFO  n.e.o.c.TopologySteps               - deleting orau-rt4:ge-0/1/4                                  
2019-02-06 13:28:31,737 INFO  n.e.o.c.TopologySteps               - deleting orau-rt4:ge-0/1/3                                  
2019-02-06 13:28:31,737 INFO  n.e.o.c.TopologySteps               - deleting orau-rt4:ge-0/1/2                                  
2019-02-06 13:28:31,738 INFO  n.e.o.c.TopologySteps               - deleting orau-rt4                                           
2019-02-06 13:28:31,740 INFO  n.e.o.c.TopologySteps               - deleting doe-gtn-rt2:ge-0/1/3                               
2019-02-06 13:28:31,740 INFO  n.e.o.c.TopologySteps               - deleting doe-gtn-rt2:ge-0/0/3                               
2019-02-06 13:28:31,740 INFO  n.e.o.c.TopologySteps               - deleting doe-gtn-rt2:ge-0/0/0                               
2019-02-06 13:28:31,741 INFO  n.e.o.c.TopologySteps               - deleting doe-gtn-rt2:ge-0/1/0                               
2019-02-06 13:28:31,741 INFO  n.e.o.c.TopologySteps               - deleting doe-gtn-rt2                                        
2019-02-06 13:28:31,744 INFO  n.e.o.c.TopologySteps               - deleting cern-513-cr5:10/1/2                                
2019-02-06 13:28:31,745 INFO  n.e.o.c.TopologySteps               - deleting cern-513-cr5:1/2/1                                 
2019-02-06 13:28:31,745 INFO  n.e.o.c.TopologySteps               - deleting cern-513-cr5:BLANK                                 
2019-02-06 13:28:31,745 INFO  n.e.o.c.TopologySteps               - deleting cern-513-cr5:5/1/1                                 
2019-02-06 13:28:31,745 INFO  n.e.o.c.TopologySteps               - deleting cern-513-cr5:4/1/1                                 
2019-02-06 13:28:31,746 INFO  n.e.o.c.TopologySteps               - deleting cern-513-cr5:10/1/3                                
2019-02-06 13:28:31,746 INFO  n.e.o.c.TopologySteps               - deleting cern-513-cr5:2/1/1                                 
2019-02-06 13:28:31,746 INFO  n.e.o.c.TopologySteps               - deleting cern-513-cr5:1/1/1                                 
2019-02-06 13:28:31,747 INFO  n.e.o.c.TopologySteps               - deleting cern-513-cr5                                       
2019-02-06 13:28:31,751 INFO  n.e.o.c.TopologySteps               - deleting eqx-sj-cr5:10/1/4                                  
2019-02-06 13:28:31,752 INFO  n.e.o.c.TopologySteps               - deleting eqx-sj-cr5:10/1/2                                  
2019-02-06 13:28:31,752 INFO  n.e.o.c.TopologySteps               - deleting eqx-sj-cr5:BLANK                                   
2019-02-06 13:28:31,752 INFO  n.e.o.c.TopologySteps               - deleting eqx-sj-cr5:10/2/4                                  
2019-02-06 13:28:31,753 INFO  n.e.o.c.TopologySteps               - deleting eqx-sj-cr5:1/2/1                                   
2019-02-06 13:28:31,753 INFO  n.e.o.c.TopologySteps               - deleting eqx-sj-cr5:10/1/1                                  
2019-02-06 13:28:31,753 INFO  n.e.o.c.TopologySteps               - deleting eqx-sj-cr5:10/2/2                                  
2019-02-06 13:28:31,754 INFO  n.e.o.c.TopologySteps               - deleting eqx-sj-cr5                                         
2019-02-06 13:28:31,756 INFO  n.e.o.c.TopologySteps               - deleting wash-cr5:6/1/1                                     
2019-02-06 13:28:31,757 INFO  n.e.o.c.TopologySteps               - deleting wash-cr5:10/1/5                                    
2019-02-06 13:28:31,757 INFO  n.e.o.c.TopologySteps               - deleting wash-cr5:1/1/1                                     
2019-02-06 13:28:31,757 INFO  n.e.o.c.TopologySteps               - deleting wash-cr5:4/2/1                                     
2019-02-06 13:28:31,757 INFO  n.e.o.c.TopologySteps               - deleting wash-cr5:2/1/1                                     
2019-02-06 13:28:31,758 INFO  n.e.o.c.TopologySteps               - deleting wash-cr5:10/1/3                                    
2019-02-06 13:28:31,758 INFO  n.e.o.c.TopologySteps               - deleting wash-cr5:3/1/1                                     
2019-02-06 13:28:31,758 INFO  n.e.o.c.TopologySteps               - deleting wash-cr5:10/1/9                                    
2019-02-06 13:28:31,758 INFO  n.e.o.c.TopologySteps               - deleting wash-cr5:10/1/10                                   
2019-02-06 13:28:31,759 INFO  n.e.o.c.TopologySteps               - deleting wash-cr5:4/1/1                                     
2019-02-06 13:28:31,759 INFO  n.e.o.c.TopologySteps               - deleting wash-cr5:5/2/1                                     
2019-02-06 13:28:31,760 INFO  n.e.o.c.TopologySteps               - deleting wash-cr5:10/1/4                                    
2019-02-06 13:28:31,760 INFO  n.e.o.c.TopologySteps               - deleting wash-cr5:5/1/1                                     
2019-02-06 13:28:31,761 INFO  n.e.o.c.TopologySteps               - deleting wash-cr5                                           
2019-02-06 13:28:31,764 INFO  n.e.o.c.TopologySteps               - deleting ga-rt2:xe-0/2/0                                    
2019-02-06 13:28:31,765 INFO  n.e.o.c.TopologySteps               - deleting ga-rt2:ge-1/0/3                                    
2019-02-06 13:28:31,765 INFO  n.e.o.c.TopologySteps               - deleting ga-rt2:ge-1/1/3                                    
2019-02-06 13:28:31,767 INFO  n.e.o.c.TopologySteps               - deleting ga-rt2:xe-0/3/0                                    
2019-02-06 13:28:31,768 INFO  n.e.o.c.TopologySteps               - deleting ga-rt2:xe-0/0/0                                    
2019-02-06 13:28:31,769 INFO  n.e.o.c.TopologySteps               - deleting ga-rt2:ge-1/0/5                                    
2019-02-06 13:28:31,769 INFO  n.e.o.c.TopologySteps               - deleting ga-rt2                                             
2019-02-06 13:28:31,772 INFO  n.e.o.c.TopologySteps               - deleting kans-cr5:4/1/1                                     
2019-02-06 13:28:31,772 INFO  n.e.o.c.TopologySteps               - deleting kans-cr5:1/1/1                                     
2019-02-06 13:28:31,772 INFO  n.e.o.c.TopologySteps               - deleting kans-cr5:10/1/3                                    
2019-02-06 13:28:31,773 INFO  n.e.o.c.TopologySteps               - deleting kans-cr5:3/1/1                                     
2019-02-06 13:28:31,773 INFO  n.e.o.c.TopologySteps               - deleting kans-cr5:10/1/4                                    
2019-02-06 13:28:31,774 INFO  n.e.o.c.TopologySteps               - deleting kans-cr5:2/1/1                                     
2019-02-06 13:28:31,774 INFO  n.e.o.c.TopologySteps               - deleting kans-cr5                                           
2019-02-06 13:28:31,778 INFO  n.e.o.c.TopologySteps               - deleting bois-cr1:xe-7/3/0                                  
2019-02-06 13:28:31,778 INFO  n.e.o.c.TopologySteps               - deleting bois-cr1:xe-0/0/0                                  
2019-02-06 13:28:31,778 INFO  n.e.o.c.TopologySteps               - deleting bois-cr1:xe-1/2/0                                  
2019-02-06 13:28:31,779 INFO  n.e.o.c.TopologySteps               - deleting bois-cr1:xe-0/1/0                                  
2019-02-06 13:28:31,779 INFO  n.e.o.c.TopologySteps               - deleting bois-cr1:xe-1/0/0                                  
2019-02-06 13:28:31,779 INFO  n.e.o.c.TopologySteps               - deleting bois-cr1:xe-7/1/0                                  
2019-02-06 13:28:31,779 INFO  n.e.o.c.TopologySteps               - deleting bois-cr1:xe-0/2/0                                  
2019-02-06 13:28:31,779 INFO  n.e.o.c.TopologySteps               - deleting bois-cr1:xe-7/0/0                                  
2019-02-06 13:28:31,780 INFO  n.e.o.c.TopologySteps               - deleting bois-cr1                                           
2019-02-06 13:28:31,783 INFO  n.e.o.c.TopologySteps               - deleting snll-mr2:xe-2/2/0                                  
2019-02-06 13:28:31,784 INFO  n.e.o.c.TopologySteps               - deleting snll-mr2:xe-2/3/0                                  
2019-02-06 13:28:31,784 INFO  n.e.o.c.TopologySteps               - deleting snll-mr2:xe-2/0/0                                  
2019-02-06 13:28:31,785 INFO  n.e.o.c.TopologySteps               - deleting snll-mr2:xe-1/3/0                                  
2019-02-06 13:28:31,785 INFO  n.e.o.c.TopologySteps               - deleting snll-mr2:xe-0/1/0                                  
2019-02-06 13:28:31,785 INFO  n.e.o.c.TopologySteps               - deleting snll-mr2:xe-0/2/0                                  
2019-02-06 13:28:31,786 INFO  n.e.o.c.TopologySteps               - deleting snll-mr2:xe-1/2/0                                  
2019-02-06 13:28:31,786 INFO  n.e.o.c.TopologySteps               - deleting snll-mr2:xe-1/1/0                                  
2019-02-06 13:28:31,786 INFO  n.e.o.c.TopologySteps               - deleting snll-mr2                                           
2019-02-06 13:28:31,788 INFO  n.e.o.c.TopologySteps               - deleting atla-cr5:10/1/2                                    
2019-02-06 13:28:31,788 INFO  n.e.o.c.TopologySteps               - deleting atla-cr5:1/1/1                                     
2019-02-06 13:28:31,788 INFO  n.e.o.c.TopologySteps               - deleting atla-cr5:4/1/1                                     
2019-02-06 13:28:31,789 INFO  n.e.o.c.TopologySteps               - deleting atla-cr5:2/1/1                                     
2019-02-06 13:28:31,789 INFO  n.e.o.c.TopologySteps               - deleting atla-cr5:3/1/1                                     
2019-02-06 13:28:31,789 INFO  n.e.o.c.TopologySteps               - deleting atla-cr5:10/1/3                                    
2019-02-06 13:28:31,789 INFO  n.e.o.c.TopologySteps               - deleting atla-cr5:10/1/8                                    
2019-02-06 13:28:31,789 INFO  n.e.o.c.TopologySteps               - deleting atla-cr5                                           
2019-02-06 13:28:31,790 INFO  n.e.o.c.TopologySteps               - deleting ornl-rt4:xe-1/2/0                                  
2019-02-06 13:28:31,790 INFO  n.e.o.c.TopologySteps               - deleting ornl-rt4:xe-0/2/0                                  
2019-02-06 13:28:31,790 INFO  n.e.o.c.TopologySteps               - deleting ornl-rt4:xe-2/3/0                                  
2019-02-06 13:28:31,790 INFO  n.e.o.c.TopologySteps               - deleting ornl-rt4:xe-1/0/0                                  
2019-02-06 13:28:31,791 INFO  n.e.o.c.TopologySteps               - deleting ornl-rt4:ge-0/0/1                                  
2019-02-06 13:28:31,791 INFO  n.e.o.c.TopologySteps               - deleting ornl-rt4                                           
2019-02-06 13:28:31,792 INFO  n.e.o.c.TopologySteps               - deleting netl-mgn-rt1:xe-2/0/1                              
2019-02-06 13:28:31,793 INFO  n.e.o.c.TopologySteps               - deleting netl-mgn-rt1:xe-2/0/3                              
2019-02-06 13:28:31,793 INFO  n.e.o.c.TopologySteps               - deleting netl-mgn-rt1:xe-2/0/0                              
2019-02-06 13:28:31,793 INFO  n.e.o.c.TopologySteps               - deleting netl-mgn-rt1:xe-2/0/2                              
2019-02-06 13:28:31,793 INFO  n.e.o.c.TopologySteps               - deleting netl-mgn-rt1                                       
2019-02-06 13:28:31,795 INFO  n.e.o.c.TopologySteps               - deleting cern-773-cr5:1/1/1                                 
2019-02-06 13:28:31,795 INFO  n.e.o.c.TopologySteps               - deleting cern-773-cr5:2/1/1                                 
2019-02-06 13:28:31,795 INFO  n.e.o.c.TopologySteps               - deleting cern-773-cr5:10/1/1                                
2019-02-06 13:28:31,796 INFO  n.e.o.c.TopologySteps               - deleting cern-773-cr5:10/1/3                                
2019-02-06 13:28:31,796 INFO  n.e.o.c.TopologySteps               - deleting cern-773-cr5:10/1/2                                
2019-02-06 13:28:31,796 INFO  n.e.o.c.TopologySteps               - deleting cern-773-cr5:BLANK                                 
2019-02-06 13:28:31,796 INFO  n.e.o.c.TopologySteps               - deleting cern-773-cr5                                       
2019-02-06 13:28:31,798 INFO  n.e.o.c.TopologySteps               - deleting nash-cr5:1/2/1                                     
2019-02-06 13:28:31,798 INFO  n.e.o.c.TopologySteps               - deleting nash-cr5:4/2/1                                     
2019-02-06 13:28:31,798 INFO  n.e.o.c.TopologySteps               - deleting nash-cr5:10/1/5                                    
2019-02-06 13:28:31,798 INFO  n.e.o.c.TopologySteps               - deleting nash-cr5:10/1/3                                    
2019-02-06 13:28:31,798 INFO  n.e.o.c.TopologySteps               - deleting nash-cr5:10/1/4                                    
2019-02-06 13:28:31,798 INFO  n.e.o.c.TopologySteps               - deleting nash-cr5:2/1/1                                     
2019-02-06 13:28:31,798 INFO  n.e.o.c.TopologySteps               - deleting nash-cr5:10/1/6                                    
2019-02-06 13:28:31,799 INFO  n.e.o.c.TopologySteps               - deleting nash-cr5:3/1/1                                     
2019-02-06 13:28:31,799 INFO  n.e.o.c.TopologySteps               - deleting nash-cr5:4/1/1                                     
2019-02-06 13:28:31,799 INFO  n.e.o.c.TopologySteps               - deleting nash-cr5:1/1/1                                     
2019-02-06 13:28:31,800 INFO  n.e.o.c.TopologySteps               - deleting nash-cr5                                           
2019-02-06 13:28:31,803 INFO  n.e.o.c.TopologySteps               - deleting elpa-cr5:10/1/3                                    
2019-02-06 13:28:31,804 INFO  n.e.o.c.TopologySteps               - deleting elpa-cr5:1/1/1                                     
2019-02-06 13:28:31,804 INFO  n.e.o.c.TopologySteps               - deleting elpa-cr5:10/1/5                                    
2019-02-06 13:28:31,804 INFO  n.e.o.c.TopologySteps               - deleting elpa-cr5:3/1/1                                     
2019-02-06 13:28:31,804 INFO  n.e.o.c.TopologySteps               - deleting elpa-cr5:2/1/1                                     
2019-02-06 13:28:31,804 INFO  n.e.o.c.TopologySteps               - deleting elpa-cr5:10/1/4                                    
2019-02-06 13:28:31,804 INFO  n.e.o.c.TopologySteps               - deleting elpa-cr5                                           
2019-02-06 13:28:31,807 INFO  n.e.o.c.TopologySteps               - deleting sacr-cr5:10/1/1                                    
2019-02-06 13:28:31,808 INFO  n.e.o.c.TopologySteps               - deleting sacr-cr5:10/2/1                                    
2019-02-06 13:28:31,808 INFO  n.e.o.c.TopologySteps               - deleting sacr-cr5:10/2/2                                    
2019-02-06 13:28:31,808 INFO  n.e.o.c.TopologySteps               - deleting sacr-cr5:5/1/1                                     
2019-02-06 13:28:31,808 INFO  n.e.o.c.TopologySteps               - deleting sacr-cr5:10/2/4                                    
2019-02-06 13:28:31,808 INFO  n.e.o.c.TopologySteps               - deleting sacr-cr5:10/2/6                                    
2019-02-06 13:28:31,808 INFO  n.e.o.c.TopologySteps               - deleting sacr-cr5:1/1/1                                     
2019-02-06 13:28:31,808 INFO  n.e.o.c.TopologySteps               - deleting sacr-cr5:10/1/4                                    
2019-02-06 13:28:31,809 INFO  n.e.o.c.TopologySteps               - deleting sacr-cr5:2/1/1                                     
2019-02-06 13:28:31,809 INFO  n.e.o.c.TopologySteps               - deleting sacr-cr5:10/2/5                                    
2019-02-06 13:28:31,809 INFO  n.e.o.c.TopologySteps               - deleting sacr-cr5:3/1/1                                     
2019-02-06 13:28:31,809 INFO  n.e.o.c.TopologySteps               - deleting sacr-cr5:4/1/1                                     
2019-02-06 13:28:31,809 INFO  n.e.o.c.TopologySteps               - deleting sacr-cr5:10/2/3                                    
2019-02-06 13:28:31,809 INFO  n.e.o.c.TopologySteps               - deleting sacr-cr5:10/1/6                                    
2019-02-06 13:28:31,809 INFO  n.e.o.c.TopologySteps               - deleting sacr-cr5:10/1/2                                    
2019-02-06 13:28:31,810 INFO  n.e.o.c.TopologySteps               - deleting sacr-cr5                                           
2019-02-06 13:28:31,811 INFO  n.e.o.c.TopologySteps               - deleting snla-rt3:ge-1/0/2                                  
2019-02-06 13:28:31,811 INFO  n.e.o.c.TopologySteps               - deleting snla-rt3:xe-0/0/0                                  
2019-02-06 13:28:31,811 INFO  n.e.o.c.TopologySteps               - deleting snla-rt3:xe-1/2/0                                  
2019-02-06 13:28:31,812 INFO  n.e.o.c.TopologySteps               - deleting snla-rt3                                           
2019-02-06 13:28:31,814 INFO  n.e.o.c.TopologySteps               - deleting lsvn-cr1:ge-1/0/1                                  
2019-02-06 13:28:31,815 INFO  n.e.o.c.TopologySteps               - deleting lsvn-cr1:ge-1/1/1                                  
2019-02-06 13:28:31,815 INFO  n.e.o.c.TopologySteps               - deleting lsvn-cr1:xe-2/0/0                                  
2019-02-06 13:28:31,815 INFO  n.e.o.c.TopologySteps               - deleting lsvn-cr1:ge-1/0/0                                  
2019-02-06 13:28:31,816 INFO  n.e.o.c.TopologySteps               - deleting lsvn-cr1:ge-1/1/5                                  
2019-02-06 13:28:31,816 INFO  n.e.o.c.TopologySteps               - deleting lsvn-cr1:xe-2/2/0                                  
2019-02-06 13:28:31,816 INFO  n.e.o.c.TopologySteps               - deleting lsvn-cr1:xe-2/1/0                                  
2019-02-06 13:28:31,816 INFO  n.e.o.c.TopologySteps               - deleting lsvn-cr1:ge-1/1/0                                  
2019-02-06 13:28:31,818 INFO  n.e.o.c.TopologySteps               - deleting lsvn-cr1:xe-1/2/0                                  
2019-02-06 13:28:31,818 INFO  n.e.o.c.TopologySteps               - deleting lsvn-cr1                                           
2019-02-06 13:28:31,824 INFO  n.e.o.c.TopologySteps               - deleting sunn-cr5:10/1/6                                    
2019-02-06 13:28:31,824 INFO  n.e.o.c.TopologySteps               - deleting sunn-cr5:10/2/1                                    
2019-02-06 13:28:31,825 INFO  n.e.o.c.TopologySteps               - deleting sunn-cr5:9/1/2                                     
2019-02-06 13:28:31,825 INFO  n.e.o.c.TopologySteps               - deleting sunn-cr5:7/2/1                                     
2019-02-06 13:28:31,825 INFO  n.e.o.c.TopologySteps               - deleting sunn-cr5:9/1/1                                     
2019-02-06 13:28:31,825 INFO  n.e.o.c.TopologySteps               - deleting sunn-cr5:9/1/3                                     
2019-02-06 13:28:31,825 INFO  n.e.o.c.TopologySteps               - deleting sunn-cr5:10/1/1                                    
2019-02-06 13:28:31,825 INFO  n.e.o.c.TopologySteps               - deleting sunn-cr5:7/1/1                                     
2019-02-06 13:28:31,826 INFO  n.e.o.c.TopologySteps               - deleting sunn-cr5:10/1/2                                    
2019-02-06 13:28:31,826 INFO  n.e.o.c.TopologySteps               - deleting sunn-cr5:5/1/1                                     
2019-02-06 13:28:31,826 INFO  n.e.o.c.TopologySteps               - deleting sunn-cr5:4/1/1                                     
2019-02-06 13:28:31,826 INFO  n.e.o.c.TopologySteps               - deleting sunn-cr5:10/2/4                                    
2019-02-06 13:28:31,826 INFO  n.e.o.c.TopologySteps               - deleting sunn-cr5:10/2/6                                    
2019-02-06 13:28:31,826 INFO  n.e.o.c.TopologySteps               - deleting sunn-cr5:10/2/3                                    
2019-02-06 13:28:31,826 INFO  n.e.o.c.TopologySteps               - deleting sunn-cr5:1/1/1                                     
2019-02-06 13:28:31,826 INFO  n.e.o.c.TopologySteps               - deleting sunn-cr5:10/2/2                                    
2019-02-06 13:28:31,827 INFO  n.e.o.c.TopologySteps               - deleting sunn-cr5:10/1/5                                    
2019-02-06 13:28:31,827 INFO  n.e.o.c.TopologySteps               - deleting sunn-cr5:10/1/4                                    
2019-02-06 13:28:31,827 INFO  n.e.o.c.TopologySteps               - deleting sunn-cr5:2/2/1                                     
2019-02-06 13:28:31,827 INFO  n.e.o.c.TopologySteps               - deleting sunn-cr5:2/1/1                                     
2019-02-06 13:28:31,827 INFO  n.e.o.c.TopologySteps               - deleting sunn-cr5:8/1/1                                     
2019-02-06 13:28:31,827 INFO  n.e.o.c.TopologySteps               - deleting sunn-cr5:10/2/5                                    
2019-02-06 13:28:31,828 INFO  n.e.o.c.TopologySteps               - deleting sunn-cr5:10/1/3                                    
2019-02-06 13:28:31,828 INFO  n.e.o.c.TopologySteps               - deleting sunn-cr5:5/2/1                                     
2019-02-06 13:28:31,828 INFO  n.e.o.c.TopologySteps               - deleting sunn-cr5:8/2/1                                     
2019-02-06 13:28:31,828 INFO  n.e.o.c.TopologySteps               - deleting sunn-cr5:9/1/5                                     
2019-02-06 13:28:31,828 INFO  n.e.o.c.TopologySteps               - deleting sunn-cr5                                           
2019-02-06 13:28:31,830 INFO  n.e.o.c.TopologySteps               - deleting netl-pgh-rt1:xe-2/0/0                              
2019-02-06 13:28:31,830 INFO  n.e.o.c.TopologySteps               - deleting netl-pgh-rt1:xe-2/0/1                              
2019-02-06 13:28:31,830 INFO  n.e.o.c.TopologySteps               - deleting netl-pgh-rt1:xe-2/0/2                              
2019-02-06 13:28:31,831 INFO  n.e.o.c.TopologySteps               - deleting netl-pgh-rt1:xe-2/0/3                              
2019-02-06 13:28:31,831 INFO  n.e.o.c.TopologySteps               - deleting netl-pgh-rt1                                       
2019-02-06 13:28:31,837 INFO  n.e.o.c.TopologySteps               - deleting llnl-mr2:xe-1/3/0                                  
2019-02-06 13:28:31,837 INFO  n.e.o.c.TopologySteps               - deleting llnl-mr2:ae0                                       
2019-02-06 13:28:31,837 INFO  n.e.o.c.TopologySteps               - deleting llnl-mr2:ge-3/0/1                                  
2019-02-06 13:28:31,837 INFO  n.e.o.c.TopologySteps               - deleting llnl-mr2:xe-2/1/0                                  
2019-02-06 13:28:31,838 INFO  n.e.o.c.TopologySteps               - deleting llnl-mr2:xe-2/0/0                                  
2019-02-06 13:28:31,838 INFO  n.e.o.c.TopologySteps               - deleting llnl-mr2:xe-1/0/0                                  
2019-02-06 13:28:31,838 INFO  n.e.o.c.TopologySteps               - deleting llnl-mr2:xe-0/0/0                                  
2019-02-06 13:28:31,838 INFO  n.e.o.c.TopologySteps               - deleting llnl-mr2:xe-0/1/0                                  
2019-02-06 13:28:31,838 INFO  n.e.o.c.TopologySteps               - deleting llnl-mr2:xe-2/2/0                                  
2019-02-06 13:28:31,838 INFO  n.e.o.c.TopologySteps               - deleting llnl-mr2:xe-3/2/0                                  
2019-02-06 13:28:31,838 INFO  n.e.o.c.TopologySteps               - deleting llnl-mr2:ge-3/0/0                                  
2019-02-06 13:28:31,839 INFO  n.e.o.c.TopologySteps               - deleting llnl-mr2:xe-0/2/0                                  
2019-02-06 13:28:31,839 INFO  n.e.o.c.TopologySteps               - deleting llnl-mr2                                           
2019-02-06 13:28:31,841 INFO  n.e.o.c.TopologySteps               - deleting anl-mr2:xe-1/3/0                                   
2019-02-06 13:28:31,841 INFO  n.e.o.c.TopologySteps               - deleting anl-mr2:xe-0/1/0                                   
2019-02-06 13:28:31,841 INFO  n.e.o.c.TopologySteps               - deleting anl-mr2:xe-2/3/0                                   
2019-02-06 13:28:31,841 INFO  n.e.o.c.TopologySteps               - deleting anl-mr2:xe-0/0/0                                   
2019-02-06 13:28:31,841 INFO  n.e.o.c.TopologySteps               - deleting anl-mr2:ae0                                        
2019-02-06 13:28:31,841 INFO  n.e.o.c.TopologySteps               - deleting anl-mr2                                            
2019-02-06 13:28:31,842 INFO  n.e.o.c.TopologySteps               - deleting llnldc-rt4:ge-1/0/0                                
2019-02-06 13:28:31,842 INFO  n.e.o.c.TopologySteps               - deleting llnldc-rt4                                         
2019-02-06 13:28:31,845 INFO  n.e.o.c.TopologySteps               - deleting chic-cr5:7/1/1                                     
2019-02-06 13:28:31,846 INFO  n.e.o.c.TopologySteps               - deleting chic-cr5:6/1/1                                     
2019-02-06 13:28:31,846 INFO  n.e.o.c.TopologySteps               - deleting chic-cr5:2/1/1                                     
2019-02-06 13:28:31,846 INFO  n.e.o.c.TopologySteps               - deleting chic-cr5:10/1/3                                    
2019-02-06 13:28:31,846 INFO  n.e.o.c.TopologySteps               - deleting chic-cr5:10/1/1                                    
2019-02-06 13:28:31,846 INFO  n.e.o.c.TopologySteps               - deleting chic-cr5:1/1/1                                     
2019-02-06 13:28:31,846 INFO  n.e.o.c.TopologySteps               - deleting chic-cr5:BLANK                                     
2019-02-06 13:28:31,846 INFO  n.e.o.c.TopologySteps               - deleting chic-cr5:10/1/5                                    
2019-02-06 13:28:31,847 INFO  n.e.o.c.TopologySteps               - deleting chic-cr5:3/1/1                                     
2019-02-06 13:28:31,847 INFO  n.e.o.c.TopologySteps               - deleting chic-cr5:7/2/1                                     
2019-02-06 13:28:31,847 INFO  n.e.o.c.TopologySteps               - deleting chic-cr5:4/1/1                                     
2019-02-06 13:28:31,847 INFO  n.e.o.c.TopologySteps               - deleting chic-cr5:10/1/7                                    
2019-02-06 13:28:31,847 INFO  n.e.o.c.TopologySteps               - deleting chic-cr5:6/2/1                                     
2019-02-06 13:28:31,847 INFO  n.e.o.c.TopologySteps               - deleting chic-cr5:10/1/4                                    
2019-02-06 13:28:31,847 INFO  n.e.o.c.TopologySteps               - deleting chic-cr5:5/1/1                                     
2019-02-06 13:28:31,847 INFO  n.e.o.c.TopologySteps               - deleting chic-cr5:8/1/1                                     
2019-02-06 13:28:31,847 INFO  n.e.o.c.TopologySteps               - deleting chic-cr5:3/2/1                                     
2019-02-06 13:28:31,848 INFO  n.e.o.c.TopologySteps               - deleting chic-cr5                                           
2019-02-06 13:28:31,851 INFO  n.e.o.c.TopologySteps               - deleting slac-mr2:xe-1/1/0                                  
2019-02-06 13:28:31,851 INFO  n.e.o.c.TopologySteps               - deleting slac-mr2:xe-1/2/0                                  
2019-02-06 13:28:31,851 INFO  n.e.o.c.TopologySteps               - deleting slac-mr2:xe-1/3/0                                  
2019-02-06 13:28:31,851 INFO  n.e.o.c.TopologySteps               - deleting slac-mr2:xe-0/0/0                                  
2019-02-06 13:28:31,851 INFO  n.e.o.c.TopologySteps               - deleting slac-mr2:xe-0/2/0                                  
2019-02-06 13:28:31,852 INFO  n.e.o.c.TopologySteps               - deleting slac-mr2:xe-0/1/0                                  
2019-02-06 13:28:31,852 INFO  n.e.o.c.TopologySteps               - deleting slac-mr2                                           
2019-02-06 13:28:31,854 INFO  n.e.o.c.TopologySteps               - deleting lond-cr5:1/2/1                                     
2019-02-06 13:28:31,854 INFO  n.e.o.c.TopologySteps               - deleting lond-cr5:2/2/1                                     
2019-02-06 13:28:31,855 INFO  n.e.o.c.TopologySteps               - deleting lond-cr5:10/1/1                                    
2019-02-06 13:28:31,855 INFO  n.e.o.c.TopologySteps               - deleting lond-cr5:3/1/1                                     
2019-02-06 13:28:31,855 INFO  n.e.o.c.TopologySteps               - deleting lond-cr5:1/1/1                                     
2019-02-06 13:28:31,855 INFO  n.e.o.c.TopologySteps               - deleting lond-cr5:2/1/1                                     
2019-02-06 13:28:31,855 INFO  n.e.o.c.TopologySteps               - deleting lond-cr5:10/1/4                                    
2019-02-06 13:28:31,855 INFO  n.e.o.c.TopologySteps               - deleting lond-cr5:10/1/2                                    
2019-02-06 13:28:31,855 INFO  n.e.o.c.TopologySteps               - deleting lond-cr5:5/1/1                                     
2019-02-06 13:28:31,855 INFO  n.e.o.c.TopologySteps               - deleting lond-cr5                                           
2019-02-06 13:28:31,858 INFO  n.e.o.c.TopologySteps               - deleting eqx-chi-cr5:1/1/1                                  
2019-02-06 13:28:31,858 INFO  n.e.o.c.TopologySteps               - deleting eqx-chi-cr5:10/1/2                                 
2019-02-06 13:28:31,858 INFO  n.e.o.c.TopologySteps               - deleting eqx-chi-cr5:2/1/1                                  
2019-02-06 13:28:31,858 INFO  n.e.o.c.TopologySteps               - deleting eqx-chi-cr5:10/1/3                                 
2019-02-06 13:28:31,858 INFO  n.e.o.c.TopologySteps               - deleting eqx-chi-cr5:1/2/1                                  
2019-02-06 13:28:31,858 INFO  n.e.o.c.TopologySteps               - deleting eqx-chi-cr5:10/1/1                                 
2019-02-06 13:28:31,859 INFO  n.e.o.c.TopologySteps               - deleting eqx-chi-cr5:BLANK                                  
2019-02-06 13:28:31,859 INFO  n.e.o.c.TopologySteps               - deleting eqx-chi-cr5                                        
2019-02-06 13:28:31,861 INFO  n.e.o.c.TopologySteps               - deleting newy-cr5:10/1/3                                    
2019-02-06 13:28:31,862 INFO  n.e.o.c.TopologySteps               - deleting newy-cr5:4/2/1                                     
2019-02-06 13:28:31,862 INFO  n.e.o.c.TopologySteps               - deleting newy-cr5:3/1/1                                     
2019-02-06 13:28:31,862 INFO  n.e.o.c.TopologySteps               - deleting newy-cr5:9/1/4                                     
2019-02-06 13:28:31,862 INFO  n.e.o.c.TopologySteps               - deleting newy-cr5:2/1/1                                     
2019-02-06 13:28:31,862 INFO  n.e.o.c.TopologySteps               - deleting newy-cr5:10/1/9                                    
2019-02-06 13:28:31,862 INFO  n.e.o.c.TopologySteps               - deleting newy-cr5:10/1/2                                    
2019-02-06 13:28:31,862 INFO  n.e.o.c.TopologySteps               - deleting newy-cr5:4/1/1                                     
2019-02-06 13:28:31,862 INFO  n.e.o.c.TopologySteps               - deleting newy-cr5:9/1/1                                     
2019-02-06 13:28:31,863 INFO  n.e.o.c.TopologySteps               - deleting newy-cr5                                           
2019-02-06 13:28:31,864 INFO  n.e.o.c.TopologySteps               - deleting netl-alb-rt1:xe-2/0/2                              
2019-02-06 13:28:31,864 INFO  n.e.o.c.TopologySteps               - deleting netl-alb-rt1:xe-2/0/0                              
2019-02-06 13:28:31,865 INFO  n.e.o.c.TopologySteps               - deleting netl-alb-rt1:xe-2/0/1                              
2019-02-06 13:28:31,865 INFO  n.e.o.c.TopologySteps               - deleting netl-alb-rt1:xe-2/0/3                              
2019-02-06 13:28:31,865 INFO  n.e.o.c.TopologySteps               - deleting netl-alb-rt1                                       
2019-02-06 13:28:31,866 INFO  n.e.o.c.TopologySteps               - deleting jgi-mr2:xe-2/2/0                                   
2019-02-06 13:28:31,867 INFO  n.e.o.c.TopologySteps               - deleting jgi-mr2:xe-1/1/0                                   
2019-02-06 13:28:31,867 INFO  n.e.o.c.TopologySteps               - deleting jgi-mr2:xe-0/2/0                                   
2019-02-06 13:28:31,867 INFO  n.e.o.c.TopologySteps               - deleting jgi-mr2:xe-1/3/0                                   
2019-02-06 13:28:31,867 INFO  n.e.o.c.TopologySteps               - deleting jgi-mr2                                            
2019-02-06 13:28:31,870 INFO  n.e.o.c.TopologySteps               - deleting eqx-ash-cr5:BLANK                                  
2019-02-06 13:28:31,871 INFO  n.e.o.c.TopologySteps               - deleting eqx-ash-cr5:2/1/1                                  
2019-02-06 13:28:31,871 INFO  n.e.o.c.TopologySteps               - deleting eqx-ash-cr5:1/2/1                                  
2019-02-06 13:28:31,871 INFO  n.e.o.c.TopologySteps               - deleting eqx-ash-cr5:10/1/2                                 
2019-02-06 13:28:31,871 INFO  n.e.o.c.TopologySteps               - deleting eqx-ash-cr5:10/1/5                                 
2019-02-06 13:28:31,872 INFO  n.e.o.c.TopologySteps               - deleting eqx-ash-cr5:10/2/6                                 
2019-02-06 13:28:31,872 INFO  n.e.o.c.TopologySteps               - deleting eqx-ash-cr5:10/2/5                                 
2019-02-06 13:28:31,872 INFO  n.e.o.c.TopologySteps               - deleting eqx-ash-cr5:10/2/2                                 
2019-02-06 13:28:31,872 INFO  n.e.o.c.TopologySteps               - deleting eqx-ash-cr5:1/1/1                                  
2019-02-06 13:28:31,872 INFO  n.e.o.c.TopologySteps               - deleting eqx-ash-cr5:10/1/1                                 
2019-02-06 13:28:31,872 INFO  n.e.o.c.TopologySteps               - deleting eqx-ash-cr5:10/1/6                                 
2019-02-06 13:28:31,872 INFO  n.e.o.c.TopologySteps               - deleting eqx-ash-cr5                                        
2019-02-06 13:28:31,874 INFO  n.e.o.c.TopologySteps               - deleting forr-rt2:ge-0/0/5                                  
2019-02-06 13:28:31,874 INFO  n.e.o.c.TopologySteps               - deleting forr-rt2:ge-0/0/4                                  
2019-02-06 13:28:31,875 INFO  n.e.o.c.TopologySteps               - deleting forr-rt2:ge-0/0/2                                  
2019-02-06 13:28:31,875 INFO  n.e.o.c.TopologySteps               - deleting forr-rt2:ge-0/0/1                                  
2019-02-06 13:28:31,875 INFO  n.e.o.c.TopologySteps               - deleting forr-rt2:ge-0/0/0                                  
2019-02-06 13:28:31,875 INFO  n.e.o.c.TopologySteps               - deleting forr-rt2                                           
2019-02-06 13:28:31,876 INFO  n.e.o.c.TopologySteps               - deleting ornl-cr5:10/1/3                                    
2019-02-06 13:28:31,877 INFO  n.e.o.c.TopologySteps               - deleting ornl-cr5:9/1/4                                     
2019-02-06 13:28:31,877 INFO  n.e.o.c.TopologySteps               - deleting ornl-cr5:10/1/1                                    
2019-02-06 13:28:31,877 INFO  n.e.o.c.TopologySteps               - deleting ornl-cr5:6/1/1                                     
2019-02-06 13:28:31,877 INFO  n.e.o.c.TopologySteps               - deleting ornl-cr5:10/1/2                                    
2019-02-06 13:28:31,877 INFO  n.e.o.c.TopologySteps               - deleting ornl-cr5:7/1/1                                     
2019-02-06 13:28:31,877 INFO  n.e.o.c.TopologySteps               - deleting ornl-cr5                                           
2019-02-06 13:28:31,879 INFO  n.e.o.c.TopologySteps               - deleting fnal-mr2:xe-0/0/0                                  
2019-02-06 13:28:31,879 INFO  n.e.o.c.TopologySteps               - deleting fnal-mr2:xe-8/1/0                                  
2019-02-06 13:28:31,879 INFO  n.e.o.c.TopologySteps               - deleting fnal-mr2:xe-0/2/0                                  
2019-02-06 13:28:31,879 INFO  n.e.o.c.TopologySteps               - deleting fnal-mr2:xe-1/3/0                                  
2019-02-06 13:28:31,879 INFO  n.e.o.c.TopologySteps               - deleting fnal-mr2:xe-8/3/0                                  
2019-02-06 13:28:31,880 INFO  n.e.o.c.TopologySteps               - deleting fnal-mr2:xe-1/1/0                                  
2019-02-06 13:28:31,880 INFO  n.e.o.c.TopologySteps               - deleting fnal-mr2                                           
2019-02-06 13:28:31,882 INFO  n.e.o.c.TopologySteps               - deleting pantex-rt4:ge-0/0/0                                
2019-02-06 13:28:31,882 INFO  n.e.o.c.TopologySteps               - deleting pantex-rt4:ge-0/0/1                                
2019-02-06 13:28:31,883 INFO  n.e.o.c.TopologySteps               - deleting pantex-rt4:ge-0/1/0                                
2019-02-06 13:28:31,884 INFO  n.e.o.c.TopologySteps               - deleting pantex-rt4:ge-0/0/2                                
2019-02-06 13:28:31,884 INFO  n.e.o.c.TopologySteps               - deleting pantex-rt4                                         
2019-02-06 13:28:31,886 INFO  n.e.o.c.TopologySteps               - deleting ameslab-rt3:xe-0/0/0                               
2019-02-06 13:28:31,887 INFO  n.e.o.c.TopologySteps               - deleting ameslab-rt3:xe-1/1/0                               
2019-02-06 13:28:31,887 INFO  n.e.o.c.TopologySteps               - deleting ameslab-rt3:xe-1/3/0                               
2019-02-06 13:28:31,887 INFO  n.e.o.c.TopologySteps               - deleting ameslab-rt3:xe-0/1/0                               
2019-02-06 13:28:31,887 INFO  n.e.o.c.TopologySteps               - deleting ameslab-rt3:xe-0/2/0                               
2019-02-06 13:28:31,887 INFO  n.e.o.c.TopologySteps               - deleting ameslab-rt3:xe-1/0/0                               
2019-02-06 13:28:31,887 INFO  n.e.o.c.TopologySteps               - deleting ameslab-rt3                                        
2019-02-06 13:28:31,889 INFO  n.e.o.c.TopologySteps               - deleting hous-cr5:2/1/1                                     
2019-02-06 13:28:31,889 INFO  n.e.o.c.TopologySteps               - deleting hous-cr5:10/1/4                                    
2019-02-06 13:28:31,889 INFO  n.e.o.c.TopologySteps               - deleting hous-cr5:10/1/3                                    
2019-02-06 13:28:31,889 INFO  n.e.o.c.TopologySteps               - deleting hous-cr5:3/1/1                                     
2019-02-06 13:28:31,889 INFO  n.e.o.c.TopologySteps               - deleting hous-cr5:1/1/1                                     
2019-02-06 13:28:31,890 INFO  n.e.o.c.TopologySteps               - deleting hous-cr5:4/1/1                                     
2019-02-06 13:28:31,890 INFO  n.e.o.c.TopologySteps               - deleting hous-cr5                                           
2019-02-06 13:28:31,892 INFO  n.e.o.c.TopologySteps               - deleting aofa-cr5:4/2/1                                     
2019-02-06 13:28:31,893 INFO  n.e.o.c.TopologySteps               - deleting aofa-cr5:2/1/1                                     
2019-02-06 13:28:31,893 INFO  n.e.o.c.TopologySteps               - deleting aofa-cr5:9/1/1                                     
2019-02-06 13:28:31,893 INFO  n.e.o.c.TopologySteps               - deleting aofa-cr5:3/1/1                                     
2019-02-06 13:28:31,893 INFO  n.e.o.c.TopologySteps               - deleting aofa-cr5:10/1/9                                    
2019-02-06 13:28:31,893 INFO  n.e.o.c.TopologySteps               - deleting aofa-cr5:10/1/1                                    
2019-02-06 13:28:31,893 INFO  n.e.o.c.TopologySteps               - deleting aofa-cr5:6/2/1                                     
2019-02-06 13:28:31,893 INFO  n.e.o.c.TopologySteps               - deleting aofa-cr5:1/1/1                                     
2019-02-06 13:28:31,894 INFO  n.e.o.c.TopologySteps               - deleting aofa-cr5:10/1/2                                    
2019-02-06 13:28:31,894 INFO  n.e.o.c.TopologySteps               - deleting aofa-cr5:7/2/1                                     
2019-02-06 13:28:31,894 INFO  n.e.o.c.TopologySteps               - deleting aofa-cr5:10/1/8                                    
2019-02-06 13:28:31,894 INFO  n.e.o.c.TopologySteps               - deleting aofa-cr5:9/1/5                                     
2019-02-06 13:28:31,894 INFO  n.e.o.c.TopologySteps               - deleting aofa-cr5:4/1/1                                     
2019-02-06 13:28:31,894 INFO  n.e.o.c.TopologySteps               - deleting aofa-cr5:5/1/1                                     
2019-02-06 13:28:31,894 INFO  n.e.o.c.TopologySteps               - deleting aofa-cr5                                           
2019-02-06 13:28:31,895 INFO  n.e.o.c.TopologySteps               - deleting osti-rt2:ae0                                       
2019-02-06 13:28:31,895 INFO  n.e.o.c.TopologySteps               - deleting osti-rt2:xe-1/2/0                                  
2019-02-06 13:28:31,895 INFO  n.e.o.c.TopologySteps               - deleting osti-rt2                                           
2019-02-06 13:28:31,898 INFO  n.e.o.c.TopologySteps               - deleting pnwg-cr5:10/1/9                                    
2019-02-06 13:28:31,898 INFO  n.e.o.c.TopologySteps               - deleting pnwg-cr5:10/1/4                                    
2019-02-06 13:28:31,898 INFO  n.e.o.c.TopologySteps               - deleting pnwg-cr5:2/1/1                                     
2019-02-06 13:28:31,898 INFO  n.e.o.c.TopologySteps               - deleting pnwg-cr5:10/1/10                                   
2019-02-06 13:28:31,898 INFO  n.e.o.c.TopologySteps               - deleting pnwg-cr5:10/1/6                                    
2019-02-06 13:28:31,899 INFO  n.e.o.c.TopologySteps               - deleting pnwg-cr5:10/1/2                                    
2019-02-06 13:28:31,899 INFO  n.e.o.c.TopologySteps               - deleting pnwg-cr5:3/1/1                                     
2019-02-06 13:28:31,899 INFO  n.e.o.c.TopologySteps               - deleting pnwg-cr5:2/2/1                                     
2019-02-06 13:28:31,899 INFO  n.e.o.c.TopologySteps               - deleting pnwg-cr5:BLANK                                     
2019-02-06 13:28:31,899 INFO  n.e.o.c.TopologySteps               - deleting pnwg-cr5:10/1/5                                    
2019-02-06 13:28:31,899 INFO  n.e.o.c.TopologySteps               - deleting pnwg-cr5:10/1/3                                    
2019-02-06 13:28:31,899 INFO  n.e.o.c.TopologySteps               - deleting pnwg-cr5:1/1/1                                     
2019-02-06 13:28:31,899 INFO  n.e.o.c.TopologySteps               - deleting pnwg-cr5:9/1/2                                     
2019-02-06 13:28:31,900 INFO  n.e.o.c.TopologySteps               - deleting pnwg-cr5                                           
2019-02-06 13:28:31,904 INFO  n.e.o.c.TopologySteps               - deleting amst-cr5:2/1/1                                     
2019-02-06 13:28:31,904 INFO  n.e.o.c.TopologySteps               - deleting amst-cr5:1/1/1                                     
2019-02-06 13:28:31,905 INFO  n.e.o.c.TopologySteps               - deleting amst-cr5:10/2/5                                    
2019-02-06 13:28:31,906 INFO  n.e.o.c.TopologySteps               - deleting amst-cr5:10/1/2                                    
2019-02-06 13:28:31,906 INFO  n.e.o.c.TopologySteps               - deleting amst-cr5:5/1/1                                     
2019-02-06 13:28:31,906 INFO  n.e.o.c.TopologySteps               - deleting amst-cr5:10/1/1                                    
2019-02-06 13:28:31,906 INFO  n.e.o.c.TopologySteps               - deleting amst-cr5:1/2/1                                     
2019-02-06 13:28:31,906 INFO  n.e.o.c.TopologySteps               - deleting amst-cr5:3/1/1                                     
2019-02-06 13:28:31,907 INFO  n.e.o.c.TopologySteps               - deleting amst-cr5                                           
2019-02-06 13:28:31,909 INFO  n.e.o.c.TopologySteps               - deleting albq-cr5:10/1/3                                    
2019-02-06 13:28:31,909 INFO  n.e.o.c.TopologySteps               - deleting albq-cr5:3/1/1                                     
2019-02-06 13:28:31,909 INFO  n.e.o.c.TopologySteps               - deleting albq-cr5:10/1/5                                    
2019-02-06 13:28:31,909 INFO  n.e.o.c.TopologySteps               - deleting albq-cr5:10/1/2                                    
2019-02-06 13:28:31,909 INFO  n.e.o.c.TopologySteps               - deleting albq-cr5:1/1/1                                     
2019-02-06 13:28:31,909 INFO  n.e.o.c.TopologySteps               - deleting albq-cr5:10/1/4                                    
2019-02-06 13:28:31,910 INFO  n.e.o.c.TopologySteps               - deleting albq-cr5:2/1/1                                     
2019-02-06 13:28:31,910 INFO  n.e.o.c.TopologySteps               - deleting albq-cr5                                           
2019-02-06 13:28:31,915 INFO  n.e.o.c.TopologySteps               - deleting lbl-mr2:ge-9/1/2                                   
2019-02-06 13:28:31,915 INFO  n.e.o.c.TopologySteps               - deleting lbl-mr2:xe-8/1/0                                   
2019-02-06 13:28:31,915 INFO  n.e.o.c.TopologySteps               - deleting lbl-mr2:xe-2/3/0                                   
2019-02-06 13:28:31,916 INFO  n.e.o.c.TopologySteps               - deleting lbl-mr2:xe-0/2/0                                   
2019-02-06 13:28:31,916 INFO  n.e.o.c.TopologySteps               - deleting lbl-mr2:xe-0/1/0                                   
2019-02-06 13:28:31,916 INFO  n.e.o.c.TopologySteps               - deleting lbl-mr2:xe-2/1/0                                   
2019-02-06 13:28:31,916 INFO  n.e.o.c.TopologySteps               - deleting lbl-mr2:ge-9/1/0                                   
2019-02-06 13:28:31,917 INFO  n.e.o.c.TopologySteps               - deleting lbl-mr2:xe-8/3/0                                   
2019-02-06 13:28:31,917 INFO  n.e.o.c.TopologySteps               - deleting lbl-mr2:ge-9/1/8                                   
2019-02-06 13:28:31,917 INFO  n.e.o.c.TopologySteps               - deleting lbl-mr2:xe-7/2/0                                   
2019-02-06 13:28:31,917 INFO  n.e.o.c.TopologySteps               - deleting lbl-mr2:xe-7/0/0                                   
2019-02-06 13:28:31,917 INFO  n.e.o.c.TopologySteps               - deleting lbl-mr2:ae0                                        
2019-02-06 13:28:31,918 INFO  n.e.o.c.TopologySteps               - deleting lbl-mr2:xe-1/3/0                                   
2019-02-06 13:28:31,918 INFO  n.e.o.c.TopologySteps               - deleting lbl-mr2:ge-9/0/4                                   
2019-02-06 13:28:31,918 INFO  n.e.o.c.TopologySteps               - deleting lbl-mr2:xe-1/1/0                                   
2019-02-06 13:28:31,918 INFO  n.e.o.c.TopologySteps               - deleting lbl-mr2:xe-2/2/0                                   
2019-02-06 13:28:31,918 INFO  n.e.o.c.TopologySteps               - deleting lbl-mr2                                            
2019-02-06 13:28:31,922 INFO  n.e.o.c.TopologySteps               - deleting denv-cr5:4/1/1                                     
2019-02-06 13:28:31,922 INFO  n.e.o.c.TopologySteps               - deleting denv-cr5:1/1/1                                     
2019-02-06 13:28:31,922 INFO  n.e.o.c.TopologySteps               - deleting denv-cr5:10/1/4                                    
2019-02-06 13:28:31,922 INFO  n.e.o.c.TopologySteps               - deleting denv-cr5:4/2/1                                     
2019-02-06 13:28:31,922 INFO  n.e.o.c.TopologySteps               - deleting denv-cr5:10/1/5                                    
2019-02-06 13:28:31,922 INFO  n.e.o.c.TopologySteps               - deleting denv-cr5:10/1/6                                    
2019-02-06 13:28:31,922 INFO  n.e.o.c.TopologySteps               - deleting denv-cr5:10/1/7                                    
2019-02-06 13:28:31,923 INFO  n.e.o.c.TopologySteps               - deleting denv-cr5:9/1/3                                     
2019-02-06 13:28:31,923 INFO  n.e.o.c.TopologySteps               - deleting denv-cr5:2/1/1                                     
2019-02-06 13:28:31,923 INFO  n.e.o.c.TopologySteps               - deleting denv-cr5:10/1/11                                   
2019-02-06 13:28:31,923 INFO  n.e.o.c.TopologySteps               - deleting denv-cr5:9/1/1                                     
2019-02-06 13:28:31,923 INFO  n.e.o.c.TopologySteps               - deleting denv-cr5:10/1/12                                   
2019-02-06 13:28:31,923 INFO  n.e.o.c.TopologySteps               - deleting denv-cr5:3/1/1                                     
2019-02-06 13:28:31,923 INFO  n.e.o.c.TopologySteps               - deleting denv-cr5:10/1/3                                    
2019-02-06 13:28:31,923 INFO  n.e.o.c.TopologySteps               - deleting denv-cr5:10/1/10                                   
2019-02-06 13:28:31,924 INFO  n.e.o.c.TopologySteps               - deleting denv-cr5                                           
2019-02-06 13:28:31,928 INFO  n.e.o.c.TopologySteps               - deleting star-cr5:3/2/1                                     
2019-02-06 13:28:31,928 INFO  n.e.o.c.TopologySteps               - deleting star-cr5:6/2/1                                     
2019-02-06 13:28:31,928 INFO  n.e.o.c.TopologySteps               - deleting star-cr5:4/2/1                                     
2019-02-06 13:28:31,928 INFO  n.e.o.c.TopologySteps               - deleting star-cr5:BLANK                                     
2019-02-06 13:28:31,929 INFO  n.e.o.c.TopologySteps               - deleting star-cr5:10/1/1                                    
2019-02-06 13:28:31,929 INFO  n.e.o.c.TopologySteps               - deleting star-cr5:10/1/8                                    
2019-02-06 13:28:31,929 INFO  n.e.o.c.TopologySteps               - deleting star-cr5:8/1/2                                     
2019-02-06 13:28:31,929 INFO  n.e.o.c.TopologySteps               - deleting star-cr5:1/1/1                                     
2019-02-06 13:28:31,929 INFO  n.e.o.c.TopologySteps               - deleting star-cr5:5/1/1                                     
2019-02-06 13:28:31,930 INFO  n.e.o.c.TopologySteps               - deleting star-cr5:3/1/1                                     
2019-02-06 13:28:31,930 INFO  n.e.o.c.TopologySteps               - deleting star-cr5:6/1/1                                     
2019-02-06 13:28:31,930 INFO  n.e.o.c.TopologySteps               - deleting star-cr5:1/2/1                                     
2019-02-06 13:28:31,930 INFO  n.e.o.c.TopologySteps               - deleting star-cr5:8/1/6                                     
2019-02-06 13:28:31,930 INFO  n.e.o.c.TopologySteps               - deleting star-cr5:10/1/10                                   
2019-02-06 13:28:31,930 INFO  n.e.o.c.TopologySteps               - deleting star-cr5:8/1/4                                     
2019-02-06 13:28:31,931 INFO  n.e.o.c.TopologySteps               - deleting star-cr5:9/1/4                                     
2019-02-06 13:28:31,931 INFO  n.e.o.c.TopologySteps               - deleting star-cr5:4/1/1                                     
2019-02-06 13:28:31,931 INFO  n.e.o.c.TopologySteps               - deleting star-cr5:10/1/7                                    
2019-02-06 13:28:31,931 INFO  n.e.o.c.TopologySteps               - deleting star-cr5                                           
2019-02-06 13:28:31,936 INFO  n.e.o.c.TopologySteps               - deleting bost-cr5:1/1/1                                     
2019-02-06 13:28:31,936 INFO  n.e.o.c.TopologySteps               - deleting bost-cr5:10/1/2                                    
2019-02-06 13:28:31,936 INFO  n.e.o.c.TopologySteps               - deleting bost-cr5:10/2/3                                    
2019-02-06 13:28:31,936 INFO  n.e.o.c.TopologySteps               - deleting bost-cr5:2/1/1                                     
2019-02-06 13:28:31,937 INFO  n.e.o.c.TopologySteps               - deleting bost-cr5:3/1/1                                     
2019-02-06 13:28:31,937 INFO  n.e.o.c.TopologySteps               - deleting bost-cr5:10/1/6                                    
2019-02-06 13:28:31,937 INFO  n.e.o.c.TopologySteps               - deleting bost-cr5:10/1/5                                    
2019-02-06 13:28:31,937 INFO  n.e.o.c.TopologySteps               - deleting bost-cr5                                           
2019-02-06 13:28:32,014 INFO  n.e.o.c.TopologySteps               - clearing ports                                              
2019-02-06 13:28:32,014 INFO  n.e.o.c.TopologySteps               - clearing versions                                           
2019-02-06 13:28:32,033 DEBUG n.e.o.t.p.TopoPopulator             - Loaded topology from config/test/topo/one.json , config/test/topo/adj_none.json
2019-02-06 13:28:32,036 INFO  n.e.o.t.s.TopoLibrary               -  will add port A:1                                          
2019-02-06 13:28:32,037 INFO  n.e.o.t.s.TopoLibrary               -  will add port A:2                                          
2019-02-06 13:28:32,042 DEBUG n.e.o.t.s.UpdateSvc                 - New version id is: 655                                      
2019-02-06 13:28:32,043 INFO  n.e.o.t.s.UpdateSvc                 - Merging version delta                                       
2019-02-06 13:28:32,050 INFO  n.e.o.t.s.UpdateSvc                 - d: inserting: A                                             
2019-02-06 13:28:32,051 INFO  n.e.o.t.s.UpdateSvc                 - finished merging devices                                    
2019-02-06 13:28:32,051 INFO  n.e.o.t.s.UpdateSvc                 -    inserted       : 1                                       
2019-02-06 13:28:32,051 INFO  n.e.o.t.s.UpdateSvc                 -    ver updated    : 0                                       
2019-02-06 13:28:32,051 INFO  n.e.o.t.s.UpdateSvc                 -     + unchanged      : 0                                    
2019-02-06 13:28:32,051 INFO  n.e.o.t.s.UpdateSvc                 -     + data updated   : 0                                    
2019-02-06 13:28:32,051 INFO  n.e.o.t.s.UpdateSvc                 -    invalidated    :   0                                     
2019-02-06 13:28:32,054 INFO  n.e.o.t.s.UpdateSvc                 - inserting p: A:1 to A                                       
2019-02-06 13:28:32,054 DEBUG n.e.o.t.s.UpdateSvc                 - A:1 656                                                     
2019-02-06 13:28:32,055 INFO  n.e.o.t.s.UpdateSvc                 - inserting p: A:2 to A                                       
2019-02-06 13:28:32,056 DEBUG n.e.o.t.s.UpdateSvc                 - A:1 656                                                     
2019-02-06 13:28:32,057 DEBUG n.e.o.t.s.UpdateSvc                 - A:2 656                                                     
2019-02-06 13:28:32,057 INFO  n.e.o.t.s.UpdateSvc                 - finished merging ports                                      
2019-02-06 13:28:32,058 INFO  n.e.o.t.s.UpdateSvc                 -    inserted     :   2                                       
2019-02-06 13:28:32,058 INFO  n.e.o.t.s.UpdateSvc                 -    ver updated  :   0                                       
2019-02-06 13:28:32,058 INFO  n.e.o.t.s.UpdateSvc                 -    data updated :   0                                       
2019-02-06 13:28:32,058 INFO  n.e.o.t.s.UpdateSvc                 -    invalidated  :   0                                       
2019-02-06 13:28:32,058 INFO  n.e.o.t.s.UpdateSvc                 - finished merging adjacencies                                
2019-02-06 13:28:32,058 INFO  n.e.o.t.s.UpdateSvc                 -    inserted     :   0                                       
2019-02-06 13:28:32,058 INFO  n.e.o.t.s.UpdateSvc                 -    ver updated  :   0                                       
2019-02-06 13:28:32,058 INFO  n.e.o.t.s.UpdateSvc                 -    data updated :   0                                       
2019-02-06 13:28:32,058 INFO  n.e.o.t.s.UpdateSvc                 -    invalidated  :   0                                       
2019-02-06 13:28:32,058 INFO  n.e.o.t.s.UpdateSvc                 - finished merging topology delta.                            
2019-02-06 13:28:32,080 INFO  n.e.o.c.TopologySteps               - clearing adjacencies                                        
2019-02-06 13:28:32,081 INFO  n.e.o.c.TopologySteps               - clearing devices                                            
2019-02-06 13:28:32,083 INFO  n.e.o.c.TopologySteps               - deleting A:1                                                
2019-02-06 13:28:32,084 INFO  n.e.o.c.TopologySteps               - deleting A:2                                                
2019-02-06 13:28:32,084 INFO  n.e.o.c.TopologySteps               - deleting A                                                  
2019-02-06 13:28:32,086 INFO  n.e.o.c.TopologySteps               - clearing ports                                              
2019-02-06 13:28:32,086 INFO  n.e.o.c.TopologySteps               - clearing versions                                           
2019-02-06 13:28:32,093 DEBUG n.e.o.t.p.TopoPopulator             - Loaded topology from config/test/topo/two_routers.json , config/test/topo/adj_a_b_mpls.json
2019-02-06 13:28:32,095 INFO  n.e.o.t.s.TopoLibrary               -  will add port A:1                                          
2019-02-06 13:28:32,095 INFO  n.e.o.t.s.TopoLibrary               -  will add port A:2                                          
2019-02-06 13:28:32,095 INFO  n.e.o.t.s.TopoLibrary               -  will add port B:1                                          
2019-02-06 13:28:32,095 INFO  n.e.o.t.s.TopoLibrary               -  will add port B:2                                          
2019-02-06 13:28:32,098 DEBUG n.e.o.t.s.UpdateSvc                 - New version id is: 659                                      
2019-02-06 13:28:32,099 INFO  n.e.o.t.s.UpdateSvc                 - Merging version delta                                       
2019-02-06 13:28:32,109 INFO  n.e.o.t.s.UpdateSvc                 - d: inserting: A                                             
2019-02-06 13:28:32,109 INFO  n.e.o.t.s.UpdateSvc                 - d: inserting: B                                             
2019-02-06 13:28:32,110 INFO  n.e.o.t.s.UpdateSvc                 - finished merging devices                                    
2019-02-06 13:28:32,110 INFO  n.e.o.t.s.UpdateSvc                 -    inserted       : 2                                       
2019-02-06 13:28:32,110 INFO  n.e.o.t.s.UpdateSvc                 -    ver updated    : 0                                       
2019-02-06 13:28:32,110 INFO  n.e.o.t.s.UpdateSvc                 -     + unchanged      : 0                                    
2019-02-06 13:28:32,110 INFO  n.e.o.t.s.UpdateSvc                 -     + data updated   : 0                                    
2019-02-06 13:28:32,110 INFO  n.e.o.t.s.UpdateSvc                 -    invalidated    :   0                                     
2019-02-06 13:28:32,113 INFO  n.e.o.t.s.UpdateSvc                 - inserting p: A:1 to A                                       
2019-02-06 13:28:32,113 DEBUG n.e.o.t.s.UpdateSvc                 - A:1 660                                                     
2019-02-06 13:28:32,114 INFO  n.e.o.t.s.UpdateSvc                 - inserting p: A:2 to A                                       
2019-02-06 13:28:32,115 DEBUG n.e.o.t.s.UpdateSvc                 - A:1 660                                                     
2019-02-06 13:28:32,115 DEBUG n.e.o.t.s.UpdateSvc                 - A:2 660                                                     
2019-02-06 13:28:32,116 INFO  n.e.o.t.s.UpdateSvc                 - inserting p: B:1 to B                                       
2019-02-06 13:28:32,117 DEBUG n.e.o.t.s.UpdateSvc                 - B:1 661                                                     
2019-02-06 13:28:32,117 INFO  n.e.o.t.s.UpdateSvc                 - inserting p: B:2 to B                                       
2019-02-06 13:28:32,118 DEBUG n.e.o.t.s.UpdateSvc                 - B:1 661                                                     
2019-02-06 13:28:32,118 DEBUG n.e.o.t.s.UpdateSvc                 - B:2 661                                                     
2019-02-06 13:28:32,118 INFO  n.e.o.t.s.UpdateSvc                 - finished merging ports                                      
2019-02-06 13:28:32,118 INFO  n.e.o.t.s.UpdateSvc                 -    inserted     :   4                                       
2019-02-06 13:28:32,118 INFO  n.e.o.t.s.UpdateSvc                 -    ver updated  :   0                                       
2019-02-06 13:28:32,118 INFO  n.e.o.t.s.UpdateSvc                 -    data updated :   0                                       
2019-02-06 13:28:32,118 INFO  n.e.o.t.s.UpdateSvc                 -    invalidated  :   0                                       
2019-02-06 13:28:32,121 INFO  n.e.o.t.s.UpdateSvc                 - inserting pa: A:2 - B:2                                     
2019-02-06 13:28:32,122 INFO  n.e.o.t.s.UpdateSvc                 - inserting pa: B:2 - A:2                                     
2019-02-06 13:28:32,123 INFO  n.e.o.t.s.UpdateSvc                 - finished merging adjacencies                                
2019-02-06 13:28:32,123 INFO  n.e.o.t.s.UpdateSvc                 -    inserted     :   2                                       
2019-02-06 13:28:32,123 INFO  n.e.o.t.s.UpdateSvc                 -    ver updated  :   0                                       
2019-02-06 13:28:32,123 INFO  n.e.o.t.s.UpdateSvc                 -    data updated :   0                                       
2019-02-06 13:28:32,123 INFO  n.e.o.t.s.UpdateSvc                 -    invalidated  :   0                                       
2019-02-06 13:28:32,123 INFO  n.e.o.t.s.UpdateSvc                 - finished merging topology delta.                            
2019-02-06 13:28:32,145 INFO  n.e.o.c.TopologySteps               - clearing adjacencies                                        
2019-02-06 13:28:32,148 INFO  n.e.o.c.TopologySteps               - clearing devices                                            
2019-02-06 13:28:32,149 INFO  n.e.o.c.TopologySteps               - deleting A:1                                                
2019-02-06 13:28:32,149 INFO  n.e.o.c.TopologySteps               - deleting A:2                                                
2019-02-06 13:28:32,149 INFO  n.e.o.c.TopologySteps               - deleting A                                                  
2019-02-06 13:28:32,151 INFO  n.e.o.c.TopologySteps               - deleting B:1                                                
2019-02-06 13:28:32,151 INFO  n.e.o.c.TopologySteps               - deleting B:2                                                
2019-02-06 13:28:32,152 INFO  n.e.o.c.TopologySteps               - deleting B                                                  
2019-02-06 13:28:32,153 INFO  n.e.o.c.TopologySteps               - clearing ports                                              
2019-02-06 13:28:32,154 INFO  n.e.o.c.TopologySteps               - clearing versions                                           
2019-02-06 13:28:32,160 DEBUG n.e.o.t.p.TopoPopulator             - Loaded topology from config/test/topo/router_and_switch.json , config/test/topo/adj_a_b_eth.json
2019-02-06 13:28:32,165 INFO  n.e.o.t.s.TopoLibrary               -  will add port A:1                                          
2019-02-06 13:28:32,165 INFO  n.e.o.t.s.TopoLibrary               -  will add port A:2                                          
2019-02-06 13:28:32,165 INFO  n.e.o.t.s.TopoLibrary               -  will add port B:1                                          
2019-02-06 13:28:32,165 INFO  n.e.o.t.s.TopoLibrary               -  will add port B:2                                          
2019-02-06 13:28:32,171 DEBUG n.e.o.t.s.UpdateSvc                 - New version id is: 668                                      
2019-02-06 13:28:32,171 INFO  n.e.o.t.s.UpdateSvc                 - Merging version delta                                       
2019-02-06 13:28:32,182 INFO  n.e.o.t.s.UpdateSvc                 - d: inserting: A                                             
2019-02-06 13:28:32,182 INFO  n.e.o.t.s.UpdateSvc                 - d: inserting: B                                             
2019-02-06 13:28:32,183 INFO  n.e.o.t.s.UpdateSvc                 - finished merging devices                                    
2019-02-06 13:28:32,183 INFO  n.e.o.t.s.UpdateSvc                 -    inserted       : 2                                       
2019-02-06 13:28:32,183 INFO  n.e.o.t.s.UpdateSvc                 -    ver updated    : 0                                       
2019-02-06 13:28:32,183 INFO  n.e.o.t.s.UpdateSvc                 -     + unchanged      : 0                                    
2019-02-06 13:28:32,183 INFO  n.e.o.t.s.UpdateSvc                 -     + data updated   : 0                                    
2019-02-06 13:28:32,183 INFO  n.e.o.t.s.UpdateSvc                 -    invalidated    :   0                                     
2019-02-06 13:28:32,186 INFO  n.e.o.t.s.UpdateSvc                 - inserting p: A:1 to A                                       
2019-02-06 13:28:32,186 DEBUG n.e.o.t.s.UpdateSvc                 - A:1 669                                                     
2019-02-06 13:28:32,187 INFO  n.e.o.t.s.UpdateSvc                 - inserting p: A:2 to A                                       
2019-02-06 13:28:32,187 DEBUG n.e.o.t.s.UpdateSvc                 - A:2 669                                                     
2019-02-06 13:28:32,188 DEBUG n.e.o.t.s.UpdateSvc                 - A:1 669                                                     
2019-02-06 13:28:32,188 INFO  n.e.o.t.s.UpdateSvc                 - inserting p: B:1 to B                                       
2019-02-06 13:28:32,189 DEBUG n.e.o.t.s.UpdateSvc                 - B:1 670                                                     
2019-02-06 13:28:32,189 INFO  n.e.o.t.s.UpdateSvc                 - inserting p: B:2 to B                                       
2019-02-06 13:28:32,189 DEBUG n.e.o.t.s.UpdateSvc                 - B:2 670                                                     
2019-02-06 13:28:32,189 DEBUG n.e.o.t.s.UpdateSvc                 - B:1 670                                                     
2019-02-06 13:28:32,189 INFO  n.e.o.t.s.UpdateSvc                 - finished merging ports                                      
2019-02-06 13:28:32,189 INFO  n.e.o.t.s.UpdateSvc                 -    inserted     :   4                                       
2019-02-06 13:28:32,189 INFO  n.e.o.t.s.UpdateSvc                 -    ver updated  :   0                                       
2019-02-06 13:28:32,189 INFO  n.e.o.t.s.UpdateSvc                 -    data updated :   0                                       
2019-02-06 13:28:32,189 INFO  n.e.o.t.s.UpdateSvc                 -    invalidated  :   0                                       
2019-02-06 13:28:32,192 INFO  n.e.o.t.s.UpdateSvc                 - inserting pa: A:2 - B:2                                     
2019-02-06 13:28:32,193 INFO  n.e.o.t.s.UpdateSvc                 - inserting pa: B:2 - A:2                                     
2019-02-06 13:28:32,194 INFO  n.e.o.t.s.UpdateSvc                 - finished merging adjacencies                                
2019-02-06 13:28:32,194 INFO  n.e.o.t.s.UpdateSvc                 -    inserted     :   2                                       
2019-02-06 13:28:32,195 INFO  n.e.o.t.s.UpdateSvc                 -    ver updated  :   0                                       
2019-02-06 13:28:32,195 INFO  n.e.o.t.s.UpdateSvc                 -    data updated :   0                                       
2019-02-06 13:28:32,195 INFO  n.e.o.t.s.UpdateSvc                 -    invalidated  :   0                                       
2019-02-06 13:28:32,195 INFO  n.e.o.t.s.UpdateSvc                 - finished merging topology delta.                            
2019-02-06 13:28:32,219 INFO  n.e.o.c.TopologySteps               - clearing adjacencies                                        
2019-02-06 13:28:32,222 INFO  n.e.o.c.TopologySteps               - clearing devices                                            
2019-02-06 13:28:32,224 INFO  n.e.o.c.TopologySteps               - deleting A:2                                                
2019-02-06 13:28:32,224 INFO  n.e.o.c.TopologySteps               - deleting A:1                                                
2019-02-06 13:28:32,224 INFO  n.e.o.c.TopologySteps               - deleting A                                                  
2019-02-06 13:28:32,225 INFO  n.e.o.c.TopologySteps               - deleting B:2                                                
2019-02-06 13:28:32,225 INFO  n.e.o.c.TopologySteps               - deleting B:1                                                
2019-02-06 13:28:32,225 INFO  n.e.o.c.TopologySteps               - deleting B                                                  
2019-02-06 13:28:32,226 INFO  n.e.o.c.TopologySteps               - clearing ports                                              
2019-02-06 13:28:32,227 INFO  n.e.o.c.TopologySteps               - clearing versions                                           
2019-02-06 13:28:32,235 DEBUG n.e.o.t.p.TopoPopulator             - Loaded topology from config/test/topo/one.json , config/test/topo/adj_none.json
2019-02-06 13:28:32,236 INFO  n.e.o.t.s.TopoLibrary               -  will add port A:1                                          
2019-02-06 13:28:32,237 INFO  n.e.o.t.s.TopoLibrary               -  will add port A:2                                          
2019-02-06 13:28:32,244 DEBUG n.e.o.t.s.UpdateSvc                 - New version id is: 677                                      
2019-02-06 13:28:32,244 INFO  n.e.o.t.s.UpdateSvc                 - Merging version delta                                       
2019-02-06 13:28:32,249 INFO  n.e.o.t.s.UpdateSvc                 - d: inserting: A                                             
2019-02-06 13:28:32,249 INFO  n.e.o.t.s.UpdateSvc                 - finished merging devices                                    
2019-02-06 13:28:32,249 INFO  n.e.o.t.s.UpdateSvc                 -    inserted       : 1                                       
2019-02-06 13:28:32,249 INFO  n.e.o.t.s.UpdateSvc                 -    ver updated    : 0                                       
2019-02-06 13:28:32,249 INFO  n.e.o.t.s.UpdateSvc                 -     + unchanged      : 0                                    
2019-02-06 13:28:32,249 INFO  n.e.o.t.s.UpdateSvc                 -     + data updated   : 0                                    
2019-02-06 13:28:32,249 INFO  n.e.o.t.s.UpdateSvc                 -    invalidated    :   0                                     
2019-02-06 13:28:32,252 INFO  n.e.o.t.s.UpdateSvc                 - inserting p: A:1 to A                                       
2019-02-06 13:28:32,252 DEBUG n.e.o.t.s.UpdateSvc                 - A:1 678                                                     
2019-02-06 13:28:32,253 INFO  n.e.o.t.s.UpdateSvc                 - inserting p: A:2 to A                                       
2019-02-06 13:28:32,253 DEBUG n.e.o.t.s.UpdateSvc                 - A:2 678                                                     
2019-02-06 13:28:32,253 DEBUG n.e.o.t.s.UpdateSvc                 - A:1 678                                                     
2019-02-06 13:28:32,253 INFO  n.e.o.t.s.UpdateSvc                 - finished merging ports                                      
2019-02-06 13:28:32,254 INFO  n.e.o.t.s.UpdateSvc                 -    inserted     :   2                                       
2019-02-06 13:28:32,254 INFO  n.e.o.t.s.UpdateSvc                 -    ver updated  :   0                                       
2019-02-06 13:28:32,254 INFO  n.e.o.t.s.UpdateSvc                 -    data updated :   0                                       
2019-02-06 13:28:32,254 INFO  n.e.o.t.s.UpdateSvc                 -    invalidated  :   0                                       
2019-02-06 13:28:32,254 INFO  n.e.o.t.s.UpdateSvc                 - finished merging adjacencies                                
2019-02-06 13:28:32,254 INFO  n.e.o.t.s.UpdateSvc                 -    inserted     :   0                                       
2019-02-06 13:28:32,254 INFO  n.e.o.t.s.UpdateSvc                 -    ver updated  :   0                                       
2019-02-06 13:28:32,254 INFO  n.e.o.t.s.UpdateSvc                 -    data updated :   0                                       
2019-02-06 13:28:32,254 INFO  n.e.o.t.s.UpdateSvc                 -    invalidated  :   0                                       
2019-02-06 13:28:32,254 INFO  n.e.o.t.s.UpdateSvc                 - finished merging topology delta.                            
2019-02-06 13:28:32,265 DEBUG n.e.o.t.p.TopoPopulator             - Loaded topology from config/test/topo/two_routers.json , config/test/topo/adj_a_b_mpls.json
2019-02-06 13:28:32,271 INFO  n.e.o.t.s.TopoService               - found 1 devices in version 677                              
2019-02-06 13:28:32,271 INFO  n.e.o.t.s.TopoService               - found 0 adjcies in version 677                              
2019-02-06 13:28:32,273 INFO  n.e.o.t.s.TopoLibrary               -  will add port B:1                                          
2019-02-06 13:28:32,273 INFO  n.e.o.t.s.TopoLibrary               -  will add port B:2                                          
2019-02-06 13:28:32,273 DEBUG n.e.o.t.s.TopoLibrary               - A:2 changed caps                                            
2019-02-06 13:28:32,273 DEBUG n.e.o.t.s.TopoLibrary               - A:2 changed vlans                                           
2019-02-06 13:28:32,281 DEBUG n.e.o.t.s.UpdateSvc                 - Setting previous version to invalid: 677                    
2019-02-06 13:28:32,286 DEBUG n.e.o.t.s.UpdateSvc                 - New version id is: 681                                      
2019-02-06 13:28:32,286 INFO  n.e.o.t.s.UpdateSvc                 - Merging version delta                                       
2019-02-06 13:28:32,296 DEBUG n.e.o.t.s.UpdateSvc                 - will just update version: A                                 
2019-02-06 13:28:32,296 INFO  n.e.o.t.s.UpdateSvc                 - d: inserting: B                                             
2019-02-06 13:28:32,297 DEBUG n.e.o.t.s.UpdateSvc                 - updating version d: A                                       
2019-02-06 13:28:32,297 INFO  n.e.o.t.s.UpdateSvc                 - finished merging devices                                    
2019-02-06 13:28:32,297 INFO  n.e.o.t.s.UpdateSvc                 -    inserted       : 1                                       
2019-02-06 13:28:32,297 INFO  n.e.o.t.s.UpdateSvc                 -    ver updated    : 1                                       
2019-02-06 13:28:32,297 INFO  n.e.o.t.s.UpdateSvc                 -     + unchanged      : 1                                    
2019-02-06 13:28:32,297 INFO  n.e.o.t.s.UpdateSvc                 -     + data updated   : 0                                    
2019-02-06 13:28:32,298 INFO  n.e.o.t.s.UpdateSvc                 -    invalidated    :   0                                     
2019-02-06 13:28:32,303 INFO  n.e.o.t.s.UpdateSvc                 - inserting p: B:1 to B                                       
2019-02-06 13:28:32,303 DEBUG n.e.o.t.s.UpdateSvc                 - B:1 682                                                     
2019-02-06 13:28:32,303 INFO  n.e.o.t.s.UpdateSvc                 - inserting p: B:2 to B                                       
2019-02-06 13:28:32,304 DEBUG n.e.o.t.s.UpdateSvc                 - B:1 682                                                     
2019-02-06 13:28:32,304 DEBUG n.e.o.t.s.UpdateSvc                 - B:2 682                                                     
2019-02-06 13:28:32,304 DEBUG n.e.o.t.s.UpdateSvc                 - updating data p: A:2                                        
2019-02-06 13:28:32,305 DEBUG n.e.o.t.s.UpdateSvc                 - A:2 <- caps [MPLS]                                          
2019-02-06 13:28:32,305 DEBUG n.e.o.t.s.UpdateSvc                 - A:2 <- ifce null                                            
2019-02-06 13:28:32,305 DEBUG n.e.o.t.s.UpdateSvc                 - A:2 <- tags : null                                          
2019-02-06 13:28:32,305 DEBUG n.e.o.t.s.UpdateSvc                 - A:2 <- ipv4 null                                            
2019-02-06 13:28:32,305 DEBUG n.e.o.t.s.UpdateSvc                 - A:2 <- ipv6 null                                            
2019-02-06 13:28:32,305 DEBUG n.e.o.t.s.UpdateSvc                 - A:2 <- vlans []                                             
2019-02-06 13:28:32,305 INFO  n.e.o.t.s.UpdateSvc                 - finished merging ports                                      
2019-02-06 13:28:32,305 INFO  n.e.o.t.s.UpdateSvc                 -    inserted     :   2                                       
2019-02-06 13:28:32,305 INFO  n.e.o.t.s.UpdateSvc                 -    ver updated  :   2                                       
2019-02-06 13:28:32,305 INFO  n.e.o.t.s.UpdateSvc                 -    data updated :   1                                       
2019-02-06 13:28:32,305 INFO  n.e.o.t.s.UpdateSvc                 -    invalidated  :   0                                       
2019-02-06 13:28:32,308 INFO  n.e.o.t.s.UpdateSvc                 - inserting pa: A:2 - B:2                                     
2019-02-06 13:28:32,309 INFO  n.e.o.t.s.UpdateSvc                 - inserting pa: B:2 - A:2                                     
2019-02-06 13:28:32,310 INFO  n.e.o.t.s.UpdateSvc                 - finished merging adjacencies                                
2019-02-06 13:28:32,310 INFO  n.e.o.t.s.UpdateSvc                 -    inserted     :   2                                       
2019-02-06 13:28:32,310 INFO  n.e.o.t.s.UpdateSvc                 -    ver updated  :   0                                       
2019-02-06 13:28:32,310 INFO  n.e.o.t.s.UpdateSvc                 -    data updated :   0                                       
2019-02-06 13:28:32,310 INFO  n.e.o.t.s.UpdateSvc                 -    invalidated  :   0                                       
2019-02-06 13:28:32,310 INFO  n.e.o.t.s.UpdateSvc                 - finished merging topology delta.                            
2019-02-06 13:28:32,340 INFO  n.e.o.c.TopologySteps               - clearing adjacencies                                        
2019-02-06 13:28:32,344 INFO  n.e.o.c.TopologySteps               - clearing devices                                            
2019-02-06 13:28:32,346 INFO  n.e.o.c.TopologySteps               - deleting A:1                                                
2019-02-06 13:28:32,346 INFO  n.e.o.c.TopologySteps               - deleting A:2                                                
2019-02-06 13:28:32,346 INFO  n.e.o.c.TopologySteps               - deleting A                                                  
2019-02-06 13:28:32,346 INFO  n.e.o.c.TopologySteps               - deleting B:1                                                
2019-02-06 13:28:32,347 INFO  n.e.o.c.TopologySteps               - deleting B:2                                                
2019-02-06 13:28:32,347 INFO  n.e.o.c.TopologySteps               - deleting B                                                  
2019-02-06 13:28:32,348 INFO  n.e.o.c.TopologySteps               - clearing ports                                              
2019-02-06 13:28:32,349 INFO  n.e.o.c.TopologySteps               - clearing versions                                           
2019-02-06 13:28:32,356 DEBUG n.e.o.t.p.TopoPopulator             - Loaded topology from config/test/topo/two_routers.json , config/test/topo/adj_a_b_mpls.json
2019-02-06 13:28:32,357 INFO  n.e.o.t.s.TopoLibrary               -  will add port A:1                                          
2019-02-06 13:28:32,357 INFO  n.e.o.t.s.TopoLibrary               -  will add port A:2                                          
2019-02-06 13:28:32,357 INFO  n.e.o.t.s.TopoLibrary               -  will add port B:1                                          
2019-02-06 13:28:32,357 INFO  n.e.o.t.s.TopoLibrary               -  will add port B:2                                          
2019-02-06 13:28:32,360 DEBUG n.e.o.t.s.UpdateSvc                 - New version id is: 687                                      
2019-02-06 13:28:32,360 INFO  n.e.o.t.s.UpdateSvc                 - Merging version delta                                       
2019-02-06 13:28:32,368 INFO  n.e.o.t.s.UpdateSvc                 - d: inserting: A                                             
2019-02-06 13:28:32,368 INFO  n.e.o.t.s.UpdateSvc                 - d: inserting: B                                             
2019-02-06 13:28:32,368 INFO  n.e.o.t.s.UpdateSvc                 - finished merging devices                                    
2019-02-06 13:28:32,368 INFO  n.e.o.t.s.UpdateSvc                 -    inserted       : 2                                       
2019-02-06 13:28:32,368 INFO  n.e.o.t.s.UpdateSvc                 -    ver updated    : 0                                       
2019-02-06 13:28:32,368 INFO  n.e.o.t.s.UpdateSvc                 -     + unchanged      : 0                                    
2019-02-06 13:28:32,368 INFO  n.e.o.t.s.UpdateSvc                 -     + data updated   : 0                                    
2019-02-06 13:28:32,368 INFO  n.e.o.t.s.UpdateSvc                 -    invalidated    :   0                                     
2019-02-06 13:28:32,371 INFO  n.e.o.t.s.UpdateSvc                 - inserting p: A:1 to A                                       
2019-02-06 13:28:32,372 DEBUG n.e.o.t.s.UpdateSvc                 - A:1 688                                                     
2019-02-06 13:28:32,373 INFO  n.e.o.t.s.UpdateSvc                 - inserting p: A:2 to A                                       
2019-02-06 13:28:32,373 DEBUG n.e.o.t.s.UpdateSvc                 - A:1 688                                                     
2019-02-06 13:28:32,373 DEBUG n.e.o.t.s.UpdateSvc                 - A:2 688                                                     
2019-02-06 13:28:32,373 INFO  n.e.o.t.s.UpdateSvc                 - inserting p: B:1 to B                                       
2019-02-06 13:28:32,374 DEBUG n.e.o.t.s.UpdateSvc                 - B:1 689                                                     
2019-02-06 13:28:32,374 INFO  n.e.o.t.s.UpdateSvc                 - inserting p: B:2 to B                                       
2019-02-06 13:28:32,374 DEBUG n.e.o.t.s.UpdateSvc                 - B:2 689                                                     
2019-02-06 13:28:32,374 DEBUG n.e.o.t.s.UpdateSvc                 - B:1 689                                                     
2019-02-06 13:28:32,374 INFO  n.e.o.t.s.UpdateSvc                 - finished merging ports                                      
2019-02-06 13:28:32,374 INFO  n.e.o.t.s.UpdateSvc                 -    inserted     :   4                                       
2019-02-06 13:28:32,374 INFO  n.e.o.t.s.UpdateSvc                 -    ver updated  :   0                                       
2019-02-06 13:28:32,374 INFO  n.e.o.t.s.UpdateSvc                 -    data updated :   0                                       
2019-02-06 13:28:32,374 INFO  n.e.o.t.s.UpdateSvc                 -    invalidated  :   0                                       
2019-02-06 13:28:32,378 INFO  n.e.o.t.s.UpdateSvc                 - inserting pa: A:2 - B:2                                     
2019-02-06 13:28:32,379 INFO  n.e.o.t.s.UpdateSvc                 - inserting pa: B:2 - A:2                                     
2019-02-06 13:28:32,380 INFO  n.e.o.t.s.UpdateSvc                 - finished merging adjacencies                                
2019-02-06 13:28:32,380 INFO  n.e.o.t.s.UpdateSvc                 -    inserted     :   2                                       
2019-02-06 13:28:32,380 INFO  n.e.o.t.s.UpdateSvc                 -    ver updated  :   0                                       
2019-02-06 13:28:32,380 INFO  n.e.o.t.s.UpdateSvc                 -    data updated :   0                                       
2019-02-06 13:28:32,380 INFO  n.e.o.t.s.UpdateSvc                 -    invalidated  :   0                                       
2019-02-06 13:28:32,380 INFO  n.e.o.t.s.UpdateSvc                 - finished merging topology delta.                            
2019-02-06 13:28:32,387 DEBUG n.e.o.t.p.TopoPopulator             - Loaded topology from config/test/topo/two_routers.json , config/test/topo/adj_a_b_mpls.json
2019-02-06 13:28:32,391 INFO  n.e.o.t.s.TopoService               - found 2 devices in version 687                              
2019-02-06 13:28:32,391 INFO  n.e.o.t.s.TopoService               - found 2 adjcies in version 687                              
2019-02-06 13:28:32,411 DEBUG n.e.o.t.s.UpdateSvc                 - Setting previous version to invalid: 687                    
2019-02-06 13:28:32,412 DEBUG n.e.o.t.s.UpdateSvc                 - New version id is: 696                                      
2019-02-06 13:28:32,412 INFO  n.e.o.t.s.UpdateSvc                 - Merging version delta                                       
2019-02-06 13:28:32,423 DEBUG n.e.o.t.s.UpdateSvc                 - will just update version: A                                 
2019-02-06 13:28:32,424 DEBUG n.e.o.t.s.UpdateSvc                 - will just update version: B                                 
2019-02-06 13:28:32,425 DEBUG n.e.o.t.s.UpdateSvc                 - updating version d: A                                       
2019-02-06 13:28:32,425 DEBUG n.e.o.t.s.UpdateSvc                 - updating version d: B                                       
2019-02-06 13:28:32,425 INFO  n.e.o.t.s.UpdateSvc                 - finished merging devices                                    
2019-02-06 13:28:32,425 INFO  n.e.o.t.s.UpdateSvc                 -    inserted       : 0                                       
2019-02-06 13:28:32,425 INFO  n.e.o.t.s.UpdateSvc                 -    ver updated    : 2                                       
2019-02-06 13:28:32,425 INFO  n.e.o.t.s.UpdateSvc                 -     + unchanged      : 2                                    
2019-02-06 13:28:32,425 INFO  n.e.o.t.s.UpdateSvc                 -     + data updated   : 0                                    
2019-02-06 13:28:32,425 INFO  n.e.o.t.s.UpdateSvc                 -    invalidated    :   0                                     
2019-02-06 13:28:32,429 INFO  n.e.o.t.s.UpdateSvc                 - finished merging ports                                      
2019-02-06 13:28:32,430 INFO  n.e.o.t.s.UpdateSvc                 -    inserted     :   0                                       
2019-02-06 13:28:32,430 INFO  n.e.o.t.s.UpdateSvc                 -    ver updated  :   4                                       
2019-02-06 13:28:32,430 INFO  n.e.o.t.s.UpdateSvc                 -    data updated :   0                                       
2019-02-06 13:28:32,430 INFO  n.e.o.t.s.UpdateSvc                 -    invalidated  :   0                                       
2019-02-06 13:28:32,434 DEBUG n.e.o.t.s.UpdateSvc                 - updating version pa: A:2 - B:2                              
2019-02-06 13:28:32,436 DEBUG n.e.o.t.s.UpdateSvc                 - updating version pa: B:2 - A:2                              
2019-02-06 13:28:32,436 INFO  n.e.o.t.s.UpdateSvc                 - finished merging adjacencies                                
2019-02-06 13:28:32,436 INFO  n.e.o.t.s.UpdateSvc                 -    inserted     :   0                                       
2019-02-06 13:28:32,436 INFO  n.e.o.t.s.UpdateSvc                 -    ver updated  :   2                                       
2019-02-06 13:28:32,436 INFO  n.e.o.t.s.UpdateSvc                 -    data updated :   0                                       
2019-02-06 13:28:32,436 INFO  n.e.o.t.s.UpdateSvc                 -    invalidated  :   0                                       
2019-02-06 13:28:32,436 INFO  n.e.o.t.s.UpdateSvc                 - finished merging topology delta.                            
2019-02-06 13:28:32,462 INFO  n.e.o.c.TopologySteps               - clearing adjacencies                                        
2019-02-06 13:28:32,469 INFO  n.e.o.c.TopologySteps               - clearing devices                                            
2019-02-06 13:28:32,470 INFO  n.e.o.c.TopologySteps               - deleting A:1                                                
2019-02-06 13:28:32,470 INFO  n.e.o.c.TopologySteps               - deleting A:2                                                
2019-02-06 13:28:32,471 INFO  n.e.o.c.TopologySteps               - deleting A                                                  
2019-02-06 13:28:32,471 INFO  n.e.o.c.TopologySteps               - deleting B:1                                                
2019-02-06 13:28:32,472 INFO  n.e.o.c.TopologySteps               - deleting B:2                                                
2019-02-06 13:28:32,472 INFO  n.e.o.c.TopologySteps               - deleting B                                                  
2019-02-06 13:28:32,473 INFO  n.e.o.c.TopologySteps               - clearing ports                                              
2019-02-06 13:28:32,474 INFO  n.e.o.c.TopologySteps               - clearing versions                                           
2019-02-06 13:28:32,484 DEBUG n.e.o.t.p.TopoPopulator             - Loaded topology from config/test/topo/two_routers.json , config/test/topo/adj_a_b_mpls.json
2019-02-06 13:28:32,488 INFO  n.e.o.t.s.TopoLibrary               -  will add port A:1                                          
2019-02-06 13:28:32,488 INFO  n.e.o.t.s.TopoLibrary               -  will add port A:2                                          
2019-02-06 13:28:32,488 INFO  n.e.o.t.s.TopoLibrary               -  will add port B:1                                          
2019-02-06 13:28:32,489 INFO  n.e.o.t.s.TopoLibrary               -  will add port B:2                                          
2019-02-06 13:28:32,492 DEBUG n.e.o.t.s.UpdateSvc                 - New version id is: 697                                      
2019-02-06 13:28:32,494 INFO  n.e.o.t.s.UpdateSvc                 - Merging version delta                                       
2019-02-06 13:28:32,505 INFO  n.e.o.t.s.UpdateSvc                 - d: inserting: A                                             
2019-02-06 13:28:32,505 INFO  n.e.o.t.s.UpdateSvc                 - d: inserting: B                                             
2019-02-06 13:28:32,505 INFO  n.e.o.t.s.UpdateSvc                 - finished merging devices                                    
2019-02-06 13:28:32,505 INFO  n.e.o.t.s.UpdateSvc                 -    inserted       : 2                                       
2019-02-06 13:28:32,505 INFO  n.e.o.t.s.UpdateSvc                 -    ver updated    : 0                                       
2019-02-06 13:28:32,505 INFO  n.e.o.t.s.UpdateSvc                 -     + unchanged      : 0                                    
2019-02-06 13:28:32,505 INFO  n.e.o.t.s.UpdateSvc                 -     + data updated   : 0                                    
2019-02-06 13:28:32,505 INFO  n.e.o.t.s.UpdateSvc                 -    invalidated    :   0                                     
2019-02-06 13:28:32,509 INFO  n.e.o.t.s.UpdateSvc                 - inserting p: A:1 to A                                       
2019-02-06 13:28:32,510 DEBUG n.e.o.t.s.UpdateSvc                 - A:1 698                                                     
2019-02-06 13:28:32,510 INFO  n.e.o.t.s.UpdateSvc                 - inserting p: A:2 to A                                       
2019-02-06 13:28:32,510 DEBUG n.e.o.t.s.UpdateSvc                 - A:1 698                                                     
2019-02-06 13:28:32,510 DEBUG n.e.o.t.s.UpdateSvc                 - A:2 698                                                     
2019-02-06 13:28:32,511 INFO  n.e.o.t.s.UpdateSvc                 - inserting p: B:1 to B                                       
2019-02-06 13:28:32,512 DEBUG n.e.o.t.s.UpdateSvc                 - B:1 699                                                     
2019-02-06 13:28:32,513 INFO  n.e.o.t.s.UpdateSvc                 - inserting p: B:2 to B                                       
2019-02-06 13:28:32,513 DEBUG n.e.o.t.s.UpdateSvc                 - B:2 699                                                     
2019-02-06 13:28:32,513 DEBUG n.e.o.t.s.UpdateSvc                 - B:1 699                                                     
2019-02-06 13:28:32,513 INFO  n.e.o.t.s.UpdateSvc                 - finished merging ports                                      
2019-02-06 13:28:32,513 INFO  n.e.o.t.s.UpdateSvc                 -    inserted     :   4                                       
2019-02-06 13:28:32,513 INFO  n.e.o.t.s.UpdateSvc                 -    ver updated  :   0                                       
2019-02-06 13:28:32,513 INFO  n.e.o.t.s.UpdateSvc                 -    data updated :   0                                       
2019-02-06 13:28:32,513 INFO  n.e.o.t.s.UpdateSvc                 -    invalidated  :   0                                       
2019-02-06 13:28:32,516 INFO  n.e.o.t.s.UpdateSvc                 - inserting pa: A:2 - B:2                                     
2019-02-06 13:28:32,519 INFO  n.e.o.t.s.UpdateSvc                 - inserting pa: B:2 - A:2                                     
2019-02-06 13:28:32,520 INFO  n.e.o.t.s.UpdateSvc                 - finished merging adjacencies                                
2019-02-06 13:28:32,520 INFO  n.e.o.t.s.UpdateSvc                 -    inserted     :   2                                       
2019-02-06 13:28:32,520 INFO  n.e.o.t.s.UpdateSvc                 -    ver updated  :   0                                       
2019-02-06 13:28:32,520 INFO  n.e.o.t.s.UpdateSvc                 -    data updated :   0                                       
2019-02-06 13:28:32,520 INFO  n.e.o.t.s.UpdateSvc                 -    invalidated  :   0                                       
2019-02-06 13:28:32,520 INFO  n.e.o.t.s.UpdateSvc                 - finished merging topology delta.                            
2019-02-06 13:28:32,527 DEBUG n.e.o.t.p.TopoPopulator             - Loaded topology from config/test/topo/one.json , config/test/topo/adj_none.json
2019-02-06 13:28:32,532 INFO  n.e.o.t.s.TopoService               - found 2 devices in version 697                              
2019-02-06 13:28:32,532 INFO  n.e.o.t.s.TopoService               - found 2 adjcies in version 697                              
2019-02-06 13:28:32,536 INFO  n.e.o.t.s.TopoLibrary               -  will remove port B:1                                       
2019-02-06 13:28:32,536 INFO  n.e.o.t.s.TopoLibrary               -  will remove port B:2                                       
2019-02-06 13:28:32,536 DEBUG n.e.o.t.s.TopoLibrary               - A:2 changed caps                                            
2019-02-06 13:28:32,536 DEBUG n.e.o.t.s.TopoLibrary               - A:2 changed vlans                                           
2019-02-06 13:28:32,547 DEBUG n.e.o.t.s.UpdateSvc                 - Setting previous version to invalid: 697                    
2019-02-06 13:28:32,549 DEBUG n.e.o.t.s.UpdateSvc                 - New version id is: 706                                      
2019-02-06 13:28:32,549 INFO  n.e.o.t.s.UpdateSvc                 - Merging version delta                                       
2019-02-06 13:28:32,567 INFO  n.e.o.t.s.UpdateSvc                 - will invalidate device (and all ports): B                   
2019-02-06 13:28:32,569 DEBUG n.e.o.t.s.UpdateSvc                 - will just update version: A                                 
2019-02-06 13:28:32,570 DEBUG n.e.o.t.s.UpdateSvc                 - updating version d: A                                       
2019-02-06 13:28:32,571 INFO  n.e.o.t.s.UpdateSvc                 - finished merging devices                                    
2019-02-06 13:28:32,571 INFO  n.e.o.t.s.UpdateSvc                 -    inserted       : 0                                       
2019-02-06 13:28:32,571 INFO  n.e.o.t.s.UpdateSvc                 -    ver updated    : 1                                       
2019-02-06 13:28:32,571 INFO  n.e.o.t.s.UpdateSvc                 -     + unchanged      : 1                                    
2019-02-06 13:28:32,571 INFO  n.e.o.t.s.UpdateSvc                 -     + data updated   : 0                                    
2019-02-06 13:28:32,571 INFO  n.e.o.t.s.UpdateSvc                 -    invalidated    :   1                                     
2019-02-06 13:28:32,575 DEBUG n.e.o.t.s.UpdateSvc                 - updating data p: A:2                                        
2019-02-06 13:28:32,575 DEBUG n.e.o.t.s.UpdateSvc                 - A:2 <- caps [ETHERNET]                                      
2019-02-06 13:28:32,575 DEBUG n.e.o.t.s.UpdateSvc                 - A:2 <- ifce null                                            
2019-02-06 13:28:32,575 DEBUG n.e.o.t.s.UpdateSvc                 - A:2 <- tags : null                                          
2019-02-06 13:28:32,575 DEBUG n.e.o.t.s.UpdateSvc                 - A:2 <- ipv4 null                                            
2019-02-06 13:28:32,575 DEBUG n.e.o.t.s.UpdateSvc                 - A:2 <- ipv6 null                                            
2019-02-06 13:28:32,575 DEBUG n.e.o.t.s.UpdateSvc                 - A:2 <- vlans [IntRange(floor=100, ceiling=200)]             
2019-02-06 13:28:32,575 DEBUG n.e.o.t.s.UpdateSvc                 - invalidating port B:1                                       
2019-02-06 13:28:32,576 DEBUG n.e.o.t.s.UpdateSvc                 - B:2                                                         
2019-02-06 13:28:32,576 DEBUG n.e.o.t.s.UpdateSvc                 - B:1                                                         
2019-02-06 13:28:32,576 DEBUG n.e.o.t.s.UpdateSvc                 - invalidating port B:2                                       
2019-02-06 13:28:32,577 DEBUG n.e.o.t.s.UpdateSvc                 - B:2                                                         
2019-02-06 13:28:32,577 DEBUG n.e.o.t.s.UpdateSvc                 - B:1                                                         
2019-02-06 13:28:32,577 INFO  n.e.o.t.s.UpdateSvc                 - finished merging ports                                      
2019-02-06 13:28:32,577 INFO  n.e.o.t.s.UpdateSvc                 -    inserted     :   0                                       
2019-02-06 13:28:32,577 INFO  n.e.o.t.s.UpdateSvc                 -    ver updated  :   2                                       
2019-02-06 13:28:32,577 INFO  n.e.o.t.s.UpdateSvc                 -    data updated :   1                                       
2019-02-06 13:28:32,577 INFO  n.e.o.t.s.UpdateSvc                 -    invalidated  :   2                                       
2019-02-06 13:28:32,581 INFO  n.e.o.t.s.UpdateSvc                 - finished merging adjacencies                                
2019-02-06 13:28:32,581 INFO  n.e.o.t.s.UpdateSvc                 -    inserted     :   0                                       
2019-02-06 13:28:32,581 INFO  n.e.o.t.s.UpdateSvc                 -    ver updated  :   0                                       
2019-02-06 13:28:32,581 INFO  n.e.o.t.s.UpdateSvc                 -    data updated :   0                                       
2019-02-06 13:28:32,581 INFO  n.e.o.t.s.UpdateSvc                 -    invalidated  :   2                                       
2019-02-06 13:28:32,581 INFO  n.e.o.t.s.UpdateSvc                 - finished merging topology delta.                            
2019-02-06 13:28:32,603 INFO  n.e.o.c.TopologySteps               - clearing adjacencies                                        
2019-02-06 13:28:32,606 INFO  n.e.o.c.TopologySteps               - clearing devices                                            
2019-02-06 13:28:32,608 INFO  n.e.o.c.TopologySteps               - deleting A:2                                                
2019-02-06 13:28:32,608 INFO  n.e.o.c.TopologySteps               - deleting A:1                                                
2019-02-06 13:28:32,608 INFO  n.e.o.c.TopologySteps               - deleting A                                                  
2019-02-06 13:28:32,608 INFO  n.e.o.c.TopologySteps               - deleting B:2                                                
2019-02-06 13:28:32,609 INFO  n.e.o.c.TopologySteps               - deleting B:1                                                
2019-02-06 13:28:32,609 INFO  n.e.o.c.TopologySteps               - deleting B                                                  
2019-02-06 13:28:32,610 INFO  n.e.o.c.TopologySteps               - clearing ports                                              
2019-02-06 13:28:32,611 INFO  n.e.o.c.TopologySteps               - clearing versions                                           
2019-02-06 13:28:32,623 DEBUG n.e.o.t.p.TopoPopulator             - Loaded topology from config/test/topo/one.json , config/test/topo/adj_none.json
2019-02-06 13:28:32,624 INFO  n.e.o.t.s.TopoLibrary               -  will add port A:1                                          
2019-02-06 13:28:32,625 INFO  n.e.o.t.s.TopoLibrary               -  will add port A:2                                          
2019-02-06 13:28:32,629 DEBUG n.e.o.t.s.UpdateSvc                 - New version id is: 707                                      
2019-02-06 13:28:32,629 INFO  n.e.o.t.s.UpdateSvc                 - Merging version delta                                       
2019-02-06 13:28:32,637 INFO  n.e.o.t.s.UpdateSvc                 - d: inserting: A                                             
2019-02-06 13:28:32,637 INFO  n.e.o.t.s.UpdateSvc                 - finished merging devices                                    
2019-02-06 13:28:32,637 INFO  n.e.o.t.s.UpdateSvc                 -    inserted       : 1                                       
2019-02-06 13:28:32,637 INFO  n.e.o.t.s.UpdateSvc                 -    ver updated    : 0                                       
2019-02-06 13:28:32,637 INFO  n.e.o.t.s.UpdateSvc                 -     + unchanged      : 0                                    
2019-02-06 13:28:32,637 INFO  n.e.o.t.s.UpdateSvc                 -     + data updated   : 0                                    
2019-02-06 13:28:32,638 INFO  n.e.o.t.s.UpdateSvc                 -    invalidated    :   0                                     
2019-02-06 13:28:32,640 INFO  n.e.o.t.s.UpdateSvc                 - inserting p: A:1 to A                                       
2019-02-06 13:28:32,640 DEBUG n.e.o.t.s.UpdateSvc                 - A:1 708                                                     
2019-02-06 13:28:32,641 INFO  n.e.o.t.s.UpdateSvc                 - inserting p: A:2 to A                                       
2019-02-06 13:28:32,641 DEBUG n.e.o.t.s.UpdateSvc                 - A:1 708                                                     
2019-02-06 13:28:32,641 DEBUG n.e.o.t.s.UpdateSvc                 - A:2 708                                                     
2019-02-06 13:28:32,641 INFO  n.e.o.t.s.UpdateSvc                 - finished merging ports                                      
2019-02-06 13:28:32,641 INFO  n.e.o.t.s.UpdateSvc                 -    inserted     :   2                                       
2019-02-06 13:28:32,641 INFO  n.e.o.t.s.UpdateSvc                 -    ver updated  :   0                                       
2019-02-06 13:28:32,642 INFO  n.e.o.t.s.UpdateSvc                 -    data updated :   0                                       
2019-02-06 13:28:32,642 INFO  n.e.o.t.s.UpdateSvc                 -    invalidated  :   0                                       
2019-02-06 13:28:32,642 INFO  n.e.o.t.s.UpdateSvc                 - finished merging adjacencies                                
2019-02-06 13:28:32,642 INFO  n.e.o.t.s.UpdateSvc                 -    inserted     :   0                                       
2019-02-06 13:28:32,642 INFO  n.e.o.t.s.UpdateSvc                 -    ver updated  :   0                                       
2019-02-06 13:28:32,642 INFO  n.e.o.t.s.UpdateSvc                 -    data updated :   0                                       
2019-02-06 13:28:32,642 INFO  n.e.o.t.s.UpdateSvc                 -    invalidated  :   0                                       
2019-02-06 13:28:32,642 INFO  n.e.o.t.s.UpdateSvc                 - finished merging topology delta.                            
2019-02-06 13:28:32,647 INFO  n.e.o.t.s.TopoService               - updating pathfinding topo to version: 707                   
2019-02-06 13:28:32,652 INFO  n.e.o.t.s.TopoService               - updated with 4 topo adjacencies                             
2019-02-06 13:47:13,756 INFO  n.e.o.c.DesignSteps                 - Starting DesignSteps on sartaj-MacBook-Pro.local with PID 68048 (started by ssbaveja in /Users/ssbaveja/Desktop/Projects/oscars-newtech/backend)
2019-02-06 13:47:13,761 DEBUG n.e.o.c.DesignSteps                 - Running with Spring Boot v1.5.15.RELEASE, Spring v4.3.18.RELEASE
2019-02-06 13:47:13,761 INFO  n.e.o.c.DesignSteps                 - The following profiles are active: test                     
2019-02-06 13:47:19,630 INFO  n.e.o.a.s.JacksonConfig             - customizing jackson                                         
2019-02-06 13:47:20,293 INFO  n.e.o.p.s.RestPssServer             - PSS server URL: https://localhost:8002                      
2019-02-06 13:47:22,851 INFO  n.e.o.c.DesignSteps                 - Started DesignSteps in 9.427 seconds (JVM running for 10.796)
2019-02-06 13:47:23,071 INFO  n.e.o.c.TopologySteps               - clearing adjacencies                                        
2019-02-06 13:47:23,118 INFO  n.e.o.c.TopologySteps               - clearing devices                                            
2019-02-06 13:47:23,123 INFO  n.e.o.c.TopologySteps               - clearing ports                                              
2019-02-06 13:47:23,127 INFO  n.e.o.c.TopologySteps               - clearing versions                                           
2019-02-06 13:47:23,247 DEBUG n.e.o.t.p.TopoPopulator             - Loaded topology from config/test/topo/two_routers.json , config/test/topo/adj_a_b_mpls.json
2019-02-06 13:47:23,258 INFO  n.e.o.t.s.TopoLibrary               -  will add port A:1                                          
2019-02-06 13:47:23,258 INFO  n.e.o.t.s.TopoLibrary               -  will add port A:2                                          
2019-02-06 13:47:23,258 INFO  n.e.o.t.s.TopoLibrary               -  will add port B:1                                          
2019-02-06 13:47:23,258 INFO  n.e.o.t.s.TopoLibrary               -  will add port B:2                                          
2019-02-06 13:47:23,339 DEBUG n.e.o.t.s.UpdateSvc                 - New version id is: 1                                        
2019-02-06 13:47:23,343 INFO  n.e.o.t.s.UpdateSvc                 - Merging version delta                                       
2019-02-06 13:47:23,497 INFO  n.e.o.t.s.UpdateSvc                 - d: inserting: A                                             
2019-02-06 13:47:23,514 INFO  n.e.o.t.s.UpdateSvc                 - d: inserting: B                                             
2019-02-06 13:47:23,516 INFO  n.e.o.t.s.UpdateSvc                 - finished merging devices                                    
2019-02-06 13:47:23,516 INFO  n.e.o.t.s.UpdateSvc                 -    inserted       : 2                                       
2019-02-06 13:47:23,516 INFO  n.e.o.t.s.UpdateSvc                 -    ver updated    : 0                                       
2019-02-06 13:47:23,517 INFO  n.e.o.t.s.UpdateSvc                 -     + unchanged      : 0                                    
2019-02-06 13:47:23,517 INFO  n.e.o.t.s.UpdateSvc                 -     + data updated   : 0                                    
2019-02-06 13:47:23,519 INFO  n.e.o.t.s.UpdateSvc                 -    invalidated    :   0                                     
2019-02-06 13:47:23,585 INFO  n.e.o.t.s.UpdateSvc                 - inserting p: A:1 to A                                       
2019-02-06 13:47:23,592 DEBUG n.e.o.t.s.UpdateSvc                 - A:1 2                                                       
2019-02-06 13:47:23,595 INFO  n.e.o.t.s.UpdateSvc                 - inserting p: A:2 to A                                       
2019-02-06 13:47:23,599 DEBUG n.e.o.t.s.UpdateSvc                 - A:1 2                                                       
2019-02-06 13:47:23,599 DEBUG n.e.o.t.s.UpdateSvc                 - A:2 2                                                       
2019-02-06 13:47:23,601 INFO  n.e.o.t.s.UpdateSvc                 - inserting p: B:1 to B                                       
2019-02-06 13:47:23,602 DEBUG n.e.o.t.s.UpdateSvc                 - B:1 3                                                       
2019-02-06 13:47:23,606 INFO  n.e.o.t.s.UpdateSvc                 - inserting p: B:2 to B                                       
2019-02-06 13:47:23,608 DEBUG n.e.o.t.s.UpdateSvc                 - B:1 3                                                       
2019-02-06 13:47:23,608 DEBUG n.e.o.t.s.UpdateSvc                 - B:2 3                                                       
2019-02-06 13:47:23,609 INFO  n.e.o.t.s.UpdateSvc                 - finished merging ports                                      
2019-02-06 13:47:23,609 INFO  n.e.o.t.s.UpdateSvc                 -    inserted     :   4                                       
2019-02-06 13:47:23,609 INFO  n.e.o.t.s.UpdateSvc                 -    ver updated  :   0                                       
2019-02-06 13:47:23,609 INFO  n.e.o.t.s.UpdateSvc                 -    data updated :   0                                       
2019-02-06 13:47:23,609 INFO  n.e.o.t.s.UpdateSvc                 -    invalidated  :   0                                       
2019-02-06 13:47:23,632 INFO  n.e.o.t.s.UpdateSvc                 - inserting pa: A:2 - B:2                                     
2019-02-06 13:47:23,641 INFO  n.e.o.t.s.UpdateSvc                 - inserting pa: B:2 - A:2                                     
2019-02-06 13:47:23,647 INFO  n.e.o.t.s.UpdateSvc                 - finished merging adjacencies                                
2019-02-06 13:47:23,647 INFO  n.e.o.t.s.UpdateSvc                 -    inserted     :   2                                       
2019-02-06 13:47:23,647 INFO  n.e.o.t.s.UpdateSvc                 -    ver updated  :   0                                       
2019-02-06 13:47:23,647 INFO  n.e.o.t.s.UpdateSvc                 -    data updated :   0                                       
2019-02-06 13:47:23,647 INFO  n.e.o.t.s.UpdateSvc                 -    invalidated  :   0                                       
2019-02-06 13:47:23,647 INFO  n.e.o.t.s.UpdateSvc                 - finished merging topology delta.                            
2019-02-06 13:47:23,671 INFO  n.e.o.t.s.TopoService               - updating pathfinding topo to version: 1                     
2019-02-06 13:47:23,755 INFO  n.e.o.t.s.TopoService               - updated with 10 topo adjacencies                            
2019-02-06 13:47:23,857 INFO  n.e.o.r.s.ResvLibrary               - evaluating a pbw: PeriodBandwidth(beginning=1970-01-01T00:01:40Z, ending=1970-01-01T00:04:10Z, bandwidth=10)
2019-02-06 13:47:23,857 INFO  n.e.o.r.s.ResvLibrary               - evaluating a pbw: PeriodBandwidth(beginning=1970-01-01T00:01:40Z, ending=1970-01-01T00:04:10Z, bandwidth=10)
2019-02-06 13:47:23,857 INFO  n.e.o.r.s.ResvLibrary               - evaluating a pbw: PeriodBandwidth(beginning=1970-01-01T00:01:40Z, ending=1970-01-01T00:04:10Z, bandwidth=10)
2019-02-06 13:47:23,857 INFO  n.e.o.r.s.ResvLibrary               - evaluating a pbw: PeriodBandwidth(beginning=1970-01-01T00:01:40Z, ending=1970-01-01T00:04:10Z, bandwidth=10)
2019-02-06 13:47:23,863 INFO  n.e.o.r.s.ResvLibrary               - evaluating a pbw: PeriodBandwidth(beginning=1970-01-01T00:01:40Z, ending=1970-01-01T00:04:10Z, bandwidth=10)
2019-02-06 13:47:23,864 INFO  n.e.o.r.s.ResvLibrary               - adding a pbw: PeriodBandwidth(beginning=1970-01-01T00:01:40Z, ending=1970-01-01T00:04:10Z, bandwidth=10)
2019-02-06 13:47:23,864 INFO  n.e.o.r.s.ResvLibrary               - evaluating a pbw: PeriodBandwidth(beginning=1970-01-01T00:01:40Z, ending=1970-01-01T00:04:10Z, bandwidth=10)
2019-02-06 13:47:23,864 INFO  n.e.o.r.s.ResvLibrary               - adding a pbw: PeriodBandwidth(beginning=1970-01-01T00:01:40Z, ending=1970-01-01T00:04:10Z, bandwidth=10)
2019-02-06 13:47:23,864 INFO  n.e.o.r.s.ResvLibrary               - evaluating a pbw: PeriodBandwidth(beginning=1970-01-01T00:01:40Z, ending=1970-01-01T00:04:10Z, bandwidth=10)
2019-02-06 13:47:23,864 INFO  n.e.o.r.s.ResvLibrary               - adding a pbw: PeriodBandwidth(beginning=1970-01-01T00:01:40Z, ending=1970-01-01T00:04:10Z, bandwidth=10)
2019-02-06 13:47:23,865 INFO  n.e.o.r.s.ResvLibrary               - evaluating a pbw: PeriodBandwidth(beginning=1970-01-01T00:01:40Z, ending=1970-01-01T00:04:10Z, bandwidth=10)
2019-02-06 13:47:23,865 INFO  n.e.o.r.s.ResvLibrary               - adding a pbw: PeriodBandwidth(beginning=1970-01-01T00:01:40Z, ending=1970-01-01T00:04:10Z, bandwidth=10)
2019-02-06 13:47:24,017 INFO  n.e.o.c.TopologySteps               - clearing adjacencies                                        
2019-02-06 13:47:24,044 INFO  n.e.o.c.TopologySteps               - clearing devices                                            
2019-02-06 13:47:24,053 INFO  n.e.o.c.TopologySteps               - deleting A:1                                                
2019-02-06 13:47:24,055 INFO  n.e.o.c.TopologySteps               - deleting A:2                                                
2019-02-06 13:47:24,056 INFO  n.e.o.c.TopologySteps               - deleting A                                                  
2019-02-06 13:47:24,062 INFO  n.e.o.c.TopologySteps               - deleting B:1                                                
2019-02-06 13:47:24,063 INFO  n.e.o.c.TopologySteps               - deleting B:2                                                
2019-02-06 13:47:24,063 INFO  n.e.o.c.TopologySteps               - deleting B                                                  
2019-02-06 13:47:24,074 INFO  n.e.o.c.TopologySteps               - clearing ports                                              
2019-02-06 13:47:24,075 INFO  n.e.o.c.TopologySteps               - clearing versions                                           
2019-02-06 13:47:24,088 DEBUG n.e.o.t.p.TopoPopulator             - Loaded topology from config/test/topo/two_routers.json , config/test/topo/adj_a_b_mpls.json
2019-02-06 13:47:24,091 INFO  n.e.o.t.s.TopoLibrary               -  will add port A:1                                          
2019-02-06 13:47:24,091 INFO  n.e.o.t.s.TopoLibrary               -  will add port A:2                                          
2019-02-06 13:47:24,091 INFO  n.e.o.t.s.TopoLibrary               -  will add port B:1                                          
2019-02-06 13:47:24,092 INFO  n.e.o.t.s.TopoLibrary               -  will add port B:2                                          
2019-02-06 13:47:24,098 DEBUG n.e.o.t.s.UpdateSvc                 - New version id is: 10                                       
2019-02-06 13:47:24,100 INFO  n.e.o.t.s.UpdateSvc                 - Merging version delta                                       
2019-02-06 13:47:24,126 INFO  n.e.o.t.s.UpdateSvc                 - d: inserting: A                                             
2019-02-06 13:47:24,128 INFO  n.e.o.t.s.UpdateSvc                 - d: inserting: B                                             
2019-02-06 13:47:24,129 INFO  n.e.o.t.s.UpdateSvc                 - finished merging devices                                    
2019-02-06 13:47:24,129 INFO  n.e.o.t.s.UpdateSvc                 -    inserted       : 2                                       
2019-02-06 13:47:24,129 INFO  n.e.o.t.s.UpdateSvc                 -    ver updated    : 0                                       
2019-02-06 13:47:24,129 INFO  n.e.o.t.s.UpdateSvc                 -     + unchanged      : 0                                    
2019-02-06 13:47:24,129 INFO  n.e.o.t.s.UpdateSvc                 -     + data updated   : 0                                    
2019-02-06 13:47:24,129 INFO  n.e.o.t.s.UpdateSvc                 -    invalidated    :   0                                     
2019-02-06 13:47:24,142 INFO  n.e.o.t.s.UpdateSvc                 - inserting p: A:1 to A                                       
2019-02-06 13:47:24,144 DEBUG n.e.o.t.s.UpdateSvc                 - A:1 11                                                      
2019-02-06 13:47:24,146 INFO  n.e.o.t.s.UpdateSvc                 - inserting p: A:2 to A                                       
2019-02-06 13:47:24,148 DEBUG n.e.o.t.s.UpdateSvc                 - A:2 11                                                      
2019-02-06 13:47:24,148 DEBUG n.e.o.t.s.UpdateSvc                 - A:1 11                                                      
2019-02-06 13:47:24,150 INFO  n.e.o.t.s.UpdateSvc                 - inserting p: B:1 to B                                       
2019-02-06 13:47:24,152 DEBUG n.e.o.t.s.UpdateSvc                 - B:1 12                                                      
2019-02-06 13:47:24,154 INFO  n.e.o.t.s.UpdateSvc                 - inserting p: B:2 to B                                       
2019-02-06 13:47:24,156 DEBUG n.e.o.t.s.UpdateSvc                 - B:2 12                                                      
2019-02-06 13:47:24,156 DEBUG n.e.o.t.s.UpdateSvc                 - B:1 12                                                      
2019-02-06 13:47:24,156 INFO  n.e.o.t.s.UpdateSvc                 - finished merging ports                                      
2019-02-06 13:47:24,156 INFO  n.e.o.t.s.UpdateSvc                 -    inserted     :   4                                       
2019-02-06 13:47:24,156 INFO  n.e.o.t.s.UpdateSvc                 -    ver updated  :   0                                       
2019-02-06 13:47:24,156 INFO  n.e.o.t.s.UpdateSvc                 -    data updated :   0                                       
2019-02-06 13:47:24,156 INFO  n.e.o.t.s.UpdateSvc                 -    invalidated  :   0                                       
2019-02-06 13:47:24,168 INFO  n.e.o.t.s.UpdateSvc                 - inserting pa: A:2 - B:2                                     
2019-02-06 13:47:24,175 INFO  n.e.o.t.s.UpdateSvc                 - inserting pa: B:2 - A:2                                     
2019-02-06 13:47:24,184 INFO  n.e.o.t.s.UpdateSvc                 - finished merging adjacencies                                
2019-02-06 13:47:24,184 INFO  n.e.o.t.s.UpdateSvc                 -    inserted     :   2                                       
2019-02-06 13:47:24,184 INFO  n.e.o.t.s.UpdateSvc                 -    ver updated  :   0                                       
2019-02-06 13:47:24,184 INFO  n.e.o.t.s.UpdateSvc                 -    data updated :   0                                       
2019-02-06 13:47:24,184 INFO  n.e.o.t.s.UpdateSvc                 -    invalidated  :   0                                       
2019-02-06 13:47:24,184 INFO  n.e.o.t.s.UpdateSvc                 - finished merging topology delta.                            
2019-02-06 13:47:24,192 INFO  n.e.o.t.s.TopoService               - updating pathfinding topo to version: 10                    
2019-02-06 13:47:24,207 INFO  n.e.o.t.s.TopoService               - updated with 10 topo adjacencies                            
2019-02-06 13:47:24,282 INFO  n.e.o.p.DijkstraPCE                 - shortest path cost: 3.0                                     
2019-02-06 13:47:24,285 INFO  n.e.o.p.DijkstraPCE                 - shortest path cost: 3.0                                     
2019-02-06 13:47:24,288 INFO  n.e.o.p.AllPathsPCE                 - long path; using long path max-length (13)                  
2019-02-06 13:47:24,292 INFO  n.e.o.p.AllPathsPCE                 - 1 distinct paths found between A and B found in time PT0.001S
2019-02-06 13:47:24,298 INFO  n.e.o.p.AllPathsPCE                 - widest paths found in time PT0.006S                         
2019-02-06 13:47:24,632 INFO  n.e.o.c.TopologySteps               - clearing adjacencies                                        
2019-02-06 13:47:24,641 INFO  n.e.o.c.TopologySteps               - clearing devices                                            
2019-02-06 13:47:24,644 INFO  n.e.o.c.TopologySteps               - deleting A:2                                                
2019-02-06 13:47:24,645 INFO  n.e.o.c.TopologySteps               - deleting A:1                                                
2019-02-06 13:47:24,645 INFO  n.e.o.c.TopologySteps               - deleting A                                                  
2019-02-06 13:47:24,648 INFO  n.e.o.c.TopologySteps               - deleting B:2                                                
2019-02-06 13:47:24,648 INFO  n.e.o.c.TopologySteps               - deleting B:1                                                
2019-02-06 13:47:24,649 INFO  n.e.o.c.TopologySteps               - deleting B                                                  
2019-02-06 13:47:24,655 INFO  n.e.o.c.TopologySteps               - clearing ports                                              
2019-02-06 13:47:24,667 INFO  n.e.o.c.TopologySteps               - clearing versions                                           
2019-02-06 13:47:24,723 DEBUG n.e.o.t.p.TopoPopulator             - Loaded topology from config/topo/esnet-devices.json , config/topo/esnet-adjcies.json
2019-02-06 13:47:24,733 INFO  n.e.o.t.s.TopoLibrary               -  will add port slac-mr2:xe-1/1/0                            
2019-02-06 13:47:24,733 INFO  n.e.o.t.s.TopoLibrary               -  will add port chic-cr5:BLANK                               
2019-02-06 13:47:24,733 INFO  n.e.o.t.s.TopoLibrary               -  will add port bost-cr5:10/2/3                              
2019-02-06 13:47:24,733 INFO  n.e.o.t.s.TopoLibrary               -  will add port lbl-mr2:xe-1/1/0                             
2019-02-06 13:47:24,733 INFO  n.e.o.t.s.TopoLibrary               -  will add port newy-cr5:9/1/4                               
2019-02-06 13:47:24,733 INFO  n.e.o.t.s.TopoLibrary               -  will add port cern-513-cr5:1/1/1                           
2019-02-06 13:47:24,733 INFO  n.e.o.t.s.TopoLibrary               -  will add port newy-cr5:9/1/1                               
2019-02-06 13:47:24,733 INFO  n.e.o.t.s.TopoLibrary               -  will add port bois-cr1:xe-7/3/0                            
2019-02-06 13:47:24,733 INFO  n.e.o.t.s.TopoLibrary               -  will add port aofa-cr5:10/1/2                              
2019-02-06 13:47:24,733 INFO  n.e.o.t.s.TopoLibrary               -  will add port amst-cr5:10/2/5                              
2019-02-06 13:47:24,734 INFO  n.e.o.t.s.TopoLibrary               -  will add port aofa-cr5:10/1/1                              
2019-02-06 13:47:24,734 INFO  n.e.o.t.s.TopoLibrary               -  will add port aofa-cr5:10/1/9                              
2019-02-06 13:47:24,734 INFO  n.e.o.t.s.TopoLibrary               -  will add port aofa-cr5:10/1/8                              
2019-02-06 13:47:24,734 INFO  n.e.o.t.s.TopoLibrary               -  will add port eqx-chi-cr5:10/1/2                           
2019-02-06 13:47:24,734 INFO  n.e.o.t.s.TopoLibrary               -  will add port lsvn-cr1:ge-1/0/1                            
2019-02-06 13:47:24,734 INFO  n.e.o.t.s.TopoLibrary               -  will add port eqx-chi-cr5:10/1/3                           
2019-02-06 13:47:24,734 INFO  n.e.o.t.s.TopoLibrary               -  will add port lsvn-cr1:ge-1/0/0                            
2019-02-06 13:47:24,734 INFO  n.e.o.t.s.TopoLibrary               -  will add port eqx-chi-cr5:10/1/1                           
2019-02-06 13:47:24,734 INFO  n.e.o.t.s.TopoLibrary               -  will add port lbl-mr2:xe-8/1/0                             
2019-02-06 13:47:24,734 INFO  n.e.o.t.s.TopoLibrary               -  will add port cern-773-cr5:10/1/2                          
2019-02-06 13:47:24,734 INFO  n.e.o.t.s.TopoLibrary               -  will add port nersc-mr2:xe-2/2/0                           
2019-02-06 13:47:24,734 INFO  n.e.o.t.s.TopoLibrary               -  will add port cern-773-cr5:10/1/1                          
2019-02-06 13:47:24,735 INFO  n.e.o.t.s.TopoLibrary               -  will add port cern-773-cr5:10/1/3                          
2019-02-06 13:47:24,735 INFO  n.e.o.t.s.TopoLibrary               -  will add port chic-cr5:6/1/1                               
2019-02-06 13:47:24,735 INFO  n.e.o.t.s.TopoLibrary               -  will add port star-cr5:3/1/1                               
2019-02-06 13:47:24,735 INFO  n.e.o.t.s.TopoLibrary               -  will add port lsvn-cr1:xe-2/1/0                            
2019-02-06 13:47:24,735 INFO  n.e.o.t.s.TopoLibrary               -  will add port sunn-cr5:7/1/1                               
2019-02-06 13:47:24,735 INFO  n.e.o.t.s.TopoLibrary               -  will add port bost-cr5:10/1/2                              
2019-02-06 13:47:24,735 INFO  n.e.o.t.s.TopoLibrary               -  will add port eqx-chi-cr5:BLANK                            
2019-02-06 13:47:24,735 INFO  n.e.o.t.s.TopoLibrary               -  will add port lbl-mr2:xe-8/3/0                             
2019-02-06 13:47:24,735 INFO  n.e.o.t.s.TopoLibrary               -  will add port bost-cr5:10/1/6                              
2019-02-06 13:47:24,735 INFO  n.e.o.t.s.TopoLibrary               -  will add port bost-cr5:10/1/5                              
2019-02-06 13:47:24,735 INFO  n.e.o.t.s.TopoLibrary               -  will add port slac-mr2:xe-0/2/0                            
2019-02-06 13:47:24,735 INFO  n.e.o.t.s.TopoLibrary               -  will add port albq-cr5:10/1/2                              
2019-02-06 13:47:24,736 INFO  n.e.o.t.s.TopoLibrary               -  will add port aofa-cr5:5/1/1                               
2019-02-06 13:47:24,736 INFO  n.e.o.t.s.TopoLibrary               -  will add port nash-cr5:10/1/4                              
2019-02-06 13:47:24,736 INFO  n.e.o.t.s.TopoLibrary               -  will add port albq-cr5:10/1/5                              
2019-02-06 13:47:24,736 INFO  n.e.o.t.s.TopoLibrary               -  will add port ga-rt2:ge-1/0/3                              
2019-02-06 13:47:24,736 INFO  n.e.o.t.s.TopoLibrary               -  will add port nash-cr5:10/1/3                              
2019-02-06 13:47:24,736 INFO  n.e.o.t.s.TopoLibrary               -  will add port albq-cr5:10/1/3                              
2019-02-06 13:47:24,736 INFO  n.e.o.t.s.TopoLibrary               -  will add port ga-rt2:ge-1/0/5                              
2019-02-06 13:47:24,736 INFO  n.e.o.t.s.TopoLibrary               -  will add port albq-cr5:10/1/4                              
2019-02-06 13:47:24,736 INFO  n.e.o.t.s.TopoLibrary               -  will add port amst-cr5:10/1/1                              
2019-02-06 13:47:24,737 INFO  n.e.o.t.s.TopoLibrary               -  will add port cern-513-cr5:1/2/1                           
2019-02-06 13:47:24,737 INFO  n.e.o.t.s.TopoLibrary               -  will add port amst-cr5:10/1/2                              
2019-02-06 13:47:24,737 INFO  n.e.o.t.s.TopoLibrary               -  will add port pnwg-cr5:BLANK                               
2019-02-06 13:47:24,737 INFO  n.e.o.t.s.TopoLibrary               -  will add port ornl-rt4:xe-2/3/0                            
2019-02-06 13:47:24,737 INFO  n.e.o.t.s.TopoLibrary               -  will add port newy-cr5:2/1/1                               
2019-02-06 13:47:24,737 INFO  n.e.o.t.s.TopoLibrary               -  will add port wash-cr5:10/1/3                              
2019-02-06 13:47:24,737 INFO  n.e.o.t.s.TopoLibrary               -  will add port lsvn-cr1:ge-1/1/0                            
2019-02-06 13:47:24,737 INFO  n.e.o.t.s.TopoLibrary               -  will add port newy-cr5:10/1/9                              
2019-02-06 13:47:24,737 INFO  n.e.o.t.s.TopoLibrary               -  will add port wash-cr5:10/1/4                              
2019-02-06 13:47:24,737 INFO  n.e.o.t.s.TopoLibrary               -  will add port nash-cr5:10/1/6                              
2019-02-06 13:47:24,738 INFO  n.e.o.t.s.TopoLibrary               -  will add port wash-cr5:10/1/5                              
2019-02-06 13:47:24,738 INFO  n.e.o.t.s.TopoLibrary               -  will add port nash-cr5:10/1/5                              
2019-02-06 13:47:24,738 INFO  n.e.o.t.s.TopoLibrary               -  will add port sacr-cr5:3/1/1                               
2019-02-06 13:47:24,738 INFO  n.e.o.t.s.TopoLibrary               -  will add port wash-cr5:10/1/9                              
2019-02-06 13:47:24,738 INFO  n.e.o.t.s.TopoLibrary               -  will add port lsvn-cr1:ge-1/1/1                            
2019-02-06 13:47:24,738 INFO  n.e.o.t.s.TopoLibrary               -  will add port atla-cr5:1/1/1                               
2019-02-06 13:47:24,738 INFO  n.e.o.t.s.TopoLibrary               -  will add port lsvn-cr1:ge-1/1/5                            
2019-02-06 13:47:24,738 INFO  n.e.o.t.s.TopoLibrary               -  will add port newy-cr5:10/1/2                              
2019-02-06 13:47:24,738 INFO  n.e.o.t.s.TopoLibrary               -  will add port newy-cr5:10/1/3                              
2019-02-06 13:47:24,738 INFO  n.e.o.t.s.TopoLibrary               -  will add port lsvn-cr1:xe-2/2/0                            
2019-02-06 13:47:24,738 INFO  n.e.o.t.s.TopoLibrary               -  will add port star-cr5:3/2/1                               
2019-02-06 13:47:24,738 INFO  n.e.o.t.s.TopoLibrary               -  will add port bois-cr1:xe-1/2/0                            
2019-02-06 13:47:24,738 INFO  n.e.o.t.s.TopoLibrary               -  will add port sunn-cr5:10/1/2                              
2019-02-06 13:47:24,738 INFO  n.e.o.t.s.TopoLibrary               -  will add port sunn-cr5:10/1/1                              
2019-02-06 13:47:24,738 INFO  n.e.o.t.s.TopoLibrary               -  will add port sunn-cr5:10/1/6                              
2019-02-06 13:47:24,738 INFO  n.e.o.t.s.TopoLibrary               -  will add port lond-cr5:5/1/1                               
2019-02-06 13:47:24,738 INFO  n.e.o.t.s.TopoLibrary               -  will add port sunn-cr5:10/1/5                              
2019-02-06 13:47:24,738 INFO  n.e.o.t.s.TopoLibrary               -  will add port sunn-cr5:10/1/4                              
2019-02-06 13:47:24,738 INFO  n.e.o.t.s.TopoLibrary               -  will add port sunn-cr5:10/1/3                              
2019-02-06 13:47:24,739 INFO  n.e.o.t.s.TopoLibrary               -  will add port anl-mr2:xe-2/3/0                             
2019-02-06 13:47:24,739 INFO  n.e.o.t.s.TopoLibrary               -  will add port netl-alb-rt1:xe-2/0/0                        
2019-02-06 13:47:24,739 INFO  n.e.o.t.s.TopoLibrary               -  will add port slac-mr2:xe-0/1/0                            
2019-02-06 13:47:24,739 INFO  n.e.o.t.s.TopoLibrary               -  will add port ga-rt2:ge-1/1/3                              
2019-02-06 13:47:24,739 INFO  n.e.o.t.s.TopoLibrary               -  will add port netl-alb-rt1:xe-2/0/3                        
2019-02-06 13:47:24,739 INFO  n.e.o.t.s.TopoLibrary               -  will add port netl-alb-rt1:xe-2/0/2                        
2019-02-06 13:47:24,739 INFO  n.e.o.t.s.TopoLibrary               -  will add port netl-alb-rt1:xe-2/0/1                        
2019-02-06 13:47:24,739 INFO  n.e.o.t.s.TopoLibrary               -  will add port bois-cr1:xe-7/1/0                            
2019-02-06 13:47:24,739 INFO  n.e.o.t.s.TopoLibrary               -  will add port srs-rt3:ge-0/1/0                             
2019-02-06 13:47:24,739 INFO  n.e.o.t.s.TopoLibrary               -  will add port albq-cr5:3/1/1                               
2019-02-06 13:47:24,739 INFO  n.e.o.t.s.TopoLibrary               -  will add port aofa-cr5:6/2/1                               
2019-02-06 13:47:24,739 INFO  n.e.o.t.s.TopoLibrary               -  will add port wash-cr5:10/1/10                             
2019-02-06 13:47:24,739 INFO  n.e.o.t.s.TopoLibrary               -  will add port chic-cr5:7/1/1                               
2019-02-06 13:47:24,739 INFO  n.e.o.t.s.TopoLibrary               -  will add port lbl-mr2:xe-0/1/0                             
2019-02-06 13:47:24,739 INFO  n.e.o.t.s.TopoLibrary               -  will add port sunn-cr5:8/1/1                               
2019-02-06 13:47:24,739 INFO  n.e.o.t.s.TopoLibrary               -  will add port denv-cr5:4/1/1                               
2019-02-06 13:47:24,739 INFO  n.e.o.t.s.TopoLibrary               -  will add port fnal-mr2:xe-1/3/0                            
2019-02-06 13:47:24,740 INFO  n.e.o.t.s.TopoLibrary               -  will add port sunn-cr5:10/2/1                              
2019-02-06 13:47:24,740 INFO  n.e.o.t.s.TopoLibrary               -  will add port sunn-cr5:10/2/5                              
2019-02-06 13:47:24,740 INFO  n.e.o.t.s.TopoLibrary               -  will add port sunn-cr5:10/2/4                              
2019-02-06 13:47:24,740 INFO  n.e.o.t.s.TopoLibrary               -  will add port sunn-cr5:10/2/3                              
2019-02-06 13:47:24,740 INFO  n.e.o.t.s.TopoLibrary               -  will add port sunn-cr5:10/2/2                              
2019-02-06 13:47:24,740 INFO  n.e.o.t.s.TopoLibrary               -  will add port llnl-mr2:xe-3/2/0                            
2019-02-06 13:47:24,740 INFO  n.e.o.t.s.TopoLibrary               -  will add port sunn-cr5:10/2/6                              
2019-02-06 13:47:24,740 INFO  n.e.o.t.s.TopoLibrary               -  will add port hous-cr5:1/1/1                               
2019-02-06 13:47:24,740 INFO  n.e.o.t.s.TopoLibrary               -  will add port slac-mr2:xe-0/0/0                            
2019-02-06 13:47:24,740 INFO  n.e.o.t.s.TopoLibrary               -  will add port srs-rt3:ge-0/0/0                             
2019-02-06 13:47:24,740 INFO  n.e.o.t.s.TopoLibrary               -  will add port lbl-mr2:xe-0/2/0                             
2019-02-06 13:47:24,740 INFO  n.e.o.t.s.TopoLibrary               -  will add port llnl-mr2:ge-3/0/1                            
2019-02-06 13:47:24,740 INFO  n.e.o.t.s.TopoLibrary               -  will add port llnl-mr2:ge-3/0/0                            
2019-02-06 13:47:24,740 INFO  n.e.o.t.s.TopoLibrary               -  will add port nersc-mr2:xe-1/3/0                           
2019-02-06 13:47:24,740 INFO  n.e.o.t.s.TopoLibrary               -  will add port denv-cr5:4/2/1                               
2019-02-06 13:47:24,740 INFO  n.e.o.t.s.TopoLibrary               -  will add port ameslab-rt3:xe-1/3/0                         
2019-02-06 13:47:24,741 INFO  n.e.o.t.s.TopoLibrary               -  will add port wash-cr5:1/1/1                               
2019-02-06 13:47:24,741 INFO  n.e.o.t.s.TopoLibrary               -  will add port newy-cr5:3/1/1                               
2019-02-06 13:47:24,741 INFO  n.e.o.t.s.TopoLibrary               -  will add port chic-cr5:6/2/1                               
2019-02-06 13:47:24,741 INFO  n.e.o.t.s.TopoLibrary               -  will add port sunn-cr5:7/2/1                               
2019-02-06 13:47:24,741 INFO  n.e.o.t.s.TopoLibrary               -  will add port lbl-mr2:xe-7/0/0                             
2019-02-06 13:47:24,741 INFO  n.e.o.t.s.TopoLibrary               -  will add port nersc-mr2:xe-7/3/0                           
2019-02-06 13:47:24,741 INFO  n.e.o.t.s.TopoLibrary               -  will add port hous-cr5:10/1/3                              
2019-02-06 13:47:24,741 INFO  n.e.o.t.s.TopoLibrary               -  will add port hous-cr5:10/1/4                              
2019-02-06 13:47:24,741 INFO  n.e.o.t.s.TopoLibrary               -  will add port ornl-rt4:xe-1/2/0                            
2019-02-06 13:47:24,741 INFO  n.e.o.t.s.TopoLibrary               -  will add port kans-cr5:1/1/1                               
2019-02-06 13:47:24,741 INFO  n.e.o.t.s.TopoLibrary               -  will add port sacr-cr5:10/2/5                              
2019-02-06 13:47:24,741 INFO  n.e.o.t.s.TopoLibrary               -  will add port denv-cr5:10/1/6                              
2019-02-06 13:47:24,741 INFO  n.e.o.t.s.TopoLibrary               -  will add port sacr-cr5:4/1/1                               
2019-02-06 13:47:24,741 INFO  n.e.o.t.s.TopoLibrary               -  will add port sacr-cr5:10/2/6                              
2019-02-06 13:47:24,741 INFO  n.e.o.t.s.TopoLibrary               -  will add port denv-cr5:10/1/7                              
2019-02-06 13:47:24,741 INFO  n.e.o.t.s.TopoLibrary               -  will add port llnl-mr2:xe-2/1/0                            
2019-02-06 13:47:24,741 INFO  n.e.o.t.s.TopoLibrary               -  will add port star-cr5:5/1/1                               
2019-02-06 13:47:24,742 INFO  n.e.o.t.s.TopoLibrary               -  will add port sunn-cr5:5/2/1                               
2019-02-06 13:47:24,742 INFO  n.e.o.t.s.TopoLibrary               -  will add port sacr-cr5:10/2/1                              
2019-02-06 13:47:24,742 INFO  n.e.o.t.s.TopoLibrary               -  will add port sacr-cr5:10/2/2                              
2019-02-06 13:47:24,742 INFO  n.e.o.t.s.TopoLibrary               -  will add port sacr-cr5:10/2/3                              
2019-02-06 13:47:24,742 INFO  n.e.o.t.s.TopoLibrary               -  will add port sacr-cr5:10/2/4                              
2019-02-06 13:47:24,742 INFO  n.e.o.t.s.TopoLibrary               -  will add port ornl-rt4:ge-0/0/1                            
2019-02-06 13:47:24,742 INFO  n.e.o.t.s.TopoLibrary               -  will add port eqx-ash-cr5:1/2/1                            
2019-02-06 13:47:24,742 INFO  n.e.o.t.s.TopoLibrary               -  will add port nersc-mr2:xe-0/2/0                           
2019-02-06 13:47:24,742 INFO  n.e.o.t.s.TopoLibrary               -  will add port eqx-ash-cr5:10/1/6                           
2019-02-06 13:47:24,742 INFO  n.e.o.t.s.TopoLibrary               -  will add port albq-cr5:2/1/1                               
2019-02-06 13:47:24,742 INFO  n.e.o.t.s.TopoLibrary               -  will add port eqx-ash-cr5:10/1/5                           
2019-02-06 13:47:24,742 INFO  n.e.o.t.s.TopoLibrary               -  will add port eqx-ash-cr5:10/1/2                           
2019-02-06 13:47:24,742 INFO  n.e.o.t.s.TopoLibrary               -  will add port llnl-mr2:xe-1/3/0                            
2019-02-06 13:47:24,742 INFO  n.e.o.t.s.TopoLibrary               -  will add port atla-cr5:10/1/8                              
2019-02-06 13:47:24,742 INFO  n.e.o.t.s.TopoLibrary               -  will add port eqx-ash-cr5:10/1/1                           
2019-02-06 13:47:24,742 INFO  n.e.o.t.s.TopoLibrary               -  will add port wash-cr5:6/1/1                               
2019-02-06 13:47:24,742 INFO  n.e.o.t.s.TopoLibrary               -  will add port eqx-sj-cr5:1/2/1                             
2019-02-06 13:47:24,742 INFO  n.e.o.t.s.TopoLibrary               -  will add port bost-cr5:2/1/1                               
2019-02-06 13:47:24,742 INFO  n.e.o.t.s.TopoLibrary               -  will add port chic-cr5:1/1/1                               
2019-02-06 13:47:24,742 INFO  n.e.o.t.s.TopoLibrary               -  will add port atla-cr5:10/1/2                              
2019-02-06 13:47:24,742 INFO  n.e.o.t.s.TopoLibrary               -  will add port atla-cr5:3/1/1                               
2019-02-06 13:47:24,742 INFO  n.e.o.t.s.TopoLibrary               -  will add port atla-cr5:10/1/3                              
2019-02-06 13:47:24,743 INFO  n.e.o.t.s.TopoLibrary               -  will add port sacr-cr5:10/1/1                              
2019-02-06 13:47:24,743 INFO  n.e.o.t.s.TopoLibrary               -  will add port newy-cr5:4/1/1                               
2019-02-06 13:47:24,743 INFO  n.e.o.t.s.TopoLibrary               -  will add port sacr-cr5:10/1/6                              
2019-02-06 13:47:24,743 INFO  n.e.o.t.s.TopoLibrary               -  will add port llnl-mr2:xe-2/2/0                            
2019-02-06 13:47:24,743 INFO  n.e.o.t.s.TopoLibrary               -  will add port chic-cr5:8/1/1                               
2019-02-06 13:47:24,743 INFO  n.e.o.t.s.TopoLibrary               -  will add port sacr-cr5:10/1/2                              
2019-02-06 13:47:24,743 INFO  n.e.o.t.s.TopoLibrary               -  will add port sacr-cr5:10/1/4                              
2019-02-06 13:47:24,743 INFO  n.e.o.t.s.TopoLibrary               -  will add port cern-773-cr5:BLANK                           
2019-02-06 13:47:24,743 INFO  n.e.o.t.s.TopoLibrary               -  will add port forr-rt2:ge-0/0/5                            
2019-02-06 13:47:24,743 INFO  n.e.o.t.s.TopoLibrary               -  will add port forr-rt2:ge-0/0/4                            
2019-02-06 13:47:24,743 INFO  n.e.o.t.s.TopoLibrary               -  will add port eqx-ash-cr5:1/1/1                            
2019-02-06 13:47:24,743 INFO  n.e.o.t.s.TopoLibrary               -  will add port forr-rt2:ge-0/0/2                            
2019-02-06 13:47:24,743 INFO  n.e.o.t.s.TopoLibrary               -  will add port forr-rt2:ge-0/0/1                            
2019-02-06 13:47:24,743 INFO  n.e.o.t.s.TopoLibrary               -  will add port forr-rt2:ge-0/0/0                            
2019-02-06 13:47:24,743 INFO  n.e.o.t.s.TopoLibrary               -  will add port chic-cr5:7/2/1                               
2019-02-06 13:47:24,743 INFO  n.e.o.t.s.TopoLibrary               -  will add port nersc-mr2:xe-1/1/0                           
2019-02-06 13:47:24,743 INFO  n.e.o.t.s.TopoLibrary               -  will add port amst-cr5:5/1/1                               
2019-02-06 13:47:24,743 INFO  n.e.o.t.s.TopoLibrary               -  will add port bois-cr1:xe-0/0/0                            
2019-02-06 13:47:24,743 INFO  n.e.o.t.s.TopoLibrary               -  will add port sacr-cr5:1/1/1                               
2019-02-06 13:47:24,743 INFO  n.e.o.t.s.TopoLibrary               -  will add port ameslab-rt3:xe-1/1/0                         
2019-02-06 13:47:24,743 INFO  n.e.o.t.s.TopoLibrary               -  will add port pnwg-cr5:3/1/1                               
2019-02-06 13:47:24,743 INFO  n.e.o.t.s.TopoLibrary               -  will add port lbl-mr2:xe-7/2/0                             
2019-02-06 13:47:24,743 INFO  n.e.o.t.s.TopoLibrary               -  will add port aofa-cr5:4/2/1                               
2019-02-06 13:47:24,743 INFO  n.e.o.t.s.TopoLibrary               -  will add port cern-513-cr5:2/1/1                           
2019-02-06 13:47:24,743 INFO  n.e.o.t.s.TopoLibrary               -  will add port ameslab-rt3:xe-0/2/0                         
2019-02-06 13:47:24,744 INFO  n.e.o.t.s.TopoLibrary               -  will add port star-cr5:4/1/1                               
2019-02-06 13:47:24,744 INFO  n.e.o.t.s.TopoLibrary               -  will add port lsvn-cr1:xe-1/2/0                            
2019-02-06 13:47:24,744 INFO  n.e.o.t.s.TopoLibrary               -  will add port newy-cr5:4/2/1                               
2019-02-06 13:47:24,744 INFO  n.e.o.t.s.TopoLibrary               -  will add port albq-cr5:1/1/1                               
2019-02-06 13:47:24,744 INFO  n.e.o.t.s.TopoLibrary               -  will add port pnwg-cr5:1/1/1                               
2019-02-06 13:47:24,744 INFO  n.e.o.t.s.TopoLibrary               -  will add port kans-cr5:10/1/4                              
2019-02-06 13:47:24,744 INFO  n.e.o.t.s.TopoLibrary               -  will add port elpa-cr5:10/1/5                              
2019-02-06 13:47:24,744 INFO  n.e.o.t.s.TopoLibrary               -  will add port kans-cr5:10/1/3                              
2019-02-06 13:47:24,744 INFO  n.e.o.t.s.TopoLibrary               -  will add port pnwg-cr5:2/2/1                               
2019-02-06 13:47:24,744 INFO  n.e.o.t.s.TopoLibrary               -  will add port bois-cr1:xe-0/1/0                            
2019-02-06 13:47:24,744 INFO  n.e.o.t.s.TopoLibrary               -  will add port eqx-ash-cr5:BLANK                            
2019-02-06 13:47:24,744 INFO  n.e.o.t.s.TopoLibrary               -  will add port bost-cr5:1/1/1                               
2019-02-06 13:47:24,744 INFO  n.e.o.t.s.TopoLibrary               -  will add port elpa-cr5:10/1/4                              
2019-02-06 13:47:24,744 INFO  n.e.o.t.s.TopoLibrary               -  will add port eqx-sj-cr5:BLANK                             
2019-02-06 13:47:24,744 INFO  n.e.o.t.s.TopoLibrary               -  will add port elpa-cr5:10/1/3                              
2019-02-06 13:47:24,744 INFO  n.e.o.t.s.TopoLibrary               -  will add port ameslab-rt3:xe-1/0/0                         
2019-02-06 13:47:24,744 INFO  n.e.o.t.s.TopoLibrary               -  will add port aofa-cr5:4/1/1                               
2019-02-06 13:47:24,744 INFO  n.e.o.t.s.TopoLibrary               -  will add port anl-mr2:ae0                                  
2019-02-06 13:47:24,744 INFO  n.e.o.t.s.TopoLibrary               -  will add port aofa-cr5:3/1/1                               
2019-02-06 13:47:24,744 INFO  n.e.o.t.s.TopoLibrary               -  will add port star-cr5:4/2/1                               
2019-02-06 13:47:24,744 INFO  n.e.o.t.s.TopoLibrary               -  will add port osti-rt2:ae0                                 
2019-02-06 13:47:24,745 INFO  n.e.o.t.s.TopoLibrary               -  will add port ameslab-rt3:xe-0/1/0                         
2019-02-06 13:47:24,745 INFO  n.e.o.t.s.TopoLibrary               -  will add port llnl-mr2:xe-2/0/0                            
2019-02-06 13:47:24,745 INFO  n.e.o.t.s.TopoLibrary               -  will add port cern-513-cr5:BLANK                           
2019-02-06 13:47:24,745 INFO  n.e.o.t.s.TopoLibrary               -  will add port atla-cr5:2/1/1                               
2019-02-06 13:47:24,745 INFO  n.e.o.t.s.TopoLibrary               -  will add port sunn-cr5:5/1/1                               
2019-02-06 13:47:24,745 INFO  n.e.o.t.s.TopoLibrary               -  will add port sacr-cr5:2/1/1                               
2019-02-06 13:47:24,745 INFO  n.e.o.t.s.TopoLibrary               -  will add port denv-cr5:10/1/3                              
2019-02-06 13:47:24,745 INFO  n.e.o.t.s.TopoLibrary               -  will add port denv-cr5:10/1/4                              
2019-02-06 13:47:24,745 INFO  n.e.o.t.s.TopoLibrary               -  will add port denv-cr5:10/1/5                              
2019-02-06 13:47:24,745 INFO  n.e.o.t.s.TopoLibrary               -  will add port eqx-ash-cr5:10/2/5                           
2019-02-06 13:47:24,745 INFO  n.e.o.t.s.TopoLibrary               -  will add port eqx-ash-cr5:10/2/6                           
2019-02-06 13:47:24,745 INFO  n.e.o.t.s.TopoLibrary               -  will add port bois-cr1:xe-0/2/0                            
2019-02-06 13:47:24,745 INFO  n.e.o.t.s.TopoLibrary               -  will add port pnwg-cr5:2/1/1                               
2019-02-06 13:47:24,745 INFO  n.e.o.t.s.TopoLibrary               -  will add port eqx-ash-cr5:10/2/2                           
2019-02-06 13:47:24,745 INFO  n.e.o.t.s.TopoLibrary               -  will add port eqx-ash-cr5:2/1/1                            
2019-02-06 13:47:24,745 INFO  n.e.o.t.s.TopoLibrary               -  will add port ornl-cr5:10/1/1                              
2019-02-06 13:47:24,745 INFO  n.e.o.t.s.TopoLibrary               -  will add port llnldc-rt4:ge-1/0/0                          
2019-02-06 13:47:24,745 INFO  n.e.o.t.s.TopoLibrary               -  will add port ornl-cr5:10/1/2                              
2019-02-06 13:47:24,745 INFO  n.e.o.t.s.TopoLibrary               -  will add port bois-cr1:xe-1/0/0                            
2019-02-06 13:47:24,745 INFO  n.e.o.t.s.TopoLibrary               -  will add port ornl-cr5:10/1/3                              
2019-02-06 13:47:24,745 INFO  n.e.o.t.s.TopoLibrary               -  will add port lsvn-cr1:xe-2/0/0                            
2019-02-06 13:47:24,745 INFO  n.e.o.t.s.TopoLibrary               -  will add port aofa-cr5:9/1/5                               
2019-02-06 13:47:24,746 INFO  n.e.o.t.s.TopoLibrary               -  will add port pnwg-cr5:9/1/2                               
2019-02-06 13:47:24,746 INFO  n.e.o.t.s.TopoLibrary               -  will add port wash-cr5:4/2/1                               
2019-02-06 13:47:24,746 INFO  n.e.o.t.s.TopoLibrary               -  will add port ameslab-rt3:xe-0/0/0                         
2019-02-06 13:47:24,746 INFO  n.e.o.t.s.TopoLibrary               -  will add port snll-mr2:xe-2/2/0                            
2019-02-06 13:47:24,746 INFO  n.e.o.t.s.TopoLibrary               -  will add port aofa-cr5:9/1/1                               
2019-02-06 13:47:24,746 INFO  n.e.o.t.s.TopoLibrary               -  will add port anl-mr2:xe-0/1/0                             
2019-02-06 13:47:24,746 INFO  n.e.o.t.s.TopoLibrary               -  will add port chic-cr5:10/1/3                              
2019-02-06 13:47:24,746 INFO  n.e.o.t.s.TopoLibrary               -  will add port doe-gtn-rt2:ge-0/0/0                         
2019-02-06 13:47:24,746 INFO  n.e.o.t.s.TopoLibrary               -  will add port ornl-cr5:6/1/1                               
2019-02-06 13:47:24,746 INFO  n.e.o.t.s.TopoLibrary               -  will add port chic-cr5:10/1/1                              
2019-02-06 13:47:24,746 INFO  n.e.o.t.s.TopoLibrary               -  will add port doe-gtn-rt2:ge-0/0/3                         
2019-02-06 13:47:24,746 INFO  n.e.o.t.s.TopoLibrary               -  will add port chic-cr5:10/1/7                              
2019-02-06 13:47:24,746 INFO  n.e.o.t.s.TopoLibrary               -  will add port pantex-rt4:ge-0/1/0                          
2019-02-06 13:47:24,746 INFO  n.e.o.t.s.TopoLibrary               -  will add port chic-cr5:10/1/5                              
2019-02-06 13:47:24,746 INFO  n.e.o.t.s.TopoLibrary               -  will add port chic-cr5:10/1/4                              
2019-02-06 13:47:24,746 INFO  n.e.o.t.s.TopoLibrary               -  will add port llnl-mr2:xe-0/1/0                            
2019-02-06 13:47:24,746 INFO  n.e.o.t.s.TopoLibrary               -  will add port cern-773-cr5:1/1/1                           
2019-02-06 13:47:24,746 INFO  n.e.o.t.s.TopoLibrary               -  will add port cern-513-cr5:5/1/1                           
2019-02-06 13:47:24,746 INFO  n.e.o.t.s.TopoLibrary               -  will add port nash-cr5:1/2/1                               
2019-02-06 13:47:24,746 INFO  n.e.o.t.s.TopoLibrary               -  will add port lond-cr5:2/2/1                               
2019-02-06 13:47:24,746 INFO  n.e.o.t.s.TopoLibrary               -  will add port snla-rt3:ge-1/0/2                            
2019-02-06 13:47:24,746 INFO  n.e.o.t.s.TopoLibrary               -  will add port hous-cr5:3/1/1                               
2019-02-06 13:47:24,746 INFO  n.e.o.t.s.TopoLibrary               -  will add port pantex-rt4:ge-0/0/2                          
2019-02-06 13:47:24,746 INFO  n.e.o.t.s.TopoLibrary               -  will add port wash-cr5:4/1/1                               
2019-02-06 13:47:24,746 INFO  n.e.o.t.s.TopoLibrary               -  will add port fnal-mr2:xe-0/0/0                            
2019-02-06 13:47:24,746 INFO  n.e.o.t.s.TopoLibrary               -  will add port snll-mr2:xe-2/3/0                            
2019-02-06 13:47:24,746 INFO  n.e.o.t.s.TopoLibrary               -  will add port doe-gtn-rt2:ge-0/1/3                         
2019-02-06 13:47:24,746 INFO  n.e.o.t.s.TopoLibrary               -  will add port doe-gtn-rt2:ge-0/1/0                         
2019-02-06 13:47:24,746 INFO  n.e.o.t.s.TopoLibrary               -  will add port jgi-mr2:xe-1/3/0                             
2019-02-06 13:47:24,747 INFO  n.e.o.t.s.TopoLibrary               -  will add port elpa-cr5:1/1/1                               
2019-02-06 13:47:24,747 INFO  n.e.o.t.s.TopoLibrary               -  will add port aofa-cr5:2/1/1                               
2019-02-06 13:47:24,747 INFO  n.e.o.t.s.TopoLibrary               -  will add port pantex-rt4:ge-0/0/0                          
2019-02-06 13:47:24,747 INFO  n.e.o.t.s.TopoLibrary               -  will add port pantex-rt4:ge-0/0/1                          
2019-02-06 13:47:24,747 INFO  n.e.o.t.s.TopoLibrary               -  will add port sunn-cr5:4/1/1                               
2019-02-06 13:47:24,747 INFO  n.e.o.t.s.TopoLibrary               -  will add port denv-cr5:10/1/12                             
2019-02-06 13:47:24,747 INFO  n.e.o.t.s.TopoLibrary               -  will add port nash-cr5:1/1/1                               
2019-02-06 13:47:24,747 INFO  n.e.o.t.s.TopoLibrary               -  will add port denv-cr5:10/1/11                             
2019-02-06 13:47:24,747 INFO  n.e.o.t.s.TopoLibrary               -  will add port lond-cr5:2/1/1                               
2019-02-06 13:47:24,747 INFO  n.e.o.t.s.TopoLibrary               -  will add port denv-cr5:10/1/10                             
2019-02-06 13:47:24,747 INFO  n.e.o.t.s.TopoLibrary               -  will add port cern-513-cr5:4/1/1                           
2019-02-06 13:47:24,747 INFO  n.e.o.t.s.TopoLibrary               -  will add port chic-cr5:3/1/1                               
2019-02-06 13:47:24,747 INFO  n.e.o.t.s.TopoLibrary               -  will add port llnl-mr2:xe-1/0/0                            
2019-02-06 13:47:24,747 INFO  n.e.o.t.s.TopoLibrary               -  will add port eqx-sj-cr5:10/1/4                            
2019-02-06 13:47:24,747 INFO  n.e.o.t.s.TopoLibrary               -  will add port eqx-sj-cr5:10/1/2                            
2019-02-06 13:47:24,747 INFO  n.e.o.t.s.TopoLibrary               -  will add port eqx-sj-cr5:10/1/1                            
2019-02-06 13:47:24,747 INFO  n.e.o.t.s.TopoLibrary               -  will add port denv-cr5:1/1/1                               
2019-02-06 13:47:24,747 INFO  n.e.o.t.s.TopoLibrary               -  will add port kans-cr5:2/1/1                               
2019-02-06 13:47:24,747 INFO  n.e.o.t.s.TopoLibrary               -  will add port llnl-mr2:xe-0/2/0                            
2019-02-06 13:47:24,747 INFO  n.e.o.t.s.TopoLibrary               -  will add port ornl-cr5:7/1/1                               
2019-02-06 13:47:24,747 INFO  n.e.o.t.s.TopoLibrary               -  will add port ornl-rt4:xe-0/2/0                            
2019-02-06 13:47:24,747 INFO  n.e.o.t.s.TopoLibrary               -  will add port wash-cr5:5/2/1                               
2019-02-06 13:47:24,747 INFO  n.e.o.t.s.TopoLibrary               -  will add port amst-cr5:3/1/1                               
2019-02-06 13:47:24,747 INFO  n.e.o.t.s.TopoLibrary               -  will add port sacr-cr5:5/1/1                               
2019-02-06 13:47:24,748 INFO  n.e.o.t.s.TopoLibrary               -  will add port snll-mr2:xe-2/0/0                            
2019-02-06 13:47:24,748 INFO  n.e.o.t.s.TopoLibrary               -  will add port cern-773-cr5:2/1/1                           
2019-02-06 13:47:24,748 INFO  n.e.o.t.s.TopoLibrary               -  will add port lond-cr5:10/1/4                              
2019-02-06 13:47:24,748 INFO  n.e.o.t.s.TopoLibrary               -  will add port lond-cr5:1/2/1                               
2019-02-06 13:47:24,748 INFO  n.e.o.t.s.TopoLibrary               -  will add port lond-cr5:10/1/2                              
2019-02-06 13:47:24,748 INFO  n.e.o.t.s.TopoLibrary               -  will add port star-cr5:BLANK                               
2019-02-06 13:47:24,748 INFO  n.e.o.t.s.TopoLibrary               -  will add port lond-cr5:10/1/1                              
2019-02-06 13:47:24,748 INFO  n.e.o.t.s.TopoLibrary               -  will add port star-cr5:6/1/1                               
2019-02-06 13:47:24,748 INFO  n.e.o.t.s.TopoLibrary               -  will add port star-cr5:10/1/1                              
2019-02-06 13:47:24,748 INFO  n.e.o.t.s.TopoLibrary               -  will add port nash-cr5:2/1/1                               
2019-02-06 13:47:24,748 INFO  n.e.o.t.s.TopoLibrary               -  will add port snll-mr2:xe-1/2/0                            
2019-02-06 13:47:24,748 INFO  n.e.o.t.s.TopoLibrary               -  will add port star-cr5:10/1/7                              
2019-02-06 13:47:24,748 INFO  n.e.o.t.s.TopoLibrary               -  will add port star-cr5:10/1/8                              
2019-02-06 13:47:24,748 INFO  n.e.o.t.s.TopoLibrary               -  will add port ornl-rt4:xe-1/0/0                            
2019-02-06 13:47:24,748 INFO  n.e.o.t.s.TopoLibrary               -  will add port eqx-sj-cr5:10/2/4                            
2019-02-06 13:47:24,748 INFO  n.e.o.t.s.TopoLibrary               -  will add port eqx-sj-cr5:10/2/2                            
2019-02-06 13:47:24,748 INFO  n.e.o.t.s.TopoLibrary               -  will add port atla-cr5:4/1/1                               
2019-02-06 13:47:24,748 INFO  n.e.o.t.s.TopoLibrary               -  will add port sunn-cr5:2/2/1                               
2019-02-06 13:47:24,748 INFO  n.e.o.t.s.TopoLibrary               -  will add port pnwg-cr5:10/1/10                             
2019-02-06 13:47:24,748 INFO  n.e.o.t.s.TopoLibrary               -  will add port wash-cr5:5/1/1                               
2019-02-06 13:47:24,748 INFO  n.e.o.t.s.TopoLibrary               -  will add port anl-mr2:xe-0/0/0                             
2019-02-06 13:47:24,748 INFO  n.e.o.t.s.TopoLibrary               -  will add port lbl-mr2:ae0                                  
2019-02-06 13:47:24,748 INFO  n.e.o.t.s.TopoLibrary               -  will add port lond-cr5:1/1/1                               
2019-02-06 13:47:24,748 INFO  n.e.o.t.s.TopoLibrary               -  will add port star-cr5:6/2/1                               
2019-02-06 13:47:24,748 INFO  n.e.o.t.s.TopoLibrary               -  will add port bost-cr5:3/1/1                               
2019-02-06 13:47:24,748 INFO  n.e.o.t.s.TopoLibrary               -  will add port snll-mr2:xe-1/3/0                            
2019-02-06 13:47:24,748 INFO  n.e.o.t.s.TopoLibrary               -  will add port netl-pgh-rt1:xe-2/0/0                        
2019-02-06 13:47:24,748 INFO  n.e.o.t.s.TopoLibrary               -  will add port llnl-mr2:xe-0/0/0                            
2019-02-06 13:47:24,749 INFO  n.e.o.t.s.TopoLibrary               -  will add port netl-pgh-rt1:xe-2/0/2                        
2019-02-06 13:47:24,749 INFO  n.e.o.t.s.TopoLibrary               -  will add port netl-pgh-rt1:xe-2/0/1                        
2019-02-06 13:47:24,749 INFO  n.e.o.t.s.TopoLibrary               -  will add port netl-pgh-rt1:xe-2/0/3                        
2019-02-06 13:47:24,749 INFO  n.e.o.t.s.TopoLibrary               -  will add port aofa-cr5:1/1/1                               
2019-02-06 13:47:24,749 INFO  n.e.o.t.s.TopoLibrary               -  will add port snla-rt3:xe-1/2/0                            
2019-02-06 13:47:24,749 INFO  n.e.o.t.s.TopoLibrary               -  will add port kans-cr5:3/1/1                               
2019-02-06 13:47:24,749 INFO  n.e.o.t.s.TopoLibrary               -  will add port llnl-mr2:ae0                                 
2019-02-06 13:47:24,749 INFO  n.e.o.t.s.TopoLibrary               -  will add port denv-cr5:9/1/3                               
2019-02-06 13:47:24,749 INFO  n.e.o.t.s.TopoLibrary               -  will add port denv-cr5:9/1/1                               
2019-02-06 13:47:24,749 INFO  n.e.o.t.s.TopoLibrary               -  will add port osti-rt2:xe-1/2/0                            
2019-02-06 13:47:24,749 INFO  n.e.o.t.s.TopoLibrary               -  will add port chic-cr5:2/1/1                               
2019-02-06 13:47:24,749 INFO  n.e.o.t.s.TopoLibrary               -  will add port lbl-mr2:xe-2/3/0                             
2019-02-06 13:47:24,749 INFO  n.e.o.t.s.TopoLibrary               -  will add port amst-cr5:2/1/1                               
2019-02-06 13:47:24,749 INFO  n.e.o.t.s.TopoLibrary               -  will add port sunn-cr5:2/1/1                               
2019-02-06 13:47:24,749 INFO  n.e.o.t.s.TopoLibrary               -  will add port nash-cr5:3/1/1                               
2019-02-06 13:47:24,749 INFO  n.e.o.t.s.TopoLibrary               -  will add port pppl-rt5:xe-1/3/0                            
2019-02-06 13:47:24,749 INFO  n.e.o.t.s.TopoLibrary               -  will add port snll-mr2:xe-0/2/0                            
2019-02-06 13:47:24,749 INFO  n.e.o.t.s.TopoLibrary               -  will add port lbl-mr2:ge-9/0/4                             
2019-02-06 13:47:24,749 INFO  n.e.o.t.s.TopoLibrary               -  will add port anl-mr2:xe-1/3/0                             
2019-02-06 13:47:24,749 INFO  n.e.o.t.s.TopoLibrary               -  will add port denv-cr5:3/1/1                               
2019-02-06 13:47:24,749 INFO  n.e.o.t.s.TopoLibrary               -  will add port star-cr5:1/2/1                               
2019-02-06 13:47:24,749 INFO  n.e.o.t.s.TopoLibrary               -  will add port chic-cr5:4/1/1                               
2019-02-06 13:47:24,749 INFO  n.e.o.t.s.TopoLibrary               -  will add port srs-rt3:ge-1/0/0                             
2019-02-06 13:47:24,749 INFO  n.e.o.t.s.TopoLibrary               -  will add port sunn-cr5:9/1/2                               
2019-02-06 13:47:24,749 INFO  n.e.o.t.s.TopoLibrary               -  will add port sunn-cr5:9/1/1                               
2019-02-06 13:47:24,749 INFO  n.e.o.t.s.TopoLibrary               -  will add port fnal-mr2:xe-8/1/0                            
2019-02-06 13:47:24,749 INFO  n.e.o.t.s.TopoLibrary               -  will add port aofa-cr5:7/2/1                               
2019-02-06 13:47:24,749 INFO  n.e.o.t.s.TopoLibrary               -  will add port ga-rt2:xe-0/0/0                              
2019-02-06 13:47:24,750 INFO  n.e.o.t.s.TopoLibrary               -  will add port fnal-mr2:xe-1/1/0                            
2019-02-06 13:47:24,750 INFO  n.e.o.t.s.TopoLibrary               -  will add port elpa-cr5:3/1/1                               
2019-02-06 13:47:24,750 INFO  n.e.o.t.s.TopoLibrary               -  will add port netl-mgn-rt1:xe-2/0/0                        
2019-02-06 13:47:24,750 INFO  n.e.o.t.s.TopoLibrary               -  will add port netl-mgn-rt1:xe-2/0/1                        
2019-02-06 13:47:24,750 INFO  n.e.o.t.s.TopoLibrary               -  will add port pppl-rt5:xe-1/2/0                            
2019-02-06 13:47:24,750 INFO  n.e.o.t.s.TopoLibrary               -  will add port hous-cr5:2/1/1                               
2019-02-06 13:47:24,750 INFO  n.e.o.t.s.TopoLibrary               -  will add port netl-mgn-rt1:xe-2/0/2                        
2019-02-06 13:47:24,750 INFO  n.e.o.t.s.TopoLibrary               -  will add port netl-mgn-rt1:xe-2/0/3                        
2019-02-06 13:47:24,750 INFO  n.e.o.t.s.TopoLibrary               -  will add port lbl-mr2:ge-9/1/2                             
2019-02-06 13:47:24,750 INFO  n.e.o.t.s.TopoLibrary               -  will add port kans-cr5:4/1/1                               
2019-02-06 13:47:24,750 INFO  n.e.o.t.s.TopoLibrary               -  will add port bois-cr1:xe-7/0/0                            
2019-02-06 13:47:24,750 INFO  n.e.o.t.s.TopoLibrary               -  will add port star-cr5:10/1/10                             
2019-02-06 13:47:24,750 INFO  n.e.o.t.s.TopoLibrary               -  will add port lbl-mr2:ge-9/1/0                             
2019-02-06 13:47:24,750 INFO  n.e.o.t.s.TopoLibrary               -  will add port snll-mr2:xe-1/1/0                            
2019-02-06 13:47:24,750 INFO  n.e.o.t.s.TopoLibrary               -  will add port sunn-cr5:9/1/5                               
2019-02-06 13:47:24,750 INFO  n.e.o.t.s.TopoLibrary               -  will add port lbl-mr2:ge-9/1/8                             
2019-02-06 13:47:24,750 INFO  n.e.o.t.s.TopoLibrary               -  will add port sunn-cr5:9/1/3                               
2019-02-06 13:47:24,750 INFO  n.e.o.t.s.TopoLibrary               -  will add port star-cr5:1/1/1                               
2019-02-06 13:47:24,750 INFO  n.e.o.t.s.TopoLibrary               -  will add port jgi-mr2:xe-2/2/0                             
2019-02-06 13:47:24,750 INFO  n.e.o.t.s.TopoLibrary               -  will add port srs-rt3:ge-1/1/0                             
2019-02-06 13:47:24,750 INFO  n.e.o.t.s.TopoLibrary               -  will add port wash-cr5:2/1/1                               
2019-02-06 13:47:24,750 INFO  n.e.o.t.s.TopoLibrary               -  will add port star-cr5:8/1/4                               
2019-02-06 13:47:24,750 INFO  n.e.o.t.s.TopoLibrary               -  will add port star-cr5:8/1/6                               
2019-02-06 13:47:24,750 INFO  n.e.o.t.s.TopoLibrary               -  will add port sunn-cr5:8/2/1                               
2019-02-06 13:47:24,750 INFO  n.e.o.t.s.TopoLibrary               -  will add port star-cr5:8/1/2                               
2019-02-06 13:47:24,750 INFO  n.e.o.t.s.TopoLibrary               -  will add port chic-cr5:5/1/1                               
2019-02-06 13:47:24,750 INFO  n.e.o.t.s.TopoLibrary               -  will add port lbl-mr2:xe-2/1/0                             
2019-02-06 13:47:24,750 INFO  n.e.o.t.s.TopoLibrary               -  will add port pppl-rt5:ge-0/0/2                            
2019-02-06 13:47:24,750 INFO  n.e.o.t.s.TopoLibrary               -  will add port orau-rt4:ge-0/1/0                            
2019-02-06 13:47:24,751 INFO  n.e.o.t.s.TopoLibrary               -  will add port orau-rt4:ge-0/1/1                            
2019-02-06 13:47:24,751 INFO  n.e.o.t.s.TopoLibrary               -  will add port orau-rt4:ge-0/1/2                            
2019-02-06 13:47:24,751 INFO  n.e.o.t.s.TopoLibrary               -  will add port eqx-chi-cr5:1/1/1                            
2019-02-06 13:47:24,751 INFO  n.e.o.t.s.TopoLibrary               -  will add port orau-rt4:ge-0/1/3                            
2019-02-06 13:47:24,751 INFO  n.e.o.t.s.TopoLibrary               -  will add port orau-rt4:ge-0/1/4                            
2019-02-06 13:47:24,751 INFO  n.e.o.t.s.TopoLibrary               -  will add port slac-mr2:xe-1/3/0                            
2019-02-06 13:47:24,751 INFO  n.e.o.t.s.TopoLibrary               -  will add port jgi-mr2:xe-0/2/0                             
2019-02-06 13:47:24,751 INFO  n.e.o.t.s.TopoLibrary               -  will add port pppl-rt5:xe-1/1/0                            
2019-02-06 13:47:24,751 INFO  n.e.o.t.s.TopoLibrary               -  will add port lbl-mr2:xe-1/3/0                             
2019-02-06 13:47:24,751 INFO  n.e.o.t.s.TopoLibrary               -  will add port ornl-cr5:9/1/4                               
2019-02-06 13:47:24,751 INFO  n.e.o.t.s.TopoLibrary               -  will add port sunn-cr5:1/1/1                               
2019-02-06 13:47:24,751 INFO  n.e.o.t.s.TopoLibrary               -  will add port fnal-mr2:xe-8/3/0                            
2019-02-06 13:47:24,751 INFO  n.e.o.t.s.TopoLibrary               -  will add port ga-rt2:xe-0/2/0                              
2019-02-06 13:47:24,751 INFO  n.e.o.t.s.TopoLibrary               -  will add port elpa-cr5:2/1/1                               
2019-02-06 13:47:24,751 INFO  n.e.o.t.s.TopoLibrary               -  will add port chic-cr5:3/2/1                               
2019-02-06 13:47:24,751 INFO  n.e.o.t.s.TopoLibrary               -  will add port srs-rt3:ge-1/2/0                             
2019-02-06 13:47:24,751 INFO  n.e.o.t.s.TopoLibrary               -  will add port hous-cr5:4/1/1                               
2019-02-06 13:47:24,751 INFO  n.e.o.t.s.TopoLibrary               -  will add port amst-cr5:1/1/1                               
2019-02-06 13:47:24,751 INFO  n.e.o.t.s.TopoLibrary               -  will add port nash-cr5:4/1/1                               
2019-02-06 13:47:24,751 INFO  n.e.o.t.s.TopoLibrary               -  will add port pnwg-cr5:10/1/9                              
2019-02-06 13:47:24,751 INFO  n.e.o.t.s.TopoLibrary               -  will add port lbl-mr2:xe-2/2/0                             
2019-02-06 13:47:24,751 INFO  n.e.o.t.s.TopoLibrary               -  will add port pnwg-cr5:10/1/6                              
2019-02-06 13:47:24,751 INFO  n.e.o.t.s.TopoLibrary               -  will add port nash-cr5:4/2/1                               
2019-02-06 13:47:24,752 INFO  n.e.o.t.s.TopoLibrary               -  will add port pnwg-cr5:10/1/5                              
2019-02-06 13:47:24,752 INFO  n.e.o.t.s.TopoLibrary               -  will add port pnwg-cr5:10/1/4                              
2019-02-06 13:47:24,752 INFO  n.e.o.t.s.TopoLibrary               -  will add port slac-mr2:xe-1/2/0                            
2019-02-06 13:47:24,752 INFO  n.e.o.t.s.TopoLibrary               -  will add port pnwg-cr5:10/1/3                              
2019-02-06 13:47:24,752 INFO  n.e.o.t.s.TopoLibrary               -  will add port pnwg-cr5:10/1/2                              
2019-02-06 13:47:24,752 INFO  n.e.o.t.s.TopoLibrary               -  will add port fnal-mr2:xe-0/2/0                            
2019-02-06 13:47:24,752 INFO  n.e.o.t.s.TopoLibrary               -  will add port pppl-rt5:xe-1/0/0                            
2019-02-06 13:47:24,752 INFO  n.e.o.t.s.TopoLibrary               -  will add port eqx-chi-cr5:1/2/1                            
2019-02-06 13:47:24,752 INFO  n.e.o.t.s.TopoLibrary               -  will add port cern-513-cr5:10/1/2                          
2019-02-06 13:47:24,752 INFO  n.e.o.t.s.TopoLibrary               -  will add port cern-513-cr5:10/1/3                          
2019-02-06 13:47:24,752 INFO  n.e.o.t.s.TopoLibrary               -  will add port snll-mr2:xe-0/1/0                            
2019-02-06 13:47:24,752 INFO  n.e.o.t.s.TopoLibrary               -  will add port jgi-mr2:xe-1/1/0                             
2019-02-06 13:47:24,752 INFO  n.e.o.t.s.TopoLibrary               -  will add port wash-cr5:3/1/1                               
2019-02-06 13:47:24,752 INFO  n.e.o.t.s.TopoLibrary               -  will add port star-cr5:9/1/4                               
2019-02-06 13:47:24,752 INFO  n.e.o.t.s.TopoLibrary               -  will add port ga-rt2:xe-0/3/0                              
2019-02-06 13:47:24,752 INFO  n.e.o.t.s.TopoLibrary               -  will add port denv-cr5:2/1/1                               
2019-02-06 13:47:24,752 INFO  n.e.o.t.s.TopoLibrary               -  will add port srs-rt3:ge-1/3/0                             
2019-02-06 13:47:24,752 INFO  n.e.o.t.s.TopoLibrary               -  will add port amst-cr5:1/2/1                               
2019-02-06 13:47:24,752 INFO  n.e.o.t.s.TopoLibrary               -  will add port lond-cr5:3/1/1                               
2019-02-06 13:47:24,753 INFO  n.e.o.t.s.TopoLibrary               -  will add port eqx-chi-cr5:2/1/1                            
2019-02-06 13:47:24,753 INFO  n.e.o.t.s.TopoLibrary               -  will add port snla-rt3:xe-0/0/0                            
2019-02-06 13:47:24,753 INFO  n.e.o.t.s.TopoLibrary               -  will add port pppl-rt5:xe-0/2/0                            
2019-02-06 13:47:24,767 DEBUG n.e.o.t.s.UpdateSvc                 - New version id is: 28                                       
2019-02-06 13:47:24,769 INFO  n.e.o.t.s.UpdateSvc                 - Merging version delta                                       
2019-02-06 13:47:24,858 INFO  n.e.o.t.s.UpdateSvc                 - d: inserting: nersc-mr2                                     
2019-02-06 13:47:24,859 INFO  n.e.o.t.s.UpdateSvc                 - d: inserting: pppl-rt5                                      
2019-02-06 13:47:24,859 INFO  n.e.o.t.s.UpdateSvc                 - d: inserting: srs-rt3                                       
2019-02-06 13:47:24,860 INFO  n.e.o.t.s.UpdateSvc                 - d: inserting: orau-rt4                                      
2019-02-06 13:47:24,862 INFO  n.e.o.t.s.UpdateSvc                 - d: inserting: doe-gtn-rt2                                   
2019-02-06 13:47:24,863 INFO  n.e.o.t.s.UpdateSvc                 - d: inserting: cern-513-cr5                                  
2019-02-06 13:47:24,864 INFO  n.e.o.t.s.UpdateSvc                 - d: inserting: eqx-sj-cr5                                    
2019-02-06 13:47:24,864 INFO  n.e.o.t.s.UpdateSvc                 - d: inserting: wash-cr5                                      
2019-02-06 13:47:24,865 INFO  n.e.o.t.s.UpdateSvc                 - d: inserting: ga-rt2                                        
2019-02-06 13:47:24,865 INFO  n.e.o.t.s.UpdateSvc                 - d: inserting: kans-cr5                                      
2019-02-06 13:47:24,866 INFO  n.e.o.t.s.UpdateSvc                 - d: inserting: bois-cr1                                      
2019-02-06 13:47:24,866 INFO  n.e.o.t.s.UpdateSvc                 - d: inserting: snll-mr2                                      
2019-02-06 13:47:24,867 INFO  n.e.o.t.s.UpdateSvc                 - d: inserting: atla-cr5                                      
2019-02-06 13:47:24,867 INFO  n.e.o.t.s.UpdateSvc                 - d: inserting: ornl-rt4                                      
2019-02-06 13:47:24,869 INFO  n.e.o.t.s.UpdateSvc                 - d: inserting: netl-mgn-rt1                                  
2019-02-06 13:47:24,870 INFO  n.e.o.t.s.UpdateSvc                 - d: inserting: cern-773-cr5                                  
2019-02-06 13:47:24,871 INFO  n.e.o.t.s.UpdateSvc                 - d: inserting: nash-cr5                                      
2019-02-06 13:47:24,871 INFO  n.e.o.t.s.UpdateSvc                 - d: inserting: elpa-cr5                                      
2019-02-06 13:47:24,882 INFO  n.e.o.t.s.UpdateSvc                 - d: inserting: sacr-cr5                                      
2019-02-06 13:47:24,883 INFO  n.e.o.t.s.UpdateSvc                 - d: inserting: snla-rt3                                      
2019-02-06 13:47:24,883 INFO  n.e.o.t.s.UpdateSvc                 - d: inserting: lsvn-cr1                                      
2019-02-06 13:47:24,884 INFO  n.e.o.t.s.UpdateSvc                 - d: inserting: sunn-cr5                                      
2019-02-06 13:47:24,884 INFO  n.e.o.t.s.UpdateSvc                 - d: inserting: netl-pgh-rt1                                  
2019-02-06 13:47:24,885 INFO  n.e.o.t.s.UpdateSvc                 - d: inserting: llnl-mr2                                      
2019-02-06 13:47:24,886 INFO  n.e.o.t.s.UpdateSvc                 - d: inserting: anl-mr2                                       
2019-02-06 13:47:24,886 INFO  n.e.o.t.s.UpdateSvc                 - d: inserting: llnldc-rt4                                    
2019-02-06 13:47:24,887 INFO  n.e.o.t.s.UpdateSvc                 - d: inserting: chic-cr5                                      
2019-02-06 13:47:24,887 INFO  n.e.o.t.s.UpdateSvc                 - d: inserting: slac-mr2                                      
2019-02-06 13:47:24,888 INFO  n.e.o.t.s.UpdateSvc                 - d: inserting: lond-cr5                                      
2019-02-06 13:47:24,889 INFO  n.e.o.t.s.UpdateSvc                 - d: inserting: eqx-chi-cr5                                   
2019-02-06 13:47:24,892 INFO  n.e.o.t.s.UpdateSvc                 - d: inserting: newy-cr5                                      
2019-02-06 13:47:24,894 INFO  n.e.o.t.s.UpdateSvc                 - d: inserting: netl-alb-rt1                                  
2019-02-06 13:47:24,895 INFO  n.e.o.t.s.UpdateSvc                 - d: inserting: jgi-mr2                                       
2019-02-06 13:47:24,896 INFO  n.e.o.t.s.UpdateSvc                 - d: inserting: eqx-ash-cr5                                   
2019-02-06 13:47:24,896 INFO  n.e.o.t.s.UpdateSvc                 - d: inserting: forr-rt2                                      
2019-02-06 13:47:24,897 INFO  n.e.o.t.s.UpdateSvc                 - d: inserting: ornl-cr5                                      
2019-02-06 13:47:24,897 INFO  n.e.o.t.s.UpdateSvc                 - d: inserting: fnal-mr2                                      
2019-02-06 13:47:24,900 INFO  n.e.o.t.s.UpdateSvc                 - d: inserting: pantex-rt4                                    
2019-02-06 13:47:24,901 INFO  n.e.o.t.s.UpdateSvc                 - d: inserting: ameslab-rt3                                   
2019-02-06 13:47:24,902 INFO  n.e.o.t.s.UpdateSvc                 - d: inserting: hous-cr5                                      
2019-02-06 13:47:24,902 INFO  n.e.o.t.s.UpdateSvc                 - d: inserting: aofa-cr5                                      
2019-02-06 13:47:24,903 INFO  n.e.o.t.s.UpdateSvc                 - d: inserting: osti-rt2                                      
2019-02-06 13:47:24,904 INFO  n.e.o.t.s.UpdateSvc                 - d: inserting: pnwg-cr5                                      
2019-02-06 13:47:24,905 INFO  n.e.o.t.s.UpdateSvc                 - d: inserting: amst-cr5                                      
2019-02-06 13:47:24,906 INFO  n.e.o.t.s.UpdateSvc                 - d: inserting: albq-cr5                                      
2019-02-06 13:47:24,907 INFO  n.e.o.t.s.UpdateSvc                 - d: inserting: lbl-mr2                                       
2019-02-06 13:47:24,908 INFO  n.e.o.t.s.UpdateSvc                 - d: inserting: denv-cr5                                      
2019-02-06 13:47:24,910 INFO  n.e.o.t.s.UpdateSvc                 - d: inserting: star-cr5                                      
2019-02-06 13:47:24,911 INFO  n.e.o.t.s.UpdateSvc                 - d: inserting: bost-cr5                                      
2019-02-06 13:47:24,913 INFO  n.e.o.t.s.UpdateSvc                 - finished merging devices                                    
2019-02-06 13:47:24,913 INFO  n.e.o.t.s.UpdateSvc                 -    inserted       : 49                                      
2019-02-06 13:47:24,913 INFO  n.e.o.t.s.UpdateSvc                 -    ver updated    : 0                                       
2019-02-06 13:47:24,913 INFO  n.e.o.t.s.UpdateSvc                 -     + unchanged      : 0                                    
2019-02-06 13:47:24,914 INFO  n.e.o.t.s.UpdateSvc                 -     + data updated   : 0                                    
2019-02-06 13:47:24,915 INFO  n.e.o.t.s.UpdateSvc                 -    invalidated    :   0                                     
2019-02-06 13:47:25,553 INFO  n.e.o.t.s.UpdateSvc                 - inserting p: slac-mr2:xe-1/1/0 to slac-mr2                  
2019-02-06 13:47:25,554 DEBUG n.e.o.t.s.UpdateSvc                 - slac-mr2:xe-1/1/0 56                                        
2019-02-06 13:47:25,557 INFO  n.e.o.t.s.UpdateSvc                 - inserting p: chic-cr5:BLANK to chic-cr5                     
2019-02-06 13:47:25,561 DEBUG n.e.o.t.s.UpdateSvc                 - chic-cr5:BLANK 55                                           
2019-02-06 13:47:25,567 INFO  n.e.o.t.s.UpdateSvc                 - inserting p: bost-cr5:10/2/3 to bost-cr5                    
2019-02-06 13:47:25,568 DEBUG n.e.o.t.s.UpdateSvc                 - bost-cr5:10/2/3 77                                          
2019-02-06 13:47:25,570 INFO  n.e.o.t.s.UpdateSvc                 - inserting p: lbl-mr2:xe-1/1/0 to lbl-mr2                    
2019-02-06 13:47:25,571 DEBUG n.e.o.t.s.UpdateSvc                 - lbl-mr2:xe-1/1/0 74                                         
2019-02-06 13:47:25,572 INFO  n.e.o.t.s.UpdateSvc                 - inserting p: newy-cr5:9/1/4 to newy-cr5                     
2019-02-06 13:47:25,574 DEBUG n.e.o.t.s.UpdateSvc                 - newy-cr5:9/1/4 59                                           
2019-02-06 13:47:25,575 INFO  n.e.o.t.s.UpdateSvc                 - inserting p: cern-513-cr5:1/1/1 to cern-513-cr5             
2019-02-06 13:47:25,576 DEBUG n.e.o.t.s.UpdateSvc                 - cern-513-cr5:1/1/1 34                                       
2019-02-06 13:47:25,577 INFO  n.e.o.t.s.UpdateSvc                 - inserting p: newy-cr5:9/1/1 to newy-cr5                     
2019-02-06 13:47:25,589 DEBUG n.e.o.t.s.UpdateSvc                 - newy-cr5:9/1/4 59                                           
2019-02-06 13:47:25,589 DEBUG n.e.o.t.s.UpdateSvc                 - newy-cr5:9/1/1 59                                           
2019-02-06 13:47:25,591 INFO  n.e.o.t.s.UpdateSvc                 - inserting p: bois-cr1:xe-7/3/0 to bois-cr1                  
2019-02-06 13:47:25,593 DEBUG n.e.o.t.s.UpdateSvc                 - bois-cr1:xe-7/3/0 39                                        
2019-02-06 13:47:25,595 INFO  n.e.o.t.s.UpdateSvc                 - inserting p: aofa-cr5:10/1/2 to aofa-cr5                    
2019-02-06 13:47:25,596 DEBUG n.e.o.t.s.UpdateSvc                 - aofa-cr5:10/1/2 69                                          
2019-02-06 13:47:25,598 INFO  n.e.o.t.s.UpdateSvc                 - inserting p: amst-cr5:10/2/5 to amst-cr5                    
2019-02-06 13:47:25,601 DEBUG n.e.o.t.s.UpdateSvc                 - amst-cr5:10/2/5 72                                          
2019-02-06 13:47:25,603 INFO  n.e.o.t.s.UpdateSvc                 - inserting p: aofa-cr5:10/1/1 to aofa-cr5                    
2019-02-06 13:47:25,604 DEBUG n.e.o.t.s.UpdateSvc                 - aofa-cr5:10/1/1 69                                          
2019-02-06 13:47:25,604 DEBUG n.e.o.t.s.UpdateSvc                 - aofa-cr5:10/1/2 69                                          
2019-02-06 13:47:25,606 INFO  n.e.o.t.s.UpdateSvc                 - inserting p: aofa-cr5:10/1/9 to aofa-cr5                    
2019-02-06 13:47:25,608 DEBUG n.e.o.t.s.UpdateSvc                 - aofa-cr5:10/1/1 69                                          
2019-02-06 13:47:25,608 DEBUG n.e.o.t.s.UpdateSvc                 - aofa-cr5:10/1/9 69                                          
2019-02-06 13:47:25,608 DEBUG n.e.o.t.s.UpdateSvc                 - aofa-cr5:10/1/2 69                                          
2019-02-06 13:47:25,610 INFO  n.e.o.t.s.UpdateSvc                 - inserting p: aofa-cr5:10/1/8 to aofa-cr5                    
2019-02-06 13:47:25,612 DEBUG n.e.o.t.s.UpdateSvc                 - aofa-cr5:10/1/1 69                                          
2019-02-06 13:47:25,612 DEBUG n.e.o.t.s.UpdateSvc                 - aofa-cr5:10/1/9 69                                          
2019-02-06 13:47:25,612 DEBUG n.e.o.t.s.UpdateSvc                 - aofa-cr5:10/1/2 69                                          
2019-02-06 13:47:25,612 DEBUG n.e.o.t.s.UpdateSvc                 - aofa-cr5:10/1/8 69                                          
2019-02-06 13:47:25,614 INFO  n.e.o.t.s.UpdateSvc                 - inserting p: eqx-chi-cr5:10/1/2 to eqx-chi-cr5              
2019-02-06 13:47:25,615 DEBUG n.e.o.t.s.UpdateSvc                 - eqx-chi-cr5:10/1/2 58                                       
2019-02-06 13:47:25,617 INFO  n.e.o.t.s.UpdateSvc                 - inserting p: lsvn-cr1:ge-1/0/1 to lsvn-cr1                  
2019-02-06 13:47:25,618 DEBUG n.e.o.t.s.UpdateSvc                 - lsvn-cr1:ge-1/0/1 49                                        
2019-02-06 13:47:25,620 INFO  n.e.o.t.s.UpdateSvc                 - inserting p: eqx-chi-cr5:10/1/3 to eqx-chi-cr5              
2019-02-06 13:47:25,622 DEBUG n.e.o.t.s.UpdateSvc                 - eqx-chi-cr5:10/1/3 58                                       
2019-02-06 13:47:25,622 DEBUG n.e.o.t.s.UpdateSvc                 - eqx-chi-cr5:10/1/2 58                                       
2019-02-06 13:47:25,624 INFO  n.e.o.t.s.UpdateSvc                 - inserting p: lsvn-cr1:ge-1/0/0 to lsvn-cr1                  
2019-02-06 13:47:25,626 DEBUG n.e.o.t.s.UpdateSvc                 - lsvn-cr1:ge-1/0/0 49                                        
2019-02-06 13:47:25,626 DEBUG n.e.o.t.s.UpdateSvc                 - lsvn-cr1:ge-1/0/1 49                                        
2019-02-06 13:47:25,629 INFO  n.e.o.t.s.UpdateSvc                 - inserting p: eqx-chi-cr5:10/1/1 to eqx-chi-cr5              
2019-02-06 13:47:25,631 DEBUG n.e.o.t.s.UpdateSvc                 - eqx-chi-cr5:10/1/3 58                                       
2019-02-06 13:47:25,632 DEBUG n.e.o.t.s.UpdateSvc                 - eqx-chi-cr5:10/1/1 58                                       
2019-02-06 13:47:25,632 DEBUG n.e.o.t.s.UpdateSvc                 - eqx-chi-cr5:10/1/2 58                                       
2019-02-06 13:47:25,633 INFO  n.e.o.t.s.UpdateSvc                 - inserting p: lbl-mr2:xe-8/1/0 to lbl-mr2                    
2019-02-06 13:47:25,634 DEBUG n.e.o.t.s.UpdateSvc                 - lbl-mr2:xe-1/1/0 74                                         
2019-02-06 13:47:25,635 DEBUG n.e.o.t.s.UpdateSvc                 - lbl-mr2:xe-8/1/0 74                                         
2019-02-06 13:47:25,636 INFO  n.e.o.t.s.UpdateSvc                 - inserting p: cern-773-cr5:10/1/2 to cern-773-cr5            
2019-02-06 13:47:25,637 DEBUG n.e.o.t.s.UpdateSvc                 - cern-773-cr5:10/1/2 44                                      
2019-02-06 13:47:25,639 INFO  n.e.o.t.s.UpdateSvc                 - inserting p: nersc-mr2:xe-2/2/0 to nersc-mr2                
2019-02-06 13:47:25,640 DEBUG n.e.o.t.s.UpdateSvc                 - nersc-mr2:xe-2/2/0 29                                       
2019-02-06 13:47:25,642 INFO  n.e.o.t.s.UpdateSvc                 - inserting p: cern-773-cr5:10/1/1 to cern-773-cr5            
2019-02-06 13:47:25,644 DEBUG n.e.o.t.s.UpdateSvc                 - cern-773-cr5:10/1/2 44                                      
2019-02-06 13:47:25,644 DEBUG n.e.o.t.s.UpdateSvc                 - cern-773-cr5:10/1/1 44                                      
2019-02-06 13:47:25,646 INFO  n.e.o.t.s.UpdateSvc                 - inserting p: cern-773-cr5:10/1/3 to cern-773-cr5            
2019-02-06 13:47:25,648 DEBUG n.e.o.t.s.UpdateSvc                 - cern-773-cr5:10/1/2 44                                      
2019-02-06 13:47:25,648 DEBUG n.e.o.t.s.UpdateSvc                 - cern-773-cr5:10/1/1 44                                      
2019-02-06 13:47:25,648 DEBUG n.e.o.t.s.UpdateSvc                 - cern-773-cr5:10/1/3 44                                      
2019-02-06 13:47:25,651 INFO  n.e.o.t.s.UpdateSvc                 - inserting p: chic-cr5:6/1/1 to chic-cr5                     
2019-02-06 13:47:25,651 DEBUG n.e.o.t.s.UpdateSvc                 - chic-cr5:BLANK 55                                           
2019-02-06 13:47:25,652 DEBUG n.e.o.t.s.UpdateSvc                 - chic-cr5:6/1/1 55                                           
2019-02-06 13:47:25,654 INFO  n.e.o.t.s.UpdateSvc                 - inserting p: star-cr5:3/1/1 to star-cr5                     
2019-02-06 13:47:25,655 DEBUG n.e.o.t.s.UpdateSvc                 - star-cr5:3/1/1 76                                           
2019-02-06 13:47:25,657 INFO  n.e.o.t.s.UpdateSvc                 - inserting p: lsvn-cr1:xe-2/1/0 to lsvn-cr1                  
2019-02-06 13:47:25,658 DEBUG n.e.o.t.s.UpdateSvc                 - lsvn-cr1:xe-2/1/0 49                                        
2019-02-06 13:47:25,658 DEBUG n.e.o.t.s.UpdateSvc                 - lsvn-cr1:ge-1/0/0 49                                        
2019-02-06 13:47:25,658 DEBUG n.e.o.t.s.UpdateSvc                 - lsvn-cr1:ge-1/0/1 49                                        
2019-02-06 13:47:25,660 INFO  n.e.o.t.s.UpdateSvc                 - inserting p: sunn-cr5:7/1/1 to sunn-cr5                     
2019-02-06 13:47:25,660 DEBUG n.e.o.t.s.UpdateSvc                 - sunn-cr5:7/1/1 50                                           
2019-02-06 13:47:25,662 INFO  n.e.o.t.s.UpdateSvc                 - inserting p: bost-cr5:10/1/2 to bost-cr5                    
2019-02-06 13:47:25,662 DEBUG n.e.o.t.s.UpdateSvc                 - bost-cr5:10/2/3 77                                          
2019-02-06 13:47:25,663 DEBUG n.e.o.t.s.UpdateSvc                 - bost-cr5:10/1/2 77                                          
2019-02-06 13:47:25,664 INFO  n.e.o.t.s.UpdateSvc                 - inserting p: eqx-chi-cr5:BLANK to eqx-chi-cr5               
2019-02-06 13:47:25,665 DEBUG n.e.o.t.s.UpdateSvc                 - eqx-chi-cr5:BLANK 58                                        
2019-02-06 13:47:25,665 DEBUG n.e.o.t.s.UpdateSvc                 - eqx-chi-cr5:10/1/3 58                                       
2019-02-06 13:47:25,665 DEBUG n.e.o.t.s.UpdateSvc                 - eqx-chi-cr5:10/1/1 58                                       
2019-02-06 13:47:25,665 DEBUG n.e.o.t.s.UpdateSvc                 - eqx-chi-cr5:10/1/2 58                                       
2019-02-06 13:47:25,667 INFO  n.e.o.t.s.UpdateSvc                 - inserting p: lbl-mr2:xe-8/3/0 to lbl-mr2                    
2019-02-06 13:47:25,669 DEBUG n.e.o.t.s.UpdateSvc                 - lbl-mr2:xe-8/3/0 74                                         
2019-02-06 13:47:25,669 DEBUG n.e.o.t.s.UpdateSvc                 - lbl-mr2:xe-1/1/0 74                                         
2019-02-06 13:47:25,669 DEBUG n.e.o.t.s.UpdateSvc                 - lbl-mr2:xe-8/1/0 74                                         
2019-02-06 13:47:25,671 INFO  n.e.o.t.s.UpdateSvc                 - inserting p: bost-cr5:10/1/6 to bost-cr5                    
2019-02-06 13:47:25,672 DEBUG n.e.o.t.s.UpdateSvc                 - bost-cr5:10/1/6 77                                          
2019-02-06 13:47:25,672 DEBUG n.e.o.t.s.UpdateSvc                 - bost-cr5:10/2/3 77                                          
2019-02-06 13:47:25,672 DEBUG n.e.o.t.s.UpdateSvc                 - bost-cr5:10/1/2 77                                          
2019-02-06 13:47:25,673 INFO  n.e.o.t.s.UpdateSvc                 - inserting p: bost-cr5:10/1/5 to bost-cr5                    
2019-02-06 13:47:25,675 DEBUG n.e.o.t.s.UpdateSvc                 - bost-cr5:10/1/6 77                                          
2019-02-06 13:47:25,675 DEBUG n.e.o.t.s.UpdateSvc                 - bost-cr5:10/2/3 77                                          
2019-02-06 13:47:25,675 DEBUG n.e.o.t.s.UpdateSvc                 - bost-cr5:10/1/2 77                                          
2019-02-06 13:47:25,675 DEBUG n.e.o.t.s.UpdateSvc                 - bost-cr5:10/1/5 77                                          
2019-02-06 13:47:25,677 INFO  n.e.o.t.s.UpdateSvc                 - inserting p: slac-mr2:xe-0/2/0 to slac-mr2                  
2019-02-06 13:47:25,678 DEBUG n.e.o.t.s.UpdateSvc                 - slac-mr2:xe-0/2/0 56                                        
2019-02-06 13:47:25,678 DEBUG n.e.o.t.s.UpdateSvc                 - slac-mr2:xe-1/1/0 56                                        
2019-02-06 13:47:25,679 INFO  n.e.o.t.s.UpdateSvc                 - inserting p: albq-cr5:10/1/2 to albq-cr5                    
2019-02-06 13:47:25,680 DEBUG n.e.o.t.s.UpdateSvc                 - albq-cr5:10/1/2 73                                          
2019-02-06 13:47:25,682 INFO  n.e.o.t.s.UpdateSvc                 - inserting p: aofa-cr5:5/1/1 to aofa-cr5                     
2019-02-06 13:47:25,693 DEBUG n.e.o.t.s.UpdateSvc                 - aofa-cr5:10/1/1 69                                          
2019-02-06 13:47:25,693 DEBUG n.e.o.t.s.UpdateSvc                 - aofa-cr5:10/1/9 69                                          
2019-02-06 13:47:25,693 DEBUG n.e.o.t.s.UpdateSvc                 - aofa-cr5:5/1/1 69                                           
2019-02-06 13:47:25,693 DEBUG n.e.o.t.s.UpdateSvc                 - aofa-cr5:10/1/2 69                                          
2019-02-06 13:47:25,693 DEBUG n.e.o.t.s.UpdateSvc                 - aofa-cr5:10/1/8 69                                          
2019-02-06 13:47:25,695 INFO  n.e.o.t.s.UpdateSvc                 - inserting p: nash-cr5:10/1/4 to nash-cr5                    
2019-02-06 13:47:25,696 DEBUG n.e.o.t.s.UpdateSvc                 - nash-cr5:10/1/4 45                                          
2019-02-06 13:47:25,698 INFO  n.e.o.t.s.UpdateSvc                 - inserting p: albq-cr5:10/1/5 to albq-cr5                    
2019-02-06 13:47:25,699 DEBUG n.e.o.t.s.UpdateSvc                 - albq-cr5:10/1/2 73                                          
2019-02-06 13:47:25,699 DEBUG n.e.o.t.s.UpdateSvc                 - albq-cr5:10/1/5 73                                          
2019-02-06 13:47:25,701 INFO  n.e.o.t.s.UpdateSvc                 - inserting p: ga-rt2:ge-1/0/3 to ga-rt2                      
2019-02-06 13:47:25,702 DEBUG n.e.o.t.s.UpdateSvc                 - ga-rt2:ge-1/0/3 37                                          
2019-02-06 13:47:25,703 INFO  n.e.o.t.s.UpdateSvc                 - inserting p: nash-cr5:10/1/3 to nash-cr5                    
2019-02-06 13:47:25,704 DEBUG n.e.o.t.s.UpdateSvc                 - nash-cr5:10/1/3 45                                          
2019-02-06 13:47:25,704 DEBUG n.e.o.t.s.UpdateSvc                 - nash-cr5:10/1/4 45                                          
2019-02-06 13:47:25,706 INFO  n.e.o.t.s.UpdateSvc                 - inserting p: albq-cr5:10/1/3 to albq-cr5                    
2019-02-06 13:47:25,708 DEBUG n.e.o.t.s.UpdateSvc                 - albq-cr5:10/1/2 73                                          
2019-02-06 13:47:25,708 DEBUG n.e.o.t.s.UpdateSvc                 - albq-cr5:10/1/5 73                                          
2019-02-06 13:47:25,708 DEBUG n.e.o.t.s.UpdateSvc                 - albq-cr5:10/1/3 73                                          
2019-02-06 13:47:25,710 INFO  n.e.o.t.s.UpdateSvc                 - inserting p: ga-rt2:ge-1/0/5 to ga-rt2                      
2019-02-06 13:47:25,712 DEBUG n.e.o.t.s.UpdateSvc                 - ga-rt2:ge-1/0/5 37                                          
2019-02-06 13:47:25,712 DEBUG n.e.o.t.s.UpdateSvc                 - ga-rt2:ge-1/0/3 37                                          
2019-02-06 13:47:25,714 INFO  n.e.o.t.s.UpdateSvc                 - inserting p: albq-cr5:10/1/4 to albq-cr5                    
2019-02-06 13:47:25,715 DEBUG n.e.o.t.s.UpdateSvc                 - albq-cr5:10/1/2 73                                          
2019-02-06 13:47:25,715 DEBUG n.e.o.t.s.UpdateSvc                 - albq-cr5:10/1/5 73                                          
2019-02-06 13:47:25,715 DEBUG n.e.o.t.s.UpdateSvc                 - albq-cr5:10/1/4 73                                          
2019-02-06 13:47:25,715 DEBUG n.e.o.t.s.UpdateSvc                 - albq-cr5:10/1/3 73                                          
2019-02-06 13:47:25,717 INFO  n.e.o.t.s.UpdateSvc                 - inserting p: amst-cr5:10/1/1 to amst-cr5                    
2019-02-06 13:47:25,718 DEBUG n.e.o.t.s.UpdateSvc                 - amst-cr5:10/1/1 72                                          
2019-02-06 13:47:25,718 DEBUG n.e.o.t.s.UpdateSvc                 - amst-cr5:10/2/5 72                                          
2019-02-06 13:47:25,720 INFO  n.e.o.t.s.UpdateSvc                 - inserting p: cern-513-cr5:1/2/1 to cern-513-cr5             
2019-02-06 13:47:25,721 DEBUG n.e.o.t.s.UpdateSvc                 - cern-513-cr5:1/2/1 34                                       
2019-02-06 13:47:25,721 DEBUG n.e.o.t.s.UpdateSvc                 - cern-513-cr5:1/1/1 34                                       
2019-02-06 13:47:25,723 INFO  n.e.o.t.s.UpdateSvc                 - inserting p: amst-cr5:10/1/2 to amst-cr5                    
2019-02-06 13:47:25,725 DEBUG n.e.o.t.s.UpdateSvc                 - amst-cr5:10/1/1 72                                          
2019-02-06 13:47:25,725 DEBUG n.e.o.t.s.UpdateSvc                 - amst-cr5:10/1/2 72                                          
2019-02-06 13:47:25,725 DEBUG n.e.o.t.s.UpdateSvc                 - amst-cr5:10/2/5 72                                          
2019-02-06 13:47:25,727 INFO  n.e.o.t.s.UpdateSvc                 - inserting p: pnwg-cr5:BLANK to pnwg-cr5                     
2019-02-06 13:47:25,729 DEBUG n.e.o.t.s.UpdateSvc                 - pnwg-cr5:BLANK 71                                           
2019-02-06 13:47:25,733 INFO  n.e.o.t.s.UpdateSvc                 - inserting p: ornl-rt4:xe-2/3/0 to ornl-rt4                  
2019-02-06 13:47:25,734 DEBUG n.e.o.t.s.UpdateSvc                 - ornl-rt4:xe-2/3/0 42                                        
2019-02-06 13:47:25,736 INFO  n.e.o.t.s.UpdateSvc                 - inserting p: newy-cr5:2/1/1 to newy-cr5                     
2019-02-06 13:47:25,737 DEBUG n.e.o.t.s.UpdateSvc                 - newy-cr5:9/1/4 59                                           
2019-02-06 13:47:25,738 DEBUG n.e.o.t.s.UpdateSvc                 - newy-cr5:2/1/1 59                                           
2019-02-06 13:47:25,738 DEBUG n.e.o.t.s.UpdateSvc                 - newy-cr5:9/1/1 59                                           
2019-02-06 13:47:25,740 INFO  n.e.o.t.s.UpdateSvc                 - inserting p: wash-cr5:10/1/3 to wash-cr5                    
2019-02-06 13:47:25,741 DEBUG n.e.o.t.s.UpdateSvc                 - wash-cr5:10/1/3 36                                          
2019-02-06 13:47:25,743 INFO  n.e.o.t.s.UpdateSvc                 - inserting p: lsvn-cr1:ge-1/1/0 to lsvn-cr1                  
2019-02-06 13:47:25,746 DEBUG n.e.o.t.s.UpdateSvc                 - lsvn-cr1:xe-2/1/0 49                                        
2019-02-06 13:47:25,746 DEBUG n.e.o.t.s.UpdateSvc                 - lsvn-cr1:ge-1/0/0 49                                        
2019-02-06 13:47:25,746 DEBUG n.e.o.t.s.UpdateSvc                 - lsvn-cr1:ge-1/1/0 49                                        
2019-02-06 13:47:25,746 DEBUG n.e.o.t.s.UpdateSvc                 - lsvn-cr1:ge-1/0/1 49                                        
2019-02-06 13:47:25,748 INFO  n.e.o.t.s.UpdateSvc                 - inserting p: newy-cr5:10/1/9 to newy-cr5                    
2019-02-06 13:47:25,749 DEBUG n.e.o.t.s.UpdateSvc                 - newy-cr5:9/1/4 59                                           
2019-02-06 13:47:25,749 DEBUG n.e.o.t.s.UpdateSvc                 - newy-cr5:2/1/1 59                                           
2019-02-06 13:47:25,749 DEBUG n.e.o.t.s.UpdateSvc                 - newy-cr5:10/1/9 59                                          
2019-02-06 13:47:25,749 DEBUG n.e.o.t.s.UpdateSvc                 - newy-cr5:9/1/1 59                                           
2019-02-06 13:47:25,751 INFO  n.e.o.t.s.UpdateSvc                 - inserting p: wash-cr5:10/1/4 to wash-cr5                    
2019-02-06 13:47:25,752 DEBUG n.e.o.t.s.UpdateSvc                 - wash-cr5:10/1/3 36                                          
2019-02-06 13:47:25,752 DEBUG n.e.o.t.s.UpdateSvc                 - wash-cr5:10/1/4 36                                          
2019-02-06 13:47:25,754 INFO  n.e.o.t.s.UpdateSvc                 - inserting p: nash-cr5:10/1/6 to nash-cr5                    
2019-02-06 13:47:25,756 DEBUG n.e.o.t.s.UpdateSvc                 - nash-cr5:10/1/3 45                                          
2019-02-06 13:47:25,756 DEBUG n.e.o.t.s.UpdateSvc                 - nash-cr5:10/1/6 45                                          
2019-02-06 13:47:25,756 DEBUG n.e.o.t.s.UpdateSvc                 - nash-cr5:10/1/4 45                                          
2019-02-06 13:47:25,758 INFO  n.e.o.t.s.UpdateSvc                 - inserting p: wash-cr5:10/1/5 to wash-cr5                    
2019-02-06 13:47:25,758 DEBUG n.e.o.t.s.UpdateSvc                 - wash-cr5:10/1/5 36                                          
2019-02-06 13:47:25,758 DEBUG n.e.o.t.s.UpdateSvc                 - wash-cr5:10/1/3 36                                          
2019-02-06 13:47:25,758 DEBUG n.e.o.t.s.UpdateSvc                 - wash-cr5:10/1/4 36                                          
2019-02-06 13:47:25,759 INFO  n.e.o.t.s.UpdateSvc                 - inserting p: nash-cr5:10/1/5 to nash-cr5                    
2019-02-06 13:47:25,760 DEBUG n.e.o.t.s.UpdateSvc                 - nash-cr5:10/1/3 45                                          
2019-02-06 13:47:25,760 DEBUG n.e.o.t.s.UpdateSvc                 - nash-cr5:10/1/6 45                                          
2019-02-06 13:47:25,760 DEBUG n.e.o.t.s.UpdateSvc                 - nash-cr5:10/1/5 45                                          
2019-02-06 13:47:25,760 DEBUG n.e.o.t.s.UpdateSvc                 - nash-cr5:10/1/4 45                                          
2019-02-06 13:47:25,762 INFO  n.e.o.t.s.UpdateSvc                 - inserting p: sacr-cr5:3/1/1 to sacr-cr5                     
2019-02-06 13:47:25,763 DEBUG n.e.o.t.s.UpdateSvc                 - sacr-cr5:3/1/1 47                                           
2019-02-06 13:47:25,764 INFO  n.e.o.t.s.UpdateSvc                 - inserting p: wash-cr5:10/1/9 to wash-cr5                    
2019-02-06 13:47:25,765 DEBUG n.e.o.t.s.UpdateSvc                 - wash-cr5:10/1/5 36                                          
2019-02-06 13:47:25,765 DEBUG n.e.o.t.s.UpdateSvc                 - wash-cr5:10/1/3 36                                          
2019-02-06 13:47:25,765 DEBUG n.e.o.t.s.UpdateSvc                 - wash-cr5:10/1/9 36                                          
2019-02-06 13:47:25,765 DEBUG n.e.o.t.s.UpdateSvc                 - wash-cr5:10/1/4 36                                          
2019-02-06 13:47:25,767 INFO  n.e.o.t.s.UpdateSvc                 - inserting p: lsvn-cr1:ge-1/1/1 to lsvn-cr1                  
2019-02-06 13:47:25,768 DEBUG n.e.o.t.s.UpdateSvc                 - lsvn-cr1:xe-2/1/0 49                                        
2019-02-06 13:47:25,768 DEBUG n.e.o.t.s.UpdateSvc                 - lsvn-cr1:ge-1/0/0 49                                        
2019-02-06 13:47:25,768 DEBUG n.e.o.t.s.UpdateSvc                 - lsvn-cr1:ge-1/1/0 49                                        
2019-02-06 13:47:25,768 DEBUG n.e.o.t.s.UpdateSvc                 - lsvn-cr1:ge-1/0/1 49                                        
2019-02-06 13:47:25,768 DEBUG n.e.o.t.s.UpdateSvc                 - lsvn-cr1:ge-1/1/1 49                                        
2019-02-06 13:47:25,770 INFO  n.e.o.t.s.UpdateSvc                 - inserting p: atla-cr5:1/1/1 to atla-cr5                     
2019-02-06 13:47:25,771 DEBUG n.e.o.t.s.UpdateSvc                 - atla-cr5:1/1/1 41                                           
2019-02-06 13:47:25,772 INFO  n.e.o.t.s.UpdateSvc                 - inserting p: lsvn-cr1:ge-1/1/5 to lsvn-cr1                  
2019-02-06 13:47:25,773 DEBUG n.e.o.t.s.UpdateSvc                 - lsvn-cr1:xe-2/1/0 49                                        
2019-02-06 13:47:25,773 DEBUG n.e.o.t.s.UpdateSvc                 - lsvn-cr1:ge-1/0/0 49                                        
2019-02-06 13:47:25,773 DEBUG n.e.o.t.s.UpdateSvc                 - lsvn-cr1:ge-1/1/0 49                                        
2019-02-06 13:47:25,773 DEBUG n.e.o.t.s.UpdateSvc                 - lsvn-cr1:ge-1/0/1 49                                        
2019-02-06 13:47:25,773 DEBUG n.e.o.t.s.UpdateSvc                 - lsvn-cr1:ge-1/1/5 49                                        
2019-02-06 13:47:25,773 DEBUG n.e.o.t.s.UpdateSvc                 - lsvn-cr1:ge-1/1/1 49                                        
2019-02-06 13:47:25,774 INFO  n.e.o.t.s.UpdateSvc                 - inserting p: newy-cr5:10/1/2 to newy-cr5                    
2019-02-06 13:47:25,776 DEBUG n.e.o.t.s.UpdateSvc                 - newy-cr5:10/1/2 59                                          
2019-02-06 13:47:25,776 DEBUG n.e.o.t.s.UpdateSvc                 - newy-cr5:9/1/4 59                                           
2019-02-06 13:47:25,776 DEBUG n.e.o.t.s.UpdateSvc                 - newy-cr5:2/1/1 59                                           
2019-02-06 13:47:25,776 DEBUG n.e.o.t.s.UpdateSvc                 - newy-cr5:10/1/9 59                                          
2019-02-06 13:47:25,776 DEBUG n.e.o.t.s.UpdateSvc                 - newy-cr5:9/1/1 59                                           
2019-02-06 13:47:25,778 INFO  n.e.o.t.s.UpdateSvc                 - inserting p: newy-cr5:10/1/3 to newy-cr5                    
2019-02-06 13:47:25,779 DEBUG n.e.o.t.s.UpdateSvc                 - newy-cr5:10/1/2 59                                          
2019-02-06 13:47:25,779 DEBUG n.e.o.t.s.UpdateSvc                 - newy-cr5:9/1/4 59                                           
2019-02-06 13:47:25,779 DEBUG n.e.o.t.s.UpdateSvc                 - newy-cr5:2/1/1 59                                           
2019-02-06 13:47:25,779 DEBUG n.e.o.t.s.UpdateSvc                 - newy-cr5:10/1/9 59                                          
2019-02-06 13:47:25,779 DEBUG n.e.o.t.s.UpdateSvc                 - newy-cr5:10/1/3 59                                          
2019-02-06 13:47:25,779 DEBUG n.e.o.t.s.UpdateSvc                 - newy-cr5:9/1/1 59                                           
2019-02-06 13:47:25,780 INFO  n.e.o.t.s.UpdateSvc                 - inserting p: lsvn-cr1:xe-2/2/0 to lsvn-cr1                  
2019-02-06 13:47:25,781 DEBUG n.e.o.t.s.UpdateSvc                 - lsvn-cr1:xe-2/2/0 49                                        
2019-02-06 13:47:25,781 DEBUG n.e.o.t.s.UpdateSvc                 - lsvn-cr1:xe-2/1/0 49                                        
2019-02-06 13:47:25,781 DEBUG n.e.o.t.s.UpdateSvc                 - lsvn-cr1:ge-1/0/0 49                                        
2019-02-06 13:47:25,781 DEBUG n.e.o.t.s.UpdateSvc                 - lsvn-cr1:ge-1/1/0 49                                        
2019-02-06 13:47:25,781 DEBUG n.e.o.t.s.UpdateSvc                 - lsvn-cr1:ge-1/0/1 49                                        
2019-02-06 13:47:25,781 DEBUG n.e.o.t.s.UpdateSvc                 - lsvn-cr1:ge-1/1/5 49                                        
2019-02-06 13:47:25,781 DEBUG n.e.o.t.s.UpdateSvc                 - lsvn-cr1:ge-1/1/1 49                                        
2019-02-06 13:47:25,783 INFO  n.e.o.t.s.UpdateSvc                 - inserting p: star-cr5:3/2/1 to star-cr5                     
2019-02-06 13:47:25,794 DEBUG n.e.o.t.s.UpdateSvc                 - star-cr5:3/1/1 76                                           
2019-02-06 13:47:25,795 DEBUG n.e.o.t.s.UpdateSvc                 - star-cr5:3/2/1 76                                           
2019-02-06 13:47:25,797 INFO  n.e.o.t.s.UpdateSvc                 - inserting p: bois-cr1:xe-1/2/0 to bois-cr1                  
2019-02-06 13:47:25,799 DEBUG n.e.o.t.s.UpdateSvc                 - bois-cr1:xe-1/2/0 39                                        
2019-02-06 13:47:25,799 DEBUG n.e.o.t.s.UpdateSvc                 - bois-cr1:xe-7/3/0 39                                        
2019-02-06 13:47:25,801 INFO  n.e.o.t.s.UpdateSvc                 - inserting p: sunn-cr5:10/1/2 to sunn-cr5                    
2019-02-06 13:47:25,802 DEBUG n.e.o.t.s.UpdateSvc                 - sunn-cr5:10/1/2 50                                          
2019-02-06 13:47:25,802 DEBUG n.e.o.t.s.UpdateSvc                 - sunn-cr5:7/1/1 50                                           
2019-02-06 13:47:25,804 INFO  n.e.o.t.s.UpdateSvc                 - inserting p: sunn-cr5:10/1/1 to sunn-cr5                    
2019-02-06 13:47:25,805 DEBUG n.e.o.t.s.UpdateSvc                 - sunn-cr5:10/1/2 50                                          
2019-02-06 13:47:25,805 DEBUG n.e.o.t.s.UpdateSvc                 - sunn-cr5:7/1/1 50                                           
2019-02-06 13:47:25,805 DEBUG n.e.o.t.s.UpdateSvc                 - sunn-cr5:10/1/1 50                                          
2019-02-06 13:47:25,807 INFO  n.e.o.t.s.UpdateSvc                 - inserting p: sunn-cr5:10/1/6 to sunn-cr5                    
2019-02-06 13:47:25,808 DEBUG n.e.o.t.s.UpdateSvc                 - sunn-cr5:10/1/2 50                                          
2019-02-06 13:47:25,808 DEBUG n.e.o.t.s.UpdateSvc                 - sunn-cr5:7/1/1 50                                           
2019-02-06 13:47:25,808 DEBUG n.e.o.t.s.UpdateSvc                 - sunn-cr5:10/1/6 50                                          
2019-02-06 13:47:25,808 DEBUG n.e.o.t.s.UpdateSvc                 - sunn-cr5:10/1/1 50                                          
2019-02-06 13:47:25,814 INFO  n.e.o.t.s.UpdateSvc                 - inserting p: lond-cr5:5/1/1 to lond-cr5                     
2019-02-06 13:47:25,818 DEBUG n.e.o.t.s.UpdateSvc                 - lond-cr5:5/1/1 57                                           
2019-02-06 13:47:25,821 INFO  n.e.o.t.s.UpdateSvc                 - inserting p: sunn-cr5:10/1/5 to sunn-cr5                    
2019-02-06 13:47:25,822 DEBUG n.e.o.t.s.UpdateSvc                 - sunn-cr5:10/1/2 50                                          
2019-02-06 13:47:25,822 DEBUG n.e.o.t.s.UpdateSvc                 - sunn-cr5:7/1/1 50                                           
2019-02-06 13:47:25,822 DEBUG n.e.o.t.s.UpdateSvc                 - sunn-cr5:10/1/6 50                                          
2019-02-06 13:47:25,822 DEBUG n.e.o.t.s.UpdateSvc                 - sunn-cr5:10/1/1 50                                          
2019-02-06 13:47:25,822 DEBUG n.e.o.t.s.UpdateSvc                 - sunn-cr5:10/1/5 50                                          
2019-02-06 13:47:25,824 INFO  n.e.o.t.s.UpdateSvc                 - inserting p: sunn-cr5:10/1/4 to sunn-cr5                    
2019-02-06 13:47:25,825 DEBUG n.e.o.t.s.UpdateSvc                 - sunn-cr5:10/1/2 50                                          
2019-02-06 13:47:25,825 DEBUG n.e.o.t.s.UpdateSvc                 - sunn-cr5:7/1/1 50                                           
2019-02-06 13:47:25,825 DEBUG n.e.o.t.s.UpdateSvc                 - sunn-cr5:10/1/4 50                                          
2019-02-06 13:47:25,825 DEBUG n.e.o.t.s.UpdateSvc                 - sunn-cr5:10/1/6 50                                          
2019-02-06 13:47:25,825 DEBUG n.e.o.t.s.UpdateSvc                 - sunn-cr5:10/1/1 50                                          
2019-02-06 13:47:25,825 DEBUG n.e.o.t.s.UpdateSvc                 - sunn-cr5:10/1/5 50                                          
2019-02-06 13:47:25,827 INFO  n.e.o.t.s.UpdateSvc                 - inserting p: sunn-cr5:10/1/3 to sunn-cr5                    
2019-02-06 13:47:25,828 DEBUG n.e.o.t.s.UpdateSvc                 - sunn-cr5:10/1/2 50                                          
2019-02-06 13:47:25,828 DEBUG n.e.o.t.s.UpdateSvc                 - sunn-cr5:7/1/1 50                                           
2019-02-06 13:47:25,828 DEBUG n.e.o.t.s.UpdateSvc                 - sunn-cr5:10/1/4 50                                          
2019-02-06 13:47:25,828 DEBUG n.e.o.t.s.UpdateSvc                 - sunn-cr5:10/1/3 50                                          
2019-02-06 13:47:25,828 DEBUG n.e.o.t.s.UpdateSvc                 - sunn-cr5:10/1/6 50                                          
2019-02-06 13:47:25,828 DEBUG n.e.o.t.s.UpdateSvc                 - sunn-cr5:10/1/1 50                                          
2019-02-06 13:47:25,828 DEBUG n.e.o.t.s.UpdateSvc                 - sunn-cr5:10/1/5 50                                          
2019-02-06 13:47:25,830 INFO  n.e.o.t.s.UpdateSvc                 - inserting p: anl-mr2:xe-2/3/0 to anl-mr2                    
2019-02-06 13:47:25,831 DEBUG n.e.o.t.s.UpdateSvc                 - anl-mr2:xe-2/3/0 53                                         
2019-02-06 13:47:25,833 INFO  n.e.o.t.s.UpdateSvc                 - inserting p: netl-alb-rt1:xe-2/0/0 to netl-alb-rt1          
2019-02-06 13:47:25,833 DEBUG n.e.o.t.s.UpdateSvc                 - netl-alb-rt1:xe-2/0/0 60                                    
2019-02-06 13:47:25,835 INFO  n.e.o.t.s.UpdateSvc                 - inserting p: slac-mr2:xe-0/1/0 to slac-mr2                  
2019-02-06 13:47:25,836 DEBUG n.e.o.t.s.UpdateSvc                 - slac-mr2:xe-0/2/0 56                                        
2019-02-06 13:47:25,836 DEBUG n.e.o.t.s.UpdateSvc                 - slac-mr2:xe-1/1/0 56                                        
2019-02-06 13:47:25,836 DEBUG n.e.o.t.s.UpdateSvc                 - slac-mr2:xe-0/1/0 56                                        
2019-02-06 13:47:25,838 INFO  n.e.o.t.s.UpdateSvc                 - inserting p: ga-rt2:ge-1/1/3 to ga-rt2                      
2019-02-06 13:47:25,839 DEBUG n.e.o.t.s.UpdateSvc                 - ga-rt2:ge-1/0/5 37                                          
2019-02-06 13:47:25,839 DEBUG n.e.o.t.s.UpdateSvc                 - ga-rt2:ge-1/0/3 37                                          
2019-02-06 13:47:25,839 DEBUG n.e.o.t.s.UpdateSvc                 - ga-rt2:ge-1/1/3 37                                          
2019-02-06 13:47:25,841 INFO  n.e.o.t.s.UpdateSvc                 - inserting p: netl-alb-rt1:xe-2/0/3 to netl-alb-rt1          
2019-02-06 13:47:25,842 DEBUG n.e.o.t.s.UpdateSvc                 - netl-alb-rt1:xe-2/0/3 60                                    
2019-02-06 13:47:25,842 DEBUG n.e.o.t.s.UpdateSvc                 - netl-alb-rt1:xe-2/0/0 60                                    
2019-02-06 13:47:25,845 INFO  n.e.o.t.s.UpdateSvc                 - inserting p: netl-alb-rt1:xe-2/0/2 to netl-alb-rt1          
2019-02-06 13:47:25,846 DEBUG n.e.o.t.s.UpdateSvc                 - netl-alb-rt1:xe-2/0/3 60                                    
2019-02-06 13:47:25,846 DEBUG n.e.o.t.s.UpdateSvc                 - netl-alb-rt1:xe-2/0/2 60                                    
2019-02-06 13:47:25,846 DEBUG n.e.o.t.s.UpdateSvc                 - netl-alb-rt1:xe-2/0/0 60                                    
2019-02-06 13:47:25,848 INFO  n.e.o.t.s.UpdateSvc                 - inserting p: netl-alb-rt1:xe-2/0/1 to netl-alb-rt1          
2019-02-06 13:47:25,849 DEBUG n.e.o.t.s.UpdateSvc                 - netl-alb-rt1:xe-2/0/3 60                                    
2019-02-06 13:47:25,849 DEBUG n.e.o.t.s.UpdateSvc                 - netl-alb-rt1:xe-2/0/2 60                                    
2019-02-06 13:47:25,849 DEBUG n.e.o.t.s.UpdateSvc                 - netl-alb-rt1:xe-2/0/0 60                                    
2019-02-06 13:47:25,849 DEBUG n.e.o.t.s.UpdateSvc                 - netl-alb-rt1:xe-2/0/1 60                                    
2019-02-06 13:47:25,850 INFO  n.e.o.t.s.UpdateSvc                 - inserting p: bois-cr1:xe-7/1/0 to bois-cr1                  
2019-02-06 13:47:25,851 DEBUG n.e.o.t.s.UpdateSvc                 - bois-cr1:xe-1/2/0 39                                        
2019-02-06 13:47:25,851 DEBUG n.e.o.t.s.UpdateSvc                 - bois-cr1:xe-7/3/0 39                                        
2019-02-06 13:47:25,851 DEBUG n.e.o.t.s.UpdateSvc                 - bois-cr1:xe-7/1/0 39                                        
2019-02-06 13:47:25,853 INFO  n.e.o.t.s.UpdateSvc                 - inserting p: srs-rt3:ge-0/1/0 to srs-rt3                    
2019-02-06 13:47:25,853 DEBUG n.e.o.t.s.UpdateSvc                 - srs-rt3:ge-0/1/0 31                                         
2019-02-06 13:47:25,854 INFO  n.e.o.t.s.UpdateSvc                 - inserting p: albq-cr5:3/1/1 to albq-cr5                     
2019-02-06 13:47:25,855 DEBUG n.e.o.t.s.UpdateSvc                 - albq-cr5:3/1/1 73                                           
2019-02-06 13:47:25,855 DEBUG n.e.o.t.s.UpdateSvc                 - albq-cr5:10/1/2 73                                          
2019-02-06 13:47:25,855 DEBUG n.e.o.t.s.UpdateSvc                 - albq-cr5:10/1/5 73                                          
2019-02-06 13:47:25,855 DEBUG n.e.o.t.s.UpdateSvc                 - albq-cr5:10/1/4 73                                          
2019-02-06 13:47:25,855 DEBUG n.e.o.t.s.UpdateSvc                 - albq-cr5:10/1/3 73                                          
2019-02-06 13:47:25,857 INFO  n.e.o.t.s.UpdateSvc                 - inserting p: aofa-cr5:6/2/1 to aofa-cr5                     
2019-02-06 13:47:25,857 DEBUG n.e.o.t.s.UpdateSvc                 - aofa-cr5:10/1/1 69                                          
2019-02-06 13:47:25,857 DEBUG n.e.o.t.s.UpdateSvc                 - aofa-cr5:10/1/9 69                                          
2019-02-06 13:47:25,857 DEBUG n.e.o.t.s.UpdateSvc                 - aofa-cr5:5/1/1 69                                           
2019-02-06 13:47:25,857 DEBUG n.e.o.t.s.UpdateSvc                 - aofa-cr5:6/2/1 69                                           
2019-02-06 13:47:25,857 DEBUG n.e.o.t.s.UpdateSvc                 - aofa-cr5:10/1/2 69                                          
2019-02-06 13:47:25,857 DEBUG n.e.o.t.s.UpdateSvc                 - aofa-cr5:10/1/8 69                                          
2019-02-06 13:47:25,859 INFO  n.e.o.t.s.UpdateSvc                 - inserting p: wash-cr5:10/1/10 to wash-cr5                   
2019-02-06 13:47:25,860 DEBUG n.e.o.t.s.UpdateSvc                 - wash-cr5:10/1/5 36                                          
2019-02-06 13:47:25,860 DEBUG n.e.o.t.s.UpdateSvc                 - wash-cr5:10/1/3 36                                          
2019-02-06 13:47:25,860 DEBUG n.e.o.t.s.UpdateSvc                 - wash-cr5:10/1/9 36                                          
2019-02-06 13:47:25,860 DEBUG n.e.o.t.s.UpdateSvc                 - wash-cr5:10/1/4 36                                          
2019-02-06 13:47:25,860 DEBUG n.e.o.t.s.UpdateSvc                 - wash-cr5:10/1/10 36                                         
2019-02-06 13:47:25,861 INFO  n.e.o.t.s.UpdateSvc                 - inserting p: chic-cr5:7/1/1 to chic-cr5                     
2019-02-06 13:47:25,862 DEBUG n.e.o.t.s.UpdateSvc                 - chic-cr5:BLANK 55                                           
2019-02-06 13:47:25,862 DEBUG n.e.o.t.s.UpdateSvc                 - chic-cr5:7/1/1 55                                           
2019-02-06 13:47:25,862 DEBUG n.e.o.t.s.UpdateSvc                 - chic-cr5:6/1/1 55                                           
2019-02-06 13:47:25,864 INFO  n.e.o.t.s.UpdateSvc                 - inserting p: lbl-mr2:xe-0/1/0 to lbl-mr2                    
2019-02-06 13:47:25,865 DEBUG n.e.o.t.s.UpdateSvc                 - lbl-mr2:xe-8/3/0 74                                         
2019-02-06 13:47:25,865 DEBUG n.e.o.t.s.UpdateSvc                 - lbl-mr2:xe-1/1/0 74                                         
2019-02-06 13:47:25,865 DEBUG n.e.o.t.s.UpdateSvc                 - lbl-mr2:xe-8/1/0 74                                         
2019-02-06 13:47:25,865 DEBUG n.e.o.t.s.UpdateSvc                 - lbl-mr2:xe-0/1/0 74                                         
2019-02-06 13:47:25,868 INFO  n.e.o.t.s.UpdateSvc                 - inserting p: sunn-cr5:8/1/1 to sunn-cr5                     
2019-02-06 13:47:25,869 DEBUG n.e.o.t.s.UpdateSvc                 - sunn-cr5:10/1/2 50                                          
2019-02-06 13:47:25,869 DEBUG n.e.o.t.s.UpdateSvc                 - sunn-cr5:8/1/1 50                                           
2019-02-06 13:47:25,869 DEBUG n.e.o.t.s.UpdateSvc                 - sunn-cr5:7/1/1 50                                           
2019-02-06 13:47:25,869 DEBUG n.e.o.t.s.UpdateSvc                 - sunn-cr5:10/1/4 50                                          
2019-02-06 13:47:25,869 DEBUG n.e.o.t.s.UpdateSvc                 - sunn-cr5:10/1/3 50                                          
2019-02-06 13:47:25,869 DEBUG n.e.o.t.s.UpdateSvc                 - sunn-cr5:10/1/6 50                                          
2019-02-06 13:47:25,869 DEBUG n.e.o.t.s.UpdateSvc                 - sunn-cr5:10/1/1 50                                          
2019-02-06 13:47:25,869 DEBUG n.e.o.t.s.UpdateSvc                 - sunn-cr5:10/1/5 50                                          
2019-02-06 13:47:25,872 INFO  n.e.o.t.s.UpdateSvc                 - inserting p: denv-cr5:4/1/1 to denv-cr5                     
2019-02-06 13:47:25,872 DEBUG n.e.o.t.s.UpdateSvc                 - denv-cr5:4/1/1 75                                           
2019-02-06 13:47:25,874 INFO  n.e.o.t.s.UpdateSvc                 - inserting p: fnal-mr2:xe-1/3/0 to fnal-mr2                  
2019-02-06 13:47:25,875 DEBUG n.e.o.t.s.UpdateSvc                 - fnal-mr2:xe-1/3/0 65                                        
2019-02-06 13:47:25,877 INFO  n.e.o.t.s.UpdateSvc                 - inserting p: sunn-cr5:10/2/1 to sunn-cr5                    
2019-02-06 13:47:25,878 DEBUG n.e.o.t.s.UpdateSvc                 - sunn-cr5:10/1/2 50                                          
2019-02-06 13:47:25,878 DEBUG n.e.o.t.s.UpdateSvc                 - sunn-cr5:8/1/1 50                                           
2019-02-06 13:47:25,878 DEBUG n.e.o.t.s.UpdateSvc                 - sunn-cr5:7/1/1 50                                           
2019-02-06 13:47:25,878 DEBUG n.e.o.t.s.UpdateSvc                 - sunn-cr5:10/1/4 50                                          
2019-02-06 13:47:25,878 DEBUG n.e.o.t.s.UpdateSvc                 - sunn-cr5:10/1/3 50                                          
2019-02-06 13:47:25,878 DEBUG n.e.o.t.s.UpdateSvc                 - sunn-cr5:10/1/6 50                                          
2019-02-06 13:47:25,878 DEBUG n.e.o.t.s.UpdateSvc                 - sunn-cr5:10/1/1 50                                          
2019-02-06 13:47:25,878 DEBUG n.e.o.t.s.UpdateSvc                 - sunn-cr5:10/1/5 50                                          
2019-02-06 13:47:25,878 DEBUG n.e.o.t.s.UpdateSvc                 - sunn-cr5:10/2/1 50                                          
2019-02-06 13:47:25,881 INFO  n.e.o.t.s.UpdateSvc                 - inserting p: sunn-cr5:10/2/5 to sunn-cr5                    
2019-02-06 13:47:25,881 DEBUG n.e.o.t.s.UpdateSvc                 - sunn-cr5:10/1/2 50                                          
2019-02-06 13:47:25,882 DEBUG n.e.o.t.s.UpdateSvc                 - sunn-cr5:8/1/1 50                                           
2019-02-06 13:47:25,882 DEBUG n.e.o.t.s.UpdateSvc                 - sunn-cr5:7/1/1 50                                           
2019-02-06 13:47:25,882 DEBUG n.e.o.t.s.UpdateSvc                 - sunn-cr5:10/1/4 50                                          
2019-02-06 13:47:25,882 DEBUG n.e.o.t.s.UpdateSvc                 - sunn-cr5:10/1/3 50                                          
2019-02-06 13:47:25,882 DEBUG n.e.o.t.s.UpdateSvc                 - sunn-cr5:10/1/6 50                                          
2019-02-06 13:47:25,882 DEBUG n.e.o.t.s.UpdateSvc                 - sunn-cr5:10/1/1 50                                          
2019-02-06 13:47:25,882 DEBUG n.e.o.t.s.UpdateSvc                 - sunn-cr5:10/1/5 50                                          
2019-02-06 13:47:25,882 DEBUG n.e.o.t.s.UpdateSvc                 - sunn-cr5:10/2/1 50                                          
2019-02-06 13:47:25,882 DEBUG n.e.o.t.s.UpdateSvc                 - sunn-cr5:10/2/5 50                                          
2019-02-06 13:47:25,893 INFO  n.e.o.t.s.UpdateSvc                 - inserting p: sunn-cr5:10/2/4 to sunn-cr5                    
2019-02-06 13:47:25,894 DEBUG n.e.o.t.s.UpdateSvc                 - sunn-cr5:10/1/2 50                                          
2019-02-06 13:47:25,895 DEBUG n.e.o.t.s.UpdateSvc                 - sunn-cr5:8/1/1 50                                           
2019-02-06 13:47:25,895 DEBUG n.e.o.t.s.UpdateSvc                 - sunn-cr5:7/1/1 50                                           
2019-02-06 13:47:25,895 DEBUG n.e.o.t.s.UpdateSvc                 - sunn-cr5:10/1/4 50                                          
2019-02-06 13:47:25,895 DEBUG n.e.o.t.s.UpdateSvc                 - sunn-cr5:10/2/4 50                                          
2019-02-06 13:47:25,895 DEBUG n.e.o.t.s.UpdateSvc                 - sunn-cr5:10/1/3 50                                          
2019-02-06 13:47:25,895 DEBUG n.e.o.t.s.UpdateSvc                 - sunn-cr5:10/1/6 50                                          
2019-02-06 13:47:25,895 DEBUG n.e.o.t.s.UpdateSvc                 - sunn-cr5:10/1/1 50                                          
2019-02-06 13:47:25,895 DEBUG n.e.o.t.s.UpdateSvc                 - sunn-cr5:10/1/5 50                                          
2019-02-06 13:47:25,895 DEBUG n.e.o.t.s.UpdateSvc                 - sunn-cr5:10/2/1 50                                          
2019-02-06 13:47:25,895 DEBUG n.e.o.t.s.UpdateSvc                 - sunn-cr5:10/2/5 50                                          
2019-02-06 13:47:25,897 INFO  n.e.o.t.s.UpdateSvc                 - inserting p: sunn-cr5:10/2/3 to sunn-cr5                    
2019-02-06 13:47:25,899 DEBUG n.e.o.t.s.UpdateSvc                 - sunn-cr5:10/1/2 50                                          
2019-02-06 13:47:25,899 DEBUG n.e.o.t.s.UpdateSvc                 - sunn-cr5:8/1/1 50                                           
2019-02-06 13:47:25,899 DEBUG n.e.o.t.s.UpdateSvc                 - sunn-cr5:7/1/1 50                                           
2019-02-06 13:47:25,899 DEBUG n.e.o.t.s.UpdateSvc                 - sunn-cr5:10/1/4 50                                          
2019-02-06 13:47:25,899 DEBUG n.e.o.t.s.UpdateSvc                 - sunn-cr5:10/2/4 50                                          
2019-02-06 13:47:25,899 DEBUG n.e.o.t.s.UpdateSvc                 - sunn-cr5:10/1/3 50                                          
2019-02-06 13:47:25,899 DEBUG n.e.o.t.s.UpdateSvc                 - sunn-cr5:10/1/6 50                                          
2019-02-06 13:47:25,899 DEBUG n.e.o.t.s.UpdateSvc                 - sunn-cr5:10/1/1 50                                          
2019-02-06 13:47:25,899 DEBUG n.e.o.t.s.UpdateSvc                 - sunn-cr5:10/1/5 50                                          
2019-02-06 13:47:25,899 DEBUG n.e.o.t.s.UpdateSvc                 - sunn-cr5:10/2/3 50                                          
2019-02-06 13:47:25,899 DEBUG n.e.o.t.s.UpdateSvc                 - sunn-cr5:10/2/1 50                                          
2019-02-06 13:47:25,899 DEBUG n.e.o.t.s.UpdateSvc                 - sunn-cr5:10/2/5 50                                          
2019-02-06 13:47:25,902 INFO  n.e.o.t.s.UpdateSvc                 - inserting p: sunn-cr5:10/2/2 to sunn-cr5                    
2019-02-06 13:47:25,903 DEBUG n.e.o.t.s.UpdateSvc                 - sunn-cr5:10/1/2 50                                          
2019-02-06 13:47:25,903 DEBUG n.e.o.t.s.UpdateSvc                 - sunn-cr5:7/1/1 50                                           
2019-02-06 13:47:25,903 DEBUG n.e.o.t.s.UpdateSvc                 - sunn-cr5:10/2/4 50                                          
2019-02-06 13:47:25,903 DEBUG n.e.o.t.s.UpdateSvc                 - sunn-cr5:10/1/6 50                                          
2019-02-06 13:47:25,903 DEBUG n.e.o.t.s.UpdateSvc                 - sunn-cr5:10/1/5 50                                          
2019-02-06 13:47:25,903 DEBUG n.e.o.t.s.UpdateSvc                 - sunn-cr5:10/2/3 50                                          
2019-02-06 13:47:25,903 DEBUG n.e.o.t.s.UpdateSvc                 - sunn-cr5:10/2/2 50                                          
2019-02-06 13:47:25,903 DEBUG n.e.o.t.s.UpdateSvc                 - sunn-cr5:8/1/1 50                                           
2019-02-06 13:47:25,903 DEBUG n.e.o.t.s.UpdateSvc                 - sunn-cr5:10/1/4 50                                          
2019-02-06 13:47:25,903 DEBUG n.e.o.t.s.UpdateSvc                 - sunn-cr5:10/1/3 50                                          
2019-02-06 13:47:25,903 DEBUG n.e.o.t.s.UpdateSvc                 - sunn-cr5:10/1/1 50                                          
2019-02-06 13:47:25,903 DEBUG n.e.o.t.s.UpdateSvc                 - sunn-cr5:10/2/1 50                                          
2019-02-06 13:47:25,903 DEBUG n.e.o.t.s.UpdateSvc                 - sunn-cr5:10/2/5 50                                          
2019-02-06 13:47:25,906 INFO  n.e.o.t.s.UpdateSvc                 - inserting p: llnl-mr2:xe-3/2/0 to llnl-mr2                  
2019-02-06 13:47:25,907 DEBUG n.e.o.t.s.UpdateSvc                 - llnl-mr2:xe-3/2/0 52                                        
2019-02-06 13:47:25,909 INFO  n.e.o.t.s.UpdateSvc                 - inserting p: sunn-cr5:10/2/6 to sunn-cr5                    
2019-02-06 13:47:25,911 DEBUG n.e.o.t.s.UpdateSvc                 - sunn-cr5:10/1/2 50                                          
2019-02-06 13:47:25,911 DEBUG n.e.o.t.s.UpdateSvc                 - sunn-cr5:7/1/1 50                                           
2019-02-06 13:47:25,911 DEBUG n.e.o.t.s.UpdateSvc                 - sunn-cr5:10/2/4 50                                          
2019-02-06 13:47:25,911 DEBUG n.e.o.t.s.UpdateSvc                 - sunn-cr5:10/2/6 50                                          
2019-02-06 13:47:25,911 DEBUG n.e.o.t.s.UpdateSvc                 - sunn-cr5:10/1/6 50                                          
2019-02-06 13:47:25,911 DEBUG n.e.o.t.s.UpdateSvc                 - sunn-cr5:10/1/5 50                                          
2019-02-06 13:47:25,911 DEBUG n.e.o.t.s.UpdateSvc                 - sunn-cr5:10/2/3 50                                          
2019-02-06 13:47:25,911 DEBUG n.e.o.t.s.UpdateSvc                 - sunn-cr5:10/2/2 50                                          
2019-02-06 13:47:25,911 DEBUG n.e.o.t.s.UpdateSvc                 - sunn-cr5:8/1/1 50                                           
2019-02-06 13:47:25,911 DEBUG n.e.o.t.s.UpdateSvc                 - sunn-cr5:10/1/4 50                                          
2019-02-06 13:47:25,911 DEBUG n.e.o.t.s.UpdateSvc                 - sunn-cr5:10/1/3 50                                          
2019-02-06 13:47:25,911 DEBUG n.e.o.t.s.UpdateSvc                 - sunn-cr5:10/1/1 50                                          
2019-02-06 13:47:25,911 DEBUG n.e.o.t.s.UpdateSvc                 - sunn-cr5:10/2/1 50                                          
2019-02-06 13:47:25,911 DEBUG n.e.o.t.s.UpdateSvc                 - sunn-cr5:10/2/5 50                                          
2019-02-06 13:47:25,914 INFO  n.e.o.t.s.UpdateSvc                 - inserting p: hous-cr5:1/1/1 to hous-cr5                     
2019-02-06 13:47:25,915 DEBUG n.e.o.t.s.UpdateSvc                 - hous-cr5:1/1/1 68                                           
2019-02-06 13:47:25,918 INFO  n.e.o.t.s.UpdateSvc                 - inserting p: slac-mr2:xe-0/0/0 to slac-mr2                  
2019-02-06 13:47:25,919 DEBUG n.e.o.t.s.UpdateSvc                 - slac-mr2:xe-0/2/0 56                                        
2019-02-06 13:47:25,919 DEBUG n.e.o.t.s.UpdateSvc                 - slac-mr2:xe-0/0/0 56                                        
2019-02-06 13:47:25,919 DEBUG n.e.o.t.s.UpdateSvc                 - slac-mr2:xe-1/1/0 56                                        
2019-02-06 13:47:25,919 DEBUG n.e.o.t.s.UpdateSvc                 - slac-mr2:xe-0/1/0 56                                        
2019-02-06 13:47:25,922 INFO  n.e.o.t.s.UpdateSvc                 - inserting p: srs-rt3:ge-0/0/0 to srs-rt3                    
2019-02-06 13:47:25,924 DEBUG n.e.o.t.s.UpdateSvc                 - srs-rt3:ge-0/1/0 31                                         
2019-02-06 13:47:25,924 DEBUG n.e.o.t.s.UpdateSvc                 - srs-rt3:ge-0/0/0 31                                         
2019-02-06 13:47:25,927 INFO  n.e.o.t.s.UpdateSvc                 - inserting p: lbl-mr2:xe-0/2/0 to lbl-mr2                    
2019-02-06 13:47:25,929 DEBUG n.e.o.t.s.UpdateSvc                 - lbl-mr2:xe-0/2/0 74                                         
2019-02-06 13:47:25,929 DEBUG n.e.o.t.s.UpdateSvc                 - lbl-mr2:xe-8/3/0 74                                         
2019-02-06 13:47:25,929 DEBUG n.e.o.t.s.UpdateSvc                 - lbl-mr2:xe-1/1/0 74                                         
2019-02-06 13:47:25,929 DEBUG n.e.o.t.s.UpdateSvc                 - lbl-mr2:xe-8/1/0 74                                         
2019-02-06 13:47:25,929 DEBUG n.e.o.t.s.UpdateSvc                 - lbl-mr2:xe-0/1/0 74                                         
2019-02-06 13:47:25,932 INFO  n.e.o.t.s.UpdateSvc                 - inserting p: llnl-mr2:ge-3/0/1 to llnl-mr2                  
2019-02-06 13:47:25,933 DEBUG n.e.o.t.s.UpdateSvc                 - llnl-mr2:ge-3/0/1 52                                        
2019-02-06 13:47:25,933 DEBUG n.e.o.t.s.UpdateSvc                 - llnl-mr2:xe-3/2/0 52                                        
2019-02-06 13:47:25,935 INFO  n.e.o.t.s.UpdateSvc                 - inserting p: llnl-mr2:ge-3/0/0 to llnl-mr2                  
2019-02-06 13:47:25,936 DEBUG n.e.o.t.s.UpdateSvc                 - llnl-mr2:ge-3/0/1 52                                        
2019-02-06 13:47:25,936 DEBUG n.e.o.t.s.UpdateSvc                 - llnl-mr2:ge-3/0/0 52                                        
2019-02-06 13:47:25,936 DEBUG n.e.o.t.s.UpdateSvc                 - llnl-mr2:xe-3/2/0 52                                        
2019-02-06 13:47:25,939 INFO  n.e.o.t.s.UpdateSvc                 - inserting p: nersc-mr2:xe-1/3/0 to nersc-mr2                
2019-02-06 13:47:25,941 DEBUG n.e.o.t.s.UpdateSvc                 - nersc-mr2:xe-2/2/0 29                                       
2019-02-06 13:47:25,941 DEBUG n.e.o.t.s.UpdateSvc                 - nersc-mr2:xe-1/3/0 29                                       
2019-02-06 13:47:25,944 INFO  n.e.o.t.s.UpdateSvc                 - inserting p: denv-cr5:4/2/1 to denv-cr5                     
2019-02-06 13:47:25,945 DEBUG n.e.o.t.s.UpdateSvc                 - denv-cr5:4/1/1 75                                           
2019-02-06 13:47:25,945 DEBUG n.e.o.t.s.UpdateSvc                 - denv-cr5:4/2/1 75                                           
2019-02-06 13:47:25,948 INFO  n.e.o.t.s.UpdateSvc                 - inserting p: ameslab-rt3:xe-1/3/0 to ameslab-rt3            
2019-02-06 13:47:25,949 DEBUG n.e.o.t.s.UpdateSvc                 - ameslab-rt3:xe-1/3/0 67                                     
2019-02-06 13:47:25,951 INFO  n.e.o.t.s.UpdateSvc                 - inserting p: wash-cr5:1/1/1 to wash-cr5                     
2019-02-06 13:47:25,952 DEBUG n.e.o.t.s.UpdateSvc                 - wash-cr5:10/1/5 36                                          
2019-02-06 13:47:25,952 DEBUG n.e.o.t.s.UpdateSvc                 - wash-cr5:10/1/3 36                                          
2019-02-06 13:47:25,952 DEBUG n.e.o.t.s.UpdateSvc                 - wash-cr5:1/1/1 36                                           
2019-02-06 13:47:25,952 DEBUG n.e.o.t.s.UpdateSvc                 - wash-cr5:10/1/9 36                                          
2019-02-06 13:47:25,952 DEBUG n.e.o.t.s.UpdateSvc                 - wash-cr5:10/1/4 36                                          
2019-02-06 13:47:25,952 DEBUG n.e.o.t.s.UpdateSvc                 - wash-cr5:10/1/10 36                                         
2019-02-06 13:47:25,955 INFO  n.e.o.t.s.UpdateSvc                 - inserting p: newy-cr5:3/1/1 to newy-cr5                     
2019-02-06 13:47:25,956 DEBUG n.e.o.t.s.UpdateSvc                 - newy-cr5:10/1/2 59                                          
2019-02-06 13:47:25,956 DEBUG n.e.o.t.s.UpdateSvc                 - newy-cr5:9/1/4 59                                           
2019-02-06 13:47:25,956 DEBUG n.e.o.t.s.UpdateSvc                 - newy-cr5:2/1/1 59                                           
2019-02-06 13:47:25,956 DEBUG n.e.o.t.s.UpdateSvc                 - newy-cr5:10/1/9 59                                          
2019-02-06 13:47:25,956 DEBUG n.e.o.t.s.UpdateSvc                 - newy-cr5:10/1/3 59                                          
2019-02-06 13:47:25,956 DEBUG n.e.o.t.s.UpdateSvc                 - newy-cr5:9/1/1 59                                           
2019-02-06 13:47:25,956 DEBUG n.e.o.t.s.UpdateSvc                 - newy-cr5:3/1/1 59                                           
2019-02-06 13:47:25,958 INFO  n.e.o.t.s.UpdateSvc                 - inserting p: chic-cr5:6/2/1 to chic-cr5                     
2019-02-06 13:47:25,959 DEBUG n.e.o.t.s.UpdateSvc                 - chic-cr5:BLANK 55                                           
2019-02-06 13:47:25,959 DEBUG n.e.o.t.s.UpdateSvc                 - chic-cr5:6/2/1 55                                           
2019-02-06 13:47:25,959 DEBUG n.e.o.t.s.UpdateSvc                 - chic-cr5:7/1/1 55                                           
2019-02-06 13:47:25,959 DEBUG n.e.o.t.s.UpdateSvc                 - chic-cr5:6/1/1 55                                           
2019-02-06 13:47:25,961 INFO  n.e.o.t.s.UpdateSvc                 - inserting p: sunn-cr5:7/2/1 to sunn-cr5                     
2019-02-06 13:47:25,963 DEBUG n.e.o.t.s.UpdateSvc                 - sunn-cr5:10/1/2 50                                          
2019-02-06 13:47:25,963 DEBUG n.e.o.t.s.UpdateSvc                 - sunn-cr5:7/1/1 50                                           
2019-02-06 13:47:25,963 DEBUG n.e.o.t.s.UpdateSvc                 - sunn-cr5:10/2/4 50                                          
2019-02-06 13:47:25,963 DEBUG n.e.o.t.s.UpdateSvc                 - sunn-cr5:10/2/6 50                                          
2019-02-06 13:47:25,963 DEBUG n.e.o.t.s.UpdateSvc                 - sunn-cr5:10/1/6 50                                          
2019-02-06 13:47:25,963 DEBUG n.e.o.t.s.UpdateSvc                 - sunn-cr5:10/1/5 50                                          
2019-02-06 13:47:25,963 DEBUG n.e.o.t.s.UpdateSvc                 - sunn-cr5:10/2/3 50                                          
2019-02-06 13:47:25,963 DEBUG n.e.o.t.s.UpdateSvc                 - sunn-cr5:10/2/2 50                                          
2019-02-06 13:47:25,963 DEBUG n.e.o.t.s.UpdateSvc                 - sunn-cr5:7/2/1 50                                           
2019-02-06 13:47:25,963 DEBUG n.e.o.t.s.UpdateSvc                 - sunn-cr5:8/1/1 50                                           
2019-02-06 13:47:25,963 DEBUG n.e.o.t.s.UpdateSvc                 - sunn-cr5:10/1/4 50                                          
2019-02-06 13:47:25,963 DEBUG n.e.o.t.s.UpdateSvc                 - sunn-cr5:10/1/3 50                                          
2019-02-06 13:47:25,963 DEBUG n.e.o.t.s.UpdateSvc                 - sunn-cr5:10/1/1 50                                          
2019-02-06 13:47:25,963 DEBUG n.e.o.t.s.UpdateSvc                 - sunn-cr5:10/2/1 50                                          
2019-02-06 13:47:25,963 DEBUG n.e.o.t.s.UpdateSvc                 - sunn-cr5:10/2/5 50                                          
2019-02-06 13:47:25,965 INFO  n.e.o.t.s.UpdateSvc                 - inserting p: lbl-mr2:xe-7/0/0 to lbl-mr2                    
2019-02-06 13:47:25,966 DEBUG n.e.o.t.s.UpdateSvc                 - lbl-mr2:xe-0/2/0 74                                         
2019-02-06 13:47:25,967 DEBUG n.e.o.t.s.UpdateSvc                 - lbl-mr2:xe-8/3/0 74                                         
2019-02-06 13:47:25,967 DEBUG n.e.o.t.s.UpdateSvc                 - lbl-mr2:xe-7/0/0 74                                         
2019-02-06 13:47:25,967 DEBUG n.e.o.t.s.UpdateSvc                 - lbl-mr2:xe-1/1/0 74                                         
2019-02-06 13:47:25,967 DEBUG n.e.o.t.s.UpdateSvc                 - lbl-mr2:xe-8/1/0 74                                         
2019-02-06 13:47:25,967 DEBUG n.e.o.t.s.UpdateSvc                 - lbl-mr2:xe-0/1/0 74                                         
2019-02-06 13:47:25,968 INFO  n.e.o.t.s.UpdateSvc                 - inserting p: nersc-mr2:xe-7/3/0 to nersc-mr2                
2019-02-06 13:47:25,969 DEBUG n.e.o.t.s.UpdateSvc                 - nersc-mr2:xe-7/3/0 29                                       
2019-02-06 13:47:25,969 DEBUG n.e.o.t.s.UpdateSvc                 - nersc-mr2:xe-2/2/0 29                                       
2019-02-06 13:47:25,969 DEBUG n.e.o.t.s.UpdateSvc                 - nersc-mr2:xe-1/3/0 29                                       
2019-02-06 13:47:25,971 INFO  n.e.o.t.s.UpdateSvc                 - inserting p: hous-cr5:10/1/3 to hous-cr5                    
2019-02-06 13:47:25,972 DEBUG n.e.o.t.s.UpdateSvc                 - hous-cr5:1/1/1 68                                           
2019-02-06 13:47:25,972 DEBUG n.e.o.t.s.UpdateSvc                 - hous-cr5:10/1/3 68                                          
2019-02-06 13:47:25,974 INFO  n.e.o.t.s.UpdateSvc                 - inserting p: hous-cr5:10/1/4 to hous-cr5                    
2019-02-06 13:47:25,974 DEBUG n.e.o.t.s.UpdateSvc                 - hous-cr5:10/1/4 68                                          
2019-02-06 13:47:25,975 DEBUG n.e.o.t.s.UpdateSvc                 - hous-cr5:1/1/1 68                                           
2019-02-06 13:47:25,976 DEBUG n.e.o.t.s.UpdateSvc                 - hous-cr5:10/1/3 68                                          
2019-02-06 13:47:25,978 INFO  n.e.o.t.s.UpdateSvc                 - inserting p: ornl-rt4:xe-1/2/0 to ornl-rt4                  
2019-02-06 13:47:25,979 DEBUG n.e.o.t.s.UpdateSvc                 - ornl-rt4:xe-2/3/0 42                                        
2019-02-06 13:47:25,979 DEBUG n.e.o.t.s.UpdateSvc                 - ornl-rt4:xe-1/2/0 42                                        
2019-02-06 13:47:25,980 INFO  n.e.o.t.s.UpdateSvc                 - inserting p: kans-cr5:1/1/1 to kans-cr5                     
2019-02-06 13:47:25,981 DEBUG n.e.o.t.s.UpdateSvc                 - kans-cr5:1/1/1 38                                           
2019-02-06 13:47:25,983 INFO  n.e.o.t.s.UpdateSvc                 - inserting p: sacr-cr5:10/2/5 to sacr-cr5                    
2019-02-06 13:47:25,983 DEBUG n.e.o.t.s.UpdateSvc                 - sacr-cr5:10/2/5 47                                          
2019-02-06 13:47:25,983 DEBUG n.e.o.t.s.UpdateSvc                 - sacr-cr5:3/1/1 47                                           
2019-02-06 13:47:25,996 INFO  n.e.o.t.s.UpdateSvc                 - inserting p: denv-cr5:10/1/6 to denv-cr5                    
2019-02-06 13:47:25,997 DEBUG n.e.o.t.s.UpdateSvc                 - denv-cr5:4/1/1 75                                           
2019-02-06 13:47:25,997 DEBUG n.e.o.t.s.UpdateSvc                 - denv-cr5:4/2/1 75                                           
2019-02-06 13:47:25,997 DEBUG n.e.o.t.s.UpdateSvc                 - denv-cr5:10/1/6 75                                          
2019-02-06 13:47:25,999 INFO  n.e.o.t.s.UpdateSvc                 - inserting p: sacr-cr5:4/1/1 to sacr-cr5                     
2019-02-06 13:47:26,000 DEBUG n.e.o.t.s.UpdateSvc                 - sacr-cr5:10/2/5 47                                          
2019-02-06 13:47:26,001 DEBUG n.e.o.t.s.UpdateSvc                 - sacr-cr5:3/1/1 47                                           
2019-02-06 13:47:26,001 DEBUG n.e.o.t.s.UpdateSvc                 - sacr-cr5:4/1/1 47                                           
2019-02-06 13:47:26,004 INFO  n.e.o.t.s.UpdateSvc                 - inserting p: sacr-cr5:10/2/6 to sacr-cr5                    
2019-02-06 13:47:26,004 DEBUG n.e.o.t.s.UpdateSvc                 - sacr-cr5:10/2/5 47                                          
2019-02-06 13:47:26,004 DEBUG n.e.o.t.s.UpdateSvc                 - sacr-cr5:10/2/6 47                                          
2019-02-06 13:47:26,004 DEBUG n.e.o.t.s.UpdateSvc                 - sacr-cr5:3/1/1 47                                           
2019-02-06 13:47:26,004 DEBUG n.e.o.t.s.UpdateSvc                 - sacr-cr5:4/1/1 47                                           
2019-02-06 13:47:26,006 INFO  n.e.o.t.s.UpdateSvc                 - inserting p: denv-cr5:10/1/7 to denv-cr5                    
2019-02-06 13:47:26,008 DEBUG n.e.o.t.s.UpdateSvc                 - denv-cr5:4/1/1 75                                           
2019-02-06 13:47:26,008 DEBUG n.e.o.t.s.UpdateSvc                 - denv-cr5:4/2/1 75                                           
2019-02-06 13:47:26,008 DEBUG n.e.o.t.s.UpdateSvc                 - denv-cr5:10/1/6 75                                          
2019-02-06 13:47:26,008 DEBUG n.e.o.t.s.UpdateSvc                 - denv-cr5:10/1/7 75                                          
2019-02-06 13:47:26,011 INFO  n.e.o.t.s.UpdateSvc                 - inserting p: llnl-mr2:xe-2/1/0 to llnl-mr2                  
2019-02-06 13:47:26,012 DEBUG n.e.o.t.s.UpdateSvc                 - llnl-mr2:ge-3/0/1 52                                        
2019-02-06 13:47:26,012 DEBUG n.e.o.t.s.UpdateSvc                 - llnl-mr2:xe-2/1/0 52                                        
2019-02-06 13:47:26,013 DEBUG n.e.o.t.s.UpdateSvc                 - llnl-mr2:ge-3/0/0 52                                        
2019-02-06 13:47:26,013 DEBUG n.e.o.t.s.UpdateSvc                 - llnl-mr2:xe-3/2/0 52                                        
2019-02-06 13:47:26,015 INFO  n.e.o.t.s.UpdateSvc                 - inserting p: star-cr5:5/1/1 to star-cr5                     
2019-02-06 13:47:26,016 DEBUG n.e.o.t.s.UpdateSvc                 - star-cr5:5/1/1 76                                           
2019-02-06 13:47:26,016 DEBUG n.e.o.t.s.UpdateSvc                 - star-cr5:3/1/1 76                                           
2019-02-06 13:47:26,016 DEBUG n.e.o.t.s.UpdateSvc                 - star-cr5:3/2/1 76                                           
2019-02-06 13:47:26,019 INFO  n.e.o.t.s.UpdateSvc                 - inserting p: sunn-cr5:5/2/1 to sunn-cr5                     
2019-02-06 13:47:26,020 DEBUG n.e.o.t.s.UpdateSvc                 - sunn-cr5:10/1/2 50                                          
2019-02-06 13:47:26,020 DEBUG n.e.o.t.s.UpdateSvc                 - sunn-cr5:7/1/1 50                                           
2019-02-06 13:47:26,020 DEBUG n.e.o.t.s.UpdateSvc                 - sunn-cr5:10/2/4 50                                          
2019-02-06 13:47:26,020 DEBUG n.e.o.t.s.UpdateSvc                 - sunn-cr5:10/2/6 50                                          
2019-02-06 13:47:26,020 DEBUG n.e.o.t.s.UpdateSvc                 - sunn-cr5:10/1/6 50                                          
2019-02-06 13:47:26,021 DEBUG n.e.o.t.s.UpdateSvc                 - sunn-cr5:10/1/5 50                                          
2019-02-06 13:47:26,021 DEBUG n.e.o.t.s.UpdateSvc                 - sunn-cr5:10/2/3 50                                          
2019-02-06 13:47:26,021 DEBUG n.e.o.t.s.UpdateSvc                 - sunn-cr5:10/2/2 50                                          
2019-02-06 13:47:26,021 DEBUG n.e.o.t.s.UpdateSvc                 - sunn-cr5:7/2/1 50                                           
2019-02-06 13:47:26,021 DEBUG n.e.o.t.s.UpdateSvc                 - sunn-cr5:8/1/1 50                                           
2019-02-06 13:47:26,021 DEBUG n.e.o.t.s.UpdateSvc                 - sunn-cr5:10/1/4 50                                          
2019-02-06 13:47:26,021 DEBUG n.e.o.t.s.UpdateSvc                 - sunn-cr5:5/2/1 50                                           
2019-02-06 13:47:26,021 DEBUG n.e.o.t.s.UpdateSvc                 - sunn-cr5:10/1/3 50                                          
2019-02-06 13:47:26,021 DEBUG n.e.o.t.s.UpdateSvc                 - sunn-cr5:10/1/1 50                                          
2019-02-06 13:47:26,021 DEBUG n.e.o.t.s.UpdateSvc                 - sunn-cr5:10/2/1 50                                          
2019-02-06 13:47:26,021 DEBUG n.e.o.t.s.UpdateSvc                 - sunn-cr5:10/2/5 50                                          
2019-02-06 13:47:26,024 INFO  n.e.o.t.s.UpdateSvc                 - inserting p: sacr-cr5:10/2/1 to sacr-cr5                    
2019-02-06 13:47:26,025 DEBUG n.e.o.t.s.UpdateSvc                 - sacr-cr5:10/2/1 47                                          
2019-02-06 13:47:26,030 DEBUG n.e.o.t.s.UpdateSvc                 - sacr-cr5:10/2/5 47                                          
2019-02-06 13:47:26,030 DEBUG n.e.o.t.s.UpdateSvc                 - sacr-cr5:10/2/6 47                                          
2019-02-06 13:47:26,030 DEBUG n.e.o.t.s.UpdateSvc                 - sacr-cr5:3/1/1 47                                           
2019-02-06 13:47:26,030 DEBUG n.e.o.t.s.UpdateSvc                 - sacr-cr5:4/1/1 47                                           
2019-02-06 13:47:26,034 INFO  n.e.o.t.s.UpdateSvc                 - inserting p: sacr-cr5:10/2/2 to sacr-cr5                    
2019-02-06 13:47:26,036 DEBUG n.e.o.t.s.UpdateSvc                 - sacr-cr5:10/2/2 47                                          
2019-02-06 13:47:26,036 DEBUG n.e.o.t.s.UpdateSvc                 - sacr-cr5:10/2/1 47                                          
2019-02-06 13:47:26,036 DEBUG n.e.o.t.s.UpdateSvc                 - sacr-cr5:10/2/5 47                                          
2019-02-06 13:47:26,036 DEBUG n.e.o.t.s.UpdateSvc                 - sacr-cr5:10/2/6 47                                          
2019-02-06 13:47:26,036 DEBUG n.e.o.t.s.UpdateSvc                 - sacr-cr5:3/1/1 47                                           
2019-02-06 13:47:26,036 DEBUG n.e.o.t.s.UpdateSvc                 - sacr-cr5:4/1/1 47                                           
2019-02-06 13:47:26,040 INFO  n.e.o.t.s.UpdateSvc                 - inserting p: sacr-cr5:10/2/3 to sacr-cr5                    
2019-02-06 13:47:26,041 DEBUG n.e.o.t.s.UpdateSvc                 - sacr-cr5:10/2/2 47                                          
2019-02-06 13:47:26,041 DEBUG n.e.o.t.s.UpdateSvc                 - sacr-cr5:10/2/1 47                                          
2019-02-06 13:47:26,041 DEBUG n.e.o.t.s.UpdateSvc                 - sacr-cr5:10/2/5 47                                          
2019-02-06 13:47:26,041 DEBUG n.e.o.t.s.UpdateSvc                 - sacr-cr5:10/2/6 47                                          
2019-02-06 13:47:26,041 DEBUG n.e.o.t.s.UpdateSvc                 - sacr-cr5:3/1/1 47                                           
2019-02-06 13:47:26,041 DEBUG n.e.o.t.s.UpdateSvc                 - sacr-cr5:4/1/1 47                                           
2019-02-06 13:47:26,041 DEBUG n.e.o.t.s.UpdateSvc                 - sacr-cr5:10/2/3 47                                          
2019-02-06 13:47:26,045 INFO  n.e.o.t.s.UpdateSvc                 - inserting p: sacr-cr5:10/2/4 to sacr-cr5                    
2019-02-06 13:47:26,047 DEBUG n.e.o.t.s.UpdateSvc                 - sacr-cr5:10/2/2 47                                          
2019-02-06 13:47:26,047 DEBUG n.e.o.t.s.UpdateSvc                 - sacr-cr5:10/2/1 47                                          
2019-02-06 13:47:26,047 DEBUG n.e.o.t.s.UpdateSvc                 - sacr-cr5:10/2/5 47                                          
2019-02-06 13:47:26,047 DEBUG n.e.o.t.s.UpdateSvc                 - sacr-cr5:10/2/6 47                                          
2019-02-06 13:47:26,047 DEBUG n.e.o.t.s.UpdateSvc                 - sacr-cr5:3/1/1 47                                           
2019-02-06 13:47:26,047 DEBUG n.e.o.t.s.UpdateSvc                 - sacr-cr5:4/1/1 47                                           
2019-02-06 13:47:26,047 DEBUG n.e.o.t.s.UpdateSvc                 - sacr-cr5:10/2/3 47                                          
2019-02-06 13:47:26,047 DEBUG n.e.o.t.s.UpdateSvc                 - sacr-cr5:10/2/4 47                                          
2019-02-06 13:47:26,050 INFO  n.e.o.t.s.UpdateSvc                 - inserting p: ornl-rt4:ge-0/0/1 to ornl-rt4                  
2019-02-06 13:47:26,051 DEBUG n.e.o.t.s.UpdateSvc                 - ornl-rt4:ge-0/0/1 42                                        
2019-02-06 13:47:26,051 DEBUG n.e.o.t.s.UpdateSvc                 - ornl-rt4:xe-2/3/0 42                                        
2019-02-06 13:47:26,051 DEBUG n.e.o.t.s.UpdateSvc                 - ornl-rt4:xe-1/2/0 42                                        
2019-02-06 13:47:26,055 INFO  n.e.o.t.s.UpdateSvc                 - inserting p: eqx-ash-cr5:1/2/1 to eqx-ash-cr5               
2019-02-06 13:47:26,056 DEBUG n.e.o.t.s.UpdateSvc                 - eqx-ash-cr5:1/2/1 62                                        
2019-02-06 13:47:26,060 INFO  n.e.o.t.s.UpdateSvc                 - inserting p: nersc-mr2:xe-0/2/0 to nersc-mr2                
2019-02-06 13:47:26,064 DEBUG n.e.o.t.s.UpdateSvc                 - nersc-mr2:xe-7/3/0 29                                       
2019-02-06 13:47:26,064 DEBUG n.e.o.t.s.UpdateSvc                 - nersc-mr2:xe-2/2/0 29                                       
2019-02-06 13:47:26,066 DEBUG n.e.o.t.s.UpdateSvc                 - nersc-mr2:xe-0/2/0 29                                       
2019-02-06 13:47:26,066 DEBUG n.e.o.t.s.UpdateSvc                 - nersc-mr2:xe-1/3/0 29                                       
2019-02-06 13:47:26,070 INFO  n.e.o.t.s.UpdateSvc                 - inserting p: eqx-ash-cr5:10/1/6 to eqx-ash-cr5              
2019-02-06 13:47:26,071 DEBUG n.e.o.t.s.UpdateSvc                 - eqx-ash-cr5:1/2/1 62                                        
2019-02-06 13:47:26,071 DEBUG n.e.o.t.s.UpdateSvc                 - eqx-ash-cr5:10/1/6 62                                       
2019-02-06 13:47:26,073 INFO  n.e.o.t.s.UpdateSvc                 - inserting p: albq-cr5:2/1/1 to albq-cr5                     
2019-02-06 13:47:26,074 DEBUG n.e.o.t.s.UpdateSvc                 - albq-cr5:2/1/1 73                                           
2019-02-06 13:47:26,074 DEBUG n.e.o.t.s.UpdateSvc                 - albq-cr5:3/1/1 73                                           
2019-02-06 13:47:26,074 DEBUG n.e.o.t.s.UpdateSvc                 - albq-cr5:10/1/2 73                                          
2019-02-06 13:47:26,074 DEBUG n.e.o.t.s.UpdateSvc                 - albq-cr5:10/1/5 73                                          
2019-02-06 13:47:26,074 DEBUG n.e.o.t.s.UpdateSvc                 - albq-cr5:10/1/4 73                                          
2019-02-06 13:47:26,074 DEBUG n.e.o.t.s.UpdateSvc                 - albq-cr5:10/1/3 73                                          
2019-02-06 13:47:26,076 INFO  n.e.o.t.s.UpdateSvc                 - inserting p: eqx-ash-cr5:10/1/5 to eqx-ash-cr5              
2019-02-06 13:47:26,077 DEBUG n.e.o.t.s.UpdateSvc                 - eqx-ash-cr5:1/2/1 62                                        
2019-02-06 13:47:26,077 DEBUG n.e.o.t.s.UpdateSvc                 - eqx-ash-cr5:10/1/6 62                                       
2019-02-06 13:47:26,077 DEBUG n.e.o.t.s.UpdateSvc                 - eqx-ash-cr5:10/1/5 62                                       
2019-02-06 13:47:26,079 INFO  n.e.o.t.s.UpdateSvc                 - inserting p: eqx-ash-cr5:10/1/2 to eqx-ash-cr5              
2019-02-06 13:47:26,080 DEBUG n.e.o.t.s.UpdateSvc                 - eqx-ash-cr5:1/2/1 62                                        
2019-02-06 13:47:26,080 DEBUG n.e.o.t.s.UpdateSvc                 - eqx-ash-cr5:10/1/6 62                                       
2019-02-06 13:47:26,080 DEBUG n.e.o.t.s.UpdateSvc                 - eqx-ash-cr5:10/1/5 62                                       
2019-02-06 13:47:26,080 DEBUG n.e.o.t.s.UpdateSvc                 - eqx-ash-cr5:10/1/2 62                                       
2019-02-06 13:47:26,082 INFO  n.e.o.t.s.UpdateSvc                 - inserting p: llnl-mr2:xe-1/3/0 to llnl-mr2                  
2019-02-06 13:47:26,083 DEBUG n.e.o.t.s.UpdateSvc                 - llnl-mr2:ge-3/0/1 52                                        
2019-02-06 13:47:26,083 DEBUG n.e.o.t.s.UpdateSvc                 - llnl-mr2:xe-1/3/0 52                                        
2019-02-06 13:47:26,083 DEBUG n.e.o.t.s.UpdateSvc                 - llnl-mr2:xe-2/1/0 52                                        
2019-02-06 13:47:26,083 DEBUG n.e.o.t.s.UpdateSvc                 - llnl-mr2:ge-3/0/0 52                                        
2019-02-06 13:47:26,083 DEBUG n.e.o.t.s.UpdateSvc                 - llnl-mr2:xe-3/2/0 52                                        
2019-02-06 13:47:26,086 INFO  n.e.o.t.s.UpdateSvc                 - inserting p: atla-cr5:10/1/8 to atla-cr5                    
2019-02-06 13:47:26,086 DEBUG n.e.o.t.s.UpdateSvc                 - atla-cr5:10/1/8 41                                          
2019-02-06 13:47:26,086 DEBUG n.e.o.t.s.UpdateSvc                 - atla-cr5:1/1/1 41                                           
2019-02-06 13:47:26,089 INFO  n.e.o.t.s.UpdateSvc                 - inserting p: eqx-ash-cr5:10/1/1 to eqx-ash-cr5              
2019-02-06 13:47:26,089 DEBUG n.e.o.t.s.UpdateSvc                 - eqx-ash-cr5:1/2/1 62                                        
2019-02-06 13:47:26,089 DEBUG n.e.o.t.s.UpdateSvc                 - eqx-ash-cr5:10/1/6 62                                       
2019-02-06 13:47:26,089 DEBUG n.e.o.t.s.UpdateSvc                 - eqx-ash-cr5:10/1/5 62                                       
2019-02-06 13:47:26,089 DEBUG n.e.o.t.s.UpdateSvc                 - eqx-ash-cr5:10/1/1 62                                       
2019-02-06 13:47:26,089 DEBUG n.e.o.t.s.UpdateSvc                 - eqx-ash-cr5:10/1/2 62                                       
2019-02-06 13:47:26,091 INFO  n.e.o.t.s.UpdateSvc                 - inserting p: wash-cr5:6/1/1 to wash-cr5                     
2019-02-06 13:47:26,093 DEBUG n.e.o.t.s.UpdateSvc                 - wash-cr5:10/1/5 36                                          
2019-02-06 13:47:26,093 DEBUG n.e.o.t.s.UpdateSvc                 - wash-cr5:10/1/3 36                                          
2019-02-06 13:47:26,093 DEBUG n.e.o.t.s.UpdateSvc                 - wash-cr5:1/1/1 36                                           
2019-02-06 13:47:26,093 DEBUG n.e.o.t.s.UpdateSvc                 - wash-cr5:6/1/1 36                                           
2019-02-06 13:47:26,093 DEBUG n.e.o.t.s.UpdateSvc                 - wash-cr5:10/1/9 36                                          
2019-02-06 13:47:26,093 DEBUG n.e.o.t.s.UpdateSvc                 - wash-cr5:10/1/4 36                                          
2019-02-06 13:47:26,093 DEBUG n.e.o.t.s.UpdateSvc                 - wash-cr5:10/1/10 36                                         
2019-02-06 13:47:26,094 INFO  n.e.o.t.s.UpdateSvc                 - inserting p: eqx-sj-cr5:1/2/1 to eqx-sj-cr5                 
2019-02-06 13:47:26,095 DEBUG n.e.o.t.s.UpdateSvc                 - eqx-sj-cr5:1/2/1 35                                         
2019-02-06 13:47:26,096 INFO  n.e.o.t.s.UpdateSvc                 - inserting p: bost-cr5:2/1/1 to bost-cr5                     
2019-02-06 13:47:26,097 DEBUG n.e.o.t.s.UpdateSvc                 - bost-cr5:10/1/6 77                                          
2019-02-06 13:47:26,097 DEBUG n.e.o.t.s.UpdateSvc                 - bost-cr5:10/2/3 77                                          
2019-02-06 13:47:26,097 DEBUG n.e.o.t.s.UpdateSvc                 - bost-cr5:10/1/2 77                                          
2019-02-06 13:47:26,097 DEBUG n.e.o.t.s.UpdateSvc                 - bost-cr5:2/1/1 77                                           
2019-02-06 13:47:26,097 DEBUG n.e.o.t.s.UpdateSvc                 - bost-cr5:10/1/5 77                                          
2019-02-06 13:47:26,109 INFO  n.e.o.t.s.UpdateSvc                 - inserting p: chic-cr5:1/1/1 to chic-cr5                     
2019-02-06 13:47:26,110 DEBUG n.e.o.t.s.UpdateSvc                 - chic-cr5:BLANK 55                                           
2019-02-06 13:47:26,110 DEBUG n.e.o.t.s.UpdateSvc                 - chic-cr5:6/2/1 55                                           
2019-02-06 13:47:26,110 DEBUG n.e.o.t.s.UpdateSvc                 - chic-cr5:7/1/1 55                                           
2019-02-06 13:47:26,110 DEBUG n.e.o.t.s.UpdateSvc                 - chic-cr5:6/1/1 55                                           
2019-02-06 13:47:26,110 DEBUG n.e.o.t.s.UpdateSvc                 - chic-cr5:1/1/1 55                                           
2019-02-06 13:47:26,113 INFO  n.e.o.t.s.UpdateSvc                 - inserting p: atla-cr5:10/1/2 to atla-cr5                    
2019-02-06 13:47:26,114 DEBUG n.e.o.t.s.UpdateSvc                 - atla-cr5:10/1/8 41                                          
2019-02-06 13:47:26,114 DEBUG n.e.o.t.s.UpdateSvc                 - atla-cr5:10/1/2 41                                          
2019-02-06 13:47:26,114 DEBUG n.e.o.t.s.UpdateSvc                 - atla-cr5:1/1/1 41                                           
2019-02-06 13:47:26,117 INFO  n.e.o.t.s.UpdateSvc                 - inserting p: atla-cr5:3/1/1 to atla-cr5                     
2019-02-06 13:47:26,117 DEBUG n.e.o.t.s.UpdateSvc                 - atla-cr5:10/1/8 41                                          
2019-02-06 13:47:26,118 DEBUG n.e.o.t.s.UpdateSvc                 - atla-cr5:10/1/2 41                                          
2019-02-06 13:47:26,118 DEBUG n.e.o.t.s.UpdateSvc                 - atla-cr5:3/1/1 41                                           
2019-02-06 13:47:26,118 DEBUG n.e.o.t.s.UpdateSvc                 - atla-cr5:1/1/1 41                                           
2019-02-06 13:47:26,120 INFO  n.e.o.t.s.UpdateSvc                 - inserting p: atla-cr5:10/1/3 to atla-cr5                    
2019-02-06 13:47:26,121 DEBUG n.e.o.t.s.UpdateSvc                 - atla-cr5:10/1/3 41                                          
2019-02-06 13:47:26,121 DEBUG n.e.o.t.s.UpdateSvc                 - atla-cr5:10/1/8 41                                          
2019-02-06 13:47:26,121 DEBUG n.e.o.t.s.UpdateSvc                 - atla-cr5:10/1/2 41                                          
2019-02-06 13:47:26,121 DEBUG n.e.o.t.s.UpdateSvc                 - atla-cr5:3/1/1 41                                           
2019-02-06 13:47:26,121 DEBUG n.e.o.t.s.UpdateSvc                 - atla-cr5:1/1/1 41                                           
2019-02-06 13:47:26,123 INFO  n.e.o.t.s.UpdateSvc                 - inserting p: sacr-cr5:10/1/1 to sacr-cr5                    
2019-02-06 13:47:26,125 DEBUG n.e.o.t.s.UpdateSvc                 - sacr-cr5:10/2/2 47                                          
2019-02-06 13:47:26,125 DEBUG n.e.o.t.s.UpdateSvc                 - sacr-cr5:10/2/1 47                                          
2019-02-06 13:47:26,125 DEBUG n.e.o.t.s.UpdateSvc                 - sacr-cr5:10/2/5 47                                          
2019-02-06 13:47:26,125 DEBUG n.e.o.t.s.UpdateSvc                 - sacr-cr5:10/2/6 47                                          
2019-02-06 13:47:26,125 DEBUG n.e.o.t.s.UpdateSvc                 - sacr-cr5:3/1/1 47                                           
2019-02-06 13:47:26,125 DEBUG n.e.o.t.s.UpdateSvc                 - sacr-cr5:4/1/1 47                                           
2019-02-06 13:47:26,125 DEBUG n.e.o.t.s.UpdateSvc                 - sacr-cr5:10/2/3 47                                          
2019-02-06 13:47:26,125 DEBUG n.e.o.t.s.UpdateSvc                 - sacr-cr5:10/1/1 47                                          
2019-02-06 13:47:26,125 DEBUG n.e.o.t.s.UpdateSvc                 - sacr-cr5:10/2/4 47                                          
2019-02-06 13:47:26,128 INFO  n.e.o.t.s.UpdateSvc                 - inserting p: newy-cr5:4/1/1 to newy-cr5                     
2019-02-06 13:47:26,129 DEBUG n.e.o.t.s.UpdateSvc                 - newy-cr5:10/1/2 59                                          
2019-02-06 13:47:26,129 DEBUG n.e.o.t.s.UpdateSvc                 - newy-cr5:9/1/4 59                                           
2019-02-06 13:47:26,129 DEBUG n.e.o.t.s.UpdateSvc                 - newy-cr5:2/1/1 59                                           
2019-02-06 13:47:26,129 DEBUG n.e.o.t.s.UpdateSvc                 - newy-cr5:10/1/9 59                                          
2019-02-06 13:47:26,129 DEBUG n.e.o.t.s.UpdateSvc                 - newy-cr5:10/1/3 59                                          
2019-02-06 13:47:26,129 DEBUG n.e.o.t.s.UpdateSvc                 - newy-cr5:9/1/1 59                                           
2019-02-06 13:47:26,129 DEBUG n.e.o.t.s.UpdateSvc                 - newy-cr5:4/1/1 59                                           
2019-02-06 13:47:26,129 DEBUG n.e.o.t.s.UpdateSvc                 - newy-cr5:3/1/1 59                                           
2019-02-06 13:47:26,132 INFO  n.e.o.t.s.UpdateSvc                 - inserting p: sacr-cr5:10/1/6 to sacr-cr5                    
2019-02-06 13:47:26,133 DEBUG n.e.o.t.s.UpdateSvc                 - sacr-cr5:10/2/2 47                                          
2019-02-06 13:47:26,134 DEBUG n.e.o.t.s.UpdateSvc                 - sacr-cr5:10/2/1 47                                          
2019-02-06 13:47:26,134 DEBUG n.e.o.t.s.UpdateSvc                 - sacr-cr5:10/1/6 47                                          
2019-02-06 13:47:26,134 DEBUG n.e.o.t.s.UpdateSvc                 - sacr-cr5:10/2/5 47                                          
2019-02-06 13:47:26,134 DEBUG n.e.o.t.s.UpdateSvc                 - sacr-cr5:10/2/6 47                                          
2019-02-06 13:47:26,134 DEBUG n.e.o.t.s.UpdateSvc                 - sacr-cr5:3/1/1 47                                           
2019-02-06 13:47:26,134 DEBUG n.e.o.t.s.UpdateSvc                 - sacr-cr5:4/1/1 47                                           
2019-02-06 13:47:26,134 DEBUG n.e.o.t.s.UpdateSvc                 - sacr-cr5:10/2/3 47                                          
2019-02-06 13:47:26,134 DEBUG n.e.o.t.s.UpdateSvc                 - sacr-cr5:10/1/1 47                                          
2019-02-06 13:47:26,134 DEBUG n.e.o.t.s.UpdateSvc                 - sacr-cr5:10/2/4 47                                          
2019-02-06 13:47:26,137 INFO  n.e.o.t.s.UpdateSvc                 - inserting p: llnl-mr2:xe-2/2/0 to llnl-mr2                  
2019-02-06 13:47:26,139 DEBUG n.e.o.t.s.UpdateSvc                 - llnl-mr2:ge-3/0/1 52                                        
2019-02-06 13:47:26,139 DEBUG n.e.o.t.s.UpdateSvc                 - llnl-mr2:xe-1/3/0 52                                        
2019-02-06 13:47:26,139 DEBUG n.e.o.t.s.UpdateSvc                 - llnl-mr2:xe-2/1/0 52                                        
2019-02-06 13:47:26,139 DEBUG n.e.o.t.s.UpdateSvc                 - llnl-mr2:ge-3/0/0 52                                        
2019-02-06 13:47:26,139 DEBUG n.e.o.t.s.UpdateSvc                 - llnl-mr2:xe-2/2/0 52                                        
2019-02-06 13:47:26,139 DEBUG n.e.o.t.s.UpdateSvc                 - llnl-mr2:xe-3/2/0 52                                        
2019-02-06 13:47:26,142 INFO  n.e.o.t.s.UpdateSvc                 - inserting p: chic-cr5:8/1/1 to chic-cr5                     
2019-02-06 13:47:26,144 DEBUG n.e.o.t.s.UpdateSvc                 - chic-cr5:BLANK 55                                           
2019-02-06 13:47:26,144 DEBUG n.e.o.t.s.UpdateSvc                 - chic-cr5:6/2/1 55                                           
2019-02-06 13:47:26,144 DEBUG n.e.o.t.s.UpdateSvc                 - chic-cr5:7/1/1 55                                           
2019-02-06 13:47:26,144 DEBUG n.e.o.t.s.UpdateSvc                 - chic-cr5:6/1/1 55                                           
2019-02-06 13:47:26,144 DEBUG n.e.o.t.s.UpdateSvc                 - chic-cr5:8/1/1 55                                           
2019-02-06 13:47:26,144 DEBUG n.e.o.t.s.UpdateSvc                 - chic-cr5:1/1/1 55                                           
2019-02-06 13:47:26,148 INFO  n.e.o.t.s.UpdateSvc                 - inserting p: sacr-cr5:10/1/2 to sacr-cr5                    
2019-02-06 13:47:26,150 DEBUG n.e.o.t.s.UpdateSvc                 - sacr-cr5:10/2/2 47                                          
2019-02-06 13:47:26,150 DEBUG n.e.o.t.s.UpdateSvc                 - sacr-cr5:10/2/1 47                                          
2019-02-06 13:47:26,150 DEBUG n.e.o.t.s.UpdateSvc                 - sacr-cr5:10/1/6 47                                          
2019-02-06 13:47:26,150 DEBUG n.e.o.t.s.UpdateSvc                 - sacr-cr5:10/2/5 47                                          
2019-02-06 13:47:26,150 DEBUG n.e.o.t.s.UpdateSvc                 - sacr-cr5:10/2/6 47                                          
2019-02-06 13:47:26,150 DEBUG n.e.o.t.s.UpdateSvc                 - sacr-cr5:3/1/1 47                                           
2019-02-06 13:47:26,150 DEBUG n.e.o.t.s.UpdateSvc                 - sacr-cr5:4/1/1 47                                           
2019-02-06 13:47:26,150 DEBUG n.e.o.t.s.UpdateSvc                 - sacr-cr5:10/2/3 47                                          
2019-02-06 13:47:26,150 DEBUG n.e.o.t.s.UpdateSvc                 - sacr-cr5:10/1/1 47                                          
2019-02-06 13:47:26,150 DEBUG n.e.o.t.s.UpdateSvc                 - sacr-cr5:10/1/2 47                                          
2019-02-06 13:47:26,150 DEBUG n.e.o.t.s.UpdateSvc                 - sacr-cr5:10/2/4 47                                          
2019-02-06 13:47:26,153 INFO  n.e.o.t.s.UpdateSvc                 - inserting p: sacr-cr5:10/1/4 to sacr-cr5                    
2019-02-06 13:47:26,156 DEBUG n.e.o.t.s.UpdateSvc                 - sacr-cr5:10/2/2 47                                          
2019-02-06 13:47:26,156 DEBUG n.e.o.t.s.UpdateSvc                 - sacr-cr5:10/2/1 47                                          
2019-02-06 13:47:26,156 DEBUG n.e.o.t.s.UpdateSvc                 - sacr-cr5:10/1/6 47                                          
2019-02-06 13:47:26,156 DEBUG n.e.o.t.s.UpdateSvc                 - sacr-cr5:10/2/5 47                                          
2019-02-06 13:47:26,156 DEBUG n.e.o.t.s.UpdateSvc                 - sacr-cr5:10/2/6 47                                          
2019-02-06 13:47:26,156 DEBUG n.e.o.t.s.UpdateSvc                 - sacr-cr5:3/1/1 47                                           
2019-02-06 13:47:26,156 DEBUG n.e.o.t.s.UpdateSvc                 - sacr-cr5:4/1/1 47                                           
2019-02-06 13:47:26,156 DEBUG n.e.o.t.s.UpdateSvc                 - sacr-cr5:10/2/3 47                                          
2019-02-06 13:47:26,156 DEBUG n.e.o.t.s.UpdateSvc                 - sacr-cr5:10/1/1 47                                          
2019-02-06 13:47:26,156 DEBUG n.e.o.t.s.UpdateSvc                 - sacr-cr5:10/1/2 47                                          
2019-02-06 13:47:26,156 DEBUG n.e.o.t.s.UpdateSvc                 - sacr-cr5:10/1/4 47                                          
2019-02-06 13:47:26,156 DEBUG n.e.o.t.s.UpdateSvc                 - sacr-cr5:10/2/4 47                                          
2019-02-06 13:47:26,159 INFO  n.e.o.t.s.UpdateSvc                 - inserting p: cern-773-cr5:BLANK to cern-773-cr5             
2019-02-06 13:47:26,160 DEBUG n.e.o.t.s.UpdateSvc                 - cern-773-cr5:10/1/2 44                                      
2019-02-06 13:47:26,160 DEBUG n.e.o.t.s.UpdateSvc                 - cern-773-cr5:10/1/1 44                                      
2019-02-06 13:47:26,160 DEBUG n.e.o.t.s.UpdateSvc                 - cern-773-cr5:10/1/3 44                                      
2019-02-06 13:47:26,160 DEBUG n.e.o.t.s.UpdateSvc                 - cern-773-cr5:BLANK 44                                       
2019-02-06 13:47:26,163 INFO  n.e.o.t.s.UpdateSvc                 - inserting p: forr-rt2:ge-0/0/5 to forr-rt2                  
2019-02-06 13:47:26,164 DEBUG n.e.o.t.s.UpdateSvc                 - forr-rt2:ge-0/0/5 63                                        
2019-02-06 13:47:26,167 INFO  n.e.o.t.s.UpdateSvc                 - inserting p: forr-rt2:ge-0/0/4 to forr-rt2                  
2019-02-06 13:47:26,168 DEBUG n.e.o.t.s.UpdateSvc                 - forr-rt2:ge-0/0/4 63                                        
2019-02-06 13:47:26,168 DEBUG n.e.o.t.s.UpdateSvc                 - forr-rt2:ge-0/0/5 63                                        
2019-02-06 13:47:26,171 INFO  n.e.o.t.s.UpdateSvc                 - inserting p: eqx-ash-cr5:1/1/1 to eqx-ash-cr5               
2019-02-06 13:47:26,172 DEBUG n.e.o.t.s.UpdateSvc                 - eqx-ash-cr5:1/2/1 62                                        
2019-02-06 13:47:26,172 DEBUG n.e.o.t.s.UpdateSvc                 - eqx-ash-cr5:10/1/6 62                                       
2019-02-06 13:47:26,172 DEBUG n.e.o.t.s.UpdateSvc                 - eqx-ash-cr5:10/1/5 62                                       
2019-02-06 13:47:26,172 DEBUG n.e.o.t.s.UpdateSvc                 - eqx-ash-cr5:1/1/1 62                                        
2019-02-06 13:47:26,172 DEBUG n.e.o.t.s.UpdateSvc                 - eqx-ash-cr5:10/1/1 62                                       
2019-02-06 13:47:26,172 DEBUG n.e.o.t.s.UpdateSvc                 - eqx-ash-cr5:10/1/2 62                                       
2019-02-06 13:47:26,175 INFO  n.e.o.t.s.UpdateSvc                 - inserting p: forr-rt2:ge-0/0/2 to forr-rt2                  
2019-02-06 13:47:26,177 DEBUG n.e.o.t.s.UpdateSvc                 - forr-rt2:ge-0/0/2 63                                        
2019-02-06 13:47:26,177 DEBUG n.e.o.t.s.UpdateSvc                 - forr-rt2:ge-0/0/4 63                                        
2019-02-06 13:47:26,177 DEBUG n.e.o.t.s.UpdateSvc                 - forr-rt2:ge-0/0/5 63                                        
2019-02-06 13:47:26,179 INFO  n.e.o.t.s.UpdateSvc                 - inserting p: forr-rt2:ge-0/0/1 to forr-rt2                  
2019-02-06 13:47:26,180 DEBUG n.e.o.t.s.UpdateSvc                 - forr-rt2:ge-0/0/2 63                                        
2019-02-06 13:47:26,180 DEBUG n.e.o.t.s.UpdateSvc                 - forr-rt2:ge-0/0/1 63                                        
2019-02-06 13:47:26,180 DEBUG n.e.o.t.s.UpdateSvc                 - forr-rt2:ge-0/0/4 63                                        
2019-02-06 13:47:26,180 DEBUG n.e.o.t.s.UpdateSvc                 - forr-rt2:ge-0/0/5 63                                        
2019-02-06 13:47:26,183 INFO  n.e.o.t.s.UpdateSvc                 - inserting p: forr-rt2:ge-0/0/0 to forr-rt2                  
2019-02-06 13:47:26,184 DEBUG n.e.o.t.s.UpdateSvc                 - forr-rt2:ge-0/0/2 63                                        
2019-02-06 13:47:26,184 DEBUG n.e.o.t.s.UpdateSvc                 - forr-rt2:ge-0/0/1 63                                        
2019-02-06 13:47:26,184 DEBUG n.e.o.t.s.UpdateSvc                 - forr-rt2:ge-0/0/4 63                                        
2019-02-06 13:47:26,184 DEBUG n.e.o.t.s.UpdateSvc                 - forr-rt2:ge-0/0/0 63                                        
2019-02-06 13:47:26,184 DEBUG n.e.o.t.s.UpdateSvc                 - forr-rt2:ge-0/0/5 63                                        
2019-02-06 13:47:26,186 INFO  n.e.o.t.s.UpdateSvc                 - inserting p: chic-cr5:7/2/1 to chic-cr5                     
2019-02-06 13:47:26,187 DEBUG n.e.o.t.s.UpdateSvc                 - chic-cr5:BLANK 55                                           
2019-02-06 13:47:26,187 DEBUG n.e.o.t.s.UpdateSvc                 - chic-cr5:6/2/1 55                                           
2019-02-06 13:47:26,187 DEBUG n.e.o.t.s.UpdateSvc                 - chic-cr5:7/2/1 55                                           
2019-02-06 13:47:26,188 DEBUG n.e.o.t.s.UpdateSvc                 - chic-cr5:7/1/1 55                                           
2019-02-06 13:47:26,188 DEBUG n.e.o.t.s.UpdateSvc                 - chic-cr5:6/1/1 55                                           
2019-02-06 13:47:26,188 DEBUG n.e.o.t.s.UpdateSvc                 - chic-cr5:8/1/1 55                                           
2019-02-06 13:47:26,188 DEBUG n.e.o.t.s.UpdateSvc                 - chic-cr5:1/1/1 55                                           
2019-02-06 13:47:26,191 INFO  n.e.o.t.s.UpdateSvc                 - inserting p: nersc-mr2:xe-1/1/0 to nersc-mr2                
2019-02-06 13:47:26,192 DEBUG n.e.o.t.s.UpdateSvc                 - nersc-mr2:xe-7/3/0 29                                       
2019-02-06 13:47:26,192 DEBUG n.e.o.t.s.UpdateSvc                 - nersc-mr2:xe-2/2/0 29                                       
2019-02-06 13:47:26,192 DEBUG n.e.o.t.s.UpdateSvc                 - nersc-mr2:xe-0/2/0 29                                       
2019-02-06 13:47:26,192 DEBUG n.e.o.t.s.UpdateSvc                 - nersc-mr2:xe-1/1/0 29                                       
2019-02-06 13:47:26,192 DEBUG n.e.o.t.s.UpdateSvc                 - nersc-mr2:xe-1/3/0 29                                       
2019-02-06 13:47:26,194 INFO  n.e.o.t.s.UpdateSvc                 - inserting p: amst-cr5:5/1/1 to amst-cr5                     
2019-02-06 13:47:26,195 DEBUG n.e.o.t.s.UpdateSvc                 - amst-cr5:10/1/1 72                                          
2019-02-06 13:47:26,195 DEBUG n.e.o.t.s.UpdateSvc                 - amst-cr5:10/1/2 72                                          
2019-02-06 13:47:26,195 DEBUG n.e.o.t.s.UpdateSvc                 - amst-cr5:5/1/1 72                                           
2019-02-06 13:47:26,195 DEBUG n.e.o.t.s.UpdateSvc                 - amst-cr5:10/2/5 72                                          
2019-02-06 13:47:26,198 INFO  n.e.o.t.s.UpdateSvc                 - inserting p: bois-cr1:xe-0/0/0 to bois-cr1                  
2019-02-06 13:47:26,199 DEBUG n.e.o.t.s.UpdateSvc                 - bois-cr1:xe-1/2/0 39                                        
2019-02-06 13:47:26,199 DEBUG n.e.o.t.s.UpdateSvc                 - bois-cr1:xe-7/3/0 39                                        
2019-02-06 13:47:26,199 DEBUG n.e.o.t.s.UpdateSvc                 - bois-cr1:xe-7/1/0 39                                        
2019-02-06 13:47:26,199 DEBUG n.e.o.t.s.UpdateSvc                 - bois-cr1:xe-0/0/0 39                                        
2019-02-06 13:47:26,201 INFO  n.e.o.t.s.UpdateSvc                 - inserting p: sacr-cr5:1/1/1 to sacr-cr5                     
2019-02-06 13:47:26,202 DEBUG n.e.o.t.s.UpdateSvc                 - sacr-cr5:1/1/1 47                                           
2019-02-06 13:47:26,202 DEBUG n.e.o.t.s.UpdateSvc                 - sacr-cr5:10/2/2 47                                          
2019-02-06 13:47:26,202 DEBUG n.e.o.t.s.UpdateSvc                 - sacr-cr5:10/2/1 47                                          
2019-02-06 13:47:26,202 DEBUG n.e.o.t.s.UpdateSvc                 - sacr-cr5:10/1/6 47                                          
2019-02-06 13:47:26,202 DEBUG n.e.o.t.s.UpdateSvc                 - sacr-cr5:10/2/3 47                                          
2019-02-06 13:47:26,202 DEBUG n.e.o.t.s.UpdateSvc                 - sacr-cr5:10/1/1 47                                          
2019-02-06 13:47:26,202 DEBUG n.e.o.t.s.UpdateSvc                 - sacr-cr5:10/1/4 47                                          
2019-02-06 13:47:26,202 DEBUG n.e.o.t.s.UpdateSvc                 - sacr-cr5:10/2/4 47                                          
2019-02-06 13:47:26,202 DEBUG n.e.o.t.s.UpdateSvc                 - sacr-cr5:10/2/5 47                                          
2019-02-06 13:47:26,203 DEBUG n.e.o.t.s.UpdateSvc                 - sacr-cr5:10/2/6 47                                          
2019-02-06 13:47:26,203 DEBUG n.e.o.t.s.UpdateSvc                 - sacr-cr5:3/1/1 47                                           
2019-02-06 13:47:26,203 DEBUG n.e.o.t.s.UpdateSvc                 - sacr-cr5:4/1/1 47                                           
2019-02-06 13:47:26,203 DEBUG n.e.o.t.s.UpdateSvc                 - sacr-cr5:10/1/2 47                                          
2019-02-06 13:47:26,205 INFO  n.e.o.t.s.UpdateSvc                 - inserting p: ameslab-rt3:xe-1/1/0 to ameslab-rt3            
2019-02-06 13:47:26,206 DEBUG n.e.o.t.s.UpdateSvc                 - ameslab-rt3:xe-1/3/0 67                                     
2019-02-06 13:47:26,206 DEBUG n.e.o.t.s.UpdateSvc                 - ameslab-rt3:xe-1/1/0 67                                     
2019-02-06 13:47:26,209 INFO  n.e.o.t.s.UpdateSvc                 - inserting p: pnwg-cr5:3/1/1 to pnwg-cr5                     
2019-02-06 13:47:26,210 DEBUG n.e.o.t.s.UpdateSvc                 - pnwg-cr5:3/1/1 71                                           
2019-02-06 13:47:26,210 DEBUG n.e.o.t.s.UpdateSvc                 - pnwg-cr5:BLANK 71                                           
2019-02-06 13:47:26,223 INFO  n.e.o.t.s.UpdateSvc                 - inserting p: lbl-mr2:xe-7/2/0 to lbl-mr2                    
2019-02-06 13:47:26,224 DEBUG n.e.o.t.s.UpdateSvc                 - lbl-mr2:xe-0/2/0 74                                         
2019-02-06 13:47:26,224 DEBUG n.e.o.t.s.UpdateSvc                 - lbl-mr2:xe-8/3/0 74                                         
2019-02-06 13:47:26,224 DEBUG n.e.o.t.s.UpdateSvc                 - lbl-mr2:xe-7/0/0 74                                         
2019-02-06 13:47:26,225 DEBUG n.e.o.t.s.UpdateSvc                 - lbl-mr2:xe-1/1/0 74                                         
2019-02-06 13:47:26,225 DEBUG n.e.o.t.s.UpdateSvc                 - lbl-mr2:xe-8/1/0 74                                         
2019-02-06 13:47:26,225 DEBUG n.e.o.t.s.UpdateSvc                 - lbl-mr2:xe-0/1/0 74                                         
2019-02-06 13:47:26,225 DEBUG n.e.o.t.s.UpdateSvc                 - lbl-mr2:xe-7/2/0 74                                         
2019-02-06 13:47:26,228 INFO  n.e.o.t.s.UpdateSvc                 - inserting p: aofa-cr5:4/2/1 to aofa-cr5                     
2019-02-06 13:47:26,229 DEBUG n.e.o.t.s.UpdateSvc                 - aofa-cr5:10/1/1 69                                          
2019-02-06 13:47:26,229 DEBUG n.e.o.t.s.UpdateSvc                 - aofa-cr5:10/1/9 69                                          
2019-02-06 13:47:26,230 DEBUG n.e.o.t.s.UpdateSvc                 - aofa-cr5:5/1/1 69                                           
2019-02-06 13:47:26,230 DEBUG n.e.o.t.s.UpdateSvc                 - aofa-cr5:6/2/1 69                                           
2019-02-06 13:47:26,230 DEBUG n.e.o.t.s.UpdateSvc                 - aofa-cr5:10/1/2 69                                          
2019-02-06 13:47:26,230 DEBUG n.e.o.t.s.UpdateSvc                 - aofa-cr5:10/1/8 69                                          
2019-02-06 13:47:26,230 DEBUG n.e.o.t.s.UpdateSvc                 - aofa-cr5:4/2/1 69                                           
2019-02-06 13:47:26,232 INFO  n.e.o.t.s.UpdateSvc                 - inserting p: cern-513-cr5:2/1/1 to cern-513-cr5             
2019-02-06 13:47:26,233 DEBUG n.e.o.t.s.UpdateSvc                 - cern-513-cr5:1/2/1 34                                       
2019-02-06 13:47:26,233 DEBUG n.e.o.t.s.UpdateSvc                 - cern-513-cr5:1/1/1 34                                       
2019-02-06 13:47:26,234 DEBUG n.e.o.t.s.UpdateSvc                 - cern-513-cr5:2/1/1 34                                       
2019-02-06 13:47:26,236 INFO  n.e.o.t.s.UpdateSvc                 - inserting p: ameslab-rt3:xe-0/2/0 to ameslab-rt3            
2019-02-06 13:47:26,237 DEBUG n.e.o.t.s.UpdateSvc                 - ameslab-rt3:xe-0/2/0 67                                     
2019-02-06 13:47:26,238 DEBUG n.e.o.t.s.UpdateSvc                 - ameslab-rt3:xe-1/3/0 67                                     
2019-02-06 13:47:26,238 DEBUG n.e.o.t.s.UpdateSvc                 - ameslab-rt3:xe-1/1/0 67                                     
2019-02-06 13:47:26,241 INFO  n.e.o.t.s.UpdateSvc                 - inserting p: star-cr5:4/1/1 to star-cr5                     
2019-02-06 13:47:26,243 DEBUG n.e.o.t.s.UpdateSvc                 - star-cr5:4/1/1 76                                           
2019-02-06 13:47:26,243 DEBUG n.e.o.t.s.UpdateSvc                 - star-cr5:5/1/1 76                                           
2019-02-06 13:47:26,243 DEBUG n.e.o.t.s.UpdateSvc                 - star-cr5:3/1/1 76                                           
2019-02-06 13:47:26,243 DEBUG n.e.o.t.s.UpdateSvc                 - star-cr5:3/2/1 76                                           
2019-02-06 13:47:26,246 INFO  n.e.o.t.s.UpdateSvc                 - inserting p: lsvn-cr1:xe-1/2/0 to lsvn-cr1                  
2019-02-06 13:47:26,248 DEBUG n.e.o.t.s.UpdateSvc                 - lsvn-cr1:xe-2/2/0 49                                        
2019-02-06 13:47:26,248 DEBUG n.e.o.t.s.UpdateSvc                 - lsvn-cr1:xe-2/1/0 49                                        
2019-02-06 13:47:26,248 DEBUG n.e.o.t.s.UpdateSvc                 - lsvn-cr1:xe-1/2/0 49                                        
2019-02-06 13:47:26,248 DEBUG n.e.o.t.s.UpdateSvc                 - lsvn-cr1:ge-1/0/0 49                                        
2019-02-06 13:47:26,248 DEBUG n.e.o.t.s.UpdateSvc                 - lsvn-cr1:ge-1/1/0 49                                        
2019-02-06 13:47:26,248 DEBUG n.e.o.t.s.UpdateSvc                 - lsvn-cr1:ge-1/0/1 49                                        
2019-02-06 13:47:26,248 DEBUG n.e.o.t.s.UpdateSvc                 - lsvn-cr1:ge-1/1/5 49                                        
2019-02-06 13:47:26,248 DEBUG n.e.o.t.s.UpdateSvc                 - lsvn-cr1:ge-1/1/1 49                                        
2019-02-06 13:47:26,251 INFO  n.e.o.t.s.UpdateSvc                 - inserting p: newy-cr5:4/2/1 to newy-cr5                     
2019-02-06 13:47:26,252 DEBUG n.e.o.t.s.UpdateSvc                 - newy-cr5:4/2/1 59                                           
2019-02-06 13:47:26,252 DEBUG n.e.o.t.s.UpdateSvc                 - newy-cr5:10/1/2 59                                          
2019-02-06 13:47:26,252 DEBUG n.e.o.t.s.UpdateSvc                 - newy-cr5:9/1/4 59                                           
2019-02-06 13:47:26,252 DEBUG n.e.o.t.s.UpdateSvc                 - newy-cr5:2/1/1 59                                           
2019-02-06 13:47:26,252 DEBUG n.e.o.t.s.UpdateSvc                 - newy-cr5:10/1/9 59                                          
2019-02-06 13:47:26,252 DEBUG n.e.o.t.s.UpdateSvc                 - newy-cr5:10/1/3 59                                          
2019-02-06 13:47:26,252 DEBUG n.e.o.t.s.UpdateSvc                 - newy-cr5:9/1/1 59                                           
2019-02-06 13:47:26,252 DEBUG n.e.o.t.s.UpdateSvc                 - newy-cr5:4/1/1 59                                           
2019-02-06 13:47:26,252 DEBUG n.e.o.t.s.UpdateSvc                 - newy-cr5:3/1/1 59                                           
2019-02-06 13:47:26,255 INFO  n.e.o.t.s.UpdateSvc                 - inserting p: albq-cr5:1/1/1 to albq-cr5                     
2019-02-06 13:47:26,256 DEBUG n.e.o.t.s.UpdateSvc                 - albq-cr5:1/1/1 73                                           
2019-02-06 13:47:26,256 DEBUG n.e.o.t.s.UpdateSvc                 - albq-cr5:2/1/1 73                                           
2019-02-06 13:47:26,256 DEBUG n.e.o.t.s.UpdateSvc                 - albq-cr5:3/1/1 73                                           
2019-02-06 13:47:26,256 DEBUG n.e.o.t.s.UpdateSvc                 - albq-cr5:10/1/2 73                                          
2019-02-06 13:47:26,256 DEBUG n.e.o.t.s.UpdateSvc                 - albq-cr5:10/1/5 73                                          
2019-02-06 13:47:26,257 DEBUG n.e.o.t.s.UpdateSvc                 - albq-cr5:10/1/4 73                                          
2019-02-06 13:47:26,257 DEBUG n.e.o.t.s.UpdateSvc                 - albq-cr5:10/1/3 73                                          
2019-02-06 13:47:26,261 INFO  n.e.o.t.s.UpdateSvc                 - inserting p: pnwg-cr5:1/1/1 to pnwg-cr5                     
2019-02-06 13:47:26,262 DEBUG n.e.o.t.s.UpdateSvc                 - pnwg-cr5:3/1/1 71                                           
2019-02-06 13:47:26,262 DEBUG n.e.o.t.s.UpdateSvc                 - pnwg-cr5:1/1/1 71                                           
2019-02-06 13:47:26,262 DEBUG n.e.o.t.s.UpdateSvc                 - pnwg-cr5:BLANK 71                                           
2019-02-06 13:47:26,265 INFO  n.e.o.t.s.UpdateSvc                 - inserting p: kans-cr5:10/1/4 to kans-cr5                    
2019-02-06 13:47:26,266 DEBUG n.e.o.t.s.UpdateSvc                 - kans-cr5:10/1/4 38                                          
2019-02-06 13:47:26,267 DEBUG n.e.o.t.s.UpdateSvc                 - kans-cr5:1/1/1 38                                           
2019-02-06 13:47:26,270 INFO  n.e.o.t.s.UpdateSvc                 - inserting p: elpa-cr5:10/1/5 to elpa-cr5                    
2019-02-06 13:47:26,271 DEBUG n.e.o.t.s.UpdateSvc                 - elpa-cr5:10/1/5 46                                          
2019-02-06 13:47:26,275 INFO  n.e.o.t.s.UpdateSvc                 - inserting p: kans-cr5:10/1/3 to kans-cr5                    
2019-02-06 13:47:26,277 DEBUG n.e.o.t.s.UpdateSvc                 - kans-cr5:10/1/4 38                                          
2019-02-06 13:47:26,277 DEBUG n.e.o.t.s.UpdateSvc                 - kans-cr5:10/1/3 38                                          
2019-02-06 13:47:26,277 DEBUG n.e.o.t.s.UpdateSvc                 - kans-cr5:1/1/1 38                                           
2019-02-06 13:47:26,279 INFO  n.e.o.t.s.UpdateSvc                 - inserting p: pnwg-cr5:2/2/1 to pnwg-cr5                     
2019-02-06 13:47:26,280 DEBUG n.e.o.t.s.UpdateSvc                 - pnwg-cr5:3/1/1 71                                           
2019-02-06 13:47:26,280 DEBUG n.e.o.t.s.UpdateSvc                 - pnwg-cr5:2/2/1 71                                           
2019-02-06 13:47:26,280 DEBUG n.e.o.t.s.UpdateSvc                 - pnwg-cr5:1/1/1 71                                           
2019-02-06 13:47:26,280 DEBUG n.e.o.t.s.UpdateSvc                 - pnwg-cr5:BLANK 71                                           
2019-02-06 13:47:26,282 INFO  n.e.o.t.s.UpdateSvc                 - inserting p: bois-cr1:xe-0/1/0 to bois-cr1                  
2019-02-06 13:47:26,283 DEBUG n.e.o.t.s.UpdateSvc                 - bois-cr1:xe-1/2/0 39                                        
2019-02-06 13:47:26,284 DEBUG n.e.o.t.s.UpdateSvc                 - bois-cr1:xe-7/3/0 39                                        
2019-02-06 13:47:26,284 DEBUG n.e.o.t.s.UpdateSvc                 - bois-cr1:xe-0/1/0 39                                        
2019-02-06 13:47:26,284 DEBUG n.e.o.t.s.UpdateSvc                 - bois-cr1:xe-7/1/0 39                                        
2019-02-06 13:47:26,284 DEBUG n.e.o.t.s.UpdateSvc                 - bois-cr1:xe-0/0/0 39                                        
2019-02-06 13:47:26,287 INFO  n.e.o.t.s.UpdateSvc                 - inserting p: eqx-ash-cr5:BLANK to eqx-ash-cr5               
2019-02-06 13:47:26,288 DEBUG n.e.o.t.s.UpdateSvc                 - eqx-ash-cr5:1/2/1 62                                        
2019-02-06 13:47:26,288 DEBUG n.e.o.t.s.UpdateSvc                 - eqx-ash-cr5:10/1/6 62                                       
2019-02-06 13:47:26,288 DEBUG n.e.o.t.s.UpdateSvc                 - eqx-ash-cr5:10/1/5 62                                       
2019-02-06 13:47:26,288 DEBUG n.e.o.t.s.UpdateSvc                 - eqx-ash-cr5:1/1/1 62                                        
2019-02-06 13:47:26,288 DEBUG n.e.o.t.s.UpdateSvc                 - eqx-ash-cr5:BLANK 62                                        
2019-02-06 13:47:26,288 DEBUG n.e.o.t.s.UpdateSvc                 - eqx-ash-cr5:10/1/1 62                                       
2019-02-06 13:47:26,288 DEBUG n.e.o.t.s.UpdateSvc                 - eqx-ash-cr5:10/1/2 62                                       
2019-02-06 13:47:26,291 INFO  n.e.o.t.s.UpdateSvc                 - inserting p: bost-cr5:1/1/1 to bost-cr5                     
2019-02-06 13:47:26,292 DEBUG n.e.o.t.s.UpdateSvc                 - bost-cr5:10/1/6 77                                          
2019-02-06 13:47:26,292 DEBUG n.e.o.t.s.UpdateSvc                 - bost-cr5:10/2/3 77                                          
2019-02-06 13:47:26,292 DEBUG n.e.o.t.s.UpdateSvc                 - bost-cr5:10/1/2 77                                          
2019-02-06 13:47:26,292 DEBUG n.e.o.t.s.UpdateSvc                 - bost-cr5:1/1/1 77                                           
2019-02-06 13:47:26,292 DEBUG n.e.o.t.s.UpdateSvc                 - bost-cr5:2/1/1 77                                           
2019-02-06 13:47:26,292 DEBUG n.e.o.t.s.UpdateSvc                 - bost-cr5:10/1/5 77                                          
2019-02-06 13:47:26,295 INFO  n.e.o.t.s.UpdateSvc                 - inserting p: elpa-cr5:10/1/4 to elpa-cr5                    
2019-02-06 13:47:26,295 DEBUG n.e.o.t.s.UpdateSvc                 - elpa-cr5:10/1/4 46                                          
2019-02-06 13:47:26,296 DEBUG n.e.o.t.s.UpdateSvc                 - elpa-cr5:10/1/5 46                                          
2019-02-06 13:47:26,298 INFO  n.e.o.t.s.UpdateSvc                 - inserting p: eqx-sj-cr5:BLANK to eqx-sj-cr5                 
2019-02-06 13:47:26,299 DEBUG n.e.o.t.s.UpdateSvc                 - eqx-sj-cr5:1/2/1 35                                         
2019-02-06 13:47:26,299 DEBUG n.e.o.t.s.UpdateSvc                 - eqx-sj-cr5:BLANK 35                                         
2019-02-06 13:47:26,302 INFO  n.e.o.t.s.UpdateSvc                 - inserting p: elpa-cr5:10/1/3 to elpa-cr5                    
2019-02-06 13:47:26,303 DEBUG n.e.o.t.s.UpdateSvc                 - elpa-cr5:10/1/4 46                                          
2019-02-06 13:47:26,303 DEBUG n.e.o.t.s.UpdateSvc                 - elpa-cr5:10/1/3 46                                          
2019-02-06 13:47:26,303 DEBUG n.e.o.t.s.UpdateSvc                 - elpa-cr5:10/1/5 46                                          
2019-02-06 13:47:26,305 INFO  n.e.o.t.s.UpdateSvc                 - inserting p: ameslab-rt3:xe-1/0/0 to ameslab-rt3            
2019-02-06 13:47:26,306 DEBUG n.e.o.t.s.UpdateSvc                 - ameslab-rt3:xe-1/0/0 67                                     
2019-02-06 13:47:26,306 DEBUG n.e.o.t.s.UpdateSvc                 - ameslab-rt3:xe-0/2/0 67                                     
2019-02-06 13:47:26,306 DEBUG n.e.o.t.s.UpdateSvc                 - ameslab-rt3:xe-1/3/0 67                                     
2019-02-06 13:47:26,306 DEBUG n.e.o.t.s.UpdateSvc                 - ameslab-rt3:xe-1/1/0 67                                     
2019-02-06 13:47:26,308 INFO  n.e.o.t.s.UpdateSvc                 - inserting p: aofa-cr5:4/1/1 to aofa-cr5                     
2019-02-06 13:47:26,309 DEBUG n.e.o.t.s.UpdateSvc                 - aofa-cr5:10/1/1 69                                          
2019-02-06 13:47:26,309 DEBUG n.e.o.t.s.UpdateSvc                 - aofa-cr5:10/1/9 69                                          
2019-02-06 13:47:26,309 DEBUG n.e.o.t.s.UpdateSvc                 - aofa-cr5:5/1/1 69                                           
2019-02-06 13:47:26,309 DEBUG n.e.o.t.s.UpdateSvc                 - aofa-cr5:4/1/1 69                                           
2019-02-06 13:47:26,309 DEBUG n.e.o.t.s.UpdateSvc                 - aofa-cr5:6/2/1 69                                           
2019-02-06 13:47:26,309 DEBUG n.e.o.t.s.UpdateSvc                 - aofa-cr5:10/1/2 69                                          
2019-02-06 13:47:26,309 DEBUG n.e.o.t.s.UpdateSvc                 - aofa-cr5:10/1/8 69                                          
2019-02-06 13:47:26,309 DEBUG n.e.o.t.s.UpdateSvc                 - aofa-cr5:4/2/1 69                                           
2019-02-06 13:47:26,312 INFO  n.e.o.t.s.UpdateSvc                 - inserting p: anl-mr2:ae0 to anl-mr2                         
2019-02-06 13:47:26,313 DEBUG n.e.o.t.s.UpdateSvc                 - anl-mr2:xe-2/3/0 53                                         
2019-02-06 13:47:26,313 DEBUG n.e.o.t.s.UpdateSvc                 - anl-mr2:ae0 53                                              
2019-02-06 13:47:26,315 INFO  n.e.o.t.s.UpdateSvc                 - inserting p: aofa-cr5:3/1/1 to aofa-cr5                     
2019-02-06 13:47:26,316 DEBUG n.e.o.t.s.UpdateSvc                 - aofa-cr5:10/1/1 69                                          
2019-02-06 13:47:26,316 DEBUG n.e.o.t.s.UpdateSvc                 - aofa-cr5:10/1/9 69                                          
2019-02-06 13:47:26,316 DEBUG n.e.o.t.s.UpdateSvc                 - aofa-cr5:5/1/1 69                                           
2019-02-06 13:47:26,316 DEBUG n.e.o.t.s.UpdateSvc                 - aofa-cr5:4/1/1 69                                           
2019-02-06 13:47:26,316 DEBUG n.e.o.t.s.UpdateSvc                 - aofa-cr5:6/2/1 69                                           
2019-02-06 13:47:26,316 DEBUG n.e.o.t.s.UpdateSvc                 - aofa-cr5:3/1/1 69                                           
2019-02-06 13:47:26,316 DEBUG n.e.o.t.s.UpdateSvc                 - aofa-cr5:10/1/2 69                                          
2019-02-06 13:47:26,316 DEBUG n.e.o.t.s.UpdateSvc                 - aofa-cr5:10/1/8 69                                          
2019-02-06 13:47:26,316 DEBUG n.e.o.t.s.UpdateSvc                 - aofa-cr5:4/2/1 69                                           
2019-02-06 13:47:26,319 INFO  n.e.o.t.s.UpdateSvc                 - inserting p: star-cr5:4/2/1 to star-cr5                     
2019-02-06 13:47:26,320 DEBUG n.e.o.t.s.UpdateSvc                 - star-cr5:4/1/1 76                                           
2019-02-06 13:47:26,320 DEBUG n.e.o.t.s.UpdateSvc                 - star-cr5:5/1/1 76                                           
2019-02-06 13:47:26,320 DEBUG n.e.o.t.s.UpdateSvc                 - star-cr5:4/2/1 76                                           
2019-02-06 13:47:26,320 DEBUG n.e.o.t.s.UpdateSvc                 - star-cr5:3/1/1 76                                           
2019-02-06 13:47:26,320 DEBUG n.e.o.t.s.UpdateSvc                 - star-cr5:3/2/1 76                                           
2019-02-06 13:47:26,336 INFO  n.e.o.t.s.UpdateSvc                 - inserting p: osti-rt2:ae0 to osti-rt2                       
2019-02-06 13:47:26,336 DEBUG n.e.o.t.s.UpdateSvc                 - osti-rt2:ae0 70                                             
2019-02-06 13:47:26,339 INFO  n.e.o.t.s.UpdateSvc                 - inserting p: ameslab-rt3:xe-0/1/0 to ameslab-rt3            
2019-02-06 13:47:26,341 DEBUG n.e.o.t.s.UpdateSvc                 - ameslab-rt3:xe-1/0/0 67                                     
2019-02-06 13:47:26,341 DEBUG n.e.o.t.s.UpdateSvc                 - ameslab-rt3:xe-0/1/0 67                                     
2019-02-06 13:47:26,341 DEBUG n.e.o.t.s.UpdateSvc                 - ameslab-rt3:xe-0/2/0 67                                     
2019-02-06 13:47:26,341 DEBUG n.e.o.t.s.UpdateSvc                 - ameslab-rt3:xe-1/3/0 67                                     
2019-02-06 13:47:26,341 DEBUG n.e.o.t.s.UpdateSvc                 - ameslab-rt3:xe-1/1/0 67                                     
2019-02-06 13:47:26,344 INFO  n.e.o.t.s.UpdateSvc                 - inserting p: llnl-mr2:xe-2/0/0 to llnl-mr2                  
2019-02-06 13:47:26,345 DEBUG n.e.o.t.s.UpdateSvc                 - llnl-mr2:ge-3/0/1 52                                        
2019-02-06 13:47:26,345 DEBUG n.e.o.t.s.UpdateSvc                 - llnl-mr2:xe-1/3/0 52                                        
2019-02-06 13:47:26,345 DEBUG n.e.o.t.s.UpdateSvc                 - llnl-mr2:xe-2/1/0 52                                        
2019-02-06 13:47:26,345 DEBUG n.e.o.t.s.UpdateSvc                 - llnl-mr2:ge-3/0/0 52                                        
2019-02-06 13:47:26,345 DEBUG n.e.o.t.s.UpdateSvc                 - llnl-mr2:xe-2/0/0 52                                        
2019-02-06 13:47:26,345 DEBUG n.e.o.t.s.UpdateSvc                 - llnl-mr2:xe-2/2/0 52                                        
2019-02-06 13:47:26,346 DEBUG n.e.o.t.s.UpdateSvc                 - llnl-mr2:xe-3/2/0 52                                        
2019-02-06 13:47:26,350 INFO  n.e.o.t.s.UpdateSvc                 - inserting p: cern-513-cr5:BLANK to cern-513-cr5             
2019-02-06 13:47:26,351 DEBUG n.e.o.t.s.UpdateSvc                 - cern-513-cr5:BLANK 34                                       
2019-02-06 13:47:26,351 DEBUG n.e.o.t.s.UpdateSvc                 - cern-513-cr5:1/2/1 34                                       
2019-02-06 13:47:26,351 DEBUG n.e.o.t.s.UpdateSvc                 - cern-513-cr5:1/1/1 34                                       
2019-02-06 13:47:26,351 DEBUG n.e.o.t.s.UpdateSvc                 - cern-513-cr5:2/1/1 34                                       
2019-02-06 13:47:26,355 INFO  n.e.o.t.s.UpdateSvc                 - inserting p: atla-cr5:2/1/1 to atla-cr5                     
2019-02-06 13:47:26,356 DEBUG n.e.o.t.s.UpdateSvc                 - atla-cr5:10/1/3 41                                          
2019-02-06 13:47:26,356 DEBUG n.e.o.t.s.UpdateSvc                 - atla-cr5:10/1/8 41                                          
2019-02-06 13:47:26,356 DEBUG n.e.o.t.s.UpdateSvc                 - atla-cr5:10/1/2 41                                          
2019-02-06 13:47:26,356 DEBUG n.e.o.t.s.UpdateSvc                 - atla-cr5:3/1/1 41                                           
2019-02-06 13:47:26,356 DEBUG n.e.o.t.s.UpdateSvc                 - atla-cr5:2/1/1 41                                           
2019-02-06 13:47:26,356 DEBUG n.e.o.t.s.UpdateSvc                 - atla-cr5:1/1/1 41                                           
2019-02-06 13:47:26,359 INFO  n.e.o.t.s.UpdateSvc                 - inserting p: sunn-cr5:5/1/1 to sunn-cr5                     
2019-02-06 13:47:26,360 DEBUG n.e.o.t.s.UpdateSvc                 - sunn-cr5:10/1/2 50                                          
2019-02-06 13:47:26,360 DEBUG n.e.o.t.s.UpdateSvc                 - sunn-cr5:7/1/1 50                                           
2019-02-06 13:47:26,361 DEBUG n.e.o.t.s.UpdateSvc                 - sunn-cr5:10/2/4 50                                          
2019-02-06 13:47:26,361 DEBUG n.e.o.t.s.UpdateSvc                 - sunn-cr5:10/2/6 50                                          
2019-02-06 13:47:26,361 DEBUG n.e.o.t.s.UpdateSvc                 - sunn-cr5:10/1/6 50                                          
2019-02-06 13:47:26,361 DEBUG n.e.o.t.s.UpdateSvc                 - sunn-cr5:10/1/5 50                                          
2019-02-06 13:47:26,361 DEBUG n.e.o.t.s.UpdateSvc                 - sunn-cr5:10/2/3 50                                          
2019-02-06 13:47:26,361 DEBUG n.e.o.t.s.UpdateSvc                 - sunn-cr5:10/2/2 50                                          
2019-02-06 13:47:26,361 DEBUG n.e.o.t.s.UpdateSvc                 - sunn-cr5:7/2/1 50                                           
2019-02-06 13:47:26,361 DEBUG n.e.o.t.s.UpdateSvc                 - sunn-cr5:8/1/1 50                                           
2019-02-06 13:47:26,361 DEBUG n.e.o.t.s.UpdateSvc                 - sunn-cr5:10/1/4 50                                          
2019-02-06 13:47:26,361 DEBUG n.e.o.t.s.UpdateSvc                 - sunn-cr5:5/2/1 50                                           
2019-02-06 13:47:26,361 DEBUG n.e.o.t.s.UpdateSvc                 - sunn-cr5:10/1/3 50                                          
2019-02-06 13:47:26,361 DEBUG n.e.o.t.s.UpdateSvc                 - sunn-cr5:10/1/1 50                                          
2019-02-06 13:47:26,361 DEBUG n.e.o.t.s.UpdateSvc                 - sunn-cr5:5/1/1 50                                           
2019-02-06 13:47:26,361 DEBUG n.e.o.t.s.UpdateSvc                 - sunn-cr5:10/2/1 50                                          
2019-02-06 13:47:26,361 DEBUG n.e.o.t.s.UpdateSvc                 - sunn-cr5:10/2/5 50                                          
2019-02-06 13:47:26,365 INFO  n.e.o.t.s.UpdateSvc                 - inserting p: sacr-cr5:2/1/1 to sacr-cr5                     
2019-02-06 13:47:26,366 DEBUG n.e.o.t.s.UpdateSvc                 - sacr-cr5:1/1/1 47                                           
2019-02-06 13:47:26,366 DEBUG n.e.o.t.s.UpdateSvc                 - sacr-cr5:10/2/2 47                                          
2019-02-06 13:47:26,366 DEBUG n.e.o.t.s.UpdateSvc                 - sacr-cr5:10/2/1 47                                          
2019-02-06 13:47:26,366 DEBUG n.e.o.t.s.UpdateSvc                 - sacr-cr5:10/1/6 47                                          
2019-02-06 13:47:26,366 DEBUG n.e.o.t.s.UpdateSvc                 - sacr-cr5:10/2/3 47                                          
2019-02-06 13:47:26,366 DEBUG n.e.o.t.s.UpdateSvc                 - sacr-cr5:10/1/1 47                                          
2019-02-06 13:47:26,366 DEBUG n.e.o.t.s.UpdateSvc                 - sacr-cr5:10/1/4 47                                          
2019-02-06 13:47:26,366 DEBUG n.e.o.t.s.UpdateSvc                 - sacr-cr5:10/2/4 47                                          
2019-02-06 13:47:26,366 DEBUG n.e.o.t.s.UpdateSvc                 - sacr-cr5:2/1/1 47                                           
2019-02-06 13:47:26,366 DEBUG n.e.o.t.s.UpdateSvc                 - sacr-cr5:10/2/5 47                                          
2019-02-06 13:47:26,366 DEBUG n.e.o.t.s.UpdateSvc                 - sacr-cr5:10/2/6 47                                          
2019-02-06 13:47:26,366 DEBUG n.e.o.t.s.UpdateSvc                 - sacr-cr5:3/1/1 47                                           
2019-02-06 13:47:26,366 DEBUG n.e.o.t.s.UpdateSvc                 - sacr-cr5:4/1/1 47                                           
2019-02-06 13:47:26,366 DEBUG n.e.o.t.s.UpdateSvc                 - sacr-cr5:10/1/2 47                                          
2019-02-06 13:47:26,369 INFO  n.e.o.t.s.UpdateSvc                 - inserting p: denv-cr5:10/1/3 to denv-cr5                    
2019-02-06 13:47:26,371 DEBUG n.e.o.t.s.UpdateSvc                 - denv-cr5:4/1/1 75                                           
2019-02-06 13:47:26,371 DEBUG n.e.o.t.s.UpdateSvc                 - denv-cr5:4/2/1 75                                           
2019-02-06 13:47:26,371 DEBUG n.e.o.t.s.UpdateSvc                 - denv-cr5:10/1/6 75                                          
2019-02-06 13:47:26,371 DEBUG n.e.o.t.s.UpdateSvc                 - denv-cr5:10/1/7 75                                          
2019-02-06 13:47:26,371 DEBUG n.e.o.t.s.UpdateSvc                 - denv-cr5:10/1/3 75                                          
2019-02-06 13:47:26,376 INFO  n.e.o.t.s.UpdateSvc                 - inserting p: denv-cr5:10/1/4 to denv-cr5                    
2019-02-06 13:47:26,376 DEBUG n.e.o.t.s.UpdateSvc                 - denv-cr5:10/1/4 75                                          
2019-02-06 13:47:26,377 DEBUG n.e.o.t.s.UpdateSvc                 - denv-cr5:4/1/1 75                                           
2019-02-06 13:47:26,377 DEBUG n.e.o.t.s.UpdateSvc                 - denv-cr5:4/2/1 75                                           
2019-02-06 13:47:26,377 DEBUG n.e.o.t.s.UpdateSvc                 - denv-cr5:10/1/6 75                                          
2019-02-06 13:47:26,377 DEBUG n.e.o.t.s.UpdateSvc                 - denv-cr5:10/1/7 75                                          
2019-02-06 13:47:26,377 DEBUG n.e.o.t.s.UpdateSvc                 - denv-cr5:10/1/3 75                                          
2019-02-06 13:47:26,379 INFO  n.e.o.t.s.UpdateSvc                 - inserting p: denv-cr5:10/1/5 to denv-cr5                    
2019-02-06 13:47:26,380 DEBUG n.e.o.t.s.UpdateSvc                 - denv-cr5:10/1/5 75                                          
2019-02-06 13:47:26,380 DEBUG n.e.o.t.s.UpdateSvc                 - denv-cr5:10/1/4 75                                          
2019-02-06 13:47:26,380 DEBUG n.e.o.t.s.UpdateSvc                 - denv-cr5:4/1/1 75                                           
2019-02-06 13:47:26,380 DEBUG n.e.o.t.s.UpdateSvc                 - denv-cr5:4/2/1 75                                           
2019-02-06 13:47:26,380 DEBUG n.e.o.t.s.UpdateSvc                 - denv-cr5:10/1/6 75                                          
2019-02-06 13:47:26,380 DEBUG n.e.o.t.s.UpdateSvc                 - denv-cr5:10/1/7 75                                          
2019-02-06 13:47:26,380 DEBUG n.e.o.t.s.UpdateSvc                 - denv-cr5:10/1/3 75                                          
2019-02-06 13:47:26,383 INFO  n.e.o.t.s.UpdateSvc                 - inserting p: eqx-ash-cr5:10/2/5 to eqx-ash-cr5              
2019-02-06 13:47:26,385 DEBUG n.e.o.t.s.UpdateSvc                 - eqx-ash-cr5:1/2/1 62                                        
2019-02-06 13:47:26,385 DEBUG n.e.o.t.s.UpdateSvc                 - eqx-ash-cr5:10/1/6 62                                       
2019-02-06 13:47:26,385 DEBUG n.e.o.t.s.UpdateSvc                 - eqx-ash-cr5:10/1/5 62                                       
2019-02-06 13:47:26,385 DEBUG n.e.o.t.s.UpdateSvc                 - eqx-ash-cr5:1/1/1 62                                        
2019-02-06 13:47:26,385 DEBUG n.e.o.t.s.UpdateSvc                 - eqx-ash-cr5:BLANK 62                                        
2019-02-06 13:47:26,385 DEBUG n.e.o.t.s.UpdateSvc                 - eqx-ash-cr5:10/2/5 62                                       
2019-02-06 13:47:26,385 DEBUG n.e.o.t.s.UpdateSvc                 - eqx-ash-cr5:10/1/1 62                                       
2019-02-06 13:47:26,385 DEBUG n.e.o.t.s.UpdateSvc                 - eqx-ash-cr5:10/1/2 62                                       
2019-02-06 13:47:26,389 INFO  n.e.o.t.s.UpdateSvc                 - inserting p: eqx-ash-cr5:10/2/6 to eqx-ash-cr5              
2019-02-06 13:47:26,390 DEBUG n.e.o.t.s.UpdateSvc                 - eqx-ash-cr5:1/2/1 62                                        
2019-02-06 13:47:26,390 DEBUG n.e.o.t.s.UpdateSvc                 - eqx-ash-cr5:10/1/6 62                                       
2019-02-06 13:47:26,391 DEBUG n.e.o.t.s.UpdateSvc                 - eqx-ash-cr5:10/1/5 62                                       
2019-02-06 13:47:26,391 DEBUG n.e.o.t.s.UpdateSvc                 - eqx-ash-cr5:1/1/1 62                                        
2019-02-06 13:47:26,391 DEBUG n.e.o.t.s.UpdateSvc                 - eqx-ash-cr5:BLANK 62                                        
2019-02-06 13:47:26,391 DEBUG n.e.o.t.s.UpdateSvc                 - eqx-ash-cr5:10/2/5 62                                       
2019-02-06 13:47:26,391 DEBUG n.e.o.t.s.UpdateSvc                 - eqx-ash-cr5:10/1/1 62                                       
2019-02-06 13:47:26,391 DEBUG n.e.o.t.s.UpdateSvc                 - eqx-ash-cr5:10/1/2 62                                       
2019-02-06 13:47:26,391 DEBUG n.e.o.t.s.UpdateSvc                 - eqx-ash-cr5:10/2/6 62                                       
2019-02-06 13:47:26,394 INFO  n.e.o.t.s.UpdateSvc                 - inserting p: bois-cr1:xe-0/2/0 to bois-cr1                  
2019-02-06 13:47:26,395 DEBUG n.e.o.t.s.UpdateSvc                 - bois-cr1:xe-1/2/0 39                                        
2019-02-06 13:47:26,395 DEBUG n.e.o.t.s.UpdateSvc                 - bois-cr1:xe-7/3/0 39                                        
2019-02-06 13:47:26,395 DEBUG n.e.o.t.s.UpdateSvc                 - bois-cr1:xe-0/1/0 39                                        
2019-02-06 13:47:26,395 DEBUG n.e.o.t.s.UpdateSvc                 - bois-cr1:xe-7/1/0 39                                        
2019-02-06 13:47:26,395 DEBUG n.e.o.t.s.UpdateSvc                 - bois-cr1:xe-0/0/0 39                                        
2019-02-06 13:47:26,395 DEBUG n.e.o.t.s.UpdateSvc                 - bois-cr1:xe-0/2/0 39                                        
2019-02-06 13:47:26,398 INFO  n.e.o.t.s.UpdateSvc                 - inserting p: pnwg-cr5:2/1/1 to pnwg-cr5                     
2019-02-06 13:47:26,399 DEBUG n.e.o.t.s.UpdateSvc                 - pnwg-cr5:3/1/1 71                                           
2019-02-06 13:47:26,399 DEBUG n.e.o.t.s.UpdateSvc                 - pnwg-cr5:2/2/1 71                                           
2019-02-06 13:47:26,399 DEBUG n.e.o.t.s.UpdateSvc                 - pnwg-cr5:2/1/1 71                                           
2019-02-06 13:47:26,399 DEBUG n.e.o.t.s.UpdateSvc                 - pnwg-cr5:1/1/1 71                                           
2019-02-06 13:47:26,399 DEBUG n.e.o.t.s.UpdateSvc                 - pnwg-cr5:BLANK 71                                           
2019-02-06 13:47:26,402 INFO  n.e.o.t.s.UpdateSvc                 - inserting p: eqx-ash-cr5:10/2/2 to eqx-ash-cr5              
2019-02-06 13:47:26,402 DEBUG n.e.o.t.s.UpdateSvc                 - eqx-ash-cr5:1/2/1 62                                        
2019-02-06 13:47:26,403 DEBUG n.e.o.t.s.UpdateSvc                 - eqx-ash-cr5:10/1/6 62                                       
2019-02-06 13:47:26,403 DEBUG n.e.o.t.s.UpdateSvc                 - eqx-ash-cr5:10/1/5 62                                       
2019-02-06 13:47:26,403 DEBUG n.e.o.t.s.UpdateSvc                 - eqx-ash-cr5:1/1/1 62                                        
2019-02-06 13:47:26,403 DEBUG n.e.o.t.s.UpdateSvc                 - eqx-ash-cr5:BLANK 62                                        
2019-02-06 13:47:26,403 DEBUG n.e.o.t.s.UpdateSvc                 - eqx-ash-cr5:10/2/5 62                                       
2019-02-06 13:47:26,403 DEBUG n.e.o.t.s.UpdateSvc                 - eqx-ash-cr5:10/1/1 62                                       
2019-02-06 13:47:26,403 DEBUG n.e.o.t.s.UpdateSvc                 - eqx-ash-cr5:10/1/2 62                                       
2019-02-06 13:47:26,403 DEBUG n.e.o.t.s.UpdateSvc                 - eqx-ash-cr5:10/2/6 62                                       
2019-02-06 13:47:26,403 DEBUG n.e.o.t.s.UpdateSvc                 - eqx-ash-cr5:10/2/2 62                                       
2019-02-06 13:47:26,405 INFO  n.e.o.t.s.UpdateSvc                 - inserting p: eqx-ash-cr5:2/1/1 to eqx-ash-cr5               
2019-02-06 13:47:26,406 DEBUG n.e.o.t.s.UpdateSvc                 - eqx-ash-cr5:1/2/1 62                                        
2019-02-06 13:47:26,406 DEBUG n.e.o.t.s.UpdateSvc                 - eqx-ash-cr5:10/1/6 62                                       
2019-02-06 13:47:26,406 DEBUG n.e.o.t.s.UpdateSvc                 - eqx-ash-cr5:10/1/5 62                                       
2019-02-06 13:47:26,407 DEBUG n.e.o.t.s.UpdateSvc                 - eqx-ash-cr5:1/1/1 62                                        
2019-02-06 13:47:26,407 DEBUG n.e.o.t.s.UpdateSvc                 - eqx-ash-cr5:BLANK 62                                        
2019-02-06 13:47:26,407 DEBUG n.e.o.t.s.UpdateSvc                 - eqx-ash-cr5:10/2/5 62                                       
2019-02-06 13:47:26,407 DEBUG n.e.o.t.s.UpdateSvc                 - eqx-ash-cr5:10/1/1 62                                       
2019-02-06 13:47:26,407 DEBUG n.e.o.t.s.UpdateSvc                 - eqx-ash-cr5:2/1/1 62                                        
2019-02-06 13:47:26,407 DEBUG n.e.o.t.s.UpdateSvc                 - eqx-ash-cr5:10/1/2 62                                       
2019-02-06 13:47:26,407 DEBUG n.e.o.t.s.UpdateSvc                 - eqx-ash-cr5:10/2/6 62                                       
2019-02-06 13:47:26,407 DEBUG n.e.o.t.s.UpdateSvc                 - eqx-ash-cr5:10/2/2 62                                       
2019-02-06 13:47:26,410 INFO  n.e.o.t.s.UpdateSvc                 - inserting p: ornl-cr5:10/1/1 to ornl-cr5                    
2019-02-06 13:47:26,411 DEBUG n.e.o.t.s.UpdateSvc                 - ornl-cr5:10/1/1 64                                          
2019-02-06 13:47:26,414 INFO  n.e.o.t.s.UpdateSvc                 - inserting p: llnldc-rt4:ge-1/0/0 to llnldc-rt4              
2019-02-06 13:47:26,415 DEBUG n.e.o.t.s.UpdateSvc                 - llnldc-rt4:ge-1/0/0 54                                      
2019-02-06 13:47:26,418 INFO  n.e.o.t.s.UpdateSvc                 - inserting p: ornl-cr5:10/1/2 to ornl-cr5                    
2019-02-06 13:47:26,418 DEBUG n.e.o.t.s.UpdateSvc                 - ornl-cr5:10/1/1 64                                          
2019-02-06 13:47:26,418 DEBUG n.e.o.t.s.UpdateSvc                 - ornl-cr5:10/1/2 64                                          
2019-02-06 13:47:26,421 INFO  n.e.o.t.s.UpdateSvc                 - inserting p: bois-cr1:xe-1/0/0 to bois-cr1                  
2019-02-06 13:47:26,422 DEBUG n.e.o.t.s.UpdateSvc                 - bois-cr1:xe-1/2/0 39                                        
2019-02-06 13:47:26,422 DEBUG n.e.o.t.s.UpdateSvc                 - bois-cr1:xe-1/0/0 39                                        
2019-02-06 13:47:26,422 DEBUG n.e.o.t.s.UpdateSvc                 - bois-cr1:xe-7/3/0 39                                        
2019-02-06 13:47:26,423 DEBUG n.e.o.t.s.UpdateSvc                 - bois-cr1:xe-0/1/0 39                                        
2019-02-06 13:47:26,433 DEBUG n.e.o.t.s.UpdateSvc                 - bois-cr1:xe-7/1/0 39                                        
2019-02-06 13:47:26,433 DEBUG n.e.o.t.s.UpdateSvc                 - bois-cr1:xe-0/0/0 39                                        
2019-02-06 13:47:26,433 DEBUG n.e.o.t.s.UpdateSvc                 - bois-cr1:xe-0/2/0 39                                        
2019-02-06 13:47:26,437 INFO  n.e.o.t.s.UpdateSvc                 - inserting p: ornl-cr5:10/1/3 to ornl-cr5                    
2019-02-06 13:47:26,439 DEBUG n.e.o.t.s.UpdateSvc                 - ornl-cr5:10/1/1 64                                          
2019-02-06 13:47:26,439 DEBUG n.e.o.t.s.UpdateSvc                 - ornl-cr5:10/1/3 64                                          
2019-02-06 13:47:26,439 DEBUG n.e.o.t.s.UpdateSvc                 - ornl-cr5:10/1/2 64                                          
2019-02-06 13:47:26,442 INFO  n.e.o.t.s.UpdateSvc                 - inserting p: lsvn-cr1:xe-2/0/0 to lsvn-cr1                  
2019-02-06 13:47:26,443 DEBUG n.e.o.t.s.UpdateSvc                 - lsvn-cr1:xe-2/2/0 49                                        
2019-02-06 13:47:26,444 DEBUG n.e.o.t.s.UpdateSvc                 - lsvn-cr1:xe-2/1/0 49                                        
2019-02-06 13:47:26,444 DEBUG n.e.o.t.s.UpdateSvc                 - lsvn-cr1:xe-1/2/0 49                                        
2019-02-06 13:47:26,444 DEBUG n.e.o.t.s.UpdateSvc                 - lsvn-cr1:xe-2/0/0 49                                        
2019-02-06 13:47:26,444 DEBUG n.e.o.t.s.UpdateSvc                 - lsvn-cr1:ge-1/0/0 49                                        
2019-02-06 13:47:26,444 DEBUG n.e.o.t.s.UpdateSvc                 - lsvn-cr1:ge-1/1/0 49                                        
2019-02-06 13:47:26,444 DEBUG n.e.o.t.s.UpdateSvc                 - lsvn-cr1:ge-1/0/1 49                                        
2019-02-06 13:47:26,444 DEBUG n.e.o.t.s.UpdateSvc                 - lsvn-cr1:ge-1/1/5 49                                        
2019-02-06 13:47:26,444 DEBUG n.e.o.t.s.UpdateSvc                 - lsvn-cr1:ge-1/1/1 49                                        
2019-02-06 13:47:26,447 INFO  n.e.o.t.s.UpdateSvc                 - inserting p: aofa-cr5:9/1/5 to aofa-cr5                     
2019-02-06 13:47:26,448 DEBUG n.e.o.t.s.UpdateSvc                 - aofa-cr5:10/1/1 69                                          
2019-02-06 13:47:26,448 DEBUG n.e.o.t.s.UpdateSvc                 - aofa-cr5:10/1/9 69                                          
2019-02-06 13:47:26,448 DEBUG n.e.o.t.s.UpdateSvc                 - aofa-cr5:5/1/1 69                                           
2019-02-06 13:47:26,448 DEBUG n.e.o.t.s.UpdateSvc                 - aofa-cr5:9/1/5 69                                           
2019-02-06 13:47:26,448 DEBUG n.e.o.t.s.UpdateSvc                 - aofa-cr5:4/1/1 69                                           
2019-02-06 13:47:26,448 DEBUG n.e.o.t.s.UpdateSvc                 - aofa-cr5:6/2/1 69                                           
2019-02-06 13:47:26,448 DEBUG n.e.o.t.s.UpdateSvc                 - aofa-cr5:3/1/1 69                                           
2019-02-06 13:47:26,448 DEBUG n.e.o.t.s.UpdateSvc                 - aofa-cr5:10/1/2 69                                          
2019-02-06 13:47:26,448 DEBUG n.e.o.t.s.UpdateSvc                 - aofa-cr5:10/1/8 69                                          
2019-02-06 13:47:26,448 DEBUG n.e.o.t.s.UpdateSvc                 - aofa-cr5:4/2/1 69                                           
2019-02-06 13:47:26,452 INFO  n.e.o.t.s.UpdateSvc                 - inserting p: pnwg-cr5:9/1/2 to pnwg-cr5                     
2019-02-06 13:47:26,453 DEBUG n.e.o.t.s.UpdateSvc                 - pnwg-cr5:3/1/1 71                                           
2019-02-06 13:47:26,453 DEBUG n.e.o.t.s.UpdateSvc                 - pnwg-cr5:2/2/1 71                                           
2019-02-06 13:47:26,453 DEBUG n.e.o.t.s.UpdateSvc                 - pnwg-cr5:9/1/2 71                                           
2019-02-06 13:47:26,453 DEBUG n.e.o.t.s.UpdateSvc                 - pnwg-cr5:2/1/1 71                                           
2019-02-06 13:47:26,453 DEBUG n.e.o.t.s.UpdateSvc                 - pnwg-cr5:1/1/1 71                                           
2019-02-06 13:47:26,453 DEBUG n.e.o.t.s.UpdateSvc                 - pnwg-cr5:BLANK 71                                           
2019-02-06 13:47:26,456 INFO  n.e.o.t.s.UpdateSvc                 - inserting p: wash-cr5:4/2/1 to wash-cr5                     
2019-02-06 13:47:26,457 DEBUG n.e.o.t.s.UpdateSvc                 - wash-cr5:10/1/5 36                                          
2019-02-06 13:47:26,457 DEBUG n.e.o.t.s.UpdateSvc                 - wash-cr5:10/1/3 36                                          
2019-02-06 13:47:26,457 DEBUG n.e.o.t.s.UpdateSvc                 - wash-cr5:1/1/1 36                                           
2019-02-06 13:47:26,457 DEBUG n.e.o.t.s.UpdateSvc                 - wash-cr5:6/1/1 36                                           
2019-02-06 13:47:26,457 DEBUG n.e.o.t.s.UpdateSvc                 - wash-cr5:4/2/1 36                                           
2019-02-06 13:47:26,457 DEBUG n.e.o.t.s.UpdateSvc                 - wash-cr5:10/1/9 36                                          
2019-02-06 13:47:26,457 DEBUG n.e.o.t.s.UpdateSvc                 - wash-cr5:10/1/4 36                                          
2019-02-06 13:47:26,457 DEBUG n.e.o.t.s.UpdateSvc                 - wash-cr5:10/1/10 36                                         
2019-02-06 13:47:26,461 INFO  n.e.o.t.s.UpdateSvc                 - inserting p: ameslab-rt3:xe-0/0/0 to ameslab-rt3            
2019-02-06 13:47:26,462 DEBUG n.e.o.t.s.UpdateSvc                 - ameslab-rt3:xe-1/0/0 67                                     
2019-02-06 13:47:26,462 DEBUG n.e.o.t.s.UpdateSvc                 - ameslab-rt3:xe-0/1/0 67                                     
2019-02-06 13:47:26,462 DEBUG n.e.o.t.s.UpdateSvc                 - ameslab-rt3:xe-0/2/0 67                                     
2019-02-06 13:47:26,462 DEBUG n.e.o.t.s.UpdateSvc                 - ameslab-rt3:xe-1/3/0 67                                     
2019-02-06 13:47:26,462 DEBUG n.e.o.t.s.UpdateSvc                 - ameslab-rt3:xe-0/0/0 67                                     
2019-02-06 13:47:26,462 DEBUG n.e.o.t.s.UpdateSvc                 - ameslab-rt3:xe-1/1/0 67                                     
2019-02-06 13:47:26,466 INFO  n.e.o.t.s.UpdateSvc                 - inserting p: snll-mr2:xe-2/2/0 to snll-mr2                  
2019-02-06 13:47:26,467 DEBUG n.e.o.t.s.UpdateSvc                 - snll-mr2:xe-2/2/0 40                                        
2019-02-06 13:47:26,471 INFO  n.e.o.t.s.UpdateSvc                 - inserting p: aofa-cr5:9/1/1 to aofa-cr5                     
2019-02-06 13:47:26,473 DEBUG n.e.o.t.s.UpdateSvc                 - aofa-cr5:10/1/1 69                                          
2019-02-06 13:47:26,473 DEBUG n.e.o.t.s.UpdateSvc                 - aofa-cr5:10/1/9 69                                          
2019-02-06 13:47:26,473 DEBUG n.e.o.t.s.UpdateSvc                 - aofa-cr5:5/1/1 69                                           
2019-02-06 13:47:26,473 DEBUG n.e.o.t.s.UpdateSvc                 - aofa-cr5:9/1/5 69                                           
2019-02-06 13:47:26,473 DEBUG n.e.o.t.s.UpdateSvc                 - aofa-cr5:4/1/1 69                                           
2019-02-06 13:47:26,473 DEBUG n.e.o.t.s.UpdateSvc                 - aofa-cr5:6/2/1 69                                           
2019-02-06 13:47:26,473 DEBUG n.e.o.t.s.UpdateSvc                 - aofa-cr5:3/1/1 69                                           
2019-02-06 13:47:26,473 DEBUG n.e.o.t.s.UpdateSvc                 - aofa-cr5:10/1/2 69                                          
2019-02-06 13:47:26,473 DEBUG n.e.o.t.s.UpdateSvc                 - aofa-cr5:10/1/8 69                                          
2019-02-06 13:47:26,473 DEBUG n.e.o.t.s.UpdateSvc                 - aofa-cr5:4/2/1 69                                           
2019-02-06 13:47:26,473 DEBUG n.e.o.t.s.UpdateSvc                 - aofa-cr5:9/1/1 69                                           
2019-02-06 13:47:26,477 INFO  n.e.o.t.s.UpdateSvc                 - inserting p: anl-mr2:xe-0/1/0 to anl-mr2                    
2019-02-06 13:47:26,478 DEBUG n.e.o.t.s.UpdateSvc                 - anl-mr2:xe-2/3/0 53                                         
2019-02-06 13:47:26,479 DEBUG n.e.o.t.s.UpdateSvc                 - anl-mr2:ae0 53                                              
2019-02-06 13:47:26,479 DEBUG n.e.o.t.s.UpdateSvc                 - anl-mr2:xe-0/1/0 53                                         
2019-02-06 13:47:26,485 INFO  n.e.o.t.s.UpdateSvc                 - inserting p: chic-cr5:10/1/3 to chic-cr5                    
2019-02-06 13:47:26,486 DEBUG n.e.o.t.s.UpdateSvc                 - chic-cr5:BLANK 55                                           
2019-02-06 13:47:26,486 DEBUG n.e.o.t.s.UpdateSvc                 - chic-cr5:6/2/1 55                                           
2019-02-06 13:47:26,486 DEBUG n.e.o.t.s.UpdateSvc                 - chic-cr5:7/2/1 55                                           
2019-02-06 13:47:26,486 DEBUG n.e.o.t.s.UpdateSvc                 - chic-cr5:7/1/1 55                                           
2019-02-06 13:47:26,486 DEBUG n.e.o.t.s.UpdateSvc                 - chic-cr5:10/1/3 55                                          
2019-02-06 13:47:26,486 DEBUG n.e.o.t.s.UpdateSvc                 - chic-cr5:6/1/1 55                                           
2019-02-06 13:47:26,486 DEBUG n.e.o.t.s.UpdateSvc                 - chic-cr5:8/1/1 55                                           
2019-02-06 13:47:26,486 DEBUG n.e.o.t.s.UpdateSvc                 - chic-cr5:1/1/1 55                                           
2019-02-06 13:47:26,490 INFO  n.e.o.t.s.UpdateSvc                 - inserting p: doe-gtn-rt2:ge-0/0/0 to doe-gtn-rt2            
2019-02-06 13:47:26,491 DEBUG n.e.o.t.s.UpdateSvc                 - doe-gtn-rt2:ge-0/0/0 33                                     
2019-02-06 13:47:26,497 INFO  n.e.o.t.s.UpdateSvc                 - inserting p: ornl-cr5:6/1/1 to ornl-cr5                     
2019-02-06 13:47:26,498 DEBUG n.e.o.t.s.UpdateSvc                 - ornl-cr5:10/1/1 64                                          
2019-02-06 13:47:26,498 DEBUG n.e.o.t.s.UpdateSvc                 - ornl-cr5:10/1/3 64                                          
2019-02-06 13:47:26,499 DEBUG n.e.o.t.s.UpdateSvc                 - ornl-cr5:10/1/2 64                                          
2019-02-06 13:47:26,499 DEBUG n.e.o.t.s.UpdateSvc                 - ornl-cr5:6/1/1 64                                           
2019-02-06 13:47:26,504 INFO  n.e.o.t.s.UpdateSvc                 - inserting p: chic-cr5:10/1/1 to chic-cr5                    
2019-02-06 13:47:26,505 DEBUG n.e.o.t.s.UpdateSvc                 - chic-cr5:BLANK 55                                           
2019-02-06 13:47:26,505 DEBUG n.e.o.t.s.UpdateSvc                 - chic-cr5:6/2/1 55                                           
2019-02-06 13:47:26,505 DEBUG n.e.o.t.s.UpdateSvc                 - chic-cr5:7/2/1 55                                           
2019-02-06 13:47:26,505 DEBUG n.e.o.t.s.UpdateSvc                 - chic-cr5:10/1/1 55                                          
2019-02-06 13:47:26,506 DEBUG n.e.o.t.s.UpdateSvc                 - chic-cr5:7/1/1 55                                           
2019-02-06 13:47:26,506 DEBUG n.e.o.t.s.UpdateSvc                 - chic-cr5:10/1/3 55                                          
2019-02-06 13:47:26,506 DEBUG n.e.o.t.s.UpdateSvc                 - chic-cr5:6/1/1 55                                           
2019-02-06 13:47:26,506 DEBUG n.e.o.t.s.UpdateSvc                 - chic-cr5:8/1/1 55                                           
2019-02-06 13:47:26,506 DEBUG n.e.o.t.s.UpdateSvc                 - chic-cr5:1/1/1 55                                           
2019-02-06 13:47:26,509 INFO  n.e.o.t.s.UpdateSvc                 - inserting p: doe-gtn-rt2:ge-0/0/3 to doe-gtn-rt2            
2019-02-06 13:47:26,510 DEBUG n.e.o.t.s.UpdateSvc                 - doe-gtn-rt2:ge-0/0/3 33                                     
2019-02-06 13:47:26,511 DEBUG n.e.o.t.s.UpdateSvc                 - doe-gtn-rt2:ge-0/0/0 33                                     
2019-02-06 13:47:26,513 INFO  n.e.o.t.s.UpdateSvc                 - inserting p: chic-cr5:10/1/7 to chic-cr5                    
2019-02-06 13:47:26,514 DEBUG n.e.o.t.s.UpdateSvc                 - chic-cr5:BLANK 55                                           
2019-02-06 13:47:26,514 DEBUG n.e.o.t.s.UpdateSvc                 - chic-cr5:6/2/1 55                                           
2019-02-06 13:47:26,514 DEBUG n.e.o.t.s.UpdateSvc                 - chic-cr5:7/2/1 55                                           
2019-02-06 13:47:26,514 DEBUG n.e.o.t.s.UpdateSvc                 - chic-cr5:10/1/1 55                                          
2019-02-06 13:47:26,514 DEBUG n.e.o.t.s.UpdateSvc                 - chic-cr5:7/1/1 55                                           
2019-02-06 13:47:26,514 DEBUG n.e.o.t.s.UpdateSvc                 - chic-cr5:10/1/3 55                                          
2019-02-06 13:47:26,514 DEBUG n.e.o.t.s.UpdateSvc                 - chic-cr5:10/1/7 55                                          
2019-02-06 13:47:26,514 DEBUG n.e.o.t.s.UpdateSvc                 - chic-cr5:6/1/1 55                                           
2019-02-06 13:47:26,514 DEBUG n.e.o.t.s.UpdateSvc                 - chic-cr5:8/1/1 55                                           
2019-02-06 13:47:26,514 DEBUG n.e.o.t.s.UpdateSvc                 - chic-cr5:1/1/1 55                                           
2019-02-06 13:47:26,517 INFO  n.e.o.t.s.UpdateSvc                 - inserting p: pantex-rt4:ge-0/1/0 to pantex-rt4              
2019-02-06 13:47:26,517 DEBUG n.e.o.t.s.UpdateSvc                 - pantex-rt4:ge-0/1/0 66                                      
2019-02-06 13:47:26,520 INFO  n.e.o.t.s.UpdateSvc                 - inserting p: chic-cr5:10/1/5 to chic-cr5                    
2019-02-06 13:47:26,521 DEBUG n.e.o.t.s.UpdateSvc                 - chic-cr5:BLANK 55                                           
2019-02-06 13:47:26,521 DEBUG n.e.o.t.s.UpdateSvc                 - chic-cr5:6/2/1 55                                           
2019-02-06 13:47:26,521 DEBUG n.e.o.t.s.UpdateSvc                 - chic-cr5:7/2/1 55                                           
2019-02-06 13:47:26,521 DEBUG n.e.o.t.s.UpdateSvc                 - chic-cr5:10/1/1 55                                          
2019-02-06 13:47:26,521 DEBUG n.e.o.t.s.UpdateSvc                 - chic-cr5:7/1/1 55                                           
2019-02-06 13:47:26,521 DEBUG n.e.o.t.s.UpdateSvc                 - chic-cr5:10/1/3 55                                          
2019-02-06 13:47:26,521 DEBUG n.e.o.t.s.UpdateSvc                 - chic-cr5:10/1/7 55                                          
2019-02-06 13:47:26,521 DEBUG n.e.o.t.s.UpdateSvc                 - chic-cr5:6/1/1 55                                           
2019-02-06 13:47:26,521 DEBUG n.e.o.t.s.UpdateSvc                 - chic-cr5:8/1/1 55                                           
2019-02-06 13:47:26,521 DEBUG n.e.o.t.s.UpdateSvc                 - chic-cr5:10/1/5 55                                          
2019-02-06 13:47:26,521 DEBUG n.e.o.t.s.UpdateSvc                 - chic-cr5:1/1/1 55                                           
2019-02-06 13:47:26,525 INFO  n.e.o.t.s.UpdateSvc                 - inserting p: chic-cr5:10/1/4 to chic-cr5                    
2019-02-06 13:47:26,525 DEBUG n.e.o.t.s.UpdateSvc                 - chic-cr5:BLANK 55                                           
2019-02-06 13:47:26,526 DEBUG n.e.o.t.s.UpdateSvc                 - chic-cr5:6/2/1 55                                           
2019-02-06 13:47:26,526 DEBUG n.e.o.t.s.UpdateSvc                 - chic-cr5:10/1/4 55                                          
2019-02-06 13:47:26,526 DEBUG n.e.o.t.s.UpdateSvc                 - chic-cr5:7/2/1 55                                           
2019-02-06 13:47:26,526 DEBUG n.e.o.t.s.UpdateSvc                 - chic-cr5:10/1/1 55                                          
2019-02-06 13:47:26,526 DEBUG n.e.o.t.s.UpdateSvc                 - chic-cr5:7/1/1 55                                           
2019-02-06 13:47:26,526 DEBUG n.e.o.t.s.UpdateSvc                 - chic-cr5:10/1/3 55                                          
2019-02-06 13:47:26,526 DEBUG n.e.o.t.s.UpdateSvc                 - chic-cr5:10/1/7 55                                          
2019-02-06 13:47:26,526 DEBUG n.e.o.t.s.UpdateSvc                 - chic-cr5:6/1/1 55                                           
2019-02-06 13:47:26,526 DEBUG n.e.o.t.s.UpdateSvc                 - chic-cr5:8/1/1 55                                           
2019-02-06 13:47:26,526 DEBUG n.e.o.t.s.UpdateSvc                 - chic-cr5:10/1/5 55                                          
2019-02-06 13:47:26,526 DEBUG n.e.o.t.s.UpdateSvc                 - chic-cr5:1/1/1 55                                           
2019-02-06 13:47:26,529 INFO  n.e.o.t.s.UpdateSvc                 - inserting p: llnl-mr2:xe-0/1/0 to llnl-mr2                  
2019-02-06 13:47:26,530 DEBUG n.e.o.t.s.UpdateSvc                 - llnl-mr2:ge-3/0/1 52                                        
2019-02-06 13:47:26,530 DEBUG n.e.o.t.s.UpdateSvc                 - llnl-mr2:xe-1/3/0 52                                        
2019-02-06 13:47:26,530 DEBUG n.e.o.t.s.UpdateSvc                 - llnl-mr2:xe-2/1/0 52                                        
2019-02-06 13:47:26,530 DEBUG n.e.o.t.s.UpdateSvc                 - llnl-mr2:ge-3/0/0 52                                        
2019-02-06 13:47:26,530 DEBUG n.e.o.t.s.UpdateSvc                 - llnl-mr2:xe-2/0/0 52                                        
2019-02-06 13:47:26,530 DEBUG n.e.o.t.s.UpdateSvc                 - llnl-mr2:xe-2/2/0 52                                        
2019-02-06 13:47:26,530 DEBUG n.e.o.t.s.UpdateSvc                 - llnl-mr2:xe-3/2/0 52                                        
2019-02-06 13:47:26,530 DEBUG n.e.o.t.s.UpdateSvc                 - llnl-mr2:xe-0/1/0 52                                        
2019-02-06 13:47:26,533 INFO  n.e.o.t.s.UpdateSvc                 - inserting p: cern-773-cr5:1/1/1 to cern-773-cr5             
2019-02-06 13:47:26,533 DEBUG n.e.o.t.s.UpdateSvc                 - cern-773-cr5:10/1/2 44                                      
2019-02-06 13:47:26,533 DEBUG n.e.o.t.s.UpdateSvc                 - cern-773-cr5:10/1/1 44                                      
2019-02-06 13:47:26,533 DEBUG n.e.o.t.s.UpdateSvc                 - cern-773-cr5:10/1/3 44                                      
2019-02-06 13:47:26,533 DEBUG n.e.o.t.s.UpdateSvc                 - cern-773-cr5:BLANK 44                                       
2019-02-06 13:47:26,533 DEBUG n.e.o.t.s.UpdateSvc                 - cern-773-cr5:1/1/1 44                                       
2019-02-06 13:47:26,536 INFO  n.e.o.t.s.UpdateSvc                 - inserting p: cern-513-cr5:5/1/1 to cern-513-cr5             
2019-02-06 13:47:26,537 DEBUG n.e.o.t.s.UpdateSvc                 - cern-513-cr5:BLANK 34                                       
2019-02-06 13:47:26,537 DEBUG n.e.o.t.s.UpdateSvc                 - cern-513-cr5:1/2/1 34                                       
2019-02-06 13:47:26,537 DEBUG n.e.o.t.s.UpdateSvc                 - cern-513-cr5:5/1/1 34                                       
2019-02-06 13:47:26,537 DEBUG n.e.o.t.s.UpdateSvc                 - cern-513-cr5:1/1/1 34                                       
2019-02-06 13:47:26,537 DEBUG n.e.o.t.s.UpdateSvc                 - cern-513-cr5:2/1/1 34                                       
2019-02-06 13:47:26,540 INFO  n.e.o.t.s.UpdateSvc                 - inserting p: nash-cr5:1/2/1 to nash-cr5                     
2019-02-06 13:47:26,541 DEBUG n.e.o.t.s.UpdateSvc                 - nash-cr5:10/1/3 45                                          
2019-02-06 13:47:26,541 DEBUG n.e.o.t.s.UpdateSvc                 - nash-cr5:10/1/6 45                                          
2019-02-06 13:47:26,541 DEBUG n.e.o.t.s.UpdateSvc                 - nash-cr5:1/2/1 45                                           
2019-02-06 13:47:26,541 DEBUG n.e.o.t.s.UpdateSvc                 - nash-cr5:10/1/5 45                                          
2019-02-06 13:47:26,541 DEBUG n.e.o.t.s.UpdateSvc                 - nash-cr5:10/1/4 45                                          
2019-02-06 13:47:26,555 INFO  n.e.o.t.s.UpdateSvc                 - inserting p: lond-cr5:2/2/1 to lond-cr5                     
2019-02-06 13:47:26,555 DEBUG n.e.o.t.s.UpdateSvc                 - lond-cr5:2/2/1 57                                           
2019-02-06 13:47:26,555 DEBUG n.e.o.t.s.UpdateSvc                 - lond-cr5:5/1/1 57                                           
2019-02-06 13:47:26,558 INFO  n.e.o.t.s.UpdateSvc                 - inserting p: snla-rt3:ge-1/0/2 to snla-rt3                  
2019-02-06 13:47:26,559 DEBUG n.e.o.t.s.UpdateSvc                 - snla-rt3:ge-1/0/2 48                                        
2019-02-06 13:47:26,562 INFO  n.e.o.t.s.UpdateSvc                 - inserting p: hous-cr5:3/1/1 to hous-cr5                     
2019-02-06 13:47:26,563 DEBUG n.e.o.t.s.UpdateSvc                 - hous-cr5:10/1/4 68                                          
2019-02-06 13:47:26,563 DEBUG n.e.o.t.s.UpdateSvc                 - hous-cr5:1/1/1 68                                           
2019-02-06 13:47:26,563 DEBUG n.e.o.t.s.UpdateSvc                 - hous-cr5:3/1/1 68                                           
2019-02-06 13:47:26,563 DEBUG n.e.o.t.s.UpdateSvc                 - hous-cr5:10/1/3 68                                          
2019-02-06 13:47:26,566 INFO  n.e.o.t.s.UpdateSvc                 - inserting p: pantex-rt4:ge-0/0/2 to pantex-rt4              
2019-02-06 13:47:26,567 DEBUG n.e.o.t.s.UpdateSvc                 - pantex-rt4:ge-0/1/0 66                                      
2019-02-06 13:47:26,567 DEBUG n.e.o.t.s.UpdateSvc                 - pantex-rt4:ge-0/0/2 66                                      
2019-02-06 13:47:26,570 INFO  n.e.o.t.s.UpdateSvc                 - inserting p: wash-cr5:4/1/1 to wash-cr5                     
2019-02-06 13:47:26,570 DEBUG n.e.o.t.s.UpdateSvc                 - wash-cr5:10/1/5 36                                          
2019-02-06 13:47:26,570 DEBUG n.e.o.t.s.UpdateSvc                 - wash-cr5:10/1/3 36                                          
2019-02-06 13:47:26,570 DEBUG n.e.o.t.s.UpdateSvc                 - wash-cr5:1/1/1 36                                           
2019-02-06 13:47:26,570 DEBUG n.e.o.t.s.UpdateSvc                 - wash-cr5:6/1/1 36                                           
2019-02-06 13:47:26,571 DEBUG n.e.o.t.s.UpdateSvc                 - wash-cr5:4/2/1 36                                           
2019-02-06 13:47:26,571 DEBUG n.e.o.t.s.UpdateSvc                 - wash-cr5:10/1/9 36                                          
2019-02-06 13:47:26,571 DEBUG n.e.o.t.s.UpdateSvc                 - wash-cr5:4/1/1 36                                           
2019-02-06 13:47:26,571 DEBUG n.e.o.t.s.UpdateSvc                 - wash-cr5:10/1/4 36                                          
2019-02-06 13:47:26,571 DEBUG n.e.o.t.s.UpdateSvc                 - wash-cr5:10/1/10 36                                         
2019-02-06 13:47:26,574 INFO  n.e.o.t.s.UpdateSvc                 - inserting p: fnal-mr2:xe-0/0/0 to fnal-mr2                  
2019-02-06 13:47:26,575 DEBUG n.e.o.t.s.UpdateSvc                 - fnal-mr2:xe-0/0/0 65                                        
2019-02-06 13:47:26,575 DEBUG n.e.o.t.s.UpdateSvc                 - fnal-mr2:xe-1/3/0 65                                        
2019-02-06 13:47:26,578 INFO  n.e.o.t.s.UpdateSvc                 - inserting p: snll-mr2:xe-2/3/0 to snll-mr2                  
2019-02-06 13:47:26,579 DEBUG n.e.o.t.s.UpdateSvc                 - snll-mr2:xe-2/2/0 40                                        
2019-02-06 13:47:26,579 DEBUG n.e.o.t.s.UpdateSvc                 - snll-mr2:xe-2/3/0 40                                        
2019-02-06 13:47:26,582 INFO  n.e.o.t.s.UpdateSvc                 - inserting p: doe-gtn-rt2:ge-0/1/3 to doe-gtn-rt2            
2019-02-06 13:47:26,583 DEBUG n.e.o.t.s.UpdateSvc                 - doe-gtn-rt2:ge-0/1/3 33                                     
2019-02-06 13:47:26,583 DEBUG n.e.o.t.s.UpdateSvc                 - doe-gtn-rt2:ge-0/0/3 33                                     
2019-02-06 13:47:26,583 DEBUG n.e.o.t.s.UpdateSvc                 - doe-gtn-rt2:ge-0/0/0 33                                     
2019-02-06 13:47:26,587 INFO  n.e.o.t.s.UpdateSvc                 - inserting p: doe-gtn-rt2:ge-0/1/0 to doe-gtn-rt2            
2019-02-06 13:47:26,588 DEBUG n.e.o.t.s.UpdateSvc                 - doe-gtn-rt2:ge-0/1/0 33                                     
2019-02-06 13:47:26,588 DEBUG n.e.o.t.s.UpdateSvc                 - doe-gtn-rt2:ge-0/1/3 33                                     
2019-02-06 13:47:26,588 DEBUG n.e.o.t.s.UpdateSvc                 - doe-gtn-rt2:ge-0/0/3 33                                     
2019-02-06 13:47:26,588 DEBUG n.e.o.t.s.UpdateSvc                 - doe-gtn-rt2:ge-0/0/0 33                                     
2019-02-06 13:47:26,591 INFO  n.e.o.t.s.UpdateSvc                 - inserting p: jgi-mr2:xe-1/3/0 to jgi-mr2                    
2019-02-06 13:47:26,592 DEBUG n.e.o.t.s.UpdateSvc                 - jgi-mr2:xe-1/3/0 61                                         
2019-02-06 13:47:26,595 INFO  n.e.o.t.s.UpdateSvc                 - inserting p: elpa-cr5:1/1/1 to elpa-cr5                     
2019-02-06 13:47:26,596 DEBUG n.e.o.t.s.UpdateSvc                 - elpa-cr5:10/1/4 46                                          
2019-02-06 13:47:26,596 DEBUG n.e.o.t.s.UpdateSvc                 - elpa-cr5:10/1/3 46                                          
2019-02-06 13:47:26,596 DEBUG n.e.o.t.s.UpdateSvc                 - elpa-cr5:10/1/5 46                                          
2019-02-06 13:47:26,596 DEBUG n.e.o.t.s.UpdateSvc                 - elpa-cr5:1/1/1 46                                           
2019-02-06 13:47:26,600 INFO  n.e.o.t.s.UpdateSvc                 - inserting p: aofa-cr5:2/1/1 to aofa-cr5                     
2019-02-06 13:47:26,601 DEBUG n.e.o.t.s.UpdateSvc                 - aofa-cr5:10/1/1 69                                          
2019-02-06 13:47:26,601 DEBUG n.e.o.t.s.UpdateSvc                 - aofa-cr5:10/1/9 69                                          
2019-02-06 13:47:26,601 DEBUG n.e.o.t.s.UpdateSvc                 - aofa-cr5:5/1/1 69                                           
2019-02-06 13:47:26,601 DEBUG n.e.o.t.s.UpdateSvc                 - aofa-cr5:9/1/5 69                                           
2019-02-06 13:47:26,601 DEBUG n.e.o.t.s.UpdateSvc                 - aofa-cr5:4/1/1 69                                           
2019-02-06 13:47:26,601 DEBUG n.e.o.t.s.UpdateSvc                 - aofa-cr5:2/1/1 69                                           
2019-02-06 13:47:26,602 DEBUG n.e.o.t.s.UpdateSvc                 - aofa-cr5:6/2/1 69                                           
2019-02-06 13:47:26,602 DEBUG n.e.o.t.s.UpdateSvc                 - aofa-cr5:3/1/1 69                                           
2019-02-06 13:47:26,602 DEBUG n.e.o.t.s.UpdateSvc                 - aofa-cr5:10/1/2 69                                          
2019-02-06 13:47:26,602 DEBUG n.e.o.t.s.UpdateSvc                 - aofa-cr5:10/1/8 69                                          
2019-02-06 13:47:26,602 DEBUG n.e.o.t.s.UpdateSvc                 - aofa-cr5:4/2/1 69                                           
2019-02-06 13:47:26,602 DEBUG n.e.o.t.s.UpdateSvc                 - aofa-cr5:9/1/1 69                                           
2019-02-06 13:47:26,606 INFO  n.e.o.t.s.UpdateSvc                 - inserting p: pantex-rt4:ge-0/0/0 to pantex-rt4              
2019-02-06 13:47:26,607 DEBUG n.e.o.t.s.UpdateSvc                 - pantex-rt4:ge-0/1/0 66                                      
2019-02-06 13:47:26,607 DEBUG n.e.o.t.s.UpdateSvc                 - pantex-rt4:ge-0/0/2 66                                      
2019-02-06 13:47:26,607 DEBUG n.e.o.t.s.UpdateSvc                 - pantex-rt4:ge-0/0/0 66                                      
2019-02-06 13:47:26,610 INFO  n.e.o.t.s.UpdateSvc                 - inserting p: pantex-rt4:ge-0/0/1 to pantex-rt4              
2019-02-06 13:47:26,611 DEBUG n.e.o.t.s.UpdateSvc                 - pantex-rt4:ge-0/1/0 66                                      
2019-02-06 13:47:26,612 DEBUG n.e.o.t.s.UpdateSvc                 - pantex-rt4:ge-0/0/2 66                                      
2019-02-06 13:47:26,612 DEBUG n.e.o.t.s.UpdateSvc                 - pantex-rt4:ge-0/0/1 66                                      
2019-02-06 13:47:26,612 DEBUG n.e.o.t.s.UpdateSvc                 - pantex-rt4:ge-0/0/0 66                                      
2019-02-06 13:47:26,614 INFO  n.e.o.t.s.UpdateSvc                 - inserting p: sunn-cr5:4/1/1 to sunn-cr5                     
2019-02-06 13:47:26,615 DEBUG n.e.o.t.s.UpdateSvc                 - sunn-cr5:4/1/1 50                                           
2019-02-06 13:47:26,616 DEBUG n.e.o.t.s.UpdateSvc                 - sunn-cr5:10/1/2 50                                          
2019-02-06 13:47:26,616 DEBUG n.e.o.t.s.UpdateSvc                 - sunn-cr5:7/1/1 50                                           
2019-02-06 13:47:26,616 DEBUG n.e.o.t.s.UpdateSvc                 - sunn-cr5:10/2/4 50                                          
2019-02-06 13:47:26,616 DEBUG n.e.o.t.s.UpdateSvc                 - sunn-cr5:10/2/6 50                                          
2019-02-06 13:47:26,616 DEBUG n.e.o.t.s.UpdateSvc                 - sunn-cr5:10/1/6 50                                          
2019-02-06 13:47:26,616 DEBUG n.e.o.t.s.UpdateSvc                 - sunn-cr5:10/1/5 50                                          
2019-02-06 13:47:26,616 DEBUG n.e.o.t.s.UpdateSvc                 - sunn-cr5:10/2/3 50                                          
2019-02-06 13:47:26,616 DEBUG n.e.o.t.s.UpdateSvc                 - sunn-cr5:10/2/2 50                                          
2019-02-06 13:47:26,616 DEBUG n.e.o.t.s.UpdateSvc                 - sunn-cr5:7/2/1 50                                           
2019-02-06 13:47:26,616 DEBUG n.e.o.t.s.UpdateSvc                 - sunn-cr5:8/1/1 50                                           
2019-02-06 13:47:26,616 DEBUG n.e.o.t.s.UpdateSvc                 - sunn-cr5:10/1/4 50                                          
2019-02-06 13:47:26,616 DEBUG n.e.o.t.s.UpdateSvc                 - sunn-cr5:5/2/1 50                                           
2019-02-06 13:47:26,616 DEBUG n.e.o.t.s.UpdateSvc                 - sunn-cr5:10/1/3 50                                          
2019-02-06 13:47:26,616 DEBUG n.e.o.t.s.UpdateSvc                 - sunn-cr5:10/1/1 50                                          
2019-02-06 13:47:26,616 DEBUG n.e.o.t.s.UpdateSvc                 - sunn-cr5:5/1/1 50                                           
2019-02-06 13:47:26,616 DEBUG n.e.o.t.s.UpdateSvc                 - sunn-cr5:10/2/1 50                                          
2019-02-06 13:47:26,616 DEBUG n.e.o.t.s.UpdateSvc                 - sunn-cr5:10/2/5 50                                          
2019-02-06 13:47:26,618 INFO  n.e.o.t.s.UpdateSvc                 - inserting p: denv-cr5:10/1/12 to denv-cr5                   
2019-02-06 13:47:26,619 DEBUG n.e.o.t.s.UpdateSvc                 - denv-cr5:10/1/5 75                                          
2019-02-06 13:47:26,619 DEBUG n.e.o.t.s.UpdateSvc                 - denv-cr5:10/1/4 75                                          
2019-02-06 13:47:26,619 DEBUG n.e.o.t.s.UpdateSvc                 - denv-cr5:10/1/12 75                                         
2019-02-06 13:47:26,619 DEBUG n.e.o.t.s.UpdateSvc                 - denv-cr5:4/1/1 75                                           
2019-02-06 13:47:26,619 DEBUG n.e.o.t.s.UpdateSvc                 - denv-cr5:4/2/1 75                                           
2019-02-06 13:47:26,619 DEBUG n.e.o.t.s.UpdateSvc                 - denv-cr5:10/1/6 75                                          
2019-02-06 13:47:26,619 DEBUG n.e.o.t.s.UpdateSvc                 - denv-cr5:10/1/7 75                                          
2019-02-06 13:47:26,620 DEBUG n.e.o.t.s.UpdateSvc                 - denv-cr5:10/1/3 75                                          
2019-02-06 13:47:26,623 INFO  n.e.o.t.s.UpdateSvc                 - inserting p: nash-cr5:1/1/1 to nash-cr5                     
2019-02-06 13:47:26,623 DEBUG n.e.o.t.s.UpdateSvc                 - nash-cr5:10/1/3 45                                          
2019-02-06 13:47:26,623 DEBUG n.e.o.t.s.UpdateSvc                 - nash-cr5:1/1/1 45                                           
2019-02-06 13:47:26,623 DEBUG n.e.o.t.s.UpdateSvc                 - nash-cr5:10/1/6 45                                          
2019-02-06 13:47:26,623 DEBUG n.e.o.t.s.UpdateSvc                 - nash-cr5:1/2/1 45                                           
2019-02-06 13:47:26,623 DEBUG n.e.o.t.s.UpdateSvc                 - nash-cr5:10/1/5 45                                          
2019-02-06 13:47:26,623 DEBUG n.e.o.t.s.UpdateSvc                 - nash-cr5:10/1/4 45                                          
2019-02-06 13:47:26,626 INFO  n.e.o.t.s.UpdateSvc                 - inserting p: denv-cr5:10/1/11 to denv-cr5                   
2019-02-06 13:47:26,627 DEBUG n.e.o.t.s.UpdateSvc                 - denv-cr5:10/1/5 75                                          
2019-02-06 13:47:26,627 DEBUG n.e.o.t.s.UpdateSvc                 - denv-cr5:10/1/4 75                                          
2019-02-06 13:47:26,627 DEBUG n.e.o.t.s.UpdateSvc                 - denv-cr5:10/1/12 75                                         
2019-02-06 13:47:26,627 DEBUG n.e.o.t.s.UpdateSvc                 - denv-cr5:4/1/1 75                                           
2019-02-06 13:47:26,627 DEBUG n.e.o.t.s.UpdateSvc                 - denv-cr5:4/2/1 75                                           
2019-02-06 13:47:26,627 DEBUG n.e.o.t.s.UpdateSvc                 - denv-cr5:10/1/6 75                                          
2019-02-06 13:47:26,627 DEBUG n.e.o.t.s.UpdateSvc                 - denv-cr5:10/1/11 75                                         
2019-02-06 13:47:26,627 DEBUG n.e.o.t.s.UpdateSvc                 - denv-cr5:10/1/7 75                                          
2019-02-06 13:47:26,627 DEBUG n.e.o.t.s.UpdateSvc                 - denv-cr5:10/1/3 75                                          
2019-02-06 13:47:26,629 INFO  n.e.o.t.s.UpdateSvc                 - inserting p: lond-cr5:2/1/1 to lond-cr5                     
2019-02-06 13:47:26,629 DEBUG n.e.o.t.s.UpdateSvc                 - lond-cr5:2/2/1 57                                           
2019-02-06 13:47:26,630 DEBUG n.e.o.t.s.UpdateSvc                 - lond-cr5:2/1/1 57                                           
2019-02-06 13:47:26,630 DEBUG n.e.o.t.s.UpdateSvc                 - lond-cr5:5/1/1 57                                           
2019-02-06 13:47:26,632 INFO  n.e.o.t.s.UpdateSvc                 - inserting p: denv-cr5:10/1/10 to denv-cr5                   
2019-02-06 13:47:26,633 DEBUG n.e.o.t.s.UpdateSvc                 - denv-cr5:10/1/5 75                                          
2019-02-06 13:47:26,633 DEBUG n.e.o.t.s.UpdateSvc                 - denv-cr5:10/1/4 75                                          
2019-02-06 13:47:26,633 DEBUG n.e.o.t.s.UpdateSvc                 - denv-cr5:10/1/12 75                                         
2019-02-06 13:47:26,633 DEBUG n.e.o.t.s.UpdateSvc                 - denv-cr5:10/1/10 75                                         
2019-02-06 13:47:26,633 DEBUG n.e.o.t.s.UpdateSvc                 - denv-cr5:4/1/1 75                                           
2019-02-06 13:47:26,633 DEBUG n.e.o.t.s.UpdateSvc                 - denv-cr5:4/2/1 75                                           
2019-02-06 13:47:26,633 DEBUG n.e.o.t.s.UpdateSvc                 - denv-cr5:10/1/6 75                                          
2019-02-06 13:47:26,633 DEBUG n.e.o.t.s.UpdateSvc                 - denv-cr5:10/1/11 75                                         
2019-02-06 13:47:26,633 DEBUG n.e.o.t.s.UpdateSvc                 - denv-cr5:10/1/7 75                                          
2019-02-06 13:47:26,633 DEBUG n.e.o.t.s.UpdateSvc                 - denv-cr5:10/1/3 75                                          
2019-02-06 13:47:26,636 INFO  n.e.o.t.s.UpdateSvc                 - inserting p: cern-513-cr5:4/1/1 to cern-513-cr5             
2019-02-06 13:47:26,637 DEBUG n.e.o.t.s.UpdateSvc                 - cern-513-cr5:4/1/1 34                                       
2019-02-06 13:47:26,637 DEBUG n.e.o.t.s.UpdateSvc                 - cern-513-cr5:BLANK 34                                       
2019-02-06 13:47:26,637 DEBUG n.e.o.t.s.UpdateSvc                 - cern-513-cr5:1/2/1 34                                       
2019-02-06 13:47:26,637 DEBUG n.e.o.t.s.UpdateSvc                 - cern-513-cr5:5/1/1 34                                       
2019-02-06 13:47:26,637 DEBUG n.e.o.t.s.UpdateSvc                 - cern-513-cr5:1/1/1 34                                       
2019-02-06 13:47:26,637 DEBUG n.e.o.t.s.UpdateSvc                 - cern-513-cr5:2/1/1 34                                       
2019-02-06 13:47:26,639 INFO  n.e.o.t.s.UpdateSvc                 - inserting p: chic-cr5:3/1/1 to chic-cr5                     
2019-02-06 13:47:26,640 DEBUG n.e.o.t.s.UpdateSvc                 - chic-cr5:BLANK 55                                           
2019-02-06 13:47:26,640 DEBUG n.e.o.t.s.UpdateSvc                 - chic-cr5:10/1/1 55                                          
2019-02-06 13:47:26,640 DEBUG n.e.o.t.s.UpdateSvc                 - chic-cr5:7/1/1 55                                           
2019-02-06 13:47:26,640 DEBUG n.e.o.t.s.UpdateSvc                 - chic-cr5:10/1/3 55                                          
2019-02-06 13:47:26,640 DEBUG n.e.o.t.s.UpdateSvc                 - chic-cr5:10/1/7 55                                          
2019-02-06 13:47:26,640 DEBUG n.e.o.t.s.UpdateSvc                 - chic-cr5:6/1/1 55                                           
2019-02-06 13:47:26,640 DEBUG n.e.o.t.s.UpdateSvc                 - chic-cr5:6/2/1 55                                           
2019-02-06 13:47:26,640 DEBUG n.e.o.t.s.UpdateSvc                 - chic-cr5:10/1/4 55                                          
2019-02-06 13:47:26,640 DEBUG n.e.o.t.s.UpdateSvc                 - chic-cr5:7/2/1 55                                           
2019-02-06 13:47:26,640 DEBUG n.e.o.t.s.UpdateSvc                 - chic-cr5:3/1/1 55                                           
2019-02-06 13:47:26,640 DEBUG n.e.o.t.s.UpdateSvc                 - chic-cr5:8/1/1 55                                           
2019-02-06 13:47:26,640 DEBUG n.e.o.t.s.UpdateSvc                 - chic-cr5:10/1/5 55                                          
2019-02-06 13:47:26,640 DEBUG n.e.o.t.s.UpdateSvc                 - chic-cr5:1/1/1 55                                           
2019-02-06 13:47:26,643 INFO  n.e.o.t.s.UpdateSvc                 - inserting p: llnl-mr2:xe-1/0/0 to llnl-mr2                  
2019-02-06 13:47:26,644 DEBUG n.e.o.t.s.UpdateSvc                 - llnl-mr2:ge-3/0/1 52                                        
2019-02-06 13:47:26,644 DEBUG n.e.o.t.s.UpdateSvc                 - llnl-mr2:xe-1/0/0 52                                        
2019-02-06 13:47:26,644 DEBUG n.e.o.t.s.UpdateSvc                 - llnl-mr2:xe-1/3/0 52                                        
2019-02-06 13:47:26,644 DEBUG n.e.o.t.s.UpdateSvc                 - llnl-mr2:xe-2/1/0 52                                        
2019-02-06 13:47:26,644 DEBUG n.e.o.t.s.UpdateSvc                 - llnl-mr2:ge-3/0/0 52                                        
2019-02-06 13:47:26,644 DEBUG n.e.o.t.s.UpdateSvc                 - llnl-mr2:xe-2/0/0 52                                        
2019-02-06 13:47:26,644 DEBUG n.e.o.t.s.UpdateSvc                 - llnl-mr2:xe-2/2/0 52                                        
2019-02-06 13:47:26,644 DEBUG n.e.o.t.s.UpdateSvc                 - llnl-mr2:xe-3/2/0 52                                        
2019-02-06 13:47:26,644 DEBUG n.e.o.t.s.UpdateSvc                 - llnl-mr2:xe-0/1/0 52                                        
2019-02-06 13:47:26,647 INFO  n.e.o.t.s.UpdateSvc                 - inserting p: eqx-sj-cr5:10/1/4 to eqx-sj-cr5                
2019-02-06 13:47:26,648 DEBUG n.e.o.t.s.UpdateSvc                 - eqx-sj-cr5:1/2/1 35                                         
2019-02-06 13:47:26,648 DEBUG n.e.o.t.s.UpdateSvc                 - eqx-sj-cr5:10/1/4 35                                        
2019-02-06 13:47:26,648 DEBUG n.e.o.t.s.UpdateSvc                 - eqx-sj-cr5:BLANK 35                                         
2019-02-06 13:47:26,650 INFO  n.e.o.t.s.UpdateSvc                 - inserting p: eqx-sj-cr5:10/1/2 to eqx-sj-cr5                
2019-02-06 13:47:26,651 DEBUG n.e.o.t.s.UpdateSvc                 - eqx-sj-cr5:10/1/2 35                                        
2019-02-06 13:47:26,651 DEBUG n.e.o.t.s.UpdateSvc                 - eqx-sj-cr5:1/2/1 35                                         
2019-02-06 13:47:26,651 DEBUG n.e.o.t.s.UpdateSvc                 - eqx-sj-cr5:10/1/4 35                                        
2019-02-06 13:47:26,651 DEBUG n.e.o.t.s.UpdateSvc                 - eqx-sj-cr5:BLANK 35                                         
2019-02-06 13:47:26,663 INFO  n.e.o.t.s.UpdateSvc                 - inserting p: eqx-sj-cr5:10/1/1 to eqx-sj-cr5                
2019-02-06 13:47:26,664 DEBUG n.e.o.t.s.UpdateSvc                 - eqx-sj-cr5:10/1/1 35                                        
2019-02-06 13:47:26,664 DEBUG n.e.o.t.s.UpdateSvc                 - eqx-sj-cr5:10/1/2 35                                        
2019-02-06 13:47:26,664 DEBUG n.e.o.t.s.UpdateSvc                 - eqx-sj-cr5:1/2/1 35                                         
2019-02-06 13:47:26,664 DEBUG n.e.o.t.s.UpdateSvc                 - eqx-sj-cr5:10/1/4 35                                        
2019-02-06 13:47:26,664 DEBUG n.e.o.t.s.UpdateSvc                 - eqx-sj-cr5:BLANK 35                                         
2019-02-06 13:47:26,670 INFO  n.e.o.t.s.UpdateSvc                 - inserting p: denv-cr5:1/1/1 to denv-cr5                     
2019-02-06 13:47:26,672 DEBUG n.e.o.t.s.UpdateSvc                 - denv-cr5:10/1/5 75                                          
2019-02-06 13:47:26,672 DEBUG n.e.o.t.s.UpdateSvc                 - denv-cr5:1/1/1 75                                           
2019-02-06 13:47:26,672 DEBUG n.e.o.t.s.UpdateSvc                 - denv-cr5:10/1/4 75                                          
2019-02-06 13:47:26,672 DEBUG n.e.o.t.s.UpdateSvc                 - denv-cr5:10/1/12 75                                         
2019-02-06 13:47:26,672 DEBUG n.e.o.t.s.UpdateSvc                 - denv-cr5:10/1/10 75                                         
2019-02-06 13:47:26,672 DEBUG n.e.o.t.s.UpdateSvc                 - denv-cr5:4/1/1 75                                           
2019-02-06 13:47:26,672 DEBUG n.e.o.t.s.UpdateSvc                 - denv-cr5:4/2/1 75                                           
2019-02-06 13:47:26,672 DEBUG n.e.o.t.s.UpdateSvc                 - denv-cr5:10/1/6 75                                          
2019-02-06 13:47:26,672 DEBUG n.e.o.t.s.UpdateSvc                 - denv-cr5:10/1/11 75                                         
2019-02-06 13:47:26,672 DEBUG n.e.o.t.s.UpdateSvc                 - denv-cr5:10/1/7 75                                          
2019-02-06 13:47:26,672 DEBUG n.e.o.t.s.UpdateSvc                 - denv-cr5:10/1/3 75                                          
2019-02-06 13:47:26,675 INFO  n.e.o.t.s.UpdateSvc                 - inserting p: kans-cr5:2/1/1 to kans-cr5                     
2019-02-06 13:47:26,676 DEBUG n.e.o.t.s.UpdateSvc                 - kans-cr5:10/1/4 38                                          
2019-02-06 13:47:26,676 DEBUG n.e.o.t.s.UpdateSvc                 - kans-cr5:10/1/3 38                                          
2019-02-06 13:47:26,676 DEBUG n.e.o.t.s.UpdateSvc                 - kans-cr5:2/1/1 38                                           
2019-02-06 13:47:26,676 DEBUG n.e.o.t.s.UpdateSvc                 - kans-cr5:1/1/1 38                                           
2019-02-06 13:47:26,680 INFO  n.e.o.t.s.UpdateSvc                 - inserting p: llnl-mr2:xe-0/2/0 to llnl-mr2                  
2019-02-06 13:47:26,681 DEBUG n.e.o.t.s.UpdateSvc                 - llnl-mr2:xe-0/2/0 52                                        
2019-02-06 13:47:26,681 DEBUG n.e.o.t.s.UpdateSvc                 - llnl-mr2:ge-3/0/1 52                                        
2019-02-06 13:47:26,681 DEBUG n.e.o.t.s.UpdateSvc                 - llnl-mr2:xe-1/0/0 52                                        
2019-02-06 13:47:26,681 DEBUG n.e.o.t.s.UpdateSvc                 - llnl-mr2:xe-1/3/0 52                                        
2019-02-06 13:47:26,681 DEBUG n.e.o.t.s.UpdateSvc                 - llnl-mr2:xe-2/1/0 52                                        
2019-02-06 13:47:26,681 DEBUG n.e.o.t.s.UpdateSvc                 - llnl-mr2:ge-3/0/0 52                                        
2019-02-06 13:47:26,681 DEBUG n.e.o.t.s.UpdateSvc                 - llnl-mr2:xe-2/0/0 52                                        
2019-02-06 13:47:26,681 DEBUG n.e.o.t.s.UpdateSvc                 - llnl-mr2:xe-2/2/0 52                                        
2019-02-06 13:47:26,681 DEBUG n.e.o.t.s.UpdateSvc                 - llnl-mr2:xe-3/2/0 52                                        
2019-02-06 13:47:26,681 DEBUG n.e.o.t.s.UpdateSvc                 - llnl-mr2:xe-0/1/0 52                                        
2019-02-06 13:47:26,685 INFO  n.e.o.t.s.UpdateSvc                 - inserting p: ornl-cr5:7/1/1 to ornl-cr5                     
2019-02-06 13:47:26,687 DEBUG n.e.o.t.s.UpdateSvc                 - ornl-cr5:10/1/1 64                                          
2019-02-06 13:47:26,687 DEBUG n.e.o.t.s.UpdateSvc                 - ornl-cr5:7/1/1 64                                           
2019-02-06 13:47:26,687 DEBUG n.e.o.t.s.UpdateSvc                 - ornl-cr5:10/1/3 64                                          
2019-02-06 13:47:26,687 DEBUG n.e.o.t.s.UpdateSvc                 - ornl-cr5:10/1/2 64                                          
2019-02-06 13:47:26,687 DEBUG n.e.o.t.s.UpdateSvc                 - ornl-cr5:6/1/1 64                                           
2019-02-06 13:47:26,690 INFO  n.e.o.t.s.UpdateSvc                 - inserting p: ornl-rt4:xe-0/2/0 to ornl-rt4                  
2019-02-06 13:47:26,691 DEBUG n.e.o.t.s.UpdateSvc                 - ornl-rt4:ge-0/0/1 42                                        
2019-02-06 13:47:26,691 DEBUG n.e.o.t.s.UpdateSvc                 - ornl-rt4:xe-0/2/0 42                                        
2019-02-06 13:47:26,692 DEBUG n.e.o.t.s.UpdateSvc                 - ornl-rt4:xe-2/3/0 42                                        
2019-02-06 13:47:26,692 DEBUG n.e.o.t.s.UpdateSvc                 - ornl-rt4:xe-1/2/0 42                                        
2019-02-06 13:47:26,695 INFO  n.e.o.t.s.UpdateSvc                 - inserting p: wash-cr5:5/2/1 to wash-cr5                     
2019-02-06 13:47:26,696 DEBUG n.e.o.t.s.UpdateSvc                 - wash-cr5:10/1/5 36                                          
2019-02-06 13:47:26,697 DEBUG n.e.o.t.s.UpdateSvc                 - wash-cr5:10/1/3 36                                          
2019-02-06 13:47:26,697 DEBUG n.e.o.t.s.UpdateSvc                 - wash-cr5:1/1/1 36                                           
2019-02-06 13:47:26,697 DEBUG n.e.o.t.s.UpdateSvc                 - wash-cr5:6/1/1 36                                           
2019-02-06 13:47:26,697 DEBUG n.e.o.t.s.UpdateSvc                 - wash-cr5:5/2/1 36                                           
2019-02-06 13:47:26,697 DEBUG n.e.o.t.s.UpdateSvc                 - wash-cr5:4/2/1 36                                           
2019-02-06 13:47:26,697 DEBUG n.e.o.t.s.UpdateSvc                 - wash-cr5:10/1/9 36                                          
2019-02-06 13:47:26,697 DEBUG n.e.o.t.s.UpdateSvc                 - wash-cr5:4/1/1 36                                           
2019-02-06 13:47:26,697 DEBUG n.e.o.t.s.UpdateSvc                 - wash-cr5:10/1/4 36                                          
2019-02-06 13:47:26,697 DEBUG n.e.o.t.s.UpdateSvc                 - wash-cr5:10/1/10 36                                         
2019-02-06 13:47:26,701 INFO  n.e.o.t.s.UpdateSvc                 - inserting p: amst-cr5:3/1/1 to amst-cr5                     
2019-02-06 13:47:26,702 DEBUG n.e.o.t.s.UpdateSvc                 - amst-cr5:10/1/1 72                                          
2019-02-06 13:47:26,703 DEBUG n.e.o.t.s.UpdateSvc                 - amst-cr5:10/1/2 72                                          
2019-02-06 13:47:26,703 DEBUG n.e.o.t.s.UpdateSvc                 - amst-cr5:5/1/1 72                                           
2019-02-06 13:47:26,703 DEBUG n.e.o.t.s.UpdateSvc                 - amst-cr5:3/1/1 72                                           
2019-02-06 13:47:26,703 DEBUG n.e.o.t.s.UpdateSvc                 - amst-cr5:10/2/5 72                                          
2019-02-06 13:47:26,706 INFO  n.e.o.t.s.UpdateSvc                 - inserting p: sacr-cr5:5/1/1 to sacr-cr5                     
2019-02-06 13:47:26,708 DEBUG n.e.o.t.s.UpdateSvc                 - sacr-cr5:1/1/1 47                                           
2019-02-06 13:47:26,708 DEBUG n.e.o.t.s.UpdateSvc                 - sacr-cr5:10/2/2 47                                          
2019-02-06 13:47:26,708 DEBUG n.e.o.t.s.UpdateSvc                 - sacr-cr5:10/2/1 47                                          
2019-02-06 13:47:26,708 DEBUG n.e.o.t.s.UpdateSvc                 - sacr-cr5:10/1/6 47                                          
2019-02-06 13:47:26,708 DEBUG n.e.o.t.s.UpdateSvc                 - sacr-cr5:10/2/3 47                                          
2019-02-06 13:47:26,708 DEBUG n.e.o.t.s.UpdateSvc                 - sacr-cr5:10/1/1 47                                          
2019-02-06 13:47:26,708 DEBUG n.e.o.t.s.UpdateSvc                 - sacr-cr5:10/1/4 47                                          
2019-02-06 13:47:26,708 DEBUG n.e.o.t.s.UpdateSvc                 - sacr-cr5:10/2/4 47                                          
2019-02-06 13:47:26,708 DEBUG n.e.o.t.s.UpdateSvc                 - sacr-cr5:5/1/1 47                                           
2019-02-06 13:47:26,708 DEBUG n.e.o.t.s.UpdateSvc                 - sacr-cr5:2/1/1 47                                           
2019-02-06 13:47:26,708 DEBUG n.e.o.t.s.UpdateSvc                 - sacr-cr5:10/2/5 47                                          
2019-02-06 13:47:26,708 DEBUG n.e.o.t.s.UpdateSvc                 - sacr-cr5:10/2/6 47                                          
2019-02-06 13:47:26,708 DEBUG n.e.o.t.s.UpdateSvc                 - sacr-cr5:3/1/1 47                                           
2019-02-06 13:47:26,708 DEBUG n.e.o.t.s.UpdateSvc                 - sacr-cr5:4/1/1 47                                           
2019-02-06 13:47:26,708 DEBUG n.e.o.t.s.UpdateSvc                 - sacr-cr5:10/1/2 47                                          
2019-02-06 13:47:26,712 INFO  n.e.o.t.s.UpdateSvc                 - inserting p: snll-mr2:xe-2/0/0 to snll-mr2                  
2019-02-06 13:47:26,713 DEBUG n.e.o.t.s.UpdateSvc                 - snll-mr2:xe-2/0/0 40                                        
2019-02-06 13:47:26,713 DEBUG n.e.o.t.s.UpdateSvc                 - snll-mr2:xe-2/2/0 40                                        
2019-02-06 13:47:26,713 DEBUG n.e.o.t.s.UpdateSvc                 - snll-mr2:xe-2/3/0 40                                        
2019-02-06 13:47:26,716 INFO  n.e.o.t.s.UpdateSvc                 - inserting p: cern-773-cr5:2/1/1 to cern-773-cr5             
2019-02-06 13:47:26,717 DEBUG n.e.o.t.s.UpdateSvc                 - cern-773-cr5:10/1/2 44                                      
2019-02-06 13:47:26,717 DEBUG n.e.o.t.s.UpdateSvc                 - cern-773-cr5:2/1/1 44                                       
2019-02-06 13:47:26,718 DEBUG n.e.o.t.s.UpdateSvc                 - cern-773-cr5:10/1/1 44                                      
2019-02-06 13:47:26,718 DEBUG n.e.o.t.s.UpdateSvc                 - cern-773-cr5:10/1/3 44                                      
2019-02-06 13:47:26,718 DEBUG n.e.o.t.s.UpdateSvc                 - cern-773-cr5:BLANK 44                                       
2019-02-06 13:47:26,718 DEBUG n.e.o.t.s.UpdateSvc                 - cern-773-cr5:1/1/1 44                                       
2019-02-06 13:47:26,721 INFO  n.e.o.t.s.UpdateSvc                 - inserting p: lond-cr5:10/1/4 to lond-cr5                    
2019-02-06 13:47:26,722 DEBUG n.e.o.t.s.UpdateSvc                 - lond-cr5:2/2/1 57                                           
2019-02-06 13:47:26,723 DEBUG n.e.o.t.s.UpdateSvc                 - lond-cr5:10/1/4 57                                          
2019-02-06 13:47:26,723 DEBUG n.e.o.t.s.UpdateSvc                 - lond-cr5:2/1/1 57                                           
2019-02-06 13:47:26,723 DEBUG n.e.o.t.s.UpdateSvc                 - lond-cr5:5/1/1 57                                           
2019-02-06 13:47:26,726 INFO  n.e.o.t.s.UpdateSvc                 - inserting p: lond-cr5:1/2/1 to lond-cr5                     
2019-02-06 13:47:26,727 DEBUG n.e.o.t.s.UpdateSvc                 - lond-cr5:2/2/1 57                                           
2019-02-06 13:47:26,727 DEBUG n.e.o.t.s.UpdateSvc                 - lond-cr5:10/1/4 57                                          
2019-02-06 13:47:26,727 DEBUG n.e.o.t.s.UpdateSvc                 - lond-cr5:2/1/1 57                                           
2019-02-06 13:47:26,728 DEBUG n.e.o.t.s.UpdateSvc                 - lond-cr5:5/1/1 57                                           
2019-02-06 13:47:26,728 DEBUG n.e.o.t.s.UpdateSvc                 - lond-cr5:1/2/1 57                                           
2019-02-06 13:47:26,731 INFO  n.e.o.t.s.UpdateSvc                 - inserting p: lond-cr5:10/1/2 to lond-cr5                    
2019-02-06 13:47:26,732 DEBUG n.e.o.t.s.UpdateSvc                 - lond-cr5:2/2/1 57                                           
2019-02-06 13:47:26,732 DEBUG n.e.o.t.s.UpdateSvc                 - lond-cr5:10/1/4 57                                          
2019-02-06 13:47:26,732 DEBUG n.e.o.t.s.UpdateSvc                 - lond-cr5:10/1/2 57                                          
2019-02-06 13:47:26,732 DEBUG n.e.o.t.s.UpdateSvc                 - lond-cr5:2/1/1 57                                           
2019-02-06 13:47:26,732 DEBUG n.e.o.t.s.UpdateSvc                 - lond-cr5:5/1/1 57                                           
2019-02-06 13:47:26,732 DEBUG n.e.o.t.s.UpdateSvc                 - lond-cr5:1/2/1 57                                           
2019-02-06 13:47:26,735 INFO  n.e.o.t.s.UpdateSvc                 - inserting p: star-cr5:BLANK to star-cr5                     
2019-02-06 13:47:26,736 DEBUG n.e.o.t.s.UpdateSvc                 - star-cr5:BLANK 76                                           
2019-02-06 13:47:26,736 DEBUG n.e.o.t.s.UpdateSvc                 - star-cr5:4/1/1 76                                           
2019-02-06 13:47:26,736 DEBUG n.e.o.t.s.UpdateSvc                 - star-cr5:5/1/1 76                                           
2019-02-06 13:47:26,736 DEBUG n.e.o.t.s.UpdateSvc                 - star-cr5:4/2/1 76                                           
2019-02-06 13:47:26,736 DEBUG n.e.o.t.s.UpdateSvc                 - star-cr5:3/1/1 76                                           
2019-02-06 13:47:26,736 DEBUG n.e.o.t.s.UpdateSvc                 - star-cr5:3/2/1 76                                           
2019-02-06 13:47:26,739 INFO  n.e.o.t.s.UpdateSvc                 - inserting p: lond-cr5:10/1/1 to lond-cr5                    
2019-02-06 13:47:26,740 DEBUG n.e.o.t.s.UpdateSvc                 - lond-cr5:2/2/1 57                                           
2019-02-06 13:47:26,740 DEBUG n.e.o.t.s.UpdateSvc                 - lond-cr5:10/1/4 57                                          
2019-02-06 13:47:26,740 DEBUG n.e.o.t.s.UpdateSvc                 - lond-cr5:10/1/2 57                                          
2019-02-06 13:47:26,740 DEBUG n.e.o.t.s.UpdateSvc                 - lond-cr5:10/1/1 57                                          
2019-02-06 13:47:26,740 DEBUG n.e.o.t.s.UpdateSvc                 - lond-cr5:2/1/1 57                                           
2019-02-06 13:47:26,740 DEBUG n.e.o.t.s.UpdateSvc                 - lond-cr5:5/1/1 57                                           
2019-02-06 13:47:26,740 DEBUG n.e.o.t.s.UpdateSvc                 - lond-cr5:1/2/1 57                                           
2019-02-06 13:47:26,743 INFO  n.e.o.t.s.UpdateSvc                 - inserting p: star-cr5:6/1/1 to star-cr5                     
2019-02-06 13:47:26,744 DEBUG n.e.o.t.s.UpdateSvc                 - star-cr5:BLANK 76                                           
2019-02-06 13:47:26,744 DEBUG n.e.o.t.s.UpdateSvc                 - star-cr5:6/1/1 76                                           
2019-02-06 13:47:26,744 DEBUG n.e.o.t.s.UpdateSvc                 - star-cr5:4/1/1 76                                           
2019-02-06 13:47:26,744 DEBUG n.e.o.t.s.UpdateSvc                 - star-cr5:5/1/1 76                                           
2019-02-06 13:47:26,744 DEBUG n.e.o.t.s.UpdateSvc                 - star-cr5:4/2/1 76                                           
2019-02-06 13:47:26,744 DEBUG n.e.o.t.s.UpdateSvc                 - star-cr5:3/1/1 76                                           
2019-02-06 13:47:26,744 DEBUG n.e.o.t.s.UpdateSvc                 - star-cr5:3/2/1 76                                           
2019-02-06 13:47:26,747 INFO  n.e.o.t.s.UpdateSvc                 - inserting p: star-cr5:10/1/1 to star-cr5                    
2019-02-06 13:47:26,748 DEBUG n.e.o.t.s.UpdateSvc                 - star-cr5:BLANK 76                                           
2019-02-06 13:47:26,748 DEBUG n.e.o.t.s.UpdateSvc                 - star-cr5:6/1/1 76                                           
2019-02-06 13:47:26,748 DEBUG n.e.o.t.s.UpdateSvc                 - star-cr5:4/1/1 76                                           
2019-02-06 13:47:26,748 DEBUG n.e.o.t.s.UpdateSvc                 - star-cr5:5/1/1 76                                           
2019-02-06 13:47:26,748 DEBUG n.e.o.t.s.UpdateSvc                 - star-cr5:4/2/1 76                                           
2019-02-06 13:47:26,748 DEBUG n.e.o.t.s.UpdateSvc                 - star-cr5:3/1/1 76                                           
2019-02-06 13:47:26,748 DEBUG n.e.o.t.s.UpdateSvc                 - star-cr5:3/2/1 76                                           
2019-02-06 13:47:26,748 DEBUG n.e.o.t.s.UpdateSvc                 - star-cr5:10/1/1 76                                          
2019-02-06 13:47:26,751 INFO  n.e.o.t.s.UpdateSvc                 - inserting p: nash-cr5:2/1/1 to nash-cr5                     
2019-02-06 13:47:26,752 DEBUG n.e.o.t.s.UpdateSvc                 - nash-cr5:10/1/3 45                                          
2019-02-06 13:47:26,752 DEBUG n.e.o.t.s.UpdateSvc                 - nash-cr5:1/1/1 45                                           
2019-02-06 13:47:26,752 DEBUG n.e.o.t.s.UpdateSvc                 - nash-cr5:10/1/6 45                                          
2019-02-06 13:47:26,752 DEBUG n.e.o.t.s.UpdateSvc                 - nash-cr5:2/1/1 45                                           
2019-02-06 13:47:26,752 DEBUG n.e.o.t.s.UpdateSvc                 - nash-cr5:1/2/1 45                                           
2019-02-06 13:47:26,752 DEBUG n.e.o.t.s.UpdateSvc                 - nash-cr5:10/1/5 45                                          
2019-02-06 13:47:26,752 DEBUG n.e.o.t.s.UpdateSvc                 - nash-cr5:10/1/4 45                                          
2019-02-06 13:47:26,754 INFO  n.e.o.t.s.UpdateSvc                 - inserting p: snll-mr2:xe-1/2/0 to snll-mr2                  
2019-02-06 13:47:26,755 DEBUG n.e.o.t.s.UpdateSvc                 - snll-mr2:xe-2/0/0 40                                        
2019-02-06 13:47:26,755 DEBUG n.e.o.t.s.UpdateSvc                 - snll-mr2:xe-2/2/0 40                                        
2019-02-06 13:47:26,755 DEBUG n.e.o.t.s.UpdateSvc                 - snll-mr2:xe-2/3/0 40                                        
2019-02-06 13:47:26,755 DEBUG n.e.o.t.s.UpdateSvc                 - snll-mr2:xe-1/2/0 40                                        
2019-02-06 13:47:26,758 INFO  n.e.o.t.s.UpdateSvc                 - inserting p: star-cr5:10/1/7 to star-cr5                    
2019-02-06 13:47:26,758 DEBUG n.e.o.t.s.UpdateSvc                 - star-cr5:BLANK 76                                           
2019-02-06 13:47:26,758 DEBUG n.e.o.t.s.UpdateSvc                 - star-cr5:6/1/1 76                                           
2019-02-06 13:47:26,759 DEBUG n.e.o.t.s.UpdateSvc                 - star-cr5:4/1/1 76                                           
2019-02-06 13:47:26,759 DEBUG n.e.o.t.s.UpdateSvc                 - star-cr5:5/1/1 76                                           
2019-02-06 13:47:26,759 DEBUG n.e.o.t.s.UpdateSvc                 - star-cr5:4/2/1 76                                           
2019-02-06 13:47:26,759 DEBUG n.e.o.t.s.UpdateSvc                 - star-cr5:10/1/7 76                                          
2019-02-06 13:47:26,759 DEBUG n.e.o.t.s.UpdateSvc                 - star-cr5:3/1/1 76                                           
2019-02-06 13:47:26,759 DEBUG n.e.o.t.s.UpdateSvc                 - star-cr5:3/2/1 76                                           
2019-02-06 13:47:26,759 DEBUG n.e.o.t.s.UpdateSvc                 - star-cr5:10/1/1 76                                          
2019-02-06 13:47:26,761 INFO  n.e.o.t.s.UpdateSvc                 - inserting p: star-cr5:10/1/8 to star-cr5                    
2019-02-06 13:47:26,772 DEBUG n.e.o.t.s.UpdateSvc                 - star-cr5:BLANK 76                                           
2019-02-06 13:47:26,772 DEBUG n.e.o.t.s.UpdateSvc                 - star-cr5:6/1/1 76                                           
2019-02-06 13:47:26,772 DEBUG n.e.o.t.s.UpdateSvc                 - star-cr5:4/1/1 76                                           
2019-02-06 13:47:26,772 DEBUG n.e.o.t.s.UpdateSvc                 - star-cr5:5/1/1 76                                           
2019-02-06 13:47:26,772 DEBUG n.e.o.t.s.UpdateSvc                 - star-cr5:10/1/8 76                                          
2019-02-06 13:47:26,772 DEBUG n.e.o.t.s.UpdateSvc                 - star-cr5:4/2/1 76                                           
2019-02-06 13:47:26,773 DEBUG n.e.o.t.s.UpdateSvc                 - star-cr5:10/1/7 76                                          
2019-02-06 13:47:26,773 DEBUG n.e.o.t.s.UpdateSvc                 - star-cr5:3/1/1 76                                           
2019-02-06 13:47:26,773 DEBUG n.e.o.t.s.UpdateSvc                 - star-cr5:3/2/1 76                                           
2019-02-06 13:47:26,773 DEBUG n.e.o.t.s.UpdateSvc                 - star-cr5:10/1/1 76                                          
2019-02-06 13:47:26,778 INFO  n.e.o.t.s.UpdateSvc                 - inserting p: ornl-rt4:xe-1/0/0 to ornl-rt4                  
2019-02-06 13:47:26,778 DEBUG n.e.o.t.s.UpdateSvc                 - ornl-rt4:ge-0/0/1 42                                        
2019-02-06 13:47:26,779 DEBUG n.e.o.t.s.UpdateSvc                 - ornl-rt4:xe-0/2/0 42                                        
2019-02-06 13:47:26,779 DEBUG n.e.o.t.s.UpdateSvc                 - ornl-rt4:xe-2/3/0 42                                        
2019-02-06 13:47:26,779 DEBUG n.e.o.t.s.UpdateSvc                 - ornl-rt4:xe-1/2/0 42                                        
2019-02-06 13:47:26,779 DEBUG n.e.o.t.s.UpdateSvc                 - ornl-rt4:xe-1/0/0 42                                        
2019-02-06 13:47:26,783 INFO  n.e.o.t.s.UpdateSvc                 - inserting p: eqx-sj-cr5:10/2/4 to eqx-sj-cr5                
2019-02-06 13:47:26,784 DEBUG n.e.o.t.s.UpdateSvc                 - eqx-sj-cr5:10/1/1 35                                        
2019-02-06 13:47:26,785 DEBUG n.e.o.t.s.UpdateSvc                 - eqx-sj-cr5:10/1/2 35                                        
2019-02-06 13:47:26,785 DEBUG n.e.o.t.s.UpdateSvc                 - eqx-sj-cr5:10/2/4 35                                        
2019-02-06 13:47:26,785 DEBUG n.e.o.t.s.UpdateSvc                 - eqx-sj-cr5:1/2/1 35                                         
2019-02-06 13:47:26,785 DEBUG n.e.o.t.s.UpdateSvc                 - eqx-sj-cr5:10/1/4 35                                        
2019-02-06 13:47:26,785 DEBUG n.e.o.t.s.UpdateSvc                 - eqx-sj-cr5:BLANK 35                                         
2019-02-06 13:47:26,788 INFO  n.e.o.t.s.UpdateSvc                 - inserting p: eqx-sj-cr5:10/2/2 to eqx-sj-cr5                
2019-02-06 13:47:26,790 DEBUG n.e.o.t.s.UpdateSvc                 - eqx-sj-cr5:10/1/1 35                                        
2019-02-06 13:47:26,790 DEBUG n.e.o.t.s.UpdateSvc                 - eqx-sj-cr5:10/2/2 35                                        
2019-02-06 13:47:26,790 DEBUG n.e.o.t.s.UpdateSvc                 - eqx-sj-cr5:10/1/2 35                                        
2019-02-06 13:47:26,790 DEBUG n.e.o.t.s.UpdateSvc                 - eqx-sj-cr5:10/2/4 35                                        
2019-02-06 13:47:26,790 DEBUG n.e.o.t.s.UpdateSvc                 - eqx-sj-cr5:1/2/1 35                                         
2019-02-06 13:47:26,790 DEBUG n.e.o.t.s.UpdateSvc                 - eqx-sj-cr5:10/1/4 35                                        
2019-02-06 13:47:26,790 DEBUG n.e.o.t.s.UpdateSvc                 - eqx-sj-cr5:BLANK 35                                         
2019-02-06 13:47:26,793 INFO  n.e.o.t.s.UpdateSvc                 - inserting p: atla-cr5:4/1/1 to atla-cr5                     
2019-02-06 13:47:26,794 DEBUG n.e.o.t.s.UpdateSvc                 - atla-cr5:10/1/3 41                                          
2019-02-06 13:47:26,794 DEBUG n.e.o.t.s.UpdateSvc                 - atla-cr5:10/1/8 41                                          
2019-02-06 13:47:26,794 DEBUG n.e.o.t.s.UpdateSvc                 - atla-cr5:10/1/2 41                                          
2019-02-06 13:47:26,794 DEBUG n.e.o.t.s.UpdateSvc                 - atla-cr5:3/1/1 41                                           
2019-02-06 13:47:26,794 DEBUG n.e.o.t.s.UpdateSvc                 - atla-cr5:2/1/1 41                                           
2019-02-06 13:47:26,794 DEBUG n.e.o.t.s.UpdateSvc                 - atla-cr5:4/1/1 41                                           
2019-02-06 13:47:26,794 DEBUG n.e.o.t.s.UpdateSvc                 - atla-cr5:1/1/1 41                                           
2019-02-06 13:47:26,798 INFO  n.e.o.t.s.UpdateSvc                 - inserting p: sunn-cr5:2/2/1 to sunn-cr5                     
2019-02-06 13:47:26,800 DEBUG n.e.o.t.s.UpdateSvc                 - sunn-cr5:4/1/1 50                                           
2019-02-06 13:47:26,800 DEBUG n.e.o.t.s.UpdateSvc                 - sunn-cr5:10/1/2 50                                          
2019-02-06 13:47:26,800 DEBUG n.e.o.t.s.UpdateSvc                 - sunn-cr5:7/1/1 50                                           
2019-02-06 13:47:26,800 DEBUG n.e.o.t.s.UpdateSvc                 - sunn-cr5:10/2/4 50                                          
2019-02-06 13:47:26,800 DEBUG n.e.o.t.s.UpdateSvc                 - sunn-cr5:10/2/6 50                                          
2019-02-06 13:47:26,800 DEBUG n.e.o.t.s.UpdateSvc                 - sunn-cr5:10/1/6 50                                          
2019-02-06 13:47:26,800 DEBUG n.e.o.t.s.UpdateSvc                 - sunn-cr5:10/1/5 50                                          
2019-02-06 13:47:26,800 DEBUG n.e.o.t.s.UpdateSvc                 - sunn-cr5:10/2/3 50                                          
2019-02-06 13:47:26,800 DEBUG n.e.o.t.s.UpdateSvc                 - sunn-cr5:10/2/2 50                                          
2019-02-06 13:47:26,800 DEBUG n.e.o.t.s.UpdateSvc                 - sunn-cr5:7/2/1 50                                           
2019-02-06 13:47:26,800 DEBUG n.e.o.t.s.UpdateSvc                 - sunn-cr5:8/1/1 50                                           
2019-02-06 13:47:26,800 DEBUG n.e.o.t.s.UpdateSvc                 - sunn-cr5:10/1/4 50                                          
2019-02-06 13:47:26,800 DEBUG n.e.o.t.s.UpdateSvc                 - sunn-cr5:2/2/1 50                                           
2019-02-06 13:47:26,800 DEBUG n.e.o.t.s.UpdateSvc                 - sunn-cr5:5/2/1 50                                           
2019-02-06 13:47:26,800 DEBUG n.e.o.t.s.UpdateSvc                 - sunn-cr5:10/1/3 50                                          
2019-02-06 13:47:26,800 DEBUG n.e.o.t.s.UpdateSvc                 - sunn-cr5:10/1/1 50                                          
2019-02-06 13:47:26,800 DEBUG n.e.o.t.s.UpdateSvc                 - sunn-cr5:5/1/1 50                                           
2019-02-06 13:47:26,800 DEBUG n.e.o.t.s.UpdateSvc                 - sunn-cr5:10/2/1 50                                          
2019-02-06 13:47:26,800 DEBUG n.e.o.t.s.UpdateSvc                 - sunn-cr5:10/2/5 50                                          
2019-02-06 13:47:26,804 INFO  n.e.o.t.s.UpdateSvc                 - inserting p: pnwg-cr5:10/1/10 to pnwg-cr5                   
2019-02-06 13:47:26,805 DEBUG n.e.o.t.s.UpdateSvc                 - pnwg-cr5:3/1/1 71                                           
2019-02-06 13:47:26,805 DEBUG n.e.o.t.s.UpdateSvc                 - pnwg-cr5:2/2/1 71                                           
2019-02-06 13:47:26,805 DEBUG n.e.o.t.s.UpdateSvc                 - pnwg-cr5:9/1/2 71                                           
2019-02-06 13:47:26,805 DEBUG n.e.o.t.s.UpdateSvc                 - pnwg-cr5:2/1/1 71                                           
2019-02-06 13:47:26,805 DEBUG n.e.o.t.s.UpdateSvc                 - pnwg-cr5:1/1/1 71                                           
2019-02-06 13:47:26,805 DEBUG n.e.o.t.s.UpdateSvc                 - pnwg-cr5:BLANK 71                                           
2019-02-06 13:47:26,805 DEBUG n.e.o.t.s.UpdateSvc                 - pnwg-cr5:10/1/10 71                                         
2019-02-06 13:47:26,808 INFO  n.e.o.t.s.UpdateSvc                 - inserting p: wash-cr5:5/1/1 to wash-cr5                     
2019-02-06 13:47:26,809 DEBUG n.e.o.t.s.UpdateSvc                 - wash-cr5:5/1/1 36                                           
2019-02-06 13:47:26,809 DEBUG n.e.o.t.s.UpdateSvc                 - wash-cr5:10/1/5 36                                          
2019-02-06 13:47:26,809 DEBUG n.e.o.t.s.UpdateSvc                 - wash-cr5:10/1/3 36                                          
2019-02-06 13:47:26,809 DEBUG n.e.o.t.s.UpdateSvc                 - wash-cr5:1/1/1 36                                           
2019-02-06 13:47:26,809 DEBUG n.e.o.t.s.UpdateSvc                 - wash-cr5:6/1/1 36                                           
2019-02-06 13:47:26,809 DEBUG n.e.o.t.s.UpdateSvc                 - wash-cr5:5/2/1 36                                           
2019-02-06 13:47:26,809 DEBUG n.e.o.t.s.UpdateSvc                 - wash-cr5:4/2/1 36                                           
2019-02-06 13:47:26,809 DEBUG n.e.o.t.s.UpdateSvc                 - wash-cr5:10/1/9 36                                          
2019-02-06 13:47:26,809 DEBUG n.e.o.t.s.UpdateSvc                 - wash-cr5:4/1/1 36                                           
2019-02-06 13:47:26,809 DEBUG n.e.o.t.s.UpdateSvc                 - wash-cr5:10/1/4 36                                          
2019-02-06 13:47:26,809 DEBUG n.e.o.t.s.UpdateSvc                 - wash-cr5:10/1/10 36                                         
2019-02-06 13:47:26,813 INFO  n.e.o.t.s.UpdateSvc                 - inserting p: anl-mr2:xe-0/0/0 to anl-mr2                    
2019-02-06 13:47:26,814 DEBUG n.e.o.t.s.UpdateSvc                 - anl-mr2:xe-0/0/0 53                                         
2019-02-06 13:47:26,814 DEBUG n.e.o.t.s.UpdateSvc                 - anl-mr2:xe-2/3/0 53                                         
2019-02-06 13:47:26,814 DEBUG n.e.o.t.s.UpdateSvc                 - anl-mr2:ae0 53                                              
2019-02-06 13:47:26,814 DEBUG n.e.o.t.s.UpdateSvc                 - anl-mr2:xe-0/1/0 53                                         
2019-02-06 13:47:26,818 INFO  n.e.o.t.s.UpdateSvc                 - inserting p: lbl-mr2:ae0 to lbl-mr2                         
2019-02-06 13:47:26,819 DEBUG n.e.o.t.s.UpdateSvc                 - lbl-mr2:xe-0/2/0 74                                         
2019-02-06 13:47:26,819 DEBUG n.e.o.t.s.UpdateSvc                 - lbl-mr2:xe-8/3/0 74                                         
2019-02-06 13:47:26,819 DEBUG n.e.o.t.s.UpdateSvc                 - lbl-mr2:ae0 74                                              
2019-02-06 13:47:26,819 DEBUG n.e.o.t.s.UpdateSvc                 - lbl-mr2:xe-7/0/0 74                                         
2019-02-06 13:47:26,819 DEBUG n.e.o.t.s.UpdateSvc                 - lbl-mr2:xe-1/1/0 74                                         
2019-02-06 13:47:26,819 DEBUG n.e.o.t.s.UpdateSvc                 - lbl-mr2:xe-8/1/0 74                                         
2019-02-06 13:47:26,819 DEBUG n.e.o.t.s.UpdateSvc                 - lbl-mr2:xe-0/1/0 74                                         
2019-02-06 13:47:26,819 DEBUG n.e.o.t.s.UpdateSvc                 - lbl-mr2:xe-7/2/0 74                                         
2019-02-06 13:47:26,823 INFO  n.e.o.t.s.UpdateSvc                 - inserting p: lond-cr5:1/1/1 to lond-cr5                     
2019-02-06 13:47:26,824 DEBUG n.e.o.t.s.UpdateSvc                 - lond-cr5:2/2/1 57                                           
2019-02-06 13:47:26,824 DEBUG n.e.o.t.s.UpdateSvc                 - lond-cr5:10/1/4 57                                          
2019-02-06 13:47:26,824 DEBUG n.e.o.t.s.UpdateSvc                 - lond-cr5:10/1/2 57                                          
2019-02-06 13:47:26,824 DEBUG n.e.o.t.s.UpdateSvc                 - lond-cr5:10/1/1 57                                          
2019-02-06 13:47:26,824 DEBUG n.e.o.t.s.UpdateSvc                 - lond-cr5:2/1/1 57                                           
2019-02-06 13:47:26,825 DEBUG n.e.o.t.s.UpdateSvc                 - lond-cr5:1/1/1 57                                           
2019-02-06 13:47:26,825 DEBUG n.e.o.t.s.UpdateSvc                 - lond-cr5:5/1/1 57                                           
2019-02-06 13:47:26,825 DEBUG n.e.o.t.s.UpdateSvc                 - lond-cr5:1/2/1 57                                           
2019-02-06 13:47:26,828 INFO  n.e.o.t.s.UpdateSvc                 - inserting p: star-cr5:6/2/1 to star-cr5                     
2019-02-06 13:47:26,829 DEBUG n.e.o.t.s.UpdateSvc                 - star-cr5:BLANK 76                                           
2019-02-06 13:47:26,829 DEBUG n.e.o.t.s.UpdateSvc                 - star-cr5:6/1/1 76                                           
2019-02-06 13:47:26,830 DEBUG n.e.o.t.s.UpdateSvc                 - star-cr5:4/1/1 76                                           
2019-02-06 13:47:26,830 DEBUG n.e.o.t.s.UpdateSvc                 - star-cr5:5/1/1 76                                           
2019-02-06 13:47:26,830 DEBUG n.e.o.t.s.UpdateSvc                 - star-cr5:10/1/8 76                                          
2019-02-06 13:47:26,830 DEBUG n.e.o.t.s.UpdateSvc                 - star-cr5:4/2/1 76                                           
2019-02-06 13:47:26,830 DEBUG n.e.o.t.s.UpdateSvc                 - star-cr5:10/1/7 76                                          
2019-02-06 13:47:26,830 DEBUG n.e.o.t.s.UpdateSvc                 - star-cr5:3/1/1 76                                           
2019-02-06 13:47:26,830 DEBUG n.e.o.t.s.UpdateSvc                 - star-cr5:3/2/1 76                                           
2019-02-06 13:47:26,830 DEBUG n.e.o.t.s.UpdateSvc                 - star-cr5:10/1/1 76                                          
2019-02-06 13:47:26,830 DEBUG n.e.o.t.s.UpdateSvc                 - star-cr5:6/2/1 76                                           
2019-02-06 13:47:26,833 INFO  n.e.o.t.s.UpdateSvc                 - inserting p: bost-cr5:3/1/1 to bost-cr5                     
2019-02-06 13:47:26,834 DEBUG n.e.o.t.s.UpdateSvc                 - bost-cr5:10/1/6 77                                          
2019-02-06 13:47:26,834 DEBUG n.e.o.t.s.UpdateSvc                 - bost-cr5:10/2/3 77                                          
2019-02-06 13:47:26,834 DEBUG n.e.o.t.s.UpdateSvc                 - bost-cr5:10/1/2 77                                          
2019-02-06 13:47:26,834 DEBUG n.e.o.t.s.UpdateSvc                 - bost-cr5:1/1/1 77                                           
2019-02-06 13:47:26,834 DEBUG n.e.o.t.s.UpdateSvc                 - bost-cr5:2/1/1 77                                           
2019-02-06 13:47:26,834 DEBUG n.e.o.t.s.UpdateSvc                 - bost-cr5:10/1/5 77                                          
2019-02-06 13:47:26,834 DEBUG n.e.o.t.s.UpdateSvc                 - bost-cr5:3/1/1 77                                           
2019-02-06 13:47:26,837 INFO  n.e.o.t.s.UpdateSvc                 - inserting p: snll-mr2:xe-1/3/0 to snll-mr2                  
2019-02-06 13:47:26,838 DEBUG n.e.o.t.s.UpdateSvc                 - snll-mr2:xe-2/0/0 40                                        
2019-02-06 13:47:26,838 DEBUG n.e.o.t.s.UpdateSvc                 - snll-mr2:xe-1/3/0 40                                        
2019-02-06 13:47:26,838 DEBUG n.e.o.t.s.UpdateSvc                 - snll-mr2:xe-2/2/0 40                                        
2019-02-06 13:47:26,838 DEBUG n.e.o.t.s.UpdateSvc                 - snll-mr2:xe-2/3/0 40                                        
2019-02-06 13:47:26,839 DEBUG n.e.o.t.s.UpdateSvc                 - snll-mr2:xe-1/2/0 40                                        
2019-02-06 13:47:26,844 INFO  n.e.o.t.s.UpdateSvc                 - inserting p: netl-pgh-rt1:xe-2/0/0 to netl-pgh-rt1          
2019-02-06 13:47:26,845 DEBUG n.e.o.t.s.UpdateSvc                 - netl-pgh-rt1:xe-2/0/0 51                                    
2019-02-06 13:47:26,848 INFO  n.e.o.t.s.UpdateSvc                 - inserting p: llnl-mr2:xe-0/0/0 to llnl-mr2                  
2019-02-06 13:47:26,849 DEBUG n.e.o.t.s.UpdateSvc                 - llnl-mr2:xe-0/2/0 52                                        
2019-02-06 13:47:26,850 DEBUG n.e.o.t.s.UpdateSvc                 - llnl-mr2:ge-3/0/1 52                                        
2019-02-06 13:47:26,850 DEBUG n.e.o.t.s.UpdateSvc                 - llnl-mr2:xe-1/0/0 52                                        
2019-02-06 13:47:26,850 DEBUG n.e.o.t.s.UpdateSvc                 - llnl-mr2:xe-1/3/0 52                                        
2019-02-06 13:47:26,850 DEBUG n.e.o.t.s.UpdateSvc                 - llnl-mr2:xe-2/1/0 52                                        
2019-02-06 13:47:26,850 DEBUG n.e.o.t.s.UpdateSvc                 - llnl-mr2:ge-3/0/0 52                                        
2019-02-06 13:47:26,850 DEBUG n.e.o.t.s.UpdateSvc                 - llnl-mr2:xe-2/0/0 52                                        
2019-02-06 13:47:26,850 DEBUG n.e.o.t.s.UpdateSvc                 - llnl-mr2:xe-2/2/0 52                                        
2019-02-06 13:47:26,850 DEBUG n.e.o.t.s.UpdateSvc                 - llnl-mr2:xe-3/2/0 52                                        
2019-02-06 13:47:26,850 DEBUG n.e.o.t.s.UpdateSvc                 - llnl-mr2:xe-0/1/0 52                                        
2019-02-06 13:47:26,850 DEBUG n.e.o.t.s.UpdateSvc                 - llnl-mr2:xe-0/0/0 52                                        
2019-02-06 13:47:26,852 INFO  n.e.o.t.s.UpdateSvc                 - inserting p: netl-pgh-rt1:xe-2/0/2 to netl-pgh-rt1          
2019-02-06 13:47:26,853 DEBUG n.e.o.t.s.UpdateSvc                 - netl-pgh-rt1:xe-2/0/2 51                                    
2019-02-06 13:47:26,853 DEBUG n.e.o.t.s.UpdateSvc                 - netl-pgh-rt1:xe-2/0/0 51                                    
2019-02-06 13:47:26,855 INFO  n.e.o.t.s.UpdateSvc                 - inserting p: netl-pgh-rt1:xe-2/0/1 to netl-pgh-rt1          
2019-02-06 13:47:26,856 DEBUG n.e.o.t.s.UpdateSvc                 - netl-pgh-rt1:xe-2/0/2 51                                    
2019-02-06 13:47:26,856 DEBUG n.e.o.t.s.UpdateSvc                 - netl-pgh-rt1:xe-2/0/0 51                                    
2019-02-06 13:47:26,856 DEBUG n.e.o.t.s.UpdateSvc                 - netl-pgh-rt1:xe-2/0/1 51                                    
2019-02-06 13:47:26,859 INFO  n.e.o.t.s.UpdateSvc                 - inserting p: netl-pgh-rt1:xe-2/0/3 to netl-pgh-rt1          
2019-02-06 13:47:26,860 DEBUG n.e.o.t.s.UpdateSvc                 - netl-pgh-rt1:xe-2/0/2 51                                    
2019-02-06 13:47:26,860 DEBUG n.e.o.t.s.UpdateSvc                 - netl-pgh-rt1:xe-2/0/3 51                                    
2019-02-06 13:47:26,860 DEBUG n.e.o.t.s.UpdateSvc                 - netl-pgh-rt1:xe-2/0/0 51                                    
2019-02-06 13:47:26,860 DEBUG n.e.o.t.s.UpdateSvc                 - netl-pgh-rt1:xe-2/0/1 51                                    
2019-02-06 13:47:26,864 INFO  n.e.o.t.s.UpdateSvc                 - inserting p: aofa-cr5:1/1/1 to aofa-cr5                     
2019-02-06 13:47:26,865 DEBUG n.e.o.t.s.UpdateSvc                 - aofa-cr5:10/1/1 69                                          
2019-02-06 13:47:26,865 DEBUG n.e.o.t.s.UpdateSvc                 - aofa-cr5:9/1/5 69                                           
2019-02-06 13:47:26,865 DEBUG n.e.o.t.s.UpdateSvc                 - aofa-cr5:10/1/2 69                                          
2019-02-06 13:47:26,865 DEBUG n.e.o.t.s.UpdateSvc                 - aofa-cr5:4/2/1 69                                           
2019-02-06 13:47:26,865 DEBUG n.e.o.t.s.UpdateSvc                 - aofa-cr5:9/1/1 69                                           
2019-02-06 13:47:26,865 DEBUG n.e.o.t.s.UpdateSvc                 - aofa-cr5:1/1/1 69                                           
2019-02-06 13:47:26,865 DEBUG n.e.o.t.s.UpdateSvc                 - aofa-cr5:10/1/9 69                                          
2019-02-06 13:47:26,865 DEBUG n.e.o.t.s.UpdateSvc                 - aofa-cr5:5/1/1 69                                           
2019-02-06 13:47:26,865 DEBUG n.e.o.t.s.UpdateSvc                 - aofa-cr5:4/1/1 69                                           
2019-02-06 13:47:26,865 DEBUG n.e.o.t.s.UpdateSvc                 - aofa-cr5:2/1/1 69                                           
2019-02-06 13:47:26,865 DEBUG n.e.o.t.s.UpdateSvc                 - aofa-cr5:6/2/1 69                                           
2019-02-06 13:47:26,865 DEBUG n.e.o.t.s.UpdateSvc                 - aofa-cr5:3/1/1 69                                           
2019-02-06 13:47:26,865 DEBUG n.e.o.t.s.UpdateSvc                 - aofa-cr5:10/1/8 69                                          
2019-02-06 13:47:26,868 INFO  n.e.o.t.s.UpdateSvc                 - inserting p: snla-rt3:xe-1/2/0 to snla-rt3                  
2019-02-06 13:47:26,868 DEBUG n.e.o.t.s.UpdateSvc                 - snla-rt3:xe-1/2/0 48                                        
2019-02-06 13:47:26,868 DEBUG n.e.o.t.s.UpdateSvc                 - snla-rt3:ge-1/0/2 48                                        
2019-02-06 13:47:26,871 INFO  n.e.o.t.s.UpdateSvc                 - inserting p: kans-cr5:3/1/1 to kans-cr5                     
2019-02-06 13:47:26,872 DEBUG n.e.o.t.s.UpdateSvc                 - kans-cr5:10/1/4 38                                          
2019-02-06 13:47:26,872 DEBUG n.e.o.t.s.UpdateSvc                 - kans-cr5:10/1/3 38                                          
2019-02-06 13:47:26,872 DEBUG n.e.o.t.s.UpdateSvc                 - kans-cr5:2/1/1 38                                           
2019-02-06 13:47:26,872 DEBUG n.e.o.t.s.UpdateSvc                 - kans-cr5:1/1/1 38                                           
2019-02-06 13:47:26,872 DEBUG n.e.o.t.s.UpdateSvc                 - kans-cr5:3/1/1 38                                           
2019-02-06 13:47:26,876 INFO  n.e.o.t.s.UpdateSvc                 - inserting p: llnl-mr2:ae0 to llnl-mr2                       
2019-02-06 13:47:26,886 DEBUG n.e.o.t.s.UpdateSvc                 - llnl-mr2:xe-0/2/0 52                                        
2019-02-06 13:47:26,886 DEBUG n.e.o.t.s.UpdateSvc                 - llnl-mr2:ge-3/0/1 52                                        
2019-02-06 13:47:26,886 DEBUG n.e.o.t.s.UpdateSvc                 - llnl-mr2:xe-1/0/0 52                                        
2019-02-06 13:47:26,886 DEBUG n.e.o.t.s.UpdateSvc                 - llnl-mr2:ae0 52                                             
2019-02-06 13:47:26,886 DEBUG n.e.o.t.s.UpdateSvc                 - llnl-mr2:xe-1/3/0 52                                        
2019-02-06 13:47:26,886 DEBUG n.e.o.t.s.UpdateSvc                 - llnl-mr2:xe-2/1/0 52                                        
2019-02-06 13:47:26,886 DEBUG n.e.o.t.s.UpdateSvc                 - llnl-mr2:ge-3/0/0 52                                        
2019-02-06 13:47:26,886 DEBUG n.e.o.t.s.UpdateSvc                 - llnl-mr2:xe-2/0/0 52                                        
2019-02-06 13:47:26,886 DEBUG n.e.o.t.s.UpdateSvc                 - llnl-mr2:xe-2/2/0 52                                        
2019-02-06 13:47:26,886 DEBUG n.e.o.t.s.UpdateSvc                 - llnl-mr2:xe-3/2/0 52                                        
2019-02-06 13:47:26,886 DEBUG n.e.o.t.s.UpdateSvc                 - llnl-mr2:xe-0/1/0 52                                        
2019-02-06 13:47:26,886 DEBUG n.e.o.t.s.UpdateSvc                 - llnl-mr2:xe-0/0/0 52                                        
2019-02-06 13:47:26,889 INFO  n.e.o.t.s.UpdateSvc                 - inserting p: denv-cr5:9/1/3 to denv-cr5                     
2019-02-06 13:47:26,890 DEBUG n.e.o.t.s.UpdateSvc                 - denv-cr5:10/1/5 75                                          
2019-02-06 13:47:26,890 DEBUG n.e.o.t.s.UpdateSvc                 - denv-cr5:1/1/1 75                                           
2019-02-06 13:47:26,890 DEBUG n.e.o.t.s.UpdateSvc                 - denv-cr5:10/1/4 75                                          
2019-02-06 13:47:26,890 DEBUG n.e.o.t.s.UpdateSvc                 - denv-cr5:10/1/12 75                                         
2019-02-06 13:47:26,890 DEBUG n.e.o.t.s.UpdateSvc                 - denv-cr5:10/1/10 75                                         
2019-02-06 13:47:26,890 DEBUG n.e.o.t.s.UpdateSvc                 - denv-cr5:4/1/1 75                                           
2019-02-06 13:47:26,890 DEBUG n.e.o.t.s.UpdateSvc                 - denv-cr5:4/2/1 75                                           
2019-02-06 13:47:26,890 DEBUG n.e.o.t.s.UpdateSvc                 - denv-cr5:10/1/6 75                                          
2019-02-06 13:47:26,890 DEBUG n.e.o.t.s.UpdateSvc                 - denv-cr5:10/1/11 75                                         
2019-02-06 13:47:26,890 DEBUG n.e.o.t.s.UpdateSvc                 - denv-cr5:10/1/7 75                                          
2019-02-06 13:47:26,890 DEBUG n.e.o.t.s.UpdateSvc                 - denv-cr5:10/1/3 75                                          
2019-02-06 13:47:26,890 DEBUG n.e.o.t.s.UpdateSvc                 - denv-cr5:9/1/3 75                                           
2019-02-06 13:47:26,893 INFO  n.e.o.t.s.UpdateSvc                 - inserting p: denv-cr5:9/1/1 to denv-cr5                     
2019-02-06 13:47:26,894 DEBUG n.e.o.t.s.UpdateSvc                 - denv-cr5:1/1/1 75                                           
2019-02-06 13:47:26,894 DEBUG n.e.o.t.s.UpdateSvc                 - denv-cr5:10/1/4 75                                          
2019-02-06 13:47:26,894 DEBUG n.e.o.t.s.UpdateSvc                 - denv-cr5:10/1/10 75                                         
2019-02-06 13:47:26,894 DEBUG n.e.o.t.s.UpdateSvc                 - denv-cr5:4/1/1 75                                           
2019-02-06 13:47:26,894 DEBUG n.e.o.t.s.UpdateSvc                 - denv-cr5:4/2/1 75                                           
2019-02-06 13:47:26,894 DEBUG n.e.o.t.s.UpdateSvc                 - denv-cr5:10/1/6 75                                          
2019-02-06 13:47:26,894 DEBUG n.e.o.t.s.UpdateSvc                 - denv-cr5:10/1/11 75                                         
2019-02-06 13:47:26,894 DEBUG n.e.o.t.s.UpdateSvc                 - denv-cr5:9/1/3 75                                           
2019-02-06 13:47:26,894 DEBUG n.e.o.t.s.UpdateSvc                 - denv-cr5:10/1/5 75                                          
2019-02-06 13:47:26,894 DEBUG n.e.o.t.s.UpdateSvc                 - denv-cr5:9/1/1 75                                           
2019-02-06 13:47:26,894 DEBUG n.e.o.t.s.UpdateSvc                 - denv-cr5:10/1/12 75                                         
2019-02-06 13:47:26,894 DEBUG n.e.o.t.s.UpdateSvc                 - denv-cr5:10/1/7 75                                          
2019-02-06 13:47:26,894 DEBUG n.e.o.t.s.UpdateSvc                 - denv-cr5:10/1/3 75                                          
2019-02-06 13:47:26,897 INFO  n.e.o.t.s.UpdateSvc                 - inserting p: osti-rt2:xe-1/2/0 to osti-rt2                  
2019-02-06 13:47:26,898 DEBUG n.e.o.t.s.UpdateSvc                 - osti-rt2:ae0 70                                             
2019-02-06 13:47:26,898 DEBUG n.e.o.t.s.UpdateSvc                 - osti-rt2:xe-1/2/0 70                                        
2019-02-06 13:47:26,901 INFO  n.e.o.t.s.UpdateSvc                 - inserting p: chic-cr5:2/1/1 to chic-cr5                     
2019-02-06 13:47:26,902 DEBUG n.e.o.t.s.UpdateSvc                 - chic-cr5:BLANK 55                                           
2019-02-06 13:47:26,902 DEBUG n.e.o.t.s.UpdateSvc                 - chic-cr5:10/1/1 55                                          
2019-02-06 13:47:26,902 DEBUG n.e.o.t.s.UpdateSvc                 - chic-cr5:7/1/1 55                                           
2019-02-06 13:47:26,902 DEBUG n.e.o.t.s.UpdateSvc                 - chic-cr5:10/1/3 55                                          
2019-02-06 13:47:26,902 DEBUG n.e.o.t.s.UpdateSvc                 - chic-cr5:10/1/7 55                                          
2019-02-06 13:47:26,902 DEBUG n.e.o.t.s.UpdateSvc                 - chic-cr5:6/1/1 55                                           
2019-02-06 13:47:26,902 DEBUG n.e.o.t.s.UpdateSvc                 - chic-cr5:2/1/1 55                                           
2019-02-06 13:47:26,902 DEBUG n.e.o.t.s.UpdateSvc                 - chic-cr5:6/2/1 55                                           
2019-02-06 13:47:26,902 DEBUG n.e.o.t.s.UpdateSvc                 - chic-cr5:10/1/4 55                                          
2019-02-06 13:47:26,902 DEBUG n.e.o.t.s.UpdateSvc                 - chic-cr5:7/2/1 55                                           
2019-02-06 13:47:26,902 DEBUG n.e.o.t.s.UpdateSvc                 - chic-cr5:3/1/1 55                                           
2019-02-06 13:47:26,902 DEBUG n.e.o.t.s.UpdateSvc                 - chic-cr5:8/1/1 55                                           
2019-02-06 13:47:26,902 DEBUG n.e.o.t.s.UpdateSvc                 - chic-cr5:10/1/5 55                                          
2019-02-06 13:47:26,902 DEBUG n.e.o.t.s.UpdateSvc                 - chic-cr5:1/1/1 55                                           
2019-02-06 13:47:26,905 INFO  n.e.o.t.s.UpdateSvc                 - inserting p: lbl-mr2:xe-2/3/0 to lbl-mr2                    
2019-02-06 13:47:26,906 DEBUG n.e.o.t.s.UpdateSvc                 - lbl-mr2:xe-0/2/0 74                                         
2019-02-06 13:47:26,907 DEBUG n.e.o.t.s.UpdateSvc                 - lbl-mr2:xe-8/3/0 74                                         
2019-02-06 13:47:26,907 DEBUG n.e.o.t.s.UpdateSvc                 - lbl-mr2:ae0 74                                              
2019-02-06 13:47:26,907 DEBUG n.e.o.t.s.UpdateSvc                 - lbl-mr2:xe-7/0/0 74                                         
2019-02-06 13:47:26,907 DEBUG n.e.o.t.s.UpdateSvc                 - lbl-mr2:xe-1/1/0 74                                         
2019-02-06 13:47:26,907 DEBUG n.e.o.t.s.UpdateSvc                 - lbl-mr2:xe-2/3/0 74                                         
2019-02-06 13:47:26,907 DEBUG n.e.o.t.s.UpdateSvc                 - lbl-mr2:xe-8/1/0 74                                         
2019-02-06 13:47:26,907 DEBUG n.e.o.t.s.UpdateSvc                 - lbl-mr2:xe-0/1/0 74                                         
2019-02-06 13:47:26,907 DEBUG n.e.o.t.s.UpdateSvc                 - lbl-mr2:xe-7/2/0 74                                         
2019-02-06 13:47:26,910 INFO  n.e.o.t.s.UpdateSvc                 - inserting p: amst-cr5:2/1/1 to amst-cr5                     
2019-02-06 13:47:26,911 DEBUG n.e.o.t.s.UpdateSvc                 - amst-cr5:10/1/1 72                                          
2019-02-06 13:47:26,911 DEBUG n.e.o.t.s.UpdateSvc                 - amst-cr5:10/1/2 72                                          
2019-02-06 13:47:26,911 DEBUG n.e.o.t.s.UpdateSvc                 - amst-cr5:5/1/1 72                                           
2019-02-06 13:47:26,911 DEBUG n.e.o.t.s.UpdateSvc                 - amst-cr5:3/1/1 72                                           
2019-02-06 13:47:26,911 DEBUG n.e.o.t.s.UpdateSvc                 - amst-cr5:2/1/1 72                                           
2019-02-06 13:47:26,911 DEBUG n.e.o.t.s.UpdateSvc                 - amst-cr5:10/2/5 72                                          
2019-02-06 13:47:26,915 INFO  n.e.o.t.s.UpdateSvc                 - inserting p: sunn-cr5:2/1/1 to sunn-cr5                     
2019-02-06 13:47:26,916 DEBUG n.e.o.t.s.UpdateSvc                 - sunn-cr5:4/1/1 50                                           
2019-02-06 13:47:26,916 DEBUG n.e.o.t.s.UpdateSvc                 - sunn-cr5:10/1/2 50                                          
2019-02-06 13:47:26,916 DEBUG n.e.o.t.s.UpdateSvc                 - sunn-cr5:7/1/1 50                                           
2019-02-06 13:47:26,916 DEBUG n.e.o.t.s.UpdateSvc                 - sunn-cr5:10/2/4 50                                          
2019-02-06 13:47:26,917 DEBUG n.e.o.t.s.UpdateSvc                 - sunn-cr5:10/2/6 50                                          
2019-02-06 13:47:26,917 DEBUG n.e.o.t.s.UpdateSvc                 - sunn-cr5:10/1/6 50                                          
2019-02-06 13:47:26,917 DEBUG n.e.o.t.s.UpdateSvc                 - sunn-cr5:10/1/5 50                                          
2019-02-06 13:47:26,917 DEBUG n.e.o.t.s.UpdateSvc                 - sunn-cr5:10/2/3 50                                          
2019-02-06 13:47:26,917 DEBUG n.e.o.t.s.UpdateSvc                 - sunn-cr5:10/2/2 50                                          
2019-02-06 13:47:26,917 DEBUG n.e.o.t.s.UpdateSvc                 - sunn-cr5:7/2/1 50                                           
2019-02-06 13:47:26,917 DEBUG n.e.o.t.s.UpdateSvc                 - sunn-cr5:8/1/1 50                                           
2019-02-06 13:47:26,917 DEBUG n.e.o.t.s.UpdateSvc                 - sunn-cr5:10/1/4 50                                          
2019-02-06 13:47:26,917 DEBUG n.e.o.t.s.UpdateSvc                 - sunn-cr5:2/2/1 50                                           
2019-02-06 13:47:26,917 DEBUG n.e.o.t.s.UpdateSvc                 - sunn-cr5:5/2/1 50                                           
2019-02-06 13:47:26,917 DEBUG n.e.o.t.s.UpdateSvc                 - sunn-cr5:10/1/3 50                                          
2019-02-06 13:47:26,917 DEBUG n.e.o.t.s.UpdateSvc                 - sunn-cr5:2/1/1 50                                           
2019-02-06 13:47:26,917 DEBUG n.e.o.t.s.UpdateSvc                 - sunn-cr5:10/1/1 50                                          
2019-02-06 13:47:26,917 DEBUG n.e.o.t.s.UpdateSvc                 - sunn-cr5:5/1/1 50                                           
2019-02-06 13:47:26,917 DEBUG n.e.o.t.s.UpdateSvc                 - sunn-cr5:10/2/1 50                                          
2019-02-06 13:47:26,917 DEBUG n.e.o.t.s.UpdateSvc                 - sunn-cr5:10/2/5 50                                          
2019-02-06 13:47:26,920 INFO  n.e.o.t.s.UpdateSvc                 - inserting p: nash-cr5:3/1/1 to nash-cr5                     
2019-02-06 13:47:26,921 DEBUG n.e.o.t.s.UpdateSvc                 - nash-cr5:10/1/3 45                                          
2019-02-06 13:47:26,922 DEBUG n.e.o.t.s.UpdateSvc                 - nash-cr5:1/1/1 45                                           
2019-02-06 13:47:26,922 DEBUG n.e.o.t.s.UpdateSvc                 - nash-cr5:10/1/6 45                                          
2019-02-06 13:47:26,922 DEBUG n.e.o.t.s.UpdateSvc                 - nash-cr5:2/1/1 45                                           
2019-02-06 13:47:26,922 DEBUG n.e.o.t.s.UpdateSvc                 - nash-cr5:3/1/1 45                                           
2019-02-06 13:47:26,922 DEBUG n.e.o.t.s.UpdateSvc                 - nash-cr5:1/2/1 45                                           
2019-02-06 13:47:26,922 DEBUG n.e.o.t.s.UpdateSvc                 - nash-cr5:10/1/5 45                                          
2019-02-06 13:47:26,922 DEBUG n.e.o.t.s.UpdateSvc                 - nash-cr5:10/1/4 45                                          
2019-02-06 13:47:26,925 INFO  n.e.o.t.s.UpdateSvc                 - inserting p: pppl-rt5:xe-1/3/0 to pppl-rt5                  
2019-02-06 13:47:26,926 DEBUG n.e.o.t.s.UpdateSvc                 - pppl-rt5:xe-1/3/0 30                                        
2019-02-06 13:47:26,930 INFO  n.e.o.t.s.UpdateSvc                 - inserting p: snll-mr2:xe-0/2/0 to snll-mr2                  
2019-02-06 13:47:26,932 DEBUG n.e.o.t.s.UpdateSvc                 - snll-mr2:xe-2/0/0 40                                        
2019-02-06 13:47:26,932 DEBUG n.e.o.t.s.UpdateSvc                 - snll-mr2:xe-0/2/0 40                                        
2019-02-06 13:47:26,932 DEBUG n.e.o.t.s.UpdateSvc                 - snll-mr2:xe-1/3/0 40                                        
2019-02-06 13:47:26,932 DEBUG n.e.o.t.s.UpdateSvc                 - snll-mr2:xe-2/2/0 40                                        
2019-02-06 13:47:26,932 DEBUG n.e.o.t.s.UpdateSvc                 - snll-mr2:xe-2/3/0 40                                        
2019-02-06 13:47:26,932 DEBUG n.e.o.t.s.UpdateSvc                 - snll-mr2:xe-1/2/0 40                                        
2019-02-06 13:47:26,936 INFO  n.e.o.t.s.UpdateSvc                 - inserting p: lbl-mr2:ge-9/0/4 to lbl-mr2                    
2019-02-06 13:47:26,937 DEBUG n.e.o.t.s.UpdateSvc                 - lbl-mr2:xe-0/2/0 74                                         
2019-02-06 13:47:26,937 DEBUG n.e.o.t.s.UpdateSvc                 - lbl-mr2:xe-8/3/0 74                                         
2019-02-06 13:47:26,937 DEBUG n.e.o.t.s.UpdateSvc                 - lbl-mr2:ae0 74                                              
2019-02-06 13:47:26,937 DEBUG n.e.o.t.s.UpdateSvc                 - lbl-mr2:xe-7/0/0 74                                         
2019-02-06 13:47:26,937 DEBUG n.e.o.t.s.UpdateSvc                 - lbl-mr2:ge-9/0/4 74                                         
2019-02-06 13:47:26,937 DEBUG n.e.o.t.s.UpdateSvc                 - lbl-mr2:xe-1/1/0 74                                         
2019-02-06 13:47:26,937 DEBUG n.e.o.t.s.UpdateSvc                 - lbl-mr2:xe-2/3/0 74                                         
2019-02-06 13:47:26,937 DEBUG n.e.o.t.s.UpdateSvc                 - lbl-mr2:xe-8/1/0 74                                         
2019-02-06 13:47:26,937 DEBUG n.e.o.t.s.UpdateSvc                 - lbl-mr2:xe-0/1/0 74                                         
2019-02-06 13:47:26,938 DEBUG n.e.o.t.s.UpdateSvc                 - lbl-mr2:xe-7/2/0 74                                         
2019-02-06 13:47:26,941 INFO  n.e.o.t.s.UpdateSvc                 - inserting p: anl-mr2:xe-1/3/0 to anl-mr2                    
2019-02-06 13:47:26,942 DEBUG n.e.o.t.s.UpdateSvc                 - anl-mr2:xe-0/0/0 53                                         
2019-02-06 13:47:26,942 DEBUG n.e.o.t.s.UpdateSvc                 - anl-mr2:xe-2/3/0 53                                         
2019-02-06 13:47:26,942 DEBUG n.e.o.t.s.UpdateSvc                 - anl-mr2:ae0 53                                              
2019-02-06 13:47:26,942 DEBUG n.e.o.t.s.UpdateSvc                 - anl-mr2:xe-0/1/0 53                                         
2019-02-06 13:47:26,942 DEBUG n.e.o.t.s.UpdateSvc                 - anl-mr2:xe-1/3/0 53                                         
2019-02-06 13:47:26,944 INFO  n.e.o.t.s.UpdateSvc                 - inserting p: denv-cr5:3/1/1 to denv-cr5                     
2019-02-06 13:47:26,945 DEBUG n.e.o.t.s.UpdateSvc                 - denv-cr5:1/1/1 75                                           
2019-02-06 13:47:26,945 DEBUG n.e.o.t.s.UpdateSvc                 - denv-cr5:10/1/4 75                                          
2019-02-06 13:47:26,945 DEBUG n.e.o.t.s.UpdateSvc                 - denv-cr5:10/1/10 75                                         
2019-02-06 13:47:26,945 DEBUG n.e.o.t.s.UpdateSvc                 - denv-cr5:3/1/1 75                                           
2019-02-06 13:47:26,945 DEBUG n.e.o.t.s.UpdateSvc                 - denv-cr5:4/1/1 75                                           
2019-02-06 13:47:26,945 DEBUG n.e.o.t.s.UpdateSvc                 - denv-cr5:4/2/1 75                                           
2019-02-06 13:47:26,945 DEBUG n.e.o.t.s.UpdateSvc                 - denv-cr5:10/1/6 75                                          
2019-02-06 13:47:26,945 DEBUG n.e.o.t.s.UpdateSvc                 - denv-cr5:10/1/11 75                                         
2019-02-06 13:47:26,945 DEBUG n.e.o.t.s.UpdateSvc                 - denv-cr5:9/1/3 75                                           
2019-02-06 13:47:26,945 DEBUG n.e.o.t.s.UpdateSvc                 - denv-cr5:10/1/5 75                                          
2019-02-06 13:47:26,945 DEBUG n.e.o.t.s.UpdateSvc                 - denv-cr5:9/1/1 75                                           
2019-02-06 13:47:26,945 DEBUG n.e.o.t.s.UpdateSvc                 - denv-cr5:10/1/12 75                                         
2019-02-06 13:47:26,945 DEBUG n.e.o.t.s.UpdateSvc                 - denv-cr5:10/1/7 75                                          
2019-02-06 13:47:26,945 DEBUG n.e.o.t.s.UpdateSvc                 - denv-cr5:10/1/3 75                                          
2019-02-06 13:47:26,948 INFO  n.e.o.t.s.UpdateSvc                 - inserting p: star-cr5:1/2/1 to star-cr5                     
2019-02-06 13:47:26,949 DEBUG n.e.o.t.s.UpdateSvc                 - star-cr5:BLANK 76                                           
2019-02-06 13:47:26,949 DEBUG n.e.o.t.s.UpdateSvc                 - star-cr5:6/1/1 76                                           
2019-02-06 13:47:26,949 DEBUG n.e.o.t.s.UpdateSvc                 - star-cr5:1/2/1 76                                           
2019-02-06 13:47:26,949 DEBUG n.e.o.t.s.UpdateSvc                 - star-cr5:4/1/1 76                                           
2019-02-06 13:47:26,949 DEBUG n.e.o.t.s.UpdateSvc                 - star-cr5:5/1/1 76                                           
2019-02-06 13:47:26,949 DEBUG n.e.o.t.s.UpdateSvc                 - star-cr5:10/1/8 76                                          
2019-02-06 13:47:26,949 DEBUG n.e.o.t.s.UpdateSvc                 - star-cr5:4/2/1 76                                           
2019-02-06 13:47:26,949 DEBUG n.e.o.t.s.UpdateSvc                 - star-cr5:10/1/7 76                                          
2019-02-06 13:47:26,949 DEBUG n.e.o.t.s.UpdateSvc                 - star-cr5:3/1/1 76                                           
2019-02-06 13:47:26,949 DEBUG n.e.o.t.s.UpdateSvc                 - star-cr5:3/2/1 76                                           
2019-02-06 13:47:26,949 DEBUG n.e.o.t.s.UpdateSvc                 - star-cr5:10/1/1 76                                          
2019-02-06 13:47:26,950 DEBUG n.e.o.t.s.UpdateSvc                 - star-cr5:6/2/1 76                                           
2019-02-06 13:47:26,952 INFO  n.e.o.t.s.UpdateSvc                 - inserting p: chic-cr5:4/1/1 to chic-cr5                     
2019-02-06 13:47:26,953 DEBUG n.e.o.t.s.UpdateSvc                 - chic-cr5:BLANK 55                                           
2019-02-06 13:47:26,953 DEBUG n.e.o.t.s.UpdateSvc                 - chic-cr5:10/1/1 55                                          
2019-02-06 13:47:26,953 DEBUG n.e.o.t.s.UpdateSvc                 - chic-cr5:7/1/1 55                                           
2019-02-06 13:47:26,953 DEBUG n.e.o.t.s.UpdateSvc                 - chic-cr5:10/1/3 55                                          
2019-02-06 13:47:26,953 DEBUG n.e.o.t.s.UpdateSvc                 - chic-cr5:10/1/7 55                                          
2019-02-06 13:47:26,953 DEBUG n.e.o.t.s.UpdateSvc                 - chic-cr5:6/1/1 55                                           
2019-02-06 13:47:26,953 DEBUG n.e.o.t.s.UpdateSvc                 - chic-cr5:4/1/1 55                                           
2019-02-06 13:47:26,953 DEBUG n.e.o.t.s.UpdateSvc                 - chic-cr5:2/1/1 55                                           
2019-02-06 13:47:26,953 DEBUG n.e.o.t.s.UpdateSvc                 - chic-cr5:6/2/1 55                                           
2019-02-06 13:47:26,953 DEBUG n.e.o.t.s.UpdateSvc                 - chic-cr5:10/1/4 55                                          
2019-02-06 13:47:26,953 DEBUG n.e.o.t.s.UpdateSvc                 - chic-cr5:7/2/1 55                                           
2019-02-06 13:47:26,953 DEBUG n.e.o.t.s.UpdateSvc                 - chic-cr5:3/1/1 55                                           
2019-02-06 13:47:26,953 DEBUG n.e.o.t.s.UpdateSvc                 - chic-cr5:8/1/1 55                                           
2019-02-06 13:47:26,954 DEBUG n.e.o.t.s.UpdateSvc                 - chic-cr5:10/1/5 55                                          
2019-02-06 13:47:26,954 DEBUG n.e.o.t.s.UpdateSvc                 - chic-cr5:1/1/1 55                                           
2019-02-06 13:47:26,957 INFO  n.e.o.t.s.UpdateSvc                 - inserting p: srs-rt3:ge-1/0/0 to srs-rt3                    
2019-02-06 13:47:26,958 DEBUG n.e.o.t.s.UpdateSvc                 - srs-rt3:ge-1/0/0 31                                         
2019-02-06 13:47:26,958 DEBUG n.e.o.t.s.UpdateSvc                 - srs-rt3:ge-0/1/0 31                                         
2019-02-06 13:47:26,958 DEBUG n.e.o.t.s.UpdateSvc                 - srs-rt3:ge-0/0/0 31                                         
2019-02-06 13:47:26,961 INFO  n.e.o.t.s.UpdateSvc                 - inserting p: sunn-cr5:9/1/2 to sunn-cr5                     
2019-02-06 13:47:26,962 DEBUG n.e.o.t.s.UpdateSvc                 - sunn-cr5:4/1/1 50                                           
2019-02-06 13:47:26,962 DEBUG n.e.o.t.s.UpdateSvc                 - sunn-cr5:10/1/2 50                                          
2019-02-06 13:47:26,962 DEBUG n.e.o.t.s.UpdateSvc                 - sunn-cr5:7/1/1 50                                           
2019-02-06 13:47:26,962 DEBUG n.e.o.t.s.UpdateSvc                 - sunn-cr5:10/2/4 50                                          
2019-02-06 13:47:26,962 DEBUG n.e.o.t.s.UpdateSvc                 - sunn-cr5:10/2/6 50                                          
2019-02-06 13:47:26,962 DEBUG n.e.o.t.s.UpdateSvc                 - sunn-cr5:10/1/6 50                                          
2019-02-06 13:47:26,962 DEBUG n.e.o.t.s.UpdateSvc                 - sunn-cr5:10/1/5 50                                          
2019-02-06 13:47:26,962 DEBUG n.e.o.t.s.UpdateSvc                 - sunn-cr5:10/2/3 50                                          
2019-02-06 13:47:26,962 DEBUG n.e.o.t.s.UpdateSvc                 - sunn-cr5:10/2/2 50                                          
2019-02-06 13:47:26,962 DEBUG n.e.o.t.s.UpdateSvc                 - sunn-cr5:7/2/1 50                                           
2019-02-06 13:47:26,962 DEBUG n.e.o.t.s.UpdateSvc                 - sunn-cr5:9/1/2 50                                           
2019-02-06 13:47:26,962 DEBUG n.e.o.t.s.UpdateSvc                 - sunn-cr5:8/1/1 50                                           
2019-02-06 13:47:26,962 DEBUG n.e.o.t.s.UpdateSvc                 - sunn-cr5:10/1/4 50                                          
2019-02-06 13:47:26,962 DEBUG n.e.o.t.s.UpdateSvc                 - sunn-cr5:2/2/1 50                                           
2019-02-06 13:47:26,962 DEBUG n.e.o.t.s.UpdateSvc                 - sunn-cr5:5/2/1 50                                           
2019-02-06 13:47:26,962 DEBUG n.e.o.t.s.UpdateSvc                 - sunn-cr5:10/1/3 50                                          
2019-02-06 13:47:26,962 DEBUG n.e.o.t.s.UpdateSvc                 - sunn-cr5:2/1/1 50                                           
2019-02-06 13:47:26,962 DEBUG n.e.o.t.s.UpdateSvc                 - sunn-cr5:10/1/1 50                                          
2019-02-06 13:47:26,962 DEBUG n.e.o.t.s.UpdateSvc                 - sunn-cr5:5/1/1 50                                           
2019-02-06 13:47:26,963 DEBUG n.e.o.t.s.UpdateSvc                 - sunn-cr5:10/2/1 50                                          
2019-02-06 13:47:26,963 DEBUG n.e.o.t.s.UpdateSvc                 - sunn-cr5:10/2/5 50                                          
2019-02-06 13:47:26,965 INFO  n.e.o.t.s.UpdateSvc                 - inserting p: sunn-cr5:9/1/1 to sunn-cr5                     
2019-02-06 13:47:26,966 DEBUG n.e.o.t.s.UpdateSvc                 - sunn-cr5:4/1/1 50                                           
2019-02-06 13:47:26,966 DEBUG n.e.o.t.s.UpdateSvc                 - sunn-cr5:10/1/2 50                                          
2019-02-06 13:47:26,966 DEBUG n.e.o.t.s.UpdateSvc                 - sunn-cr5:7/1/1 50                                           
2019-02-06 13:47:26,966 DEBUG n.e.o.t.s.UpdateSvc                 - sunn-cr5:10/2/4 50                                          
2019-02-06 13:47:26,966 DEBUG n.e.o.t.s.UpdateSvc                 - sunn-cr5:10/2/6 50                                          
2019-02-06 13:47:26,966 DEBUG n.e.o.t.s.UpdateSvc                 - sunn-cr5:9/1/1 50                                           
2019-02-06 13:47:26,966 DEBUG n.e.o.t.s.UpdateSvc                 - sunn-cr5:10/1/6 50                                          
2019-02-06 13:47:26,966 DEBUG n.e.o.t.s.UpdateSvc                 - sunn-cr5:10/1/5 50                                          
2019-02-06 13:47:26,966 DEBUG n.e.o.t.s.UpdateSvc                 - sunn-cr5:10/2/3 50                                          
2019-02-06 13:47:26,966 DEBUG n.e.o.t.s.UpdateSvc                 - sunn-cr5:10/2/2 50                                          
2019-02-06 13:47:26,966 DEBUG n.e.o.t.s.UpdateSvc                 - sunn-cr5:7/2/1 50                                           
2019-02-06 13:47:26,966 DEBUG n.e.o.t.s.UpdateSvc                 - sunn-cr5:9/1/2 50                                           
2019-02-06 13:47:26,966 DEBUG n.e.o.t.s.UpdateSvc                 - sunn-cr5:8/1/1 50                                           
2019-02-06 13:47:26,966 DEBUG n.e.o.t.s.UpdateSvc                 - sunn-cr5:10/1/4 50                                          
2019-02-06 13:47:26,966 DEBUG n.e.o.t.s.UpdateSvc                 - sunn-cr5:2/2/1 50                                           
2019-02-06 13:47:26,966 DEBUG n.e.o.t.s.UpdateSvc                 - sunn-cr5:5/2/1 50                                           
2019-02-06 13:47:26,966 DEBUG n.e.o.t.s.UpdateSvc                 - sunn-cr5:10/1/3 50                                          
2019-02-06 13:47:26,966 DEBUG n.e.o.t.s.UpdateSvc                 - sunn-cr5:2/1/1 50                                           
2019-02-06 13:47:26,966 DEBUG n.e.o.t.s.UpdateSvc                 - sunn-cr5:10/1/1 50                                          
2019-02-06 13:47:26,966 DEBUG n.e.o.t.s.UpdateSvc                 - sunn-cr5:5/1/1 50                                           
2019-02-06 13:47:26,967 DEBUG n.e.o.t.s.UpdateSvc                 - sunn-cr5:10/2/1 50                                          
2019-02-06 13:47:26,967 DEBUG n.e.o.t.s.UpdateSvc                 - sunn-cr5:10/2/5 50                                          
2019-02-06 13:47:26,969 INFO  n.e.o.t.s.UpdateSvc                 - inserting p: fnal-mr2:xe-8/1/0 to fnal-mr2                  
2019-02-06 13:47:26,970 DEBUG n.e.o.t.s.UpdateSvc                 - fnal-mr2:xe-0/0/0 65                                        
2019-02-06 13:47:26,970 DEBUG n.e.o.t.s.UpdateSvc                 - fnal-mr2:xe-8/1/0 65                                        
2019-02-06 13:47:26,970 DEBUG n.e.o.t.s.UpdateSvc                 - fnal-mr2:xe-1/3/0 65                                        
2019-02-06 13:47:26,974 INFO  n.e.o.t.s.UpdateSvc                 - inserting p: aofa-cr5:7/2/1 to aofa-cr5                     
2019-02-06 13:47:26,974 DEBUG n.e.o.t.s.UpdateSvc                 - aofa-cr5:10/1/1 69                                          
2019-02-06 13:47:26,974 DEBUG n.e.o.t.s.UpdateSvc                 - aofa-cr5:9/1/5 69                                           
2019-02-06 13:47:26,974 DEBUG n.e.o.t.s.UpdateSvc                 - aofa-cr5:7/2/1 69                                           
2019-02-06 13:47:26,974 DEBUG n.e.o.t.s.UpdateSvc                 - aofa-cr5:10/1/2 69                                          
2019-02-06 13:47:26,974 DEBUG n.e.o.t.s.UpdateSvc                 - aofa-cr5:4/2/1 69                                           
2019-02-06 13:47:26,975 DEBUG n.e.o.t.s.UpdateSvc                 - aofa-cr5:9/1/1 69                                           
2019-02-06 13:47:26,975 DEBUG n.e.o.t.s.UpdateSvc                 - aofa-cr5:1/1/1 69                                           
2019-02-06 13:47:26,975 DEBUG n.e.o.t.s.UpdateSvc                 - aofa-cr5:10/1/9 69                                          
2019-02-06 13:47:26,975 DEBUG n.e.o.t.s.UpdateSvc                 - aofa-cr5:5/1/1 69                                           
2019-02-06 13:47:26,975 DEBUG n.e.o.t.s.UpdateSvc                 - aofa-cr5:4/1/1 69                                           
2019-02-06 13:47:26,975 DEBUG n.e.o.t.s.UpdateSvc                 - aofa-cr5:2/1/1 69                                           
2019-02-06 13:47:26,975 DEBUG n.e.o.t.s.UpdateSvc                 - aofa-cr5:6/2/1 69                                           
2019-02-06 13:47:26,975 DEBUG n.e.o.t.s.UpdateSvc                 - aofa-cr5:3/1/1 69                                           
2019-02-06 13:47:26,975 DEBUG n.e.o.t.s.UpdateSvc                 - aofa-cr5:10/1/8 69                                          
2019-02-06 13:47:26,977 INFO  n.e.o.t.s.UpdateSvc                 - inserting p: ga-rt2:xe-0/0/0 to ga-rt2                      
2019-02-06 13:47:26,978 DEBUG n.e.o.t.s.UpdateSvc                 - ga-rt2:ge-1/0/5 37                                          
2019-02-06 13:47:26,978 DEBUG n.e.o.t.s.UpdateSvc                 - ga-rt2:ge-1/0/3 37                                          
2019-02-06 13:47:26,978 DEBUG n.e.o.t.s.UpdateSvc                 - ga-rt2:xe-0/0/0 37                                          
2019-02-06 13:47:26,978 DEBUG n.e.o.t.s.UpdateSvc                 - ga-rt2:ge-1/1/3 37                                          
2019-02-06 13:47:26,980 INFO  n.e.o.t.s.UpdateSvc                 - inserting p: fnal-mr2:xe-1/1/0 to fnal-mr2                  
2019-02-06 13:47:26,980 DEBUG n.e.o.t.s.UpdateSvc                 - fnal-mr2:xe-0/0/0 65                                        
2019-02-06 13:47:26,980 DEBUG n.e.o.t.s.UpdateSvc                 - fnal-mr2:xe-8/1/0 65                                        
2019-02-06 13:47:26,980 DEBUG n.e.o.t.s.UpdateSvc                 - fnal-mr2:xe-1/1/0 65                                        
2019-02-06 13:47:26,980 DEBUG n.e.o.t.s.UpdateSvc                 - fnal-mr2:xe-1/3/0 65                                        
2019-02-06 13:47:26,983 INFO  n.e.o.t.s.UpdateSvc                 - inserting p: elpa-cr5:3/1/1 to elpa-cr5                     
2019-02-06 13:47:26,984 DEBUG n.e.o.t.s.UpdateSvc                 - elpa-cr5:10/1/4 46                                          
2019-02-06 13:47:26,984 DEBUG n.e.o.t.s.UpdateSvc                 - elpa-cr5:3/1/1 46                                           
2019-02-06 13:47:26,984 DEBUG n.e.o.t.s.UpdateSvc                 - elpa-cr5:10/1/3 46                                          
2019-02-06 13:47:26,984 DEBUG n.e.o.t.s.UpdateSvc                 - elpa-cr5:10/1/5 46                                          
2019-02-06 13:47:26,984 DEBUG n.e.o.t.s.UpdateSvc                 - elpa-cr5:1/1/1 46                                           
2019-02-06 13:47:26,986 INFO  n.e.o.t.s.UpdateSvc                 - inserting p: netl-mgn-rt1:xe-2/0/0 to netl-mgn-rt1          
2019-02-06 13:47:26,986 DEBUG n.e.o.t.s.UpdateSvc                 - netl-mgn-rt1:xe-2/0/0 43                                    
2019-02-06 13:47:26,999 INFO  n.e.o.t.s.UpdateSvc                 - inserting p: netl-mgn-rt1:xe-2/0/1 to netl-mgn-rt1          
2019-02-06 13:47:27,000 DEBUG n.e.o.t.s.UpdateSvc                 - netl-mgn-rt1:xe-2/0/0 43                                    
2019-02-06 13:47:27,000 DEBUG n.e.o.t.s.UpdateSvc                 - netl-mgn-rt1:xe-2/0/1 43                                    
2019-02-06 13:47:27,004 INFO  n.e.o.t.s.UpdateSvc                 - inserting p: pppl-rt5:xe-1/2/0 to pppl-rt5                  
2019-02-06 13:47:27,004 DEBUG n.e.o.t.s.UpdateSvc                 - pppl-rt5:xe-1/2/0 30                                        
2019-02-06 13:47:27,005 DEBUG n.e.o.t.s.UpdateSvc                 - pppl-rt5:xe-1/3/0 30                                        
2019-02-06 13:47:27,008 INFO  n.e.o.t.s.UpdateSvc                 - inserting p: hous-cr5:2/1/1 to hous-cr5                     
2019-02-06 13:47:27,008 DEBUG n.e.o.t.s.UpdateSvc                 - hous-cr5:10/1/4 68                                          
2019-02-06 13:47:27,008 DEBUG n.e.o.t.s.UpdateSvc                 - hous-cr5:1/1/1 68                                           
2019-02-06 13:47:27,008 DEBUG n.e.o.t.s.UpdateSvc                 - hous-cr5:3/1/1 68                                           
2019-02-06 13:47:27,008 DEBUG n.e.o.t.s.UpdateSvc                 - hous-cr5:10/1/3 68                                          
2019-02-06 13:47:27,008 DEBUG n.e.o.t.s.UpdateSvc                 - hous-cr5:2/1/1 68                                           
2019-02-06 13:47:27,011 INFO  n.e.o.t.s.UpdateSvc                 - inserting p: netl-mgn-rt1:xe-2/0/2 to netl-mgn-rt1          
2019-02-06 13:47:27,012 DEBUG n.e.o.t.s.UpdateSvc                 - netl-mgn-rt1:xe-2/0/0 43                                    
2019-02-06 13:47:27,013 DEBUG n.e.o.t.s.UpdateSvc                 - netl-mgn-rt1:xe-2/0/2 43                                    
2019-02-06 13:47:27,013 DEBUG n.e.o.t.s.UpdateSvc                 - netl-mgn-rt1:xe-2/0/1 43                                    
2019-02-06 13:47:27,016 INFO  n.e.o.t.s.UpdateSvc                 - inserting p: netl-mgn-rt1:xe-2/0/3 to netl-mgn-rt1          
2019-02-06 13:47:27,018 DEBUG n.e.o.t.s.UpdateSvc                 - netl-mgn-rt1:xe-2/0/0 43                                    
2019-02-06 13:47:27,018 DEBUG n.e.o.t.s.UpdateSvc                 - netl-mgn-rt1:xe-2/0/3 43                                    
2019-02-06 13:47:27,018 DEBUG n.e.o.t.s.UpdateSvc                 - netl-mgn-rt1:xe-2/0/2 43                                    
2019-02-06 13:47:27,018 DEBUG n.e.o.t.s.UpdateSvc                 - netl-mgn-rt1:xe-2/0/1 43                                    
2019-02-06 13:47:27,022 INFO  n.e.o.t.s.UpdateSvc                 - inserting p: lbl-mr2:ge-9/1/2 to lbl-mr2                    
2019-02-06 13:47:27,023 DEBUG n.e.o.t.s.UpdateSvc                 - lbl-mr2:xe-0/2/0 74                                         
2019-02-06 13:47:27,023 DEBUG n.e.o.t.s.UpdateSvc                 - lbl-mr2:xe-8/3/0 74                                         
2019-02-06 13:47:27,024 DEBUG n.e.o.t.s.UpdateSvc                 - lbl-mr2:ae0 74                                              
2019-02-06 13:47:27,024 DEBUG n.e.o.t.s.UpdateSvc                 - lbl-mr2:xe-7/0/0 74                                         
2019-02-06 13:47:27,024 DEBUG n.e.o.t.s.UpdateSvc                 - lbl-mr2:ge-9/0/4 74                                         
2019-02-06 13:47:27,024 DEBUG n.e.o.t.s.UpdateSvc                 - lbl-mr2:xe-1/1/0 74                                         
2019-02-06 13:47:27,024 DEBUG n.e.o.t.s.UpdateSvc                 - lbl-mr2:xe-2/3/0 74                                         
2019-02-06 13:47:27,024 DEBUG n.e.o.t.s.UpdateSvc                 - lbl-mr2:xe-8/1/0 74                                         
2019-02-06 13:47:27,024 DEBUG n.e.o.t.s.UpdateSvc                 - lbl-mr2:ge-9/1/2 74                                         
2019-02-06 13:47:27,024 DEBUG n.e.o.t.s.UpdateSvc                 - lbl-mr2:xe-0/1/0 74                                         
2019-02-06 13:47:27,024 DEBUG n.e.o.t.s.UpdateSvc                 - lbl-mr2:xe-7/2/0 74                                         
2019-02-06 13:47:27,027 INFO  n.e.o.t.s.UpdateSvc                 - inserting p: kans-cr5:4/1/1 to kans-cr5                     
2019-02-06 13:47:27,029 DEBUG n.e.o.t.s.UpdateSvc                 - kans-cr5:10/1/4 38                                          
2019-02-06 13:47:27,030 DEBUG n.e.o.t.s.UpdateSvc                 - kans-cr5:10/1/3 38                                          
2019-02-06 13:47:27,030 DEBUG n.e.o.t.s.UpdateSvc                 - kans-cr5:4/1/1 38                                           
2019-02-06 13:47:27,030 DEBUG n.e.o.t.s.UpdateSvc                 - kans-cr5:2/1/1 38                                           
2019-02-06 13:47:27,030 DEBUG n.e.o.t.s.UpdateSvc                 - kans-cr5:1/1/1 38                                           
2019-02-06 13:47:27,030 DEBUG n.e.o.t.s.UpdateSvc                 - kans-cr5:3/1/1 38                                           
2019-02-06 13:47:27,033 INFO  n.e.o.t.s.UpdateSvc                 - inserting p: bois-cr1:xe-7/0/0 to bois-cr1                  
2019-02-06 13:47:27,035 DEBUG n.e.o.t.s.UpdateSvc                 - bois-cr1:xe-1/2/0 39                                        
2019-02-06 13:47:27,035 DEBUG n.e.o.t.s.UpdateSvc                 - bois-cr1:xe-1/0/0 39                                        
2019-02-06 13:47:27,035 DEBUG n.e.o.t.s.UpdateSvc                 - bois-cr1:xe-7/0/0 39                                        
2019-02-06 13:47:27,035 DEBUG n.e.o.t.s.UpdateSvc                 - bois-cr1:xe-7/3/0 39                                        
2019-02-06 13:47:27,035 DEBUG n.e.o.t.s.UpdateSvc                 - bois-cr1:xe-0/1/0 39                                        
2019-02-06 13:47:27,035 DEBUG n.e.o.t.s.UpdateSvc                 - bois-cr1:xe-7/1/0 39                                        
2019-02-06 13:47:27,035 DEBUG n.e.o.t.s.UpdateSvc                 - bois-cr1:xe-0/0/0 39                                        
2019-02-06 13:47:27,035 DEBUG n.e.o.t.s.UpdateSvc                 - bois-cr1:xe-0/2/0 39                                        
2019-02-06 13:47:27,038 INFO  n.e.o.t.s.UpdateSvc                 - inserting p: star-cr5:10/1/10 to star-cr5                   
2019-02-06 13:47:27,040 DEBUG n.e.o.t.s.UpdateSvc                 - star-cr5:BLANK 76                                           
2019-02-06 13:47:27,040 DEBUG n.e.o.t.s.UpdateSvc                 - star-cr5:6/1/1 76                                           
2019-02-06 13:47:27,040 DEBUG n.e.o.t.s.UpdateSvc                 - star-cr5:1/2/1 76                                           
2019-02-06 13:47:27,040 DEBUG n.e.o.t.s.UpdateSvc                 - star-cr5:5/1/1 76                                           
2019-02-06 13:47:27,040 DEBUG n.e.o.t.s.UpdateSvc                 - star-cr5:3/1/1 76                                           
2019-02-06 13:47:27,040 DEBUG n.e.o.t.s.UpdateSvc                 - star-cr5:4/1/1 76                                           
2019-02-06 13:47:27,040 DEBUG n.e.o.t.s.UpdateSvc                 - star-cr5:10/1/8 76                                          
2019-02-06 13:47:27,040 DEBUG n.e.o.t.s.UpdateSvc                 - star-cr5:4/2/1 76                                           
2019-02-06 13:47:27,040 DEBUG n.e.o.t.s.UpdateSvc                 - star-cr5:10/1/7 76                                          
2019-02-06 13:47:27,040 DEBUG n.e.o.t.s.UpdateSvc                 - star-cr5:10/1/10 76                                         
2019-02-06 13:47:27,040 DEBUG n.e.o.t.s.UpdateSvc                 - star-cr5:3/2/1 76                                           
2019-02-06 13:47:27,040 DEBUG n.e.o.t.s.UpdateSvc                 - star-cr5:10/1/1 76                                          
2019-02-06 13:47:27,040 DEBUG n.e.o.t.s.UpdateSvc                 - star-cr5:6/2/1 76                                           
2019-02-06 13:47:27,043 INFO  n.e.o.t.s.UpdateSvc                 - inserting p: lbl-mr2:ge-9/1/0 to lbl-mr2                    
2019-02-06 13:47:27,044 DEBUG n.e.o.t.s.UpdateSvc                 - lbl-mr2:xe-0/2/0 74                                         
2019-02-06 13:47:27,044 DEBUG n.e.o.t.s.UpdateSvc                 - lbl-mr2:xe-8/3/0 74                                         
2019-02-06 13:47:27,044 DEBUG n.e.o.t.s.UpdateSvc                 - lbl-mr2:ae0 74                                              
2019-02-06 13:47:27,044 DEBUG n.e.o.t.s.UpdateSvc                 - lbl-mr2:ge-9/1/0 74                                         
2019-02-06 13:47:27,044 DEBUG n.e.o.t.s.UpdateSvc                 - lbl-mr2:xe-7/0/0 74                                         
2019-02-06 13:47:27,044 DEBUG n.e.o.t.s.UpdateSvc                 - lbl-mr2:ge-9/0/4 74                                         
2019-02-06 13:47:27,044 DEBUG n.e.o.t.s.UpdateSvc                 - lbl-mr2:xe-1/1/0 74                                         
2019-02-06 13:47:27,044 DEBUG n.e.o.t.s.UpdateSvc                 - lbl-mr2:xe-2/3/0 74                                         
2019-02-06 13:47:27,044 DEBUG n.e.o.t.s.UpdateSvc                 - lbl-mr2:xe-8/1/0 74                                         
2019-02-06 13:47:27,044 DEBUG n.e.o.t.s.UpdateSvc                 - lbl-mr2:ge-9/1/2 74                                         
2019-02-06 13:47:27,044 DEBUG n.e.o.t.s.UpdateSvc                 - lbl-mr2:xe-0/1/0 74                                         
2019-02-06 13:47:27,044 DEBUG n.e.o.t.s.UpdateSvc                 - lbl-mr2:xe-7/2/0 74                                         
2019-02-06 13:47:27,047 INFO  n.e.o.t.s.UpdateSvc                 - inserting p: snll-mr2:xe-1/1/0 to snll-mr2                  
2019-02-06 13:47:27,047 DEBUG n.e.o.t.s.UpdateSvc                 - snll-mr2:xe-2/0/0 40                                        
2019-02-06 13:47:27,047 DEBUG n.e.o.t.s.UpdateSvc                 - snll-mr2:xe-0/2/0 40                                        
2019-02-06 13:47:27,047 DEBUG n.e.o.t.s.UpdateSvc                 - snll-mr2:xe-1/3/0 40                                        
2019-02-06 13:47:27,048 DEBUG n.e.o.t.s.UpdateSvc                 - snll-mr2:xe-1/1/0 40                                        
2019-02-06 13:47:27,048 DEBUG n.e.o.t.s.UpdateSvc                 - snll-mr2:xe-2/2/0 40                                        
2019-02-06 13:47:27,048 DEBUG n.e.o.t.s.UpdateSvc                 - snll-mr2:xe-2/3/0 40                                        
2019-02-06 13:47:27,048 DEBUG n.e.o.t.s.UpdateSvc                 - snll-mr2:xe-1/2/0 40                                        
2019-02-06 13:47:27,050 INFO  n.e.o.t.s.UpdateSvc                 - inserting p: sunn-cr5:9/1/5 to sunn-cr5                     
2019-02-06 13:47:27,052 DEBUG n.e.o.t.s.UpdateSvc                 - sunn-cr5:4/1/1 50                                           
2019-02-06 13:47:27,052 DEBUG n.e.o.t.s.UpdateSvc                 - sunn-cr5:10/1/2 50                                          
2019-02-06 13:47:27,052 DEBUG n.e.o.t.s.UpdateSvc                 - sunn-cr5:7/1/1 50                                           
2019-02-06 13:47:27,052 DEBUG n.e.o.t.s.UpdateSvc                 - sunn-cr5:10/2/4 50                                          
2019-02-06 13:47:27,052 DEBUG n.e.o.t.s.UpdateSvc                 - sunn-cr5:10/2/6 50                                          
2019-02-06 13:47:27,052 DEBUG n.e.o.t.s.UpdateSvc                 - sunn-cr5:9/1/1 50                                           
2019-02-06 13:47:27,052 DEBUG n.e.o.t.s.UpdateSvc                 - sunn-cr5:10/1/6 50                                          
2019-02-06 13:47:27,052 DEBUG n.e.o.t.s.UpdateSvc                 - sunn-cr5:10/1/5 50                                          
2019-02-06 13:47:27,052 DEBUG n.e.o.t.s.UpdateSvc                 - sunn-cr5:10/2/3 50                                          
2019-02-06 13:47:27,052 DEBUG n.e.o.t.s.UpdateSvc                 - sunn-cr5:10/2/2 50                                          
2019-02-06 13:47:27,052 DEBUG n.e.o.t.s.UpdateSvc                 - sunn-cr5:7/2/1 50                                           
2019-02-06 13:47:27,052 DEBUG n.e.o.t.s.UpdateSvc                 - sunn-cr5:9/1/2 50                                           
2019-02-06 13:47:27,052 DEBUG n.e.o.t.s.UpdateSvc                 - sunn-cr5:8/1/1 50                                           
2019-02-06 13:47:27,052 DEBUG n.e.o.t.s.UpdateSvc                 - sunn-cr5:10/1/4 50                                          
2019-02-06 13:47:27,052 DEBUG n.e.o.t.s.UpdateSvc                 - sunn-cr5:2/2/1 50                                           
2019-02-06 13:47:27,052 DEBUG n.e.o.t.s.UpdateSvc                 - sunn-cr5:5/2/1 50                                           
2019-02-06 13:47:27,052 DEBUG n.e.o.t.s.UpdateSvc                 - sunn-cr5:10/1/3 50                                          
2019-02-06 13:47:27,052 DEBUG n.e.o.t.s.UpdateSvc                 - sunn-cr5:2/1/1 50                                           
2019-02-06 13:47:27,052 DEBUG n.e.o.t.s.UpdateSvc                 - sunn-cr5:9/1/5 50                                           
2019-02-06 13:47:27,052 DEBUG n.e.o.t.s.UpdateSvc                 - sunn-cr5:10/1/1 50                                          
2019-02-06 13:47:27,052 DEBUG n.e.o.t.s.UpdateSvc                 - sunn-cr5:5/1/1 50                                           
2019-02-06 13:47:27,052 DEBUG n.e.o.t.s.UpdateSvc                 - sunn-cr5:10/2/1 50                                          
2019-02-06 13:47:27,052 DEBUG n.e.o.t.s.UpdateSvc                 - sunn-cr5:10/2/5 50                                          
2019-02-06 13:47:27,056 INFO  n.e.o.t.s.UpdateSvc                 - inserting p: lbl-mr2:ge-9/1/8 to lbl-mr2                    
2019-02-06 13:47:27,057 DEBUG n.e.o.t.s.UpdateSvc                 - lbl-mr2:xe-0/2/0 74                                         
2019-02-06 13:47:27,057 DEBUG n.e.o.t.s.UpdateSvc                 - lbl-mr2:xe-8/3/0 74                                         
2019-02-06 13:47:27,057 DEBUG n.e.o.t.s.UpdateSvc                 - lbl-mr2:ge-9/1/0 74                                         
2019-02-06 13:47:27,057 DEBUG n.e.o.t.s.UpdateSvc                 - lbl-mr2:xe-2/3/0 74                                         
2019-02-06 13:47:27,057 DEBUG n.e.o.t.s.UpdateSvc                 - lbl-mr2:xe-0/1/0 74                                         
2019-02-06 13:47:27,057 DEBUG n.e.o.t.s.UpdateSvc                 - lbl-mr2:ge-9/1/8 74                                         
2019-02-06 13:47:27,057 DEBUG n.e.o.t.s.UpdateSvc                 - lbl-mr2:ae0 74                                              
2019-02-06 13:47:27,057 DEBUG n.e.o.t.s.UpdateSvc                 - lbl-mr2:xe-7/0/0 74                                         
2019-02-06 13:47:27,057 DEBUG n.e.o.t.s.UpdateSvc                 - lbl-mr2:ge-9/0/4 74                                         
2019-02-06 13:47:27,057 DEBUG n.e.o.t.s.UpdateSvc                 - lbl-mr2:xe-1/1/0 74                                         
2019-02-06 13:47:27,057 DEBUG n.e.o.t.s.UpdateSvc                 - lbl-mr2:xe-8/1/0 74                                         
2019-02-06 13:47:27,057 DEBUG n.e.o.t.s.UpdateSvc                 - lbl-mr2:ge-9/1/2 74                                         
2019-02-06 13:47:27,057 DEBUG n.e.o.t.s.UpdateSvc                 - lbl-mr2:xe-7/2/0 74                                         
2019-02-06 13:47:27,060 INFO  n.e.o.t.s.UpdateSvc                 - inserting p: sunn-cr5:9/1/3 to sunn-cr5                     
2019-02-06 13:47:27,060 DEBUG n.e.o.t.s.UpdateSvc                 - sunn-cr5:4/1/1 50                                           
2019-02-06 13:47:27,060 DEBUG n.e.o.t.s.UpdateSvc                 - sunn-cr5:10/1/2 50                                          
2019-02-06 13:47:27,060 DEBUG n.e.o.t.s.UpdateSvc                 - sunn-cr5:7/1/1 50                                           
2019-02-06 13:47:27,060 DEBUG n.e.o.t.s.UpdateSvc                 - sunn-cr5:10/2/4 50                                          
2019-02-06 13:47:27,060 DEBUG n.e.o.t.s.UpdateSvc                 - sunn-cr5:10/2/6 50                                          
2019-02-06 13:47:27,060 DEBUG n.e.o.t.s.UpdateSvc                 - sunn-cr5:9/1/1 50                                           
2019-02-06 13:47:27,060 DEBUG n.e.o.t.s.UpdateSvc                 - sunn-cr5:10/1/6 50                                          
2019-02-06 13:47:27,060 DEBUG n.e.o.t.s.UpdateSvc                 - sunn-cr5:10/1/5 50                                          
2019-02-06 13:47:27,060 DEBUG n.e.o.t.s.UpdateSvc                 - sunn-cr5:10/2/3 50                                          
2019-02-06 13:47:27,060 DEBUG n.e.o.t.s.UpdateSvc                 - sunn-cr5:10/2/2 50                                          
2019-02-06 13:47:27,060 DEBUG n.e.o.t.s.UpdateSvc                 - sunn-cr5:7/2/1 50                                           
2019-02-06 13:47:27,061 DEBUG n.e.o.t.s.UpdateSvc                 - sunn-cr5:9/1/2 50                                           
2019-02-06 13:47:27,061 DEBUG n.e.o.t.s.UpdateSvc                 - sunn-cr5:8/1/1 50                                           
2019-02-06 13:47:27,061 DEBUG n.e.o.t.s.UpdateSvc                 - sunn-cr5:10/1/4 50                                          
2019-02-06 13:47:27,061 DEBUG n.e.o.t.s.UpdateSvc                 - sunn-cr5:2/2/1 50                                           
2019-02-06 13:47:27,061 DEBUG n.e.o.t.s.UpdateSvc                 - sunn-cr5:5/2/1 50                                           
2019-02-06 13:47:27,061 DEBUG n.e.o.t.s.UpdateSvc                 - sunn-cr5:9/1/3 50                                           
2019-02-06 13:47:27,061 DEBUG n.e.o.t.s.UpdateSvc                 - sunn-cr5:10/1/3 50                                          
2019-02-06 13:47:27,061 DEBUG n.e.o.t.s.UpdateSvc                 - sunn-cr5:2/1/1 50                                           
2019-02-06 13:47:27,061 DEBUG n.e.o.t.s.UpdateSvc                 - sunn-cr5:9/1/5 50                                           
2019-02-06 13:47:27,061 DEBUG n.e.o.t.s.UpdateSvc                 - sunn-cr5:10/1/1 50                                          
2019-02-06 13:47:27,061 DEBUG n.e.o.t.s.UpdateSvc                 - sunn-cr5:5/1/1 50                                           
2019-02-06 13:47:27,061 DEBUG n.e.o.t.s.UpdateSvc                 - sunn-cr5:10/2/1 50                                          
2019-02-06 13:47:27,061 DEBUG n.e.o.t.s.UpdateSvc                 - sunn-cr5:10/2/5 50                                          
2019-02-06 13:47:27,064 INFO  n.e.o.t.s.UpdateSvc                 - inserting p: star-cr5:1/1/1 to star-cr5                     
2019-02-06 13:47:27,064 DEBUG n.e.o.t.s.UpdateSvc                 - star-cr5:BLANK 76                                           
2019-02-06 13:47:27,064 DEBUG n.e.o.t.s.UpdateSvc                 - star-cr5:6/1/1 76                                           
2019-02-06 13:47:27,064 DEBUG n.e.o.t.s.UpdateSvc                 - star-cr5:1/2/1 76                                           
2019-02-06 13:47:27,064 DEBUG n.e.o.t.s.UpdateSvc                 - star-cr5:5/1/1 76                                           
2019-02-06 13:47:27,064 DEBUG n.e.o.t.s.UpdateSvc                 - star-cr5:3/1/1 76                                           
2019-02-06 13:47:27,064 DEBUG n.e.o.t.s.UpdateSvc                 - star-cr5:1/1/1 76                                           
2019-02-06 13:47:27,064 DEBUG n.e.o.t.s.UpdateSvc                 - star-cr5:4/1/1 76                                           
2019-02-06 13:47:27,064 DEBUG n.e.o.t.s.UpdateSvc                 - star-cr5:10/1/8 76                                          
2019-02-06 13:47:27,064 DEBUG n.e.o.t.s.UpdateSvc                 - star-cr5:4/2/1 76                                           
2019-02-06 13:47:27,064 DEBUG n.e.o.t.s.UpdateSvc                 - star-cr5:10/1/7 76                                          
2019-02-06 13:47:27,064 DEBUG n.e.o.t.s.UpdateSvc                 - star-cr5:10/1/10 76                                         
2019-02-06 13:47:27,064 DEBUG n.e.o.t.s.UpdateSvc                 - star-cr5:3/2/1 76                                           
2019-02-06 13:47:27,064 DEBUG n.e.o.t.s.UpdateSvc                 - star-cr5:10/1/1 76                                          
2019-02-06 13:47:27,064 DEBUG n.e.o.t.s.UpdateSvc                 - star-cr5:6/2/1 76                                           
2019-02-06 13:47:27,067 INFO  n.e.o.t.s.UpdateSvc                 - inserting p: jgi-mr2:xe-2/2/0 to jgi-mr2                    
2019-02-06 13:47:27,067 DEBUG n.e.o.t.s.UpdateSvc                 - jgi-mr2:xe-1/3/0 61                                         
2019-02-06 13:47:27,067 DEBUG n.e.o.t.s.UpdateSvc                 - jgi-mr2:xe-2/2/0 61                                         
2019-02-06 13:47:27,069 INFO  n.e.o.t.s.UpdateSvc                 - inserting p: srs-rt3:ge-1/1/0 to srs-rt3                    
2019-02-06 13:47:27,069 DEBUG n.e.o.t.s.UpdateSvc                 - srs-rt3:ge-1/0/0 31                                         
2019-02-06 13:47:27,069 DEBUG n.e.o.t.s.UpdateSvc                 - srs-rt3:ge-1/1/0 31                                         
2019-02-06 13:47:27,069 DEBUG n.e.o.t.s.UpdateSvc                 - srs-rt3:ge-0/1/0 31                                         
2019-02-06 13:47:27,070 DEBUG n.e.o.t.s.UpdateSvc                 - srs-rt3:ge-0/0/0 31                                         
2019-02-06 13:47:27,072 INFO  n.e.o.t.s.UpdateSvc                 - inserting p: wash-cr5:2/1/1 to wash-cr5                     
2019-02-06 13:47:27,073 DEBUG n.e.o.t.s.UpdateSvc                 - wash-cr5:5/1/1 36                                           
2019-02-06 13:47:27,073 DEBUG n.e.o.t.s.UpdateSvc                 - wash-cr5:10/1/5 36                                          
2019-02-06 13:47:27,073 DEBUG n.e.o.t.s.UpdateSvc                 - wash-cr5:10/1/3 36                                          
2019-02-06 13:47:27,073 DEBUG n.e.o.t.s.UpdateSvc                 - wash-cr5:1/1/1 36                                           
2019-02-06 13:47:27,073 DEBUG n.e.o.t.s.UpdateSvc                 - wash-cr5:6/1/1 36                                           
2019-02-06 13:47:27,073 DEBUG n.e.o.t.s.UpdateSvc                 - wash-cr5:5/2/1 36                                           
2019-02-06 13:47:27,073 DEBUG n.e.o.t.s.UpdateSvc                 - wash-cr5:2/1/1 36                                           
2019-02-06 13:47:27,073 DEBUG n.e.o.t.s.UpdateSvc                 - wash-cr5:4/2/1 36                                           
2019-02-06 13:47:27,073 DEBUG n.e.o.t.s.UpdateSvc                 - wash-cr5:10/1/9 36                                          
2019-02-06 13:47:27,073 DEBUG n.e.o.t.s.UpdateSvc                 - wash-cr5:4/1/1 36                                           
2019-02-06 13:47:27,073 DEBUG n.e.o.t.s.UpdateSvc                 - wash-cr5:10/1/4 36                                          
2019-02-06 13:47:27,073 DEBUG n.e.o.t.s.UpdateSvc                 - wash-cr5:10/1/10 36                                         
2019-02-06 13:47:27,076 INFO  n.e.o.t.s.UpdateSvc                 - inserting p: star-cr5:8/1/4 to star-cr5                     
2019-02-06 13:47:27,077 DEBUG n.e.o.t.s.UpdateSvc                 - star-cr5:BLANK 76                                           
2019-02-06 13:47:27,077 DEBUG n.e.o.t.s.UpdateSvc                 - star-cr5:6/1/1 76                                           
2019-02-06 13:47:27,077 DEBUG n.e.o.t.s.UpdateSvc                 - star-cr5:1/2/1 76                                           
2019-02-06 13:47:27,077 DEBUG n.e.o.t.s.UpdateSvc                 - star-cr5:5/1/1 76                                           
2019-02-06 13:47:27,077 DEBUG n.e.o.t.s.UpdateSvc                 - star-cr5:3/1/1 76                                           
2019-02-06 13:47:27,077 DEBUG n.e.o.t.s.UpdateSvc                 - star-cr5:1/1/1 76                                           
2019-02-06 13:47:27,077 DEBUG n.e.o.t.s.UpdateSvc                 - star-cr5:8/1/4 76                                           
2019-02-06 13:47:27,077 DEBUG n.e.o.t.s.UpdateSvc                 - star-cr5:4/1/1 76                                           
2019-02-06 13:47:27,077 DEBUG n.e.o.t.s.UpdateSvc                 - star-cr5:10/1/8 76                                          
2019-02-06 13:47:27,077 DEBUG n.e.o.t.s.UpdateSvc                 - star-cr5:4/2/1 76                                           
2019-02-06 13:47:27,077 DEBUG n.e.o.t.s.UpdateSvc                 - star-cr5:10/1/7 76                                          
2019-02-06 13:47:27,077 DEBUG n.e.o.t.s.UpdateSvc                 - star-cr5:10/1/10 76                                         
2019-02-06 13:47:27,077 DEBUG n.e.o.t.s.UpdateSvc                 - star-cr5:3/2/1 76                                           
2019-02-06 13:47:27,077 DEBUG n.e.o.t.s.UpdateSvc                 - star-cr5:10/1/1 76                                          
2019-02-06 13:47:27,077 DEBUG n.e.o.t.s.UpdateSvc                 - star-cr5:6/2/1 76                                           
2019-02-06 13:47:27,080 INFO  n.e.o.t.s.UpdateSvc                 - inserting p: star-cr5:8/1/6 to star-cr5                     
2019-02-06 13:47:27,081 DEBUG n.e.o.t.s.UpdateSvc                 - star-cr5:BLANK 76                                           
2019-02-06 13:47:27,081 DEBUG n.e.o.t.s.UpdateSvc                 - star-cr5:6/1/1 76                                           
2019-02-06 13:47:27,081 DEBUG n.e.o.t.s.UpdateSvc                 - star-cr5:1/2/1 76                                           
2019-02-06 13:47:27,081 DEBUG n.e.o.t.s.UpdateSvc                 - star-cr5:5/1/1 76                                           
2019-02-06 13:47:27,081 DEBUG n.e.o.t.s.UpdateSvc                 - star-cr5:8/1/6 76                                           
2019-02-06 13:47:27,081 DEBUG n.e.o.t.s.UpdateSvc                 - star-cr5:3/1/1 76                                           
2019-02-06 13:47:27,081 DEBUG n.e.o.t.s.UpdateSvc                 - star-cr5:1/1/1 76                                           
2019-02-06 13:47:27,081 DEBUG n.e.o.t.s.UpdateSvc                 - star-cr5:8/1/4 76                                           
2019-02-06 13:47:27,081 DEBUG n.e.o.t.s.UpdateSvc                 - star-cr5:4/1/1 76                                           
2019-02-06 13:47:27,081 DEBUG n.e.o.t.s.UpdateSvc                 - star-cr5:10/1/8 76                                          
2019-02-06 13:47:27,081 DEBUG n.e.o.t.s.UpdateSvc                 - star-cr5:4/2/1 76                                           
2019-02-06 13:47:27,081 DEBUG n.e.o.t.s.UpdateSvc                 - star-cr5:10/1/7 76                                          
2019-02-06 13:47:27,081 DEBUG n.e.o.t.s.UpdateSvc                 - star-cr5:10/1/10 76                                         
2019-02-06 13:47:27,081 DEBUG n.e.o.t.s.UpdateSvc                 - star-cr5:3/2/1 76                                           
2019-02-06 13:47:27,081 DEBUG n.e.o.t.s.UpdateSvc                 - star-cr5:10/1/1 76                                          
2019-02-06 13:47:27,082 DEBUG n.e.o.t.s.UpdateSvc                 - star-cr5:6/2/1 76                                           
2019-02-06 13:47:27,084 INFO  n.e.o.t.s.UpdateSvc                 - inserting p: sunn-cr5:8/2/1 to sunn-cr5                     
2019-02-06 13:47:27,085 DEBUG n.e.o.t.s.UpdateSvc                 - sunn-cr5:10/1/2 50                                          
2019-02-06 13:47:27,085 DEBUG n.e.o.t.s.UpdateSvc                 - sunn-cr5:9/1/1 50                                           
2019-02-06 13:47:27,085 DEBUG n.e.o.t.s.UpdateSvc                 - sunn-cr5:10/1/6 50                                          
2019-02-06 13:47:27,085 DEBUG n.e.o.t.s.UpdateSvc                 - sunn-cr5:7/2/1 50                                           
2019-02-06 13:47:27,085 DEBUG n.e.o.t.s.UpdateSvc                 - sunn-cr5:9/1/2 50                                           
2019-02-06 13:47:27,085 DEBUG n.e.o.t.s.UpdateSvc                 - sunn-cr5:8/2/1 50                                           
2019-02-06 13:47:27,085 DEBUG n.e.o.t.s.UpdateSvc                 - sunn-cr5:8/1/1 50                                           
2019-02-06 13:47:27,085 DEBUG n.e.o.t.s.UpdateSvc                 - sunn-cr5:10/1/4 50                                          
2019-02-06 13:47:27,085 DEBUG n.e.o.t.s.UpdateSvc                 - sunn-cr5:2/2/1 50                                           
2019-02-06 13:47:27,085 DEBUG n.e.o.t.s.UpdateSvc                 - sunn-cr5:5/2/1 50                                           
2019-02-06 13:47:27,085 DEBUG n.e.o.t.s.UpdateSvc                 - sunn-cr5:9/1/3 50                                           
2019-02-06 13:47:27,085 DEBUG n.e.o.t.s.UpdateSvc                 - sunn-cr5:10/1/3 50                                          
2019-02-06 13:47:27,085 DEBUG n.e.o.t.s.UpdateSvc                 - sunn-cr5:2/1/1 50                                           
2019-02-06 13:47:27,085 DEBUG n.e.o.t.s.UpdateSvc                 - sunn-cr5:9/1/5 50                                           
2019-02-06 13:47:27,085 DEBUG n.e.o.t.s.UpdateSvc                 - sunn-cr5:10/2/5 50                                          
2019-02-06 13:47:27,085 DEBUG n.e.o.t.s.UpdateSvc                 - sunn-cr5:4/1/1 50                                           
2019-02-06 13:47:27,085 DEBUG n.e.o.t.s.UpdateSvc                 - sunn-cr5:7/1/1 50                                           
2019-02-06 13:47:27,085 DEBUG n.e.o.t.s.UpdateSvc                 - sunn-cr5:10/2/4 50                                          
2019-02-06 13:47:27,085 DEBUG n.e.o.t.s.UpdateSvc                 - sunn-cr5:10/2/6 50                                          
2019-02-06 13:47:27,085 DEBUG n.e.o.t.s.UpdateSvc                 - sunn-cr5:10/1/5 50                                          
2019-02-06 13:47:27,085 DEBUG n.e.o.t.s.UpdateSvc                 - sunn-cr5:10/2/3 50                                          
2019-02-06 13:47:27,085 DEBUG n.e.o.t.s.UpdateSvc                 - sunn-cr5:10/2/2 50                                          
2019-02-06 13:47:27,095 DEBUG n.e.o.t.s.UpdateSvc                 - sunn-cr5:10/1/1 50                                          
2019-02-06 13:47:27,096 DEBUG n.e.o.t.s.UpdateSvc                 - sunn-cr5:5/1/1 50                                           
2019-02-06 13:47:27,096 DEBUG n.e.o.t.s.UpdateSvc                 - sunn-cr5:10/2/1 50                                          
2019-02-06 13:47:27,100 INFO  n.e.o.t.s.UpdateSvc                 - inserting p: star-cr5:8/1/2 to star-cr5                     
2019-02-06 13:47:27,101 DEBUG n.e.o.t.s.UpdateSvc                 - star-cr5:BLANK 76                                           
2019-02-06 13:47:27,101 DEBUG n.e.o.t.s.UpdateSvc                 - star-cr5:6/1/1 76                                           
2019-02-06 13:47:27,101 DEBUG n.e.o.t.s.UpdateSvc                 - star-cr5:1/2/1 76                                           
2019-02-06 13:47:27,101 DEBUG n.e.o.t.s.UpdateSvc                 - star-cr5:5/1/1 76                                           
2019-02-06 13:47:27,101 DEBUG n.e.o.t.s.UpdateSvc                 - star-cr5:8/1/6 76                                           
2019-02-06 13:47:27,101 DEBUG n.e.o.t.s.UpdateSvc                 - star-cr5:3/1/1 76                                           
2019-02-06 13:47:27,101 DEBUG n.e.o.t.s.UpdateSvc                 - star-cr5:1/1/1 76                                           
2019-02-06 13:47:27,101 DEBUG n.e.o.t.s.UpdateSvc                 - star-cr5:8/1/4 76                                           
2019-02-06 13:47:27,101 DEBUG n.e.o.t.s.UpdateSvc                 - star-cr5:8/1/2 76                                           
2019-02-06 13:47:27,101 DEBUG n.e.o.t.s.UpdateSvc                 - star-cr5:4/1/1 76                                           
2019-02-06 13:47:27,101 DEBUG n.e.o.t.s.UpdateSvc                 - star-cr5:10/1/8 76                                          
2019-02-06 13:47:27,101 DEBUG n.e.o.t.s.UpdateSvc                 - star-cr5:4/2/1 76                                           
2019-02-06 13:47:27,101 DEBUG n.e.o.t.s.UpdateSvc                 - star-cr5:10/1/7 76                                          
2019-02-06 13:47:27,101 DEBUG n.e.o.t.s.UpdateSvc                 - star-cr5:10/1/10 76                                         
2019-02-06 13:47:27,101 DEBUG n.e.o.t.s.UpdateSvc                 - star-cr5:3/2/1 76                                           
2019-02-06 13:47:27,101 DEBUG n.e.o.t.s.UpdateSvc                 - star-cr5:10/1/1 76                                          
2019-02-06 13:47:27,101 DEBUG n.e.o.t.s.UpdateSvc                 - star-cr5:6/2/1 76                                           
2019-02-06 13:47:27,104 INFO  n.e.o.t.s.UpdateSvc                 - inserting p: chic-cr5:5/1/1 to chic-cr5                     
2019-02-06 13:47:27,105 DEBUG n.e.o.t.s.UpdateSvc                 - chic-cr5:BLANK 55                                           
2019-02-06 13:47:27,105 DEBUG n.e.o.t.s.UpdateSvc                 - chic-cr5:10/1/1 55                                          
2019-02-06 13:47:27,105 DEBUG n.e.o.t.s.UpdateSvc                 - chic-cr5:7/1/1 55                                           
2019-02-06 13:47:27,105 DEBUG n.e.o.t.s.UpdateSvc                 - chic-cr5:10/1/3 55                                          
2019-02-06 13:47:27,105 DEBUG n.e.o.t.s.UpdateSvc                 - chic-cr5:10/1/7 55                                          
2019-02-06 13:47:27,105 DEBUG n.e.o.t.s.UpdateSvc                 - chic-cr5:6/1/1 55                                           
2019-02-06 13:47:27,105 DEBUG n.e.o.t.s.UpdateSvc                 - chic-cr5:4/1/1 55                                           
2019-02-06 13:47:27,105 DEBUG n.e.o.t.s.UpdateSvc                 - chic-cr5:2/1/1 55                                           
2019-02-06 13:47:27,105 DEBUG n.e.o.t.s.UpdateSvc                 - chic-cr5:6/2/1 55                                           
2019-02-06 13:47:27,105 DEBUG n.e.o.t.s.UpdateSvc                 - chic-cr5:10/1/4 55                                          
2019-02-06 13:47:27,105 DEBUG n.e.o.t.s.UpdateSvc                 - chic-cr5:5/1/1 55                                           
2019-02-06 13:47:27,105 DEBUG n.e.o.t.s.UpdateSvc                 - chic-cr5:7/2/1 55                                           
2019-02-06 13:47:27,105 DEBUG n.e.o.t.s.UpdateSvc                 - chic-cr5:3/1/1 55                                           
2019-02-06 13:47:27,105 DEBUG n.e.o.t.s.UpdateSvc                 - chic-cr5:8/1/1 55                                           
2019-02-06 13:47:27,105 DEBUG n.e.o.t.s.UpdateSvc                 - chic-cr5:10/1/5 55                                          
2019-02-06 13:47:27,105 DEBUG n.e.o.t.s.UpdateSvc                 - chic-cr5:1/1/1 55                                           
2019-02-06 13:47:27,108 INFO  n.e.o.t.s.UpdateSvc                 - inserting p: lbl-mr2:xe-2/1/0 to lbl-mr2                    
2019-02-06 13:47:27,109 DEBUG n.e.o.t.s.UpdateSvc                 - lbl-mr2:xe-0/2/0 74                                         
2019-02-06 13:47:27,109 DEBUG n.e.o.t.s.UpdateSvc                 - lbl-mr2:xe-8/3/0 74                                         
2019-02-06 13:47:27,109 DEBUG n.e.o.t.s.UpdateSvc                 - lbl-mr2:ge-9/1/0 74                                         
2019-02-06 13:47:27,109 DEBUG n.e.o.t.s.UpdateSvc                 - lbl-mr2:xe-2/3/0 74                                         
2019-02-06 13:47:27,110 DEBUG n.e.o.t.s.UpdateSvc                 - lbl-mr2:xe-0/1/0 74                                         
2019-02-06 13:47:27,110 DEBUG n.e.o.t.s.UpdateSvc                 - lbl-mr2:ge-9/1/8 74                                         
2019-02-06 13:47:27,110 DEBUG n.e.o.t.s.UpdateSvc                 - lbl-mr2:ae0 74                                              
2019-02-06 13:47:27,110 DEBUG n.e.o.t.s.UpdateSvc                 - lbl-mr2:xe-7/0/0 74                                         
2019-02-06 13:47:27,110 DEBUG n.e.o.t.s.UpdateSvc                 - lbl-mr2:xe-2/1/0 74                                         
2019-02-06 13:47:27,110 DEBUG n.e.o.t.s.UpdateSvc                 - lbl-mr2:ge-9/0/4 74                                         
2019-02-06 13:47:27,110 DEBUG n.e.o.t.s.UpdateSvc                 - lbl-mr2:xe-1/1/0 74                                         
2019-02-06 13:47:27,110 DEBUG n.e.o.t.s.UpdateSvc                 - lbl-mr2:xe-8/1/0 74                                         
2019-02-06 13:47:27,110 DEBUG n.e.o.t.s.UpdateSvc                 - lbl-mr2:ge-9/1/2 74                                         
2019-02-06 13:47:27,110 DEBUG n.e.o.t.s.UpdateSvc                 - lbl-mr2:xe-7/2/0 74                                         
2019-02-06 13:47:27,113 INFO  n.e.o.t.s.UpdateSvc                 - inserting p: pppl-rt5:ge-0/0/2 to pppl-rt5                  
2019-02-06 13:47:27,114 DEBUG n.e.o.t.s.UpdateSvc                 - pppl-rt5:ge-0/0/2 30                                        
2019-02-06 13:47:27,114 DEBUG n.e.o.t.s.UpdateSvc                 - pppl-rt5:xe-1/2/0 30                                        
2019-02-06 13:47:27,114 DEBUG n.e.o.t.s.UpdateSvc                 - pppl-rt5:xe-1/3/0 30                                        
2019-02-06 13:47:27,117 INFO  n.e.o.t.s.UpdateSvc                 - inserting p: orau-rt4:ge-0/1/0 to orau-rt4                  
2019-02-06 13:47:27,118 DEBUG n.e.o.t.s.UpdateSvc                 - orau-rt4:ge-0/1/0 32                                        
2019-02-06 13:47:27,121 INFO  n.e.o.t.s.UpdateSvc                 - inserting p: orau-rt4:ge-0/1/1 to orau-rt4                  
2019-02-06 13:47:27,122 DEBUG n.e.o.t.s.UpdateSvc                 - orau-rt4:ge-0/1/0 32                                        
2019-02-06 13:47:27,122 DEBUG n.e.o.t.s.UpdateSvc                 - orau-rt4:ge-0/1/1 32                                        
2019-02-06 13:47:27,125 INFO  n.e.o.t.s.UpdateSvc                 - inserting p: orau-rt4:ge-0/1/2 to orau-rt4                  
2019-02-06 13:47:27,126 DEBUG n.e.o.t.s.UpdateSvc                 - orau-rt4:ge-0/1/0 32                                        
2019-02-06 13:47:27,126 DEBUG n.e.o.t.s.UpdateSvc                 - orau-rt4:ge-0/1/2 32                                        
2019-02-06 13:47:27,126 DEBUG n.e.o.t.s.UpdateSvc                 - orau-rt4:ge-0/1/1 32                                        
2019-02-06 13:47:27,129 INFO  n.e.o.t.s.UpdateSvc                 - inserting p: eqx-chi-cr5:1/1/1 to eqx-chi-cr5               
2019-02-06 13:47:27,129 DEBUG n.e.o.t.s.UpdateSvc                 - eqx-chi-cr5:BLANK 58                                        
2019-02-06 13:47:27,129 DEBUG n.e.o.t.s.UpdateSvc                 - eqx-chi-cr5:10/1/3 58                                       
2019-02-06 13:47:27,129 DEBUG n.e.o.t.s.UpdateSvc                 - eqx-chi-cr5:10/1/1 58                                       
2019-02-06 13:47:27,129 DEBUG n.e.o.t.s.UpdateSvc                 - eqx-chi-cr5:1/1/1 58                                        
2019-02-06 13:47:27,129 DEBUG n.e.o.t.s.UpdateSvc                 - eqx-chi-cr5:10/1/2 58                                       
2019-02-06 13:47:27,133 INFO  n.e.o.t.s.UpdateSvc                 - inserting p: orau-rt4:ge-0/1/3 to orau-rt4                  
2019-02-06 13:47:27,134 DEBUG n.e.o.t.s.UpdateSvc                 - orau-rt4:ge-0/1/0 32                                        
2019-02-06 13:47:27,134 DEBUG n.e.o.t.s.UpdateSvc                 - orau-rt4:ge-0/1/2 32                                        
2019-02-06 13:47:27,134 DEBUG n.e.o.t.s.UpdateSvc                 - orau-rt4:ge-0/1/1 32                                        
2019-02-06 13:47:27,134 DEBUG n.e.o.t.s.UpdateSvc                 - orau-rt4:ge-0/1/3 32                                        
2019-02-06 13:47:27,138 INFO  n.e.o.t.s.UpdateSvc                 - inserting p: orau-rt4:ge-0/1/4 to orau-rt4                  
2019-02-06 13:47:27,138 DEBUG n.e.o.t.s.UpdateSvc                 - orau-rt4:ge-0/1/0 32                                        
2019-02-06 13:47:27,138 DEBUG n.e.o.t.s.UpdateSvc                 - orau-rt4:ge-0/1/2 32                                        
2019-02-06 13:47:27,138 DEBUG n.e.o.t.s.UpdateSvc                 - orau-rt4:ge-0/1/4 32                                        
2019-02-06 13:47:27,138 DEBUG n.e.o.t.s.UpdateSvc                 - orau-rt4:ge-0/1/1 32                                        
2019-02-06 13:47:27,138 DEBUG n.e.o.t.s.UpdateSvc                 - orau-rt4:ge-0/1/3 32                                        
2019-02-06 13:47:27,141 INFO  n.e.o.t.s.UpdateSvc                 - inserting p: slac-mr2:xe-1/3/0 to slac-mr2                  
2019-02-06 13:47:27,142 DEBUG n.e.o.t.s.UpdateSvc                 - slac-mr2:xe-1/3/0 56                                        
2019-02-06 13:47:27,142 DEBUG n.e.o.t.s.UpdateSvc                 - slac-mr2:xe-0/2/0 56                                        
2019-02-06 13:47:27,142 DEBUG n.e.o.t.s.UpdateSvc                 - slac-mr2:xe-0/0/0 56                                        
2019-02-06 13:47:27,142 DEBUG n.e.o.t.s.UpdateSvc                 - slac-mr2:xe-1/1/0 56                                        
2019-02-06 13:47:27,142 DEBUG n.e.o.t.s.UpdateSvc                 - slac-mr2:xe-0/1/0 56                                        
2019-02-06 13:47:27,144 INFO  n.e.o.t.s.UpdateSvc                 - inserting p: jgi-mr2:xe-0/2/0 to jgi-mr2                    
2019-02-06 13:47:27,145 DEBUG n.e.o.t.s.UpdateSvc                 - jgi-mr2:xe-1/3/0 61                                         
2019-02-06 13:47:27,145 DEBUG n.e.o.t.s.UpdateSvc                 - jgi-mr2:xe-2/2/0 61                                         
2019-02-06 13:47:27,145 DEBUG n.e.o.t.s.UpdateSvc                 - jgi-mr2:xe-0/2/0 61                                         
2019-02-06 13:47:27,147 INFO  n.e.o.t.s.UpdateSvc                 - inserting p: pppl-rt5:xe-1/1/0 to pppl-rt5                  
2019-02-06 13:47:27,148 DEBUG n.e.o.t.s.UpdateSvc                 - pppl-rt5:ge-0/0/2 30                                        
2019-02-06 13:47:27,148 DEBUG n.e.o.t.s.UpdateSvc                 - pppl-rt5:xe-1/1/0 30                                        
2019-02-06 13:47:27,148 DEBUG n.e.o.t.s.UpdateSvc                 - pppl-rt5:xe-1/2/0 30                                        
2019-02-06 13:47:27,148 DEBUG n.e.o.t.s.UpdateSvc                 - pppl-rt5:xe-1/3/0 30                                        
2019-02-06 13:47:27,150 INFO  n.e.o.t.s.UpdateSvc                 - inserting p: lbl-mr2:xe-1/3/0 to lbl-mr2                    
2019-02-06 13:47:27,151 DEBUG n.e.o.t.s.UpdateSvc                 - lbl-mr2:xe-0/2/0 74                                         
2019-02-06 13:47:27,151 DEBUG n.e.o.t.s.UpdateSvc                 - lbl-mr2:xe-8/3/0 74                                         
2019-02-06 13:47:27,151 DEBUG n.e.o.t.s.UpdateSvc                 - lbl-mr2:ge-9/1/0 74                                         
2019-02-06 13:47:27,151 DEBUG n.e.o.t.s.UpdateSvc                 - lbl-mr2:xe-2/3/0 74                                         
2019-02-06 13:47:27,151 DEBUG n.e.o.t.s.UpdateSvc                 - lbl-mr2:xe-0/1/0 74                                         
2019-02-06 13:47:27,151 DEBUG n.e.o.t.s.UpdateSvc                 - lbl-mr2:ge-9/1/8 74                                         
2019-02-06 13:47:27,151 DEBUG n.e.o.t.s.UpdateSvc                 - lbl-mr2:ae0 74                                              
2019-02-06 13:47:27,151 DEBUG n.e.o.t.s.UpdateSvc                 - lbl-mr2:xe-1/3/0 74                                         
2019-02-06 13:47:27,151 DEBUG n.e.o.t.s.UpdateSvc                 - lbl-mr2:xe-7/0/0 74                                         
2019-02-06 13:47:27,151 DEBUG n.e.o.t.s.UpdateSvc                 - lbl-mr2:xe-2/1/0 74                                         
2019-02-06 13:47:27,151 DEBUG n.e.o.t.s.UpdateSvc                 - lbl-mr2:ge-9/0/4 74                                         
2019-02-06 13:47:27,151 DEBUG n.e.o.t.s.UpdateSvc                 - lbl-mr2:xe-1/1/0 74                                         
2019-02-06 13:47:27,151 DEBUG n.e.o.t.s.UpdateSvc                 - lbl-mr2:xe-8/1/0 74                                         
2019-02-06 13:47:27,151 DEBUG n.e.o.t.s.UpdateSvc                 - lbl-mr2:ge-9/1/2 74                                         
2019-02-06 13:47:27,151 DEBUG n.e.o.t.s.UpdateSvc                 - lbl-mr2:xe-7/2/0 74                                         
2019-02-06 13:47:27,154 INFO  n.e.o.t.s.UpdateSvc                 - inserting p: ornl-cr5:9/1/4 to ornl-cr5                     
2019-02-06 13:47:27,154 DEBUG n.e.o.t.s.UpdateSvc                 - ornl-cr5:10/1/1 64                                          
2019-02-06 13:47:27,154 DEBUG n.e.o.t.s.UpdateSvc                 - ornl-cr5:7/1/1 64                                           
2019-02-06 13:47:27,154 DEBUG n.e.o.t.s.UpdateSvc                 - ornl-cr5:10/1/3 64                                          
2019-02-06 13:47:27,154 DEBUG n.e.o.t.s.UpdateSvc                 - ornl-cr5:10/1/2 64                                          
2019-02-06 13:47:27,154 DEBUG n.e.o.t.s.UpdateSvc                 - ornl-cr5:9/1/4 64                                           
2019-02-06 13:47:27,154 DEBUG n.e.o.t.s.UpdateSvc                 - ornl-cr5:6/1/1 64                                           
2019-02-06 13:47:27,156 INFO  n.e.o.t.s.UpdateSvc                 - inserting p: sunn-cr5:1/1/1 to sunn-cr5                     
2019-02-06 13:47:27,157 DEBUG n.e.o.t.s.UpdateSvc                 - sunn-cr5:10/1/2 50                                          
2019-02-06 13:47:27,157 DEBUG n.e.o.t.s.UpdateSvc                 - sunn-cr5:9/1/1 50                                           
2019-02-06 13:47:27,157 DEBUG n.e.o.t.s.UpdateSvc                 - sunn-cr5:10/1/6 50                                          
2019-02-06 13:47:27,157 DEBUG n.e.o.t.s.UpdateSvc                 - sunn-cr5:7/2/1 50                                           
2019-02-06 13:47:27,157 DEBUG n.e.o.t.s.UpdateSvc                 - sunn-cr5:9/1/2 50                                           
2019-02-06 13:47:27,157 DEBUG n.e.o.t.s.UpdateSvc                 - sunn-cr5:8/2/1 50                                           
2019-02-06 13:47:27,157 DEBUG n.e.o.t.s.UpdateSvc                 - sunn-cr5:8/1/1 50                                           
2019-02-06 13:47:27,157 DEBUG n.e.o.t.s.UpdateSvc                 - sunn-cr5:10/1/4 50                                          
2019-02-06 13:47:27,157 DEBUG n.e.o.t.s.UpdateSvc                 - sunn-cr5:2/2/1 50                                           
2019-02-06 13:47:27,157 DEBUG n.e.o.t.s.UpdateSvc                 - sunn-cr5:5/2/1 50                                           
2019-02-06 13:47:27,157 DEBUG n.e.o.t.s.UpdateSvc                 - sunn-cr5:9/1/3 50                                           
2019-02-06 13:47:27,157 DEBUG n.e.o.t.s.UpdateSvc                 - sunn-cr5:10/1/3 50                                          
2019-02-06 13:47:27,157 DEBUG n.e.o.t.s.UpdateSvc                 - sunn-cr5:2/1/1 50                                           
2019-02-06 13:47:27,157 DEBUG n.e.o.t.s.UpdateSvc                 - sunn-cr5:9/1/5 50                                           
2019-02-06 13:47:27,157 DEBUG n.e.o.t.s.UpdateSvc                 - sunn-cr5:10/2/5 50                                          
2019-02-06 13:47:27,157 DEBUG n.e.o.t.s.UpdateSvc                 - sunn-cr5:4/1/1 50                                           
2019-02-06 13:47:27,157 DEBUG n.e.o.t.s.UpdateSvc                 - sunn-cr5:1/1/1 50                                           
2019-02-06 13:47:27,157 DEBUG n.e.o.t.s.UpdateSvc                 - sunn-cr5:7/1/1 50                                           
2019-02-06 13:47:27,157 DEBUG n.e.o.t.s.UpdateSvc                 - sunn-cr5:10/2/4 50                                          
2019-02-06 13:47:27,157 DEBUG n.e.o.t.s.UpdateSvc                 - sunn-cr5:10/2/6 50                                          
2019-02-06 13:47:27,157 DEBUG n.e.o.t.s.UpdateSvc                 - sunn-cr5:10/1/5 50                                          
2019-02-06 13:47:27,158 DEBUG n.e.o.t.s.UpdateSvc                 - sunn-cr5:10/2/3 50                                          
2019-02-06 13:47:27,158 DEBUG n.e.o.t.s.UpdateSvc                 - sunn-cr5:10/2/2 50                                          
2019-02-06 13:47:27,158 DEBUG n.e.o.t.s.UpdateSvc                 - sunn-cr5:10/1/1 50                                          
2019-02-06 13:47:27,158 DEBUG n.e.o.t.s.UpdateSvc                 - sunn-cr5:5/1/1 50                                           
2019-02-06 13:47:27,158 DEBUG n.e.o.t.s.UpdateSvc                 - sunn-cr5:10/2/1 50                                          
2019-02-06 13:47:27,160 INFO  n.e.o.t.s.UpdateSvc                 - inserting p: fnal-mr2:xe-8/3/0 to fnal-mr2                  
2019-02-06 13:47:27,160 DEBUG n.e.o.t.s.UpdateSvc                 - fnal-mr2:xe-8/3/0 65                                        
2019-02-06 13:47:27,160 DEBUG n.e.o.t.s.UpdateSvc                 - fnal-mr2:xe-0/0/0 65                                        
2019-02-06 13:47:27,160 DEBUG n.e.o.t.s.UpdateSvc                 - fnal-mr2:xe-8/1/0 65                                        
2019-02-06 13:47:27,160 DEBUG n.e.o.t.s.UpdateSvc                 - fnal-mr2:xe-1/1/0 65                                        
2019-02-06 13:47:27,161 DEBUG n.e.o.t.s.UpdateSvc                 - fnal-mr2:xe-1/3/0 65                                        
2019-02-06 13:47:27,163 INFO  n.e.o.t.s.UpdateSvc                 - inserting p: ga-rt2:xe-0/2/0 to ga-rt2                      
2019-02-06 13:47:27,163 DEBUG n.e.o.t.s.UpdateSvc                 - ga-rt2:ge-1/0/5 37                                          
2019-02-06 13:47:27,163 DEBUG n.e.o.t.s.UpdateSvc                 - ga-rt2:ge-1/0/3 37                                          
2019-02-06 13:47:27,163 DEBUG n.e.o.t.s.UpdateSvc                 - ga-rt2:xe-0/0/0 37                                          
2019-02-06 13:47:27,163 DEBUG n.e.o.t.s.UpdateSvc                 - ga-rt2:xe-0/2/0 37                                          
2019-02-06 13:47:27,163 DEBUG n.e.o.t.s.UpdateSvc                 - ga-rt2:ge-1/1/3 37                                          
2019-02-06 13:47:27,166 INFO  n.e.o.t.s.UpdateSvc                 - inserting p: elpa-cr5:2/1/1 to elpa-cr5                     
2019-02-06 13:47:27,166 DEBUG n.e.o.t.s.UpdateSvc                 - elpa-cr5:10/1/4 46                                          
2019-02-06 13:47:27,166 DEBUG n.e.o.t.s.UpdateSvc                 - elpa-cr5:3/1/1 46                                           
2019-02-06 13:47:27,166 DEBUG n.e.o.t.s.UpdateSvc                 - elpa-cr5:2/1/1 46                                           
2019-02-06 13:47:27,166 DEBUG n.e.o.t.s.UpdateSvc                 - elpa-cr5:10/1/3 46                                          
2019-02-06 13:47:27,166 DEBUG n.e.o.t.s.UpdateSvc                 - elpa-cr5:10/1/5 46                                          
2019-02-06 13:47:27,167 DEBUG n.e.o.t.s.UpdateSvc                 - elpa-cr5:1/1/1 46                                           
2019-02-06 13:47:27,169 INFO  n.e.o.t.s.UpdateSvc                 - inserting p: chic-cr5:3/2/1 to chic-cr5                     
2019-02-06 13:47:27,169 DEBUG n.e.o.t.s.UpdateSvc                 - chic-cr5:BLANK 55                                           
2019-02-06 13:47:27,170 DEBUG n.e.o.t.s.UpdateSvc                 - chic-cr5:3/2/1 55                                           
2019-02-06 13:47:27,170 DEBUG n.e.o.t.s.UpdateSvc                 - chic-cr5:10/1/1 55                                          
2019-02-06 13:47:27,170 DEBUG n.e.o.t.s.UpdateSvc                 - chic-cr5:7/1/1 55                                           
2019-02-06 13:47:27,170 DEBUG n.e.o.t.s.UpdateSvc                 - chic-cr5:10/1/3 55                                          
2019-02-06 13:47:27,170 DEBUG n.e.o.t.s.UpdateSvc                 - chic-cr5:10/1/7 55                                          
2019-02-06 13:47:27,170 DEBUG n.e.o.t.s.UpdateSvc                 - chic-cr5:6/1/1 55                                           
2019-02-06 13:47:27,170 DEBUG n.e.o.t.s.UpdateSvc                 - chic-cr5:4/1/1 55                                           
2019-02-06 13:47:27,170 DEBUG n.e.o.t.s.UpdateSvc                 - chic-cr5:2/1/1 55                                           
2019-02-06 13:47:27,170 DEBUG n.e.o.t.s.UpdateSvc                 - chic-cr5:6/2/1 55                                           
2019-02-06 13:47:27,170 DEBUG n.e.o.t.s.UpdateSvc                 - chic-cr5:10/1/4 55                                          
2019-02-06 13:47:27,170 DEBUG n.e.o.t.s.UpdateSvc                 - chic-cr5:5/1/1 55                                           
2019-02-06 13:47:27,170 DEBUG n.e.o.t.s.UpdateSvc                 - chic-cr5:7/2/1 55                                           
2019-02-06 13:47:27,170 DEBUG n.e.o.t.s.UpdateSvc                 - chic-cr5:3/1/1 55                                           
2019-02-06 13:47:27,170 DEBUG n.e.o.t.s.UpdateSvc                 - chic-cr5:8/1/1 55                                           
2019-02-06 13:47:27,170 DEBUG n.e.o.t.s.UpdateSvc                 - chic-cr5:10/1/5 55                                          
2019-02-06 13:47:27,170 DEBUG n.e.o.t.s.UpdateSvc                 - chic-cr5:1/1/1 55                                           
2019-02-06 13:47:27,173 INFO  n.e.o.t.s.UpdateSvc                 - inserting p: srs-rt3:ge-1/2/0 to srs-rt3                    
2019-02-06 13:47:27,174 DEBUG n.e.o.t.s.UpdateSvc                 - srs-rt3:ge-1/0/0 31                                         
2019-02-06 13:47:27,174 DEBUG n.e.o.t.s.UpdateSvc                 - srs-rt3:ge-1/1/0 31                                         
2019-02-06 13:47:27,174 DEBUG n.e.o.t.s.UpdateSvc                 - srs-rt3:ge-0/1/0 31                                         
2019-02-06 13:47:27,174 DEBUG n.e.o.t.s.UpdateSvc                 - srs-rt3:ge-0/0/0 31                                         
2019-02-06 13:47:27,174 DEBUG n.e.o.t.s.UpdateSvc                 - srs-rt3:ge-1/2/0 31                                         
2019-02-06 13:47:27,176 INFO  n.e.o.t.s.UpdateSvc                 - inserting p: hous-cr5:4/1/1 to hous-cr5                     
2019-02-06 13:47:27,177 DEBUG n.e.o.t.s.UpdateSvc                 - hous-cr5:10/1/4 68                                          
2019-02-06 13:47:27,177 DEBUG n.e.o.t.s.UpdateSvc                 - hous-cr5:1/1/1 68                                           
2019-02-06 13:47:27,177 DEBUG n.e.o.t.s.UpdateSvc                 - hous-cr5:4/1/1 68                                           
2019-02-06 13:47:27,177 DEBUG n.e.o.t.s.UpdateSvc                 - hous-cr5:3/1/1 68                                           
2019-02-06 13:47:27,177 DEBUG n.e.o.t.s.UpdateSvc                 - hous-cr5:10/1/3 68                                          
2019-02-06 13:47:27,177 DEBUG n.e.o.t.s.UpdateSvc                 - hous-cr5:2/1/1 68                                           
2019-02-06 13:47:27,179 INFO  n.e.o.t.s.UpdateSvc                 - inserting p: amst-cr5:1/1/1 to amst-cr5                     
2019-02-06 13:47:27,179 DEBUG n.e.o.t.s.UpdateSvc                 - amst-cr5:10/1/1 72                                          
2019-02-06 13:47:27,179 DEBUG n.e.o.t.s.UpdateSvc                 - amst-cr5:10/1/2 72                                          
2019-02-06 13:47:27,179 DEBUG n.e.o.t.s.UpdateSvc                 - amst-cr5:5/1/1 72                                           
2019-02-06 13:47:27,179 DEBUG n.e.o.t.s.UpdateSvc                 - amst-cr5:3/1/1 72                                           
2019-02-06 13:47:27,179 DEBUG n.e.o.t.s.UpdateSvc                 - amst-cr5:2/1/1 72                                           
2019-02-06 13:47:27,179 DEBUG n.e.o.t.s.UpdateSvc                 - amst-cr5:1/1/1 72                                           
2019-02-06 13:47:27,179 DEBUG n.e.o.t.s.UpdateSvc                 - amst-cr5:10/2/5 72                                          
2019-02-06 13:47:27,192 INFO  n.e.o.t.s.UpdateSvc                 - inserting p: nash-cr5:4/1/1 to nash-cr5                     
2019-02-06 13:47:27,192 DEBUG n.e.o.t.s.UpdateSvc                 - nash-cr5:10/1/3 45                                          
2019-02-06 13:47:27,192 DEBUG n.e.o.t.s.UpdateSvc                 - nash-cr5:1/1/1 45                                           
2019-02-06 13:47:27,192 DEBUG n.e.o.t.s.UpdateSvc                 - nash-cr5:10/1/6 45                                          
2019-02-06 13:47:27,193 DEBUG n.e.o.t.s.UpdateSvc                 - nash-cr5:2/1/1 45                                           
2019-02-06 13:47:27,193 DEBUG n.e.o.t.s.UpdateSvc                 - nash-cr5:3/1/1 45                                           
2019-02-06 13:47:27,193 DEBUG n.e.o.t.s.UpdateSvc                 - nash-cr5:1/2/1 45                                           
2019-02-06 13:47:27,193 DEBUG n.e.o.t.s.UpdateSvc                 - nash-cr5:4/1/1 45                                           
2019-02-06 13:47:27,193 DEBUG n.e.o.t.s.UpdateSvc                 - nash-cr5:10/1/5 45                                          
2019-02-06 13:47:27,193 DEBUG n.e.o.t.s.UpdateSvc                 - nash-cr5:10/1/4 45                                          
2019-02-06 13:47:27,195 INFO  n.e.o.t.s.UpdateSvc                 - inserting p: pnwg-cr5:10/1/9 to pnwg-cr5                    
2019-02-06 13:47:27,196 DEBUG n.e.o.t.s.UpdateSvc                 - pnwg-cr5:3/1/1 71                                           
2019-02-06 13:47:27,196 DEBUG n.e.o.t.s.UpdateSvc                 - pnwg-cr5:2/2/1 71                                           
2019-02-06 13:47:27,196 DEBUG n.e.o.t.s.UpdateSvc                 - pnwg-cr5:9/1/2 71                                           
2019-02-06 13:47:27,196 DEBUG n.e.o.t.s.UpdateSvc                 - pnwg-cr5:2/1/1 71                                           
2019-02-06 13:47:27,196 DEBUG n.e.o.t.s.UpdateSvc                 - pnwg-cr5:1/1/1 71                                           
2019-02-06 13:47:27,196 DEBUG n.e.o.t.s.UpdateSvc                 - pnwg-cr5:10/1/9 71                                          
2019-02-06 13:47:27,196 DEBUG n.e.o.t.s.UpdateSvc                 - pnwg-cr5:BLANK 71                                           
2019-02-06 13:47:27,196 DEBUG n.e.o.t.s.UpdateSvc                 - pnwg-cr5:10/1/10 71                                         
2019-02-06 13:47:27,198 INFO  n.e.o.t.s.UpdateSvc                 - inserting p: lbl-mr2:xe-2/2/0 to lbl-mr2                    
2019-02-06 13:47:27,199 DEBUG n.e.o.t.s.UpdateSvc                 - lbl-mr2:xe-0/2/0 74                                         
2019-02-06 13:47:27,199 DEBUG n.e.o.t.s.UpdateSvc                 - lbl-mr2:xe-8/3/0 74                                         
2019-02-06 13:47:27,199 DEBUG n.e.o.t.s.UpdateSvc                 - lbl-mr2:ge-9/1/0 74                                         
2019-02-06 13:47:27,199 DEBUG n.e.o.t.s.UpdateSvc                 - lbl-mr2:xe-2/3/0 74                                         
2019-02-06 13:47:27,199 DEBUG n.e.o.t.s.UpdateSvc                 - lbl-mr2:xe-0/1/0 74                                         
2019-02-06 13:47:27,199 DEBUG n.e.o.t.s.UpdateSvc                 - lbl-mr2:ge-9/1/8 74                                         
2019-02-06 13:47:27,199 DEBUG n.e.o.t.s.UpdateSvc                 - lbl-mr2:ae0 74                                              
2019-02-06 13:47:27,200 DEBUG n.e.o.t.s.UpdateSvc                 - lbl-mr2:xe-1/3/0 74                                         
2019-02-06 13:47:27,200 DEBUG n.e.o.t.s.UpdateSvc                 - lbl-mr2:xe-7/0/0 74                                         
2019-02-06 13:47:27,200 DEBUG n.e.o.t.s.UpdateSvc                 - lbl-mr2:xe-2/1/0 74                                         
2019-02-06 13:47:27,200 DEBUG n.e.o.t.s.UpdateSvc                 - lbl-mr2:ge-9/0/4 74                                         
2019-02-06 13:47:27,200 DEBUG n.e.o.t.s.UpdateSvc                 - lbl-mr2:xe-1/1/0 74                                         
2019-02-06 13:47:27,200 DEBUG n.e.o.t.s.UpdateSvc                 - lbl-mr2:xe-8/1/0 74                                         
2019-02-06 13:47:27,200 DEBUG n.e.o.t.s.UpdateSvc                 - lbl-mr2:xe-2/2/0 74                                         
2019-02-06 13:47:27,200 DEBUG n.e.o.t.s.UpdateSvc                 - lbl-mr2:ge-9/1/2 74                                         
2019-02-06 13:47:27,200 DEBUG n.e.o.t.s.UpdateSvc                 - lbl-mr2:xe-7/2/0 74                                         
2019-02-06 13:47:27,203 INFO  n.e.o.t.s.UpdateSvc                 - inserting p: pnwg-cr5:10/1/6 to pnwg-cr5                    
2019-02-06 13:47:27,203 DEBUG n.e.o.t.s.UpdateSvc                 - pnwg-cr5:3/1/1 71                                           
2019-02-06 13:47:27,203 DEBUG n.e.o.t.s.UpdateSvc                 - pnwg-cr5:2/2/1 71                                           
2019-02-06 13:47:27,203 DEBUG n.e.o.t.s.UpdateSvc                 - pnwg-cr5:9/1/2 71                                           
2019-02-06 13:47:27,203 DEBUG n.e.o.t.s.UpdateSvc                 - pnwg-cr5:2/1/1 71                                           
2019-02-06 13:47:27,203 DEBUG n.e.o.t.s.UpdateSvc                 - pnwg-cr5:10/1/6 71                                          
2019-02-06 13:47:27,203 DEBUG n.e.o.t.s.UpdateSvc                 - pnwg-cr5:1/1/1 71                                           
2019-02-06 13:47:27,203 DEBUG n.e.o.t.s.UpdateSvc                 - pnwg-cr5:10/1/9 71                                          
2019-02-06 13:47:27,203 DEBUG n.e.o.t.s.UpdateSvc                 - pnwg-cr5:BLANK 71                                           
2019-02-06 13:47:27,203 DEBUG n.e.o.t.s.UpdateSvc                 - pnwg-cr5:10/1/10 71                                         
2019-02-06 13:47:27,206 INFO  n.e.o.t.s.UpdateSvc                 - inserting p: nash-cr5:4/2/1 to nash-cr5                     
2019-02-06 13:47:27,207 DEBUG n.e.o.t.s.UpdateSvc                 - nash-cr5:10/1/3 45                                          
2019-02-06 13:47:27,207 DEBUG n.e.o.t.s.UpdateSvc                 - nash-cr5:1/1/1 45                                           
2019-02-06 13:47:27,207 DEBUG n.e.o.t.s.UpdateSvc                 - nash-cr5:10/1/6 45                                          
2019-02-06 13:47:27,207 DEBUG n.e.o.t.s.UpdateSvc                 - nash-cr5:2/1/1 45                                           
2019-02-06 13:47:27,207 DEBUG n.e.o.t.s.UpdateSvc                 - nash-cr5:4/2/1 45                                           
2019-02-06 13:47:27,207 DEBUG n.e.o.t.s.UpdateSvc                 - nash-cr5:3/1/1 45                                           
2019-02-06 13:47:27,207 DEBUG n.e.o.t.s.UpdateSvc                 - nash-cr5:1/2/1 45                                           
2019-02-06 13:47:27,207 DEBUG n.e.o.t.s.UpdateSvc                 - nash-cr5:4/1/1 45                                           
2019-02-06 13:47:27,207 DEBUG n.e.o.t.s.UpdateSvc                 - nash-cr5:10/1/5 45                                          
2019-02-06 13:47:27,207 DEBUG n.e.o.t.s.UpdateSvc                 - nash-cr5:10/1/4 45                                          
2019-02-06 13:47:27,210 INFO  n.e.o.t.s.UpdateSvc                 - inserting p: pnwg-cr5:10/1/5 to pnwg-cr5                    
2019-02-06 13:47:27,211 DEBUG n.e.o.t.s.UpdateSvc                 - pnwg-cr5:10/1/5 71                                          
2019-02-06 13:47:27,211 DEBUG n.e.o.t.s.UpdateSvc                 - pnwg-cr5:3/1/1 71                                           
2019-02-06 13:47:27,211 DEBUG n.e.o.t.s.UpdateSvc                 - pnwg-cr5:2/2/1 71                                           
2019-02-06 13:47:27,211 DEBUG n.e.o.t.s.UpdateSvc                 - pnwg-cr5:9/1/2 71                                           
2019-02-06 13:47:27,211 DEBUG n.e.o.t.s.UpdateSvc                 - pnwg-cr5:2/1/1 71                                           
2019-02-06 13:47:27,211 DEBUG n.e.o.t.s.UpdateSvc                 - pnwg-cr5:10/1/6 71                                          
2019-02-06 13:47:27,211 DEBUG n.e.o.t.s.UpdateSvc                 - pnwg-cr5:1/1/1 71                                           
2019-02-06 13:47:27,211 DEBUG n.e.o.t.s.UpdateSvc                 - pnwg-cr5:10/1/9 71                                          
2019-02-06 13:47:27,211 DEBUG n.e.o.t.s.UpdateSvc                 - pnwg-cr5:BLANK 71                                           
2019-02-06 13:47:27,211 DEBUG n.e.o.t.s.UpdateSvc                 - pnwg-cr5:10/1/10 71                                         
2019-02-06 13:47:27,215 INFO  n.e.o.t.s.UpdateSvc                 - inserting p: pnwg-cr5:10/1/4 to pnwg-cr5                    
2019-02-06 13:47:27,215 DEBUG n.e.o.t.s.UpdateSvc                 - pnwg-cr5:10/1/5 71                                          
2019-02-06 13:47:27,215 DEBUG n.e.o.t.s.UpdateSvc                 - pnwg-cr5:3/1/1 71                                           
2019-02-06 13:47:27,215 DEBUG n.e.o.t.s.UpdateSvc                 - pnwg-cr5:2/2/1 71                                           
2019-02-06 13:47:27,215 DEBUG n.e.o.t.s.UpdateSvc                 - pnwg-cr5:9/1/2 71                                           
2019-02-06 13:47:27,215 DEBUG n.e.o.t.s.UpdateSvc                 - pnwg-cr5:2/1/1 71                                           
2019-02-06 13:47:27,215 DEBUG n.e.o.t.s.UpdateSvc                 - pnwg-cr5:10/1/6 71                                          
2019-02-06 13:47:27,216 DEBUG n.e.o.t.s.UpdateSvc                 - pnwg-cr5:1/1/1 71                                           
2019-02-06 13:47:27,216 DEBUG n.e.o.t.s.UpdateSvc                 - pnwg-cr5:10/1/9 71                                          
2019-02-06 13:47:27,216 DEBUG n.e.o.t.s.UpdateSvc                 - pnwg-cr5:10/1/4 71                                          
2019-02-06 13:47:27,216 DEBUG n.e.o.t.s.UpdateSvc                 - pnwg-cr5:BLANK 71                                           
2019-02-06 13:47:27,216 DEBUG n.e.o.t.s.UpdateSvc                 - pnwg-cr5:10/1/10 71                                         
2019-02-06 13:47:27,219 INFO  n.e.o.t.s.UpdateSvc                 - inserting p: slac-mr2:xe-1/2/0 to slac-mr2                  
2019-02-06 13:47:27,220 DEBUG n.e.o.t.s.UpdateSvc                 - slac-mr2:xe-1/3/0 56                                        
2019-02-06 13:47:27,221 DEBUG n.e.o.t.s.UpdateSvc                 - slac-mr2:xe-0/2/0 56                                        
2019-02-06 13:47:27,221 DEBUG n.e.o.t.s.UpdateSvc                 - slac-mr2:xe-1/2/0 56                                        
2019-02-06 13:47:27,221 DEBUG n.e.o.t.s.UpdateSvc                 - slac-mr2:xe-0/0/0 56                                        
2019-02-06 13:47:27,221 DEBUG n.e.o.t.s.UpdateSvc                 - slac-mr2:xe-1/1/0 56                                        
2019-02-06 13:47:27,221 DEBUG n.e.o.t.s.UpdateSvc                 - slac-mr2:xe-0/1/0 56                                        
2019-02-06 13:47:27,225 INFO  n.e.o.t.s.UpdateSvc                 - inserting p: pnwg-cr5:10/1/3 to pnwg-cr5                    
2019-02-06 13:47:27,226 DEBUG n.e.o.t.s.UpdateSvc                 - pnwg-cr5:10/1/3 71                                          
2019-02-06 13:47:27,226 DEBUG n.e.o.t.s.UpdateSvc                 - pnwg-cr5:10/1/5 71                                          
2019-02-06 13:47:27,226 DEBUG n.e.o.t.s.UpdateSvc                 - pnwg-cr5:3/1/1 71                                           
2019-02-06 13:47:27,226 DEBUG n.e.o.t.s.UpdateSvc                 - pnwg-cr5:2/2/1 71                                           
2019-02-06 13:47:27,226 DEBUG n.e.o.t.s.UpdateSvc                 - pnwg-cr5:9/1/2 71                                           
2019-02-06 13:47:27,226 DEBUG n.e.o.t.s.UpdateSvc                 - pnwg-cr5:2/1/1 71                                           
2019-02-06 13:47:27,226 DEBUG n.e.o.t.s.UpdateSvc                 - pnwg-cr5:10/1/6 71                                          
2019-02-06 13:47:27,227 DEBUG n.e.o.t.s.UpdateSvc                 - pnwg-cr5:1/1/1 71                                           
2019-02-06 13:47:27,227 DEBUG n.e.o.t.s.UpdateSvc                 - pnwg-cr5:10/1/9 71                                          
2019-02-06 13:47:27,227 DEBUG n.e.o.t.s.UpdateSvc                 - pnwg-cr5:10/1/4 71                                          
2019-02-06 13:47:27,227 DEBUG n.e.o.t.s.UpdateSvc                 - pnwg-cr5:BLANK 71                                           
2019-02-06 13:47:27,227 DEBUG n.e.o.t.s.UpdateSvc                 - pnwg-cr5:10/1/10 71                                         
2019-02-06 13:47:27,231 INFO  n.e.o.t.s.UpdateSvc                 - inserting p: pnwg-cr5:10/1/2 to pnwg-cr5                    
2019-02-06 13:47:27,232 DEBUG n.e.o.t.s.UpdateSvc                 - pnwg-cr5:10/1/2 71                                          
2019-02-06 13:47:27,232 DEBUG n.e.o.t.s.UpdateSvc                 - pnwg-cr5:3/1/1 71                                           
2019-02-06 13:47:27,232 DEBUG n.e.o.t.s.UpdateSvc                 - pnwg-cr5:2/2/1 71                                           
2019-02-06 13:47:27,233 DEBUG n.e.o.t.s.UpdateSvc                 - pnwg-cr5:10/1/6 71                                          
2019-02-06 13:47:27,233 DEBUG n.e.o.t.s.UpdateSvc                 - pnwg-cr5:10/1/9 71                                          
2019-02-06 13:47:27,233 DEBUG n.e.o.t.s.UpdateSvc                 - pnwg-cr5:10/1/10 71                                         
2019-02-06 13:47:27,233 DEBUG n.e.o.t.s.UpdateSvc                 - pnwg-cr5:10/1/3 71                                          
2019-02-06 13:47:27,233 DEBUG n.e.o.t.s.UpdateSvc                 - pnwg-cr5:10/1/5 71                                          
2019-02-06 13:47:27,233 DEBUG n.e.o.t.s.UpdateSvc                 - pnwg-cr5:9/1/2 71                                           
2019-02-06 13:47:27,233 DEBUG n.e.o.t.s.UpdateSvc                 - pnwg-cr5:2/1/1 71                                           
2019-02-06 13:47:27,233 DEBUG n.e.o.t.s.UpdateSvc                 - pnwg-cr5:1/1/1 71                                           
2019-02-06 13:47:27,233 DEBUG n.e.o.t.s.UpdateSvc                 - pnwg-cr5:10/1/4 71                                          
2019-02-06 13:47:27,233 DEBUG n.e.o.t.s.UpdateSvc                 - pnwg-cr5:BLANK 71                                           
2019-02-06 13:47:27,236 INFO  n.e.o.t.s.UpdateSvc                 - inserting p: fnal-mr2:xe-0/2/0 to fnal-mr2                  
2019-02-06 13:47:27,237 DEBUG n.e.o.t.s.UpdateSvc                 - fnal-mr2:xe-8/3/0 65                                        
2019-02-06 13:47:27,237 DEBUG n.e.o.t.s.UpdateSvc                 - fnal-mr2:xe-0/0/0 65                                        
2019-02-06 13:47:27,237 DEBUG n.e.o.t.s.UpdateSvc                 - fnal-mr2:xe-8/1/0 65                                        
2019-02-06 13:47:27,237 DEBUG n.e.o.t.s.UpdateSvc                 - fnal-mr2:xe-1/1/0 65                                        
2019-02-06 13:47:27,237 DEBUG n.e.o.t.s.UpdateSvc                 - fnal-mr2:xe-0/2/0 65                                        
2019-02-06 13:47:27,237 DEBUG n.e.o.t.s.UpdateSvc                 - fnal-mr2:xe-1/3/0 65                                        
2019-02-06 13:47:27,240 INFO  n.e.o.t.s.UpdateSvc                 - inserting p: pppl-rt5:xe-1/0/0 to pppl-rt5                  
2019-02-06 13:47:27,240 DEBUG n.e.o.t.s.UpdateSvc                 - pppl-rt5:ge-0/0/2 30                                        
2019-02-06 13:47:27,240 DEBUG n.e.o.t.s.UpdateSvc                 - pppl-rt5:xe-1/1/0 30                                        
2019-02-06 13:47:27,240 DEBUG n.e.o.t.s.UpdateSvc                 - pppl-rt5:xe-1/0/0 30                                        
2019-02-06 13:47:27,240 DEBUG n.e.o.t.s.UpdateSvc                 - pppl-rt5:xe-1/2/0 30                                        
2019-02-06 13:47:27,240 DEBUG n.e.o.t.s.UpdateSvc                 - pppl-rt5:xe-1/3/0 30                                        
2019-02-06 13:47:27,243 INFO  n.e.o.t.s.UpdateSvc                 - inserting p: eqx-chi-cr5:1/2/1 to eqx-chi-cr5               
2019-02-06 13:47:27,244 DEBUG n.e.o.t.s.UpdateSvc                 - eqx-chi-cr5:BLANK 58                                        
2019-02-06 13:47:27,244 DEBUG n.e.o.t.s.UpdateSvc                 - eqx-chi-cr5:10/1/3 58                                       
2019-02-06 13:47:27,244 DEBUG n.e.o.t.s.UpdateSvc                 - eqx-chi-cr5:10/1/1 58                                       
2019-02-06 13:47:27,244 DEBUG n.e.o.t.s.UpdateSvc                 - eqx-chi-cr5:1/1/1 58                                        
2019-02-06 13:47:27,244 DEBUG n.e.o.t.s.UpdateSvc                 - eqx-chi-cr5:10/1/2 58                                       
2019-02-06 13:47:27,244 DEBUG n.e.o.t.s.UpdateSvc                 - eqx-chi-cr5:1/2/1 58                                        
2019-02-06 13:47:27,247 INFO  n.e.o.t.s.UpdateSvc                 - inserting p: cern-513-cr5:10/1/2 to cern-513-cr5            
2019-02-06 13:47:27,248 DEBUG n.e.o.t.s.UpdateSvc                 - cern-513-cr5:4/1/1 34                                       
2019-02-06 13:47:27,248 DEBUG n.e.o.t.s.UpdateSvc                 - cern-513-cr5:BLANK 34                                       
2019-02-06 13:47:27,248 DEBUG n.e.o.t.s.UpdateSvc                 - cern-513-cr5:10/1/2 34                                      
2019-02-06 13:47:27,248 DEBUG n.e.o.t.s.UpdateSvc                 - cern-513-cr5:1/2/1 34                                       
2019-02-06 13:47:27,248 DEBUG n.e.o.t.s.UpdateSvc                 - cern-513-cr5:5/1/1 34                                       
2019-02-06 13:47:27,248 DEBUG n.e.o.t.s.UpdateSvc                 - cern-513-cr5:1/1/1 34                                       
2019-02-06 13:47:27,248 DEBUG n.e.o.t.s.UpdateSvc                 - cern-513-cr5:2/1/1 34                                       
2019-02-06 13:47:27,251 INFO  n.e.o.t.s.UpdateSvc                 - inserting p: cern-513-cr5:10/1/3 to cern-513-cr5            
2019-02-06 13:47:27,252 DEBUG n.e.o.t.s.UpdateSvc                 - cern-513-cr5:4/1/1 34                                       
2019-02-06 13:47:27,252 DEBUG n.e.o.t.s.UpdateSvc                 - cern-513-cr5:BLANK 34                                       
2019-02-06 13:47:27,252 DEBUG n.e.o.t.s.UpdateSvc                 - cern-513-cr5:10/1/2 34                                      
2019-02-06 13:47:27,252 DEBUG n.e.o.t.s.UpdateSvc                 - cern-513-cr5:10/1/3 34                                      
2019-02-06 13:47:27,252 DEBUG n.e.o.t.s.UpdateSvc                 - cern-513-cr5:1/2/1 34                                       
2019-02-06 13:47:27,252 DEBUG n.e.o.t.s.UpdateSvc                 - cern-513-cr5:5/1/1 34                                       
2019-02-06 13:47:27,252 DEBUG n.e.o.t.s.UpdateSvc                 - cern-513-cr5:1/1/1 34                                       
2019-02-06 13:47:27,252 DEBUG n.e.o.t.s.UpdateSvc                 - cern-513-cr5:2/1/1 34                                       
2019-02-06 13:47:27,256 INFO  n.e.o.t.s.UpdateSvc                 - inserting p: snll-mr2:xe-0/1/0 to snll-mr2                  
2019-02-06 13:47:27,256 DEBUG n.e.o.t.s.UpdateSvc                 - snll-mr2:xe-2/0/0 40                                        
2019-02-06 13:47:27,256 DEBUG n.e.o.t.s.UpdateSvc                 - snll-mr2:xe-0/2/0 40                                        
2019-02-06 13:47:27,256 DEBUG n.e.o.t.s.UpdateSvc                 - snll-mr2:xe-1/3/0 40                                        
2019-02-06 13:47:27,257 DEBUG n.e.o.t.s.UpdateSvc                 - snll-mr2:xe-0/1/0 40                                        
2019-02-06 13:47:27,257 DEBUG n.e.o.t.s.UpdateSvc                 - snll-mr2:xe-1/1/0 40                                        
2019-02-06 13:47:27,257 DEBUG n.e.o.t.s.UpdateSvc                 - snll-mr2:xe-2/2/0 40                                        
2019-02-06 13:47:27,257 DEBUG n.e.o.t.s.UpdateSvc                 - snll-mr2:xe-2/3/0 40                                        
2019-02-06 13:47:27,257 DEBUG n.e.o.t.s.UpdateSvc                 - snll-mr2:xe-1/2/0 40                                        
2019-02-06 13:47:27,259 INFO  n.e.o.t.s.UpdateSvc                 - inserting p: jgi-mr2:xe-1/1/0 to jgi-mr2                    
2019-02-06 13:47:27,260 DEBUG n.e.o.t.s.UpdateSvc                 - jgi-mr2:xe-1/3/0 61                                         
2019-02-06 13:47:27,260 DEBUG n.e.o.t.s.UpdateSvc                 - jgi-mr2:xe-2/2/0 61                                         
2019-02-06 13:47:27,260 DEBUG n.e.o.t.s.UpdateSvc                 - jgi-mr2:xe-1/1/0 61                                         
2019-02-06 13:47:27,260 DEBUG n.e.o.t.s.UpdateSvc                 - jgi-mr2:xe-0/2/0 61                                         
2019-02-06 13:47:27,263 INFO  n.e.o.t.s.UpdateSvc                 - inserting p: wash-cr5:3/1/1 to wash-cr5                     
2019-02-06 13:47:27,264 DEBUG n.e.o.t.s.UpdateSvc                 - wash-cr5:10/1/5 36                                          
2019-02-06 13:47:27,264 DEBUG n.e.o.t.s.UpdateSvc                 - wash-cr5:10/1/3 36                                          
2019-02-06 13:47:27,264 DEBUG n.e.o.t.s.UpdateSvc                 - wash-cr5:1/1/1 36                                           
2019-02-06 13:47:27,264 DEBUG n.e.o.t.s.UpdateSvc                 - wash-cr5:6/1/1 36                                           
2019-02-06 13:47:27,264 DEBUG n.e.o.t.s.UpdateSvc                 - wash-cr5:5/2/1 36                                           
2019-02-06 13:47:27,264 DEBUG n.e.o.t.s.UpdateSvc                 - wash-cr5:4/2/1 36                                           
2019-02-06 13:47:27,264 DEBUG n.e.o.t.s.UpdateSvc                 - wash-cr5:4/1/1 36                                           
2019-02-06 13:47:27,264 DEBUG n.e.o.t.s.UpdateSvc                 - wash-cr5:3/1/1 36                                           
2019-02-06 13:47:27,264 DEBUG n.e.o.t.s.UpdateSvc                 - wash-cr5:5/1/1 36                                           
2019-02-06 13:47:27,264 DEBUG n.e.o.t.s.UpdateSvc                 - wash-cr5:2/1/1 36                                           
2019-02-06 13:47:27,264 DEBUG n.e.o.t.s.UpdateSvc                 - wash-cr5:10/1/9 36                                          
2019-02-06 13:47:27,265 DEBUG n.e.o.t.s.UpdateSvc                 - wash-cr5:10/1/4 36                                          
2019-02-06 13:47:27,265 DEBUG n.e.o.t.s.UpdateSvc                 - wash-cr5:10/1/10 36                                         
2019-02-06 13:47:27,268 INFO  n.e.o.t.s.UpdateSvc                 - inserting p: star-cr5:9/1/4 to star-cr5                     
2019-02-06 13:47:27,269 DEBUG n.e.o.t.s.UpdateSvc                 - star-cr5:BLANK 76                                           
2019-02-06 13:47:27,269 DEBUG n.e.o.t.s.UpdateSvc                 - star-cr5:6/1/1 76                                           
2019-02-06 13:47:27,269 DEBUG n.e.o.t.s.UpdateSvc                 - star-cr5:1/2/1 76                                           
2019-02-06 13:47:27,269 DEBUG n.e.o.t.s.UpdateSvc                 - star-cr5:5/1/1 76                                           
2019-02-06 13:47:27,269 DEBUG n.e.o.t.s.UpdateSvc                 - star-cr5:9/1/4 76                                           
2019-02-06 13:47:27,269 DEBUG n.e.o.t.s.UpdateSvc                 - star-cr5:8/1/6 76                                           
2019-02-06 13:47:27,269 DEBUG n.e.o.t.s.UpdateSvc                 - star-cr5:3/1/1 76                                           
2019-02-06 13:47:27,269 DEBUG n.e.o.t.s.UpdateSvc                 - star-cr5:1/1/1 76                                           
2019-02-06 13:47:27,269 DEBUG n.e.o.t.s.UpdateSvc                 - star-cr5:8/1/4 76                                           
2019-02-06 13:47:27,269 DEBUG n.e.o.t.s.UpdateSvc                 - star-cr5:8/1/2 76                                           
2019-02-06 13:47:27,269 DEBUG n.e.o.t.s.UpdateSvc                 - star-cr5:4/1/1 76                                           
2019-02-06 13:47:27,269 DEBUG n.e.o.t.s.UpdateSvc                 - star-cr5:10/1/8 76                                          
2019-02-06 13:47:27,269 DEBUG n.e.o.t.s.UpdateSvc                 - star-cr5:4/2/1 76                                           
2019-02-06 13:47:27,269 DEBUG n.e.o.t.s.UpdateSvc                 - star-cr5:10/1/7 76                                          
2019-02-06 13:47:27,269 DEBUG n.e.o.t.s.UpdateSvc                 - star-cr5:10/1/10 76                                         
2019-02-06 13:47:27,269 DEBUG n.e.o.t.s.UpdateSvc                 - star-cr5:3/2/1 76                                           
2019-02-06 13:47:27,269 DEBUG n.e.o.t.s.UpdateSvc                 - star-cr5:10/1/1 76                                          
2019-02-06 13:47:27,269 DEBUG n.e.o.t.s.UpdateSvc                 - star-cr5:6/2/1 76                                           
2019-02-06 13:47:27,272 INFO  n.e.o.t.s.UpdateSvc                 - inserting p: ga-rt2:xe-0/3/0 to ga-rt2                      
2019-02-06 13:47:27,272 DEBUG n.e.o.t.s.UpdateSvc                 - ga-rt2:xe-0/3/0 37                                          
2019-02-06 13:47:27,272 DEBUG n.e.o.t.s.UpdateSvc                 - ga-rt2:ge-1/0/5 37                                          
2019-02-06 13:47:27,272 DEBUG n.e.o.t.s.UpdateSvc                 - ga-rt2:ge-1/0/3 37                                          
2019-02-06 13:47:27,272 DEBUG n.e.o.t.s.UpdateSvc                 - ga-rt2:xe-0/0/0 37                                          
2019-02-06 13:47:27,272 DEBUG n.e.o.t.s.UpdateSvc                 - ga-rt2:xe-0/2/0 37                                          
2019-02-06 13:47:27,272 DEBUG n.e.o.t.s.UpdateSvc                 - ga-rt2:ge-1/1/3 37                                          
2019-02-06 13:47:27,275 INFO  n.e.o.t.s.UpdateSvc                 - inserting p: denv-cr5:2/1/1 to denv-cr5                     
2019-02-06 13:47:27,275 DEBUG n.e.o.t.s.UpdateSvc                 - denv-cr5:1/1/1 75                                           
2019-02-06 13:47:27,275 DEBUG n.e.o.t.s.UpdateSvc                 - denv-cr5:10/1/4 75                                          
2019-02-06 13:47:27,275 DEBUG n.e.o.t.s.UpdateSvc                 - denv-cr5:10/1/10 75                                         
2019-02-06 13:47:27,275 DEBUG n.e.o.t.s.UpdateSvc                 - denv-cr5:3/1/1 75                                           
2019-02-06 13:47:27,275 DEBUG n.e.o.t.s.UpdateSvc                 - denv-cr5:4/1/1 75                                           
2019-02-06 13:47:27,275 DEBUG n.e.o.t.s.UpdateSvc                 - denv-cr5:4/2/1 75                                           
2019-02-06 13:47:27,275 DEBUG n.e.o.t.s.UpdateSvc                 - denv-cr5:10/1/6 75                                          
2019-02-06 13:47:27,275 DEBUG n.e.o.t.s.UpdateSvc                 - denv-cr5:10/1/11 75                                         
2019-02-06 13:47:27,275 DEBUG n.e.o.t.s.UpdateSvc                 - denv-cr5:9/1/3 75                                           
2019-02-06 13:47:27,275 DEBUG n.e.o.t.s.UpdateSvc                 - denv-cr5:10/1/5 75                                          
2019-02-06 13:47:27,276 DEBUG n.e.o.t.s.UpdateSvc                 - denv-cr5:9/1/1 75                                           
2019-02-06 13:47:27,276 DEBUG n.e.o.t.s.UpdateSvc                 - denv-cr5:10/1/12 75                                         
2019-02-06 13:47:27,276 DEBUG n.e.o.t.s.UpdateSvc                 - denv-cr5:2/1/1 75                                           
2019-02-06 13:47:27,276 DEBUG n.e.o.t.s.UpdateSvc                 - denv-cr5:10/1/7 75                                          
2019-02-06 13:47:27,276 DEBUG n.e.o.t.s.UpdateSvc                 - denv-cr5:10/1/3 75                                          
2019-02-06 13:47:27,278 INFO  n.e.o.t.s.UpdateSvc                 - inserting p: srs-rt3:ge-1/3/0 to srs-rt3                    
2019-02-06 13:47:27,290 DEBUG n.e.o.t.s.UpdateSvc                 - srs-rt3:ge-1/0/0 31                                         
2019-02-06 13:47:27,290 DEBUG n.e.o.t.s.UpdateSvc                 - srs-rt3:ge-1/3/0 31                                         
2019-02-06 13:47:27,290 DEBUG n.e.o.t.s.UpdateSvc                 - srs-rt3:ge-1/1/0 31                                         
2019-02-06 13:47:27,290 DEBUG n.e.o.t.s.UpdateSvc                 - srs-rt3:ge-0/1/0 31                                         
2019-02-06 13:47:27,290 DEBUG n.e.o.t.s.UpdateSvc                 - srs-rt3:ge-0/0/0 31                                         
2019-02-06 13:47:27,290 DEBUG n.e.o.t.s.UpdateSvc                 - srs-rt3:ge-1/2/0 31                                         
2019-02-06 13:47:27,293 INFO  n.e.o.t.s.UpdateSvc                 - inserting p: amst-cr5:1/2/1 to amst-cr5                     
2019-02-06 13:47:27,294 DEBUG n.e.o.t.s.UpdateSvc                 - amst-cr5:10/1/1 72                                          
2019-02-06 13:47:27,294 DEBUG n.e.o.t.s.UpdateSvc                 - amst-cr5:10/1/2 72                                          
2019-02-06 13:47:27,294 DEBUG n.e.o.t.s.UpdateSvc                 - amst-cr5:5/1/1 72                                           
2019-02-06 13:47:27,294 DEBUG n.e.o.t.s.UpdateSvc                 - amst-cr5:3/1/1 72                                           
2019-02-06 13:47:27,294 DEBUG n.e.o.t.s.UpdateSvc                 - amst-cr5:2/1/1 72                                           
2019-02-06 13:47:27,294 DEBUG n.e.o.t.s.UpdateSvc                 - amst-cr5:1/2/1 72                                           
2019-02-06 13:47:27,294 DEBUG n.e.o.t.s.UpdateSvc                 - amst-cr5:1/1/1 72                                           
2019-02-06 13:47:27,294 DEBUG n.e.o.t.s.UpdateSvc                 - amst-cr5:10/2/5 72                                          
2019-02-06 13:47:27,296 INFO  n.e.o.t.s.UpdateSvc                 - inserting p: lond-cr5:3/1/1 to lond-cr5                     
2019-02-06 13:47:27,297 DEBUG n.e.o.t.s.UpdateSvc                 - lond-cr5:2/2/1 57                                           
2019-02-06 13:47:27,297 DEBUG n.e.o.t.s.UpdateSvc                 - lond-cr5:10/1/4 57                                          
2019-02-06 13:47:27,297 DEBUG n.e.o.t.s.UpdateSvc                 - lond-cr5:10/1/2 57                                          
2019-02-06 13:47:27,297 DEBUG n.e.o.t.s.UpdateSvc                 - lond-cr5:10/1/1 57                                          
2019-02-06 13:47:27,297 DEBUG n.e.o.t.s.UpdateSvc                 - lond-cr5:3/1/1 57                                           
2019-02-06 13:47:27,297 DEBUG n.e.o.t.s.UpdateSvc                 - lond-cr5:2/1/1 57                                           
2019-02-06 13:47:27,297 DEBUG n.e.o.t.s.UpdateSvc                 - lond-cr5:1/1/1 57                                           
2019-02-06 13:47:27,297 DEBUG n.e.o.t.s.UpdateSvc                 - lond-cr5:5/1/1 57                                           
2019-02-06 13:47:27,297 DEBUG n.e.o.t.s.UpdateSvc                 - lond-cr5:1/2/1 57                                           
2019-02-06 13:47:27,300 INFO  n.e.o.t.s.UpdateSvc                 - inserting p: eqx-chi-cr5:2/1/1 to eqx-chi-cr5               
2019-02-06 13:47:27,300 DEBUG n.e.o.t.s.UpdateSvc                 - eqx-chi-cr5:BLANK 58                                        
2019-02-06 13:47:27,300 DEBUG n.e.o.t.s.UpdateSvc                 - eqx-chi-cr5:10/1/3 58                                       
2019-02-06 13:47:27,300 DEBUG n.e.o.t.s.UpdateSvc                 - eqx-chi-cr5:10/1/1 58                                       
2019-02-06 13:47:27,300 DEBUG n.e.o.t.s.UpdateSvc                 - eqx-chi-cr5:1/1/1 58                                        
2019-02-06 13:47:27,300 DEBUG n.e.o.t.s.UpdateSvc                 - eqx-chi-cr5:2/1/1 58                                        
2019-02-06 13:47:27,300 DEBUG n.e.o.t.s.UpdateSvc                 - eqx-chi-cr5:10/1/2 58                                       
2019-02-06 13:47:27,300 DEBUG n.e.o.t.s.UpdateSvc                 - eqx-chi-cr5:1/2/1 58                                        
2019-02-06 13:47:27,303 INFO  n.e.o.t.s.UpdateSvc                 - inserting p: snla-rt3:xe-0/0/0 to snla-rt3                  
2019-02-06 13:47:27,304 DEBUG n.e.o.t.s.UpdateSvc                 - snla-rt3:xe-1/2/0 48                                        
2019-02-06 13:47:27,304 DEBUG n.e.o.t.s.UpdateSvc                 - snla-rt3:ge-1/0/2 48                                        
2019-02-06 13:47:27,304 DEBUG n.e.o.t.s.UpdateSvc                 - snla-rt3:xe-0/0/0 48                                        
2019-02-06 13:47:27,307 INFO  n.e.o.t.s.UpdateSvc                 - inserting p: pppl-rt5:xe-0/2/0 to pppl-rt5                  
2019-02-06 13:47:27,308 DEBUG n.e.o.t.s.UpdateSvc                 - pppl-rt5:ge-0/0/2 30                                        
2019-02-06 13:47:27,308 DEBUG n.e.o.t.s.UpdateSvc                 - pppl-rt5:xe-0/2/0 30                                        
2019-02-06 13:47:27,308 DEBUG n.e.o.t.s.UpdateSvc                 - pppl-rt5:xe-1/1/0 30                                        
2019-02-06 13:47:27,308 DEBUG n.e.o.t.s.UpdateSvc                 - pppl-rt5:xe-1/0/0 30                                        
2019-02-06 13:47:27,308 DEBUG n.e.o.t.s.UpdateSvc                 - pppl-rt5:xe-1/2/0 30                                        
2019-02-06 13:47:27,308 DEBUG n.e.o.t.s.UpdateSvc                 - pppl-rt5:xe-1/3/0 30                                        
2019-02-06 13:47:27,308 INFO  n.e.o.t.s.UpdateSvc                 - finished merging ports                                      
2019-02-06 13:47:27,308 INFO  n.e.o.t.s.UpdateSvc                 -    inserted     :   395                                     
2019-02-06 13:47:27,308 INFO  n.e.o.t.s.UpdateSvc                 -    ver updated  :   0                                       
2019-02-06 13:47:27,308 INFO  n.e.o.t.s.UpdateSvc                 -    data updated :   0                                       
2019-02-06 13:47:27,308 INFO  n.e.o.t.s.UpdateSvc                 -    invalidated  :   0                                       
2019-02-06 13:47:28,441 INFO  n.e.o.t.s.UpdateSvc                 - inserting pa: sunn-cr5:9/1/1 - jgi-mr2:xe-1/1/0             
2019-02-06 13:47:28,453 INFO  n.e.o.t.s.UpdateSvc                 - inserting pa: fnal-mr2:xe-8/1/0 - star-cr5:9/1/4            
2019-02-06 13:47:28,465 INFO  n.e.o.t.s.UpdateSvc                 - inserting pa: wash-cr5:5/1/1 - cern-513-cr5:1/1/1           
2019-02-06 13:47:28,483 INFO  n.e.o.t.s.UpdateSvc                 - inserting pa: denv-cr5:10/1/5 - bois-cr1:xe-7/1/0           
2019-02-06 13:47:28,495 INFO  n.e.o.t.s.UpdateSvc                 - inserting pa: sunn-cr5:1/1/1 - sacr-cr5:1/1/1               
2019-02-06 13:47:28,508 INFO  n.e.o.t.s.UpdateSvc                 - inserting pa: orau-rt4:ge-0/1/2 - ornl-cr5:10/1/2           
2019-02-06 13:47:28,532 INFO  n.e.o.t.s.UpdateSvc                 - inserting pa: lsvn-cr1:xe-1/2/0 - sunn-cr5:10/2/4           
2019-02-06 13:47:28,545 INFO  n.e.o.t.s.UpdateSvc                 - inserting pa: pppl-rt5:xe-1/0/0 - wash-cr5:10/1/5           
2019-02-06 13:47:28,560 INFO  n.e.o.t.s.UpdateSvc                 - inserting pa: kans-cr5:1/1/1 - chic-cr5:3/1/1               
2019-02-06 13:47:28,576 INFO  n.e.o.t.s.UpdateSvc                 - inserting pa: pnwg-cr5:10/1/4 - netl-alb-rt1:xe-2/0/0       
2019-02-06 13:47:28,591 INFO  n.e.o.t.s.UpdateSvc                 - inserting pa: jgi-mr2:xe-2/2/0 - sacr-cr5:10/2/3            
2019-02-06 13:47:28,602 INFO  n.e.o.t.s.UpdateSvc                 - inserting pa: wash-cr5:3/1/1 - atla-cr5:1/1/1               
2019-02-06 13:47:28,625 INFO  n.e.o.t.s.UpdateSvc                 - inserting pa: amst-cr5:2/1/1 - lond-cr5:2/1/1               
2019-02-06 13:47:28,639 INFO  n.e.o.t.s.UpdateSvc                 - inserting pa: forr-rt2:ge-0/0/0 - wash-cr5:10/1/3           
2019-02-06 13:47:28,655 INFO  n.e.o.t.s.UpdateSvc                 - inserting pa: star-cr5:8/1/2 - fnal-mr2:xe-1/1/0            
2019-02-06 13:47:28,672 INFO  n.e.o.t.s.UpdateSvc                 - inserting pa: cern-773-cr5:1/1/1 - lond-cr5:1/1/1           
2019-02-06 13:47:28,691 INFO  n.e.o.t.s.UpdateSvc                 - inserting pa: sacr-cr5:1/1/1 - sunn-cr5:1/1/1               
2019-02-06 13:47:28,710 INFO  n.e.o.t.s.UpdateSvc                 - inserting pa: hous-cr5:2/1/1 - kans-cr5:3/1/1               
2019-02-06 13:47:28,733 INFO  n.e.o.t.s.UpdateSvc                 - inserting pa: llnl-mr2:xe-2/0/0 - snll-mr2:xe-2/0/0         
2019-02-06 13:47:28,746 INFO  n.e.o.t.s.UpdateSvc                 - inserting pa: ornl-cr5:9/1/4 - osti-rt2:xe-1/2/0            
2019-02-06 13:47:28,760 INFO  n.e.o.t.s.UpdateSvc                 - inserting pa: snla-rt3:xe-1/2/0 - albq-cr5:10/1/2           
2019-02-06 13:47:28,776 INFO  n.e.o.t.s.UpdateSvc                 - inserting pa: doe-gtn-rt2:ge-0/1/0 - eqx-ash-cr5:10/1/1     
2019-02-06 13:47:28,790 INFO  n.e.o.t.s.UpdateSvc                 - inserting pa: srs-rt3:ge-1/1/0 - nash-cr5:10/1/3            
2019-02-06 13:47:28,800 INFO  n.e.o.t.s.UpdateSvc                 - inserting pa: slac-mr2:xe-0/0/0 - sunn-cr5:10/1/1           
2019-02-06 13:47:28,813 INFO  n.e.o.t.s.UpdateSvc                 - inserting pa: lond-cr5:5/1/1 - aofa-cr5:7/2/1               
2019-02-06 13:47:28,834 INFO  n.e.o.t.s.UpdateSvc                 - inserting pa: slac-mr2:xe-1/1/0 - sunn-cr5:10/1/4           
2019-02-06 13:47:28,846 INFO  n.e.o.t.s.UpdateSvc                 - inserting pa: snll-mr2:xe-1/2/0 - sacr-cr5:10/2/4           
2019-02-06 13:47:28,858 INFO  n.e.o.t.s.UpdateSvc                 - inserting pa: star-cr5:1/1/1 - bost-cr5:2/1/1               
2019-02-06 13:47:28,873 INFO  n.e.o.t.s.UpdateSvc                 - inserting pa: wash-cr5:1/1/1 - chic-cr5:1/1/1               
2019-02-06 13:47:28,884 INFO  n.e.o.t.s.UpdateSvc                 - inserting pa: sunn-cr5:10/1/3 - nersc-mr2:xe-1/1/0          
2019-02-06 13:47:28,893 INFO  n.e.o.t.s.UpdateSvc                 - inserting pa: wash-cr5:10/1/5 - pppl-rt5:xe-1/0/0           
2019-02-06 13:47:28,904 INFO  n.e.o.t.s.UpdateSvc                 - inserting pa: star-cr5:9/1/4 - fnal-mr2:xe-8/1/0            
2019-02-06 13:47:28,933 INFO  n.e.o.t.s.UpdateSvc                 - inserting pa: sacr-cr5:3/1/1 - pnwg-cr5:1/1/1               
2019-02-06 13:47:28,942 INFO  n.e.o.t.s.UpdateSvc                 - inserting pa: sunn-cr5:10/1/1 - slac-mr2:xe-0/0/0           
2019-02-06 13:47:28,952 INFO  n.e.o.t.s.UpdateSvc                 - inserting pa: pnwg-cr5:1/1/1 - sacr-cr5:3/1/1               
2019-02-06 13:47:28,962 INFO  n.e.o.t.s.UpdateSvc                 - inserting pa: pnwg-cr5:10/1/9 - bois-cr1:xe-0/0/0           
2019-02-06 13:47:28,972 INFO  n.e.o.t.s.UpdateSvc                 - inserting pa: nash-cr5:4/2/1 - wash-cr5:5/2/1               
2019-02-06 13:47:28,983 INFO  n.e.o.t.s.UpdateSvc                 - inserting pa: elpa-cr5:2/1/1 - albq-cr5:2/1/1               
2019-02-06 13:47:28,990 INFO  n.e.o.t.s.UpdateSvc                 - inserting pa: llnl-mr2:xe-0/2/0 - sacr-cr5:10/2/6           
2019-02-06 13:47:28,997 INFO  n.e.o.t.s.UpdateSvc                 - inserting pa: aofa-cr5:3/1/1 - newy-cr5:2/1/1               
2019-02-06 13:47:29,003 INFO  n.e.o.t.s.UpdateSvc                 - inserting pa: hous-cr5:3/1/1 - nash-cr5:3/1/1               
2019-02-06 13:47:29,010 INFO  n.e.o.t.s.UpdateSvc                 - inserting pa: netl-mgn-rt1:xe-2/0/0 - eqx-ash-cr5:10/1/2    
2019-02-06 13:47:29,027 INFO  n.e.o.t.s.UpdateSvc                 - inserting pa: ga-rt2:ge-1/1/3 - lsvn-cr1:ge-1/1/5           
2019-02-06 13:47:29,035 INFO  n.e.o.t.s.UpdateSvc                 - inserting pa: eqx-ash-cr5:1/1/1 - wash-cr5:4/2/1            
2019-02-06 13:47:29,041 INFO  n.e.o.t.s.UpdateSvc                 - inserting pa: lond-cr5:2/1/1 - amst-cr5:2/1/1               
2019-02-06 13:47:29,048 INFO  n.e.o.t.s.UpdateSvc                 - inserting pa: sunn-cr5:10/1/4 - slac-mr2:xe-1/1/0           
2019-02-06 13:47:29,054 INFO  n.e.o.t.s.UpdateSvc                 - inserting pa: sacr-cr5:2/1/1 - denv-cr5:2/1/1               
2019-02-06 13:47:29,063 INFO  n.e.o.t.s.UpdateSvc                 - inserting pa: nash-cr5:3/1/1 - hous-cr5:3/1/1               
2019-02-06 13:47:29,069 INFO  n.e.o.t.s.UpdateSvc                 - inserting pa: ameslab-rt3:xe-0/0/0 - chic-cr5:10/1/7        
2019-02-06 13:47:29,075 INFO  n.e.o.t.s.UpdateSvc                 - inserting pa: orau-rt4:ge-0/1/4 - ornl-rt4:ge-0/0/1         
2019-02-06 13:47:29,081 INFO  n.e.o.t.s.UpdateSvc                 - inserting pa: aofa-cr5:6/2/1 - wash-cr5:4/1/1               
2019-02-06 13:47:29,086 INFO  n.e.o.t.s.UpdateSvc                 - inserting pa: snll-mr2:xe-2/0/0 - llnl-mr2:xe-2/0/0         
2019-02-06 13:47:29,090 INFO  n.e.o.t.s.UpdateSvc                 - inserting pa: sunn-cr5:9/1/3 - llnl-mr2:xe-3/2/0            
2019-02-06 13:47:29,095 INFO  n.e.o.t.s.UpdateSvc                 - inserting pa: eqx-ash-cr5:10/1/2 - netl-mgn-rt1:xe-2/0/0    
2019-02-06 13:47:29,100 INFO  n.e.o.t.s.UpdateSvc                 - inserting pa: chic-cr5:10/1/5 - anl-mr2:xe-0/0/0            
2019-02-06 13:47:29,116 INFO  n.e.o.t.s.UpdateSvc                 - inserting pa: pantex-rt4:ge-0/1/0 - hous-cr5:10/1/3         
2019-02-06 13:47:29,122 INFO  n.e.o.t.s.UpdateSvc                 - inserting pa: sunn-cr5:10/2/3 - ga-rt2:xe-0/0/0             
2019-02-06 13:47:29,131 INFO  n.e.o.t.s.UpdateSvc                 - inserting pa: nash-cr5:10/1/5 - ornl-rt4:xe-1/2/0           
2019-02-06 13:47:29,140 INFO  n.e.o.t.s.UpdateSvc                 - inserting pa: netl-pgh-rt1:xe-2/0/0 - eqx-ash-cr5:10/2/2    
2019-02-06 13:47:29,150 INFO  n.e.o.t.s.UpdateSvc                 - inserting pa: cern-513-cr5:1/2/1 - cern-773-cr5:2/1/1       
2019-02-06 13:47:29,158 INFO  n.e.o.t.s.UpdateSvc                 - inserting pa: aofa-cr5:2/1/1 - lond-cr5:2/2/1               
2019-02-06 13:47:29,163 INFO  n.e.o.t.s.UpdateSvc                 - inserting pa: star-cr5:8/1/6 - ameslab-rt3:xe-1/0/0         
2019-02-06 13:47:29,169 INFO  n.e.o.t.s.UpdateSvc                 - inserting pa: sacr-cr5:10/2/1 - nersc-mr2:xe-2/2/0          
2019-02-06 13:47:29,174 INFO  n.e.o.t.s.UpdateSvc                 - inserting pa: slac-mr2:xe-1/2/0 - sacr-cr5:10/2/5           
2019-02-06 13:47:29,179 INFO  n.e.o.t.s.UpdateSvc                 - inserting pa: llnl-mr2:xe-3/2/0 - sunn-cr5:9/1/3            
2019-02-06 13:47:29,184 INFO  n.e.o.t.s.UpdateSvc                 - inserting pa: hous-cr5:1/1/1 - elpa-cr5:1/1/1               
2019-02-06 13:47:29,189 INFO  n.e.o.t.s.UpdateSvc                 - inserting pa: atla-cr5:2/1/1 - nash-cr5:2/1/1               
2019-02-06 13:47:29,204 INFO  n.e.o.t.s.UpdateSvc                 - inserting pa: chic-cr5:6/2/1 - star-cr5:5/1/1               
2019-02-06 13:47:29,209 INFO  n.e.o.t.s.UpdateSvc                 - inserting pa: eqx-ash-cr5:10/1/1 - doe-gtn-rt2:ge-0/1/0     
2019-02-06 13:47:29,214 INFO  n.e.o.t.s.UpdateSvc                 - inserting pa: denv-cr5:3/1/1 - albq-cr5:1/1/1               
2019-02-06 13:47:29,220 INFO  n.e.o.t.s.UpdateSvc                 - inserting pa: wash-cr5:4/2/1 - eqx-ash-cr5:1/1/1            
2019-02-06 13:47:29,228 INFO  n.e.o.t.s.UpdateSvc                 - inserting pa: cern-513-cr5:5/1/1 - amst-cr5:1/1/1           
2019-02-06 13:47:29,235 INFO  n.e.o.t.s.UpdateSvc                 - inserting pa: lond-cr5:1/1/1 - cern-773-cr5:1/1/1           
2019-02-06 13:47:29,241 INFO  n.e.o.t.s.UpdateSvc                 - inserting pa: aofa-cr5:5/1/1 - star-cr5:4/2/1               
2019-02-06 13:47:29,247 INFO  n.e.o.t.s.UpdateSvc                 - inserting pa: doe-gtn-rt2:ge-0/0/0 - forr-rt2:ge-0/0/1      
2019-02-06 13:47:29,254 INFO  n.e.o.t.s.UpdateSvc                 - inserting pa: wash-cr5:4/1/1 - aofa-cr5:6/2/1               
2019-02-06 13:47:29,260 INFO  n.e.o.t.s.UpdateSvc                 - inserting pa: albq-cr5:1/1/1 - denv-cr5:3/1/1               
2019-02-06 13:47:29,267 INFO  n.e.o.t.s.UpdateSvc                 - inserting pa: denv-cr5:10/1/10 - lsvn-cr1:xe-2/2/0          
2019-02-06 13:47:29,274 INFO  n.e.o.t.s.UpdateSvc                 - inserting pa: wash-cr5:2/1/1 - aofa-cr5:1/1/1               
2019-02-06 13:47:29,280 INFO  n.e.o.t.s.UpdateSvc                 - inserting pa: pnwg-cr5:2/2/1 - denv-cr5:4/1/1               
2019-02-06 13:47:29,285 INFO  n.e.o.t.s.UpdateSvc                 - inserting pa: atla-cr5:1/1/1 - wash-cr5:3/1/1               
2019-02-06 13:47:29,303 INFO  n.e.o.t.s.UpdateSvc                 - inserting pa: denv-cr5:1/1/1 - kans-cr5:2/1/1               
2019-02-06 13:47:29,310 INFO  n.e.o.t.s.UpdateSvc                 - inserting pa: pnwg-cr5:10/1/6 - denv-cr5:10/1/4             
2019-02-06 13:47:29,318 INFO  n.e.o.t.s.UpdateSvc                 - inserting pa: sunn-cr5:10/2/4 - lsvn-cr1:xe-1/2/0           
2019-02-06 13:47:29,326 INFO  n.e.o.t.s.UpdateSvc                 - inserting pa: nash-cr5:4/1/1 - chic-cr5:6/1/1               
2019-02-06 13:47:29,335 INFO  n.e.o.t.s.UpdateSvc                 - inserting pa: nersc-mr2:xe-1/1/0 - sunn-cr5:10/1/3          
2019-02-06 13:47:29,342 INFO  n.e.o.t.s.UpdateSvc                 - inserting pa: pppl-rt5:xe-0/2/0 - aofa-cr5:9/1/1            
2019-02-06 13:47:29,349 INFO  n.e.o.t.s.UpdateSvc                 - inserting pa: amst-cr5:1/1/1 - cern-513-cr5:5/1/1           
2019-02-06 13:47:29,355 INFO  n.e.o.t.s.UpdateSvc                 - inserting pa: orau-rt4:ge-0/1/2 - ornl-rt4:xe-2/3/0         
2019-02-06 13:47:29,360 INFO  n.e.o.t.s.UpdateSvc                 - inserting pa: chic-cr5:2/1/1 - star-cr5:4/1/1               
2019-02-06 13:47:29,365 INFO  n.e.o.t.s.UpdateSvc                 - inserting pa: aofa-cr5:1/1/1 - wash-cr5:2/1/1               
2019-02-06 13:47:29,370 INFO  n.e.o.t.s.UpdateSvc                 - inserting pa: anl-mr2:xe-0/0/0 - chic-cr5:10/1/5            
2019-02-06 13:47:29,387 INFO  n.e.o.t.s.UpdateSvc                 - inserting pa: elpa-cr5:1/1/1 - hous-cr5:1/1/1               
2019-02-06 13:47:29,395 INFO  n.e.o.t.s.UpdateSvc                 - inserting pa: osti-rt2:xe-1/2/0 - ornl-cr5:9/1/4            
2019-02-06 13:47:29,401 INFO  n.e.o.t.s.UpdateSvc                 - inserting pa: srs-rt3:ge-0/1/0 - atla-cr5:10/1/3            
2019-02-06 13:47:29,408 INFO  n.e.o.t.s.UpdateSvc                 - inserting pa: eqx-ash-cr5:10/2/2 - netl-pgh-rt1:xe-2/0/0    
2019-02-06 13:47:29,414 INFO  n.e.o.t.s.UpdateSvc                 - inserting pa: nash-cr5:10/1/4 - ornl-rt4:xe-0/2/0           
2019-02-06 13:47:29,420 INFO  n.e.o.t.s.UpdateSvc                 - inserting pa: eqx-chi-cr5:1/1/1 - chic-cr5:7/1/1            
2019-02-06 13:47:29,428 INFO  n.e.o.t.s.UpdateSvc                 - inserting pa: ornl-cr5:10/1/2 - orau-rt4:ge-0/1/2           
2019-02-06 13:47:29,434 INFO  n.e.o.t.s.UpdateSvc                 - inserting pa: sacr-cr5:10/2/6 - llnl-mr2:xe-0/2/0           
2019-02-06 13:47:29,440 INFO  n.e.o.t.s.UpdateSvc                 - inserting pa: star-cr5:4/1/1 - chic-cr5:2/1/1               
2019-02-06 13:47:29,446 INFO  n.e.o.t.s.UpdateSvc                 - inserting pa: ornl-rt4:xe-1/0/0 - ornl-cr5:10/1/1           
2019-02-06 13:47:29,451 INFO  n.e.o.t.s.UpdateSvc                 - inserting pa: chic-cr5:10/1/7 - ameslab-rt3:xe-0/0/0        
2019-02-06 13:47:29,456 INFO  n.e.o.t.s.UpdateSvc                 - inserting pa: lbl-mr2:xe-7/2/0 - sacr-cr5:10/2/2            
2019-02-06 13:47:29,461 INFO  n.e.o.t.s.UpdateSvc                 - inserting pa: ornl-rt4:xe-2/3/0 - orau-rt4:ge-0/1/2         
2019-02-06 13:47:29,466 INFO  n.e.o.t.s.UpdateSvc                 - inserting pa: star-cr5:10/1/1 - anl-mr2:xe-2/3/0            
2019-02-06 13:47:29,482 INFO  n.e.o.t.s.UpdateSvc                 - inserting pa: sacr-cr5:10/2/5 - slac-mr2:xe-1/2/0           
2019-02-06 13:47:29,489 INFO  n.e.o.t.s.UpdateSvc                 - inserting pa: bost-cr5:1/1/1 - newy-cr5:4/2/1               
2019-02-06 13:47:29,497 INFO  n.e.o.t.s.UpdateSvc                 - inserting pa: sunn-cr5:10/1/5 - snll-mr2:xe-2/2/0           
2019-02-06 13:47:29,503 INFO  n.e.o.t.s.UpdateSvc                 - inserting pa: lond-cr5:2/2/1 - aofa-cr5:2/1/1               
2019-02-06 13:47:29,509 INFO  n.e.o.t.s.UpdateSvc                 - inserting pa: newy-cr5:4/2/1 - bost-cr5:1/1/1               
2019-02-06 13:47:29,515 INFO  n.e.o.t.s.UpdateSvc                 - inserting pa: jgi-mr2:xe-1/1/0 - sunn-cr5:9/1/1             
2019-02-06 13:47:29,521 INFO  n.e.o.t.s.UpdateSvc                 - inserting pa: denv-cr5:10/1/6 - pnwg-cr5:10/1/10            
2019-02-06 13:47:29,529 INFO  n.e.o.t.s.UpdateSvc                 - inserting pa: kans-cr5:3/1/1 - hous-cr5:2/1/1               
2019-02-06 13:47:29,534 INFO  n.e.o.t.s.UpdateSvc                 - inserting pa: hous-cr5:10/1/3 - pantex-rt4:ge-0/1/0         
2019-02-06 13:47:29,539 INFO  n.e.o.t.s.UpdateSvc                 - inserting pa: bois-cr1:xe-0/0/0 - pnwg-cr5:10/1/9           
2019-02-06 13:47:29,544 INFO  n.e.o.t.s.UpdateSvc                 - inserting pa: ornl-rt4:xe-0/2/0 - nash-cr5:10/1/4           
2019-02-06 13:47:29,549 INFO  n.e.o.t.s.UpdateSvc                 - inserting pa: netl-alb-rt1:xe-2/0/0 - pnwg-cr5:10/1/4       
2019-02-06 13:47:29,554 INFO  n.e.o.t.s.UpdateSvc                 - inserting pa: sunn-cr5:10/2/2 - eqx-sj-cr5:10/2/4           
2019-02-06 13:47:29,573 INFO  n.e.o.t.s.UpdateSvc                 - inserting pa: osti-rt2:ae0 - ornl-rt4:xe-2/3/0              
2019-02-06 13:47:29,580 INFO  n.e.o.t.s.UpdateSvc                 - inserting pa: snll-mr2:xe-1/1/0 - llnl-mr2:xe-0/1/0         
2019-02-06 13:47:29,587 INFO  n.e.o.t.s.UpdateSvc                 - inserting pa: lsvn-cr1:xe-2/2/0 - denv-cr5:10/1/10          
2019-02-06 13:47:29,595 INFO  n.e.o.t.s.UpdateSvc                 - inserting pa: elpa-cr5:3/1/1 - sunn-cr5:5/1/1               
2019-02-06 13:47:29,600 INFO  n.e.o.t.s.UpdateSvc                 - inserting pa: lond-cr5:3/1/1 - newy-cr5:4/1/1               
2019-02-06 13:47:29,607 INFO  n.e.o.t.s.UpdateSvc                 - inserting pa: ornl-cr5:10/1/1 - ornl-rt4:xe-1/0/0           
2019-02-06 13:47:29,614 INFO  n.e.o.t.s.UpdateSvc                 - inserting pa: eqx-chi-cr5:2/1/1 - eqx-ash-cr5:2/1/1         
2019-02-06 13:47:29,619 INFO  n.e.o.t.s.UpdateSvc                 - inserting pa: sacr-cr5:10/2/3 - jgi-mr2:xe-2/2/0            
2019-02-06 13:47:29,626 INFO  n.e.o.t.s.UpdateSvc                 - inserting pa: star-cr5:4/2/1 - aofa-cr5:5/1/1               
2019-02-06 13:47:29,632 INFO  n.e.o.t.s.UpdateSvc                 - inserting pa: ornl-rt4:xe-1/2/0 - nash-cr5:10/1/5           
2019-02-06 13:47:29,637 INFO  n.e.o.t.s.UpdateSvc                 - inserting pa: chic-cr5:3/1/1 - kans-cr5:1/1/1               
2019-02-06 13:47:29,642 INFO  n.e.o.t.s.UpdateSvc                 - inserting pa: snll-mr2:xe-2/2/0 - sunn-cr5:10/1/5           
2019-02-06 13:47:29,647 INFO  n.e.o.t.s.UpdateSvc                 - inserting pa: nash-cr5:10/1/3 - srs-rt3:ge-1/1/0            
2019-02-06 13:47:29,652 INFO  n.e.o.t.s.UpdateSvc                 - inserting pa: llnl-mr2:xe-0/1/0 - snll-mr2:xe-1/1/0         
2019-02-06 13:47:29,667 INFO  n.e.o.t.s.UpdateSvc                 - inserting pa: kans-cr5:2/1/1 - denv-cr5:1/1/1               
2019-02-06 13:47:29,674 INFO  n.e.o.t.s.UpdateSvc                 - inserting pa: anl-mr2:xe-2/3/0 - star-cr5:10/1/1            
2019-02-06 13:47:29,682 INFO  n.e.o.t.s.UpdateSvc                 - inserting pa: sacr-cr5:10/2/2 - lbl-mr2:xe-7/2/0            
2019-02-06 13:47:29,690 INFO  n.e.o.t.s.UpdateSvc                 - inserting pa: wash-cr5:5/2/1 - nash-cr5:4/2/1               
2019-02-06 13:47:29,699 INFO  n.e.o.t.s.UpdateSvc                 - inserting pa: ameslab-rt3:xe-1/0/0 - star-cr5:8/1/6         
2019-02-06 13:47:29,707 INFO  n.e.o.t.s.UpdateSvc                 - inserting pa: albq-cr5:2/1/1 - elpa-cr5:2/1/1               
2019-02-06 13:47:29,712 INFO  n.e.o.t.s.UpdateSvc                 - inserting pa: chic-cr5:7/1/1 - eqx-chi-cr5:1/1/1            
2019-02-06 13:47:29,717 INFO  n.e.o.t.s.UpdateSvc                 - inserting pa: star-cr5:5/1/1 - chic-cr5:6/2/1               
2019-02-06 13:47:29,722 INFO  n.e.o.t.s.UpdateSvc                 - inserting pa: denv-cr5:10/1/4 - pnwg-cr5:10/1/6             
2019-02-06 13:47:29,727 INFO  n.e.o.t.s.UpdateSvc                 - inserting pa: lbl-mr2:xe-1/3/0 - sunn-cr5:9/1/2             
2019-02-06 13:47:29,732 INFO  n.e.o.t.s.UpdateSvc                 - inserting pa: newy-cr5:2/1/1 - aofa-cr5:3/1/1               
2019-02-06 13:47:29,736 INFO  n.e.o.t.s.UpdateSvc                 - inserting pa: forr-rt2:ge-0/0/1 - doe-gtn-rt2:ge-0/0/0      
2019-02-06 13:47:29,753 INFO  n.e.o.t.s.UpdateSvc                 - inserting pa: cern-773-cr5:2/1/1 - cern-513-cr5:1/2/1       
2019-02-06 13:47:29,758 INFO  n.e.o.t.s.UpdateSvc                 - inserting pa: chic-cr5:10/1/4 - fnal-mr2:xe-0/0/0           
2019-02-06 13:47:29,764 INFO  n.e.o.t.s.UpdateSvc                 - inserting pa: ornl-rt4:ge-0/0/1 - orau-rt4:ge-0/1/4         
2019-02-06 13:47:29,770 INFO  n.e.o.t.s.UpdateSvc                 - inserting pa: nash-cr5:2/1/1 - atla-cr5:2/1/1               
2019-02-06 13:47:29,778 INFO  n.e.o.t.s.UpdateSvc                 - inserting pa: ornl-cr5:6/1/1 - atla-cr5:3/1/1               
2019-02-06 13:47:29,785 INFO  n.e.o.t.s.UpdateSvc                 - inserting pa: denv-cr5:2/1/1 - sacr-cr5:2/1/1               
2019-02-06 13:47:29,791 INFO  n.e.o.t.s.UpdateSvc                 - inserting pa: chic-cr5:1/1/1 - wash-cr5:1/1/1               
2019-02-06 13:47:29,796 INFO  n.e.o.t.s.UpdateSvc                 - inserting pa: lsvn-cr1:ge-1/1/5 - ga-rt2:ge-1/1/3           
2019-02-06 13:47:29,801 INFO  n.e.o.t.s.UpdateSvc                 - inserting pa: sunn-cr5:9/1/2 - lbl-mr2:xe-1/3/0             
2019-02-06 13:47:29,805 INFO  n.e.o.t.s.UpdateSvc                 - inserting pa: ga-rt2:xe-0/0/0 - sunn-cr5:10/2/3             
2019-02-06 13:47:29,810 INFO  n.e.o.t.s.UpdateSvc                 - inserting pa: nersc-mr2:xe-2/2/0 - sacr-cr5:10/2/1          
2019-02-06 13:47:29,816 INFO  n.e.o.t.s.UpdateSvc                 - inserting pa: bost-cr5:3/1/1 - amst-cr5:5/1/1               
2019-02-06 13:47:29,835 INFO  n.e.o.t.s.UpdateSvc                 - inserting pa: bois-cr1:xe-7/1/0 - denv-cr5:10/1/5           
2019-02-06 13:47:29,841 INFO  n.e.o.t.s.UpdateSvc                 - inserting pa: denv-cr5:4/1/1 - pnwg-cr5:2/2/1               
2019-02-06 13:47:29,846 INFO  n.e.o.t.s.UpdateSvc                 - inserting pa: wash-cr5:10/1/3 - forr-rt2:ge-0/0/0           
2019-02-06 13:47:29,851 INFO  n.e.o.t.s.UpdateSvc                 - inserting pa: cern-513-cr5:1/1/1 - wash-cr5:5/1/1           
2019-02-06 13:47:29,858 INFO  n.e.o.t.s.UpdateSvc                 - inserting pa: aofa-cr5:9/1/1 - pppl-rt5:xe-0/2/0            
2019-02-06 13:47:29,870 INFO  n.e.o.t.s.UpdateSvc                 - inserting pa: fnal-mr2:xe-1/1/0 - star-cr5:8/1/2            
2019-02-06 13:47:29,876 INFO  n.e.o.t.s.UpdateSvc                 - inserting pa: bost-cr5:2/1/1 - star-cr5:1/1/1               
2019-02-06 13:47:29,881 INFO  n.e.o.t.s.UpdateSvc                 - inserting pa: eqx-sj-cr5:10/2/4 - sunn-cr5:10/2/2           
2019-02-06 13:47:29,886 INFO  n.e.o.t.s.UpdateSvc                 - inserting pa: chic-cr5:4/1/1 - nash-cr5:1/1/1               
2019-02-06 13:47:29,891 INFO  n.e.o.t.s.UpdateSvc                 - inserting pa: fnal-mr2:xe-0/0/0 - chic-cr5:10/1/4           
2019-02-06 13:47:29,895 INFO  n.e.o.t.s.UpdateSvc                 - inserting pa: amst-cr5:5/1/1 - bost-cr5:3/1/1               
2019-02-06 13:47:29,900 INFO  n.e.o.t.s.UpdateSvc                 - inserting pa: pnwg-cr5:10/1/10 - denv-cr5:10/1/6            
2019-02-06 13:47:29,922 INFO  n.e.o.t.s.UpdateSvc                 - inserting pa: atla-cr5:10/1/3 - srs-rt3:ge-0/1/0            
2019-02-06 13:47:29,934 INFO  n.e.o.t.s.UpdateSvc                 - inserting pa: newy-cr5:4/1/1 - lond-cr5:3/1/1               
2019-02-06 13:47:29,943 INFO  n.e.o.t.s.UpdateSvc                 - inserting pa: llnldc-rt4:ge-1/0/0 - wash-cr5:10/1/3         
2019-02-06 13:47:29,949 INFO  n.e.o.t.s.UpdateSvc                 - inserting pa: sunn-cr5:5/1/1 - elpa-cr5:3/1/1               
2019-02-06 13:47:29,955 INFO  n.e.o.t.s.UpdateSvc                 - inserting pa: eqx-ash-cr5:2/1/1 - eqx-chi-cr5:2/1/1         
2019-02-06 13:47:29,961 INFO  n.e.o.t.s.UpdateSvc                 - inserting pa: chic-cr5:6/1/1 - nash-cr5:4/1/1               
2019-02-06 13:47:29,966 INFO  n.e.o.t.s.UpdateSvc                 - inserting pa: sacr-cr5:10/2/4 - snll-mr2:xe-1/2/0           
2019-02-06 13:47:29,971 INFO  n.e.o.t.s.UpdateSvc                 - inserting pa: atla-cr5:3/1/1 - ornl-cr5:6/1/1               
2019-02-06 13:47:29,976 INFO  n.e.o.t.s.UpdateSvc                 - inserting pa: aofa-cr5:7/2/1 - lond-cr5:5/1/1               
2019-02-06 13:47:29,981 INFO  n.e.o.t.s.UpdateSvc                 - inserting pa: nash-cr5:1/1/1 - chic-cr5:4/1/1               
2019-02-06 13:47:29,985 INFO  n.e.o.t.s.UpdateSvc                 - inserting pa: wash-cr5:10/1/3 - llnldc-rt4:ge-1/0/0         
2019-02-06 13:47:30,001 INFO  n.e.o.t.s.UpdateSvc                 - inserting pa: albq-cr5:10/1/2 - snla-rt3:xe-1/2/0           
2019-02-06 13:47:30,006 INFO  n.e.o.t.s.UpdateSvc                 - inserting pa: ornl-rt4:xe-2/3/0 - osti-rt2:ae0              
2019-02-06 13:47:30,012 INFO  n.e.o.t.s.UpdateSvc                 - finished merging adjacencies                                
2019-02-06 13:47:30,012 INFO  n.e.o.t.s.UpdateSvc                 -    inserted     :   182                                     
2019-02-06 13:47:30,012 INFO  n.e.o.t.s.UpdateSvc                 -    ver updated  :   0                                       
2019-02-06 13:47:30,012 INFO  n.e.o.t.s.UpdateSvc                 -    data updated :   0                                       
2019-02-06 13:47:30,012 INFO  n.e.o.t.s.UpdateSvc                 -    invalidated  :   0                                       
2019-02-06 13:47:30,012 INFO  n.e.o.t.s.UpdateSvc                 - finished merging topology delta.                            
2019-02-06 13:47:30,067 INFO  n.e.o.t.s.TopoService               - updating pathfinding topo to version: 28                    
2019-02-06 13:47:30,498 INFO  n.e.o.t.s.TopoService               - updated with 972 topo adjacencies                           
2019-02-06 13:47:30,540 INFO  n.e.o.c.FancyPCESteps               - adjcies size: 972                                           
2019-02-06 13:47:30,845 INFO  n.e.o.c.FancyPCESteps               - 97 distinct paths found between aofa-cr5 and chic-cr5 found in PT0.275S
2019-02-06 13:47:31,044 INFO  n.e.o.c.TopologySteps               - clearing adjacencies                                        
2019-02-06 13:47:31,301 INFO  n.e.o.c.TopologySteps               - clearing devices                                            
2019-02-06 13:47:31,322 INFO  n.e.o.c.TopologySteps               - deleting nersc-mr2:xe-7/3/0                                 
2019-02-06 13:47:31,323 INFO  n.e.o.c.TopologySteps               - deleting nersc-mr2:xe-2/2/0                                 
2019-02-06 13:47:31,323 INFO  n.e.o.c.TopologySteps               - deleting nersc-mr2:xe-0/2/0                                 
2019-02-06 13:47:31,323 INFO  n.e.o.c.TopologySteps               - deleting nersc-mr2:xe-1/1/0                                 
2019-02-06 13:47:31,338 INFO  n.e.o.c.TopologySteps               - deleting nersc-mr2:xe-1/3/0                                 
2019-02-06 13:47:31,403 INFO  n.e.o.c.TopologySteps               - deleting nersc-mr2                                          
2019-02-06 13:47:31,408 INFO  n.e.o.c.TopologySteps               - deleting pppl-rt5:ge-0/0/2                                  
2019-02-06 13:47:31,409 INFO  n.e.o.c.TopologySteps               - deleting pppl-rt5:xe-0/2/0                                  
2019-02-06 13:47:31,409 INFO  n.e.o.c.TopologySteps               - deleting pppl-rt5:xe-1/1/0                                  
2019-02-06 13:47:31,409 INFO  n.e.o.c.TopologySteps               - deleting pppl-rt5:xe-1/0/0                                  
2019-02-06 13:47:31,409 INFO  n.e.o.c.TopologySteps               - deleting pppl-rt5:xe-1/2/0                                  
2019-02-06 13:47:31,410 INFO  n.e.o.c.TopologySteps               - deleting pppl-rt5:xe-1/3/0                                  
2019-02-06 13:47:31,410 INFO  n.e.o.c.TopologySteps               - deleting pppl-rt5                                           
2019-02-06 13:47:31,413 INFO  n.e.o.c.TopologySteps               - deleting srs-rt3:ge-1/0/0                                   
2019-02-06 13:47:31,414 INFO  n.e.o.c.TopologySteps               - deleting srs-rt3:ge-1/3/0                                   
2019-02-06 13:47:31,415 INFO  n.e.o.c.TopologySteps               - deleting srs-rt3:ge-1/1/0                                   
2019-02-06 13:47:31,415 INFO  n.e.o.c.TopologySteps               - deleting srs-rt3:ge-0/1/0                                   
2019-02-06 13:47:31,415 INFO  n.e.o.c.TopologySteps               - deleting srs-rt3:ge-0/0/0                                   
2019-02-06 13:47:31,415 INFO  n.e.o.c.TopologySteps               - deleting srs-rt3:ge-1/2/0                                   
2019-02-06 13:47:31,415 INFO  n.e.o.c.TopologySteps               - deleting srs-rt3                                            
2019-02-06 13:47:31,419 INFO  n.e.o.c.TopologySteps               - deleting orau-rt4:ge-0/1/0                                  
2019-02-06 13:47:31,419 INFO  n.e.o.c.TopologySteps               - deleting orau-rt4:ge-0/1/2                                  
2019-02-06 13:47:31,420 INFO  n.e.o.c.TopologySteps               - deleting orau-rt4:ge-0/1/4                                  
2019-02-06 13:47:31,420 INFO  n.e.o.c.TopologySteps               - deleting orau-rt4:ge-0/1/1                                  
2019-02-06 13:47:31,420 INFO  n.e.o.c.TopologySteps               - deleting orau-rt4:ge-0/1/3                                  
2019-02-06 13:47:31,421 INFO  n.e.o.c.TopologySteps               - deleting orau-rt4                                           
2019-02-06 13:47:31,430 INFO  n.e.o.c.TopologySteps               - deleting doe-gtn-rt2:ge-0/1/0                               
2019-02-06 13:47:31,430 INFO  n.e.o.c.TopologySteps               - deleting doe-gtn-rt2:ge-0/1/3                               
2019-02-06 13:47:31,430 INFO  n.e.o.c.TopologySteps               - deleting doe-gtn-rt2:ge-0/0/3                               
2019-02-06 13:47:31,431 INFO  n.e.o.c.TopologySteps               - deleting doe-gtn-rt2:ge-0/0/0                               
2019-02-06 13:47:31,431 INFO  n.e.o.c.TopologySteps               - deleting doe-gtn-rt2                                        
2019-02-06 13:47:31,434 INFO  n.e.o.c.TopologySteps               - deleting cern-513-cr5:4/1/1                                 
2019-02-06 13:47:31,434 INFO  n.e.o.c.TopologySteps               - deleting cern-513-cr5:BLANK                                 
2019-02-06 13:47:31,434 INFO  n.e.o.c.TopologySteps               - deleting cern-513-cr5:10/1/2                                
2019-02-06 13:47:31,435 INFO  n.e.o.c.TopologySteps               - deleting cern-513-cr5:10/1/3                                
2019-02-06 13:47:31,435 INFO  n.e.o.c.TopologySteps               - deleting cern-513-cr5:1/2/1                                 
2019-02-06 13:47:31,435 INFO  n.e.o.c.TopologySteps               - deleting cern-513-cr5:5/1/1                                 
2019-02-06 13:47:31,435 INFO  n.e.o.c.TopologySteps               - deleting cern-513-cr5:1/1/1                                 
2019-02-06 13:47:31,435 INFO  n.e.o.c.TopologySteps               - deleting cern-513-cr5:2/1/1                                 
2019-02-06 13:47:31,436 INFO  n.e.o.c.TopologySteps               - deleting cern-513-cr5                                       
2019-02-06 13:47:31,439 INFO  n.e.o.c.TopologySteps               - deleting eqx-sj-cr5:10/1/1                                  
2019-02-06 13:47:31,439 INFO  n.e.o.c.TopologySteps               - deleting eqx-sj-cr5:10/2/2                                  
2019-02-06 13:47:31,439 INFO  n.e.o.c.TopologySteps               - deleting eqx-sj-cr5:10/1/2                                  
2019-02-06 13:47:31,439 INFO  n.e.o.c.TopologySteps               - deleting eqx-sj-cr5:10/2/4                                  
2019-02-06 13:47:31,439 INFO  n.e.o.c.TopologySteps               - deleting eqx-sj-cr5:1/2/1                                   
2019-02-06 13:47:31,440 INFO  n.e.o.c.TopologySteps               - deleting eqx-sj-cr5:10/1/4                                  
2019-02-06 13:47:31,440 INFO  n.e.o.c.TopologySteps               - deleting eqx-sj-cr5:BLANK                                   
2019-02-06 13:47:31,440 INFO  n.e.o.c.TopologySteps               - deleting eqx-sj-cr5                                         
2019-02-06 13:47:31,442 INFO  n.e.o.c.TopologySteps               - deleting wash-cr5:10/1/5                                    
2019-02-06 13:47:31,443 INFO  n.e.o.c.TopologySteps               - deleting wash-cr5:10/1/3                                    
2019-02-06 13:47:31,443 INFO  n.e.o.c.TopologySteps               - deleting wash-cr5:1/1/1                                     
2019-02-06 13:47:31,443 INFO  n.e.o.c.TopologySteps               - deleting wash-cr5:6/1/1                                     
2019-02-06 13:47:31,443 INFO  n.e.o.c.TopologySteps               - deleting wash-cr5:5/2/1                                     
2019-02-06 13:47:31,444 INFO  n.e.o.c.TopologySteps               - deleting wash-cr5:4/2/1                                     
2019-02-06 13:47:31,444 INFO  n.e.o.c.TopologySteps               - deleting wash-cr5:4/1/1                                     
2019-02-06 13:47:31,444 INFO  n.e.o.c.TopologySteps               - deleting wash-cr5:3/1/1                                     
2019-02-06 13:47:31,444 INFO  n.e.o.c.TopologySteps               - deleting wash-cr5:5/1/1                                     
2019-02-06 13:47:31,444 INFO  n.e.o.c.TopologySteps               - deleting wash-cr5:2/1/1                                     
2019-02-06 13:47:31,444 INFO  n.e.o.c.TopologySteps               - deleting wash-cr5:10/1/9                                    
2019-02-06 13:47:31,444 INFO  n.e.o.c.TopologySteps               - deleting wash-cr5:10/1/4                                    
2019-02-06 13:47:31,444 INFO  n.e.o.c.TopologySteps               - deleting wash-cr5:10/1/10                                   
2019-02-06 13:47:31,445 INFO  n.e.o.c.TopologySteps               - deleting wash-cr5                                           
2019-02-06 13:47:31,447 INFO  n.e.o.c.TopologySteps               - deleting ga-rt2:xe-0/3/0                                    
2019-02-06 13:47:31,447 INFO  n.e.o.c.TopologySteps               - deleting ga-rt2:ge-1/0/5                                    
2019-02-06 13:47:31,448 INFO  n.e.o.c.TopologySteps               - deleting ga-rt2:ge-1/0/3                                    
2019-02-06 13:47:31,448 INFO  n.e.o.c.TopologySteps               - deleting ga-rt2:xe-0/0/0                                    
2019-02-06 13:47:31,448 INFO  n.e.o.c.TopologySteps               - deleting ga-rt2:xe-0/2/0                                    
2019-02-06 13:47:31,448 INFO  n.e.o.c.TopologySteps               - deleting ga-rt2:ge-1/1/3                                    
2019-02-06 13:47:31,448 INFO  n.e.o.c.TopologySteps               - deleting ga-rt2                                             
2019-02-06 13:47:31,450 INFO  n.e.o.c.TopologySteps               - deleting kans-cr5:10/1/4                                    
2019-02-06 13:47:31,450 INFO  n.e.o.c.TopologySteps               - deleting kans-cr5:10/1/3                                    
2019-02-06 13:47:31,451 INFO  n.e.o.c.TopologySteps               - deleting kans-cr5:4/1/1                                     
2019-02-06 13:47:31,451 INFO  n.e.o.c.TopologySteps               - deleting kans-cr5:2/1/1                                     
2019-02-06 13:47:31,452 INFO  n.e.o.c.TopologySteps               - deleting kans-cr5:1/1/1                                     
2019-02-06 13:47:31,452 INFO  n.e.o.c.TopologySteps               - deleting kans-cr5:3/1/1                                     
2019-02-06 13:47:31,453 INFO  n.e.o.c.TopologySteps               - deleting kans-cr5                                           
2019-02-06 13:47:31,457 INFO  n.e.o.c.TopologySteps               - deleting bois-cr1:xe-1/2/0                                  
2019-02-06 13:47:31,465 INFO  n.e.o.c.TopologySteps               - deleting bois-cr1:xe-1/0/0                                  
2019-02-06 13:47:31,465 INFO  n.e.o.c.TopologySteps               - deleting bois-cr1:xe-7/0/0                                  
2019-02-06 13:47:31,466 INFO  n.e.o.c.TopologySteps               - deleting bois-cr1:xe-7/3/0                                  
2019-02-06 13:47:31,466 INFO  n.e.o.c.TopologySteps               - deleting bois-cr1:xe-0/1/0                                  
2019-02-06 13:47:31,466 INFO  n.e.o.c.TopologySteps               - deleting bois-cr1:xe-7/1/0                                  
2019-02-06 13:47:31,466 INFO  n.e.o.c.TopologySteps               - deleting bois-cr1:xe-0/0/0                                  
2019-02-06 13:47:31,466 INFO  n.e.o.c.TopologySteps               - deleting bois-cr1:xe-0/2/0                                  
2019-02-06 13:47:31,466 INFO  n.e.o.c.TopologySteps               - deleting bois-cr1                                           
2019-02-06 13:47:31,469 INFO  n.e.o.c.TopologySteps               - deleting snll-mr2:xe-2/0/0                                  
2019-02-06 13:47:31,469 INFO  n.e.o.c.TopologySteps               - deleting snll-mr2:xe-0/2/0                                  
2019-02-06 13:47:31,469 INFO  n.e.o.c.TopologySteps               - deleting snll-mr2:xe-1/3/0                                  
2019-02-06 13:47:31,469 INFO  n.e.o.c.TopologySteps               - deleting snll-mr2:xe-0/1/0                                  
2019-02-06 13:47:31,469 INFO  n.e.o.c.TopologySteps               - deleting snll-mr2:xe-1/1/0                                  
2019-02-06 13:47:31,469 INFO  n.e.o.c.TopologySteps               - deleting snll-mr2:xe-2/2/0                                  
2019-02-06 13:47:31,469 INFO  n.e.o.c.TopologySteps               - deleting snll-mr2:xe-2/3/0                                  
2019-02-06 13:47:31,470 INFO  n.e.o.c.TopologySteps               - deleting snll-mr2:xe-1/2/0                                  
2019-02-06 13:47:31,470 INFO  n.e.o.c.TopologySteps               - deleting snll-mr2                                           
2019-02-06 13:47:31,472 INFO  n.e.o.c.TopologySteps               - deleting atla-cr5:10/1/3                                    
2019-02-06 13:47:31,472 INFO  n.e.o.c.TopologySteps               - deleting atla-cr5:10/1/8                                    
2019-02-06 13:47:31,472 INFO  n.e.o.c.TopologySteps               - deleting atla-cr5:10/1/2                                    
2019-02-06 13:47:31,473 INFO  n.e.o.c.TopologySteps               - deleting atla-cr5:3/1/1                                     
2019-02-06 13:47:31,473 INFO  n.e.o.c.TopologySteps               - deleting atla-cr5:2/1/1                                     
2019-02-06 13:47:31,473 INFO  n.e.o.c.TopologySteps               - deleting atla-cr5:4/1/1                                     
2019-02-06 13:47:31,473 INFO  n.e.o.c.TopologySteps               - deleting atla-cr5:1/1/1                                     
2019-02-06 13:47:31,473 INFO  n.e.o.c.TopologySteps               - deleting atla-cr5                                           
2019-02-06 13:47:31,474 INFO  n.e.o.c.TopologySteps               - deleting ornl-rt4:ge-0/0/1                                  
2019-02-06 13:47:31,475 INFO  n.e.o.c.TopologySteps               - deleting ornl-rt4:xe-0/2/0                                  
2019-02-06 13:47:31,475 INFO  n.e.o.c.TopologySteps               - deleting ornl-rt4:xe-2/3/0                                  
2019-02-06 13:47:31,475 INFO  n.e.o.c.TopologySteps               - deleting ornl-rt4:xe-1/2/0                                  
2019-02-06 13:47:31,475 INFO  n.e.o.c.TopologySteps               - deleting ornl-rt4:xe-1/0/0                                  
2019-02-06 13:47:31,475 INFO  n.e.o.c.TopologySteps               - deleting ornl-rt4                                           
2019-02-06 13:47:31,478 INFO  n.e.o.c.TopologySteps               - deleting netl-mgn-rt1:xe-2/0/0                              
2019-02-06 13:47:31,478 INFO  n.e.o.c.TopologySteps               - deleting netl-mgn-rt1:xe-2/0/3                              
2019-02-06 13:47:31,478 INFO  n.e.o.c.TopologySteps               - deleting netl-mgn-rt1:xe-2/0/2                              
2019-02-06 13:47:31,478 INFO  n.e.o.c.TopologySteps               - deleting netl-mgn-rt1:xe-2/0/1                              
2019-02-06 13:47:31,479 INFO  n.e.o.c.TopologySteps               - deleting netl-mgn-rt1                                       
2019-02-06 13:47:31,481 INFO  n.e.o.c.TopologySteps               - deleting cern-773-cr5:10/1/2                                
2019-02-06 13:47:31,481 INFO  n.e.o.c.TopologySteps               - deleting cern-773-cr5:2/1/1                                 
2019-02-06 13:47:31,482 INFO  n.e.o.c.TopologySteps               - deleting cern-773-cr5:10/1/1                                
2019-02-06 13:47:31,482 INFO  n.e.o.c.TopologySteps               - deleting cern-773-cr5:10/1/3                                
2019-02-06 13:47:31,482 INFO  n.e.o.c.TopologySteps               - deleting cern-773-cr5:BLANK                                 
2019-02-06 13:47:31,482 INFO  n.e.o.c.TopologySteps               - deleting cern-773-cr5:1/1/1                                 
2019-02-06 13:47:31,482 INFO  n.e.o.c.TopologySteps               - deleting cern-773-cr5                                       
2019-02-06 13:47:31,484 INFO  n.e.o.c.TopologySteps               - deleting nash-cr5:10/1/3                                    
2019-02-06 13:47:31,484 INFO  n.e.o.c.TopologySteps               - deleting nash-cr5:1/1/1                                     
2019-02-06 13:47:31,484 INFO  n.e.o.c.TopologySteps               - deleting nash-cr5:10/1/6                                    
2019-02-06 13:47:31,484 INFO  n.e.o.c.TopologySteps               - deleting nash-cr5:2/1/1                                     
2019-02-06 13:47:31,484 INFO  n.e.o.c.TopologySteps               - deleting nash-cr5:4/2/1                                     
2019-02-06 13:47:31,484 INFO  n.e.o.c.TopologySteps               - deleting nash-cr5:3/1/1                                     
2019-02-06 13:47:31,484 INFO  n.e.o.c.TopologySteps               - deleting nash-cr5:1/2/1                                     
2019-02-06 13:47:31,485 INFO  n.e.o.c.TopologySteps               - deleting nash-cr5:4/1/1                                     
2019-02-06 13:47:31,485 INFO  n.e.o.c.TopologySteps               - deleting nash-cr5:10/1/5                                    
2019-02-06 13:47:31,485 INFO  n.e.o.c.TopologySteps               - deleting nash-cr5:10/1/4                                    
2019-02-06 13:47:31,485 INFO  n.e.o.c.TopologySteps               - deleting nash-cr5                                           
2019-02-06 13:47:31,487 INFO  n.e.o.c.TopologySteps               - deleting elpa-cr5:10/1/4                                    
2019-02-06 13:47:31,488 INFO  n.e.o.c.TopologySteps               - deleting elpa-cr5:3/1/1                                     
2019-02-06 13:47:31,488 INFO  n.e.o.c.TopologySteps               - deleting elpa-cr5:2/1/1                                     
2019-02-06 13:47:31,488 INFO  n.e.o.c.TopologySteps               - deleting elpa-cr5:10/1/3                                    
2019-02-06 13:47:31,488 INFO  n.e.o.c.TopologySteps               - deleting elpa-cr5:10/1/5                                    
2019-02-06 13:47:31,488 INFO  n.e.o.c.TopologySteps               - deleting elpa-cr5:1/1/1                                     
2019-02-06 13:47:31,489 INFO  n.e.o.c.TopologySteps               - deleting elpa-cr5                                           
2019-02-06 13:47:31,492 INFO  n.e.o.c.TopologySteps               - deleting sacr-cr5:1/1/1                                     
2019-02-06 13:47:31,493 INFO  n.e.o.c.TopologySteps               - deleting sacr-cr5:10/2/2                                    
2019-02-06 13:47:31,493 INFO  n.e.o.c.TopologySteps               - deleting sacr-cr5:10/2/1                                    
2019-02-06 13:47:31,493 INFO  n.e.o.c.TopologySteps               - deleting sacr-cr5:10/1/6                                    
2019-02-06 13:47:31,493 INFO  n.e.o.c.TopologySteps               - deleting sacr-cr5:10/2/3                                    
2019-02-06 13:47:31,493 INFO  n.e.o.c.TopologySteps               - deleting sacr-cr5:10/1/1                                    
2019-02-06 13:47:31,493 INFO  n.e.o.c.TopologySteps               - deleting sacr-cr5:10/1/4                                    
2019-02-06 13:47:31,494 INFO  n.e.o.c.TopologySteps               - deleting sacr-cr5:10/2/4                                    
2019-02-06 13:47:31,494 INFO  n.e.o.c.TopologySteps               - deleting sacr-cr5:5/1/1                                     
2019-02-06 13:47:31,494 INFO  n.e.o.c.TopologySteps               - deleting sacr-cr5:2/1/1                                     
2019-02-06 13:47:31,494 INFO  n.e.o.c.TopologySteps               - deleting sacr-cr5:10/2/5                                    
2019-02-06 13:47:31,494 INFO  n.e.o.c.TopologySteps               - deleting sacr-cr5:10/2/6                                    
2019-02-06 13:47:31,494 INFO  n.e.o.c.TopologySteps               - deleting sacr-cr5:3/1/1                                     
2019-02-06 13:47:31,494 INFO  n.e.o.c.TopologySteps               - deleting sacr-cr5:4/1/1                                     
2019-02-06 13:47:31,494 INFO  n.e.o.c.TopologySteps               - deleting sacr-cr5:10/1/2                                    
2019-02-06 13:47:31,495 INFO  n.e.o.c.TopologySteps               - deleting sacr-cr5                                           
2019-02-06 13:47:31,497 INFO  n.e.o.c.TopologySteps               - deleting snla-rt3:xe-1/2/0                                  
2019-02-06 13:47:31,497 INFO  n.e.o.c.TopologySteps               - deleting snla-rt3:ge-1/0/2                                  
2019-02-06 13:47:31,497 INFO  n.e.o.c.TopologySteps               - deleting snla-rt3:xe-0/0/0                                  
2019-02-06 13:47:31,498 INFO  n.e.o.c.TopologySteps               - deleting snla-rt3                                           
2019-02-06 13:47:31,501 INFO  n.e.o.c.TopologySteps               - deleting lsvn-cr1:xe-2/2/0                                  
2019-02-06 13:47:31,501 INFO  n.e.o.c.TopologySteps               - deleting lsvn-cr1:xe-2/1/0                                  
2019-02-06 13:47:31,502 INFO  n.e.o.c.TopologySteps               - deleting lsvn-cr1:xe-1/2/0                                  
2019-02-06 13:47:31,502 INFO  n.e.o.c.TopologySteps               - deleting lsvn-cr1:xe-2/0/0                                  
2019-02-06 13:47:31,502 INFO  n.e.o.c.TopologySteps               - deleting lsvn-cr1:ge-1/0/0                                  
2019-02-06 13:47:31,502 INFO  n.e.o.c.TopologySteps               - deleting lsvn-cr1:ge-1/1/0                                  
2019-02-06 13:47:31,503 INFO  n.e.o.c.TopologySteps               - deleting lsvn-cr1:ge-1/0/1                                  
2019-02-06 13:47:31,503 INFO  n.e.o.c.TopologySteps               - deleting lsvn-cr1:ge-1/1/5                                  
2019-02-06 13:47:31,503 INFO  n.e.o.c.TopologySteps               - deleting lsvn-cr1:ge-1/1/1                                  
2019-02-06 13:47:31,503 INFO  n.e.o.c.TopologySteps               - deleting lsvn-cr1                                           
2019-02-06 13:47:31,510 INFO  n.e.o.c.TopologySteps               - deleting sunn-cr5:10/1/2                                    
2019-02-06 13:47:31,511 INFO  n.e.o.c.TopologySteps               - deleting sunn-cr5:9/1/1                                     
2019-02-06 13:47:31,511 INFO  n.e.o.c.TopologySteps               - deleting sunn-cr5:10/1/6                                    
2019-02-06 13:47:31,512 INFO  n.e.o.c.TopologySteps               - deleting sunn-cr5:7/2/1                                     
2019-02-06 13:47:31,512 INFO  n.e.o.c.TopologySteps               - deleting sunn-cr5:9/1/2                                     
2019-02-06 13:47:31,512 INFO  n.e.o.c.TopologySteps               - deleting sunn-cr5:8/2/1                                     
2019-02-06 13:47:31,512 INFO  n.e.o.c.TopologySteps               - deleting sunn-cr5:8/1/1                                     
2019-02-06 13:47:31,513 INFO  n.e.o.c.TopologySteps               - deleting sunn-cr5:10/1/4                                    
2019-02-06 13:47:31,513 INFO  n.e.o.c.TopologySteps               - deleting sunn-cr5:2/2/1                                     
2019-02-06 13:47:31,513 INFO  n.e.o.c.TopologySteps               - deleting sunn-cr5:5/2/1                                     
2019-02-06 13:47:31,513 INFO  n.e.o.c.TopologySteps               - deleting sunn-cr5:9/1/3                                     
2019-02-06 13:47:31,513 INFO  n.e.o.c.TopologySteps               - deleting sunn-cr5:10/1/3                                    
2019-02-06 13:47:31,514 INFO  n.e.o.c.TopologySteps               - deleting sunn-cr5:2/1/1                                     
2019-02-06 13:47:31,514 INFO  n.e.o.c.TopologySteps               - deleting sunn-cr5:9/1/5                                     
2019-02-06 13:47:31,514 INFO  n.e.o.c.TopologySteps               - deleting sunn-cr5:10/2/5                                    
2019-02-06 13:47:31,514 INFO  n.e.o.c.TopologySteps               - deleting sunn-cr5:4/1/1                                     
2019-02-06 13:47:31,515 INFO  n.e.o.c.TopologySteps               - deleting sunn-cr5:1/1/1                                     
2019-02-06 13:47:31,515 INFO  n.e.o.c.TopologySteps               - deleting sunn-cr5:7/1/1                                     
2019-02-06 13:47:31,515 INFO  n.e.o.c.TopologySteps               - deleting sunn-cr5:10/2/4                                    
2019-02-06 13:47:31,515 INFO  n.e.o.c.TopologySteps               - deleting sunn-cr5:10/2/6                                    
2019-02-06 13:47:31,516 INFO  n.e.o.c.TopologySteps               - deleting sunn-cr5:10/1/5                                    
2019-02-06 13:47:31,517 INFO  n.e.o.c.TopologySteps               - deleting sunn-cr5:10/2/3                                    
2019-02-06 13:47:31,517 INFO  n.e.o.c.TopologySteps               - deleting sunn-cr5:10/2/2                                    
2019-02-06 13:47:31,517 INFO  n.e.o.c.TopologySteps               - deleting sunn-cr5:10/1/1                                    
2019-02-06 13:47:31,517 INFO  n.e.o.c.TopologySteps               - deleting sunn-cr5:5/1/1                                     
2019-02-06 13:47:31,517 INFO  n.e.o.c.TopologySteps               - deleting sunn-cr5:10/2/1                                    
2019-02-06 13:47:31,518 INFO  n.e.o.c.TopologySteps               - deleting sunn-cr5                                           
2019-02-06 13:47:31,521 INFO  n.e.o.c.TopologySteps               - deleting netl-pgh-rt1:xe-2/0/2                              
2019-02-06 13:47:31,522 INFO  n.e.o.c.TopologySteps               - deleting netl-pgh-rt1:xe-2/0/3                              
2019-02-06 13:47:31,522 INFO  n.e.o.c.TopologySteps               - deleting netl-pgh-rt1:xe-2/0/0                              
2019-02-06 13:47:31,522 INFO  n.e.o.c.TopologySteps               - deleting netl-pgh-rt1:xe-2/0/1                              
2019-02-06 13:47:31,522 INFO  n.e.o.c.TopologySteps               - deleting netl-pgh-rt1                                       
2019-02-06 13:47:31,527 INFO  n.e.o.c.TopologySteps               - deleting llnl-mr2:ae0                                       
2019-02-06 13:47:31,527 INFO  n.e.o.c.TopologySteps               - deleting llnl-mr2:xe-1/3/0                                  
2019-02-06 13:47:31,527 INFO  n.e.o.c.TopologySteps               - deleting llnl-mr2:xe-2/1/0                                  
2019-02-06 13:47:31,527 INFO  n.e.o.c.TopologySteps               - deleting llnl-mr2:xe-2/0/0                                  
2019-02-06 13:47:31,527 INFO  n.e.o.c.TopologySteps               - deleting llnl-mr2:xe-0/2/0                                  
2019-02-06 13:47:31,528 INFO  n.e.o.c.TopologySteps               - deleting llnl-mr2:ge-3/0/1                                  
2019-02-06 13:47:31,528 INFO  n.e.o.c.TopologySteps               - deleting llnl-mr2:xe-1/0/0                                  
2019-02-06 13:47:31,528 INFO  n.e.o.c.TopologySteps               - deleting llnl-mr2:ge-3/0/0                                  
2019-02-06 13:47:31,528 INFO  n.e.o.c.TopologySteps               - deleting llnl-mr2:xe-2/2/0                                  
2019-02-06 13:47:31,528 INFO  n.e.o.c.TopologySteps               - deleting llnl-mr2:xe-3/2/0                                  
2019-02-06 13:47:31,528 INFO  n.e.o.c.TopologySteps               - deleting llnl-mr2:xe-0/1/0                                  
2019-02-06 13:47:31,528 INFO  n.e.o.c.TopologySteps               - deleting llnl-mr2:xe-0/0/0                                  
2019-02-06 13:47:31,529 INFO  n.e.o.c.TopologySteps               - deleting llnl-mr2                                           
2019-02-06 13:47:31,531 INFO  n.e.o.c.TopologySteps               - deleting anl-mr2:xe-0/0/0                                   
2019-02-06 13:47:31,531 INFO  n.e.o.c.TopologySteps               - deleting anl-mr2:xe-2/3/0                                   
2019-02-06 13:47:31,531 INFO  n.e.o.c.TopologySteps               - deleting anl-mr2:ae0                                        
2019-02-06 13:47:31,532 INFO  n.e.o.c.TopologySteps               - deleting anl-mr2:xe-0/1/0                                   
2019-02-06 13:47:31,532 INFO  n.e.o.c.TopologySteps               - deleting anl-mr2:xe-1/3/0                                   
2019-02-06 13:47:31,532 INFO  n.e.o.c.TopologySteps               - deleting anl-mr2                                            
2019-02-06 13:47:31,532 INFO  n.e.o.c.TopologySteps               - deleting llnldc-rt4:ge-1/0/0                                
2019-02-06 13:47:31,533 INFO  n.e.o.c.TopologySteps               - deleting llnldc-rt4                                         
2019-02-06 13:47:31,536 INFO  n.e.o.c.TopologySteps               - deleting chic-cr5:BLANK                                     
2019-02-06 13:47:31,536 INFO  n.e.o.c.TopologySteps               - deleting chic-cr5:3/2/1                                     
2019-02-06 13:47:31,537 INFO  n.e.o.c.TopologySteps               - deleting chic-cr5:10/1/1                                    
2019-02-06 13:47:31,537 INFO  n.e.o.c.TopologySteps               - deleting chic-cr5:7/1/1                                     
2019-02-06 13:47:31,537 INFO  n.e.o.c.TopologySteps               - deleting chic-cr5:10/1/3                                    
2019-02-06 13:47:31,537 INFO  n.e.o.c.TopologySteps               - deleting chic-cr5:10/1/7                                    
2019-02-06 13:47:31,537 INFO  n.e.o.c.TopologySteps               - deleting chic-cr5:6/1/1                                     
2019-02-06 13:47:31,538 INFO  n.e.o.c.TopologySteps               - deleting chic-cr5:4/1/1                                     
2019-02-06 13:47:31,538 INFO  n.e.o.c.TopologySteps               - deleting chic-cr5:2/1/1                                     
2019-02-06 13:47:31,538 INFO  n.e.o.c.TopologySteps               - deleting chic-cr5:6/2/1                                     
2019-02-06 13:47:31,538 INFO  n.e.o.c.TopologySteps               - deleting chic-cr5:10/1/4                                    
2019-02-06 13:47:31,538 INFO  n.e.o.c.TopologySteps               - deleting chic-cr5:5/1/1                                     
2019-02-06 13:47:31,538 INFO  n.e.o.c.TopologySteps               - deleting chic-cr5:7/2/1                                     
2019-02-06 13:47:31,538 INFO  n.e.o.c.TopologySteps               - deleting chic-cr5:3/1/1                                     
2019-02-06 13:47:31,539 INFO  n.e.o.c.TopologySteps               - deleting chic-cr5:8/1/1                                     
2019-02-06 13:47:31,539 INFO  n.e.o.c.TopologySteps               - deleting chic-cr5:10/1/5                                    
2019-02-06 13:47:31,539 INFO  n.e.o.c.TopologySteps               - deleting chic-cr5:1/1/1                                     
2019-02-06 13:47:31,539 INFO  n.e.o.c.TopologySteps               - deleting chic-cr5                                           
2019-02-06 13:47:31,541 INFO  n.e.o.c.TopologySteps               - deleting slac-mr2:xe-1/3/0                                  
2019-02-06 13:47:31,541 INFO  n.e.o.c.TopologySteps               - deleting slac-mr2:xe-0/2/0                                  
2019-02-06 13:47:31,541 INFO  n.e.o.c.TopologySteps               - deleting slac-mr2:xe-1/2/0                                  
2019-02-06 13:47:31,541 INFO  n.e.o.c.TopologySteps               - deleting slac-mr2:xe-0/0/0                                  
2019-02-06 13:47:31,542 INFO  n.e.o.c.TopologySteps               - deleting slac-mr2:xe-1/1/0                                  
2019-02-06 13:47:31,542 INFO  n.e.o.c.TopologySteps               - deleting slac-mr2:xe-0/1/0                                  
2019-02-06 13:47:31,543 INFO  n.e.o.c.TopologySteps               - deleting slac-mr2                                           
2019-02-06 13:47:31,544 INFO  n.e.o.c.TopologySteps               - deleting lond-cr5:2/2/1                                     
2019-02-06 13:47:31,545 INFO  n.e.o.c.TopologySteps               - deleting lond-cr5:10/1/4                                    
2019-02-06 13:47:31,545 INFO  n.e.o.c.TopologySteps               - deleting lond-cr5:10/1/2                                    
2019-02-06 13:47:31,545 INFO  n.e.o.c.TopologySteps               - deleting lond-cr5:10/1/1                                    
2019-02-06 13:47:31,545 INFO  n.e.o.c.TopologySteps               - deleting lond-cr5:3/1/1                                     
2019-02-06 13:47:31,545 INFO  n.e.o.c.TopologySteps               - deleting lond-cr5:2/1/1                                     
2019-02-06 13:47:31,545 INFO  n.e.o.c.TopologySteps               - deleting lond-cr5:1/1/1                                     
2019-02-06 13:47:31,545 INFO  n.e.o.c.TopologySteps               - deleting lond-cr5:5/1/1                                     
2019-02-06 13:47:31,546 INFO  n.e.o.c.TopologySteps               - deleting lond-cr5:1/2/1                                     
2019-02-06 13:47:31,546 INFO  n.e.o.c.TopologySteps               - deleting lond-cr5                                           
2019-02-06 13:47:31,548 INFO  n.e.o.c.TopologySteps               - deleting eqx-chi-cr5:BLANK                                  
2019-02-06 13:47:31,548 INFO  n.e.o.c.TopologySteps               - deleting eqx-chi-cr5:10/1/3                                 
2019-02-06 13:47:31,548 INFO  n.e.o.c.TopologySteps               - deleting eqx-chi-cr5:10/1/1                                 
2019-02-06 13:47:31,548 INFO  n.e.o.c.TopologySteps               - deleting eqx-chi-cr5:1/1/1                                  
2019-02-06 13:47:31,548 INFO  n.e.o.c.TopologySteps               - deleting eqx-chi-cr5:2/1/1                                  
2019-02-06 13:47:31,549 INFO  n.e.o.c.TopologySteps               - deleting eqx-chi-cr5:10/1/2                                 
2019-02-06 13:47:31,549 INFO  n.e.o.c.TopologySteps               - deleting eqx-chi-cr5:1/2/1                                  
2019-02-06 13:47:31,549 INFO  n.e.o.c.TopologySteps               - deleting eqx-chi-cr5                                        
2019-02-06 13:47:31,552 INFO  n.e.o.c.TopologySteps               - deleting newy-cr5:4/2/1                                     
2019-02-06 13:47:31,562 INFO  n.e.o.c.TopologySteps               - deleting newy-cr5:10/1/2                                    
2019-02-06 13:47:31,563 INFO  n.e.o.c.TopologySteps               - deleting newy-cr5:9/1/4                                     
2019-02-06 13:47:31,566 INFO  n.e.o.c.TopologySteps               - deleting newy-cr5:2/1/1                                     
2019-02-06 13:47:31,567 INFO  n.e.o.c.TopologySteps               - deleting newy-cr5:10/1/9                                    
2019-02-06 13:47:31,567 INFO  n.e.o.c.TopologySteps               - deleting newy-cr5:10/1/3                                    
2019-02-06 13:47:31,567 INFO  n.e.o.c.TopologySteps               - deleting newy-cr5:9/1/1                                     
2019-02-06 13:47:31,567 INFO  n.e.o.c.TopologySteps               - deleting newy-cr5:4/1/1                                     
2019-02-06 13:47:31,567 INFO  n.e.o.c.TopologySteps               - deleting newy-cr5:3/1/1                                     
2019-02-06 13:47:31,567 INFO  n.e.o.c.TopologySteps               - deleting newy-cr5                                           
2019-02-06 13:47:31,569 INFO  n.e.o.c.TopologySteps               - deleting netl-alb-rt1:xe-2/0/3                              
2019-02-06 13:47:31,569 INFO  n.e.o.c.TopologySteps               - deleting netl-alb-rt1:xe-2/0/2                              
2019-02-06 13:47:31,570 INFO  n.e.o.c.TopologySteps               - deleting netl-alb-rt1:xe-2/0/0                              
2019-02-06 13:47:31,570 INFO  n.e.o.c.TopologySteps               - deleting netl-alb-rt1:xe-2/0/1                              
2019-02-06 13:47:31,570 INFO  n.e.o.c.TopologySteps               - deleting netl-alb-rt1                                       
2019-02-06 13:47:31,573 INFO  n.e.o.c.TopologySteps               - deleting jgi-mr2:xe-1/3/0                                   
2019-02-06 13:47:31,573 INFO  n.e.o.c.TopologySteps               - deleting jgi-mr2:xe-2/2/0                                   
2019-02-06 13:47:31,574 INFO  n.e.o.c.TopologySteps               - deleting jgi-mr2:xe-1/1/0                                   
2019-02-06 13:47:31,576 INFO  n.e.o.c.TopologySteps               - deleting jgi-mr2:xe-0/2/0                                   
2019-02-06 13:47:31,577 INFO  n.e.o.c.TopologySteps               - deleting jgi-mr2                                            
2019-02-06 13:47:31,582 INFO  n.e.o.c.TopologySteps               - deleting eqx-ash-cr5:1/2/1                                  
2019-02-06 13:47:31,583 INFO  n.e.o.c.TopologySteps               - deleting eqx-ash-cr5:10/1/6                                 
2019-02-06 13:47:31,583 INFO  n.e.o.c.TopologySteps               - deleting eqx-ash-cr5:10/1/5                                 
2019-02-06 13:47:31,584 INFO  n.e.o.c.TopologySteps               - deleting eqx-ash-cr5:1/1/1                                  
2019-02-06 13:47:31,584 INFO  n.e.o.c.TopologySteps               - deleting eqx-ash-cr5:BLANK                                  
2019-02-06 13:47:31,584 INFO  n.e.o.c.TopologySteps               - deleting eqx-ash-cr5:10/2/5                                 
2019-02-06 13:47:31,584 INFO  n.e.o.c.TopologySteps               - deleting eqx-ash-cr5:10/1/1                                 
2019-02-06 13:47:31,584 INFO  n.e.o.c.TopologySteps               - deleting eqx-ash-cr5:2/1/1                                  
2019-02-06 13:47:31,585 INFO  n.e.o.c.TopologySteps               - deleting eqx-ash-cr5:10/1/2                                 
2019-02-06 13:47:31,585 INFO  n.e.o.c.TopologySteps               - deleting eqx-ash-cr5:10/2/6                                 
2019-02-06 13:47:31,585 INFO  n.e.o.c.TopologySteps               - deleting eqx-ash-cr5:10/2/2                                 
2019-02-06 13:47:31,585 INFO  n.e.o.c.TopologySteps               - deleting eqx-ash-cr5                                        
2019-02-06 13:47:31,587 INFO  n.e.o.c.TopologySteps               - deleting forr-rt2:ge-0/0/2                                  
2019-02-06 13:47:31,588 INFO  n.e.o.c.TopologySteps               - deleting forr-rt2:ge-0/0/1                                  
2019-02-06 13:47:31,588 INFO  n.e.o.c.TopologySteps               - deleting forr-rt2:ge-0/0/4                                  
2019-02-06 13:47:31,588 INFO  n.e.o.c.TopologySteps               - deleting forr-rt2:ge-0/0/0                                  
2019-02-06 13:47:31,588 INFO  n.e.o.c.TopologySteps               - deleting forr-rt2:ge-0/0/5                                  
2019-02-06 13:47:31,588 INFO  n.e.o.c.TopologySteps               - deleting forr-rt2                                           
2019-02-06 13:47:31,590 INFO  n.e.o.c.TopologySteps               - deleting ornl-cr5:10/1/1                                    
2019-02-06 13:47:31,590 INFO  n.e.o.c.TopologySteps               - deleting ornl-cr5:7/1/1                                     
2019-02-06 13:47:31,590 INFO  n.e.o.c.TopologySteps               - deleting ornl-cr5:10/1/3                                    
2019-02-06 13:47:31,590 INFO  n.e.o.c.TopologySteps               - deleting ornl-cr5:10/1/2                                    
2019-02-06 13:47:31,590 INFO  n.e.o.c.TopologySteps               - deleting ornl-cr5:9/1/4                                     
2019-02-06 13:47:31,590 INFO  n.e.o.c.TopologySteps               - deleting ornl-cr5:6/1/1                                     
2019-02-06 13:47:31,591 INFO  n.e.o.c.TopologySteps               - deleting ornl-cr5                                           
2019-02-06 13:47:31,593 INFO  n.e.o.c.TopologySteps               - deleting fnal-mr2:xe-8/3/0                                  
2019-02-06 13:47:31,593 INFO  n.e.o.c.TopologySteps               - deleting fnal-mr2:xe-0/0/0                                  
2019-02-06 13:47:31,593 INFO  n.e.o.c.TopologySteps               - deleting fnal-mr2:xe-8/1/0                                  
2019-02-06 13:47:31,593 INFO  n.e.o.c.TopologySteps               - deleting fnal-mr2:xe-1/1/0                                  
2019-02-06 13:47:31,594 INFO  n.e.o.c.TopologySteps               - deleting fnal-mr2:xe-0/2/0                                  
2019-02-06 13:47:31,594 INFO  n.e.o.c.TopologySteps               - deleting fnal-mr2:xe-1/3/0                                  
2019-02-06 13:47:31,594 INFO  n.e.o.c.TopologySteps               - deleting fnal-mr2                                           
2019-02-06 13:47:31,596 INFO  n.e.o.c.TopologySteps               - deleting pantex-rt4:ge-0/1/0                                
2019-02-06 13:47:31,596 INFO  n.e.o.c.TopologySteps               - deleting pantex-rt4:ge-0/0/2                                
2019-02-06 13:47:31,597 INFO  n.e.o.c.TopologySteps               - deleting pantex-rt4:ge-0/0/1                                
2019-02-06 13:47:31,597 INFO  n.e.o.c.TopologySteps               - deleting pantex-rt4:ge-0/0/0                                
2019-02-06 13:47:31,597 INFO  n.e.o.c.TopologySteps               - deleting pantex-rt4                                         
2019-02-06 13:47:31,600 INFO  n.e.o.c.TopologySteps               - deleting ameslab-rt3:xe-1/0/0                               
2019-02-06 13:47:31,600 INFO  n.e.o.c.TopologySteps               - deleting ameslab-rt3:xe-0/1/0                               
2019-02-06 13:47:31,601 INFO  n.e.o.c.TopologySteps               - deleting ameslab-rt3:xe-0/2/0                               
2019-02-06 13:47:31,601 INFO  n.e.o.c.TopologySteps               - deleting ameslab-rt3:xe-1/3/0                               
2019-02-06 13:47:31,601 INFO  n.e.o.c.TopologySteps               - deleting ameslab-rt3:xe-0/0/0                               
2019-02-06 13:47:31,601 INFO  n.e.o.c.TopologySteps               - deleting ameslab-rt3:xe-1/1/0                               
2019-02-06 13:47:31,602 INFO  n.e.o.c.TopologySteps               - deleting ameslab-rt3                                        
2019-02-06 13:47:31,604 INFO  n.e.o.c.TopologySteps               - deleting hous-cr5:10/1/4                                    
2019-02-06 13:47:31,604 INFO  n.e.o.c.TopologySteps               - deleting hous-cr5:1/1/1                                     
2019-02-06 13:47:31,604 INFO  n.e.o.c.TopologySteps               - deleting hous-cr5:4/1/1                                     
2019-02-06 13:47:31,604 INFO  n.e.o.c.TopologySteps               - deleting hous-cr5:3/1/1                                     
2019-02-06 13:47:31,604 INFO  n.e.o.c.TopologySteps               - deleting hous-cr5:10/1/3                                    
2019-02-06 13:47:31,604 INFO  n.e.o.c.TopologySteps               - deleting hous-cr5:2/1/1                                     
2019-02-06 13:47:31,605 INFO  n.e.o.c.TopologySteps               - deleting hous-cr5                                           
2019-02-06 13:47:31,608 INFO  n.e.o.c.TopologySteps               - deleting aofa-cr5:10/1/1                                    
2019-02-06 13:47:31,608 INFO  n.e.o.c.TopologySteps               - deleting aofa-cr5:9/1/5                                     
2019-02-06 13:47:31,608 INFO  n.e.o.c.TopologySteps               - deleting aofa-cr5:7/2/1                                     
2019-02-06 13:47:31,609 INFO  n.e.o.c.TopologySteps               - deleting aofa-cr5:10/1/2                                    
2019-02-06 13:47:31,609 INFO  n.e.o.c.TopologySteps               - deleting aofa-cr5:4/2/1                                     
2019-02-06 13:47:31,609 INFO  n.e.o.c.TopologySteps               - deleting aofa-cr5:9/1/1                                     
2019-02-06 13:47:31,609 INFO  n.e.o.c.TopologySteps               - deleting aofa-cr5:1/1/1                                     
2019-02-06 13:47:31,609 INFO  n.e.o.c.TopologySteps               - deleting aofa-cr5:10/1/9                                    
2019-02-06 13:47:31,609 INFO  n.e.o.c.TopologySteps               - deleting aofa-cr5:5/1/1                                     
2019-02-06 13:47:31,609 INFO  n.e.o.c.TopologySteps               - deleting aofa-cr5:4/1/1                                     
2019-02-06 13:47:31,609 INFO  n.e.o.c.TopologySteps               - deleting aofa-cr5:2/1/1                                     
2019-02-06 13:47:31,610 INFO  n.e.o.c.TopologySteps               - deleting aofa-cr5:6/2/1                                     
2019-02-06 13:47:31,610 INFO  n.e.o.c.TopologySteps               - deleting aofa-cr5:3/1/1                                     
2019-02-06 13:47:31,610 INFO  n.e.o.c.TopologySteps               - deleting aofa-cr5:10/1/8                                    
2019-02-06 13:47:31,610 INFO  n.e.o.c.TopologySteps               - deleting aofa-cr5                                           
2019-02-06 13:47:31,611 INFO  n.e.o.c.TopologySteps               - deleting osti-rt2:ae0                                       
2019-02-06 13:47:31,611 INFO  n.e.o.c.TopologySteps               - deleting osti-rt2:xe-1/2/0                                  
2019-02-06 13:47:31,611 INFO  n.e.o.c.TopologySteps               - deleting osti-rt2                                           
2019-02-06 13:47:31,614 INFO  n.e.o.c.TopologySteps               - deleting pnwg-cr5:10/1/2                                    
2019-02-06 13:47:31,614 INFO  n.e.o.c.TopologySteps               - deleting pnwg-cr5:3/1/1                                     
2019-02-06 13:47:31,614 INFO  n.e.o.c.TopologySteps               - deleting pnwg-cr5:2/2/1                                     
2019-02-06 13:47:31,614 INFO  n.e.o.c.TopologySteps               - deleting pnwg-cr5:10/1/6                                    
2019-02-06 13:47:31,615 INFO  n.e.o.c.TopologySteps               - deleting pnwg-cr5:10/1/9                                    
2019-02-06 13:47:31,615 INFO  n.e.o.c.TopologySteps               - deleting pnwg-cr5:10/1/10                                   
2019-02-06 13:47:31,615 INFO  n.e.o.c.TopologySteps               - deleting pnwg-cr5:10/1/3                                    
2019-02-06 13:47:31,615 INFO  n.e.o.c.TopologySteps               - deleting pnwg-cr5:10/1/5                                    
2019-02-06 13:47:31,615 INFO  n.e.o.c.TopologySteps               - deleting pnwg-cr5:9/1/2                                     
2019-02-06 13:47:31,615 INFO  n.e.o.c.TopologySteps               - deleting pnwg-cr5:2/1/1                                     
2019-02-06 13:47:31,615 INFO  n.e.o.c.TopologySteps               - deleting pnwg-cr5:1/1/1                                     
2019-02-06 13:47:31,615 INFO  n.e.o.c.TopologySteps               - deleting pnwg-cr5:10/1/4                                    
2019-02-06 13:47:31,616 INFO  n.e.o.c.TopologySteps               - deleting pnwg-cr5:BLANK                                     
2019-02-06 13:47:31,616 INFO  n.e.o.c.TopologySteps               - deleting pnwg-cr5                                           
2019-02-06 13:47:31,618 INFO  n.e.o.c.TopologySteps               - deleting amst-cr5:10/1/1                                    
2019-02-06 13:47:31,618 INFO  n.e.o.c.TopologySteps               - deleting amst-cr5:10/1/2                                    
2019-02-06 13:47:31,619 INFO  n.e.o.c.TopologySteps               - deleting amst-cr5:5/1/1                                     
2019-02-06 13:47:31,619 INFO  n.e.o.c.TopologySteps               - deleting amst-cr5:3/1/1                                     
2019-02-06 13:47:31,619 INFO  n.e.o.c.TopologySteps               - deleting amst-cr5:2/1/1                                     
2019-02-06 13:47:31,619 INFO  n.e.o.c.TopologySteps               - deleting amst-cr5:1/2/1                                     
2019-02-06 13:47:31,619 INFO  n.e.o.c.TopologySteps               - deleting amst-cr5:1/1/1                                     
2019-02-06 13:47:31,619 INFO  n.e.o.c.TopologySteps               - deleting amst-cr5:10/2/5                                    
2019-02-06 13:47:31,620 INFO  n.e.o.c.TopologySteps               - deleting amst-cr5                                           
2019-02-06 13:47:31,622 INFO  n.e.o.c.TopologySteps               - deleting albq-cr5:1/1/1                                     
2019-02-06 13:47:31,623 INFO  n.e.o.c.TopologySteps               - deleting albq-cr5:2/1/1                                     
2019-02-06 13:47:31,623 INFO  n.e.o.c.TopologySteps               - deleting albq-cr5:3/1/1                                     
2019-02-06 13:47:31,623 INFO  n.e.o.c.TopologySteps               - deleting albq-cr5:10/1/2                                    
2019-02-06 13:47:31,623 INFO  n.e.o.c.TopologySteps               - deleting albq-cr5:10/1/5                                    
2019-02-06 13:47:31,623 INFO  n.e.o.c.TopologySteps               - deleting albq-cr5:10/1/4                                    
2019-02-06 13:47:31,623 INFO  n.e.o.c.TopologySteps               - deleting albq-cr5:10/1/3                                    
2019-02-06 13:47:31,624 INFO  n.e.o.c.TopologySteps               - deleting albq-cr5                                           
2019-02-06 13:47:31,631 INFO  n.e.o.c.TopologySteps               - deleting lbl-mr2:xe-0/2/0                                   
2019-02-06 13:47:31,631 INFO  n.e.o.c.TopologySteps               - deleting lbl-mr2:xe-8/3/0                                   
2019-02-06 13:47:31,632 INFO  n.e.o.c.TopologySteps               - deleting lbl-mr2:ge-9/1/0                                   
2019-02-06 13:47:31,632 INFO  n.e.o.c.TopologySteps               - deleting lbl-mr2:xe-2/3/0                                   
2019-02-06 13:47:31,632 INFO  n.e.o.c.TopologySteps               - deleting lbl-mr2:xe-0/1/0                                   
2019-02-06 13:47:31,632 INFO  n.e.o.c.TopologySteps               - deleting lbl-mr2:ge-9/1/8                                   
2019-02-06 13:47:31,632 INFO  n.e.o.c.TopologySteps               - deleting lbl-mr2:ae0                                        
2019-02-06 13:47:31,633 INFO  n.e.o.c.TopologySteps               - deleting lbl-mr2:xe-1/3/0                                   
2019-02-06 13:47:31,633 INFO  n.e.o.c.TopologySteps               - deleting lbl-mr2:xe-7/0/0                                   
2019-02-06 13:47:31,633 INFO  n.e.o.c.TopologySteps               - deleting lbl-mr2:xe-2/1/0                                   
2019-02-06 13:47:31,633 INFO  n.e.o.c.TopologySteps               - deleting lbl-mr2:ge-9/0/4                                   
2019-02-06 13:47:31,633 INFO  n.e.o.c.TopologySteps               - deleting lbl-mr2:xe-1/1/0                                   
2019-02-06 13:47:31,633 INFO  n.e.o.c.TopologySteps               - deleting lbl-mr2:xe-8/1/0                                   
2019-02-06 13:47:31,633 INFO  n.e.o.c.TopologySteps               - deleting lbl-mr2:xe-2/2/0                                   
2019-02-06 13:47:31,633 INFO  n.e.o.c.TopologySteps               - deleting lbl-mr2:ge-9/1/2                                   
2019-02-06 13:47:31,633 INFO  n.e.o.c.TopologySteps               - deleting lbl-mr2:xe-7/2/0                                   
2019-02-06 13:47:31,634 INFO  n.e.o.c.TopologySteps               - deleting lbl-mr2                                            
2019-02-06 13:47:31,637 INFO  n.e.o.c.TopologySteps               - deleting denv-cr5:1/1/1                                     
2019-02-06 13:47:31,637 INFO  n.e.o.c.TopologySteps               - deleting denv-cr5:10/1/4                                    
2019-02-06 13:47:31,637 INFO  n.e.o.c.TopologySteps               - deleting denv-cr5:10/1/10                                   
2019-02-06 13:47:31,637 INFO  n.e.o.c.TopologySteps               - deleting denv-cr5:3/1/1                                     
2019-02-06 13:47:31,637 INFO  n.e.o.c.TopologySteps               - deleting denv-cr5:4/1/1                                     
2019-02-06 13:47:31,637 INFO  n.e.o.c.TopologySteps               - deleting denv-cr5:4/2/1                                     
2019-02-06 13:47:31,638 INFO  n.e.o.c.TopologySteps               - deleting denv-cr5:10/1/6                                    
2019-02-06 13:47:31,638 INFO  n.e.o.c.TopologySteps               - deleting denv-cr5:10/1/11                                   
2019-02-06 13:47:31,638 INFO  n.e.o.c.TopologySteps               - deleting denv-cr5:9/1/3                                     
2019-02-06 13:47:31,638 INFO  n.e.o.c.TopologySteps               - deleting denv-cr5:10/1/5                                    
2019-02-06 13:47:31,638 INFO  n.e.o.c.TopologySteps               - deleting denv-cr5:9/1/1                                     
2019-02-06 13:47:31,638 INFO  n.e.o.c.TopologySteps               - deleting denv-cr5:10/1/12                                   
2019-02-06 13:47:31,638 INFO  n.e.o.c.TopologySteps               - deleting denv-cr5:2/1/1                                     
2019-02-06 13:47:31,638 INFO  n.e.o.c.TopologySteps               - deleting denv-cr5:10/1/7                                    
2019-02-06 13:47:31,638 INFO  n.e.o.c.TopologySteps               - deleting denv-cr5:10/1/3                                    
2019-02-06 13:47:31,639 INFO  n.e.o.c.TopologySteps               - deleting denv-cr5                                           
2019-02-06 13:47:31,643 INFO  n.e.o.c.TopologySteps               - deleting star-cr5:BLANK                                     
2019-02-06 13:47:31,644 INFO  n.e.o.c.TopologySteps               - deleting star-cr5:6/1/1                                     
2019-02-06 13:47:31,644 INFO  n.e.o.c.TopologySteps               - deleting star-cr5:1/2/1                                     
2019-02-06 13:47:31,644 INFO  n.e.o.c.TopologySteps               - deleting star-cr5:5/1/1                                     
2019-02-06 13:47:31,644 INFO  n.e.o.c.TopologySteps               - deleting star-cr5:9/1/4                                     
2019-02-06 13:47:31,644 INFO  n.e.o.c.TopologySteps               - deleting star-cr5:8/1/6                                     
2019-02-06 13:47:31,644 INFO  n.e.o.c.TopologySteps               - deleting star-cr5:3/1/1                                     
2019-02-06 13:47:31,645 INFO  n.e.o.c.TopologySteps               - deleting star-cr5:1/1/1                                     
2019-02-06 13:47:31,645 INFO  n.e.o.c.TopologySteps               - deleting star-cr5:8/1/4                                     
2019-02-06 13:47:31,645 INFO  n.e.o.c.TopologySteps               - deleting star-cr5:8/1/2                                     
2019-02-06 13:47:31,645 INFO  n.e.o.c.TopologySteps               - deleting star-cr5:4/1/1                                     
2019-02-06 13:47:31,645 INFO  n.e.o.c.TopologySteps               - deleting star-cr5:10/1/8                                    
2019-02-06 13:47:31,645 INFO  n.e.o.c.TopologySteps               - deleting star-cr5:4/2/1                                     
2019-02-06 13:47:31,645 INFO  n.e.o.c.TopologySteps               - deleting star-cr5:10/1/7                                    
2019-02-06 13:47:31,645 INFO  n.e.o.c.TopologySteps               - deleting star-cr5:10/1/10                                   
2019-02-06 13:47:31,645 INFO  n.e.o.c.TopologySteps               - deleting star-cr5:3/2/1                                     
2019-02-06 13:47:31,646 INFO  n.e.o.c.TopologySteps               - deleting star-cr5:10/1/1                                    
2019-02-06 13:47:31,646 INFO  n.e.o.c.TopologySteps               - deleting star-cr5:6/2/1                                     
2019-02-06 13:47:31,646 INFO  n.e.o.c.TopologySteps               - deleting star-cr5                                           
2019-02-06 13:47:31,648 INFO  n.e.o.c.TopologySteps               - deleting bost-cr5:10/1/6                                    
2019-02-06 13:47:31,648 INFO  n.e.o.c.TopologySteps               - deleting bost-cr5:10/2/3                                    
2019-02-06 13:47:31,648 INFO  n.e.o.c.TopologySteps               - deleting bost-cr5:10/1/2                                    
2019-02-06 13:47:31,648 INFO  n.e.o.c.TopologySteps               - deleting bost-cr5:1/1/1                                     
2019-02-06 13:47:31,649 INFO  n.e.o.c.TopologySteps               - deleting bost-cr5:2/1/1                                     
2019-02-06 13:47:31,649 INFO  n.e.o.c.TopologySteps               - deleting bost-cr5:10/1/5                                    
2019-02-06 13:47:31,649 INFO  n.e.o.c.TopologySteps               - deleting bost-cr5:3/1/1                                     
2019-02-06 13:47:31,649 INFO  n.e.o.c.TopologySteps               - deleting bost-cr5                                           
2019-02-06 13:47:31,839 INFO  n.e.o.c.TopologySteps               - clearing ports                                              
2019-02-06 13:47:31,840 INFO  n.e.o.c.TopologySteps               - clearing versions                                           
2019-02-06 13:47:31,862 DEBUG n.e.o.t.p.TopoPopulator             - Loaded topology from config/test/topo/one.json , config/test/topo/adj_none.json
2019-02-06 13:47:31,865 INFO  n.e.o.t.s.TopoLibrary               -  will add port A:1                                          
2019-02-06 13:47:31,865 INFO  n.e.o.t.s.TopoLibrary               -  will add port A:2                                          
2019-02-06 13:47:31,869 DEBUG n.e.o.t.s.UpdateSvc                 - New version id is: 655                                      
2019-02-06 13:47:31,869 INFO  n.e.o.t.s.UpdateSvc                 - Merging version delta                                       
2019-02-06 13:47:31,877 INFO  n.e.o.t.s.UpdateSvc                 - d: inserting: A                                             
2019-02-06 13:47:31,877 INFO  n.e.o.t.s.UpdateSvc                 - finished merging devices                                    
2019-02-06 13:47:31,877 INFO  n.e.o.t.s.UpdateSvc                 -    inserted       : 1                                       
2019-02-06 13:47:31,877 INFO  n.e.o.t.s.UpdateSvc                 -    ver updated    : 0                                       
2019-02-06 13:47:31,877 INFO  n.e.o.t.s.UpdateSvc                 -     + unchanged      : 0                                    
2019-02-06 13:47:31,877 INFO  n.e.o.t.s.UpdateSvc                 -     + data updated   : 0                                    
2019-02-06 13:47:31,877 INFO  n.e.o.t.s.UpdateSvc                 -    invalidated    :   0                                     
2019-02-06 13:47:31,880 INFO  n.e.o.t.s.UpdateSvc                 - inserting p: A:1 to A                                       
2019-02-06 13:47:31,880 DEBUG n.e.o.t.s.UpdateSvc                 - A:1 656                                                     
2019-02-06 13:47:31,881 INFO  n.e.o.t.s.UpdateSvc                 - inserting p: A:2 to A                                       
2019-02-06 13:47:31,881 DEBUG n.e.o.t.s.UpdateSvc                 - A:2 656                                                     
2019-02-06 13:47:31,881 DEBUG n.e.o.t.s.UpdateSvc                 - A:1 656                                                     
2019-02-06 13:47:31,881 INFO  n.e.o.t.s.UpdateSvc                 - finished merging ports                                      
2019-02-06 13:47:31,882 INFO  n.e.o.t.s.UpdateSvc                 -    inserted     :   2                                       
2019-02-06 13:47:31,882 INFO  n.e.o.t.s.UpdateSvc                 -    ver updated  :   0                                       
2019-02-06 13:47:31,882 INFO  n.e.o.t.s.UpdateSvc                 -    data updated :   0                                       
2019-02-06 13:47:31,882 INFO  n.e.o.t.s.UpdateSvc                 -    invalidated  :   0                                       
2019-02-06 13:47:31,882 INFO  n.e.o.t.s.UpdateSvc                 - finished merging adjacencies                                
2019-02-06 13:47:31,882 INFO  n.e.o.t.s.UpdateSvc                 -    inserted     :   0                                       
2019-02-06 13:47:31,882 INFO  n.e.o.t.s.UpdateSvc                 -    ver updated  :   0                                       
2019-02-06 13:47:31,882 INFO  n.e.o.t.s.UpdateSvc                 -    data updated :   0                                       
2019-02-06 13:47:31,882 INFO  n.e.o.t.s.UpdateSvc                 -    invalidated  :   0                                       
2019-02-06 13:47:31,882 INFO  n.e.o.t.s.UpdateSvc                 - finished merging topology delta.                            
2019-02-06 13:47:31,935 INFO  n.e.o.c.TopologySteps               - clearing adjacencies                                        
2019-02-06 13:47:31,936 INFO  n.e.o.c.TopologySteps               - clearing devices                                            
2019-02-06 13:47:31,939 INFO  n.e.o.c.TopologySteps               - deleting A:2                                                
2019-02-06 13:47:31,940 INFO  n.e.o.c.TopologySteps               - deleting A:1                                                
2019-02-06 13:47:31,940 INFO  n.e.o.c.TopologySteps               - deleting A                                                  
2019-02-06 13:47:31,941 INFO  n.e.o.c.TopologySteps               - clearing ports                                              
2019-02-06 13:47:31,942 INFO  n.e.o.c.TopologySteps               - clearing versions                                           
2019-02-06 13:47:31,952 DEBUG n.e.o.t.p.TopoPopulator             - Loaded topology from config/test/topo/two_routers.json , config/test/topo/adj_a_b_mpls.json
2019-02-06 13:47:31,954 INFO  n.e.o.t.s.TopoLibrary               -  will add port A:1                                          
2019-02-06 13:47:31,955 INFO  n.e.o.t.s.TopoLibrary               -  will add port A:2                                          
2019-02-06 13:47:31,955 INFO  n.e.o.t.s.TopoLibrary               -  will add port B:1                                          
2019-02-06 13:47:31,955 INFO  n.e.o.t.s.TopoLibrary               -  will add port B:2                                          
2019-02-06 13:47:31,959 DEBUG n.e.o.t.s.UpdateSvc                 - New version id is: 659                                      
2019-02-06 13:47:31,959 INFO  n.e.o.t.s.UpdateSvc                 - Merging version delta                                       
2019-02-06 13:47:31,965 INFO  n.e.o.t.s.UpdateSvc                 - d: inserting: A                                             
2019-02-06 13:47:31,966 INFO  n.e.o.t.s.UpdateSvc                 - d: inserting: B                                             
2019-02-06 13:47:31,966 INFO  n.e.o.t.s.UpdateSvc                 - finished merging devices                                    
2019-02-06 13:47:31,966 INFO  n.e.o.t.s.UpdateSvc                 -    inserted       : 2                                       
2019-02-06 13:47:31,966 INFO  n.e.o.t.s.UpdateSvc                 -    ver updated    : 0                                       
2019-02-06 13:47:31,966 INFO  n.e.o.t.s.UpdateSvc                 -     + unchanged      : 0                                    
2019-02-06 13:47:31,966 INFO  n.e.o.t.s.UpdateSvc                 -     + data updated   : 0                                    
2019-02-06 13:47:31,966 INFO  n.e.o.t.s.UpdateSvc                 -    invalidated    :   0                                     
2019-02-06 13:47:31,969 INFO  n.e.o.t.s.UpdateSvc                 - inserting p: A:1 to A                                       
2019-02-06 13:47:31,970 DEBUG n.e.o.t.s.UpdateSvc                 - A:1 660                                                     
2019-02-06 13:47:31,970 INFO  n.e.o.t.s.UpdateSvc                 - inserting p: A:2 to A                                       
2019-02-06 13:47:31,971 DEBUG n.e.o.t.s.UpdateSvc                 - A:1 660                                                     
2019-02-06 13:47:31,971 DEBUG n.e.o.t.s.UpdateSvc                 - A:2 660                                                     
2019-02-06 13:47:31,971 INFO  n.e.o.t.s.UpdateSvc                 - inserting p: B:1 to B                                       
2019-02-06 13:47:31,972 DEBUG n.e.o.t.s.UpdateSvc                 - B:1 661                                                     
2019-02-06 13:47:31,972 INFO  n.e.o.t.s.UpdateSvc                 - inserting p: B:2 to B                                       
2019-02-06 13:47:31,973 DEBUG n.e.o.t.s.UpdateSvc                 - B:2 661                                                     
2019-02-06 13:47:31,973 DEBUG n.e.o.t.s.UpdateSvc                 - B:1 661                                                     
2019-02-06 13:47:31,973 INFO  n.e.o.t.s.UpdateSvc                 - finished merging ports                                      
2019-02-06 13:47:31,973 INFO  n.e.o.t.s.UpdateSvc                 -    inserted     :   4                                       
2019-02-06 13:47:31,973 INFO  n.e.o.t.s.UpdateSvc                 -    ver updated  :   0                                       
2019-02-06 13:47:31,973 INFO  n.e.o.t.s.UpdateSvc                 -    data updated :   0                                       
2019-02-06 13:47:31,973 INFO  n.e.o.t.s.UpdateSvc                 -    invalidated  :   0                                       
2019-02-06 13:47:31,975 INFO  n.e.o.t.s.UpdateSvc                 - inserting pa: A:2 - B:2                                     
2019-02-06 13:47:31,977 INFO  n.e.o.t.s.UpdateSvc                 - inserting pa: B:2 - A:2                                     
2019-02-06 13:47:31,978 INFO  n.e.o.t.s.UpdateSvc                 - finished merging adjacencies                                
2019-02-06 13:47:31,978 INFO  n.e.o.t.s.UpdateSvc                 -    inserted     :   2                                       
2019-02-06 13:47:31,978 INFO  n.e.o.t.s.UpdateSvc                 -    ver updated  :   0                                       
2019-02-06 13:47:31,978 INFO  n.e.o.t.s.UpdateSvc                 -    data updated :   0                                       
2019-02-06 13:47:31,978 INFO  n.e.o.t.s.UpdateSvc                 -    invalidated  :   0                                       
2019-02-06 13:47:31,978 INFO  n.e.o.t.s.UpdateSvc                 - finished merging topology delta.                            
2019-02-06 13:47:32,009 INFO  n.e.o.c.TopologySteps               - clearing adjacencies                                        
2019-02-06 13:47:32,012 INFO  n.e.o.c.TopologySteps               - clearing devices                                            
2019-02-06 13:47:32,013 INFO  n.e.o.c.TopologySteps               - deleting A:1                                                
2019-02-06 13:47:32,014 INFO  n.e.o.c.TopologySteps               - deleting A:2                                                
2019-02-06 13:47:32,014 INFO  n.e.o.c.TopologySteps               - deleting A                                                  
2019-02-06 13:47:32,015 INFO  n.e.o.c.TopologySteps               - deleting B:2                                                
2019-02-06 13:47:32,015 INFO  n.e.o.c.TopologySteps               - deleting B:1                                                
2019-02-06 13:47:32,015 INFO  n.e.o.c.TopologySteps               - deleting B                                                  
2019-02-06 13:47:32,017 INFO  n.e.o.c.TopologySteps               - clearing ports                                              
2019-02-06 13:47:32,017 INFO  n.e.o.c.TopologySteps               - clearing versions                                           
2019-02-06 13:47:32,028 DEBUG n.e.o.t.p.TopoPopulator             - Loaded topology from config/test/topo/router_and_switch.json , config/test/topo/adj_a_b_eth.json
2019-02-06 13:47:32,031 INFO  n.e.o.t.s.TopoLibrary               -  will add port A:1                                          
2019-02-06 13:47:32,031 INFO  n.e.o.t.s.TopoLibrary               -  will add port A:2                                          
2019-02-06 13:47:32,031 INFO  n.e.o.t.s.TopoLibrary               -  will add port B:1                                          
2019-02-06 13:47:32,031 INFO  n.e.o.t.s.TopoLibrary               -  will add port B:2                                          
2019-02-06 13:47:32,037 DEBUG n.e.o.t.s.UpdateSvc                 - New version id is: 668                                      
2019-02-06 13:47:32,039 INFO  n.e.o.t.s.UpdateSvc                 - Merging version delta                                       
2019-02-06 13:47:32,052 INFO  n.e.o.t.s.UpdateSvc                 - d: inserting: A                                             
2019-02-06 13:47:32,053 INFO  n.e.o.t.s.UpdateSvc                 - d: inserting: B                                             
2019-02-06 13:47:32,053 INFO  n.e.o.t.s.UpdateSvc                 - finished merging devices                                    
2019-02-06 13:47:32,053 INFO  n.e.o.t.s.UpdateSvc                 -    inserted       : 2                                       
2019-02-06 13:47:32,053 INFO  n.e.o.t.s.UpdateSvc                 -    ver updated    : 0                                       
2019-02-06 13:47:32,053 INFO  n.e.o.t.s.UpdateSvc                 -     + unchanged      : 0                                    
2019-02-06 13:47:32,053 INFO  n.e.o.t.s.UpdateSvc                 -     + data updated   : 0                                    
2019-02-06 13:47:32,053 INFO  n.e.o.t.s.UpdateSvc                 -    invalidated    :   0                                     
2019-02-06 13:47:32,057 INFO  n.e.o.t.s.UpdateSvc                 - inserting p: A:1 to A                                       
2019-02-06 13:47:32,058 DEBUG n.e.o.t.s.UpdateSvc                 - A:1 669                                                     
2019-02-06 13:47:32,059 INFO  n.e.o.t.s.UpdateSvc                 - inserting p: A:2 to A                                       
2019-02-06 13:47:32,059 DEBUG n.e.o.t.s.UpdateSvc                 - A:2 669                                                     
2019-02-06 13:47:32,059 DEBUG n.e.o.t.s.UpdateSvc                 - A:1 669                                                     
2019-02-06 13:47:32,060 INFO  n.e.o.t.s.UpdateSvc                 - inserting p: B:1 to B                                       
2019-02-06 13:47:32,060 DEBUG n.e.o.t.s.UpdateSvc                 - B:1 670                                                     
2019-02-06 13:47:32,061 INFO  n.e.o.t.s.UpdateSvc                 - inserting p: B:2 to B                                       
2019-02-06 13:47:32,061 DEBUG n.e.o.t.s.UpdateSvc                 - B:1 670                                                     
2019-02-06 13:47:32,061 DEBUG n.e.o.t.s.UpdateSvc                 - B:2 670                                                     
2019-02-06 13:47:32,061 INFO  n.e.o.t.s.UpdateSvc                 - finished merging ports                                      
2019-02-06 13:47:32,061 INFO  n.e.o.t.s.UpdateSvc                 -    inserted     :   4                                       
2019-02-06 13:47:32,061 INFO  n.e.o.t.s.UpdateSvc                 -    ver updated  :   0                                       
2019-02-06 13:47:32,061 INFO  n.e.o.t.s.UpdateSvc                 -    data updated :   0                                       
2019-02-06 13:47:32,061 INFO  n.e.o.t.s.UpdateSvc                 -    invalidated  :   0                                       
2019-02-06 13:47:32,065 INFO  n.e.o.t.s.UpdateSvc                 - inserting pa: A:2 - B:2                                     
2019-02-06 13:47:32,067 INFO  n.e.o.t.s.UpdateSvc                 - inserting pa: B:2 - A:2                                     
2019-02-06 13:47:32,068 INFO  n.e.o.t.s.UpdateSvc                 - finished merging adjacencies                                
2019-02-06 13:47:32,069 INFO  n.e.o.t.s.UpdateSvc                 -    inserted     :   2                                       
2019-02-06 13:47:32,069 INFO  n.e.o.t.s.UpdateSvc                 -    ver updated  :   0                                       
2019-02-06 13:47:32,069 INFO  n.e.o.t.s.UpdateSvc                 -    data updated :   0                                       
2019-02-06 13:47:32,069 INFO  n.e.o.t.s.UpdateSvc                 -    invalidated  :   0                                       
2019-02-06 13:47:32,069 INFO  n.e.o.t.s.UpdateSvc                 - finished merging topology delta.                            
2019-02-06 13:47:32,091 INFO  n.e.o.c.TopologySteps               - clearing adjacencies                                        
2019-02-06 13:47:32,094 INFO  n.e.o.c.TopologySteps               - clearing devices                                            
2019-02-06 13:47:32,094 INFO  n.e.o.c.TopologySteps               - deleting A:2                                                
2019-02-06 13:47:32,094 INFO  n.e.o.c.TopologySteps               - deleting A:1                                                
2019-02-06 13:47:32,095 INFO  n.e.o.c.TopologySteps               - deleting A                                                  
2019-02-06 13:47:32,095 INFO  n.e.o.c.TopologySteps               - deleting B:1                                                
2019-02-06 13:47:32,095 INFO  n.e.o.c.TopologySteps               - deleting B:2                                                
2019-02-06 13:47:32,095 INFO  n.e.o.c.TopologySteps               - deleting B                                                  
2019-02-06 13:47:32,096 INFO  n.e.o.c.TopologySteps               - clearing ports                                              
2019-02-06 13:47:32,096 INFO  n.e.o.c.TopologySteps               - clearing versions                                           
2019-02-06 13:47:32,103 DEBUG n.e.o.t.p.TopoPopulator             - Loaded topology from config/test/topo/one.json , config/test/topo/adj_none.json
2019-02-06 13:47:32,104 INFO  n.e.o.t.s.TopoLibrary               -  will add port A:1                                          
2019-02-06 13:47:32,104 INFO  n.e.o.t.s.TopoLibrary               -  will add port A:2                                          
2019-02-06 13:47:32,124 DEBUG n.e.o.t.s.UpdateSvc                 - New version id is: 677                                      
2019-02-06 13:47:32,125 INFO  n.e.o.t.s.UpdateSvc                 - Merging version delta                                       
2019-02-06 13:47:32,131 INFO  n.e.o.t.s.UpdateSvc                 - d: inserting: A                                             
2019-02-06 13:47:32,132 INFO  n.e.o.t.s.UpdateSvc                 - finished merging devices                                    
2019-02-06 13:47:32,132 INFO  n.e.o.t.s.UpdateSvc                 -    inserted       : 1                                       
2019-02-06 13:47:32,132 INFO  n.e.o.t.s.UpdateSvc                 -    ver updated    : 0                                       
2019-02-06 13:47:32,132 INFO  n.e.o.t.s.UpdateSvc                 -     + unchanged      : 0                                    
2019-02-06 13:47:32,132 INFO  n.e.o.t.s.UpdateSvc                 -     + data updated   : 0                                    
2019-02-06 13:47:32,132 INFO  n.e.o.t.s.UpdateSvc                 -    invalidated    :   0                                     
2019-02-06 13:47:32,134 INFO  n.e.o.t.s.UpdateSvc                 - inserting p: A:1 to A                                       
2019-02-06 13:47:32,134 DEBUG n.e.o.t.s.UpdateSvc                 - A:1 678                                                     
2019-02-06 13:47:32,134 INFO  n.e.o.t.s.UpdateSvc                 - inserting p: A:2 to A                                       
2019-02-06 13:47:32,134 DEBUG n.e.o.t.s.UpdateSvc                 - A:1 678                                                     
2019-02-06 13:47:32,134 DEBUG n.e.o.t.s.UpdateSvc                 - A:2 678                                                     
2019-02-06 13:47:32,135 INFO  n.e.o.t.s.UpdateSvc                 - finished merging ports                                      
2019-02-06 13:47:32,135 INFO  n.e.o.t.s.UpdateSvc                 -    inserted     :   2                                       
2019-02-06 13:47:32,135 INFO  n.e.o.t.s.UpdateSvc                 -    ver updated  :   0                                       
2019-02-06 13:47:32,135 INFO  n.e.o.t.s.UpdateSvc                 -    data updated :   0                                       
2019-02-06 13:47:32,135 INFO  n.e.o.t.s.UpdateSvc                 -    invalidated  :   0                                       
2019-02-06 13:47:32,135 INFO  n.e.o.t.s.UpdateSvc                 - finished merging adjacencies                                
2019-02-06 13:47:32,135 INFO  n.e.o.t.s.UpdateSvc                 -    inserted     :   0                                       
2019-02-06 13:47:32,135 INFO  n.e.o.t.s.UpdateSvc                 -    ver updated  :   0                                       
2019-02-06 13:47:32,135 INFO  n.e.o.t.s.UpdateSvc                 -    data updated :   0                                       
2019-02-06 13:47:32,135 INFO  n.e.o.t.s.UpdateSvc                 -    invalidated  :   0                                       
2019-02-06 13:47:32,135 INFO  n.e.o.t.s.UpdateSvc                 - finished merging topology delta.                            
2019-02-06 13:47:32,146 DEBUG n.e.o.t.p.TopoPopulator             - Loaded topology from config/test/topo/two_routers.json , config/test/topo/adj_a_b_mpls.json
2019-02-06 13:47:32,150 INFO  n.e.o.t.s.TopoService               - found 1 devices in version 677                              
2019-02-06 13:47:32,150 INFO  n.e.o.t.s.TopoService               - found 0 adjcies in version 677                              
2019-02-06 13:47:32,152 INFO  n.e.o.t.s.TopoLibrary               -  will add port B:1                                          
2019-02-06 13:47:32,152 INFO  n.e.o.t.s.TopoLibrary               -  will add port B:2                                          
2019-02-06 13:47:32,152 DEBUG n.e.o.t.s.TopoLibrary               - A:2 changed caps                                            
2019-02-06 13:47:32,152 DEBUG n.e.o.t.s.TopoLibrary               - A:2 changed vlans                                           
2019-02-06 13:47:32,161 DEBUG n.e.o.t.s.UpdateSvc                 - Setting previous version to invalid: 677                    
2019-02-06 13:47:32,166 DEBUG n.e.o.t.s.UpdateSvc                 - New version id is: 681                                      
2019-02-06 13:47:32,167 INFO  n.e.o.t.s.UpdateSvc                 - Merging version delta                                       
2019-02-06 13:47:32,181 DEBUG n.e.o.t.s.UpdateSvc                 - will just update version: A                                 
2019-02-06 13:47:32,182 INFO  n.e.o.t.s.UpdateSvc                 - d: inserting: B                                             
2019-02-06 13:47:32,182 DEBUG n.e.o.t.s.UpdateSvc                 - updating version d: A                                       
2019-02-06 13:47:32,182 INFO  n.e.o.t.s.UpdateSvc                 - finished merging devices                                    
2019-02-06 13:47:32,182 INFO  n.e.o.t.s.UpdateSvc                 -    inserted       : 1                                       
2019-02-06 13:47:32,182 INFO  n.e.o.t.s.UpdateSvc                 -    ver updated    : 1                                       
2019-02-06 13:47:32,182 INFO  n.e.o.t.s.UpdateSvc                 -     + unchanged      : 1                                    
2019-02-06 13:47:32,182 INFO  n.e.o.t.s.UpdateSvc                 -     + data updated   : 0                                    
2019-02-06 13:47:32,182 INFO  n.e.o.t.s.UpdateSvc                 -    invalidated    :   0                                     
2019-02-06 13:47:32,187 INFO  n.e.o.t.s.UpdateSvc                 - inserting p: B:1 to B                                       
2019-02-06 13:47:32,187 DEBUG n.e.o.t.s.UpdateSvc                 - B:1 682                                                     
2019-02-06 13:47:32,188 INFO  n.e.o.t.s.UpdateSvc                 - inserting p: B:2 to B                                       
2019-02-06 13:47:32,188 DEBUG n.e.o.t.s.UpdateSvc                 - B:1 682                                                     
2019-02-06 13:47:32,188 DEBUG n.e.o.t.s.UpdateSvc                 - B:2 682                                                     
2019-02-06 13:47:32,189 DEBUG n.e.o.t.s.UpdateSvc                 - updating data p: A:2                                        
2019-02-06 13:47:32,189 DEBUG n.e.o.t.s.UpdateSvc                 - A:2 <- caps [MPLS]                                          
2019-02-06 13:47:32,189 DEBUG n.e.o.t.s.UpdateSvc                 - A:2 <- ifce null                                            
2019-02-06 13:47:32,189 DEBUG n.e.o.t.s.UpdateSvc                 - A:2 <- tags : null                                          
2019-02-06 13:47:32,189 DEBUG n.e.o.t.s.UpdateSvc                 - A:2 <- ipv4 null                                            
2019-02-06 13:47:32,189 DEBUG n.e.o.t.s.UpdateSvc                 - A:2 <- ipv6 null                                            
2019-02-06 13:47:32,189 DEBUG n.e.o.t.s.UpdateSvc                 - A:2 <- vlans []                                             
2019-02-06 13:47:32,189 INFO  n.e.o.t.s.UpdateSvc                 - finished merging ports                                      
2019-02-06 13:47:32,189 INFO  n.e.o.t.s.UpdateSvc                 -    inserted     :   2                                       
2019-02-06 13:47:32,189 INFO  n.e.o.t.s.UpdateSvc                 -    ver updated  :   2                                       
2019-02-06 13:47:32,189 INFO  n.e.o.t.s.UpdateSvc                 -    data updated :   1                                       
2019-02-06 13:47:32,189 INFO  n.e.o.t.s.UpdateSvc                 -    invalidated  :   0                                       
2019-02-06 13:47:32,192 INFO  n.e.o.t.s.UpdateSvc                 - inserting pa: A:2 - B:2                                     
2019-02-06 13:47:32,193 INFO  n.e.o.t.s.UpdateSvc                 - inserting pa: B:2 - A:2                                     
2019-02-06 13:47:32,195 INFO  n.e.o.t.s.UpdateSvc                 - finished merging adjacencies                                
2019-02-06 13:47:32,195 INFO  n.e.o.t.s.UpdateSvc                 -    inserted     :   2                                       
2019-02-06 13:47:32,195 INFO  n.e.o.t.s.UpdateSvc                 -    ver updated  :   0                                       
2019-02-06 13:47:32,195 INFO  n.e.o.t.s.UpdateSvc                 -    data updated :   0                                       
2019-02-06 13:47:32,195 INFO  n.e.o.t.s.UpdateSvc                 -    invalidated  :   0                                       
2019-02-06 13:47:32,195 INFO  n.e.o.t.s.UpdateSvc                 - finished merging topology delta.                            
2019-02-06 13:47:32,231 INFO  n.e.o.c.TopologySteps               - clearing adjacencies                                        
2019-02-06 13:47:32,234 INFO  n.e.o.c.TopologySteps               - clearing devices                                            
2019-02-06 13:47:32,235 INFO  n.e.o.c.TopologySteps               - deleting A:2                                                
2019-02-06 13:47:32,235 INFO  n.e.o.c.TopologySteps               - deleting A:1                                                
2019-02-06 13:47:32,235 INFO  n.e.o.c.TopologySteps               - deleting A                                                  
2019-02-06 13:47:32,236 INFO  n.e.o.c.TopologySteps               - deleting B:1                                                
2019-02-06 13:47:32,236 INFO  n.e.o.c.TopologySteps               - deleting B:2                                                
2019-02-06 13:47:32,236 INFO  n.e.o.c.TopologySteps               - deleting B                                                  
2019-02-06 13:47:32,237 INFO  n.e.o.c.TopologySteps               - clearing ports                                              
2019-02-06 13:47:32,238 INFO  n.e.o.c.TopologySteps               - clearing versions                                           
2019-02-06 13:47:32,245 DEBUG n.e.o.t.p.TopoPopulator             - Loaded topology from config/test/topo/two_routers.json , config/test/topo/adj_a_b_mpls.json
2019-02-06 13:47:32,247 INFO  n.e.o.t.s.TopoLibrary               -  will add port A:1                                          
2019-02-06 13:47:32,247 INFO  n.e.o.t.s.TopoLibrary               -  will add port A:2                                          
2019-02-06 13:47:32,247 INFO  n.e.o.t.s.TopoLibrary               -  will add port B:1                                          
2019-02-06 13:47:32,247 INFO  n.e.o.t.s.TopoLibrary               -  will add port B:2                                          
2019-02-06 13:47:32,251 DEBUG n.e.o.t.s.UpdateSvc                 - New version id is: 687                                      
2019-02-06 13:47:32,252 INFO  n.e.o.t.s.UpdateSvc                 - Merging version delta                                       
2019-02-06 13:47:32,259 INFO  n.e.o.t.s.UpdateSvc                 - d: inserting: A                                             
2019-02-06 13:47:32,259 INFO  n.e.o.t.s.UpdateSvc                 - d: inserting: B                                             
2019-02-06 13:47:32,259 INFO  n.e.o.t.s.UpdateSvc                 - finished merging devices                                    
2019-02-06 13:47:32,259 INFO  n.e.o.t.s.UpdateSvc                 -    inserted       : 2                                       
2019-02-06 13:47:32,259 INFO  n.e.o.t.s.UpdateSvc                 -    ver updated    : 0                                       
2019-02-06 13:47:32,259 INFO  n.e.o.t.s.UpdateSvc                 -     + unchanged      : 0                                    
2019-02-06 13:47:32,259 INFO  n.e.o.t.s.UpdateSvc                 -     + data updated   : 0                                    
2019-02-06 13:47:32,259 INFO  n.e.o.t.s.UpdateSvc                 -    invalidated    :   0                                     
2019-02-06 13:47:32,262 INFO  n.e.o.t.s.UpdateSvc                 - inserting p: A:1 to A                                       
2019-02-06 13:47:32,263 DEBUG n.e.o.t.s.UpdateSvc                 - A:1 688                                                     
2019-02-06 13:47:32,263 INFO  n.e.o.t.s.UpdateSvc                 - inserting p: A:2 to A                                       
2019-02-06 13:47:32,263 DEBUG n.e.o.t.s.UpdateSvc                 - A:1 688                                                     
2019-02-06 13:47:32,263 DEBUG n.e.o.t.s.UpdateSvc                 - A:2 688                                                     
2019-02-06 13:47:32,264 INFO  n.e.o.t.s.UpdateSvc                 - inserting p: B:1 to B                                       
2019-02-06 13:47:32,264 DEBUG n.e.o.t.s.UpdateSvc                 - B:1 689                                                     
2019-02-06 13:47:32,265 INFO  n.e.o.t.s.UpdateSvc                 - inserting p: B:2 to B                                       
2019-02-06 13:47:32,265 DEBUG n.e.o.t.s.UpdateSvc                 - B:1 689                                                     
2019-02-06 13:47:32,265 DEBUG n.e.o.t.s.UpdateSvc                 - B:2 689                                                     
2019-02-06 13:47:32,265 INFO  n.e.o.t.s.UpdateSvc                 - finished merging ports                                      
2019-02-06 13:47:32,265 INFO  n.e.o.t.s.UpdateSvc                 -    inserted     :   4                                       
2019-02-06 13:47:32,265 INFO  n.e.o.t.s.UpdateSvc                 -    ver updated  :   0                                       
2019-02-06 13:47:32,265 INFO  n.e.o.t.s.UpdateSvc                 -    data updated :   0                                       
2019-02-06 13:47:32,265 INFO  n.e.o.t.s.UpdateSvc                 -    invalidated  :   0                                       
2019-02-06 13:47:32,268 INFO  n.e.o.t.s.UpdateSvc                 - inserting pa: A:2 - B:2                                     
2019-02-06 13:47:32,269 INFO  n.e.o.t.s.UpdateSvc                 - inserting pa: B:2 - A:2                                     
2019-02-06 13:47:32,270 INFO  n.e.o.t.s.UpdateSvc                 - finished merging adjacencies                                
2019-02-06 13:47:32,270 INFO  n.e.o.t.s.UpdateSvc                 -    inserted     :   2                                       
2019-02-06 13:47:32,270 INFO  n.e.o.t.s.UpdateSvc                 -    ver updated  :   0                                       
2019-02-06 13:47:32,270 INFO  n.e.o.t.s.UpdateSvc                 -    data updated :   0                                       
2019-02-06 13:47:32,270 INFO  n.e.o.t.s.UpdateSvc                 -    invalidated  :   0                                       
2019-02-06 13:47:32,270 INFO  n.e.o.t.s.UpdateSvc                 - finished merging topology delta.                            
2019-02-06 13:47:32,279 DEBUG n.e.o.t.p.TopoPopulator             - Loaded topology from config/test/topo/two_routers.json , config/test/topo/adj_a_b_mpls.json
2019-02-06 13:47:32,284 INFO  n.e.o.t.s.TopoService               - found 2 devices in version 687                              
2019-02-06 13:47:32,285 INFO  n.e.o.t.s.TopoService               - found 2 adjcies in version 687                              
2019-02-06 13:47:32,305 DEBUG n.e.o.t.s.UpdateSvc                 - Setting previous version to invalid: 687                    
2019-02-06 13:47:32,307 DEBUG n.e.o.t.s.UpdateSvc                 - New version id is: 696                                      
2019-02-06 13:47:32,308 INFO  n.e.o.t.s.UpdateSvc                 - Merging version delta                                       
2019-02-06 13:47:32,327 DEBUG n.e.o.t.s.UpdateSvc                 - will just update version: A                                 
2019-02-06 13:47:32,328 DEBUG n.e.o.t.s.UpdateSvc                 - will just update version: B                                 
2019-02-06 13:47:32,328 DEBUG n.e.o.t.s.UpdateSvc                 - updating version d: A                                       
2019-02-06 13:47:32,328 DEBUG n.e.o.t.s.UpdateSvc                 - updating version d: B                                       
2019-02-06 13:47:32,328 INFO  n.e.o.t.s.UpdateSvc                 - finished merging devices                                    
2019-02-06 13:47:32,328 INFO  n.e.o.t.s.UpdateSvc                 -    inserted       : 0                                       
2019-02-06 13:47:32,328 INFO  n.e.o.t.s.UpdateSvc                 -    ver updated    : 2                                       
2019-02-06 13:47:32,328 INFO  n.e.o.t.s.UpdateSvc                 -     + unchanged      : 2                                    
2019-02-06 13:47:32,328 INFO  n.e.o.t.s.UpdateSvc                 -     + data updated   : 0                                    
2019-02-06 13:47:32,329 INFO  n.e.o.t.s.UpdateSvc                 -    invalidated    :   0                                     
2019-02-06 13:47:32,333 INFO  n.e.o.t.s.UpdateSvc                 - finished merging ports                                      
2019-02-06 13:47:32,333 INFO  n.e.o.t.s.UpdateSvc                 -    inserted     :   0                                       
2019-02-06 13:47:32,333 INFO  n.e.o.t.s.UpdateSvc                 -    ver updated  :   4                                       
2019-02-06 13:47:32,333 INFO  n.e.o.t.s.UpdateSvc                 -    data updated :   0                                       
2019-02-06 13:47:32,333 INFO  n.e.o.t.s.UpdateSvc                 -    invalidated  :   0                                       
2019-02-06 13:47:32,336 DEBUG n.e.o.t.s.UpdateSvc                 - updating version pa: A:2 - B:2                              
2019-02-06 13:47:32,336 DEBUG n.e.o.t.s.UpdateSvc                 - updating version pa: B:2 - A:2                              
2019-02-06 13:47:32,336 INFO  n.e.o.t.s.UpdateSvc                 - finished merging adjacencies                                
2019-02-06 13:47:32,337 INFO  n.e.o.t.s.UpdateSvc                 -    inserted     :   0                                       
2019-02-06 13:47:32,337 INFO  n.e.o.t.s.UpdateSvc                 -    ver updated  :   2                                       
2019-02-06 13:47:32,337 INFO  n.e.o.t.s.UpdateSvc                 -    data updated :   0                                       
2019-02-06 13:47:32,337 INFO  n.e.o.t.s.UpdateSvc                 -    invalidated  :   0                                       
2019-02-06 13:47:32,337 INFO  n.e.o.t.s.UpdateSvc                 - finished merging topology delta.                            
2019-02-06 13:47:32,361 INFO  n.e.o.c.TopologySteps               - clearing adjacencies                                        
2019-02-06 13:47:32,365 INFO  n.e.o.c.TopologySteps               - clearing devices                                            
2019-02-06 13:47:32,366 INFO  n.e.o.c.TopologySteps               - deleting A:1                                                
2019-02-06 13:47:32,366 INFO  n.e.o.c.TopologySteps               - deleting A:2                                                
2019-02-06 13:47:32,367 INFO  n.e.o.c.TopologySteps               - deleting A                                                  
2019-02-06 13:47:32,367 INFO  n.e.o.c.TopologySteps               - deleting B:1                                                
2019-02-06 13:47:32,368 INFO  n.e.o.c.TopologySteps               - deleting B:2                                                
2019-02-06 13:47:32,368 INFO  n.e.o.c.TopologySteps               - deleting B                                                  
2019-02-06 13:47:32,369 INFO  n.e.o.c.TopologySteps               - clearing ports                                              
2019-02-06 13:47:32,370 INFO  n.e.o.c.TopologySteps               - clearing versions                                           
2019-02-06 13:47:32,376 DEBUG n.e.o.t.p.TopoPopulator             - Loaded topology from config/test/topo/two_routers.json , config/test/topo/adj_a_b_mpls.json
2019-02-06 13:47:32,380 INFO  n.e.o.t.s.TopoLibrary               -  will add port A:1                                          
2019-02-06 13:47:32,380 INFO  n.e.o.t.s.TopoLibrary               -  will add port A:2                                          
2019-02-06 13:47:32,380 INFO  n.e.o.t.s.TopoLibrary               -  will add port B:1                                          
2019-02-06 13:47:32,380 INFO  n.e.o.t.s.TopoLibrary               -  will add port B:2                                          
2019-02-06 13:47:32,384 DEBUG n.e.o.t.s.UpdateSvc                 - New version id is: 697                                      
2019-02-06 13:47:32,384 INFO  n.e.o.t.s.UpdateSvc                 - Merging version delta                                       
2019-02-06 13:47:32,390 INFO  n.e.o.t.s.UpdateSvc                 - d: inserting: A                                             
2019-02-06 13:47:32,391 INFO  n.e.o.t.s.UpdateSvc                 - d: inserting: B                                             
2019-02-06 13:47:32,391 INFO  n.e.o.t.s.UpdateSvc                 - finished merging devices                                    
2019-02-06 13:47:32,391 INFO  n.e.o.t.s.UpdateSvc                 -    inserted       : 2                                       
2019-02-06 13:47:32,391 INFO  n.e.o.t.s.UpdateSvc                 -    ver updated    : 0                                       
2019-02-06 13:47:32,391 INFO  n.e.o.t.s.UpdateSvc                 -     + unchanged      : 0                                    
2019-02-06 13:47:32,391 INFO  n.e.o.t.s.UpdateSvc                 -     + data updated   : 0                                    
2019-02-06 13:47:32,391 INFO  n.e.o.t.s.UpdateSvc                 -    invalidated    :   0                                     
2019-02-06 13:47:32,393 INFO  n.e.o.t.s.UpdateSvc                 - inserting p: A:1 to A                                       
2019-02-06 13:47:32,393 DEBUG n.e.o.t.s.UpdateSvc                 - A:1 698                                                     
2019-02-06 13:47:32,394 INFO  n.e.o.t.s.UpdateSvc                 - inserting p: A:2 to A                                       
2019-02-06 13:47:32,394 DEBUG n.e.o.t.s.UpdateSvc                 - A:1 698                                                     
2019-02-06 13:47:32,394 DEBUG n.e.o.t.s.UpdateSvc                 - A:2 698                                                     
2019-02-06 13:47:32,394 INFO  n.e.o.t.s.UpdateSvc                 - inserting p: B:1 to B                                       
2019-02-06 13:47:32,395 DEBUG n.e.o.t.s.UpdateSvc                 - B:1 699                                                     
2019-02-06 13:47:32,395 INFO  n.e.o.t.s.UpdateSvc                 - inserting p: B:2 to B                                       
2019-02-06 13:47:32,395 DEBUG n.e.o.t.s.UpdateSvc                 - B:2 699                                                     
2019-02-06 13:47:32,395 DEBUG n.e.o.t.s.UpdateSvc                 - B:1 699                                                     
2019-02-06 13:47:32,395 INFO  n.e.o.t.s.UpdateSvc                 - finished merging ports                                      
2019-02-06 13:47:32,395 INFO  n.e.o.t.s.UpdateSvc                 -    inserted     :   4                                       
2019-02-06 13:47:32,395 INFO  n.e.o.t.s.UpdateSvc                 -    ver updated  :   0                                       
2019-02-06 13:47:32,396 INFO  n.e.o.t.s.UpdateSvc                 -    data updated :   0                                       
2019-02-06 13:47:32,396 INFO  n.e.o.t.s.UpdateSvc                 -    invalidated  :   0                                       
2019-02-06 13:47:32,398 INFO  n.e.o.t.s.UpdateSvc                 - inserting pa: A:2 - B:2                                     
2019-02-06 13:47:32,399 INFO  n.e.o.t.s.UpdateSvc                 - inserting pa: B:2 - A:2                                     
2019-02-06 13:47:32,400 INFO  n.e.o.t.s.UpdateSvc                 - finished merging adjacencies                                
2019-02-06 13:47:32,401 INFO  n.e.o.t.s.UpdateSvc                 -    inserted     :   2                                       
2019-02-06 13:47:32,401 INFO  n.e.o.t.s.UpdateSvc                 -    ver updated  :   0                                       
2019-02-06 13:47:32,401 INFO  n.e.o.t.s.UpdateSvc                 -    data updated :   0                                       
2019-02-06 13:47:32,401 INFO  n.e.o.t.s.UpdateSvc                 -    invalidated  :   0                                       
2019-02-06 13:47:32,401 INFO  n.e.o.t.s.UpdateSvc                 - finished merging topology delta.                            
2019-02-06 13:47:32,411 DEBUG n.e.o.t.p.TopoPopulator             - Loaded topology from config/test/topo/one.json , config/test/topo/adj_none.json
2019-02-06 13:47:32,427 INFO  n.e.o.t.s.TopoService               - found 2 devices in version 697                              
2019-02-06 13:47:32,427 INFO  n.e.o.t.s.TopoService               - found 2 adjcies in version 697                              
2019-02-06 13:47:32,429 INFO  n.e.o.t.s.TopoLibrary               -  will remove port B:1                                       
2019-02-06 13:47:32,429 INFO  n.e.o.t.s.TopoLibrary               -  will remove port B:2                                       
2019-02-06 13:47:32,429 DEBUG n.e.o.t.s.TopoLibrary               - A:2 changed caps                                            
2019-02-06 13:47:32,429 DEBUG n.e.o.t.s.TopoLibrary               - A:2 changed vlans                                           
2019-02-06 13:47:32,439 DEBUG n.e.o.t.s.UpdateSvc                 - Setting previous version to invalid: 697                    
2019-02-06 13:47:32,441 DEBUG n.e.o.t.s.UpdateSvc                 - New version id is: 706                                      
2019-02-06 13:47:32,441 INFO  n.e.o.t.s.UpdateSvc                 - Merging version delta                                       
2019-02-06 13:47:32,454 INFO  n.e.o.t.s.UpdateSvc                 - will invalidate device (and all ports): B                   
2019-02-06 13:47:32,455 DEBUG n.e.o.t.s.UpdateSvc                 - will just update version: A                                 
2019-02-06 13:47:32,455 DEBUG n.e.o.t.s.UpdateSvc                 - updating version d: A                                       
2019-02-06 13:47:32,456 INFO  n.e.o.t.s.UpdateSvc                 - finished merging devices                                    
2019-02-06 13:47:32,456 INFO  n.e.o.t.s.UpdateSvc                 -    inserted       : 0                                       
2019-02-06 13:47:32,456 INFO  n.e.o.t.s.UpdateSvc                 -    ver updated    : 1                                       
2019-02-06 13:47:32,456 INFO  n.e.o.t.s.UpdateSvc                 -     + unchanged      : 1                                    
2019-02-06 13:47:32,456 INFO  n.e.o.t.s.UpdateSvc                 -     + data updated   : 0                                    
2019-02-06 13:47:32,456 INFO  n.e.o.t.s.UpdateSvc                 -    invalidated    :   1                                     
2019-02-06 13:47:32,459 DEBUG n.e.o.t.s.UpdateSvc                 - updating data p: A:2                                        
2019-02-06 13:47:32,460 DEBUG n.e.o.t.s.UpdateSvc                 - A:2 <- caps [ETHERNET]                                      
2019-02-06 13:47:32,460 DEBUG n.e.o.t.s.UpdateSvc                 - A:2 <- ifce null                                            
2019-02-06 13:47:32,460 DEBUG n.e.o.t.s.UpdateSvc                 - A:2 <- tags : null                                          
2019-02-06 13:47:32,460 DEBUG n.e.o.t.s.UpdateSvc                 - A:2 <- ipv4 null                                            
2019-02-06 13:47:32,460 DEBUG n.e.o.t.s.UpdateSvc                 - A:2 <- ipv6 null                                            
2019-02-06 13:47:32,460 DEBUG n.e.o.t.s.UpdateSvc                 - A:2 <- vlans [IntRange(floor=100, ceiling=200)]             
2019-02-06 13:47:32,460 DEBUG n.e.o.t.s.UpdateSvc                 - invalidating port B:1                                       
2019-02-06 13:47:32,461 DEBUG n.e.o.t.s.UpdateSvc                 - B:2                                                         
2019-02-06 13:47:32,461 DEBUG n.e.o.t.s.UpdateSvc                 - B:1                                                         
2019-02-06 13:47:32,461 DEBUG n.e.o.t.s.UpdateSvc                 - invalidating port B:2                                       
2019-02-06 13:47:32,462 DEBUG n.e.o.t.s.UpdateSvc                 - B:2                                                         
2019-02-06 13:47:32,462 DEBUG n.e.o.t.s.UpdateSvc                 - B:1                                                         
2019-02-06 13:47:32,462 INFO  n.e.o.t.s.UpdateSvc                 - finished merging ports                                      
2019-02-06 13:47:32,462 INFO  n.e.o.t.s.UpdateSvc                 -    inserted     :   0                                       
2019-02-06 13:47:32,462 INFO  n.e.o.t.s.UpdateSvc                 -    ver updated  :   2                                       
2019-02-06 13:47:32,462 INFO  n.e.o.t.s.UpdateSvc                 -    data updated :   1                                       
2019-02-06 13:47:32,462 INFO  n.e.o.t.s.UpdateSvc                 -    invalidated  :   2                                       
2019-02-06 13:47:32,466 INFO  n.e.o.t.s.UpdateSvc                 - finished merging adjacencies                                
2019-02-06 13:47:32,466 INFO  n.e.o.t.s.UpdateSvc                 -    inserted     :   0                                       
2019-02-06 13:47:32,466 INFO  n.e.o.t.s.UpdateSvc                 -    ver updated  :   0                                       
2019-02-06 13:47:32,466 INFO  n.e.o.t.s.UpdateSvc                 -    data updated :   0                                       
2019-02-06 13:47:32,466 INFO  n.e.o.t.s.UpdateSvc                 -    invalidated  :   2                                       
2019-02-06 13:47:32,466 INFO  n.e.o.t.s.UpdateSvc                 - finished merging topology delta.                            
2019-02-06 13:47:32,487 INFO  n.e.o.c.TopologySteps               - clearing adjacencies                                        
2019-02-06 13:47:32,490 INFO  n.e.o.c.TopologySteps               - clearing devices                                            
2019-02-06 13:47:32,491 INFO  n.e.o.c.TopologySteps               - deleting A:1                                                
2019-02-06 13:47:32,491 INFO  n.e.o.c.TopologySteps               - deleting A:2                                                
2019-02-06 13:47:32,491 INFO  n.e.o.c.TopologySteps               - deleting A                                                  
2019-02-06 13:47:32,492 INFO  n.e.o.c.TopologySteps               - deleting B:2                                                
2019-02-06 13:47:32,492 INFO  n.e.o.c.TopologySteps               - deleting B:1                                                
2019-02-06 13:47:32,492 INFO  n.e.o.c.TopologySteps               - deleting B                                                  
2019-02-06 13:47:32,493 INFO  n.e.o.c.TopologySteps               - clearing ports                                              
2019-02-06 13:47:32,494 INFO  n.e.o.c.TopologySteps               - clearing versions                                           
2019-02-06 13:47:32,500 DEBUG n.e.o.t.p.TopoPopulator             - Loaded topology from config/test/topo/one.json , config/test/topo/adj_none.json
2019-02-06 13:47:32,501 INFO  n.e.o.t.s.TopoLibrary               -  will add port A:1                                          
2019-02-06 13:47:32,501 INFO  n.e.o.t.s.TopoLibrary               -  will add port A:2                                          
2019-02-06 13:47:32,505 DEBUG n.e.o.t.s.UpdateSvc                 - New version id is: 707                                      
2019-02-06 13:47:32,505 INFO  n.e.o.t.s.UpdateSvc                 - Merging version delta                                       
2019-02-06 13:47:32,510 INFO  n.e.o.t.s.UpdateSvc                 - d: inserting: A                                             
2019-02-06 13:47:32,510 INFO  n.e.o.t.s.UpdateSvc                 - finished merging devices                                    
2019-02-06 13:47:32,510 INFO  n.e.o.t.s.UpdateSvc                 -    inserted       : 1                                       
2019-02-06 13:47:32,510 INFO  n.e.o.t.s.UpdateSvc                 -    ver updated    : 0                                       
2019-02-06 13:47:32,510 INFO  n.e.o.t.s.UpdateSvc                 -     + unchanged      : 0                                    
2019-02-06 13:47:32,511 INFO  n.e.o.t.s.UpdateSvc                 -     + data updated   : 0                                    
2019-02-06 13:47:32,511 INFO  n.e.o.t.s.UpdateSvc                 -    invalidated    :   0                                     
2019-02-06 13:47:32,512 INFO  n.e.o.t.s.UpdateSvc                 - inserting p: A:1 to A                                       
2019-02-06 13:47:32,512 DEBUG n.e.o.t.s.UpdateSvc                 - A:1 708                                                     
2019-02-06 13:47:32,513 INFO  n.e.o.t.s.UpdateSvc                 - inserting p: A:2 to A                                       
2019-02-06 13:47:32,513 DEBUG n.e.o.t.s.UpdateSvc                 - A:1 708                                                     
2019-02-06 13:47:32,513 DEBUG n.e.o.t.s.UpdateSvc                 - A:2 708                                                     
2019-02-06 13:47:32,513 INFO  n.e.o.t.s.UpdateSvc                 - finished merging ports                                      
2019-02-06 13:47:32,513 INFO  n.e.o.t.s.UpdateSvc                 -    inserted     :   2                                       
2019-02-06 13:47:32,513 INFO  n.e.o.t.s.UpdateSvc                 -    ver updated  :   0                                       
2019-02-06 13:47:32,514 INFO  n.e.o.t.s.UpdateSvc                 -    data updated :   0                                       
2019-02-06 13:47:32,514 INFO  n.e.o.t.s.UpdateSvc                 -    invalidated  :   0                                       
2019-02-06 13:47:32,514 INFO  n.e.o.t.s.UpdateSvc                 - finished merging adjacencies                                
2019-02-06 13:47:32,514 INFO  n.e.o.t.s.UpdateSvc                 -    inserted     :   0                                       
2019-02-06 13:47:32,514 INFO  n.e.o.t.s.UpdateSvc                 -    ver updated  :   0                                       
2019-02-06 13:47:32,514 INFO  n.e.o.t.s.UpdateSvc                 -    data updated :   0                                       
2019-02-06 13:47:32,514 INFO  n.e.o.t.s.UpdateSvc                 -    invalidated  :   0                                       
2019-02-06 13:47:32,514 INFO  n.e.o.t.s.UpdateSvc                 - finished merging topology delta.                            
2019-02-06 13:47:32,531 INFO  n.e.o.t.s.TopoService               - updating pathfinding topo to version: 707                   
2019-02-06 13:47:32,539 INFO  n.e.o.t.s.TopoService               - updated with 4 topo adjacencies                             
2019-02-06 13:51:56,381 INFO  n.e.o.c.DesignSteps                 - Starting DesignSteps on sartaj-MacBook-Pro.local with PID 68632 (started by ssbaveja in /Users/ssbaveja/Desktop/Projects/oscars-newtech/backend)
2019-02-06 13:51:56,386 DEBUG n.e.o.c.DesignSteps                 - Running with Spring Boot v1.5.15.RELEASE, Spring v4.3.18.RELEASE
2019-02-06 13:51:56,387 INFO  n.e.o.c.DesignSteps                 - The following profiles are active: test                     
2019-02-06 13:52:02,696 INFO  n.e.o.a.s.JacksonConfig             - customizing jackson                                         
2019-02-06 13:52:03,629 INFO  n.e.o.p.s.RestPssServer             - PSS server URL: https://localhost:8002                      
2019-02-06 13:52:06,608 INFO  n.e.o.c.DesignSteps                 - Started DesignSteps in 10.623 seconds (JVM running for 12.353)
2019-02-06 13:52:06,832 INFO  n.e.o.c.TopologySteps               - clearing adjacencies                                        
2019-02-06 13:52:06,873 INFO  n.e.o.c.TopologySteps               - clearing devices                                            
2019-02-06 13:52:06,877 INFO  n.e.o.c.TopologySteps               - clearing ports                                              
2019-02-06 13:52:06,880 INFO  n.e.o.c.TopologySteps               - clearing versions                                           
2019-02-06 13:52:07,059 DEBUG n.e.o.t.p.TopoPopulator             - Loaded topology from config/test/topo/two_routers.json , config/test/topo/adj_a_b_mpls.json
2019-02-06 13:52:07,071 INFO  n.e.o.t.s.TopoLibrary               -  will add port A:1                                          
2019-02-06 13:52:07,072 INFO  n.e.o.t.s.TopoLibrary               -  will add port A:2                                          
2019-02-06 13:52:07,072 INFO  n.e.o.t.s.TopoLibrary               -  will add port B:1                                          
2019-02-06 13:52:07,072 INFO  n.e.o.t.s.TopoLibrary               -  will add port B:2                                          
2019-02-06 13:52:07,173 DEBUG n.e.o.t.s.UpdateSvc                 - New version id is: 1                                        
2019-02-06 13:52:07,178 INFO  n.e.o.t.s.UpdateSvc                 - Merging version delta                                       
2019-02-06 13:52:07,302 INFO  n.e.o.t.s.UpdateSvc                 - d: inserting: A                                             
2019-02-06 13:52:07,337 INFO  n.e.o.t.s.UpdateSvc                 - d: inserting: B                                             
2019-02-06 13:52:07,339 INFO  n.e.o.t.s.UpdateSvc                 - finished merging devices                                    
2019-02-06 13:52:07,341 INFO  n.e.o.t.s.UpdateSvc                 -    inserted       : 2                                       
2019-02-06 13:52:07,341 INFO  n.e.o.t.s.UpdateSvc                 -    ver updated    : 0                                       
2019-02-06 13:52:07,344 INFO  n.e.o.t.s.UpdateSvc                 -     + unchanged      : 0                                    
2019-02-06 13:52:07,345 INFO  n.e.o.t.s.UpdateSvc                 -     + data updated   : 0                                    
2019-02-06 13:52:07,345 INFO  n.e.o.t.s.UpdateSvc                 -    invalidated    :   0                                     
2019-02-06 13:52:07,379 INFO  n.e.o.t.s.UpdateSvc                 - inserting p: A:1 to A                                       
2019-02-06 13:52:07,393 DEBUG n.e.o.t.s.UpdateSvc                 - A:1 2                                                       
2019-02-06 13:52:07,397 INFO  n.e.o.t.s.UpdateSvc                 - inserting p: A:2 to A                                       
2019-02-06 13:52:07,400 DEBUG n.e.o.t.s.UpdateSvc                 - A:1 2                                                       
2019-02-06 13:52:07,400 DEBUG n.e.o.t.s.UpdateSvc                 - A:2 2                                                       
2019-02-06 13:52:07,403 INFO  n.e.o.t.s.UpdateSvc                 - inserting p: B:1 to B                                       
2019-02-06 13:52:07,405 DEBUG n.e.o.t.s.UpdateSvc                 - B:1 3                                                       
2019-02-06 13:52:07,410 INFO  n.e.o.t.s.UpdateSvc                 - inserting p: B:2 to B                                       
2019-02-06 13:52:07,419 DEBUG n.e.o.t.s.UpdateSvc                 - B:1 3                                                       
2019-02-06 13:52:07,425 DEBUG n.e.o.t.s.UpdateSvc                 - B:2 3                                                       
2019-02-06 13:52:07,426 INFO  n.e.o.t.s.UpdateSvc                 - finished merging ports                                      
2019-02-06 13:52:07,426 INFO  n.e.o.t.s.UpdateSvc                 -    inserted     :   4                                       
2019-02-06 13:52:07,426 INFO  n.e.o.t.s.UpdateSvc                 -    ver updated  :   0                                       
2019-02-06 13:52:07,426 INFO  n.e.o.t.s.UpdateSvc                 -    data updated :   0                                       
2019-02-06 13:52:07,427 INFO  n.e.o.t.s.UpdateSvc                 -    invalidated  :   0                                       
2019-02-06 13:52:07,471 INFO  n.e.o.t.s.UpdateSvc                 - inserting pa: A:2 - B:2                                     
2019-02-06 13:52:07,480 INFO  n.e.o.t.s.UpdateSvc                 - inserting pa: B:2 - A:2                                     
2019-02-06 13:52:07,487 INFO  n.e.o.t.s.UpdateSvc                 - finished merging adjacencies                                
2019-02-06 13:52:07,488 INFO  n.e.o.t.s.UpdateSvc                 -    inserted     :   2                                       
2019-02-06 13:52:07,488 INFO  n.e.o.t.s.UpdateSvc                 -    ver updated  :   0                                       
2019-02-06 13:52:07,488 INFO  n.e.o.t.s.UpdateSvc                 -    data updated :   0                                       
2019-02-06 13:52:07,488 INFO  n.e.o.t.s.UpdateSvc                 -    invalidated  :   0                                       
2019-02-06 13:52:07,488 INFO  n.e.o.t.s.UpdateSvc                 - finished merging topology delta.                            
2019-02-06 13:52:07,515 INFO  n.e.o.t.s.TopoService               - updating pathfinding topo to version: 1                     
2019-02-06 13:52:07,580 INFO  n.e.o.t.s.TopoService               - updated with 10 topo adjacencies                            
2019-02-06 13:52:07,697 INFO  n.e.o.r.s.ResvLibrary               - evaluating a pbw: PeriodBandwidth(beginning=1970-01-01T00:01:40Z, ending=1970-01-01T00:04:10Z, bandwidth=10)
2019-02-06 13:52:07,697 INFO  n.e.o.r.s.ResvLibrary               - evaluating a pbw: PeriodBandwidth(beginning=1970-01-01T00:01:40Z, ending=1970-01-01T00:04:10Z, bandwidth=10)
2019-02-06 13:52:07,697 INFO  n.e.o.r.s.ResvLibrary               - evaluating a pbw: PeriodBandwidth(beginning=1970-01-01T00:01:40Z, ending=1970-01-01T00:04:10Z, bandwidth=10)
2019-02-06 13:52:07,698 INFO  n.e.o.r.s.ResvLibrary               - evaluating a pbw: PeriodBandwidth(beginning=1970-01-01T00:01:40Z, ending=1970-01-01T00:04:10Z, bandwidth=10)
2019-02-06 13:52:07,709 INFO  n.e.o.r.s.ResvLibrary               - evaluating a pbw: PeriodBandwidth(beginning=1970-01-01T00:01:40Z, ending=1970-01-01T00:04:10Z, bandwidth=10)
2019-02-06 13:52:07,710 INFO  n.e.o.r.s.ResvLibrary               - adding a pbw: PeriodBandwidth(beginning=1970-01-01T00:01:40Z, ending=1970-01-01T00:04:10Z, bandwidth=10)
2019-02-06 13:52:07,710 INFO  n.e.o.r.s.ResvLibrary               - evaluating a pbw: PeriodBandwidth(beginning=1970-01-01T00:01:40Z, ending=1970-01-01T00:04:10Z, bandwidth=10)
2019-02-06 13:52:07,710 INFO  n.e.o.r.s.ResvLibrary               - adding a pbw: PeriodBandwidth(beginning=1970-01-01T00:01:40Z, ending=1970-01-01T00:04:10Z, bandwidth=10)
2019-02-06 13:52:07,710 INFO  n.e.o.r.s.ResvLibrary               - evaluating a pbw: PeriodBandwidth(beginning=1970-01-01T00:01:40Z, ending=1970-01-01T00:04:10Z, bandwidth=10)
2019-02-06 13:52:07,710 INFO  n.e.o.r.s.ResvLibrary               - adding a pbw: PeriodBandwidth(beginning=1970-01-01T00:01:40Z, ending=1970-01-01T00:04:10Z, bandwidth=10)
2019-02-06 13:52:07,711 INFO  n.e.o.r.s.ResvLibrary               - evaluating a pbw: PeriodBandwidth(beginning=1970-01-01T00:01:40Z, ending=1970-01-01T00:04:10Z, bandwidth=10)
2019-02-06 13:52:07,711 INFO  n.e.o.r.s.ResvLibrary               - adding a pbw: PeriodBandwidth(beginning=1970-01-01T00:01:40Z, ending=1970-01-01T00:04:10Z, bandwidth=10)
2019-02-06 13:52:07,911 INFO  n.e.o.c.TopologySteps               - clearing adjacencies                                        
2019-02-06 13:52:07,940 INFO  n.e.o.c.TopologySteps               - clearing devices                                            
2019-02-06 13:52:07,958 INFO  n.e.o.c.TopologySteps               - deleting A:1                                                
2019-02-06 13:52:07,959 INFO  n.e.o.c.TopologySteps               - deleting A:2                                                
2019-02-06 13:52:07,961 INFO  n.e.o.c.TopologySteps               - deleting A                                                  
2019-02-06 13:52:07,966 INFO  n.e.o.c.TopologySteps               - deleting B:1                                                
2019-02-06 13:52:07,967 INFO  n.e.o.c.TopologySteps               - deleting B:2                                                
2019-02-06 13:52:07,969 INFO  n.e.o.c.TopologySteps               - deleting B                                                  
2019-02-06 13:52:07,978 INFO  n.e.o.c.TopologySteps               - clearing ports                                              
2019-02-06 13:52:07,980 INFO  n.e.o.c.TopologySteps               - clearing versions                                           
2019-02-06 13:52:08,018 DEBUG n.e.o.t.p.TopoPopulator             - Loaded topology from config/test/topo/two_routers.json , config/test/topo/adj_a_b_mpls.json
2019-02-06 13:52:08,022 INFO  n.e.o.t.s.TopoLibrary               -  will add port A:1                                          
2019-02-06 13:52:08,022 INFO  n.e.o.t.s.TopoLibrary               -  will add port A:2                                          
2019-02-06 13:52:08,022 INFO  n.e.o.t.s.TopoLibrary               -  will add port B:1                                          
2019-02-06 13:52:08,022 INFO  n.e.o.t.s.TopoLibrary               -  will add port B:2                                          
2019-02-06 13:52:08,032 DEBUG n.e.o.t.s.UpdateSvc                 - New version id is: 10                                       
2019-02-06 13:52:08,034 INFO  n.e.o.t.s.UpdateSvc                 - Merging version delta                                       
2019-02-06 13:52:08,057 INFO  n.e.o.t.s.UpdateSvc                 - d: inserting: A                                             
2019-02-06 13:52:08,059 INFO  n.e.o.t.s.UpdateSvc                 - d: inserting: B                                             
2019-02-06 13:52:08,060 INFO  n.e.o.t.s.UpdateSvc                 - finished merging devices                                    
2019-02-06 13:52:08,061 INFO  n.e.o.t.s.UpdateSvc                 -    inserted       : 2                                       
2019-02-06 13:52:08,061 INFO  n.e.o.t.s.UpdateSvc                 -    ver updated    : 0                                       
2019-02-06 13:52:08,061 INFO  n.e.o.t.s.UpdateSvc                 -     + unchanged      : 0                                    
2019-02-06 13:52:08,061 INFO  n.e.o.t.s.UpdateSvc                 -     + data updated   : 0                                    
2019-02-06 13:52:08,061 INFO  n.e.o.t.s.UpdateSvc                 -    invalidated    :   0                                     
2019-02-06 13:52:08,075 INFO  n.e.o.t.s.UpdateSvc                 - inserting p: A:1 to A                                       
2019-02-06 13:52:08,076 DEBUG n.e.o.t.s.UpdateSvc                 - A:1 11                                                      
2019-02-06 13:52:08,078 INFO  n.e.o.t.s.UpdateSvc                 - inserting p: A:2 to A                                       
2019-02-06 13:52:08,079 DEBUG n.e.o.t.s.UpdateSvc                 - A:2 11                                                      
2019-02-06 13:52:08,079 DEBUG n.e.o.t.s.UpdateSvc                 - A:1 11                                                      
2019-02-06 13:52:08,081 INFO  n.e.o.t.s.UpdateSvc                 - inserting p: B:1 to B                                       
2019-02-06 13:52:08,082 DEBUG n.e.o.t.s.UpdateSvc                 - B:1 12                                                      
2019-02-06 13:52:08,084 INFO  n.e.o.t.s.UpdateSvc                 - inserting p: B:2 to B                                       
2019-02-06 13:52:08,085 DEBUG n.e.o.t.s.UpdateSvc                 - B:1 12                                                      
2019-02-06 13:52:08,086 DEBUG n.e.o.t.s.UpdateSvc                 - B:2 12                                                      
2019-02-06 13:52:08,086 INFO  n.e.o.t.s.UpdateSvc                 - finished merging ports                                      
2019-02-06 13:52:08,086 INFO  n.e.o.t.s.UpdateSvc                 -    inserted     :   4                                       
2019-02-06 13:52:08,086 INFO  n.e.o.t.s.UpdateSvc                 -    ver updated  :   0                                       
2019-02-06 13:52:08,086 INFO  n.e.o.t.s.UpdateSvc                 -    data updated :   0                                       
2019-02-06 13:52:08,086 INFO  n.e.o.t.s.UpdateSvc                 -    invalidated  :   0                                       
2019-02-06 13:52:08,094 INFO  n.e.o.t.s.UpdateSvc                 - inserting pa: A:2 - B:2                                     
2019-02-06 13:52:08,099 INFO  n.e.o.t.s.UpdateSvc                 - inserting pa: B:2 - A:2                                     
2019-02-06 13:52:08,104 INFO  n.e.o.t.s.UpdateSvc                 - finished merging adjacencies                                
2019-02-06 13:52:08,105 INFO  n.e.o.t.s.UpdateSvc                 -    inserted     :   2                                       
2019-02-06 13:52:08,105 INFO  n.e.o.t.s.UpdateSvc                 -    ver updated  :   0                                       
2019-02-06 13:52:08,105 INFO  n.e.o.t.s.UpdateSvc                 -    data updated :   0                                       
2019-02-06 13:52:08,105 INFO  n.e.o.t.s.UpdateSvc                 -    invalidated  :   0                                       
2019-02-06 13:52:08,105 INFO  n.e.o.t.s.UpdateSvc                 - finished merging topology delta.                            
2019-02-06 13:52:08,112 INFO  n.e.o.t.s.TopoService               - updating pathfinding topo to version: 10                    
2019-02-06 13:52:08,138 INFO  n.e.o.t.s.TopoService               - updated with 10 topo adjacencies                            
2019-02-06 13:52:08,196 INFO  n.e.o.p.DijkstraPCE                 - shortest path cost: 3.0                                     
2019-02-06 13:52:08,198 INFO  n.e.o.p.DijkstraPCE                 - shortest path cost: 3.0                                     
2019-02-06 13:52:08,202 INFO  n.e.o.p.AllPathsPCE                 - long path; using long path max-length (13)                  
2019-02-06 13:52:08,206 INFO  n.e.o.p.AllPathsPCE                 - 1 distinct paths found between A and B found in time PT0.001S
2019-02-06 13:52:08,213 INFO  n.e.o.p.AllPathsPCE                 - widest paths found in time PT0.007S                         
2019-02-06 13:52:08,603 INFO  n.e.o.c.TopologySteps               - clearing adjacencies                                        
2019-02-06 13:52:08,612 INFO  n.e.o.c.TopologySteps               - clearing devices                                            
2019-02-06 13:52:08,616 INFO  n.e.o.c.TopologySteps               - deleting A:2                                                
2019-02-06 13:52:08,617 INFO  n.e.o.c.TopologySteps               - deleting A:1                                                
2019-02-06 13:52:08,617 INFO  n.e.o.c.TopologySteps               - deleting A                                                  
2019-02-06 13:52:08,620 INFO  n.e.o.c.TopologySteps               - deleting B:1                                                
2019-02-06 13:52:08,621 INFO  n.e.o.c.TopologySteps               - deleting B:2                                                
2019-02-06 13:52:08,622 INFO  n.e.o.c.TopologySteps               - deleting B                                                  
2019-02-06 13:52:08,629 INFO  n.e.o.c.TopologySteps               - clearing ports                                              
2019-02-06 13:52:08,630 INFO  n.e.o.c.TopologySteps               - clearing versions                                           
2019-02-06 13:52:08,703 DEBUG n.e.o.t.p.TopoPopulator             - Loaded topology from config/topo/esnet-devices.json , config/topo/esnet-adjcies.json
2019-02-06 13:52:08,713 INFO  n.e.o.t.s.TopoLibrary               -  will add port slac-mr2:xe-1/1/0                            
2019-02-06 13:52:08,714 INFO  n.e.o.t.s.TopoLibrary               -  will add port chic-cr5:BLANK                               
2019-02-06 13:52:08,714 INFO  n.e.o.t.s.TopoLibrary               -  will add port bost-cr5:10/2/3                              
2019-02-06 13:52:08,714 INFO  n.e.o.t.s.TopoLibrary               -  will add port lbl-mr2:xe-1/1/0                             
2019-02-06 13:52:08,714 INFO  n.e.o.t.s.TopoLibrary               -  will add port newy-cr5:9/1/4                               
2019-02-06 13:52:08,714 INFO  n.e.o.t.s.TopoLibrary               -  will add port cern-513-cr5:1/1/1                           
2019-02-06 13:52:08,714 INFO  n.e.o.t.s.TopoLibrary               -  will add port newy-cr5:9/1/1                               
2019-02-06 13:52:08,714 INFO  n.e.o.t.s.TopoLibrary               -  will add port bois-cr1:xe-7/3/0                            
2019-02-06 13:52:08,714 INFO  n.e.o.t.s.TopoLibrary               -  will add port aofa-cr5:10/1/2                              
2019-02-06 13:52:08,714 INFO  n.e.o.t.s.TopoLibrary               -  will add port amst-cr5:10/2/5                              
2019-02-06 13:52:08,714 INFO  n.e.o.t.s.TopoLibrary               -  will add port aofa-cr5:10/1/1                              
2019-02-06 13:52:08,714 INFO  n.e.o.t.s.TopoLibrary               -  will add port aofa-cr5:10/1/9                              
2019-02-06 13:52:08,714 INFO  n.e.o.t.s.TopoLibrary               -  will add port aofa-cr5:10/1/8                              
2019-02-06 13:52:08,714 INFO  n.e.o.t.s.TopoLibrary               -  will add port eqx-chi-cr5:10/1/2                           
2019-02-06 13:52:08,715 INFO  n.e.o.t.s.TopoLibrary               -  will add port lsvn-cr1:ge-1/0/1                            
2019-02-06 13:52:08,715 INFO  n.e.o.t.s.TopoLibrary               -  will add port eqx-chi-cr5:10/1/3                           
2019-02-06 13:52:08,715 INFO  n.e.o.t.s.TopoLibrary               -  will add port lsvn-cr1:ge-1/0/0                            
2019-02-06 13:52:08,715 INFO  n.e.o.t.s.TopoLibrary               -  will add port eqx-chi-cr5:10/1/1                           
2019-02-06 13:52:08,715 INFO  n.e.o.t.s.TopoLibrary               -  will add port lbl-mr2:xe-8/1/0                             
2019-02-06 13:52:08,715 INFO  n.e.o.t.s.TopoLibrary               -  will add port cern-773-cr5:10/1/2                          
2019-02-06 13:52:08,715 INFO  n.e.o.t.s.TopoLibrary               -  will add port nersc-mr2:xe-2/2/0                           
2019-02-06 13:52:08,715 INFO  n.e.o.t.s.TopoLibrary               -  will add port cern-773-cr5:10/1/1                          
2019-02-06 13:52:08,715 INFO  n.e.o.t.s.TopoLibrary               -  will add port cern-773-cr5:10/1/3                          
2019-02-06 13:52:08,715 INFO  n.e.o.t.s.TopoLibrary               -  will add port chic-cr5:6/1/1                               
2019-02-06 13:52:08,715 INFO  n.e.o.t.s.TopoLibrary               -  will add port star-cr5:3/1/1                               
2019-02-06 13:52:08,715 INFO  n.e.o.t.s.TopoLibrary               -  will add port lsvn-cr1:xe-2/1/0                            
2019-02-06 13:52:08,715 INFO  n.e.o.t.s.TopoLibrary               -  will add port sunn-cr5:7/1/1                               
2019-02-06 13:52:08,715 INFO  n.e.o.t.s.TopoLibrary               -  will add port bost-cr5:10/1/2                              
2019-02-06 13:52:08,715 INFO  n.e.o.t.s.TopoLibrary               -  will add port eqx-chi-cr5:BLANK                            
2019-02-06 13:52:08,715 INFO  n.e.o.t.s.TopoLibrary               -  will add port lbl-mr2:xe-8/3/0                             
2019-02-06 13:52:08,716 INFO  n.e.o.t.s.TopoLibrary               -  will add port bost-cr5:10/1/6                              
2019-02-06 13:52:08,716 INFO  n.e.o.t.s.TopoLibrary               -  will add port bost-cr5:10/1/5                              
2019-02-06 13:52:08,716 INFO  n.e.o.t.s.TopoLibrary               -  will add port slac-mr2:xe-0/2/0                            
2019-02-06 13:52:08,716 INFO  n.e.o.t.s.TopoLibrary               -  will add port albq-cr5:10/1/2                              
2019-02-06 13:52:08,716 INFO  n.e.o.t.s.TopoLibrary               -  will add port aofa-cr5:5/1/1                               
2019-02-06 13:52:08,716 INFO  n.e.o.t.s.TopoLibrary               -  will add port nash-cr5:10/1/4                              
2019-02-06 13:52:08,716 INFO  n.e.o.t.s.TopoLibrary               -  will add port albq-cr5:10/1/5                              
2019-02-06 13:52:08,716 INFO  n.e.o.t.s.TopoLibrary               -  will add port ga-rt2:ge-1/0/3                              
2019-02-06 13:52:08,716 INFO  n.e.o.t.s.TopoLibrary               -  will add port nash-cr5:10/1/3                              
2019-02-06 13:52:08,716 INFO  n.e.o.t.s.TopoLibrary               -  will add port albq-cr5:10/1/3                              
2019-02-06 13:52:08,716 INFO  n.e.o.t.s.TopoLibrary               -  will add port ga-rt2:ge-1/0/5                              
2019-02-06 13:52:08,717 INFO  n.e.o.t.s.TopoLibrary               -  will add port albq-cr5:10/1/4                              
2019-02-06 13:52:08,717 INFO  n.e.o.t.s.TopoLibrary               -  will add port amst-cr5:10/1/1                              
2019-02-06 13:52:08,717 INFO  n.e.o.t.s.TopoLibrary               -  will add port cern-513-cr5:1/2/1                           
2019-02-06 13:52:08,717 INFO  n.e.o.t.s.TopoLibrary               -  will add port amst-cr5:10/1/2                              
2019-02-06 13:52:08,717 INFO  n.e.o.t.s.TopoLibrary               -  will add port pnwg-cr5:BLANK                               
2019-02-06 13:52:08,718 INFO  n.e.o.t.s.TopoLibrary               -  will add port ornl-rt4:xe-2/3/0                            
2019-02-06 13:52:08,718 INFO  n.e.o.t.s.TopoLibrary               -  will add port newy-cr5:2/1/1                               
2019-02-06 13:52:08,718 INFO  n.e.o.t.s.TopoLibrary               -  will add port wash-cr5:10/1/3                              
2019-02-06 13:52:08,719 INFO  n.e.o.t.s.TopoLibrary               -  will add port lsvn-cr1:ge-1/1/0                            
2019-02-06 13:52:08,719 INFO  n.e.o.t.s.TopoLibrary               -  will add port newy-cr5:10/1/9                              
2019-02-06 13:52:08,719 INFO  n.e.o.t.s.TopoLibrary               -  will add port wash-cr5:10/1/4                              
2019-02-06 13:52:08,719 INFO  n.e.o.t.s.TopoLibrary               -  will add port nash-cr5:10/1/6                              
2019-02-06 13:52:08,720 INFO  n.e.o.t.s.TopoLibrary               -  will add port wash-cr5:10/1/5                              
2019-02-06 13:52:08,720 INFO  n.e.o.t.s.TopoLibrary               -  will add port nash-cr5:10/1/5                              
2019-02-06 13:52:08,720 INFO  n.e.o.t.s.TopoLibrary               -  will add port sacr-cr5:3/1/1                               
2019-02-06 13:52:08,720 INFO  n.e.o.t.s.TopoLibrary               -  will add port wash-cr5:10/1/9                              
2019-02-06 13:52:08,720 INFO  n.e.o.t.s.TopoLibrary               -  will add port lsvn-cr1:ge-1/1/1                            
2019-02-06 13:52:08,720 INFO  n.e.o.t.s.TopoLibrary               -  will add port atla-cr5:1/1/1                               
2019-02-06 13:52:08,721 INFO  n.e.o.t.s.TopoLibrary               -  will add port lsvn-cr1:ge-1/1/5                            
2019-02-06 13:52:08,721 INFO  n.e.o.t.s.TopoLibrary               -  will add port newy-cr5:10/1/2                              
2019-02-06 13:52:08,721 INFO  n.e.o.t.s.TopoLibrary               -  will add port newy-cr5:10/1/3                              
2019-02-06 13:52:08,721 INFO  n.e.o.t.s.TopoLibrary               -  will add port lsvn-cr1:xe-2/2/0                            
2019-02-06 13:52:08,721 INFO  n.e.o.t.s.TopoLibrary               -  will add port star-cr5:3/2/1                               
2019-02-06 13:52:08,721 INFO  n.e.o.t.s.TopoLibrary               -  will add port bois-cr1:xe-1/2/0                            
2019-02-06 13:52:08,722 INFO  n.e.o.t.s.TopoLibrary               -  will add port sunn-cr5:10/1/2                              
2019-02-06 13:52:08,722 INFO  n.e.o.t.s.TopoLibrary               -  will add port sunn-cr5:10/1/1                              
2019-02-06 13:52:08,722 INFO  n.e.o.t.s.TopoLibrary               -  will add port sunn-cr5:10/1/6                              
2019-02-06 13:52:08,722 INFO  n.e.o.t.s.TopoLibrary               -  will add port lond-cr5:5/1/1                               
2019-02-06 13:52:08,722 INFO  n.e.o.t.s.TopoLibrary               -  will add port sunn-cr5:10/1/5                              
2019-02-06 13:52:08,722 INFO  n.e.o.t.s.TopoLibrary               -  will add port sunn-cr5:10/1/4                              
2019-02-06 13:52:08,722 INFO  n.e.o.t.s.TopoLibrary               -  will add port sunn-cr5:10/1/3                              
2019-02-06 13:52:08,722 INFO  n.e.o.t.s.TopoLibrary               -  will add port anl-mr2:xe-2/3/0                             
2019-02-06 13:52:08,722 INFO  n.e.o.t.s.TopoLibrary               -  will add port netl-alb-rt1:xe-2/0/0                        
2019-02-06 13:52:08,722 INFO  n.e.o.t.s.TopoLibrary               -  will add port slac-mr2:xe-0/1/0                            
2019-02-06 13:52:08,722 INFO  n.e.o.t.s.TopoLibrary               -  will add port ga-rt2:ge-1/1/3                              
2019-02-06 13:52:08,722 INFO  n.e.o.t.s.TopoLibrary               -  will add port netl-alb-rt1:xe-2/0/3                        
2019-02-06 13:52:08,722 INFO  n.e.o.t.s.TopoLibrary               -  will add port netl-alb-rt1:xe-2/0/2                        
2019-02-06 13:52:08,722 INFO  n.e.o.t.s.TopoLibrary               -  will add port netl-alb-rt1:xe-2/0/1                        
2019-02-06 13:52:08,722 INFO  n.e.o.t.s.TopoLibrary               -  will add port bois-cr1:xe-7/1/0                            
2019-02-06 13:52:08,722 INFO  n.e.o.t.s.TopoLibrary               -  will add port srs-rt3:ge-0/1/0                             
2019-02-06 13:52:08,723 INFO  n.e.o.t.s.TopoLibrary               -  will add port albq-cr5:3/1/1                               
2019-02-06 13:52:08,723 INFO  n.e.o.t.s.TopoLibrary               -  will add port aofa-cr5:6/2/1                               
2019-02-06 13:52:08,723 INFO  n.e.o.t.s.TopoLibrary               -  will add port wash-cr5:10/1/10                             
2019-02-06 13:52:08,723 INFO  n.e.o.t.s.TopoLibrary               -  will add port chic-cr5:7/1/1                               
2019-02-06 13:52:08,723 INFO  n.e.o.t.s.TopoLibrary               -  will add port lbl-mr2:xe-0/1/0                             
2019-02-06 13:52:08,723 INFO  n.e.o.t.s.TopoLibrary               -  will add port sunn-cr5:8/1/1                               
2019-02-06 13:52:08,723 INFO  n.e.o.t.s.TopoLibrary               -  will add port denv-cr5:4/1/1                               
2019-02-06 13:52:08,723 INFO  n.e.o.t.s.TopoLibrary               -  will add port fnal-mr2:xe-1/3/0                            
2019-02-06 13:52:08,723 INFO  n.e.o.t.s.TopoLibrary               -  will add port sunn-cr5:10/2/1                              
2019-02-06 13:52:08,723 INFO  n.e.o.t.s.TopoLibrary               -  will add port sunn-cr5:10/2/5                              
2019-02-06 13:52:08,723 INFO  n.e.o.t.s.TopoLibrary               -  will add port sunn-cr5:10/2/4                              
2019-02-06 13:52:08,723 INFO  n.e.o.t.s.TopoLibrary               -  will add port sunn-cr5:10/2/3                              
2019-02-06 13:52:08,723 INFO  n.e.o.t.s.TopoLibrary               -  will add port sunn-cr5:10/2/2                              
2019-02-06 13:52:08,723 INFO  n.e.o.t.s.TopoLibrary               -  will add port llnl-mr2:xe-3/2/0                            
2019-02-06 13:52:08,723 INFO  n.e.o.t.s.TopoLibrary               -  will add port sunn-cr5:10/2/6                              
2019-02-06 13:52:08,723 INFO  n.e.o.t.s.TopoLibrary               -  will add port hous-cr5:1/1/1                               
2019-02-06 13:52:08,723 INFO  n.e.o.t.s.TopoLibrary               -  will add port slac-mr2:xe-0/0/0                            
2019-02-06 13:52:08,724 INFO  n.e.o.t.s.TopoLibrary               -  will add port srs-rt3:ge-0/0/0                             
2019-02-06 13:52:08,724 INFO  n.e.o.t.s.TopoLibrary               -  will add port lbl-mr2:xe-0/2/0                             
2019-02-06 13:52:08,724 INFO  n.e.o.t.s.TopoLibrary               -  will add port llnl-mr2:ge-3/0/1                            
2019-02-06 13:52:08,724 INFO  n.e.o.t.s.TopoLibrary               -  will add port llnl-mr2:ge-3/0/0                            
2019-02-06 13:52:08,724 INFO  n.e.o.t.s.TopoLibrary               -  will add port nersc-mr2:xe-1/3/0                           
2019-02-06 13:52:08,724 INFO  n.e.o.t.s.TopoLibrary               -  will add port denv-cr5:4/2/1                               
2019-02-06 13:52:08,724 INFO  n.e.o.t.s.TopoLibrary               -  will add port ameslab-rt3:xe-1/3/0                         
2019-02-06 13:52:08,724 INFO  n.e.o.t.s.TopoLibrary               -  will add port wash-cr5:1/1/1                               
2019-02-06 13:52:08,724 INFO  n.e.o.t.s.TopoLibrary               -  will add port newy-cr5:3/1/1                               
2019-02-06 13:52:08,724 INFO  n.e.o.t.s.TopoLibrary               -  will add port chic-cr5:6/2/1                               
2019-02-06 13:52:08,724 INFO  n.e.o.t.s.TopoLibrary               -  will add port sunn-cr5:7/2/1                               
2019-02-06 13:52:08,724 INFO  n.e.o.t.s.TopoLibrary               -  will add port lbl-mr2:xe-7/0/0                             
2019-02-06 13:52:08,725 INFO  n.e.o.t.s.TopoLibrary               -  will add port nersc-mr2:xe-7/3/0                           
2019-02-06 13:52:08,725 INFO  n.e.o.t.s.TopoLibrary               -  will add port hous-cr5:10/1/3                              
2019-02-06 13:52:08,725 INFO  n.e.o.t.s.TopoLibrary               -  will add port hous-cr5:10/1/4                              
2019-02-06 13:52:08,725 INFO  n.e.o.t.s.TopoLibrary               -  will add port ornl-rt4:xe-1/2/0                            
2019-02-06 13:52:08,725 INFO  n.e.o.t.s.TopoLibrary               -  will add port kans-cr5:1/1/1                               
2019-02-06 13:52:08,725 INFO  n.e.o.t.s.TopoLibrary               -  will add port sacr-cr5:10/2/5                              
2019-02-06 13:52:08,725 INFO  n.e.o.t.s.TopoLibrary               -  will add port denv-cr5:10/1/6                              
2019-02-06 13:52:08,725 INFO  n.e.o.t.s.TopoLibrary               -  will add port sacr-cr5:4/1/1                               
2019-02-06 13:52:08,725 INFO  n.e.o.t.s.TopoLibrary               -  will add port sacr-cr5:10/2/6                              
2019-02-06 13:52:08,725 INFO  n.e.o.t.s.TopoLibrary               -  will add port denv-cr5:10/1/7                              
2019-02-06 13:52:08,725 INFO  n.e.o.t.s.TopoLibrary               -  will add port llnl-mr2:xe-2/1/0                            
2019-02-06 13:52:08,725 INFO  n.e.o.t.s.TopoLibrary               -  will add port star-cr5:5/1/1                               
2019-02-06 13:52:08,725 INFO  n.e.o.t.s.TopoLibrary               -  will add port sunn-cr5:5/2/1                               
2019-02-06 13:52:08,725 INFO  n.e.o.t.s.TopoLibrary               -  will add port sacr-cr5:10/2/1                              
2019-02-06 13:52:08,725 INFO  n.e.o.t.s.TopoLibrary               -  will add port sacr-cr5:10/2/2                              
2019-02-06 13:52:08,726 INFO  n.e.o.t.s.TopoLibrary               -  will add port sacr-cr5:10/2/3                              
2019-02-06 13:52:08,726 INFO  n.e.o.t.s.TopoLibrary               -  will add port sacr-cr5:10/2/4                              
2019-02-06 13:52:08,726 INFO  n.e.o.t.s.TopoLibrary               -  will add port ornl-rt4:ge-0/0/1                            
2019-02-06 13:52:08,726 INFO  n.e.o.t.s.TopoLibrary               -  will add port eqx-ash-cr5:1/2/1                            
2019-02-06 13:52:08,726 INFO  n.e.o.t.s.TopoLibrary               -  will add port nersc-mr2:xe-0/2/0                           
2019-02-06 13:52:08,726 INFO  n.e.o.t.s.TopoLibrary               -  will add port eqx-ash-cr5:10/1/6                           
2019-02-06 13:52:08,726 INFO  n.e.o.t.s.TopoLibrary               -  will add port albq-cr5:2/1/1                               
2019-02-06 13:52:08,726 INFO  n.e.o.t.s.TopoLibrary               -  will add port eqx-ash-cr5:10/1/5                           
2019-02-06 13:52:08,726 INFO  n.e.o.t.s.TopoLibrary               -  will add port eqx-ash-cr5:10/1/2                           
2019-02-06 13:52:08,726 INFO  n.e.o.t.s.TopoLibrary               -  will add port llnl-mr2:xe-1/3/0                            
2019-02-06 13:52:08,726 INFO  n.e.o.t.s.TopoLibrary               -  will add port atla-cr5:10/1/8                              
2019-02-06 13:52:08,726 INFO  n.e.o.t.s.TopoLibrary               -  will add port eqx-ash-cr5:10/1/1                           
2019-02-06 13:52:08,726 INFO  n.e.o.t.s.TopoLibrary               -  will add port wash-cr5:6/1/1                               
2019-02-06 13:52:08,726 INFO  n.e.o.t.s.TopoLibrary               -  will add port eqx-sj-cr5:1/2/1                             
2019-02-06 13:52:08,726 INFO  n.e.o.t.s.TopoLibrary               -  will add port bost-cr5:2/1/1                               
2019-02-06 13:52:08,727 INFO  n.e.o.t.s.TopoLibrary               -  will add port chic-cr5:1/1/1                               
2019-02-06 13:52:08,727 INFO  n.e.o.t.s.TopoLibrary               -  will add port atla-cr5:10/1/2                              
2019-02-06 13:52:08,727 INFO  n.e.o.t.s.TopoLibrary               -  will add port atla-cr5:3/1/1                               
2019-02-06 13:52:08,727 INFO  n.e.o.t.s.TopoLibrary               -  will add port atla-cr5:10/1/3                              
2019-02-06 13:52:08,727 INFO  n.e.o.t.s.TopoLibrary               -  will add port sacr-cr5:10/1/1                              
2019-02-06 13:52:08,727 INFO  n.e.o.t.s.TopoLibrary               -  will add port newy-cr5:4/1/1                               
2019-02-06 13:52:08,727 INFO  n.e.o.t.s.TopoLibrary               -  will add port sacr-cr5:10/1/6                              
2019-02-06 13:52:08,727 INFO  n.e.o.t.s.TopoLibrary               -  will add port llnl-mr2:xe-2/2/0                            
2019-02-06 13:52:08,727 INFO  n.e.o.t.s.TopoLibrary               -  will add port chic-cr5:8/1/1                               
2019-02-06 13:52:08,727 INFO  n.e.o.t.s.TopoLibrary               -  will add port sacr-cr5:10/1/2                              
2019-02-06 13:52:08,727 INFO  n.e.o.t.s.TopoLibrary               -  will add port sacr-cr5:10/1/4                              
2019-02-06 13:52:08,727 INFO  n.e.o.t.s.TopoLibrary               -  will add port cern-773-cr5:BLANK                           
2019-02-06 13:52:08,727 INFO  n.e.o.t.s.TopoLibrary               -  will add port forr-rt2:ge-0/0/5                            
2019-02-06 13:52:08,727 INFO  n.e.o.t.s.TopoLibrary               -  will add port forr-rt2:ge-0/0/4                            
2019-02-06 13:52:08,727 INFO  n.e.o.t.s.TopoLibrary               -  will add port eqx-ash-cr5:1/1/1                            
2019-02-06 13:52:08,727 INFO  n.e.o.t.s.TopoLibrary               -  will add port forr-rt2:ge-0/0/2                            
2019-02-06 13:52:08,727 INFO  n.e.o.t.s.TopoLibrary               -  will add port forr-rt2:ge-0/0/1                            
2019-02-06 13:52:08,727 INFO  n.e.o.t.s.TopoLibrary               -  will add port forr-rt2:ge-0/0/0                            
2019-02-06 13:52:08,727 INFO  n.e.o.t.s.TopoLibrary               -  will add port chic-cr5:7/2/1                               
2019-02-06 13:52:08,728 INFO  n.e.o.t.s.TopoLibrary               -  will add port nersc-mr2:xe-1/1/0                           
2019-02-06 13:52:08,728 INFO  n.e.o.t.s.TopoLibrary               -  will add port amst-cr5:5/1/1                               
2019-02-06 13:52:08,728 INFO  n.e.o.t.s.TopoLibrary               -  will add port bois-cr1:xe-0/0/0                            
2019-02-06 13:52:08,728 INFO  n.e.o.t.s.TopoLibrary               -  will add port sacr-cr5:1/1/1                               
2019-02-06 13:52:08,728 INFO  n.e.o.t.s.TopoLibrary               -  will add port ameslab-rt3:xe-1/1/0                         
2019-02-06 13:52:08,728 INFO  n.e.o.t.s.TopoLibrary               -  will add port pnwg-cr5:3/1/1                               
2019-02-06 13:52:08,728 INFO  n.e.o.t.s.TopoLibrary               -  will add port lbl-mr2:xe-7/2/0                             
2019-02-06 13:52:08,728 INFO  n.e.o.t.s.TopoLibrary               -  will add port aofa-cr5:4/2/1                               
2019-02-06 13:52:08,728 INFO  n.e.o.t.s.TopoLibrary               -  will add port cern-513-cr5:2/1/1                           
2019-02-06 13:52:08,728 INFO  n.e.o.t.s.TopoLibrary               -  will add port ameslab-rt3:xe-0/2/0                         
2019-02-06 13:52:08,728 INFO  n.e.o.t.s.TopoLibrary               -  will add port star-cr5:4/1/1                               
2019-02-06 13:52:08,728 INFO  n.e.o.t.s.TopoLibrary               -  will add port lsvn-cr1:xe-1/2/0                            
2019-02-06 13:52:08,728 INFO  n.e.o.t.s.TopoLibrary               -  will add port newy-cr5:4/2/1                               
2019-02-06 13:52:08,728 INFO  n.e.o.t.s.TopoLibrary               -  will add port albq-cr5:1/1/1                               
2019-02-06 13:52:08,728 INFO  n.e.o.t.s.TopoLibrary               -  will add port pnwg-cr5:1/1/1                               
2019-02-06 13:52:08,728 INFO  n.e.o.t.s.TopoLibrary               -  will add port kans-cr5:10/1/4                              
2019-02-06 13:52:08,728 INFO  n.e.o.t.s.TopoLibrary               -  will add port elpa-cr5:10/1/5                              
2019-02-06 13:52:08,729 INFO  n.e.o.t.s.TopoLibrary               -  will add port kans-cr5:10/1/3                              
2019-02-06 13:52:08,729 INFO  n.e.o.t.s.TopoLibrary               -  will add port pnwg-cr5:2/2/1                               
2019-02-06 13:52:08,729 INFO  n.e.o.t.s.TopoLibrary               -  will add port bois-cr1:xe-0/1/0                            
2019-02-06 13:52:08,729 INFO  n.e.o.t.s.TopoLibrary               -  will add port eqx-ash-cr5:BLANK                            
2019-02-06 13:52:08,729 INFO  n.e.o.t.s.TopoLibrary               -  will add port bost-cr5:1/1/1                               
2019-02-06 13:52:08,729 INFO  n.e.o.t.s.TopoLibrary               -  will add port elpa-cr5:10/1/4                              
2019-02-06 13:52:08,729 INFO  n.e.o.t.s.TopoLibrary               -  will add port eqx-sj-cr5:BLANK                             
2019-02-06 13:52:08,729 INFO  n.e.o.t.s.TopoLibrary               -  will add port elpa-cr5:10/1/3                              
2019-02-06 13:52:08,729 INFO  n.e.o.t.s.TopoLibrary               -  will add port ameslab-rt3:xe-1/0/0                         
2019-02-06 13:52:08,729 INFO  n.e.o.t.s.TopoLibrary               -  will add port aofa-cr5:4/1/1                               
2019-02-06 13:52:08,729 INFO  n.e.o.t.s.TopoLibrary               -  will add port anl-mr2:ae0                                  
2019-02-06 13:52:08,729 INFO  n.e.o.t.s.TopoLibrary               -  will add port aofa-cr5:3/1/1                               
2019-02-06 13:52:08,729 INFO  n.e.o.t.s.TopoLibrary               -  will add port star-cr5:4/2/1                               
2019-02-06 13:52:08,729 INFO  n.e.o.t.s.TopoLibrary               -  will add port osti-rt2:ae0                                 
2019-02-06 13:52:08,729 INFO  n.e.o.t.s.TopoLibrary               -  will add port ameslab-rt3:xe-0/1/0                         
2019-02-06 13:52:08,729 INFO  n.e.o.t.s.TopoLibrary               -  will add port llnl-mr2:xe-2/0/0                            
2019-02-06 13:52:08,729 INFO  n.e.o.t.s.TopoLibrary               -  will add port cern-513-cr5:BLANK                           
2019-02-06 13:52:08,730 INFO  n.e.o.t.s.TopoLibrary               -  will add port atla-cr5:2/1/1                               
2019-02-06 13:52:08,730 INFO  n.e.o.t.s.TopoLibrary               -  will add port sunn-cr5:5/1/1                               
2019-02-06 13:52:08,730 INFO  n.e.o.t.s.TopoLibrary               -  will add port sacr-cr5:2/1/1                               
2019-02-06 13:52:08,730 INFO  n.e.o.t.s.TopoLibrary               -  will add port denv-cr5:10/1/3                              
2019-02-06 13:52:08,730 INFO  n.e.o.t.s.TopoLibrary               -  will add port denv-cr5:10/1/4                              
2019-02-06 13:52:08,730 INFO  n.e.o.t.s.TopoLibrary               -  will add port denv-cr5:10/1/5                              
2019-02-06 13:52:08,730 INFO  n.e.o.t.s.TopoLibrary               -  will add port eqx-ash-cr5:10/2/5                           
2019-02-06 13:52:08,730 INFO  n.e.o.t.s.TopoLibrary               -  will add port eqx-ash-cr5:10/2/6                           
2019-02-06 13:52:08,730 INFO  n.e.o.t.s.TopoLibrary               -  will add port bois-cr1:xe-0/2/0                            
2019-02-06 13:52:08,730 INFO  n.e.o.t.s.TopoLibrary               -  will add port pnwg-cr5:2/1/1                               
2019-02-06 13:52:08,730 INFO  n.e.o.t.s.TopoLibrary               -  will add port eqx-ash-cr5:10/2/2                           
2019-02-06 13:52:08,730 INFO  n.e.o.t.s.TopoLibrary               -  will add port eqx-ash-cr5:2/1/1                            
2019-02-06 13:52:08,730 INFO  n.e.o.t.s.TopoLibrary               -  will add port ornl-cr5:10/1/1                              
2019-02-06 13:52:08,730 INFO  n.e.o.t.s.TopoLibrary               -  will add port llnldc-rt4:ge-1/0/0                          
2019-02-06 13:52:08,730 INFO  n.e.o.t.s.TopoLibrary               -  will add port ornl-cr5:10/1/2                              
2019-02-06 13:52:08,730 INFO  n.e.o.t.s.TopoLibrary               -  will add port bois-cr1:xe-1/0/0                            
2019-02-06 13:52:08,730 INFO  n.e.o.t.s.TopoLibrary               -  will add port ornl-cr5:10/1/3                              
2019-02-06 13:52:08,730 INFO  n.e.o.t.s.TopoLibrary               -  will add port lsvn-cr1:xe-2/0/0                            
2019-02-06 13:52:08,730 INFO  n.e.o.t.s.TopoLibrary               -  will add port aofa-cr5:9/1/5                               
2019-02-06 13:52:08,730 INFO  n.e.o.t.s.TopoLibrary               -  will add port pnwg-cr5:9/1/2                               
2019-02-06 13:52:08,730 INFO  n.e.o.t.s.TopoLibrary               -  will add port wash-cr5:4/2/1                               
2019-02-06 13:52:08,730 INFO  n.e.o.t.s.TopoLibrary               -  will add port ameslab-rt3:xe-0/0/0                         
2019-02-06 13:52:08,730 INFO  n.e.o.t.s.TopoLibrary               -  will add port snll-mr2:xe-2/2/0                            
2019-02-06 13:52:08,730 INFO  n.e.o.t.s.TopoLibrary               -  will add port aofa-cr5:9/1/1                               
2019-02-06 13:52:08,730 INFO  n.e.o.t.s.TopoLibrary               -  will add port anl-mr2:xe-0/1/0                             
2019-02-06 13:52:08,730 INFO  n.e.o.t.s.TopoLibrary               -  will add port chic-cr5:10/1/3                              
2019-02-06 13:52:08,730 INFO  n.e.o.t.s.TopoLibrary               -  will add port doe-gtn-rt2:ge-0/0/0                         
2019-02-06 13:52:08,730 INFO  n.e.o.t.s.TopoLibrary               -  will add port ornl-cr5:6/1/1                               
2019-02-06 13:52:08,731 INFO  n.e.o.t.s.TopoLibrary               -  will add port chic-cr5:10/1/1                              
2019-02-06 13:52:08,731 INFO  n.e.o.t.s.TopoLibrary               -  will add port doe-gtn-rt2:ge-0/0/3                         
2019-02-06 13:52:08,731 INFO  n.e.o.t.s.TopoLibrary               -  will add port chic-cr5:10/1/7                              
2019-02-06 13:52:08,731 INFO  n.e.o.t.s.TopoLibrary               -  will add port pantex-rt4:ge-0/1/0                          
2019-02-06 13:52:08,731 INFO  n.e.o.t.s.TopoLibrary               -  will add port chic-cr5:10/1/5                              
2019-02-06 13:52:08,731 INFO  n.e.o.t.s.TopoLibrary               -  will add port chic-cr5:10/1/4                              
2019-02-06 13:52:08,731 INFO  n.e.o.t.s.TopoLibrary               -  will add port llnl-mr2:xe-0/1/0                            
2019-02-06 13:52:08,731 INFO  n.e.o.t.s.TopoLibrary               -  will add port cern-773-cr5:1/1/1                           
2019-02-06 13:52:08,731 INFO  n.e.o.t.s.TopoLibrary               -  will add port cern-513-cr5:5/1/1                           
2019-02-06 13:52:08,731 INFO  n.e.o.t.s.TopoLibrary               -  will add port nash-cr5:1/2/1                               
2019-02-06 13:52:08,731 INFO  n.e.o.t.s.TopoLibrary               -  will add port lond-cr5:2/2/1                               
2019-02-06 13:52:08,731 INFO  n.e.o.t.s.TopoLibrary               -  will add port snla-rt3:ge-1/0/2                            
2019-02-06 13:52:08,731 INFO  n.e.o.t.s.TopoLibrary               -  will add port hous-cr5:3/1/1                               
2019-02-06 13:52:08,732 INFO  n.e.o.t.s.TopoLibrary               -  will add port pantex-rt4:ge-0/0/2                          
2019-02-06 13:52:08,732 INFO  n.e.o.t.s.TopoLibrary               -  will add port wash-cr5:4/1/1                               
2019-02-06 13:52:08,732 INFO  n.e.o.t.s.TopoLibrary               -  will add port fnal-mr2:xe-0/0/0                            
2019-02-06 13:52:08,732 INFO  n.e.o.t.s.TopoLibrary               -  will add port snll-mr2:xe-2/3/0                            
2019-02-06 13:52:08,732 INFO  n.e.o.t.s.TopoLibrary               -  will add port doe-gtn-rt2:ge-0/1/3                         
2019-02-06 13:52:08,732 INFO  n.e.o.t.s.TopoLibrary               -  will add port doe-gtn-rt2:ge-0/1/0                         
2019-02-06 13:52:08,732 INFO  n.e.o.t.s.TopoLibrary               -  will add port jgi-mr2:xe-1/3/0                             
2019-02-06 13:52:08,732 INFO  n.e.o.t.s.TopoLibrary               -  will add port elpa-cr5:1/1/1                               
2019-02-06 13:52:08,732 INFO  n.e.o.t.s.TopoLibrary               -  will add port aofa-cr5:2/1/1                               
2019-02-06 13:52:08,732 INFO  n.e.o.t.s.TopoLibrary               -  will add port pantex-rt4:ge-0/0/0                          
2019-02-06 13:52:08,732 INFO  n.e.o.t.s.TopoLibrary               -  will add port pantex-rt4:ge-0/0/1                          
2019-02-06 13:52:08,732 INFO  n.e.o.t.s.TopoLibrary               -  will add port sunn-cr5:4/1/1                               
2019-02-06 13:52:08,733 INFO  n.e.o.t.s.TopoLibrary               -  will add port denv-cr5:10/1/12                             
2019-02-06 13:52:08,733 INFO  n.e.o.t.s.TopoLibrary               -  will add port nash-cr5:1/1/1                               
2019-02-06 13:52:08,733 INFO  n.e.o.t.s.TopoLibrary               -  will add port denv-cr5:10/1/11                             
2019-02-06 13:52:08,733 INFO  n.e.o.t.s.TopoLibrary               -  will add port lond-cr5:2/1/1                               
2019-02-06 13:52:08,733 INFO  n.e.o.t.s.TopoLibrary               -  will add port denv-cr5:10/1/10                             
2019-02-06 13:52:08,733 INFO  n.e.o.t.s.TopoLibrary               -  will add port cern-513-cr5:4/1/1                           
2019-02-06 13:52:08,733 INFO  n.e.o.t.s.TopoLibrary               -  will add port chic-cr5:3/1/1                               
2019-02-06 13:52:08,733 INFO  n.e.o.t.s.TopoLibrary               -  will add port llnl-mr2:xe-1/0/0                            
2019-02-06 13:52:08,733 INFO  n.e.o.t.s.TopoLibrary               -  will add port eqx-sj-cr5:10/1/4                            
2019-02-06 13:52:08,733 INFO  n.e.o.t.s.TopoLibrary               -  will add port eqx-sj-cr5:10/1/2                            
2019-02-06 13:52:08,733 INFO  n.e.o.t.s.TopoLibrary               -  will add port eqx-sj-cr5:10/1/1                            
2019-02-06 13:52:08,734 INFO  n.e.o.t.s.TopoLibrary               -  will add port denv-cr5:1/1/1                               
2019-02-06 13:52:08,734 INFO  n.e.o.t.s.TopoLibrary               -  will add port kans-cr5:2/1/1                               
2019-02-06 13:52:08,734 INFO  n.e.o.t.s.TopoLibrary               -  will add port llnl-mr2:xe-0/2/0                            
2019-02-06 13:52:08,734 INFO  n.e.o.t.s.TopoLibrary               -  will add port ornl-cr5:7/1/1                               
2019-02-06 13:52:08,734 INFO  n.e.o.t.s.TopoLibrary               -  will add port ornl-rt4:xe-0/2/0                            
2019-02-06 13:52:08,734 INFO  n.e.o.t.s.TopoLibrary               -  will add port wash-cr5:5/2/1                               
2019-02-06 13:52:08,734 INFO  n.e.o.t.s.TopoLibrary               -  will add port amst-cr5:3/1/1                               
2019-02-06 13:52:08,734 INFO  n.e.o.t.s.TopoLibrary               -  will add port sacr-cr5:5/1/1                               
2019-02-06 13:52:08,734 INFO  n.e.o.t.s.TopoLibrary               -  will add port snll-mr2:xe-2/0/0                            
2019-02-06 13:52:08,734 INFO  n.e.o.t.s.TopoLibrary               -  will add port cern-773-cr5:2/1/1                           
2019-02-06 13:52:08,735 INFO  n.e.o.t.s.TopoLibrary               -  will add port lond-cr5:10/1/4                              
2019-02-06 13:52:08,735 INFO  n.e.o.t.s.TopoLibrary               -  will add port lond-cr5:1/2/1                               
2019-02-06 13:52:08,735 INFO  n.e.o.t.s.TopoLibrary               -  will add port lond-cr5:10/1/2                              
2019-02-06 13:52:08,735 INFO  n.e.o.t.s.TopoLibrary               -  will add port star-cr5:BLANK                               
2019-02-06 13:52:08,735 INFO  n.e.o.t.s.TopoLibrary               -  will add port lond-cr5:10/1/1                              
2019-02-06 13:52:08,735 INFO  n.e.o.t.s.TopoLibrary               -  will add port star-cr5:6/1/1                               
2019-02-06 13:52:08,735 INFO  n.e.o.t.s.TopoLibrary               -  will add port star-cr5:10/1/1                              
2019-02-06 13:52:08,735 INFO  n.e.o.t.s.TopoLibrary               -  will add port nash-cr5:2/1/1                               
2019-02-06 13:52:08,735 INFO  n.e.o.t.s.TopoLibrary               -  will add port snll-mr2:xe-1/2/0                            
2019-02-06 13:52:08,735 INFO  n.e.o.t.s.TopoLibrary               -  will add port star-cr5:10/1/7                              
2019-02-06 13:52:08,735 INFO  n.e.o.t.s.TopoLibrary               -  will add port star-cr5:10/1/8                              
2019-02-06 13:52:08,735 INFO  n.e.o.t.s.TopoLibrary               -  will add port ornl-rt4:xe-1/0/0                            
2019-02-06 13:52:08,735 INFO  n.e.o.t.s.TopoLibrary               -  will add port eqx-sj-cr5:10/2/4                            
2019-02-06 13:52:08,735 INFO  n.e.o.t.s.TopoLibrary               -  will add port eqx-sj-cr5:10/2/2                            
2019-02-06 13:52:08,735 INFO  n.e.o.t.s.TopoLibrary               -  will add port atla-cr5:4/1/1                               
2019-02-06 13:52:08,735 INFO  n.e.o.t.s.TopoLibrary               -  will add port sunn-cr5:2/2/1                               
2019-02-06 13:52:08,735 INFO  n.e.o.t.s.TopoLibrary               -  will add port pnwg-cr5:10/1/10                             
2019-02-06 13:52:08,735 INFO  n.e.o.t.s.TopoLibrary               -  will add port wash-cr5:5/1/1                               
2019-02-06 13:52:08,735 INFO  n.e.o.t.s.TopoLibrary               -  will add port anl-mr2:xe-0/0/0                             
2019-02-06 13:52:08,735 INFO  n.e.o.t.s.TopoLibrary               -  will add port lbl-mr2:ae0                                  
2019-02-06 13:52:08,735 INFO  n.e.o.t.s.TopoLibrary               -  will add port lond-cr5:1/1/1                               
2019-02-06 13:52:08,735 INFO  n.e.o.t.s.TopoLibrary               -  will add port star-cr5:6/2/1                               
2019-02-06 13:52:08,735 INFO  n.e.o.t.s.TopoLibrary               -  will add port bost-cr5:3/1/1                               
2019-02-06 13:52:08,735 INFO  n.e.o.t.s.TopoLibrary               -  will add port snll-mr2:xe-1/3/0                            
2019-02-06 13:52:08,735 INFO  n.e.o.t.s.TopoLibrary               -  will add port netl-pgh-rt1:xe-2/0/0                        
2019-02-06 13:52:08,735 INFO  n.e.o.t.s.TopoLibrary               -  will add port llnl-mr2:xe-0/0/0                            
2019-02-06 13:52:08,736 INFO  n.e.o.t.s.TopoLibrary               -  will add port netl-pgh-rt1:xe-2/0/2                        
2019-02-06 13:52:08,736 INFO  n.e.o.t.s.TopoLibrary               -  will add port netl-pgh-rt1:xe-2/0/1                        
2019-02-06 13:52:08,736 INFO  n.e.o.t.s.TopoLibrary               -  will add port netl-pgh-rt1:xe-2/0/3                        
2019-02-06 13:52:08,736 INFO  n.e.o.t.s.TopoLibrary               -  will add port aofa-cr5:1/1/1                               
2019-02-06 13:52:08,736 INFO  n.e.o.t.s.TopoLibrary               -  will add port snla-rt3:xe-1/2/0                            
2019-02-06 13:52:08,736 INFO  n.e.o.t.s.TopoLibrary               -  will add port kans-cr5:3/1/1                               
2019-02-06 13:52:08,736 INFO  n.e.o.t.s.TopoLibrary               -  will add port llnl-mr2:ae0                                 
2019-02-06 13:52:08,736 INFO  n.e.o.t.s.TopoLibrary               -  will add port denv-cr5:9/1/3                               
2019-02-06 13:52:08,736 INFO  n.e.o.t.s.TopoLibrary               -  will add port denv-cr5:9/1/1                               
2019-02-06 13:52:08,736 INFO  n.e.o.t.s.TopoLibrary               -  will add port osti-rt2:xe-1/2/0                            
2019-02-06 13:52:08,736 INFO  n.e.o.t.s.TopoLibrary               -  will add port chic-cr5:2/1/1                               
2019-02-06 13:52:08,736 INFO  n.e.o.t.s.TopoLibrary               -  will add port lbl-mr2:xe-2/3/0                             
2019-02-06 13:52:08,736 INFO  n.e.o.t.s.TopoLibrary               -  will add port amst-cr5:2/1/1                               
2019-02-06 13:52:08,736 INFO  n.e.o.t.s.TopoLibrary               -  will add port sunn-cr5:2/1/1                               
2019-02-06 13:52:08,736 INFO  n.e.o.t.s.TopoLibrary               -  will add port nash-cr5:3/1/1                               
2019-02-06 13:52:08,736 INFO  n.e.o.t.s.TopoLibrary               -  will add port pppl-rt5:xe-1/3/0                            
2019-02-06 13:52:08,736 INFO  n.e.o.t.s.TopoLibrary               -  will add port snll-mr2:xe-0/2/0                            
2019-02-06 13:52:08,736 INFO  n.e.o.t.s.TopoLibrary               -  will add port lbl-mr2:ge-9/0/4                             
2019-02-06 13:52:08,736 INFO  n.e.o.t.s.TopoLibrary               -  will add port anl-mr2:xe-1/3/0                             
2019-02-06 13:52:08,736 INFO  n.e.o.t.s.TopoLibrary               -  will add port denv-cr5:3/1/1                               
2019-02-06 13:52:08,736 INFO  n.e.o.t.s.TopoLibrary               -  will add port star-cr5:1/2/1                               
2019-02-06 13:52:08,736 INFO  n.e.o.t.s.TopoLibrary               -  will add port chic-cr5:4/1/1                               
2019-02-06 13:52:08,736 INFO  n.e.o.t.s.TopoLibrary               -  will add port srs-rt3:ge-1/0/0                             
2019-02-06 13:52:08,736 INFO  n.e.o.t.s.TopoLibrary               -  will add port sunn-cr5:9/1/2                               
2019-02-06 13:52:08,737 INFO  n.e.o.t.s.TopoLibrary               -  will add port sunn-cr5:9/1/1                               
2019-02-06 13:52:08,737 INFO  n.e.o.t.s.TopoLibrary               -  will add port fnal-mr2:xe-8/1/0                            
2019-02-06 13:52:08,737 INFO  n.e.o.t.s.TopoLibrary               -  will add port aofa-cr5:7/2/1                               
2019-02-06 13:52:08,737 INFO  n.e.o.t.s.TopoLibrary               -  will add port ga-rt2:xe-0/0/0                              
2019-02-06 13:52:08,737 INFO  n.e.o.t.s.TopoLibrary               -  will add port fnal-mr2:xe-1/1/0                            
2019-02-06 13:52:08,737 INFO  n.e.o.t.s.TopoLibrary               -  will add port elpa-cr5:3/1/1                               
2019-02-06 13:52:08,737 INFO  n.e.o.t.s.TopoLibrary               -  will add port netl-mgn-rt1:xe-2/0/0                        
2019-02-06 13:52:08,737 INFO  n.e.o.t.s.TopoLibrary               -  will add port netl-mgn-rt1:xe-2/0/1                        
2019-02-06 13:52:08,737 INFO  n.e.o.t.s.TopoLibrary               -  will add port pppl-rt5:xe-1/2/0                            
2019-02-06 13:52:08,737 INFO  n.e.o.t.s.TopoLibrary               -  will add port hous-cr5:2/1/1                               
2019-02-06 13:52:08,737 INFO  n.e.o.t.s.TopoLibrary               -  will add port netl-mgn-rt1:xe-2/0/2                        
2019-02-06 13:52:08,737 INFO  n.e.o.t.s.TopoLibrary               -  will add port netl-mgn-rt1:xe-2/0/3                        
2019-02-06 13:52:08,737 INFO  n.e.o.t.s.TopoLibrary               -  will add port lbl-mr2:ge-9/1/2                             
2019-02-06 13:52:08,737 INFO  n.e.o.t.s.TopoLibrary               -  will add port kans-cr5:4/1/1                               
2019-02-06 13:52:08,737 INFO  n.e.o.t.s.TopoLibrary               -  will add port bois-cr1:xe-7/0/0                            
2019-02-06 13:52:08,737 INFO  n.e.o.t.s.TopoLibrary               -  will add port star-cr5:10/1/10                             
2019-02-06 13:52:08,737 INFO  n.e.o.t.s.TopoLibrary               -  will add port lbl-mr2:ge-9/1/0                             
2019-02-06 13:52:08,737 INFO  n.e.o.t.s.TopoLibrary               -  will add port snll-mr2:xe-1/1/0                            
2019-02-06 13:52:08,737 INFO  n.e.o.t.s.TopoLibrary               -  will add port sunn-cr5:9/1/5                               
2019-02-06 13:52:08,737 INFO  n.e.o.t.s.TopoLibrary               -  will add port lbl-mr2:ge-9/1/8                             
2019-02-06 13:52:08,737 INFO  n.e.o.t.s.TopoLibrary               -  will add port sunn-cr5:9/1/3                               
2019-02-06 13:52:08,737 INFO  n.e.o.t.s.TopoLibrary               -  will add port star-cr5:1/1/1                               
2019-02-06 13:52:08,737 INFO  n.e.o.t.s.TopoLibrary               -  will add port jgi-mr2:xe-2/2/0                             
2019-02-06 13:52:08,737 INFO  n.e.o.t.s.TopoLibrary               -  will add port srs-rt3:ge-1/1/0                             
2019-02-06 13:52:08,737 INFO  n.e.o.t.s.TopoLibrary               -  will add port wash-cr5:2/1/1                               
2019-02-06 13:52:08,737 INFO  n.e.o.t.s.TopoLibrary               -  will add port star-cr5:8/1/4                               
2019-02-06 13:52:08,737 INFO  n.e.o.t.s.TopoLibrary               -  will add port star-cr5:8/1/6                               
2019-02-06 13:52:08,737 INFO  n.e.o.t.s.TopoLibrary               -  will add port sunn-cr5:8/2/1                               
2019-02-06 13:52:08,737 INFO  n.e.o.t.s.TopoLibrary               -  will add port star-cr5:8/1/2                               
2019-02-06 13:52:08,737 INFO  n.e.o.t.s.TopoLibrary               -  will add port chic-cr5:5/1/1                               
2019-02-06 13:52:08,737 INFO  n.e.o.t.s.TopoLibrary               -  will add port lbl-mr2:xe-2/1/0                             
2019-02-06 13:52:08,737 INFO  n.e.o.t.s.TopoLibrary               -  will add port pppl-rt5:ge-0/0/2                            
2019-02-06 13:52:08,737 INFO  n.e.o.t.s.TopoLibrary               -  will add port orau-rt4:ge-0/1/0                            
2019-02-06 13:52:08,737 INFO  n.e.o.t.s.TopoLibrary               -  will add port orau-rt4:ge-0/1/1                            
2019-02-06 13:52:08,737 INFO  n.e.o.t.s.TopoLibrary               -  will add port orau-rt4:ge-0/1/2                            
2019-02-06 13:52:08,738 INFO  n.e.o.t.s.TopoLibrary               -  will add port eqx-chi-cr5:1/1/1                            
2019-02-06 13:52:08,738 INFO  n.e.o.t.s.TopoLibrary               -  will add port orau-rt4:ge-0/1/3                            
2019-02-06 13:52:08,738 INFO  n.e.o.t.s.TopoLibrary               -  will add port orau-rt4:ge-0/1/4                            
2019-02-06 13:52:08,738 INFO  n.e.o.t.s.TopoLibrary               -  will add port slac-mr2:xe-1/3/0                            
2019-02-06 13:52:08,738 INFO  n.e.o.t.s.TopoLibrary               -  will add port jgi-mr2:xe-0/2/0                             
2019-02-06 13:52:08,738 INFO  n.e.o.t.s.TopoLibrary               -  will add port pppl-rt5:xe-1/1/0                            
2019-02-06 13:52:08,738 INFO  n.e.o.t.s.TopoLibrary               -  will add port lbl-mr2:xe-1/3/0                             
2019-02-06 13:52:08,738 INFO  n.e.o.t.s.TopoLibrary               -  will add port ornl-cr5:9/1/4                               
2019-02-06 13:52:08,738 INFO  n.e.o.t.s.TopoLibrary               -  will add port sunn-cr5:1/1/1                               
2019-02-06 13:52:08,738 INFO  n.e.o.t.s.TopoLibrary               -  will add port fnal-mr2:xe-8/3/0                            
2019-02-06 13:52:08,738 INFO  n.e.o.t.s.TopoLibrary               -  will add port ga-rt2:xe-0/2/0                              
2019-02-06 13:52:08,738 INFO  n.e.o.t.s.TopoLibrary               -  will add port elpa-cr5:2/1/1                               
2019-02-06 13:52:08,738 INFO  n.e.o.t.s.TopoLibrary               -  will add port chic-cr5:3/2/1                               
2019-02-06 13:52:08,738 INFO  n.e.o.t.s.TopoLibrary               -  will add port srs-rt3:ge-1/2/0                             
2019-02-06 13:52:08,738 INFO  n.e.o.t.s.TopoLibrary               -  will add port hous-cr5:4/1/1                               
2019-02-06 13:52:08,738 INFO  n.e.o.t.s.TopoLibrary               -  will add port amst-cr5:1/1/1                               
2019-02-06 13:52:08,738 INFO  n.e.o.t.s.TopoLibrary               -  will add port nash-cr5:4/1/1                               
2019-02-06 13:52:08,738 INFO  n.e.o.t.s.TopoLibrary               -  will add port pnwg-cr5:10/1/9                              
2019-02-06 13:52:08,738 INFO  n.e.o.t.s.TopoLibrary               -  will add port lbl-mr2:xe-2/2/0                             
2019-02-06 13:52:08,738 INFO  n.e.o.t.s.TopoLibrary               -  will add port pnwg-cr5:10/1/6                              
2019-02-06 13:52:08,738 INFO  n.e.o.t.s.TopoLibrary               -  will add port nash-cr5:4/2/1                               
2019-02-06 13:52:08,738 INFO  n.e.o.t.s.TopoLibrary               -  will add port pnwg-cr5:10/1/5                              
2019-02-06 13:52:08,738 INFO  n.e.o.t.s.TopoLibrary               -  will add port pnwg-cr5:10/1/4                              
2019-02-06 13:52:08,738 INFO  n.e.o.t.s.TopoLibrary               -  will add port slac-mr2:xe-1/2/0                            
2019-02-06 13:52:08,738 INFO  n.e.o.t.s.TopoLibrary               -  will add port pnwg-cr5:10/1/3                              
2019-02-06 13:52:08,738 INFO  n.e.o.t.s.TopoLibrary               -  will add port pnwg-cr5:10/1/2                              
2019-02-06 13:52:08,738 INFO  n.e.o.t.s.TopoLibrary               -  will add port fnal-mr2:xe-0/2/0                            
2019-02-06 13:52:08,738 INFO  n.e.o.t.s.TopoLibrary               -  will add port pppl-rt5:xe-1/0/0                            
2019-02-06 13:52:08,739 INFO  n.e.o.t.s.TopoLibrary               -  will add port eqx-chi-cr5:1/2/1                            
2019-02-06 13:52:08,739 INFO  n.e.o.t.s.TopoLibrary               -  will add port cern-513-cr5:10/1/2                          
2019-02-06 13:52:08,739 INFO  n.e.o.t.s.TopoLibrary               -  will add port cern-513-cr5:10/1/3                          
2019-02-06 13:52:08,739 INFO  n.e.o.t.s.TopoLibrary               -  will add port snll-mr2:xe-0/1/0                            
2019-02-06 13:52:08,739 INFO  n.e.o.t.s.TopoLibrary               -  will add port jgi-mr2:xe-1/1/0                             
2019-02-06 13:52:08,739 INFO  n.e.o.t.s.TopoLibrary               -  will add port wash-cr5:3/1/1                               
2019-02-06 13:52:08,739 INFO  n.e.o.t.s.TopoLibrary               -  will add port star-cr5:9/1/4                               
2019-02-06 13:52:08,739 INFO  n.e.o.t.s.TopoLibrary               -  will add port ga-rt2:xe-0/3/0                              
2019-02-06 13:52:08,739 INFO  n.e.o.t.s.TopoLibrary               -  will add port denv-cr5:2/1/1                               
2019-02-06 13:52:08,739 INFO  n.e.o.t.s.TopoLibrary               -  will add port srs-rt3:ge-1/3/0                             
2019-02-06 13:52:08,739 INFO  n.e.o.t.s.TopoLibrary               -  will add port amst-cr5:1/2/1                               
2019-02-06 13:52:08,739 INFO  n.e.o.t.s.TopoLibrary               -  will add port lond-cr5:3/1/1                               
2019-02-06 13:52:08,739 INFO  n.e.o.t.s.TopoLibrary               -  will add port eqx-chi-cr5:2/1/1                            
2019-02-06 13:52:08,739 INFO  n.e.o.t.s.TopoLibrary               -  will add port snla-rt3:xe-0/0/0                            
2019-02-06 13:52:08,739 INFO  n.e.o.t.s.TopoLibrary               -  will add port pppl-rt5:xe-0/2/0                            
2019-02-06 13:52:08,744 DEBUG n.e.o.t.s.UpdateSvc                 - New version id is: 28                                       
2019-02-06 13:52:08,745 INFO  n.e.o.t.s.UpdateSvc                 - Merging version delta                                       
2019-02-06 13:52:08,843 INFO  n.e.o.t.s.UpdateSvc                 - d: inserting: nersc-mr2                                     
2019-02-06 13:52:08,845 INFO  n.e.o.t.s.UpdateSvc                 - d: inserting: pppl-rt5                                      
2019-02-06 13:52:08,846 INFO  n.e.o.t.s.UpdateSvc                 - d: inserting: srs-rt3                                       
2019-02-06 13:52:08,847 INFO  n.e.o.t.s.UpdateSvc                 - d: inserting: orau-rt4                                      
2019-02-06 13:52:08,850 INFO  n.e.o.t.s.UpdateSvc                 - d: inserting: doe-gtn-rt2                                   
2019-02-06 13:52:08,852 INFO  n.e.o.t.s.UpdateSvc                 - d: inserting: cern-513-cr5                                  
2019-02-06 13:52:08,852 INFO  n.e.o.t.s.UpdateSvc                 - d: inserting: eqx-sj-cr5                                    
2019-02-06 13:52:08,853 INFO  n.e.o.t.s.UpdateSvc                 - d: inserting: wash-cr5                                      
2019-02-06 13:52:08,853 INFO  n.e.o.t.s.UpdateSvc                 - d: inserting: ga-rt2                                        
2019-02-06 13:52:08,854 INFO  n.e.o.t.s.UpdateSvc                 - d: inserting: kans-cr5                                      
2019-02-06 13:52:08,855 INFO  n.e.o.t.s.UpdateSvc                 - d: inserting: bois-cr1                                      
2019-02-06 13:52:08,856 INFO  n.e.o.t.s.UpdateSvc                 - d: inserting: snll-mr2                                      
2019-02-06 13:52:08,857 INFO  n.e.o.t.s.UpdateSvc                 - d: inserting: atla-cr5                                      
2019-02-06 13:52:08,858 INFO  n.e.o.t.s.UpdateSvc                 - d: inserting: ornl-rt4                                      
2019-02-06 13:52:08,858 INFO  n.e.o.t.s.UpdateSvc                 - d: inserting: netl-mgn-rt1                                  
2019-02-06 13:52:08,863 INFO  n.e.o.t.s.UpdateSvc                 - d: inserting: cern-773-cr5                                  
2019-02-06 13:52:08,864 INFO  n.e.o.t.s.UpdateSvc                 - d: inserting: nash-cr5                                      
2019-02-06 13:52:08,865 INFO  n.e.o.t.s.UpdateSvc                 - d: inserting: elpa-cr5                                      
2019-02-06 13:52:08,866 INFO  n.e.o.t.s.UpdateSvc                 - d: inserting: sacr-cr5                                      
2019-02-06 13:52:08,878 INFO  n.e.o.t.s.UpdateSvc                 - d: inserting: snla-rt3                                      
2019-02-06 13:52:08,879 INFO  n.e.o.t.s.UpdateSvc                 - d: inserting: lsvn-cr1                                      
2019-02-06 13:52:08,880 INFO  n.e.o.t.s.UpdateSvc                 - d: inserting: sunn-cr5                                      
2019-02-06 13:52:08,882 INFO  n.e.o.t.s.UpdateSvc                 - d: inserting: netl-pgh-rt1                                  
2019-02-06 13:52:08,882 INFO  n.e.o.t.s.UpdateSvc                 - d: inserting: llnl-mr2                                      
2019-02-06 13:52:08,883 INFO  n.e.o.t.s.UpdateSvc                 - d: inserting: anl-mr2                                       
2019-02-06 13:52:08,883 INFO  n.e.o.t.s.UpdateSvc                 - d: inserting: llnldc-rt4                                    
2019-02-06 13:52:08,884 INFO  n.e.o.t.s.UpdateSvc                 - d: inserting: chic-cr5                                      
2019-02-06 13:52:08,884 INFO  n.e.o.t.s.UpdateSvc                 - d: inserting: slac-mr2                                      
2019-02-06 13:52:08,885 INFO  n.e.o.t.s.UpdateSvc                 - d: inserting: lond-cr5                                      
2019-02-06 13:52:08,885 INFO  n.e.o.t.s.UpdateSvc                 - d: inserting: eqx-chi-cr5                                   
2019-02-06 13:52:08,885 INFO  n.e.o.t.s.UpdateSvc                 - d: inserting: newy-cr5                                      
2019-02-06 13:52:08,886 INFO  n.e.o.t.s.UpdateSvc                 - d: inserting: netl-alb-rt1                                  
2019-02-06 13:52:08,886 INFO  n.e.o.t.s.UpdateSvc                 - d: inserting: jgi-mr2                                       
2019-02-06 13:52:08,886 INFO  n.e.o.t.s.UpdateSvc                 - d: inserting: eqx-ash-cr5                                   
2019-02-06 13:52:08,887 INFO  n.e.o.t.s.UpdateSvc                 - d: inserting: forr-rt2                                      
2019-02-06 13:52:08,887 INFO  n.e.o.t.s.UpdateSvc                 - d: inserting: ornl-cr5                                      
2019-02-06 13:52:08,888 INFO  n.e.o.t.s.UpdateSvc                 - d: inserting: fnal-mr2                                      
2019-02-06 13:52:08,888 INFO  n.e.o.t.s.UpdateSvc                 - d: inserting: pantex-rt4                                    
2019-02-06 13:52:08,888 INFO  n.e.o.t.s.UpdateSvc                 - d: inserting: ameslab-rt3                                   
2019-02-06 13:52:08,889 INFO  n.e.o.t.s.UpdateSvc                 - d: inserting: hous-cr5                                      
2019-02-06 13:52:08,889 INFO  n.e.o.t.s.UpdateSvc                 - d: inserting: aofa-cr5                                      
2019-02-06 13:52:08,889 INFO  n.e.o.t.s.UpdateSvc                 - d: inserting: osti-rt2                                      
2019-02-06 13:52:08,890 INFO  n.e.o.t.s.UpdateSvc                 - d: inserting: pnwg-cr5                                      
2019-02-06 13:52:08,890 INFO  n.e.o.t.s.UpdateSvc                 - d: inserting: amst-cr5                                      
2019-02-06 13:52:08,891 INFO  n.e.o.t.s.UpdateSvc                 - d: inserting: albq-cr5                                      
2019-02-06 13:52:08,891 INFO  n.e.o.t.s.UpdateSvc                 - d: inserting: lbl-mr2                                       
2019-02-06 13:52:08,891 INFO  n.e.o.t.s.UpdateSvc                 - d: inserting: denv-cr5                                      
2019-02-06 13:52:08,892 INFO  n.e.o.t.s.UpdateSvc                 - d: inserting: star-cr5                                      
2019-02-06 13:52:08,892 INFO  n.e.o.t.s.UpdateSvc                 - d: inserting: bost-cr5                                      
2019-02-06 13:52:08,892 INFO  n.e.o.t.s.UpdateSvc                 - finished merging devices                                    
2019-02-06 13:52:08,892 INFO  n.e.o.t.s.UpdateSvc                 -    inserted       : 49                                      
2019-02-06 13:52:08,892 INFO  n.e.o.t.s.UpdateSvc                 -    ver updated    : 0                                       
2019-02-06 13:52:08,892 INFO  n.e.o.t.s.UpdateSvc                 -     + unchanged      : 0                                    
2019-02-06 13:52:08,892 INFO  n.e.o.t.s.UpdateSvc                 -     + data updated   : 0                                    
2019-02-06 13:52:08,892 INFO  n.e.o.t.s.UpdateSvc                 -    invalidated    :   0                                     
2019-02-06 13:52:09,692 INFO  n.e.o.t.s.UpdateSvc                 - inserting p: slac-mr2:xe-1/1/0 to slac-mr2                  
2019-02-06 13:52:09,694 DEBUG n.e.o.t.s.UpdateSvc                 - slac-mr2:xe-1/1/0 56                                        
2019-02-06 13:52:09,697 INFO  n.e.o.t.s.UpdateSvc                 - inserting p: chic-cr5:BLANK to chic-cr5                     
2019-02-06 13:52:09,703 DEBUG n.e.o.t.s.UpdateSvc                 - chic-cr5:BLANK 55                                           
2019-02-06 13:52:09,705 INFO  n.e.o.t.s.UpdateSvc                 - inserting p: bost-cr5:10/2/3 to bost-cr5                    
2019-02-06 13:52:09,706 DEBUG n.e.o.t.s.UpdateSvc                 - bost-cr5:10/2/3 77                                          
2019-02-06 13:52:09,707 INFO  n.e.o.t.s.UpdateSvc                 - inserting p: lbl-mr2:xe-1/1/0 to lbl-mr2                    
2019-02-06 13:52:09,708 DEBUG n.e.o.t.s.UpdateSvc                 - lbl-mr2:xe-1/1/0 74                                         
2019-02-06 13:52:09,710 INFO  n.e.o.t.s.UpdateSvc                 - inserting p: newy-cr5:9/1/4 to newy-cr5                     
2019-02-06 13:52:09,711 DEBUG n.e.o.t.s.UpdateSvc                 - newy-cr5:9/1/4 59                                           
2019-02-06 13:52:09,713 INFO  n.e.o.t.s.UpdateSvc                 - inserting p: cern-513-cr5:1/1/1 to cern-513-cr5             
2019-02-06 13:52:09,714 DEBUG n.e.o.t.s.UpdateSvc                 - cern-513-cr5:1/1/1 34                                       
2019-02-06 13:52:09,716 INFO  n.e.o.t.s.UpdateSvc                 - inserting p: newy-cr5:9/1/1 to newy-cr5                     
2019-02-06 13:52:09,718 DEBUG n.e.o.t.s.UpdateSvc                 - newy-cr5:9/1/1 59                                           
2019-02-06 13:52:09,718 DEBUG n.e.o.t.s.UpdateSvc                 - newy-cr5:9/1/4 59                                           
2019-02-06 13:52:09,731 INFO  n.e.o.t.s.UpdateSvc                 - inserting p: bois-cr1:xe-7/3/0 to bois-cr1                  
2019-02-06 13:52:09,736 DEBUG n.e.o.t.s.UpdateSvc                 - bois-cr1:xe-7/3/0 39                                        
2019-02-06 13:52:09,738 INFO  n.e.o.t.s.UpdateSvc                 - inserting p: aofa-cr5:10/1/2 to aofa-cr5                    
2019-02-06 13:52:09,739 DEBUG n.e.o.t.s.UpdateSvc                 - aofa-cr5:10/1/2 69                                          
2019-02-06 13:52:09,742 INFO  n.e.o.t.s.UpdateSvc                 - inserting p: amst-cr5:10/2/5 to amst-cr5                    
2019-02-06 13:52:09,744 DEBUG n.e.o.t.s.UpdateSvc                 - amst-cr5:10/2/5 72                                          
2019-02-06 13:52:09,746 INFO  n.e.o.t.s.UpdateSvc                 - inserting p: aofa-cr5:10/1/1 to aofa-cr5                    
2019-02-06 13:52:09,748 DEBUG n.e.o.t.s.UpdateSvc                 - aofa-cr5:10/1/1 69                                          
2019-02-06 13:52:09,748 DEBUG n.e.o.t.s.UpdateSvc                 - aofa-cr5:10/1/2 69                                          
2019-02-06 13:52:09,750 INFO  n.e.o.t.s.UpdateSvc                 - inserting p: aofa-cr5:10/1/9 to aofa-cr5                    
2019-02-06 13:52:09,753 DEBUG n.e.o.t.s.UpdateSvc                 - aofa-cr5:10/1/1 69                                          
2019-02-06 13:52:09,753 DEBUG n.e.o.t.s.UpdateSvc                 - aofa-cr5:10/1/9 69                                          
2019-02-06 13:52:09,753 DEBUG n.e.o.t.s.UpdateSvc                 - aofa-cr5:10/1/2 69                                          
2019-02-06 13:52:09,755 INFO  n.e.o.t.s.UpdateSvc                 - inserting p: aofa-cr5:10/1/8 to aofa-cr5                    
2019-02-06 13:52:09,757 DEBUG n.e.o.t.s.UpdateSvc                 - aofa-cr5:10/1/1 69                                          
2019-02-06 13:52:09,757 DEBUG n.e.o.t.s.UpdateSvc                 - aofa-cr5:10/1/9 69                                          
2019-02-06 13:52:09,757 DEBUG n.e.o.t.s.UpdateSvc                 - aofa-cr5:10/1/2 69                                          
2019-02-06 13:52:09,757 DEBUG n.e.o.t.s.UpdateSvc                 - aofa-cr5:10/1/8 69                                          
2019-02-06 13:52:09,759 INFO  n.e.o.t.s.UpdateSvc                 - inserting p: eqx-chi-cr5:10/1/2 to eqx-chi-cr5              
2019-02-06 13:52:09,760 DEBUG n.e.o.t.s.UpdateSvc                 - eqx-chi-cr5:10/1/2 58                                       
2019-02-06 13:52:09,762 INFO  n.e.o.t.s.UpdateSvc                 - inserting p: lsvn-cr1:ge-1/0/1 to lsvn-cr1                  
2019-02-06 13:52:09,764 DEBUG n.e.o.t.s.UpdateSvc                 - lsvn-cr1:ge-1/0/1 49                                        
2019-02-06 13:52:09,766 INFO  n.e.o.t.s.UpdateSvc                 - inserting p: eqx-chi-cr5:10/1/3 to eqx-chi-cr5              
2019-02-06 13:52:09,769 DEBUG n.e.o.t.s.UpdateSvc                 - eqx-chi-cr5:10/1/3 58                                       
2019-02-06 13:52:09,769 DEBUG n.e.o.t.s.UpdateSvc                 - eqx-chi-cr5:10/1/2 58                                       
2019-02-06 13:52:09,772 INFO  n.e.o.t.s.UpdateSvc                 - inserting p: lsvn-cr1:ge-1/0/0 to lsvn-cr1                  
2019-02-06 13:52:09,774 DEBUG n.e.o.t.s.UpdateSvc                 - lsvn-cr1:ge-1/0/1 49                                        
2019-02-06 13:52:09,774 DEBUG n.e.o.t.s.UpdateSvc                 - lsvn-cr1:ge-1/0/0 49                                        
2019-02-06 13:52:09,776 INFO  n.e.o.t.s.UpdateSvc                 - inserting p: eqx-chi-cr5:10/1/1 to eqx-chi-cr5              
2019-02-06 13:52:09,778 DEBUG n.e.o.t.s.UpdateSvc                 - eqx-chi-cr5:10/1/1 58                                       
2019-02-06 13:52:09,778 DEBUG n.e.o.t.s.UpdateSvc                 - eqx-chi-cr5:10/1/3 58                                       
2019-02-06 13:52:09,778 DEBUG n.e.o.t.s.UpdateSvc                 - eqx-chi-cr5:10/1/2 58                                       
2019-02-06 13:52:09,781 INFO  n.e.o.t.s.UpdateSvc                 - inserting p: lbl-mr2:xe-8/1/0 to lbl-mr2                    
2019-02-06 13:52:09,782 DEBUG n.e.o.t.s.UpdateSvc                 - lbl-mr2:xe-8/1/0 74                                         
2019-02-06 13:52:09,782 DEBUG n.e.o.t.s.UpdateSvc                 - lbl-mr2:xe-1/1/0 74                                         
2019-02-06 13:52:09,785 INFO  n.e.o.t.s.UpdateSvc                 - inserting p: cern-773-cr5:10/1/2 to cern-773-cr5            
2019-02-06 13:52:09,786 DEBUG n.e.o.t.s.UpdateSvc                 - cern-773-cr5:10/1/2 44                                      
2019-02-06 13:52:09,788 INFO  n.e.o.t.s.UpdateSvc                 - inserting p: nersc-mr2:xe-2/2/0 to nersc-mr2                
2019-02-06 13:52:09,789 DEBUG n.e.o.t.s.UpdateSvc                 - nersc-mr2:xe-2/2/0 29                                       
2019-02-06 13:52:09,791 INFO  n.e.o.t.s.UpdateSvc                 - inserting p: cern-773-cr5:10/1/1 to cern-773-cr5            
2019-02-06 13:52:09,792 DEBUG n.e.o.t.s.UpdateSvc                 - cern-773-cr5:10/1/2 44                                      
2019-02-06 13:52:09,792 DEBUG n.e.o.t.s.UpdateSvc                 - cern-773-cr5:10/1/1 44                                      
2019-02-06 13:52:09,794 INFO  n.e.o.t.s.UpdateSvc                 - inserting p: cern-773-cr5:10/1/3 to cern-773-cr5            
2019-02-06 13:52:09,795 DEBUG n.e.o.t.s.UpdateSvc                 - cern-773-cr5:10/1/2 44                                      
2019-02-06 13:52:09,795 DEBUG n.e.o.t.s.UpdateSvc                 - cern-773-cr5:10/1/1 44                                      
2019-02-06 13:52:09,795 DEBUG n.e.o.t.s.UpdateSvc                 - cern-773-cr5:10/1/3 44                                      
2019-02-06 13:52:09,797 INFO  n.e.o.t.s.UpdateSvc                 - inserting p: chic-cr5:6/1/1 to chic-cr5                     
2019-02-06 13:52:09,798 DEBUG n.e.o.t.s.UpdateSvc                 - chic-cr5:6/1/1 55                                           
2019-02-06 13:52:09,798 DEBUG n.e.o.t.s.UpdateSvc                 - chic-cr5:BLANK 55                                           
2019-02-06 13:52:09,800 INFO  n.e.o.t.s.UpdateSvc                 - inserting p: star-cr5:3/1/1 to star-cr5                     
2019-02-06 13:52:09,801 DEBUG n.e.o.t.s.UpdateSvc                 - star-cr5:3/1/1 76                                           
2019-02-06 13:52:09,803 INFO  n.e.o.t.s.UpdateSvc                 - inserting p: lsvn-cr1:xe-2/1/0 to lsvn-cr1                  
2019-02-06 13:52:09,804 DEBUG n.e.o.t.s.UpdateSvc                 - lsvn-cr1:ge-1/0/1 49                                        
2019-02-06 13:52:09,804 DEBUG n.e.o.t.s.UpdateSvc                 - lsvn-cr1:ge-1/0/0 49                                        
2019-02-06 13:52:09,804 DEBUG n.e.o.t.s.UpdateSvc                 - lsvn-cr1:xe-2/1/0 49                                        
2019-02-06 13:52:09,806 INFO  n.e.o.t.s.UpdateSvc                 - inserting p: sunn-cr5:7/1/1 to sunn-cr5                     
2019-02-06 13:52:09,807 DEBUG n.e.o.t.s.UpdateSvc                 - sunn-cr5:7/1/1 50                                           
2019-02-06 13:52:09,809 INFO  n.e.o.t.s.UpdateSvc                 - inserting p: bost-cr5:10/1/2 to bost-cr5                    
2019-02-06 13:52:09,810 DEBUG n.e.o.t.s.UpdateSvc                 - bost-cr5:10/2/3 77                                          
2019-02-06 13:52:09,810 DEBUG n.e.o.t.s.UpdateSvc                 - bost-cr5:10/1/2 77                                          
2019-02-06 13:52:09,812 INFO  n.e.o.t.s.UpdateSvc                 - inserting p: eqx-chi-cr5:BLANK to eqx-chi-cr5               
2019-02-06 13:52:09,813 DEBUG n.e.o.t.s.UpdateSvc                 - eqx-chi-cr5:10/1/1 58                                       
2019-02-06 13:52:09,813 DEBUG n.e.o.t.s.UpdateSvc                 - eqx-chi-cr5:10/1/3 58                                       
2019-02-06 13:52:09,813 DEBUG n.e.o.t.s.UpdateSvc                 - eqx-chi-cr5:BLANK 58                                        
2019-02-06 13:52:09,813 DEBUG n.e.o.t.s.UpdateSvc                 - eqx-chi-cr5:10/1/2 58                                       
2019-02-06 13:52:09,815 INFO  n.e.o.t.s.UpdateSvc                 - inserting p: lbl-mr2:xe-8/3/0 to lbl-mr2                    
2019-02-06 13:52:09,817 DEBUG n.e.o.t.s.UpdateSvc                 - lbl-mr2:xe-8/1/0 74                                         
2019-02-06 13:52:09,817 DEBUG n.e.o.t.s.UpdateSvc                 - lbl-mr2:xe-1/1/0 74                                         
2019-02-06 13:52:09,817 DEBUG n.e.o.t.s.UpdateSvc                 - lbl-mr2:xe-8/3/0 74                                         
2019-02-06 13:52:09,818 INFO  n.e.o.t.s.UpdateSvc                 - inserting p: bost-cr5:10/1/6 to bost-cr5                    
2019-02-06 13:52:09,830 DEBUG n.e.o.t.s.UpdateSvc                 - bost-cr5:10/2/3 77                                          
2019-02-06 13:52:09,831 DEBUG n.e.o.t.s.UpdateSvc                 - bost-cr5:10/1/2 77                                          
2019-02-06 13:52:09,831 DEBUG n.e.o.t.s.UpdateSvc                 - bost-cr5:10/1/6 77                                          
2019-02-06 13:52:09,835 INFO  n.e.o.t.s.UpdateSvc                 - inserting p: bost-cr5:10/1/5 to bost-cr5                    
2019-02-06 13:52:09,837 DEBUG n.e.o.t.s.UpdateSvc                 - bost-cr5:10/2/3 77                                          
2019-02-06 13:52:09,837 DEBUG n.e.o.t.s.UpdateSvc                 - bost-cr5:10/1/2 77                                          
2019-02-06 13:52:09,837 DEBUG n.e.o.t.s.UpdateSvc                 - bost-cr5:10/1/6 77                                          
2019-02-06 13:52:09,837 DEBUG n.e.o.t.s.UpdateSvc                 - bost-cr5:10/1/5 77                                          
2019-02-06 13:52:09,840 INFO  n.e.o.t.s.UpdateSvc                 - inserting p: slac-mr2:xe-0/2/0 to slac-mr2                  
2019-02-06 13:52:09,842 DEBUG n.e.o.t.s.UpdateSvc                 - slac-mr2:xe-0/2/0 56                                        
2019-02-06 13:52:09,842 DEBUG n.e.o.t.s.UpdateSvc                 - slac-mr2:xe-1/1/0 56                                        
2019-02-06 13:52:09,846 INFO  n.e.o.t.s.UpdateSvc                 - inserting p: albq-cr5:10/1/2 to albq-cr5                    
2019-02-06 13:52:09,848 DEBUG n.e.o.t.s.UpdateSvc                 - albq-cr5:10/1/2 73                                          
2019-02-06 13:52:09,851 INFO  n.e.o.t.s.UpdateSvc                 - inserting p: aofa-cr5:5/1/1 to aofa-cr5                     
2019-02-06 13:52:09,853 DEBUG n.e.o.t.s.UpdateSvc                 - aofa-cr5:10/1/1 69                                          
2019-02-06 13:52:09,853 DEBUG n.e.o.t.s.UpdateSvc                 - aofa-cr5:10/1/9 69                                          
2019-02-06 13:52:09,853 DEBUG n.e.o.t.s.UpdateSvc                 - aofa-cr5:5/1/1 69                                           
2019-02-06 13:52:09,853 DEBUG n.e.o.t.s.UpdateSvc                 - aofa-cr5:10/1/2 69                                          
2019-02-06 13:52:09,853 DEBUG n.e.o.t.s.UpdateSvc                 - aofa-cr5:10/1/8 69                                          
2019-02-06 13:52:09,855 INFO  n.e.o.t.s.UpdateSvc                 - inserting p: nash-cr5:10/1/4 to nash-cr5                    
2019-02-06 13:52:09,856 DEBUG n.e.o.t.s.UpdateSvc                 - nash-cr5:10/1/4 45                                          
2019-02-06 13:52:09,857 INFO  n.e.o.t.s.UpdateSvc                 - inserting p: albq-cr5:10/1/5 to albq-cr5                    
2019-02-06 13:52:09,858 DEBUG n.e.o.t.s.UpdateSvc                 - albq-cr5:10/1/2 73                                          
2019-02-06 13:52:09,858 DEBUG n.e.o.t.s.UpdateSvc                 - albq-cr5:10/1/5 73                                          
2019-02-06 13:52:09,859 INFO  n.e.o.t.s.UpdateSvc                 - inserting p: ga-rt2:ge-1/0/3 to ga-rt2                      
2019-02-06 13:52:09,860 DEBUG n.e.o.t.s.UpdateSvc                 - ga-rt2:ge-1/0/3 37                                          
2019-02-06 13:52:09,862 INFO  n.e.o.t.s.UpdateSvc                 - inserting p: nash-cr5:10/1/3 to nash-cr5                    
2019-02-06 13:52:09,863 DEBUG n.e.o.t.s.UpdateSvc                 - nash-cr5:10/1/3 45                                          
2019-02-06 13:52:09,863 DEBUG n.e.o.t.s.UpdateSvc                 - nash-cr5:10/1/4 45                                          
2019-02-06 13:52:09,864 INFO  n.e.o.t.s.UpdateSvc                 - inserting p: albq-cr5:10/1/3 to albq-cr5                    
2019-02-06 13:52:09,865 DEBUG n.e.o.t.s.UpdateSvc                 - albq-cr5:10/1/2 73                                          
2019-02-06 13:52:09,865 DEBUG n.e.o.t.s.UpdateSvc                 - albq-cr5:10/1/5 73                                          
2019-02-06 13:52:09,865 DEBUG n.e.o.t.s.UpdateSvc                 - albq-cr5:10/1/3 73                                          
2019-02-06 13:52:09,866 INFO  n.e.o.t.s.UpdateSvc                 - inserting p: ga-rt2:ge-1/0/5 to ga-rt2                      
2019-02-06 13:52:09,868 DEBUG n.e.o.t.s.UpdateSvc                 - ga-rt2:ge-1/0/5 37                                          
2019-02-06 13:52:09,869 DEBUG n.e.o.t.s.UpdateSvc                 - ga-rt2:ge-1/0/3 37                                          
2019-02-06 13:52:09,871 INFO  n.e.o.t.s.UpdateSvc                 - inserting p: albq-cr5:10/1/4 to albq-cr5                    
2019-02-06 13:52:09,872 DEBUG n.e.o.t.s.UpdateSvc                 - albq-cr5:10/1/4 73                                          
2019-02-06 13:52:09,872 DEBUG n.e.o.t.s.UpdateSvc                 - albq-cr5:10/1/2 73                                          
2019-02-06 13:52:09,873 DEBUG n.e.o.t.s.UpdateSvc                 - albq-cr5:10/1/5 73                                          
2019-02-06 13:52:09,873 DEBUG n.e.o.t.s.UpdateSvc                 - albq-cr5:10/1/3 73                                          
2019-02-06 13:52:09,874 INFO  n.e.o.t.s.UpdateSvc                 - inserting p: amst-cr5:10/1/1 to amst-cr5                    
2019-02-06 13:52:09,876 DEBUG n.e.o.t.s.UpdateSvc                 - amst-cr5:10/1/1 72                                          
2019-02-06 13:52:09,876 DEBUG n.e.o.t.s.UpdateSvc                 - amst-cr5:10/2/5 72                                          
2019-02-06 13:52:09,879 INFO  n.e.o.t.s.UpdateSvc                 - inserting p: cern-513-cr5:1/2/1 to cern-513-cr5             
2019-02-06 13:52:09,880 DEBUG n.e.o.t.s.UpdateSvc                 - cern-513-cr5:1/1/1 34                                       
2019-02-06 13:52:09,880 DEBUG n.e.o.t.s.UpdateSvc                 - cern-513-cr5:1/2/1 34                                       
2019-02-06 13:52:09,883 INFO  n.e.o.t.s.UpdateSvc                 - inserting p: amst-cr5:10/1/2 to amst-cr5                    
2019-02-06 13:52:09,885 DEBUG n.e.o.t.s.UpdateSvc                 - amst-cr5:10/1/1 72                                          
2019-02-06 13:52:09,885 DEBUG n.e.o.t.s.UpdateSvc                 - amst-cr5:10/1/2 72                                          
2019-02-06 13:52:09,885 DEBUG n.e.o.t.s.UpdateSvc                 - amst-cr5:10/2/5 72                                          
2019-02-06 13:52:09,888 INFO  n.e.o.t.s.UpdateSvc                 - inserting p: pnwg-cr5:BLANK to pnwg-cr5                     
2019-02-06 13:52:09,890 DEBUG n.e.o.t.s.UpdateSvc                 - pnwg-cr5:BLANK 71                                           
2019-02-06 13:52:09,892 INFO  n.e.o.t.s.UpdateSvc                 - inserting p: ornl-rt4:xe-2/3/0 to ornl-rt4                  
2019-02-06 13:52:09,893 DEBUG n.e.o.t.s.UpdateSvc                 - ornl-rt4:xe-2/3/0 42                                        
2019-02-06 13:52:09,894 INFO  n.e.o.t.s.UpdateSvc                 - inserting p: newy-cr5:2/1/1 to newy-cr5                     
2019-02-06 13:52:09,895 DEBUG n.e.o.t.s.UpdateSvc                 - newy-cr5:9/1/1 59                                           
2019-02-06 13:52:09,895 DEBUG n.e.o.t.s.UpdateSvc                 - newy-cr5:2/1/1 59                                           
2019-02-06 13:52:09,896 DEBUG n.e.o.t.s.UpdateSvc                 - newy-cr5:9/1/4 59                                           
2019-02-06 13:52:09,897 INFO  n.e.o.t.s.UpdateSvc                 - inserting p: wash-cr5:10/1/3 to wash-cr5                    
2019-02-06 13:52:09,898 DEBUG n.e.o.t.s.UpdateSvc                 - wash-cr5:10/1/3 36                                          
2019-02-06 13:52:09,902 INFO  n.e.o.t.s.UpdateSvc                 - inserting p: lsvn-cr1:ge-1/1/0 to lsvn-cr1                  
2019-02-06 13:52:09,904 DEBUG n.e.o.t.s.UpdateSvc                 - lsvn-cr1:ge-1/0/1 49                                        
2019-02-06 13:52:09,904 DEBUG n.e.o.t.s.UpdateSvc                 - lsvn-cr1:ge-1/0/0 49                                        
2019-02-06 13:52:09,904 DEBUG n.e.o.t.s.UpdateSvc                 - lsvn-cr1:ge-1/1/0 49                                        
2019-02-06 13:52:09,904 DEBUG n.e.o.t.s.UpdateSvc                 - lsvn-cr1:xe-2/1/0 49                                        
2019-02-06 13:52:09,906 INFO  n.e.o.t.s.UpdateSvc                 - inserting p: newy-cr5:10/1/9 to newy-cr5                    
2019-02-06 13:52:09,907 DEBUG n.e.o.t.s.UpdateSvc                 - newy-cr5:9/1/1 59                                           
2019-02-06 13:52:09,907 DEBUG n.e.o.t.s.UpdateSvc                 - newy-cr5:2/1/1 59                                           
2019-02-06 13:52:09,907 DEBUG n.e.o.t.s.UpdateSvc                 - newy-cr5:10/1/9 59                                          
2019-02-06 13:52:09,908 DEBUG n.e.o.t.s.UpdateSvc                 - newy-cr5:9/1/4 59                                           
2019-02-06 13:52:09,909 INFO  n.e.o.t.s.UpdateSvc                 - inserting p: wash-cr5:10/1/4 to wash-cr5                    
2019-02-06 13:52:09,911 DEBUG n.e.o.t.s.UpdateSvc                 - wash-cr5:10/1/3 36                                          
2019-02-06 13:52:09,911 DEBUG n.e.o.t.s.UpdateSvc                 - wash-cr5:10/1/4 36                                          
2019-02-06 13:52:09,914 INFO  n.e.o.t.s.UpdateSvc                 - inserting p: nash-cr5:10/1/6 to nash-cr5                    
2019-02-06 13:52:09,917 DEBUG n.e.o.t.s.UpdateSvc                 - nash-cr5:10/1/6 45                                          
2019-02-06 13:52:09,917 DEBUG n.e.o.t.s.UpdateSvc                 - nash-cr5:10/1/3 45                                          
2019-02-06 13:52:09,917 DEBUG n.e.o.t.s.UpdateSvc                 - nash-cr5:10/1/4 45                                          
2019-02-06 13:52:09,918 INFO  n.e.o.t.s.UpdateSvc                 - inserting p: wash-cr5:10/1/5 to wash-cr5                    
2019-02-06 13:52:09,919 DEBUG n.e.o.t.s.UpdateSvc                 - wash-cr5:10/1/3 36                                          
2019-02-06 13:52:09,919 DEBUG n.e.o.t.s.UpdateSvc                 - wash-cr5:10/1/5 36                                          
2019-02-06 13:52:09,919 DEBUG n.e.o.t.s.UpdateSvc                 - wash-cr5:10/1/4 36                                          
2019-02-06 13:52:09,936 INFO  n.e.o.t.s.UpdateSvc                 - inserting p: nash-cr5:10/1/5 to nash-cr5                    
2019-02-06 13:52:09,939 DEBUG n.e.o.t.s.UpdateSvc                 - nash-cr5:10/1/5 45                                          
2019-02-06 13:52:09,940 DEBUG n.e.o.t.s.UpdateSvc                 - nash-cr5:10/1/6 45                                          
2019-02-06 13:52:09,940 DEBUG n.e.o.t.s.UpdateSvc                 - nash-cr5:10/1/3 45                                          
2019-02-06 13:52:09,940 DEBUG n.e.o.t.s.UpdateSvc                 - nash-cr5:10/1/4 45                                          
2019-02-06 13:52:09,942 INFO  n.e.o.t.s.UpdateSvc                 - inserting p: sacr-cr5:3/1/1 to sacr-cr5                     
2019-02-06 13:52:09,943 DEBUG n.e.o.t.s.UpdateSvc                 - sacr-cr5:3/1/1 47                                           
2019-02-06 13:52:09,945 INFO  n.e.o.t.s.UpdateSvc                 - inserting p: wash-cr5:10/1/9 to wash-cr5                    
2019-02-06 13:52:09,947 DEBUG n.e.o.t.s.UpdateSvc                 - wash-cr5:10/1/9 36                                          
2019-02-06 13:52:09,948 DEBUG n.e.o.t.s.UpdateSvc                 - wash-cr5:10/1/3 36                                          
2019-02-06 13:52:09,948 DEBUG n.e.o.t.s.UpdateSvc                 - wash-cr5:10/1/5 36                                          
2019-02-06 13:52:09,948 DEBUG n.e.o.t.s.UpdateSvc                 - wash-cr5:10/1/4 36                                          
2019-02-06 13:52:09,951 INFO  n.e.o.t.s.UpdateSvc                 - inserting p: lsvn-cr1:ge-1/1/1 to lsvn-cr1                  
2019-02-06 13:52:09,952 DEBUG n.e.o.t.s.UpdateSvc                 - lsvn-cr1:ge-1/0/1 49                                        
2019-02-06 13:52:09,952 DEBUG n.e.o.t.s.UpdateSvc                 - lsvn-cr1:ge-1/0/0 49                                        
2019-02-06 13:52:09,952 DEBUG n.e.o.t.s.UpdateSvc                 - lsvn-cr1:ge-1/1/0 49                                        
2019-02-06 13:52:09,952 DEBUG n.e.o.t.s.UpdateSvc                 - lsvn-cr1:xe-2/1/0 49                                        
2019-02-06 13:52:09,952 DEBUG n.e.o.t.s.UpdateSvc                 - lsvn-cr1:ge-1/1/1 49                                        
2019-02-06 13:52:09,955 INFO  n.e.o.t.s.UpdateSvc                 - inserting p: atla-cr5:1/1/1 to atla-cr5                     
2019-02-06 13:52:09,956 DEBUG n.e.o.t.s.UpdateSvc                 - atla-cr5:1/1/1 41                                           
2019-02-06 13:52:09,958 INFO  n.e.o.t.s.UpdateSvc                 - inserting p: lsvn-cr1:ge-1/1/5 to lsvn-cr1                  
2019-02-06 13:52:09,959 DEBUG n.e.o.t.s.UpdateSvc                 - lsvn-cr1:ge-1/0/1 49                                        
2019-02-06 13:52:09,959 DEBUG n.e.o.t.s.UpdateSvc                 - lsvn-cr1:ge-1/0/0 49                                        
2019-02-06 13:52:09,959 DEBUG n.e.o.t.s.UpdateSvc                 - lsvn-cr1:ge-1/1/0 49                                        
2019-02-06 13:52:09,959 DEBUG n.e.o.t.s.UpdateSvc                 - lsvn-cr1:xe-2/1/0 49                                        
2019-02-06 13:52:09,959 DEBUG n.e.o.t.s.UpdateSvc                 - lsvn-cr1:ge-1/1/5 49                                        
2019-02-06 13:52:09,959 DEBUG n.e.o.t.s.UpdateSvc                 - lsvn-cr1:ge-1/1/1 49                                        
2019-02-06 13:52:09,960 INFO  n.e.o.t.s.UpdateSvc                 - inserting p: newy-cr5:10/1/2 to newy-cr5                    
2019-02-06 13:52:09,962 DEBUG n.e.o.t.s.UpdateSvc                 - newy-cr5:9/1/1 59                                           
2019-02-06 13:52:09,962 DEBUG n.e.o.t.s.UpdateSvc                 - newy-cr5:2/1/1 59                                           
2019-02-06 13:52:09,962 DEBUG n.e.o.t.s.UpdateSvc                 - newy-cr5:10/1/9 59                                          
2019-02-06 13:52:09,962 DEBUG n.e.o.t.s.UpdateSvc                 - newy-cr5:9/1/4 59                                           
2019-02-06 13:52:09,962 DEBUG n.e.o.t.s.UpdateSvc                 - newy-cr5:10/1/2 59                                          
2019-02-06 13:52:09,964 INFO  n.e.o.t.s.UpdateSvc                 - inserting p: newy-cr5:10/1/3 to newy-cr5                    
2019-02-06 13:52:09,965 DEBUG n.e.o.t.s.UpdateSvc                 - newy-cr5:9/1/1 59                                           
2019-02-06 13:52:09,966 DEBUG n.e.o.t.s.UpdateSvc                 - newy-cr5:10/1/3 59                                          
2019-02-06 13:52:09,966 DEBUG n.e.o.t.s.UpdateSvc                 - newy-cr5:2/1/1 59                                           
2019-02-06 13:52:09,966 DEBUG n.e.o.t.s.UpdateSvc                 - newy-cr5:10/1/9 59                                          
2019-02-06 13:52:09,966 DEBUG n.e.o.t.s.UpdateSvc                 - newy-cr5:9/1/4 59                                           
2019-02-06 13:52:09,966 DEBUG n.e.o.t.s.UpdateSvc                 - newy-cr5:10/1/2 59                                          
2019-02-06 13:52:09,967 INFO  n.e.o.t.s.UpdateSvc                 - inserting p: lsvn-cr1:xe-2/2/0 to lsvn-cr1                  
2019-02-06 13:52:09,970 DEBUG n.e.o.t.s.UpdateSvc                 - lsvn-cr1:ge-1/0/1 49                                        
2019-02-06 13:52:09,971 DEBUG n.e.o.t.s.UpdateSvc                 - lsvn-cr1:ge-1/0/0 49                                        
2019-02-06 13:52:09,971 DEBUG n.e.o.t.s.UpdateSvc                 - lsvn-cr1:ge-1/1/0 49                                        
2019-02-06 13:52:09,971 DEBUG n.e.o.t.s.UpdateSvc                 - lsvn-cr1:xe-2/1/0 49                                        
2019-02-06 13:52:09,971 DEBUG n.e.o.t.s.UpdateSvc                 - lsvn-cr1:ge-1/1/5 49                                        
2019-02-06 13:52:09,971 DEBUG n.e.o.t.s.UpdateSvc                 - lsvn-cr1:xe-2/2/0 49                                        
2019-02-06 13:52:09,971 DEBUG n.e.o.t.s.UpdateSvc                 - lsvn-cr1:ge-1/1/1 49                                        
2019-02-06 13:52:09,973 INFO  n.e.o.t.s.UpdateSvc                 - inserting p: star-cr5:3/2/1 to star-cr5                     
2019-02-06 13:52:09,974 DEBUG n.e.o.t.s.UpdateSvc                 - star-cr5:3/1/1 76                                           
2019-02-06 13:52:09,974 DEBUG n.e.o.t.s.UpdateSvc                 - star-cr5:3/2/1 76                                           
2019-02-06 13:52:09,977 INFO  n.e.o.t.s.UpdateSvc                 - inserting p: bois-cr1:xe-1/2/0 to bois-cr1                  
2019-02-06 13:52:09,979 DEBUG n.e.o.t.s.UpdateSvc                 - bois-cr1:xe-7/3/0 39                                        
2019-02-06 13:52:09,979 DEBUG n.e.o.t.s.UpdateSvc                 - bois-cr1:xe-1/2/0 39                                        
2019-02-06 13:52:09,981 INFO  n.e.o.t.s.UpdateSvc                 - inserting p: sunn-cr5:10/1/2 to sunn-cr5                    
2019-02-06 13:52:09,983 DEBUG n.e.o.t.s.UpdateSvc                 - sunn-cr5:10/1/2 50                                          
2019-02-06 13:52:09,984 DEBUG n.e.o.t.s.UpdateSvc                 - sunn-cr5:7/1/1 50                                           
2019-02-06 13:52:09,987 INFO  n.e.o.t.s.UpdateSvc                 - inserting p: sunn-cr5:10/1/1 to sunn-cr5                    
2019-02-06 13:52:09,988 DEBUG n.e.o.t.s.UpdateSvc                 - sunn-cr5:10/1/1 50                                          
2019-02-06 13:52:09,988 DEBUG n.e.o.t.s.UpdateSvc                 - sunn-cr5:10/1/2 50                                          
2019-02-06 13:52:09,988 DEBUG n.e.o.t.s.UpdateSvc                 - sunn-cr5:7/1/1 50                                           
2019-02-06 13:52:09,990 INFO  n.e.o.t.s.UpdateSvc                 - inserting p: sunn-cr5:10/1/6 to sunn-cr5                    
2019-02-06 13:52:09,993 DEBUG n.e.o.t.s.UpdateSvc                 - sunn-cr5:10/1/1 50                                          
2019-02-06 13:52:09,994 DEBUG n.e.o.t.s.UpdateSvc                 - sunn-cr5:10/1/6 50                                          
2019-02-06 13:52:09,994 DEBUG n.e.o.t.s.UpdateSvc                 - sunn-cr5:10/1/2 50                                          
2019-02-06 13:52:09,994 DEBUG n.e.o.t.s.UpdateSvc                 - sunn-cr5:7/1/1 50                                           
2019-02-06 13:52:09,995 INFO  n.e.o.t.s.UpdateSvc                 - inserting p: lond-cr5:5/1/1 to lond-cr5                     
2019-02-06 13:52:09,996 DEBUG n.e.o.t.s.UpdateSvc                 - lond-cr5:5/1/1 57                                           
2019-02-06 13:52:09,997 INFO  n.e.o.t.s.UpdateSvc                 - inserting p: sunn-cr5:10/1/5 to sunn-cr5                    
2019-02-06 13:52:09,998 DEBUG n.e.o.t.s.UpdateSvc                 - sunn-cr5:10/1/1 50                                          
2019-02-06 13:52:09,998 DEBUG n.e.o.t.s.UpdateSvc                 - sunn-cr5:10/1/6 50                                          
2019-02-06 13:52:09,998 DEBUG n.e.o.t.s.UpdateSvc                 - sunn-cr5:10/1/5 50                                          
2019-02-06 13:52:09,998 DEBUG n.e.o.t.s.UpdateSvc                 - sunn-cr5:10/1/2 50                                          
2019-02-06 13:52:09,998 DEBUG n.e.o.t.s.UpdateSvc                 - sunn-cr5:7/1/1 50                                           
2019-02-06 13:52:10,000 INFO  n.e.o.t.s.UpdateSvc                 - inserting p: sunn-cr5:10/1/4 to sunn-cr5                    
2019-02-06 13:52:10,001 DEBUG n.e.o.t.s.UpdateSvc                 - sunn-cr5:10/1/1 50                                          
2019-02-06 13:52:10,001 DEBUG n.e.o.t.s.UpdateSvc                 - sunn-cr5:10/1/6 50                                          
2019-02-06 13:52:10,001 DEBUG n.e.o.t.s.UpdateSvc                 - sunn-cr5:10/1/5 50                                          
2019-02-06 13:52:10,001 DEBUG n.e.o.t.s.UpdateSvc                 - sunn-cr5:10/1/4 50                                          
2019-02-06 13:52:10,001 DEBUG n.e.o.t.s.UpdateSvc                 - sunn-cr5:10/1/2 50                                          
2019-02-06 13:52:10,001 DEBUG n.e.o.t.s.UpdateSvc                 - sunn-cr5:7/1/1 50                                           
2019-02-06 13:52:10,003 INFO  n.e.o.t.s.UpdateSvc                 - inserting p: sunn-cr5:10/1/3 to sunn-cr5                    
2019-02-06 13:52:10,004 DEBUG n.e.o.t.s.UpdateSvc                 - sunn-cr5:10/1/1 50                                          
2019-02-06 13:52:10,004 DEBUG n.e.o.t.s.UpdateSvc                 - sunn-cr5:10/1/6 50                                          
2019-02-06 13:52:10,004 DEBUG n.e.o.t.s.UpdateSvc                 - sunn-cr5:10/1/3 50                                          
2019-02-06 13:52:10,004 DEBUG n.e.o.t.s.UpdateSvc                 - sunn-cr5:10/1/5 50                                          
2019-02-06 13:52:10,005 DEBUG n.e.o.t.s.UpdateSvc                 - sunn-cr5:10/1/4 50                                          
2019-02-06 13:52:10,005 DEBUG n.e.o.t.s.UpdateSvc                 - sunn-cr5:10/1/2 50                                          
2019-02-06 13:52:10,005 DEBUG n.e.o.t.s.UpdateSvc                 - sunn-cr5:7/1/1 50                                           
2019-02-06 13:52:10,006 INFO  n.e.o.t.s.UpdateSvc                 - inserting p: anl-mr2:xe-2/3/0 to anl-mr2                    
2019-02-06 13:52:10,007 DEBUG n.e.o.t.s.UpdateSvc                 - anl-mr2:xe-2/3/0 53                                         
2019-02-06 13:52:10,008 INFO  n.e.o.t.s.UpdateSvc                 - inserting p: netl-alb-rt1:xe-2/0/0 to netl-alb-rt1          
2019-02-06 13:52:10,009 DEBUG n.e.o.t.s.UpdateSvc                 - netl-alb-rt1:xe-2/0/0 60                                    
2019-02-06 13:52:10,011 INFO  n.e.o.t.s.UpdateSvc                 - inserting p: slac-mr2:xe-0/1/0 to slac-mr2                  
2019-02-06 13:52:10,012 DEBUG n.e.o.t.s.UpdateSvc                 - slac-mr2:xe-0/1/0 56                                        
2019-02-06 13:52:10,012 DEBUG n.e.o.t.s.UpdateSvc                 - slac-mr2:xe-0/2/0 56                                        
2019-02-06 13:52:10,012 DEBUG n.e.o.t.s.UpdateSvc                 - slac-mr2:xe-1/1/0 56                                        
2019-02-06 13:52:10,014 INFO  n.e.o.t.s.UpdateSvc                 - inserting p: ga-rt2:ge-1/1/3 to ga-rt2                      
2019-02-06 13:52:10,014 DEBUG n.e.o.t.s.UpdateSvc                 - ga-rt2:ge-1/0/5 37                                          
2019-02-06 13:52:10,014 DEBUG n.e.o.t.s.UpdateSvc                 - ga-rt2:ge-1/0/3 37                                          
2019-02-06 13:52:10,014 DEBUG n.e.o.t.s.UpdateSvc                 - ga-rt2:ge-1/1/3 37                                          
2019-02-06 13:52:10,016 INFO  n.e.o.t.s.UpdateSvc                 - inserting p: netl-alb-rt1:xe-2/0/3 to netl-alb-rt1          
2019-02-06 13:52:10,018 DEBUG n.e.o.t.s.UpdateSvc                 - netl-alb-rt1:xe-2/0/0 60                                    
2019-02-06 13:52:10,018 DEBUG n.e.o.t.s.UpdateSvc                 - netl-alb-rt1:xe-2/0/3 60                                    
2019-02-06 13:52:10,021 INFO  n.e.o.t.s.UpdateSvc                 - inserting p: netl-alb-rt1:xe-2/0/2 to netl-alb-rt1          
2019-02-06 13:52:10,022 DEBUG n.e.o.t.s.UpdateSvc                 - netl-alb-rt1:xe-2/0/2 60                                    
2019-02-06 13:52:10,022 DEBUG n.e.o.t.s.UpdateSvc                 - netl-alb-rt1:xe-2/0/0 60                                    
2019-02-06 13:52:10,022 DEBUG n.e.o.t.s.UpdateSvc                 - netl-alb-rt1:xe-2/0/3 60                                    
2019-02-06 13:52:10,024 INFO  n.e.o.t.s.UpdateSvc                 - inserting p: netl-alb-rt1:xe-2/0/1 to netl-alb-rt1          
2019-02-06 13:52:10,040 DEBUG n.e.o.t.s.UpdateSvc                 - netl-alb-rt1:xe-2/0/2 60                                    
2019-02-06 13:52:10,041 DEBUG n.e.o.t.s.UpdateSvc                 - netl-alb-rt1:xe-2/0/0 60                                    
2019-02-06 13:52:10,041 DEBUG n.e.o.t.s.UpdateSvc                 - netl-alb-rt1:xe-2/0/3 60                                    
2019-02-06 13:52:10,041 DEBUG n.e.o.t.s.UpdateSvc                 - netl-alb-rt1:xe-2/0/1 60                                    
2019-02-06 13:52:10,043 INFO  n.e.o.t.s.UpdateSvc                 - inserting p: bois-cr1:xe-7/1/0 to bois-cr1                  
2019-02-06 13:52:10,044 DEBUG n.e.o.t.s.UpdateSvc                 - bois-cr1:xe-7/1/0 39                                        
2019-02-06 13:52:10,044 DEBUG n.e.o.t.s.UpdateSvc                 - bois-cr1:xe-7/3/0 39                                        
2019-02-06 13:52:10,044 DEBUG n.e.o.t.s.UpdateSvc                 - bois-cr1:xe-1/2/0 39                                        
2019-02-06 13:52:10,048 INFO  n.e.o.t.s.UpdateSvc                 - inserting p: srs-rt3:ge-0/1/0 to srs-rt3                    
2019-02-06 13:52:10,049 DEBUG n.e.o.t.s.UpdateSvc                 - srs-rt3:ge-0/1/0 31                                         
2019-02-06 13:52:10,051 INFO  n.e.o.t.s.UpdateSvc                 - inserting p: albq-cr5:3/1/1 to albq-cr5                     
2019-02-06 13:52:10,052 DEBUG n.e.o.t.s.UpdateSvc                 - albq-cr5:10/1/4 73                                          
2019-02-06 13:52:10,052 DEBUG n.e.o.t.s.UpdateSvc                 - albq-cr5:10/1/2 73                                          
2019-02-06 13:52:10,052 DEBUG n.e.o.t.s.UpdateSvc                 - albq-cr5:10/1/5 73                                          
2019-02-06 13:52:10,052 DEBUG n.e.o.t.s.UpdateSvc                 - albq-cr5:10/1/3 73                                          
2019-02-06 13:52:10,052 DEBUG n.e.o.t.s.UpdateSvc                 - albq-cr5:3/1/1 73                                           
2019-02-06 13:52:10,054 INFO  n.e.o.t.s.UpdateSvc                 - inserting p: aofa-cr5:6/2/1 to aofa-cr5                     
2019-02-06 13:52:10,054 DEBUG n.e.o.t.s.UpdateSvc                 - aofa-cr5:10/1/1 69                                          
2019-02-06 13:52:10,054 DEBUG n.e.o.t.s.UpdateSvc                 - aofa-cr5:10/1/9 69                                          
2019-02-06 13:52:10,054 DEBUG n.e.o.t.s.UpdateSvc                 - aofa-cr5:5/1/1 69                                           
2019-02-06 13:52:10,054 DEBUG n.e.o.t.s.UpdateSvc                 - aofa-cr5:6/2/1 69                                           
2019-02-06 13:52:10,055 DEBUG n.e.o.t.s.UpdateSvc                 - aofa-cr5:10/1/2 69                                          
2019-02-06 13:52:10,055 DEBUG n.e.o.t.s.UpdateSvc                 - aofa-cr5:10/1/8 69                                          
2019-02-06 13:52:10,057 INFO  n.e.o.t.s.UpdateSvc                 - inserting p: wash-cr5:10/1/10 to wash-cr5                   
2019-02-06 13:52:10,058 DEBUG n.e.o.t.s.UpdateSvc                 - wash-cr5:10/1/9 36                                          
2019-02-06 13:52:10,058 DEBUG n.e.o.t.s.UpdateSvc                 - wash-cr5:10/1/3 36                                          
2019-02-06 13:52:10,058 DEBUG n.e.o.t.s.UpdateSvc                 - wash-cr5:10/1/5 36                                          
2019-02-06 13:52:10,058 DEBUG n.e.o.t.s.UpdateSvc                 - wash-cr5:10/1/4 36                                          
2019-02-06 13:52:10,058 DEBUG n.e.o.t.s.UpdateSvc                 - wash-cr5:10/1/10 36                                         
2019-02-06 13:52:10,060 INFO  n.e.o.t.s.UpdateSvc                 - inserting p: chic-cr5:7/1/1 to chic-cr5                     
2019-02-06 13:52:10,061 DEBUG n.e.o.t.s.UpdateSvc                 - chic-cr5:6/1/1 55                                           
2019-02-06 13:52:10,061 DEBUG n.e.o.t.s.UpdateSvc                 - chic-cr5:7/1/1 55                                           
2019-02-06 13:52:10,061 DEBUG n.e.o.t.s.UpdateSvc                 - chic-cr5:BLANK 55                                           
2019-02-06 13:52:10,063 INFO  n.e.o.t.s.UpdateSvc                 - inserting p: lbl-mr2:xe-0/1/0 to lbl-mr2                    
2019-02-06 13:52:10,064 DEBUG n.e.o.t.s.UpdateSvc                 - lbl-mr2:xe-8/1/0 74                                         
2019-02-06 13:52:10,064 DEBUG n.e.o.t.s.UpdateSvc                 - lbl-mr2:xe-1/1/0 74                                         
2019-02-06 13:52:10,064 DEBUG n.e.o.t.s.UpdateSvc                 - lbl-mr2:xe-0/1/0 74                                         
2019-02-06 13:52:10,064 DEBUG n.e.o.t.s.UpdateSvc                 - lbl-mr2:xe-8/3/0 74                                         
2019-02-06 13:52:10,065 INFO  n.e.o.t.s.UpdateSvc                 - inserting p: sunn-cr5:8/1/1 to sunn-cr5                     
2019-02-06 13:52:10,068 DEBUG n.e.o.t.s.UpdateSvc                 - sunn-cr5:10/1/1 50                                          
2019-02-06 13:52:10,068 DEBUG n.e.o.t.s.UpdateSvc                 - sunn-cr5:10/1/6 50                                          
2019-02-06 13:52:10,068 DEBUG n.e.o.t.s.UpdateSvc                 - sunn-cr5:10/1/3 50                                          
2019-02-06 13:52:10,068 DEBUG n.e.o.t.s.UpdateSvc                 - sunn-cr5:10/1/5 50                                          
2019-02-06 13:52:10,068 DEBUG n.e.o.t.s.UpdateSvc                 - sunn-cr5:8/1/1 50                                           
2019-02-06 13:52:10,068 DEBUG n.e.o.t.s.UpdateSvc                 - sunn-cr5:10/1/4 50                                          
2019-02-06 13:52:10,068 DEBUG n.e.o.t.s.UpdateSvc                 - sunn-cr5:10/1/2 50                                          
2019-02-06 13:52:10,069 DEBUG n.e.o.t.s.UpdateSvc                 - sunn-cr5:7/1/1 50                                           
2019-02-06 13:52:10,072 INFO  n.e.o.t.s.UpdateSvc                 - inserting p: denv-cr5:4/1/1 to denv-cr5                     
2019-02-06 13:52:10,073 DEBUG n.e.o.t.s.UpdateSvc                 - denv-cr5:4/1/1 75                                           
2019-02-06 13:52:10,075 INFO  n.e.o.t.s.UpdateSvc                 - inserting p: fnal-mr2:xe-1/3/0 to fnal-mr2                  
2019-02-06 13:52:10,076 DEBUG n.e.o.t.s.UpdateSvc                 - fnal-mr2:xe-1/3/0 65                                        
2019-02-06 13:52:10,078 INFO  n.e.o.t.s.UpdateSvc                 - inserting p: sunn-cr5:10/2/1 to sunn-cr5                    
2019-02-06 13:52:10,080 DEBUG n.e.o.t.s.UpdateSvc                 - sunn-cr5:10/1/1 50                                          
2019-02-06 13:52:10,080 DEBUG n.e.o.t.s.UpdateSvc                 - sunn-cr5:10/1/6 50                                          
2019-02-06 13:52:10,080 DEBUG n.e.o.t.s.UpdateSvc                 - sunn-cr5:10/1/3 50                                          
2019-02-06 13:52:10,080 DEBUG n.e.o.t.s.UpdateSvc                 - sunn-cr5:10/1/5 50                                          
2019-02-06 13:52:10,081 DEBUG n.e.o.t.s.UpdateSvc                 - sunn-cr5:8/1/1 50                                           
2019-02-06 13:52:10,081 DEBUG n.e.o.t.s.UpdateSvc                 - sunn-cr5:10/1/4 50                                          
2019-02-06 13:52:10,081 DEBUG n.e.o.t.s.UpdateSvc                 - sunn-cr5:10/1/2 50                                          
2019-02-06 13:52:10,081 DEBUG n.e.o.t.s.UpdateSvc                 - sunn-cr5:7/1/1 50                                           
2019-02-06 13:52:10,081 DEBUG n.e.o.t.s.UpdateSvc                 - sunn-cr5:10/2/1 50                                          
2019-02-06 13:52:10,083 INFO  n.e.o.t.s.UpdateSvc                 - inserting p: sunn-cr5:10/2/5 to sunn-cr5                    
2019-02-06 13:52:10,085 DEBUG n.e.o.t.s.UpdateSvc                 - sunn-cr5:10/1/1 50                                          
2019-02-06 13:52:10,085 DEBUG n.e.o.t.s.UpdateSvc                 - sunn-cr5:10/1/6 50                                          
2019-02-06 13:52:10,085 DEBUG n.e.o.t.s.UpdateSvc                 - sunn-cr5:10/1/3 50                                          
2019-02-06 13:52:10,086 DEBUG n.e.o.t.s.UpdateSvc                 - sunn-cr5:10/1/5 50                                          
2019-02-06 13:52:10,086 DEBUG n.e.o.t.s.UpdateSvc                 - sunn-cr5:8/1/1 50                                           
2019-02-06 13:52:10,086 DEBUG n.e.o.t.s.UpdateSvc                 - sunn-cr5:10/1/4 50                                          
2019-02-06 13:52:10,086 DEBUG n.e.o.t.s.UpdateSvc                 - sunn-cr5:10/1/2 50                                          
2019-02-06 13:52:10,086 DEBUG n.e.o.t.s.UpdateSvc                 - sunn-cr5:7/1/1 50                                           
2019-02-06 13:52:10,086 DEBUG n.e.o.t.s.UpdateSvc                 - sunn-cr5:10/2/1 50                                          
2019-02-06 13:52:10,086 DEBUG n.e.o.t.s.UpdateSvc                 - sunn-cr5:10/2/5 50                                          
2019-02-06 13:52:10,088 INFO  n.e.o.t.s.UpdateSvc                 - inserting p: sunn-cr5:10/2/4 to sunn-cr5                    
2019-02-06 13:52:10,089 DEBUG n.e.o.t.s.UpdateSvc                 - sunn-cr5:10/1/1 50                                          
2019-02-06 13:52:10,089 DEBUG n.e.o.t.s.UpdateSvc                 - sunn-cr5:10/1/6 50                                          
2019-02-06 13:52:10,089 DEBUG n.e.o.t.s.UpdateSvc                 - sunn-cr5:10/1/3 50                                          
2019-02-06 13:52:10,089 DEBUG n.e.o.t.s.UpdateSvc                 - sunn-cr5:10/1/5 50                                          
2019-02-06 13:52:10,089 DEBUG n.e.o.t.s.UpdateSvc                 - sunn-cr5:10/2/4 50                                          
2019-02-06 13:52:10,089 DEBUG n.e.o.t.s.UpdateSvc                 - sunn-cr5:8/1/1 50                                           
2019-02-06 13:52:10,089 DEBUG n.e.o.t.s.UpdateSvc                 - sunn-cr5:10/1/4 50                                          
2019-02-06 13:52:10,089 DEBUG n.e.o.t.s.UpdateSvc                 - sunn-cr5:10/1/2 50                                          
2019-02-06 13:52:10,089 DEBUG n.e.o.t.s.UpdateSvc                 - sunn-cr5:7/1/1 50                                           
2019-02-06 13:52:10,089 DEBUG n.e.o.t.s.UpdateSvc                 - sunn-cr5:10/2/1 50                                          
2019-02-06 13:52:10,089 DEBUG n.e.o.t.s.UpdateSvc                 - sunn-cr5:10/2/5 50                                          
2019-02-06 13:52:10,091 INFO  n.e.o.t.s.UpdateSvc                 - inserting p: sunn-cr5:10/2/3 to sunn-cr5                    
2019-02-06 13:52:10,092 DEBUG n.e.o.t.s.UpdateSvc                 - sunn-cr5:10/1/1 50                                          
2019-02-06 13:52:10,092 DEBUG n.e.o.t.s.UpdateSvc                 - sunn-cr5:10/1/6 50                                          
2019-02-06 13:52:10,092 DEBUG n.e.o.t.s.UpdateSvc                 - sunn-cr5:10/1/3 50                                          
2019-02-06 13:52:10,092 DEBUG n.e.o.t.s.UpdateSvc                 - sunn-cr5:10/1/5 50                                          
2019-02-06 13:52:10,092 DEBUG n.e.o.t.s.UpdateSvc                 - sunn-cr5:10/2/4 50                                          
2019-02-06 13:52:10,092 DEBUG n.e.o.t.s.UpdateSvc                 - sunn-cr5:10/2/3 50                                          
2019-02-06 13:52:10,092 DEBUG n.e.o.t.s.UpdateSvc                 - sunn-cr5:8/1/1 50                                           
2019-02-06 13:52:10,093 DEBUG n.e.o.t.s.UpdateSvc                 - sunn-cr5:10/1/4 50                                          
2019-02-06 13:52:10,093 DEBUG n.e.o.t.s.UpdateSvc                 - sunn-cr5:10/1/2 50                                          
2019-02-06 13:52:10,093 DEBUG n.e.o.t.s.UpdateSvc                 - sunn-cr5:7/1/1 50                                           
2019-02-06 13:52:10,093 DEBUG n.e.o.t.s.UpdateSvc                 - sunn-cr5:10/2/1 50                                          
2019-02-06 13:52:10,093 DEBUG n.e.o.t.s.UpdateSvc                 - sunn-cr5:10/2/5 50                                          
2019-02-06 13:52:10,095 INFO  n.e.o.t.s.UpdateSvc                 - inserting p: sunn-cr5:10/2/2 to sunn-cr5                    
2019-02-06 13:52:10,096 DEBUG n.e.o.t.s.UpdateSvc                 - sunn-cr5:10/1/6 50                                          
2019-02-06 13:52:10,096 DEBUG n.e.o.t.s.UpdateSvc                 - sunn-cr5:10/1/5 50                                          
2019-02-06 13:52:10,096 DEBUG n.e.o.t.s.UpdateSvc                 - sunn-cr5:10/2/4 50                                          
2019-02-06 13:52:10,096 DEBUG n.e.o.t.s.UpdateSvc                 - sunn-cr5:10/2/3 50                                          
2019-02-06 13:52:10,096 DEBUG n.e.o.t.s.UpdateSvc                 - sunn-cr5:7/1/1 50                                           
2019-02-06 13:52:10,096 DEBUG n.e.o.t.s.UpdateSvc                 - sunn-cr5:10/2/1 50                                          
2019-02-06 13:52:10,096 DEBUG n.e.o.t.s.UpdateSvc                 - sunn-cr5:10/2/5 50                                          
2019-02-06 13:52:10,096 DEBUG n.e.o.t.s.UpdateSvc                 - sunn-cr5:10/1/1 50                                          
2019-02-06 13:52:10,096 DEBUG n.e.o.t.s.UpdateSvc                 - sunn-cr5:10/1/3 50                                          
2019-02-06 13:52:10,096 DEBUG n.e.o.t.s.UpdateSvc                 - sunn-cr5:8/1/1 50                                           
2019-02-06 13:52:10,096 DEBUG n.e.o.t.s.UpdateSvc                 - sunn-cr5:10/1/4 50                                          
2019-02-06 13:52:10,096 DEBUG n.e.o.t.s.UpdateSvc                 - sunn-cr5:10/1/2 50                                          
2019-02-06 13:52:10,096 DEBUG n.e.o.t.s.UpdateSvc                 - sunn-cr5:10/2/2 50                                          
2019-02-06 13:52:10,099 INFO  n.e.o.t.s.UpdateSvc                 - inserting p: llnl-mr2:xe-3/2/0 to llnl-mr2                  
2019-02-06 13:52:10,100 DEBUG n.e.o.t.s.UpdateSvc                 - llnl-mr2:xe-3/2/0 52                                        
2019-02-06 13:52:10,102 INFO  n.e.o.t.s.UpdateSvc                 - inserting p: sunn-cr5:10/2/6 to sunn-cr5                    
2019-02-06 13:52:10,104 DEBUG n.e.o.t.s.UpdateSvc                 - sunn-cr5:10/1/6 50                                          
2019-02-06 13:52:10,104 DEBUG n.e.o.t.s.UpdateSvc                 - sunn-cr5:10/1/5 50                                          
2019-02-06 13:52:10,104 DEBUG n.e.o.t.s.UpdateSvc                 - sunn-cr5:10/2/4 50                                          
2019-02-06 13:52:10,104 DEBUG n.e.o.t.s.UpdateSvc                 - sunn-cr5:10/2/3 50                                          
2019-02-06 13:52:10,104 DEBUG n.e.o.t.s.UpdateSvc                 - sunn-cr5:10/2/6 50                                          
2019-02-06 13:52:10,104 DEBUG n.e.o.t.s.UpdateSvc                 - sunn-cr5:7/1/1 50                                           
2019-02-06 13:52:10,104 DEBUG n.e.o.t.s.UpdateSvc                 - sunn-cr5:10/2/1 50                                          
2019-02-06 13:52:10,104 DEBUG n.e.o.t.s.UpdateSvc                 - sunn-cr5:10/2/5 50                                          
2019-02-06 13:52:10,104 DEBUG n.e.o.t.s.UpdateSvc                 - sunn-cr5:10/1/1 50                                          
2019-02-06 13:52:10,104 DEBUG n.e.o.t.s.UpdateSvc                 - sunn-cr5:10/1/3 50                                          
2019-02-06 13:52:10,104 DEBUG n.e.o.t.s.UpdateSvc                 - sunn-cr5:8/1/1 50                                           
2019-02-06 13:52:10,104 DEBUG n.e.o.t.s.UpdateSvc                 - sunn-cr5:10/1/4 50                                          
2019-02-06 13:52:10,104 DEBUG n.e.o.t.s.UpdateSvc                 - sunn-cr5:10/1/2 50                                          
2019-02-06 13:52:10,104 DEBUG n.e.o.t.s.UpdateSvc                 - sunn-cr5:10/2/2 50                                          
2019-02-06 13:52:10,105 INFO  n.e.o.t.s.UpdateSvc                 - inserting p: hous-cr5:1/1/1 to hous-cr5                     
2019-02-06 13:52:10,107 DEBUG n.e.o.t.s.UpdateSvc                 - hous-cr5:1/1/1 68                                           
2019-02-06 13:52:10,109 INFO  n.e.o.t.s.UpdateSvc                 - inserting p: slac-mr2:xe-0/0/0 to slac-mr2                  
2019-02-06 13:52:10,110 DEBUG n.e.o.t.s.UpdateSvc                 - slac-mr2:xe-0/1/0 56                                        
2019-02-06 13:52:10,110 DEBUG n.e.o.t.s.UpdateSvc                 - slac-mr2:xe-0/2/0 56                                        
2019-02-06 13:52:10,110 DEBUG n.e.o.t.s.UpdateSvc                 - slac-mr2:xe-0/0/0 56                                        
2019-02-06 13:52:10,110 DEBUG n.e.o.t.s.UpdateSvc                 - slac-mr2:xe-1/1/0 56                                        
2019-02-06 13:52:10,112 INFO  n.e.o.t.s.UpdateSvc                 - inserting p: srs-rt3:ge-0/0/0 to srs-rt3                    
2019-02-06 13:52:10,113 DEBUG n.e.o.t.s.UpdateSvc                 - srs-rt3:ge-0/1/0 31                                         
2019-02-06 13:52:10,113 DEBUG n.e.o.t.s.UpdateSvc                 - srs-rt3:ge-0/0/0 31                                         
2019-02-06 13:52:10,114 INFO  n.e.o.t.s.UpdateSvc                 - inserting p: lbl-mr2:xe-0/2/0 to lbl-mr2                    
2019-02-06 13:52:10,116 DEBUG n.e.o.t.s.UpdateSvc                 - lbl-mr2:xe-8/1/0 74                                         
2019-02-06 13:52:10,116 DEBUG n.e.o.t.s.UpdateSvc                 - lbl-mr2:xe-1/1/0 74                                         
2019-02-06 13:52:10,116 DEBUG n.e.o.t.s.UpdateSvc                 - lbl-mr2:xe-0/2/0 74                                         
2019-02-06 13:52:10,116 DEBUG n.e.o.t.s.UpdateSvc                 - lbl-mr2:xe-0/1/0 74                                         
2019-02-06 13:52:10,116 DEBUG n.e.o.t.s.UpdateSvc                 - lbl-mr2:xe-8/3/0 74                                         
2019-02-06 13:52:10,117 INFO  n.e.o.t.s.UpdateSvc                 - inserting p: llnl-mr2:ge-3/0/1 to llnl-mr2                  
2019-02-06 13:52:10,118 DEBUG n.e.o.t.s.UpdateSvc                 - llnl-mr2:ge-3/0/1 52                                        
2019-02-06 13:52:10,119 DEBUG n.e.o.t.s.UpdateSvc                 - llnl-mr2:xe-3/2/0 52                                        
2019-02-06 13:52:10,120 INFO  n.e.o.t.s.UpdateSvc                 - inserting p: llnl-mr2:ge-3/0/0 to llnl-mr2                  
2019-02-06 13:52:10,121 DEBUG n.e.o.t.s.UpdateSvc                 - llnl-mr2:ge-3/0/1 52                                        
2019-02-06 13:52:10,121 DEBUG n.e.o.t.s.UpdateSvc                 - llnl-mr2:xe-3/2/0 52                                        
2019-02-06 13:52:10,121 DEBUG n.e.o.t.s.UpdateSvc                 - llnl-mr2:ge-3/0/0 52                                        
2019-02-06 13:52:10,123 INFO  n.e.o.t.s.UpdateSvc                 - inserting p: nersc-mr2:xe-1/3/0 to nersc-mr2                
2019-02-06 13:52:10,124 DEBUG n.e.o.t.s.UpdateSvc                 - nersc-mr2:xe-1/3/0 29                                       
2019-02-06 13:52:10,124 DEBUG n.e.o.t.s.UpdateSvc                 - nersc-mr2:xe-2/2/0 29                                       
2019-02-06 13:52:10,126 INFO  n.e.o.t.s.UpdateSvc                 - inserting p: denv-cr5:4/2/1 to denv-cr5                     
2019-02-06 13:52:10,127 DEBUG n.e.o.t.s.UpdateSvc                 - denv-cr5:4/2/1 75                                           
2019-02-06 13:52:10,127 DEBUG n.e.o.t.s.UpdateSvc                 - denv-cr5:4/1/1 75                                           
2019-02-06 13:52:10,129 INFO  n.e.o.t.s.UpdateSvc                 - inserting p: ameslab-rt3:xe-1/3/0 to ameslab-rt3            
2019-02-06 13:52:10,143 DEBUG n.e.o.t.s.UpdateSvc                 - ameslab-rt3:xe-1/3/0 67                                     
2019-02-06 13:52:10,150 INFO  n.e.o.t.s.UpdateSvc                 - inserting p: wash-cr5:1/1/1 to wash-cr5                     
2019-02-06 13:52:10,151 DEBUG n.e.o.t.s.UpdateSvc                 - wash-cr5:10/1/9 36                                          
2019-02-06 13:52:10,151 DEBUG n.e.o.t.s.UpdateSvc                 - wash-cr5:10/1/3 36                                          
2019-02-06 13:52:10,151 DEBUG n.e.o.t.s.UpdateSvc                 - wash-cr5:10/1/5 36                                          
2019-02-06 13:52:10,151 DEBUG n.e.o.t.s.UpdateSvc                 - wash-cr5:1/1/1 36                                           
2019-02-06 13:52:10,151 DEBUG n.e.o.t.s.UpdateSvc                 - wash-cr5:10/1/4 36                                          
2019-02-06 13:52:10,151 DEBUG n.e.o.t.s.UpdateSvc                 - wash-cr5:10/1/10 36                                         
2019-02-06 13:52:10,153 INFO  n.e.o.t.s.UpdateSvc                 - inserting p: newy-cr5:3/1/1 to newy-cr5                     
2019-02-06 13:52:10,154 DEBUG n.e.o.t.s.UpdateSvc                 - newy-cr5:9/1/1 59                                           
2019-02-06 13:52:10,155 DEBUG n.e.o.t.s.UpdateSvc                 - newy-cr5:10/1/3 59                                          
2019-02-06 13:52:10,155 DEBUG n.e.o.t.s.UpdateSvc                 - newy-cr5:2/1/1 59                                           
2019-02-06 13:52:10,155 DEBUG n.e.o.t.s.UpdateSvc                 - newy-cr5:10/1/9 59                                          
2019-02-06 13:52:10,155 DEBUG n.e.o.t.s.UpdateSvc                 - newy-cr5:9/1/4 59                                           
2019-02-06 13:52:10,155 DEBUG n.e.o.t.s.UpdateSvc                 - newy-cr5:3/1/1 59                                           
2019-02-06 13:52:10,155 DEBUG n.e.o.t.s.UpdateSvc                 - newy-cr5:10/1/2 59                                          
2019-02-06 13:52:10,163 INFO  n.e.o.t.s.UpdateSvc                 - inserting p: chic-cr5:6/2/1 to chic-cr5                     
2019-02-06 13:52:10,164 DEBUG n.e.o.t.s.UpdateSvc                 - chic-cr5:6/1/1 55                                           
2019-02-06 13:52:10,164 DEBUG n.e.o.t.s.UpdateSvc                 - chic-cr5:7/1/1 55                                           
2019-02-06 13:52:10,164 DEBUG n.e.o.t.s.UpdateSvc                 - chic-cr5:BLANK 55                                           
2019-02-06 13:52:10,164 DEBUG n.e.o.t.s.UpdateSvc                 - chic-cr5:6/2/1 55                                           
2019-02-06 13:52:10,168 INFO  n.e.o.t.s.UpdateSvc                 - inserting p: sunn-cr5:7/2/1 to sunn-cr5                     
2019-02-06 13:52:10,169 DEBUG n.e.o.t.s.UpdateSvc                 - sunn-cr5:10/1/6 50                                          
2019-02-06 13:52:10,169 DEBUG n.e.o.t.s.UpdateSvc                 - sunn-cr5:10/1/5 50                                          
2019-02-06 13:52:10,170 DEBUG n.e.o.t.s.UpdateSvc                 - sunn-cr5:10/2/4 50                                          
2019-02-06 13:52:10,170 DEBUG n.e.o.t.s.UpdateSvc                 - sunn-cr5:10/2/3 50                                          
2019-02-06 13:52:10,170 DEBUG n.e.o.t.s.UpdateSvc                 - sunn-cr5:10/2/6 50                                          
2019-02-06 13:52:10,170 DEBUG n.e.o.t.s.UpdateSvc                 - sunn-cr5:7/1/1 50                                           
2019-02-06 13:52:10,170 DEBUG n.e.o.t.s.UpdateSvc                 - sunn-cr5:10/2/1 50                                          
2019-02-06 13:52:10,170 DEBUG n.e.o.t.s.UpdateSvc                 - sunn-cr5:10/2/5 50                                          
2019-02-06 13:52:10,170 DEBUG n.e.o.t.s.UpdateSvc                 - sunn-cr5:10/1/1 50                                          
2019-02-06 13:52:10,170 DEBUG n.e.o.t.s.UpdateSvc                 - sunn-cr5:10/1/3 50                                          
2019-02-06 13:52:10,170 DEBUG n.e.o.t.s.UpdateSvc                 - sunn-cr5:8/1/1 50                                           
2019-02-06 13:52:10,170 DEBUG n.e.o.t.s.UpdateSvc                 - sunn-cr5:10/1/4 50                                          
2019-02-06 13:52:10,170 DEBUG n.e.o.t.s.UpdateSvc                 - sunn-cr5:10/1/2 50                                          
2019-02-06 13:52:10,170 DEBUG n.e.o.t.s.UpdateSvc                 - sunn-cr5:7/2/1 50                                           
2019-02-06 13:52:10,170 DEBUG n.e.o.t.s.UpdateSvc                 - sunn-cr5:10/2/2 50                                          
2019-02-06 13:52:10,172 INFO  n.e.o.t.s.UpdateSvc                 - inserting p: lbl-mr2:xe-7/0/0 to lbl-mr2                    
2019-02-06 13:52:10,174 DEBUG n.e.o.t.s.UpdateSvc                 - lbl-mr2:xe-8/1/0 74                                         
2019-02-06 13:52:10,174 DEBUG n.e.o.t.s.UpdateSvc                 - lbl-mr2:xe-1/1/0 74                                         
2019-02-06 13:52:10,174 DEBUG n.e.o.t.s.UpdateSvc                 - lbl-mr2:xe-0/2/0 74                                         
2019-02-06 13:52:10,174 DEBUG n.e.o.t.s.UpdateSvc                 - lbl-mr2:xe-7/0/0 74                                         
2019-02-06 13:52:10,174 DEBUG n.e.o.t.s.UpdateSvc                 - lbl-mr2:xe-0/1/0 74                                         
2019-02-06 13:52:10,174 DEBUG n.e.o.t.s.UpdateSvc                 - lbl-mr2:xe-8/3/0 74                                         
2019-02-06 13:52:10,176 INFO  n.e.o.t.s.UpdateSvc                 - inserting p: nersc-mr2:xe-7/3/0 to nersc-mr2                
2019-02-06 13:52:10,177 DEBUG n.e.o.t.s.UpdateSvc                 - nersc-mr2:xe-1/3/0 29                                       
2019-02-06 13:52:10,177 DEBUG n.e.o.t.s.UpdateSvc                 - nersc-mr2:xe-2/2/0 29                                       
2019-02-06 13:52:10,177 DEBUG n.e.o.t.s.UpdateSvc                 - nersc-mr2:xe-7/3/0 29                                       
2019-02-06 13:52:10,180 INFO  n.e.o.t.s.UpdateSvc                 - inserting p: hous-cr5:10/1/3 to hous-cr5                    
2019-02-06 13:52:10,181 DEBUG n.e.o.t.s.UpdateSvc                 - hous-cr5:10/1/3 68                                          
2019-02-06 13:52:10,181 DEBUG n.e.o.t.s.UpdateSvc                 - hous-cr5:1/1/1 68                                           
2019-02-06 13:52:10,185 INFO  n.e.o.t.s.UpdateSvc                 - inserting p: hous-cr5:10/1/4 to hous-cr5                    
2019-02-06 13:52:10,186 DEBUG n.e.o.t.s.UpdateSvc                 - hous-cr5:10/1/4 68                                          
2019-02-06 13:52:10,187 DEBUG n.e.o.t.s.UpdateSvc                 - hous-cr5:10/1/3 68                                          
2019-02-06 13:52:10,187 DEBUG n.e.o.t.s.UpdateSvc                 - hous-cr5:1/1/1 68                                           
2019-02-06 13:52:10,189 INFO  n.e.o.t.s.UpdateSvc                 - inserting p: ornl-rt4:xe-1/2/0 to ornl-rt4                  
2019-02-06 13:52:10,190 DEBUG n.e.o.t.s.UpdateSvc                 - ornl-rt4:xe-1/2/0 42                                        
2019-02-06 13:52:10,190 DEBUG n.e.o.t.s.UpdateSvc                 - ornl-rt4:xe-2/3/0 42                                        
2019-02-06 13:52:10,192 INFO  n.e.o.t.s.UpdateSvc                 - inserting p: kans-cr5:1/1/1 to kans-cr5                     
2019-02-06 13:52:10,194 DEBUG n.e.o.t.s.UpdateSvc                 - kans-cr5:1/1/1 38                                           
2019-02-06 13:52:10,197 INFO  n.e.o.t.s.UpdateSvc                 - inserting p: sacr-cr5:10/2/5 to sacr-cr5                    
2019-02-06 13:52:10,199 DEBUG n.e.o.t.s.UpdateSvc                 - sacr-cr5:3/1/1 47                                           
2019-02-06 13:52:10,199 DEBUG n.e.o.t.s.UpdateSvc                 - sacr-cr5:10/2/5 47                                          
2019-02-06 13:52:10,202 INFO  n.e.o.t.s.UpdateSvc                 - inserting p: denv-cr5:10/1/6 to denv-cr5                    
2019-02-06 13:52:10,202 DEBUG n.e.o.t.s.UpdateSvc                 - denv-cr5:4/2/1 75                                           
2019-02-06 13:52:10,202 DEBUG n.e.o.t.s.UpdateSvc                 - denv-cr5:4/1/1 75                                           
2019-02-06 13:52:10,202 DEBUG n.e.o.t.s.UpdateSvc                 - denv-cr5:10/1/6 75                                          
2019-02-06 13:52:10,205 INFO  n.e.o.t.s.UpdateSvc                 - inserting p: sacr-cr5:4/1/1 to sacr-cr5                     
2019-02-06 13:52:10,207 DEBUG n.e.o.t.s.UpdateSvc                 - sacr-cr5:4/1/1 47                                           
2019-02-06 13:52:10,207 DEBUG n.e.o.t.s.UpdateSvc                 - sacr-cr5:3/1/1 47                                           
2019-02-06 13:52:10,207 DEBUG n.e.o.t.s.UpdateSvc                 - sacr-cr5:10/2/5 47                                          
2019-02-06 13:52:10,210 INFO  n.e.o.t.s.UpdateSvc                 - inserting p: sacr-cr5:10/2/6 to sacr-cr5                    
2019-02-06 13:52:10,211 DEBUG n.e.o.t.s.UpdateSvc                 - sacr-cr5:4/1/1 47                                           
2019-02-06 13:52:10,211 DEBUG n.e.o.t.s.UpdateSvc                 - sacr-cr5:3/1/1 47                                           
2019-02-06 13:52:10,211 DEBUG n.e.o.t.s.UpdateSvc                 - sacr-cr5:10/2/5 47                                          
2019-02-06 13:52:10,211 DEBUG n.e.o.t.s.UpdateSvc                 - sacr-cr5:10/2/6 47                                          
2019-02-06 13:52:10,213 INFO  n.e.o.t.s.UpdateSvc                 - inserting p: denv-cr5:10/1/7 to denv-cr5                    
2019-02-06 13:52:10,214 DEBUG n.e.o.t.s.UpdateSvc                 - denv-cr5:10/1/7 75                                          
2019-02-06 13:52:10,215 DEBUG n.e.o.t.s.UpdateSvc                 - denv-cr5:4/2/1 75                                           
2019-02-06 13:52:10,215 DEBUG n.e.o.t.s.UpdateSvc                 - denv-cr5:4/1/1 75                                           
2019-02-06 13:52:10,215 DEBUG n.e.o.t.s.UpdateSvc                 - denv-cr5:10/1/6 75                                          
2019-02-06 13:52:10,218 INFO  n.e.o.t.s.UpdateSvc                 - inserting p: llnl-mr2:xe-2/1/0 to llnl-mr2                  
2019-02-06 13:52:10,219 DEBUG n.e.o.t.s.UpdateSvc                 - llnl-mr2:xe-2/1/0 52                                        
2019-02-06 13:52:10,219 DEBUG n.e.o.t.s.UpdateSvc                 - llnl-mr2:ge-3/0/1 52                                        
2019-02-06 13:52:10,220 DEBUG n.e.o.t.s.UpdateSvc                 - llnl-mr2:xe-3/2/0 52                                        
2019-02-06 13:52:10,220 DEBUG n.e.o.t.s.UpdateSvc                 - llnl-mr2:ge-3/0/0 52                                        
2019-02-06 13:52:10,222 INFO  n.e.o.t.s.UpdateSvc                 - inserting p: star-cr5:5/1/1 to star-cr5                     
2019-02-06 13:52:10,222 DEBUG n.e.o.t.s.UpdateSvc                 - star-cr5:3/1/1 76                                           
2019-02-06 13:52:10,223 DEBUG n.e.o.t.s.UpdateSvc                 - star-cr5:5/1/1 76                                           
2019-02-06 13:52:10,223 DEBUG n.e.o.t.s.UpdateSvc                 - star-cr5:3/2/1 76                                           
2019-02-06 13:52:10,224 INFO  n.e.o.t.s.UpdateSvc                 - inserting p: sunn-cr5:5/2/1 to sunn-cr5                     
2019-02-06 13:52:10,226 DEBUG n.e.o.t.s.UpdateSvc                 - sunn-cr5:10/1/6 50                                          
2019-02-06 13:52:10,226 DEBUG n.e.o.t.s.UpdateSvc                 - sunn-cr5:10/1/5 50                                          
2019-02-06 13:52:10,226 DEBUG n.e.o.t.s.UpdateSvc                 - sunn-cr5:10/2/4 50                                          
2019-02-06 13:52:10,226 DEBUG n.e.o.t.s.UpdateSvc                 - sunn-cr5:10/2/3 50                                          
2019-02-06 13:52:10,226 DEBUG n.e.o.t.s.UpdateSvc                 - sunn-cr5:10/2/6 50                                          
2019-02-06 13:52:10,226 DEBUG n.e.o.t.s.UpdateSvc                 - sunn-cr5:7/1/1 50                                           
2019-02-06 13:52:10,226 DEBUG n.e.o.t.s.UpdateSvc                 - sunn-cr5:10/2/1 50                                          
2019-02-06 13:52:10,226 DEBUG n.e.o.t.s.UpdateSvc                 - sunn-cr5:10/2/5 50                                          
2019-02-06 13:52:10,226 DEBUG n.e.o.t.s.UpdateSvc                 - sunn-cr5:10/1/1 50                                          
2019-02-06 13:52:10,226 DEBUG n.e.o.t.s.UpdateSvc                 - sunn-cr5:10/1/3 50                                          
2019-02-06 13:52:10,226 DEBUG n.e.o.t.s.UpdateSvc                 - sunn-cr5:8/1/1 50                                           
2019-02-06 13:52:10,226 DEBUG n.e.o.t.s.UpdateSvc                 - sunn-cr5:5/2/1 50                                           
2019-02-06 13:52:10,226 DEBUG n.e.o.t.s.UpdateSvc                 - sunn-cr5:10/1/4 50                                          
2019-02-06 13:52:10,226 DEBUG n.e.o.t.s.UpdateSvc                 - sunn-cr5:10/1/2 50                                          
2019-02-06 13:52:10,226 DEBUG n.e.o.t.s.UpdateSvc                 - sunn-cr5:7/2/1 50                                           
2019-02-06 13:52:10,226 DEBUG n.e.o.t.s.UpdateSvc                 - sunn-cr5:10/2/2 50                                          
2019-02-06 13:52:10,229 INFO  n.e.o.t.s.UpdateSvc                 - inserting p: sacr-cr5:10/2/1 to sacr-cr5                    
2019-02-06 13:52:10,229 DEBUG n.e.o.t.s.UpdateSvc                 - sacr-cr5:4/1/1 47                                           
2019-02-06 13:52:10,229 DEBUG n.e.o.t.s.UpdateSvc                 - sacr-cr5:3/1/1 47                                           
2019-02-06 13:52:10,230 DEBUG n.e.o.t.s.UpdateSvc                 - sacr-cr5:10/2/5 47                                          
2019-02-06 13:52:10,230 DEBUG n.e.o.t.s.UpdateSvc                 - sacr-cr5:10/2/6 47                                          
2019-02-06 13:52:10,230 DEBUG n.e.o.t.s.UpdateSvc                 - sacr-cr5:10/2/1 47                                          
2019-02-06 13:52:10,231 INFO  n.e.o.t.s.UpdateSvc                 - inserting p: sacr-cr5:10/2/2 to sacr-cr5                    
2019-02-06 13:52:10,232 DEBUG n.e.o.t.s.UpdateSvc                 - sacr-cr5:4/1/1 47                                           
2019-02-06 13:52:10,232 DEBUG n.e.o.t.s.UpdateSvc                 - sacr-cr5:3/1/1 47                                           
2019-02-06 13:52:10,232 DEBUG n.e.o.t.s.UpdateSvc                 - sacr-cr5:10/2/5 47                                          
2019-02-06 13:52:10,232 DEBUG n.e.o.t.s.UpdateSvc                 - sacr-cr5:10/2/6 47                                          
2019-02-06 13:52:10,232 DEBUG n.e.o.t.s.UpdateSvc                 - sacr-cr5:10/2/1 47                                          
2019-02-06 13:52:10,232 DEBUG n.e.o.t.s.UpdateSvc                 - sacr-cr5:10/2/2 47                                          
2019-02-06 13:52:10,234 INFO  n.e.o.t.s.UpdateSvc                 - inserting p: sacr-cr5:10/2/3 to sacr-cr5                    
2019-02-06 13:52:10,235 DEBUG n.e.o.t.s.UpdateSvc                 - sacr-cr5:4/1/1 47                                           
2019-02-06 13:52:10,235 DEBUG n.e.o.t.s.UpdateSvc                 - sacr-cr5:10/2/3 47                                          
2019-02-06 13:52:10,235 DEBUG n.e.o.t.s.UpdateSvc                 - sacr-cr5:3/1/1 47                                           
2019-02-06 13:52:10,235 DEBUG n.e.o.t.s.UpdateSvc                 - sacr-cr5:10/2/5 47                                          
2019-02-06 13:52:10,235 DEBUG n.e.o.t.s.UpdateSvc                 - sacr-cr5:10/2/6 47                                          
2019-02-06 13:52:10,235 DEBUG n.e.o.t.s.UpdateSvc                 - sacr-cr5:10/2/1 47                                          
2019-02-06 13:52:10,235 DEBUG n.e.o.t.s.UpdateSvc                 - sacr-cr5:10/2/2 47                                          
2019-02-06 13:52:10,237 INFO  n.e.o.t.s.UpdateSvc                 - inserting p: sacr-cr5:10/2/4 to sacr-cr5                    
2019-02-06 13:52:10,240 DEBUG n.e.o.t.s.UpdateSvc                 - sacr-cr5:4/1/1 47                                           
2019-02-06 13:52:10,240 DEBUG n.e.o.t.s.UpdateSvc                 - sacr-cr5:10/2/3 47                                          
2019-02-06 13:52:10,240 DEBUG n.e.o.t.s.UpdateSvc                 - sacr-cr5:3/1/1 47                                           
2019-02-06 13:52:10,240 DEBUG n.e.o.t.s.UpdateSvc                 - sacr-cr5:10/2/5 47                                          
2019-02-06 13:52:10,240 DEBUG n.e.o.t.s.UpdateSvc                 - sacr-cr5:10/2/6 47                                          
2019-02-06 13:52:10,241 DEBUG n.e.o.t.s.UpdateSvc                 - sacr-cr5:10/2/1 47                                          
2019-02-06 13:52:10,253 DEBUG n.e.o.t.s.UpdateSvc                 - sacr-cr5:10/2/2 47                                          
2019-02-06 13:52:10,255 DEBUG n.e.o.t.s.UpdateSvc                 - sacr-cr5:10/2/4 47                                          
2019-02-06 13:52:10,265 INFO  n.e.o.t.s.UpdateSvc                 - inserting p: ornl-rt4:ge-0/0/1 to ornl-rt4                  
2019-02-06 13:52:10,269 DEBUG n.e.o.t.s.UpdateSvc                 - ornl-rt4:xe-1/2/0 42                                        
2019-02-06 13:52:10,269 DEBUG n.e.o.t.s.UpdateSvc                 - ornl-rt4:xe-2/3/0 42                                        
2019-02-06 13:52:10,269 DEBUG n.e.o.t.s.UpdateSvc                 - ornl-rt4:ge-0/0/1 42                                        
2019-02-06 13:52:10,273 INFO  n.e.o.t.s.UpdateSvc                 - inserting p: eqx-ash-cr5:1/2/1 to eqx-ash-cr5               
2019-02-06 13:52:10,275 DEBUG n.e.o.t.s.UpdateSvc                 - eqx-ash-cr5:1/2/1 62                                        
2019-02-06 13:52:10,279 INFO  n.e.o.t.s.UpdateSvc                 - inserting p: nersc-mr2:xe-0/2/0 to nersc-mr2                
2019-02-06 13:52:10,281 DEBUG n.e.o.t.s.UpdateSvc                 - nersc-mr2:xe-0/2/0 29                                       
2019-02-06 13:52:10,281 DEBUG n.e.o.t.s.UpdateSvc                 - nersc-mr2:xe-1/3/0 29                                       
2019-02-06 13:52:10,281 DEBUG n.e.o.t.s.UpdateSvc                 - nersc-mr2:xe-2/2/0 29                                       
2019-02-06 13:52:10,281 DEBUG n.e.o.t.s.UpdateSvc                 - nersc-mr2:xe-7/3/0 29                                       
2019-02-06 13:52:10,286 INFO  n.e.o.t.s.UpdateSvc                 - inserting p: eqx-ash-cr5:10/1/6 to eqx-ash-cr5              
2019-02-06 13:52:10,287 DEBUG n.e.o.t.s.UpdateSvc                 - eqx-ash-cr5:10/1/6 62                                       
2019-02-06 13:52:10,287 DEBUG n.e.o.t.s.UpdateSvc                 - eqx-ash-cr5:1/2/1 62                                        
2019-02-06 13:52:10,290 INFO  n.e.o.t.s.UpdateSvc                 - inserting p: albq-cr5:2/1/1 to albq-cr5                     
2019-02-06 13:52:10,291 DEBUG n.e.o.t.s.UpdateSvc                 - albq-cr5:10/1/4 73                                          
2019-02-06 13:52:10,291 DEBUG n.e.o.t.s.UpdateSvc                 - albq-cr5:10/1/2 73                                          
2019-02-06 13:52:10,291 DEBUG n.e.o.t.s.UpdateSvc                 - albq-cr5:10/1/5 73                                          
2019-02-06 13:52:10,291 DEBUG n.e.o.t.s.UpdateSvc                 - albq-cr5:10/1/3 73                                          
2019-02-06 13:52:10,291 DEBUG n.e.o.t.s.UpdateSvc                 - albq-cr5:3/1/1 73                                           
2019-02-06 13:52:10,291 DEBUG n.e.o.t.s.UpdateSvc                 - albq-cr5:2/1/1 73                                           
2019-02-06 13:52:10,293 INFO  n.e.o.t.s.UpdateSvc                 - inserting p: eqx-ash-cr5:10/1/5 to eqx-ash-cr5              
2019-02-06 13:52:10,294 DEBUG n.e.o.t.s.UpdateSvc                 - eqx-ash-cr5:10/1/6 62                                       
2019-02-06 13:52:10,294 DEBUG n.e.o.t.s.UpdateSvc                 - eqx-ash-cr5:1/2/1 62                                        
2019-02-06 13:52:10,295 DEBUG n.e.o.t.s.UpdateSvc                 - eqx-ash-cr5:10/1/5 62                                       
2019-02-06 13:52:10,298 INFO  n.e.o.t.s.UpdateSvc                 - inserting p: eqx-ash-cr5:10/1/2 to eqx-ash-cr5              
2019-02-06 13:52:10,300 DEBUG n.e.o.t.s.UpdateSvc                 - eqx-ash-cr5:10/1/6 62                                       
2019-02-06 13:52:10,301 DEBUG n.e.o.t.s.UpdateSvc                 - eqx-ash-cr5:1/2/1 62                                        
2019-02-06 13:52:10,301 DEBUG n.e.o.t.s.UpdateSvc                 - eqx-ash-cr5:10/1/5 62                                       
2019-02-06 13:52:10,301 DEBUG n.e.o.t.s.UpdateSvc                 - eqx-ash-cr5:10/1/2 62                                       
2019-02-06 13:52:10,304 INFO  n.e.o.t.s.UpdateSvc                 - inserting p: llnl-mr2:xe-1/3/0 to llnl-mr2                  
2019-02-06 13:52:10,305 DEBUG n.e.o.t.s.UpdateSvc                 - llnl-mr2:xe-1/3/0 52                                        
2019-02-06 13:52:10,305 DEBUG n.e.o.t.s.UpdateSvc                 - llnl-mr2:xe-2/1/0 52                                        
2019-02-06 13:52:10,305 DEBUG n.e.o.t.s.UpdateSvc                 - llnl-mr2:ge-3/0/1 52                                        
2019-02-06 13:52:10,305 DEBUG n.e.o.t.s.UpdateSvc                 - llnl-mr2:xe-3/2/0 52                                        
2019-02-06 13:52:10,305 DEBUG n.e.o.t.s.UpdateSvc                 - llnl-mr2:ge-3/0/0 52                                        
2019-02-06 13:52:10,308 INFO  n.e.o.t.s.UpdateSvc                 - inserting p: atla-cr5:10/1/8 to atla-cr5                    
2019-02-06 13:52:10,310 DEBUG n.e.o.t.s.UpdateSvc                 - atla-cr5:10/1/8 41                                          
2019-02-06 13:52:10,310 DEBUG n.e.o.t.s.UpdateSvc                 - atla-cr5:1/1/1 41                                           
2019-02-06 13:52:10,312 INFO  n.e.o.t.s.UpdateSvc                 - inserting p: eqx-ash-cr5:10/1/1 to eqx-ash-cr5              
2019-02-06 13:52:10,313 DEBUG n.e.o.t.s.UpdateSvc                 - eqx-ash-cr5:10/1/1 62                                       
2019-02-06 13:52:10,314 DEBUG n.e.o.t.s.UpdateSvc                 - eqx-ash-cr5:10/1/6 62                                       
2019-02-06 13:52:10,314 DEBUG n.e.o.t.s.UpdateSvc                 - eqx-ash-cr5:1/2/1 62                                        
2019-02-06 13:52:10,314 DEBUG n.e.o.t.s.UpdateSvc                 - eqx-ash-cr5:10/1/5 62                                       
2019-02-06 13:52:10,314 DEBUG n.e.o.t.s.UpdateSvc                 - eqx-ash-cr5:10/1/2 62                                       
2019-02-06 13:52:10,316 INFO  n.e.o.t.s.UpdateSvc                 - inserting p: wash-cr5:6/1/1 to wash-cr5                     
2019-02-06 13:52:10,320 DEBUG n.e.o.t.s.UpdateSvc                 - wash-cr5:10/1/9 36                                          
2019-02-06 13:52:10,320 DEBUG n.e.o.t.s.UpdateSvc                 - wash-cr5:10/1/3 36                                          
2019-02-06 13:52:10,320 DEBUG n.e.o.t.s.UpdateSvc                 - wash-cr5:10/1/5 36                                          
2019-02-06 13:52:10,320 DEBUG n.e.o.t.s.UpdateSvc                 - wash-cr5:6/1/1 36                                           
2019-02-06 13:52:10,320 DEBUG n.e.o.t.s.UpdateSvc                 - wash-cr5:1/1/1 36                                           
2019-02-06 13:52:10,320 DEBUG n.e.o.t.s.UpdateSvc                 - wash-cr5:10/1/4 36                                          
2019-02-06 13:52:10,320 DEBUG n.e.o.t.s.UpdateSvc                 - wash-cr5:10/1/10 36                                         
2019-02-06 13:52:10,323 INFO  n.e.o.t.s.UpdateSvc                 - inserting p: eqx-sj-cr5:1/2/1 to eqx-sj-cr5                 
2019-02-06 13:52:10,325 DEBUG n.e.o.t.s.UpdateSvc                 - eqx-sj-cr5:1/2/1 35                                         
2019-02-06 13:52:10,327 INFO  n.e.o.t.s.UpdateSvc                 - inserting p: bost-cr5:2/1/1 to bost-cr5                     
2019-02-06 13:52:10,328 DEBUG n.e.o.t.s.UpdateSvc                 - bost-cr5:10/2/3 77                                          
2019-02-06 13:52:10,328 DEBUG n.e.o.t.s.UpdateSvc                 - bost-cr5:10/1/2 77                                          
2019-02-06 13:52:10,328 DEBUG n.e.o.t.s.UpdateSvc                 - bost-cr5:10/1/6 77                                          
2019-02-06 13:52:10,328 DEBUG n.e.o.t.s.UpdateSvc                 - bost-cr5:2/1/1 77                                           
2019-02-06 13:52:10,328 DEBUG n.e.o.t.s.UpdateSvc                 - bost-cr5:10/1/5 77                                          
2019-02-06 13:52:10,330 INFO  n.e.o.t.s.UpdateSvc                 - inserting p: chic-cr5:1/1/1 to chic-cr5                     
2019-02-06 13:52:10,330 DEBUG n.e.o.t.s.UpdateSvc                 - chic-cr5:6/1/1 55                                           
2019-02-06 13:52:10,330 DEBUG n.e.o.t.s.UpdateSvc                 - chic-cr5:7/1/1 55                                           
2019-02-06 13:52:10,331 DEBUG n.e.o.t.s.UpdateSvc                 - chic-cr5:BLANK 55                                           
2019-02-06 13:52:10,331 DEBUG n.e.o.t.s.UpdateSvc                 - chic-cr5:6/2/1 55                                           
2019-02-06 13:52:10,331 DEBUG n.e.o.t.s.UpdateSvc                 - chic-cr5:1/1/1 55                                           
2019-02-06 13:52:10,332 INFO  n.e.o.t.s.UpdateSvc                 - inserting p: atla-cr5:10/1/2 to atla-cr5                    
2019-02-06 13:52:10,334 DEBUG n.e.o.t.s.UpdateSvc                 - atla-cr5:10/1/8 41                                          
2019-02-06 13:52:10,334 DEBUG n.e.o.t.s.UpdateSvc                 - atla-cr5:10/1/2 41                                          
2019-02-06 13:52:10,334 DEBUG n.e.o.t.s.UpdateSvc                 - atla-cr5:1/1/1 41                                           
2019-02-06 13:52:10,336 INFO  n.e.o.t.s.UpdateSvc                 - inserting p: atla-cr5:3/1/1 to atla-cr5                     
2019-02-06 13:52:10,337 DEBUG n.e.o.t.s.UpdateSvc                 - atla-cr5:10/1/8 41                                          
2019-02-06 13:52:10,337 DEBUG n.e.o.t.s.UpdateSvc                 - atla-cr5:10/1/2 41                                          
2019-02-06 13:52:10,337 DEBUG n.e.o.t.s.UpdateSvc                 - atla-cr5:3/1/1 41                                           
2019-02-06 13:52:10,337 DEBUG n.e.o.t.s.UpdateSvc                 - atla-cr5:1/1/1 41                                           
2019-02-06 13:52:10,339 INFO  n.e.o.t.s.UpdateSvc                 - inserting p: atla-cr5:10/1/3 to atla-cr5                    
2019-02-06 13:52:10,340 DEBUG n.e.o.t.s.UpdateSvc                 - atla-cr5:10/1/8 41                                          
2019-02-06 13:52:10,340 DEBUG n.e.o.t.s.UpdateSvc                 - atla-cr5:10/1/2 41                                          
2019-02-06 13:52:10,340 DEBUG n.e.o.t.s.UpdateSvc                 - atla-cr5:3/1/1 41                                           
2019-02-06 13:52:10,340 DEBUG n.e.o.t.s.UpdateSvc                 - atla-cr5:1/1/1 41                                           
2019-02-06 13:52:10,340 DEBUG n.e.o.t.s.UpdateSvc                 - atla-cr5:10/1/3 41                                          
2019-02-06 13:52:10,343 INFO  n.e.o.t.s.UpdateSvc                 - inserting p: sacr-cr5:10/1/1 to sacr-cr5                    
2019-02-06 13:52:10,344 DEBUG n.e.o.t.s.UpdateSvc                 - sacr-cr5:4/1/1 47                                           
2019-02-06 13:52:10,344 DEBUG n.e.o.t.s.UpdateSvc                 - sacr-cr5:10/2/3 47                                          
2019-02-06 13:52:10,344 DEBUG n.e.o.t.s.UpdateSvc                 - sacr-cr5:3/1/1 47                                           
2019-02-06 13:52:10,344 DEBUG n.e.o.t.s.UpdateSvc                 - sacr-cr5:10/1/1 47                                          
2019-02-06 13:52:10,344 DEBUG n.e.o.t.s.UpdateSvc                 - sacr-cr5:10/2/5 47                                          
2019-02-06 13:52:10,344 DEBUG n.e.o.t.s.UpdateSvc                 - sacr-cr5:10/2/6 47                                          
2019-02-06 13:52:10,344 DEBUG n.e.o.t.s.UpdateSvc                 - sacr-cr5:10/2/1 47                                          
2019-02-06 13:52:10,344 DEBUG n.e.o.t.s.UpdateSvc                 - sacr-cr5:10/2/2 47                                          
2019-02-06 13:52:10,344 DEBUG n.e.o.t.s.UpdateSvc                 - sacr-cr5:10/2/4 47                                          
2019-02-06 13:52:10,346 INFO  n.e.o.t.s.UpdateSvc                 - inserting p: newy-cr5:4/1/1 to newy-cr5                     
2019-02-06 13:52:10,347 DEBUG n.e.o.t.s.UpdateSvc                 - newy-cr5:4/1/1 59                                           
2019-02-06 13:52:10,347 DEBUG n.e.o.t.s.UpdateSvc                 - newy-cr5:9/1/1 59                                           
2019-02-06 13:52:10,347 DEBUG n.e.o.t.s.UpdateSvc                 - newy-cr5:10/1/3 59                                          
2019-02-06 13:52:10,347 DEBUG n.e.o.t.s.UpdateSvc                 - newy-cr5:2/1/1 59                                           
2019-02-06 13:52:10,347 DEBUG n.e.o.t.s.UpdateSvc                 - newy-cr5:10/1/9 59                                          
2019-02-06 13:52:10,347 DEBUG n.e.o.t.s.UpdateSvc                 - newy-cr5:9/1/4 59                                           
2019-02-06 13:52:10,347 DEBUG n.e.o.t.s.UpdateSvc                 - newy-cr5:3/1/1 59                                           
2019-02-06 13:52:10,347 DEBUG n.e.o.t.s.UpdateSvc                 - newy-cr5:10/1/2 59                                          
2019-02-06 13:52:10,350 INFO  n.e.o.t.s.UpdateSvc                 - inserting p: sacr-cr5:10/1/6 to sacr-cr5                    
2019-02-06 13:52:10,352 DEBUG n.e.o.t.s.UpdateSvc                 - sacr-cr5:4/1/1 47                                           
2019-02-06 13:52:10,352 DEBUG n.e.o.t.s.UpdateSvc                 - sacr-cr5:10/2/3 47                                          
2019-02-06 13:52:10,352 DEBUG n.e.o.t.s.UpdateSvc                 - sacr-cr5:3/1/1 47                                           
2019-02-06 13:52:10,352 DEBUG n.e.o.t.s.UpdateSvc                 - sacr-cr5:10/1/1 47                                          
2019-02-06 13:52:10,352 DEBUG n.e.o.t.s.UpdateSvc                 - sacr-cr5:10/2/5 47                                          
2019-02-06 13:52:10,352 DEBUG n.e.o.t.s.UpdateSvc                 - sacr-cr5:10/2/6 47                                          
2019-02-06 13:52:10,352 DEBUG n.e.o.t.s.UpdateSvc                 - sacr-cr5:10/1/6 47                                          
2019-02-06 13:52:10,352 DEBUG n.e.o.t.s.UpdateSvc                 - sacr-cr5:10/2/1 47                                          
2019-02-06 13:52:10,352 DEBUG n.e.o.t.s.UpdateSvc                 - sacr-cr5:10/2/2 47                                          
2019-02-06 13:52:10,352 DEBUG n.e.o.t.s.UpdateSvc                 - sacr-cr5:10/2/4 47                                          
2019-02-06 13:52:10,354 INFO  n.e.o.t.s.UpdateSvc                 - inserting p: llnl-mr2:xe-2/2/0 to llnl-mr2                  
2019-02-06 13:52:10,355 DEBUG n.e.o.t.s.UpdateSvc                 - llnl-mr2:xe-1/3/0 52                                        
2019-02-06 13:52:10,355 DEBUG n.e.o.t.s.UpdateSvc                 - llnl-mr2:xe-2/1/0 52                                        
2019-02-06 13:52:10,355 DEBUG n.e.o.t.s.UpdateSvc                 - llnl-mr2:ge-3/0/1 52                                        
2019-02-06 13:52:10,355 DEBUG n.e.o.t.s.UpdateSvc                 - llnl-mr2:xe-3/2/0 52                                        
2019-02-06 13:52:10,355 DEBUG n.e.o.t.s.UpdateSvc                 - llnl-mr2:ge-3/0/0 52                                        
2019-02-06 13:52:10,355 DEBUG n.e.o.t.s.UpdateSvc                 - llnl-mr2:xe-2/2/0 52                                        
2019-02-06 13:52:10,357 INFO  n.e.o.t.s.UpdateSvc                 - inserting p: chic-cr5:8/1/1 to chic-cr5                     
2019-02-06 13:52:10,370 DEBUG n.e.o.t.s.UpdateSvc                 - chic-cr5:6/1/1 55                                           
2019-02-06 13:52:10,371 DEBUG n.e.o.t.s.UpdateSvc                 - chic-cr5:7/1/1 55                                           
2019-02-06 13:52:10,371 DEBUG n.e.o.t.s.UpdateSvc                 - chic-cr5:8/1/1 55                                           
2019-02-06 13:52:10,371 DEBUG n.e.o.t.s.UpdateSvc                 - chic-cr5:BLANK 55                                           
2019-02-06 13:52:10,372 DEBUG n.e.o.t.s.UpdateSvc                 - chic-cr5:6/2/1 55                                           
2019-02-06 13:52:10,372 DEBUG n.e.o.t.s.UpdateSvc                 - chic-cr5:1/1/1 55                                           
2019-02-06 13:52:10,375 INFO  n.e.o.t.s.UpdateSvc                 - inserting p: sacr-cr5:10/1/2 to sacr-cr5                    
2019-02-06 13:52:10,376 DEBUG n.e.o.t.s.UpdateSvc                 - sacr-cr5:4/1/1 47                                           
2019-02-06 13:52:10,376 DEBUG n.e.o.t.s.UpdateSvc                 - sacr-cr5:10/2/3 47                                          
2019-02-06 13:52:10,376 DEBUG n.e.o.t.s.UpdateSvc                 - sacr-cr5:10/1/2 47                                          
2019-02-06 13:52:10,376 DEBUG n.e.o.t.s.UpdateSvc                 - sacr-cr5:3/1/1 47                                           
2019-02-06 13:52:10,376 DEBUG n.e.o.t.s.UpdateSvc                 - sacr-cr5:10/1/1 47                                          
2019-02-06 13:52:10,376 DEBUG n.e.o.t.s.UpdateSvc                 - sacr-cr5:10/2/5 47                                          
2019-02-06 13:52:10,376 DEBUG n.e.o.t.s.UpdateSvc                 - sacr-cr5:10/2/6 47                                          
2019-02-06 13:52:10,376 DEBUG n.e.o.t.s.UpdateSvc                 - sacr-cr5:10/1/6 47                                          
2019-02-06 13:52:10,376 DEBUG n.e.o.t.s.UpdateSvc                 - sacr-cr5:10/2/1 47                                          
2019-02-06 13:52:10,377 DEBUG n.e.o.t.s.UpdateSvc                 - sacr-cr5:10/2/2 47                                          
2019-02-06 13:52:10,377 DEBUG n.e.o.t.s.UpdateSvc                 - sacr-cr5:10/2/4 47                                          
2019-02-06 13:52:10,380 INFO  n.e.o.t.s.UpdateSvc                 - inserting p: sacr-cr5:10/1/4 to sacr-cr5                    
2019-02-06 13:52:10,381 DEBUG n.e.o.t.s.UpdateSvc                 - sacr-cr5:4/1/1 47                                           
2019-02-06 13:52:10,381 DEBUG n.e.o.t.s.UpdateSvc                 - sacr-cr5:10/2/3 47                                          
2019-02-06 13:52:10,381 DEBUG n.e.o.t.s.UpdateSvc                 - sacr-cr5:10/1/2 47                                          
2019-02-06 13:52:10,381 DEBUG n.e.o.t.s.UpdateSvc                 - sacr-cr5:3/1/1 47                                           
2019-02-06 13:52:10,381 DEBUG n.e.o.t.s.UpdateSvc                 - sacr-cr5:10/1/1 47                                          
2019-02-06 13:52:10,381 DEBUG n.e.o.t.s.UpdateSvc                 - sacr-cr5:10/2/5 47                                          
2019-02-06 13:52:10,381 DEBUG n.e.o.t.s.UpdateSvc                 - sacr-cr5:10/2/6 47                                          
2019-02-06 13:52:10,381 DEBUG n.e.o.t.s.UpdateSvc                 - sacr-cr5:10/1/6 47                                          
2019-02-06 13:52:10,381 DEBUG n.e.o.t.s.UpdateSvc                 - sacr-cr5:10/2/1 47                                          
2019-02-06 13:52:10,381 DEBUG n.e.o.t.s.UpdateSvc                 - sacr-cr5:10/2/2 47                                          
2019-02-06 13:52:10,381 DEBUG n.e.o.t.s.UpdateSvc                 - sacr-cr5:10/1/4 47                                          
2019-02-06 13:52:10,381 DEBUG n.e.o.t.s.UpdateSvc                 - sacr-cr5:10/2/4 47                                          
2019-02-06 13:52:10,384 INFO  n.e.o.t.s.UpdateSvc                 - inserting p: cern-773-cr5:BLANK to cern-773-cr5             
2019-02-06 13:52:10,386 DEBUG n.e.o.t.s.UpdateSvc                 - cern-773-cr5:10/1/2 44                                      
2019-02-06 13:52:10,386 DEBUG n.e.o.t.s.UpdateSvc                 - cern-773-cr5:10/1/1 44                                      
2019-02-06 13:52:10,386 DEBUG n.e.o.t.s.UpdateSvc                 - cern-773-cr5:10/1/3 44                                      
2019-02-06 13:52:10,386 DEBUG n.e.o.t.s.UpdateSvc                 - cern-773-cr5:BLANK 44                                       
2019-02-06 13:52:10,388 INFO  n.e.o.t.s.UpdateSvc                 - inserting p: forr-rt2:ge-0/0/5 to forr-rt2                  
2019-02-06 13:52:10,389 DEBUG n.e.o.t.s.UpdateSvc                 - forr-rt2:ge-0/0/5 63                                        
2019-02-06 13:52:10,391 INFO  n.e.o.t.s.UpdateSvc                 - inserting p: forr-rt2:ge-0/0/4 to forr-rt2                  
2019-02-06 13:52:10,392 DEBUG n.e.o.t.s.UpdateSvc                 - forr-rt2:ge-0/0/4 63                                        
2019-02-06 13:52:10,392 DEBUG n.e.o.t.s.UpdateSvc                 - forr-rt2:ge-0/0/5 63                                        
2019-02-06 13:52:10,393 INFO  n.e.o.t.s.UpdateSvc                 - inserting p: eqx-ash-cr5:1/1/1 to eqx-ash-cr5               
2019-02-06 13:52:10,394 DEBUG n.e.o.t.s.UpdateSvc                 - eqx-ash-cr5:10/1/1 62                                       
2019-02-06 13:52:10,394 DEBUG n.e.o.t.s.UpdateSvc                 - eqx-ash-cr5:1/1/1 62                                        
2019-02-06 13:52:10,394 DEBUG n.e.o.t.s.UpdateSvc                 - eqx-ash-cr5:10/1/6 62                                       
2019-02-06 13:52:10,394 DEBUG n.e.o.t.s.UpdateSvc                 - eqx-ash-cr5:1/2/1 62                                        
2019-02-06 13:52:10,394 DEBUG n.e.o.t.s.UpdateSvc                 - eqx-ash-cr5:10/1/5 62                                       
2019-02-06 13:52:10,394 DEBUG n.e.o.t.s.UpdateSvc                 - eqx-ash-cr5:10/1/2 62                                       
2019-02-06 13:52:10,397 INFO  n.e.o.t.s.UpdateSvc                 - inserting p: forr-rt2:ge-0/0/2 to forr-rt2                  
2019-02-06 13:52:10,398 DEBUG n.e.o.t.s.UpdateSvc                 - forr-rt2:ge-0/0/4 63                                        
2019-02-06 13:52:10,398 DEBUG n.e.o.t.s.UpdateSvc                 - forr-rt2:ge-0/0/2 63                                        
2019-02-06 13:52:10,398 DEBUG n.e.o.t.s.UpdateSvc                 - forr-rt2:ge-0/0/5 63                                        
2019-02-06 13:52:10,401 INFO  n.e.o.t.s.UpdateSvc                 - inserting p: forr-rt2:ge-0/0/1 to forr-rt2                  
2019-02-06 13:52:10,402 DEBUG n.e.o.t.s.UpdateSvc                 - forr-rt2:ge-0/0/4 63                                        
2019-02-06 13:52:10,402 DEBUG n.e.o.t.s.UpdateSvc                 - forr-rt2:ge-0/0/2 63                                        
2019-02-06 13:52:10,402 DEBUG n.e.o.t.s.UpdateSvc                 - forr-rt2:ge-0/0/1 63                                        
2019-02-06 13:52:10,402 DEBUG n.e.o.t.s.UpdateSvc                 - forr-rt2:ge-0/0/5 63                                        
2019-02-06 13:52:10,404 INFO  n.e.o.t.s.UpdateSvc                 - inserting p: forr-rt2:ge-0/0/0 to forr-rt2                  
2019-02-06 13:52:10,405 DEBUG n.e.o.t.s.UpdateSvc                 - forr-rt2:ge-0/0/0 63                                        
2019-02-06 13:52:10,405 DEBUG n.e.o.t.s.UpdateSvc                 - forr-rt2:ge-0/0/4 63                                        
2019-02-06 13:52:10,405 DEBUG n.e.o.t.s.UpdateSvc                 - forr-rt2:ge-0/0/2 63                                        
2019-02-06 13:52:10,405 DEBUG n.e.o.t.s.UpdateSvc                 - forr-rt2:ge-0/0/1 63                                        
2019-02-06 13:52:10,405 DEBUG n.e.o.t.s.UpdateSvc                 - forr-rt2:ge-0/0/5 63                                        
2019-02-06 13:52:10,407 INFO  n.e.o.t.s.UpdateSvc                 - inserting p: chic-cr5:7/2/1 to chic-cr5                     
2019-02-06 13:52:10,409 DEBUG n.e.o.t.s.UpdateSvc                 - chic-cr5:6/1/1 55                                           
2019-02-06 13:52:10,409 DEBUG n.e.o.t.s.UpdateSvc                 - chic-cr5:7/1/1 55                                           
2019-02-06 13:52:10,409 DEBUG n.e.o.t.s.UpdateSvc                 - chic-cr5:8/1/1 55                                           
2019-02-06 13:52:10,409 DEBUG n.e.o.t.s.UpdateSvc                 - chic-cr5:7/2/1 55                                           
2019-02-06 13:52:10,409 DEBUG n.e.o.t.s.UpdateSvc                 - chic-cr5:BLANK 55                                           
2019-02-06 13:52:10,409 DEBUG n.e.o.t.s.UpdateSvc                 - chic-cr5:6/2/1 55                                           
2019-02-06 13:52:10,409 DEBUG n.e.o.t.s.UpdateSvc                 - chic-cr5:1/1/1 55                                           
2019-02-06 13:52:10,412 INFO  n.e.o.t.s.UpdateSvc                 - inserting p: nersc-mr2:xe-1/1/0 to nersc-mr2                
2019-02-06 13:52:10,414 DEBUG n.e.o.t.s.UpdateSvc                 - nersc-mr2:xe-1/1/0 29                                       
2019-02-06 13:52:10,414 DEBUG n.e.o.t.s.UpdateSvc                 - nersc-mr2:xe-0/2/0 29                                       
2019-02-06 13:52:10,414 DEBUG n.e.o.t.s.UpdateSvc                 - nersc-mr2:xe-1/3/0 29                                       
2019-02-06 13:52:10,414 DEBUG n.e.o.t.s.UpdateSvc                 - nersc-mr2:xe-2/2/0 29                                       
2019-02-06 13:52:10,414 DEBUG n.e.o.t.s.UpdateSvc                 - nersc-mr2:xe-7/3/0 29                                       
2019-02-06 13:52:10,418 INFO  n.e.o.t.s.UpdateSvc                 - inserting p: amst-cr5:5/1/1 to amst-cr5                     
2019-02-06 13:52:10,419 DEBUG n.e.o.t.s.UpdateSvc                 - amst-cr5:5/1/1 72                                           
2019-02-06 13:52:10,419 DEBUG n.e.o.t.s.UpdateSvc                 - amst-cr5:10/1/1 72                                          
2019-02-06 13:52:10,420 DEBUG n.e.o.t.s.UpdateSvc                 - amst-cr5:10/1/2 72                                          
2019-02-06 13:52:10,420 DEBUG n.e.o.t.s.UpdateSvc                 - amst-cr5:10/2/5 72                                          
2019-02-06 13:52:10,422 INFO  n.e.o.t.s.UpdateSvc                 - inserting p: bois-cr1:xe-0/0/0 to bois-cr1                  
2019-02-06 13:52:10,423 DEBUG n.e.o.t.s.UpdateSvc                 - bois-cr1:xe-0/0/0 39                                        
2019-02-06 13:52:10,423 DEBUG n.e.o.t.s.UpdateSvc                 - bois-cr1:xe-7/1/0 39                                        
2019-02-06 13:52:10,424 DEBUG n.e.o.t.s.UpdateSvc                 - bois-cr1:xe-7/3/0 39                                        
2019-02-06 13:52:10,424 DEBUG n.e.o.t.s.UpdateSvc                 - bois-cr1:xe-1/2/0 39                                        
2019-02-06 13:52:10,426 INFO  n.e.o.t.s.UpdateSvc                 - inserting p: sacr-cr5:1/1/1 to sacr-cr5                     
2019-02-06 13:52:10,427 DEBUG n.e.o.t.s.UpdateSvc                 - sacr-cr5:10/1/1 47                                          
2019-02-06 13:52:10,427 DEBUG n.e.o.t.s.UpdateSvc                 - sacr-cr5:10/2/6 47                                          
2019-02-06 13:52:10,427 DEBUG n.e.o.t.s.UpdateSvc                 - sacr-cr5:1/1/1 47                                           
2019-02-06 13:52:10,427 DEBUG n.e.o.t.s.UpdateSvc                 - sacr-cr5:10/1/6 47                                          
2019-02-06 13:52:10,427 DEBUG n.e.o.t.s.UpdateSvc                 - sacr-cr5:10/2/1 47                                          
2019-02-06 13:52:10,427 DEBUG n.e.o.t.s.UpdateSvc                 - sacr-cr5:4/1/1 47                                           
2019-02-06 13:52:10,427 DEBUG n.e.o.t.s.UpdateSvc                 - sacr-cr5:10/2/3 47                                          
2019-02-06 13:52:10,427 DEBUG n.e.o.t.s.UpdateSvc                 - sacr-cr5:10/1/2 47                                          
2019-02-06 13:52:10,427 DEBUG n.e.o.t.s.UpdateSvc                 - sacr-cr5:3/1/1 47                                           
2019-02-06 13:52:10,427 DEBUG n.e.o.t.s.UpdateSvc                 - sacr-cr5:10/2/5 47                                          
2019-02-06 13:52:10,427 DEBUG n.e.o.t.s.UpdateSvc                 - sacr-cr5:10/2/2 47                                          
2019-02-06 13:52:10,427 DEBUG n.e.o.t.s.UpdateSvc                 - sacr-cr5:10/1/4 47                                          
2019-02-06 13:52:10,427 DEBUG n.e.o.t.s.UpdateSvc                 - sacr-cr5:10/2/4 47                                          
2019-02-06 13:52:10,430 INFO  n.e.o.t.s.UpdateSvc                 - inserting p: ameslab-rt3:xe-1/1/0 to ameslab-rt3            
2019-02-06 13:52:10,431 DEBUG n.e.o.t.s.UpdateSvc                 - ameslab-rt3:xe-1/3/0 67                                     
2019-02-06 13:52:10,431 DEBUG n.e.o.t.s.UpdateSvc                 - ameslab-rt3:xe-1/1/0 67                                     
2019-02-06 13:52:10,434 INFO  n.e.o.t.s.UpdateSvc                 - inserting p: pnwg-cr5:3/1/1 to pnwg-cr5                     
2019-02-06 13:52:10,435 DEBUG n.e.o.t.s.UpdateSvc                 - pnwg-cr5:3/1/1 71                                           
2019-02-06 13:52:10,435 DEBUG n.e.o.t.s.UpdateSvc                 - pnwg-cr5:BLANK 71                                           
2019-02-06 13:52:10,439 INFO  n.e.o.t.s.UpdateSvc                 - inserting p: lbl-mr2:xe-7/2/0 to lbl-mr2                    
2019-02-06 13:52:10,440 DEBUG n.e.o.t.s.UpdateSvc                 - lbl-mr2:xe-8/1/0 74                                         
2019-02-06 13:52:10,440 DEBUG n.e.o.t.s.UpdateSvc                 - lbl-mr2:xe-1/1/0 74                                         
2019-02-06 13:52:10,440 DEBUG n.e.o.t.s.UpdateSvc                 - lbl-mr2:xe-0/2/0 74                                         
2019-02-06 13:52:10,440 DEBUG n.e.o.t.s.UpdateSvc                 - lbl-mr2:xe-7/0/0 74                                         
2019-02-06 13:52:10,440 DEBUG n.e.o.t.s.UpdateSvc                 - lbl-mr2:xe-0/1/0 74                                         
2019-02-06 13:52:10,440 DEBUG n.e.o.t.s.UpdateSvc                 - lbl-mr2:xe-8/3/0 74                                         
2019-02-06 13:52:10,440 DEBUG n.e.o.t.s.UpdateSvc                 - lbl-mr2:xe-7/2/0 74                                         
2019-02-06 13:52:10,443 INFO  n.e.o.t.s.UpdateSvc                 - inserting p: aofa-cr5:4/2/1 to aofa-cr5                     
2019-02-06 13:52:10,444 DEBUG n.e.o.t.s.UpdateSvc                 - aofa-cr5:4/2/1 69                                           
2019-02-06 13:52:10,445 DEBUG n.e.o.t.s.UpdateSvc                 - aofa-cr5:10/1/1 69                                          
2019-02-06 13:52:10,445 DEBUG n.e.o.t.s.UpdateSvc                 - aofa-cr5:10/1/9 69                                          
2019-02-06 13:52:10,445 DEBUG n.e.o.t.s.UpdateSvc                 - aofa-cr5:5/1/1 69                                           
2019-02-06 13:52:10,445 DEBUG n.e.o.t.s.UpdateSvc                 - aofa-cr5:6/2/1 69                                           
2019-02-06 13:52:10,445 DEBUG n.e.o.t.s.UpdateSvc                 - aofa-cr5:10/1/2 69                                          
2019-02-06 13:52:10,445 DEBUG n.e.o.t.s.UpdateSvc                 - aofa-cr5:10/1/8 69                                          
2019-02-06 13:52:10,447 INFO  n.e.o.t.s.UpdateSvc                 - inserting p: cern-513-cr5:2/1/1 to cern-513-cr5             
2019-02-06 13:52:10,448 DEBUG n.e.o.t.s.UpdateSvc                 - cern-513-cr5:2/1/1 34                                       
2019-02-06 13:52:10,448 DEBUG n.e.o.t.s.UpdateSvc                 - cern-513-cr5:1/1/1 34                                       
2019-02-06 13:52:10,448 DEBUG n.e.o.t.s.UpdateSvc                 - cern-513-cr5:1/2/1 34                                       
2019-02-06 13:52:10,450 INFO  n.e.o.t.s.UpdateSvc                 - inserting p: ameslab-rt3:xe-0/2/0 to ameslab-rt3            
2019-02-06 13:52:10,451 DEBUG n.e.o.t.s.UpdateSvc                 - ameslab-rt3:xe-0/2/0 67                                     
2019-02-06 13:52:10,451 DEBUG n.e.o.t.s.UpdateSvc                 - ameslab-rt3:xe-1/3/0 67                                     
2019-02-06 13:52:10,451 DEBUG n.e.o.t.s.UpdateSvc                 - ameslab-rt3:xe-1/1/0 67                                     
2019-02-06 13:52:10,454 INFO  n.e.o.t.s.UpdateSvc                 - inserting p: star-cr5:4/1/1 to star-cr5                     
2019-02-06 13:52:10,454 DEBUG n.e.o.t.s.UpdateSvc                 - star-cr5:3/1/1 76                                           
2019-02-06 13:52:10,454 DEBUG n.e.o.t.s.UpdateSvc                 - star-cr5:4/1/1 76                                           
2019-02-06 13:52:10,454 DEBUG n.e.o.t.s.UpdateSvc                 - star-cr5:5/1/1 76                                           
2019-02-06 13:52:10,454 DEBUG n.e.o.t.s.UpdateSvc                 - star-cr5:3/2/1 76                                           
2019-02-06 13:52:10,456 INFO  n.e.o.t.s.UpdateSvc                 - inserting p: lsvn-cr1:xe-1/2/0 to lsvn-cr1                  
2019-02-06 13:52:10,457 DEBUG n.e.o.t.s.UpdateSvc                 - lsvn-cr1:ge-1/0/1 49                                        
2019-02-06 13:52:10,457 DEBUG n.e.o.t.s.UpdateSvc                 - lsvn-cr1:ge-1/0/0 49                                        
2019-02-06 13:52:10,457 DEBUG n.e.o.t.s.UpdateSvc                 - lsvn-cr1:ge-1/1/0 49                                        
2019-02-06 13:52:10,457 DEBUG n.e.o.t.s.UpdateSvc                 - lsvn-cr1:xe-2/1/0 49                                        
2019-02-06 13:52:10,457 DEBUG n.e.o.t.s.UpdateSvc                 - lsvn-cr1:xe-1/2/0 49                                        
2019-02-06 13:52:10,457 DEBUG n.e.o.t.s.UpdateSvc                 - lsvn-cr1:ge-1/1/5 49                                        
2019-02-06 13:52:10,457 DEBUG n.e.o.t.s.UpdateSvc                 - lsvn-cr1:xe-2/2/0 49                                        
2019-02-06 13:52:10,457 DEBUG n.e.o.t.s.UpdateSvc                 - lsvn-cr1:ge-1/1/1 49                                        
2019-02-06 13:52:10,458 INFO  n.e.o.t.s.UpdateSvc                 - inserting p: newy-cr5:4/2/1 to newy-cr5                     
2019-02-06 13:52:10,459 DEBUG n.e.o.t.s.UpdateSvc                 - newy-cr5:4/1/1 59                                           
2019-02-06 13:52:10,459 DEBUG n.e.o.t.s.UpdateSvc                 - newy-cr5:9/1/1 59                                           
2019-02-06 13:52:10,459 DEBUG n.e.o.t.s.UpdateSvc                 - newy-cr5:10/1/3 59                                          
2019-02-06 13:52:10,459 DEBUG n.e.o.t.s.UpdateSvc                 - newy-cr5:4/2/1 59                                           
2019-02-06 13:52:10,459 DEBUG n.e.o.t.s.UpdateSvc                 - newy-cr5:2/1/1 59                                           
2019-02-06 13:52:10,459 DEBUG n.e.o.t.s.UpdateSvc                 - newy-cr5:10/1/9 59                                          
2019-02-06 13:52:10,459 DEBUG n.e.o.t.s.UpdateSvc                 - newy-cr5:9/1/4 59                                           
2019-02-06 13:52:10,459 DEBUG n.e.o.t.s.UpdateSvc                 - newy-cr5:3/1/1 59                                           
2019-02-06 13:52:10,459 DEBUG n.e.o.t.s.UpdateSvc                 - newy-cr5:10/1/2 59                                          
2019-02-06 13:52:10,461 INFO  n.e.o.t.s.UpdateSvc                 - inserting p: albq-cr5:1/1/1 to albq-cr5                     
2019-02-06 13:52:10,462 DEBUG n.e.o.t.s.UpdateSvc                 - albq-cr5:10/1/4 73                                          
2019-02-06 13:52:10,462 DEBUG n.e.o.t.s.UpdateSvc                 - albq-cr5:10/1/2 73                                          
2019-02-06 13:52:10,462 DEBUG n.e.o.t.s.UpdateSvc                 - albq-cr5:10/1/5 73                                          
2019-02-06 13:52:10,462 DEBUG n.e.o.t.s.UpdateSvc                 - albq-cr5:10/1/3 73                                          
2019-02-06 13:52:10,462 DEBUG n.e.o.t.s.UpdateSvc                 - albq-cr5:3/1/1 73                                           
2019-02-06 13:52:10,462 DEBUG n.e.o.t.s.UpdateSvc                 - albq-cr5:2/1/1 73                                           
2019-02-06 13:52:10,462 DEBUG n.e.o.t.s.UpdateSvc                 - albq-cr5:1/1/1 73                                           
2019-02-06 13:52:10,464 INFO  n.e.o.t.s.UpdateSvc                 - inserting p: pnwg-cr5:1/1/1 to pnwg-cr5                     
2019-02-06 13:52:10,465 DEBUG n.e.o.t.s.UpdateSvc                 - pnwg-cr5:3/1/1 71                                           
2019-02-06 13:52:10,465 DEBUG n.e.o.t.s.UpdateSvc                 - pnwg-cr5:BLANK 71                                           
2019-02-06 13:52:10,465 DEBUG n.e.o.t.s.UpdateSvc                 - pnwg-cr5:1/1/1 71                                           
2019-02-06 13:52:10,468 INFO  n.e.o.t.s.UpdateSvc                 - inserting p: kans-cr5:10/1/4 to kans-cr5                    
2019-02-06 13:52:10,469 DEBUG n.e.o.t.s.UpdateSvc                 - kans-cr5:10/1/4 38                                          
2019-02-06 13:52:10,469 DEBUG n.e.o.t.s.UpdateSvc                 - kans-cr5:1/1/1 38                                           
2019-02-06 13:52:10,470 INFO  n.e.o.t.s.UpdateSvc                 - inserting p: elpa-cr5:10/1/5 to elpa-cr5                    
2019-02-06 13:52:10,471 DEBUG n.e.o.t.s.UpdateSvc                 - elpa-cr5:10/1/5 46                                          
2019-02-06 13:52:10,473 INFO  n.e.o.t.s.UpdateSvc                 - inserting p: kans-cr5:10/1/3 to kans-cr5                    
2019-02-06 13:52:10,487 DEBUG n.e.o.t.s.UpdateSvc                 - kans-cr5:10/1/3 38                                          
2019-02-06 13:52:10,487 DEBUG n.e.o.t.s.UpdateSvc                 - kans-cr5:10/1/4 38                                          
2019-02-06 13:52:10,487 DEBUG n.e.o.t.s.UpdateSvc                 - kans-cr5:1/1/1 38                                           
2019-02-06 13:52:10,490 INFO  n.e.o.t.s.UpdateSvc                 - inserting p: pnwg-cr5:2/2/1 to pnwg-cr5                     
2019-02-06 13:52:10,491 DEBUG n.e.o.t.s.UpdateSvc                 - pnwg-cr5:3/1/1 71                                           
2019-02-06 13:52:10,491 DEBUG n.e.o.t.s.UpdateSvc                 - pnwg-cr5:2/2/1 71                                           
2019-02-06 13:52:10,491 DEBUG n.e.o.t.s.UpdateSvc                 - pnwg-cr5:BLANK 71                                           
2019-02-06 13:52:10,491 DEBUG n.e.o.t.s.UpdateSvc                 - pnwg-cr5:1/1/1 71                                           
2019-02-06 13:52:10,493 INFO  n.e.o.t.s.UpdateSvc                 - inserting p: bois-cr1:xe-0/1/0 to bois-cr1                  
2019-02-06 13:52:10,494 DEBUG n.e.o.t.s.UpdateSvc                 - bois-cr1:xe-0/0/0 39                                        
2019-02-06 13:52:10,494 DEBUG n.e.o.t.s.UpdateSvc                 - bois-cr1:xe-0/1/0 39                                        
2019-02-06 13:52:10,494 DEBUG n.e.o.t.s.UpdateSvc                 - bois-cr1:xe-7/1/0 39                                        
2019-02-06 13:52:10,494 DEBUG n.e.o.t.s.UpdateSvc                 - bois-cr1:xe-7/3/0 39                                        
2019-02-06 13:52:10,494 DEBUG n.e.o.t.s.UpdateSvc                 - bois-cr1:xe-1/2/0 39                                        
2019-02-06 13:52:10,499 INFO  n.e.o.t.s.UpdateSvc                 - inserting p: eqx-ash-cr5:BLANK to eqx-ash-cr5               
2019-02-06 13:52:10,500 DEBUG n.e.o.t.s.UpdateSvc                 - eqx-ash-cr5:10/1/1 62                                       
2019-02-06 13:52:10,500 DEBUG n.e.o.t.s.UpdateSvc                 - eqx-ash-cr5:1/1/1 62                                        
2019-02-06 13:52:10,500 DEBUG n.e.o.t.s.UpdateSvc                 - eqx-ash-cr5:BLANK 62                                        
2019-02-06 13:52:10,500 DEBUG n.e.o.t.s.UpdateSvc                 - eqx-ash-cr5:10/1/6 62                                       
2019-02-06 13:52:10,500 DEBUG n.e.o.t.s.UpdateSvc                 - eqx-ash-cr5:1/2/1 62                                        
2019-02-06 13:52:10,500 DEBUG n.e.o.t.s.UpdateSvc                 - eqx-ash-cr5:10/1/5 62                                       
2019-02-06 13:52:10,500 DEBUG n.e.o.t.s.UpdateSvc                 - eqx-ash-cr5:10/1/2 62                                       
2019-02-06 13:52:10,502 INFO  n.e.o.t.s.UpdateSvc                 - inserting p: bost-cr5:1/1/1 to bost-cr5                     
2019-02-06 13:52:10,503 DEBUG n.e.o.t.s.UpdateSvc                 - bost-cr5:1/1/1 77                                           
2019-02-06 13:52:10,503 DEBUG n.e.o.t.s.UpdateSvc                 - bost-cr5:10/2/3 77                                          
2019-02-06 13:52:10,503 DEBUG n.e.o.t.s.UpdateSvc                 - bost-cr5:10/1/2 77                                          
2019-02-06 13:52:10,503 DEBUG n.e.o.t.s.UpdateSvc                 - bost-cr5:10/1/6 77                                          
2019-02-06 13:52:10,503 DEBUG n.e.o.t.s.UpdateSvc                 - bost-cr5:2/1/1 77                                           
2019-02-06 13:52:10,503 DEBUG n.e.o.t.s.UpdateSvc                 - bost-cr5:10/1/5 77                                          
2019-02-06 13:52:10,505 INFO  n.e.o.t.s.UpdateSvc                 - inserting p: elpa-cr5:10/1/4 to elpa-cr5                    
2019-02-06 13:52:10,507 DEBUG n.e.o.t.s.UpdateSvc                 - elpa-cr5:10/1/4 46                                          
2019-02-06 13:52:10,507 DEBUG n.e.o.t.s.UpdateSvc                 - elpa-cr5:10/1/5 46                                          
2019-02-06 13:52:10,509 INFO  n.e.o.t.s.UpdateSvc                 - inserting p: eqx-sj-cr5:BLANK to eqx-sj-cr5                 
2019-02-06 13:52:10,511 DEBUG n.e.o.t.s.UpdateSvc                 - eqx-sj-cr5:BLANK 35                                         
2019-02-06 13:52:10,511 DEBUG n.e.o.t.s.UpdateSvc                 - eqx-sj-cr5:1/2/1 35                                         
2019-02-06 13:52:10,513 INFO  n.e.o.t.s.UpdateSvc                 - inserting p: elpa-cr5:10/1/3 to elpa-cr5                    
2019-02-06 13:52:10,515 DEBUG n.e.o.t.s.UpdateSvc                 - elpa-cr5:10/1/3 46                                          
2019-02-06 13:52:10,515 DEBUG n.e.o.t.s.UpdateSvc                 - elpa-cr5:10/1/4 46                                          
2019-02-06 13:52:10,515 DEBUG n.e.o.t.s.UpdateSvc                 - elpa-cr5:10/1/5 46                                          
2019-02-06 13:52:10,518 INFO  n.e.o.t.s.UpdateSvc                 - inserting p: ameslab-rt3:xe-1/0/0 to ameslab-rt3            
2019-02-06 13:52:10,519 DEBUG n.e.o.t.s.UpdateSvc                 - ameslab-rt3:xe-0/2/0 67                                     
2019-02-06 13:52:10,519 DEBUG n.e.o.t.s.UpdateSvc                 - ameslab-rt3:xe-1/3/0 67                                     
2019-02-06 13:52:10,519 DEBUG n.e.o.t.s.UpdateSvc                 - ameslab-rt3:xe-1/0/0 67                                     
2019-02-06 13:52:10,519 DEBUG n.e.o.t.s.UpdateSvc                 - ameslab-rt3:xe-1/1/0 67                                     
2019-02-06 13:52:10,522 INFO  n.e.o.t.s.UpdateSvc                 - inserting p: aofa-cr5:4/1/1 to aofa-cr5                     
2019-02-06 13:52:10,523 DEBUG n.e.o.t.s.UpdateSvc                 - aofa-cr5:4/2/1 69                                           
2019-02-06 13:52:10,523 DEBUG n.e.o.t.s.UpdateSvc                 - aofa-cr5:4/1/1 69                                           
2019-02-06 13:52:10,523 DEBUG n.e.o.t.s.UpdateSvc                 - aofa-cr5:10/1/1 69                                          
2019-02-06 13:52:10,523 DEBUG n.e.o.t.s.UpdateSvc                 - aofa-cr5:10/1/9 69                                          
2019-02-06 13:52:10,523 DEBUG n.e.o.t.s.UpdateSvc                 - aofa-cr5:5/1/1 69                                           
2019-02-06 13:52:10,523 DEBUG n.e.o.t.s.UpdateSvc                 - aofa-cr5:6/2/1 69                                           
2019-02-06 13:52:10,523 DEBUG n.e.o.t.s.UpdateSvc                 - aofa-cr5:10/1/2 69                                          
2019-02-06 13:52:10,523 DEBUG n.e.o.t.s.UpdateSvc                 - aofa-cr5:10/1/8 69                                          
2019-02-06 13:52:10,525 INFO  n.e.o.t.s.UpdateSvc                 - inserting p: anl-mr2:ae0 to anl-mr2                         
2019-02-06 13:52:10,526 DEBUG n.e.o.t.s.UpdateSvc                 - anl-mr2:xe-2/3/0 53                                         
2019-02-06 13:52:10,526 DEBUG n.e.o.t.s.UpdateSvc                 - anl-mr2:ae0 53                                              
2019-02-06 13:52:10,529 INFO  n.e.o.t.s.UpdateSvc                 - inserting p: aofa-cr5:3/1/1 to aofa-cr5                     
2019-02-06 13:52:10,530 DEBUG n.e.o.t.s.UpdateSvc                 - aofa-cr5:4/2/1 69                                           
2019-02-06 13:52:10,530 DEBUG n.e.o.t.s.UpdateSvc                 - aofa-cr5:4/1/1 69                                           
2019-02-06 13:52:10,530 DEBUG n.e.o.t.s.UpdateSvc                 - aofa-cr5:3/1/1 69                                           
2019-02-06 13:52:10,530 DEBUG n.e.o.t.s.UpdateSvc                 - aofa-cr5:10/1/1 69                                          
2019-02-06 13:52:10,530 DEBUG n.e.o.t.s.UpdateSvc                 - aofa-cr5:10/1/9 69                                          
2019-02-06 13:52:10,530 DEBUG n.e.o.t.s.UpdateSvc                 - aofa-cr5:5/1/1 69                                           
2019-02-06 13:52:10,530 DEBUG n.e.o.t.s.UpdateSvc                 - aofa-cr5:6/2/1 69                                           
2019-02-06 13:52:10,530 DEBUG n.e.o.t.s.UpdateSvc                 - aofa-cr5:10/1/2 69                                          
2019-02-06 13:52:10,530 DEBUG n.e.o.t.s.UpdateSvc                 - aofa-cr5:10/1/8 69                                          
2019-02-06 13:52:10,533 INFO  n.e.o.t.s.UpdateSvc                 - inserting p: star-cr5:4/2/1 to star-cr5                     
2019-02-06 13:52:10,534 DEBUG n.e.o.t.s.UpdateSvc                 - star-cr5:3/1/1 76                                           
2019-02-06 13:52:10,535 DEBUG n.e.o.t.s.UpdateSvc                 - star-cr5:4/1/1 76                                           
2019-02-06 13:52:10,535 DEBUG n.e.o.t.s.UpdateSvc                 - star-cr5:5/1/1 76                                           
2019-02-06 13:52:10,535 DEBUG n.e.o.t.s.UpdateSvc                 - star-cr5:4/2/1 76                                           
2019-02-06 13:52:10,535 DEBUG n.e.o.t.s.UpdateSvc                 - star-cr5:3/2/1 76                                           
2019-02-06 13:52:10,538 INFO  n.e.o.t.s.UpdateSvc                 - inserting p: osti-rt2:ae0 to osti-rt2                       
2019-02-06 13:52:10,539 DEBUG n.e.o.t.s.UpdateSvc                 - osti-rt2:ae0 70                                             
2019-02-06 13:52:10,542 INFO  n.e.o.t.s.UpdateSvc                 - inserting p: ameslab-rt3:xe-0/1/0 to ameslab-rt3            
2019-02-06 13:52:10,544 DEBUG n.e.o.t.s.UpdateSvc                 - ameslab-rt3:xe-0/2/0 67                                     
2019-02-06 13:52:10,544 DEBUG n.e.o.t.s.UpdateSvc                 - ameslab-rt3:xe-1/3/0 67                                     
2019-02-06 13:52:10,544 DEBUG n.e.o.t.s.UpdateSvc                 - ameslab-rt3:xe-0/1/0 67                                     
2019-02-06 13:52:10,544 DEBUG n.e.o.t.s.UpdateSvc                 - ameslab-rt3:xe-1/0/0 67                                     
2019-02-06 13:52:10,544 DEBUG n.e.o.t.s.UpdateSvc                 - ameslab-rt3:xe-1/1/0 67                                     
2019-02-06 13:52:10,547 INFO  n.e.o.t.s.UpdateSvc                 - inserting p: llnl-mr2:xe-2/0/0 to llnl-mr2                  
2019-02-06 13:52:10,547 DEBUG n.e.o.t.s.UpdateSvc                 - llnl-mr2:xe-2/0/0 52                                        
2019-02-06 13:52:10,548 DEBUG n.e.o.t.s.UpdateSvc                 - llnl-mr2:xe-1/3/0 52                                        
2019-02-06 13:52:10,548 DEBUG n.e.o.t.s.UpdateSvc                 - llnl-mr2:xe-2/1/0 52                                        
2019-02-06 13:52:10,548 DEBUG n.e.o.t.s.UpdateSvc                 - llnl-mr2:ge-3/0/1 52                                        
2019-02-06 13:52:10,548 DEBUG n.e.o.t.s.UpdateSvc                 - llnl-mr2:xe-3/2/0 52                                        
2019-02-06 13:52:10,548 DEBUG n.e.o.t.s.UpdateSvc                 - llnl-mr2:ge-3/0/0 52                                        
2019-02-06 13:52:10,548 DEBUG n.e.o.t.s.UpdateSvc                 - llnl-mr2:xe-2/2/0 52                                        
2019-02-06 13:52:10,550 INFO  n.e.o.t.s.UpdateSvc                 - inserting p: cern-513-cr5:BLANK to cern-513-cr5             
2019-02-06 13:52:10,551 DEBUG n.e.o.t.s.UpdateSvc                 - cern-513-cr5:2/1/1 34                                       
2019-02-06 13:52:10,551 DEBUG n.e.o.t.s.UpdateSvc                 - cern-513-cr5:1/1/1 34                                       
2019-02-06 13:52:10,552 DEBUG n.e.o.t.s.UpdateSvc                 - cern-513-cr5:1/2/1 34                                       
2019-02-06 13:52:10,552 DEBUG n.e.o.t.s.UpdateSvc                 - cern-513-cr5:BLANK 34                                       
2019-02-06 13:52:10,555 INFO  n.e.o.t.s.UpdateSvc                 - inserting p: atla-cr5:2/1/1 to atla-cr5                     
2019-02-06 13:52:10,556 DEBUG n.e.o.t.s.UpdateSvc                 - atla-cr5:10/1/8 41                                          
2019-02-06 13:52:10,556 DEBUG n.e.o.t.s.UpdateSvc                 - atla-cr5:10/1/2 41                                          
2019-02-06 13:52:10,556 DEBUG n.e.o.t.s.UpdateSvc                 - atla-cr5:2/1/1 41                                           
2019-02-06 13:52:10,556 DEBUG n.e.o.t.s.UpdateSvc                 - atla-cr5:3/1/1 41                                           
2019-02-06 13:52:10,556 DEBUG n.e.o.t.s.UpdateSvc                 - atla-cr5:1/1/1 41                                           
2019-02-06 13:52:10,556 DEBUG n.e.o.t.s.UpdateSvc                 - atla-cr5:10/1/3 41                                          
2019-02-06 13:52:10,558 INFO  n.e.o.t.s.UpdateSvc                 - inserting p: sunn-cr5:5/1/1 to sunn-cr5                     
2019-02-06 13:52:10,559 DEBUG n.e.o.t.s.UpdateSvc                 - sunn-cr5:10/1/6 50                                          
2019-02-06 13:52:10,559 DEBUG n.e.o.t.s.UpdateSvc                 - sunn-cr5:10/1/5 50                                          
2019-02-06 13:52:10,559 DEBUG n.e.o.t.s.UpdateSvc                 - sunn-cr5:10/2/4 50                                          
2019-02-06 13:52:10,559 DEBUG n.e.o.t.s.UpdateSvc                 - sunn-cr5:10/2/3 50                                          
2019-02-06 13:52:10,559 DEBUG n.e.o.t.s.UpdateSvc                 - sunn-cr5:10/2/6 50                                          
2019-02-06 13:52:10,559 DEBUG n.e.o.t.s.UpdateSvc                 - sunn-cr5:7/1/1 50                                           
2019-02-06 13:52:10,559 DEBUG n.e.o.t.s.UpdateSvc                 - sunn-cr5:10/2/1 50                                          
2019-02-06 13:52:10,559 DEBUG n.e.o.t.s.UpdateSvc                 - sunn-cr5:10/2/5 50                                          
2019-02-06 13:52:10,559 DEBUG n.e.o.t.s.UpdateSvc                 - sunn-cr5:5/1/1 50                                           
2019-02-06 13:52:10,560 DEBUG n.e.o.t.s.UpdateSvc                 - sunn-cr5:10/1/1 50                                          
2019-02-06 13:52:10,560 DEBUG n.e.o.t.s.UpdateSvc                 - sunn-cr5:10/1/3 50                                          
2019-02-06 13:52:10,560 DEBUG n.e.o.t.s.UpdateSvc                 - sunn-cr5:8/1/1 50                                           
2019-02-06 13:52:10,560 DEBUG n.e.o.t.s.UpdateSvc                 - sunn-cr5:5/2/1 50                                           
2019-02-06 13:52:10,560 DEBUG n.e.o.t.s.UpdateSvc                 - sunn-cr5:10/1/4 50                                          
2019-02-06 13:52:10,560 DEBUG n.e.o.t.s.UpdateSvc                 - sunn-cr5:10/1/2 50                                          
2019-02-06 13:52:10,560 DEBUG n.e.o.t.s.UpdateSvc                 - sunn-cr5:7/2/1 50                                           
2019-02-06 13:52:10,560 DEBUG n.e.o.t.s.UpdateSvc                 - sunn-cr5:10/2/2 50                                          
2019-02-06 13:52:10,562 INFO  n.e.o.t.s.UpdateSvc                 - inserting p: sacr-cr5:2/1/1 to sacr-cr5                     
2019-02-06 13:52:10,563 DEBUG n.e.o.t.s.UpdateSvc                 - sacr-cr5:10/1/1 47                                          
2019-02-06 13:52:10,563 DEBUG n.e.o.t.s.UpdateSvc                 - sacr-cr5:10/2/6 47                                          
2019-02-06 13:52:10,563 DEBUG n.e.o.t.s.UpdateSvc                 - sacr-cr5:1/1/1 47                                           
2019-02-06 13:52:10,563 DEBUG n.e.o.t.s.UpdateSvc                 - sacr-cr5:10/1/6 47                                          
2019-02-06 13:52:10,563 DEBUG n.e.o.t.s.UpdateSvc                 - sacr-cr5:10/2/1 47                                          
2019-02-06 13:52:10,563 DEBUG n.e.o.t.s.UpdateSvc                 - sacr-cr5:4/1/1 47                                           
2019-02-06 13:52:10,563 DEBUG n.e.o.t.s.UpdateSvc                 - sacr-cr5:10/2/3 47                                          
2019-02-06 13:52:10,563 DEBUG n.e.o.t.s.UpdateSvc                 - sacr-cr5:10/1/2 47                                          
2019-02-06 13:52:10,563 DEBUG n.e.o.t.s.UpdateSvc                 - sacr-cr5:3/1/1 47                                           
2019-02-06 13:52:10,563 DEBUG n.e.o.t.s.UpdateSvc                 - sacr-cr5:10/2/5 47                                          
2019-02-06 13:52:10,563 DEBUG n.e.o.t.s.UpdateSvc                 - sacr-cr5:2/1/1 47                                           
2019-02-06 13:52:10,563 DEBUG n.e.o.t.s.UpdateSvc                 - sacr-cr5:10/2/2 47                                          
2019-02-06 13:52:10,563 DEBUG n.e.o.t.s.UpdateSvc                 - sacr-cr5:10/1/4 47                                          
2019-02-06 13:52:10,563 DEBUG n.e.o.t.s.UpdateSvc                 - sacr-cr5:10/2/4 47                                          
2019-02-06 13:52:10,565 INFO  n.e.o.t.s.UpdateSvc                 - inserting p: denv-cr5:10/1/3 to denv-cr5                    
2019-02-06 13:52:10,566 DEBUG n.e.o.t.s.UpdateSvc                 - denv-cr5:10/1/7 75                                          
2019-02-06 13:52:10,567 DEBUG n.e.o.t.s.UpdateSvc                 - denv-cr5:4/2/1 75                                           
2019-02-06 13:52:10,567 DEBUG n.e.o.t.s.UpdateSvc                 - denv-cr5:4/1/1 75                                           
2019-02-06 13:52:10,567 DEBUG n.e.o.t.s.UpdateSvc                 - denv-cr5:10/1/3 75                                          
2019-02-06 13:52:10,567 DEBUG n.e.o.t.s.UpdateSvc                 - denv-cr5:10/1/6 75                                          
2019-02-06 13:52:10,569 INFO  n.e.o.t.s.UpdateSvc                 - inserting p: denv-cr5:10/1/4 to denv-cr5                    
2019-02-06 13:52:10,570 DEBUG n.e.o.t.s.UpdateSvc                 - denv-cr5:10/1/7 75                                          
2019-02-06 13:52:10,570 DEBUG n.e.o.t.s.UpdateSvc                 - denv-cr5:4/2/1 75                                           
2019-02-06 13:52:10,570 DEBUG n.e.o.t.s.UpdateSvc                 - denv-cr5:4/1/1 75                                           
2019-02-06 13:52:10,570 DEBUG n.e.o.t.s.UpdateSvc                 - denv-cr5:10/1/3 75                                          
2019-02-06 13:52:10,570 DEBUG n.e.o.t.s.UpdateSvc                 - denv-cr5:10/1/4 75                                          
2019-02-06 13:52:10,570 DEBUG n.e.o.t.s.UpdateSvc                 - denv-cr5:10/1/6 75                                          
2019-02-06 13:52:10,572 INFO  n.e.o.t.s.UpdateSvc                 - inserting p: denv-cr5:10/1/5 to denv-cr5                    
2019-02-06 13:52:10,573 DEBUG n.e.o.t.s.UpdateSvc                 - denv-cr5:10/1/7 75                                          
2019-02-06 13:52:10,573 DEBUG n.e.o.t.s.UpdateSvc                 - denv-cr5:4/2/1 75                                           
2019-02-06 13:52:10,573 DEBUG n.e.o.t.s.UpdateSvc                 - denv-cr5:4/1/1 75                                           
2019-02-06 13:52:10,573 DEBUG n.e.o.t.s.UpdateSvc                 - denv-cr5:10/1/5 75                                          
2019-02-06 13:52:10,573 DEBUG n.e.o.t.s.UpdateSvc                 - denv-cr5:10/1/3 75                                          
2019-02-06 13:52:10,573 DEBUG n.e.o.t.s.UpdateSvc                 - denv-cr5:10/1/4 75                                          
2019-02-06 13:52:10,573 DEBUG n.e.o.t.s.UpdateSvc                 - denv-cr5:10/1/6 75                                          
2019-02-06 13:52:10,575 INFO  n.e.o.t.s.UpdateSvc                 - inserting p: eqx-ash-cr5:10/2/5 to eqx-ash-cr5              
2019-02-06 13:52:10,577 DEBUG n.e.o.t.s.UpdateSvc                 - eqx-ash-cr5:10/1/1 62                                       
2019-02-06 13:52:10,577 DEBUG n.e.o.t.s.UpdateSvc                 - eqx-ash-cr5:10/2/5 62                                       
2019-02-06 13:52:10,577 DEBUG n.e.o.t.s.UpdateSvc                 - eqx-ash-cr5:1/1/1 62                                        
2019-02-06 13:52:10,577 DEBUG n.e.o.t.s.UpdateSvc                 - eqx-ash-cr5:BLANK 62                                        
2019-02-06 13:52:10,577 DEBUG n.e.o.t.s.UpdateSvc                 - eqx-ash-cr5:10/1/6 62                                       
2019-02-06 13:52:10,577 DEBUG n.e.o.t.s.UpdateSvc                 - eqx-ash-cr5:1/2/1 62                                        
2019-02-06 13:52:10,577 DEBUG n.e.o.t.s.UpdateSvc                 - eqx-ash-cr5:10/1/5 62                                       
2019-02-06 13:52:10,577 DEBUG n.e.o.t.s.UpdateSvc                 - eqx-ash-cr5:10/1/2 62                                       
2019-02-06 13:52:10,579 INFO  n.e.o.t.s.UpdateSvc                 - inserting p: eqx-ash-cr5:10/2/6 to eqx-ash-cr5              
2019-02-06 13:52:10,580 DEBUG n.e.o.t.s.UpdateSvc                 - eqx-ash-cr5:10/1/1 62                                       
2019-02-06 13:52:10,580 DEBUG n.e.o.t.s.UpdateSvc                 - eqx-ash-cr5:10/2/5 62                                       
2019-02-06 13:52:10,580 DEBUG n.e.o.t.s.UpdateSvc                 - eqx-ash-cr5:1/1/1 62                                        
2019-02-06 13:52:10,581 DEBUG n.e.o.t.s.UpdateSvc                 - eqx-ash-cr5:BLANK 62                                        
2019-02-06 13:52:10,581 DEBUG n.e.o.t.s.UpdateSvc                 - eqx-ash-cr5:10/1/6 62                                       
2019-02-06 13:52:10,581 DEBUG n.e.o.t.s.UpdateSvc                 - eqx-ash-cr5:1/2/1 62                                        
2019-02-06 13:52:10,581 DEBUG n.e.o.t.s.UpdateSvc                 - eqx-ash-cr5:10/1/5 62                                       
2019-02-06 13:52:10,581 DEBUG n.e.o.t.s.UpdateSvc                 - eqx-ash-cr5:10/1/2 62                                       
2019-02-06 13:52:10,581 DEBUG n.e.o.t.s.UpdateSvc                 - eqx-ash-cr5:10/2/6 62                                       
2019-02-06 13:52:10,583 INFO  n.e.o.t.s.UpdateSvc                 - inserting p: bois-cr1:xe-0/2/0 to bois-cr1                  
2019-02-06 13:52:10,584 DEBUG n.e.o.t.s.UpdateSvc                 - bois-cr1:xe-0/0/0 39                                        
2019-02-06 13:52:10,585 DEBUG n.e.o.t.s.UpdateSvc                 - bois-cr1:xe-0/2/0 39                                        
2019-02-06 13:52:10,585 DEBUG n.e.o.t.s.UpdateSvc                 - bois-cr1:xe-0/1/0 39                                        
2019-02-06 13:52:10,585 DEBUG n.e.o.t.s.UpdateSvc                 - bois-cr1:xe-7/1/0 39                                        
2019-02-06 13:52:10,585 DEBUG n.e.o.t.s.UpdateSvc                 - bois-cr1:xe-7/3/0 39                                        
2019-02-06 13:52:10,585 DEBUG n.e.o.t.s.UpdateSvc                 - bois-cr1:xe-1/2/0 39                                        
2019-02-06 13:52:10,600 INFO  n.e.o.t.s.UpdateSvc                 - inserting p: pnwg-cr5:2/1/1 to pnwg-cr5                     
2019-02-06 13:52:10,602 DEBUG n.e.o.t.s.UpdateSvc                 - pnwg-cr5:2/1/1 71                                           
2019-02-06 13:52:10,602 DEBUG n.e.o.t.s.UpdateSvc                 - pnwg-cr5:3/1/1 71                                           
2019-02-06 13:52:10,602 DEBUG n.e.o.t.s.UpdateSvc                 - pnwg-cr5:2/2/1 71                                           
2019-02-06 13:52:10,602 DEBUG n.e.o.t.s.UpdateSvc                 - pnwg-cr5:BLANK 71                                           
2019-02-06 13:52:10,602 DEBUG n.e.o.t.s.UpdateSvc                 - pnwg-cr5:1/1/1 71                                           
2019-02-06 13:52:10,605 INFO  n.e.o.t.s.UpdateSvc                 - inserting p: eqx-ash-cr5:10/2/2 to eqx-ash-cr5              
2019-02-06 13:52:10,606 DEBUG n.e.o.t.s.UpdateSvc                 - eqx-ash-cr5:10/1/1 62                                       
2019-02-06 13:52:10,606 DEBUG n.e.o.t.s.UpdateSvc                 - eqx-ash-cr5:10/2/5 62                                       
2019-02-06 13:52:10,606 DEBUG n.e.o.t.s.UpdateSvc                 - eqx-ash-cr5:1/1/1 62                                        
2019-02-06 13:52:10,606 DEBUG n.e.o.t.s.UpdateSvc                 - eqx-ash-cr5:BLANK 62                                        
2019-02-06 13:52:10,606 DEBUG n.e.o.t.s.UpdateSvc                 - eqx-ash-cr5:10/1/6 62                                       
2019-02-06 13:52:10,606 DEBUG n.e.o.t.s.UpdateSvc                 - eqx-ash-cr5:1/2/1 62                                        
2019-02-06 13:52:10,606 DEBUG n.e.o.t.s.UpdateSvc                 - eqx-ash-cr5:10/1/5 62                                       
2019-02-06 13:52:10,606 DEBUG n.e.o.t.s.UpdateSvc                 - eqx-ash-cr5:10/2/2 62                                       
2019-02-06 13:52:10,606 DEBUG n.e.o.t.s.UpdateSvc                 - eqx-ash-cr5:10/1/2 62                                       
2019-02-06 13:52:10,606 DEBUG n.e.o.t.s.UpdateSvc                 - eqx-ash-cr5:10/2/6 62                                       
2019-02-06 13:52:10,608 INFO  n.e.o.t.s.UpdateSvc                 - inserting p: eqx-ash-cr5:2/1/1 to eqx-ash-cr5               
2019-02-06 13:52:10,609 DEBUG n.e.o.t.s.UpdateSvc                 - eqx-ash-cr5:10/1/1 62                                       
2019-02-06 13:52:10,609 DEBUG n.e.o.t.s.UpdateSvc                 - eqx-ash-cr5:10/2/5 62                                       
2019-02-06 13:52:10,609 DEBUG n.e.o.t.s.UpdateSvc                 - eqx-ash-cr5:1/1/1 62                                        
2019-02-06 13:52:10,610 DEBUG n.e.o.t.s.UpdateSvc                 - eqx-ash-cr5:BLANK 62                                        
2019-02-06 13:52:10,610 DEBUG n.e.o.t.s.UpdateSvc                 - eqx-ash-cr5:10/1/6 62                                       
2019-02-06 13:52:10,610 DEBUG n.e.o.t.s.UpdateSvc                 - eqx-ash-cr5:1/2/1 62                                        
2019-02-06 13:52:10,610 DEBUG n.e.o.t.s.UpdateSvc                 - eqx-ash-cr5:10/1/5 62                                       
2019-02-06 13:52:10,610 DEBUG n.e.o.t.s.UpdateSvc                 - eqx-ash-cr5:10/2/2 62                                       
2019-02-06 13:52:10,610 DEBUG n.e.o.t.s.UpdateSvc                 - eqx-ash-cr5:10/1/2 62                                       
2019-02-06 13:52:10,610 DEBUG n.e.o.t.s.UpdateSvc                 - eqx-ash-cr5:10/2/6 62                                       
2019-02-06 13:52:10,610 DEBUG n.e.o.t.s.UpdateSvc                 - eqx-ash-cr5:2/1/1 62                                        
2019-02-06 13:52:10,613 INFO  n.e.o.t.s.UpdateSvc                 - inserting p: ornl-cr5:10/1/1 to ornl-cr5                    
2019-02-06 13:52:10,613 DEBUG n.e.o.t.s.UpdateSvc                 - ornl-cr5:10/1/1 64                                          
2019-02-06 13:52:10,616 INFO  n.e.o.t.s.UpdateSvc                 - inserting p: llnldc-rt4:ge-1/0/0 to llnldc-rt4              
2019-02-06 13:52:10,617 DEBUG n.e.o.t.s.UpdateSvc                 - llnldc-rt4:ge-1/0/0 54                                      
2019-02-06 13:52:10,619 INFO  n.e.o.t.s.UpdateSvc                 - inserting p: ornl-cr5:10/1/2 to ornl-cr5                    
2019-02-06 13:52:10,620 DEBUG n.e.o.t.s.UpdateSvc                 - ornl-cr5:10/1/1 64                                          
2019-02-06 13:52:10,620 DEBUG n.e.o.t.s.UpdateSvc                 - ornl-cr5:10/1/2 64                                          
2019-02-06 13:52:10,622 INFO  n.e.o.t.s.UpdateSvc                 - inserting p: bois-cr1:xe-1/0/0 to bois-cr1                  
2019-02-06 13:52:10,624 DEBUG n.e.o.t.s.UpdateSvc                 - bois-cr1:xe-0/0/0 39                                        
2019-02-06 13:52:10,624 DEBUG n.e.o.t.s.UpdateSvc                 - bois-cr1:xe-0/2/0 39                                        
2019-02-06 13:52:10,624 DEBUG n.e.o.t.s.UpdateSvc                 - bois-cr1:xe-0/1/0 39                                        
2019-02-06 13:52:10,624 DEBUG n.e.o.t.s.UpdateSvc                 - bois-cr1:xe-7/1/0 39                                        
2019-02-06 13:52:10,624 DEBUG n.e.o.t.s.UpdateSvc                 - bois-cr1:xe-7/3/0 39                                        
2019-02-06 13:52:10,624 DEBUG n.e.o.t.s.UpdateSvc                 - bois-cr1:xe-1/2/0 39                                        
2019-02-06 13:52:10,624 DEBUG n.e.o.t.s.UpdateSvc                 - bois-cr1:xe-1/0/0 39                                        
2019-02-06 13:52:10,626 INFO  n.e.o.t.s.UpdateSvc                 - inserting p: ornl-cr5:10/1/3 to ornl-cr5                    
2019-02-06 13:52:10,627 DEBUG n.e.o.t.s.UpdateSvc                 - ornl-cr5:10/1/3 64                                          
2019-02-06 13:52:10,627 DEBUG n.e.o.t.s.UpdateSvc                 - ornl-cr5:10/1/1 64                                          
2019-02-06 13:52:10,627 DEBUG n.e.o.t.s.UpdateSvc                 - ornl-cr5:10/1/2 64                                          
2019-02-06 13:52:10,629 INFO  n.e.o.t.s.UpdateSvc                 - inserting p: lsvn-cr1:xe-2/0/0 to lsvn-cr1                  
2019-02-06 13:52:10,631 DEBUG n.e.o.t.s.UpdateSvc                 - lsvn-cr1:ge-1/0/1 49                                        
2019-02-06 13:52:10,631 DEBUG n.e.o.t.s.UpdateSvc                 - lsvn-cr1:ge-1/0/0 49                                        
2019-02-06 13:52:10,631 DEBUG n.e.o.t.s.UpdateSvc                 - lsvn-cr1:ge-1/1/0 49                                        
2019-02-06 13:52:10,631 DEBUG n.e.o.t.s.UpdateSvc                 - lsvn-cr1:xe-2/1/0 49                                        
2019-02-06 13:52:10,631 DEBUG n.e.o.t.s.UpdateSvc                 - lsvn-cr1:xe-1/2/0 49                                        
2019-02-06 13:52:10,631 DEBUG n.e.o.t.s.UpdateSvc                 - lsvn-cr1:xe-2/0/0 49                                        
2019-02-06 13:52:10,631 DEBUG n.e.o.t.s.UpdateSvc                 - lsvn-cr1:ge-1/1/5 49                                        
2019-02-06 13:52:10,631 DEBUG n.e.o.t.s.UpdateSvc                 - lsvn-cr1:xe-2/2/0 49                                        
2019-02-06 13:52:10,631 DEBUG n.e.o.t.s.UpdateSvc                 - lsvn-cr1:ge-1/1/1 49                                        
2019-02-06 13:52:10,635 INFO  n.e.o.t.s.UpdateSvc                 - inserting p: aofa-cr5:9/1/5 to aofa-cr5                     
2019-02-06 13:52:10,638 DEBUG n.e.o.t.s.UpdateSvc                 - aofa-cr5:4/2/1 69                                           
2019-02-06 13:52:10,638 DEBUG n.e.o.t.s.UpdateSvc                 - aofa-cr5:4/1/1 69                                           
2019-02-06 13:52:10,638 DEBUG n.e.o.t.s.UpdateSvc                 - aofa-cr5:3/1/1 69                                           
2019-02-06 13:52:10,638 DEBUG n.e.o.t.s.UpdateSvc                 - aofa-cr5:10/1/1 69                                          
2019-02-06 13:52:10,638 DEBUG n.e.o.t.s.UpdateSvc                 - aofa-cr5:10/1/9 69                                          
2019-02-06 13:52:10,638 DEBUG n.e.o.t.s.UpdateSvc                 - aofa-cr5:9/1/5 69                                           
2019-02-06 13:52:10,638 DEBUG n.e.o.t.s.UpdateSvc                 - aofa-cr5:5/1/1 69                                           
2019-02-06 13:52:10,638 DEBUG n.e.o.t.s.UpdateSvc                 - aofa-cr5:6/2/1 69                                           
2019-02-06 13:52:10,638 DEBUG n.e.o.t.s.UpdateSvc                 - aofa-cr5:10/1/2 69                                          
2019-02-06 13:52:10,638 DEBUG n.e.o.t.s.UpdateSvc                 - aofa-cr5:10/1/8 69                                          
2019-02-06 13:52:10,643 INFO  n.e.o.t.s.UpdateSvc                 - inserting p: pnwg-cr5:9/1/2 to pnwg-cr5                     
2019-02-06 13:52:10,647 DEBUG n.e.o.t.s.UpdateSvc                 - pnwg-cr5:2/1/1 71                                           
2019-02-06 13:52:10,647 DEBUG n.e.o.t.s.UpdateSvc                 - pnwg-cr5:9/1/2 71                                           
2019-02-06 13:52:10,647 DEBUG n.e.o.t.s.UpdateSvc                 - pnwg-cr5:3/1/1 71                                           
2019-02-06 13:52:10,647 DEBUG n.e.o.t.s.UpdateSvc                 - pnwg-cr5:2/2/1 71                                           
2019-02-06 13:52:10,647 DEBUG n.e.o.t.s.UpdateSvc                 - pnwg-cr5:BLANK 71                                           
2019-02-06 13:52:10,647 DEBUG n.e.o.t.s.UpdateSvc                 - pnwg-cr5:1/1/1 71                                           
2019-02-06 13:52:10,650 INFO  n.e.o.t.s.UpdateSvc                 - inserting p: wash-cr5:4/2/1 to wash-cr5                     
2019-02-06 13:52:10,651 DEBUG n.e.o.t.s.UpdateSvc                 - wash-cr5:10/1/9 36                                          
2019-02-06 13:52:10,651 DEBUG n.e.o.t.s.UpdateSvc                 - wash-cr5:10/1/3 36                                          
2019-02-06 13:52:10,651 DEBUG n.e.o.t.s.UpdateSvc                 - wash-cr5:10/1/5 36                                          
2019-02-06 13:52:10,651 DEBUG n.e.o.t.s.UpdateSvc                 - wash-cr5:6/1/1 36                                           
2019-02-06 13:52:10,651 DEBUG n.e.o.t.s.UpdateSvc                 - wash-cr5:1/1/1 36                                           
2019-02-06 13:52:10,651 DEBUG n.e.o.t.s.UpdateSvc                 - wash-cr5:4/2/1 36                                           
2019-02-06 13:52:10,651 DEBUG n.e.o.t.s.UpdateSvc                 - wash-cr5:10/1/4 36                                          
2019-02-06 13:52:10,651 DEBUG n.e.o.t.s.UpdateSvc                 - wash-cr5:10/1/10 36                                         
2019-02-06 13:52:10,654 INFO  n.e.o.t.s.UpdateSvc                 - inserting p: ameslab-rt3:xe-0/0/0 to ameslab-rt3            
2019-02-06 13:52:10,654 DEBUG n.e.o.t.s.UpdateSvc                 - ameslab-rt3:xe-0/2/0 67                                     
2019-02-06 13:52:10,655 DEBUG n.e.o.t.s.UpdateSvc                 - ameslab-rt3:xe-1/3/0 67                                     
2019-02-06 13:52:10,655 DEBUG n.e.o.t.s.UpdateSvc                 - ameslab-rt3:xe-0/1/0 67                                     
2019-02-06 13:52:10,655 DEBUG n.e.o.t.s.UpdateSvc                 - ameslab-rt3:xe-1/0/0 67                                     
2019-02-06 13:52:10,655 DEBUG n.e.o.t.s.UpdateSvc                 - ameslab-rt3:xe-0/0/0 67                                     
2019-02-06 13:52:10,655 DEBUG n.e.o.t.s.UpdateSvc                 - ameslab-rt3:xe-1/1/0 67                                     
2019-02-06 13:52:10,658 INFO  n.e.o.t.s.UpdateSvc                 - inserting p: snll-mr2:xe-2/2/0 to snll-mr2                  
2019-02-06 13:52:10,659 DEBUG n.e.o.t.s.UpdateSvc                 - snll-mr2:xe-2/2/0 40                                        
2019-02-06 13:52:10,662 INFO  n.e.o.t.s.UpdateSvc                 - inserting p: aofa-cr5:9/1/1 to aofa-cr5                     
2019-02-06 13:52:10,663 DEBUG n.e.o.t.s.UpdateSvc                 - aofa-cr5:4/2/1 69                                           
2019-02-06 13:52:10,663 DEBUG n.e.o.t.s.UpdateSvc                 - aofa-cr5:4/1/1 69                                           
2019-02-06 13:52:10,663 DEBUG n.e.o.t.s.UpdateSvc                 - aofa-cr5:3/1/1 69                                           
2019-02-06 13:52:10,663 DEBUG n.e.o.t.s.UpdateSvc                 - aofa-cr5:10/1/1 69                                          
2019-02-06 13:52:10,663 DEBUG n.e.o.t.s.UpdateSvc                 - aofa-cr5:10/1/9 69                                          
2019-02-06 13:52:10,663 DEBUG n.e.o.t.s.UpdateSvc                 - aofa-cr5:9/1/5 69                                           
2019-02-06 13:52:10,663 DEBUG n.e.o.t.s.UpdateSvc                 - aofa-cr5:5/1/1 69                                           
2019-02-06 13:52:10,663 DEBUG n.e.o.t.s.UpdateSvc                 - aofa-cr5:6/2/1 69                                           
2019-02-06 13:52:10,663 DEBUG n.e.o.t.s.UpdateSvc                 - aofa-cr5:9/1/1 69                                           
2019-02-06 13:52:10,663 DEBUG n.e.o.t.s.UpdateSvc                 - aofa-cr5:10/1/2 69                                          
2019-02-06 13:52:10,663 DEBUG n.e.o.t.s.UpdateSvc                 - aofa-cr5:10/1/8 69                                          
2019-02-06 13:52:10,667 INFO  n.e.o.t.s.UpdateSvc                 - inserting p: anl-mr2:xe-0/1/0 to anl-mr2                    
2019-02-06 13:52:10,668 DEBUG n.e.o.t.s.UpdateSvc                 - anl-mr2:xe-2/3/0 53                                         
2019-02-06 13:52:10,668 DEBUG n.e.o.t.s.UpdateSvc                 - anl-mr2:ae0 53                                              
2019-02-06 13:52:10,668 DEBUG n.e.o.t.s.UpdateSvc                 - anl-mr2:xe-0/1/0 53                                         
2019-02-06 13:52:10,670 INFO  n.e.o.t.s.UpdateSvc                 - inserting p: chic-cr5:10/1/3 to chic-cr5                    
2019-02-06 13:52:10,671 DEBUG n.e.o.t.s.UpdateSvc                 - chic-cr5:6/1/1 55                                           
2019-02-06 13:52:10,671 DEBUG n.e.o.t.s.UpdateSvc                 - chic-cr5:7/1/1 55                                           
2019-02-06 13:52:10,671 DEBUG n.e.o.t.s.UpdateSvc                 - chic-cr5:8/1/1 55                                           
2019-02-06 13:52:10,671 DEBUG n.e.o.t.s.UpdateSvc                 - chic-cr5:7/2/1 55                                           
2019-02-06 13:52:10,671 DEBUG n.e.o.t.s.UpdateSvc                 - chic-cr5:10/1/3 55                                          
2019-02-06 13:52:10,671 DEBUG n.e.o.t.s.UpdateSvc                 - chic-cr5:BLANK 55                                           
2019-02-06 13:52:10,671 DEBUG n.e.o.t.s.UpdateSvc                 - chic-cr5:6/2/1 55                                           
2019-02-06 13:52:10,672 DEBUG n.e.o.t.s.UpdateSvc                 - chic-cr5:1/1/1 55                                           
2019-02-06 13:52:10,674 INFO  n.e.o.t.s.UpdateSvc                 - inserting p: doe-gtn-rt2:ge-0/0/0 to doe-gtn-rt2            
2019-02-06 13:52:10,674 DEBUG n.e.o.t.s.UpdateSvc                 - doe-gtn-rt2:ge-0/0/0 33                                     
2019-02-06 13:52:10,676 INFO  n.e.o.t.s.UpdateSvc                 - inserting p: ornl-cr5:6/1/1 to ornl-cr5                     
2019-02-06 13:52:10,677 DEBUG n.e.o.t.s.UpdateSvc                 - ornl-cr5:10/1/3 64                                          
2019-02-06 13:52:10,677 DEBUG n.e.o.t.s.UpdateSvc                 - ornl-cr5:10/1/1 64                                          
2019-02-06 13:52:10,677 DEBUG n.e.o.t.s.UpdateSvc                 - ornl-cr5:6/1/1 64                                           
2019-02-06 13:52:10,677 DEBUG n.e.o.t.s.UpdateSvc                 - ornl-cr5:10/1/2 64                                          
2019-02-06 13:52:10,679 INFO  n.e.o.t.s.UpdateSvc                 - inserting p: chic-cr5:10/1/1 to chic-cr5                    
2019-02-06 13:52:10,680 DEBUG n.e.o.t.s.UpdateSvc                 - chic-cr5:6/1/1 55                                           
2019-02-06 13:52:10,680 DEBUG n.e.o.t.s.UpdateSvc                 - chic-cr5:7/1/1 55                                           
2019-02-06 13:52:10,680 DEBUG n.e.o.t.s.UpdateSvc                 - chic-cr5:8/1/1 55                                           
2019-02-06 13:52:10,680 DEBUG n.e.o.t.s.UpdateSvc                 - chic-cr5:7/2/1 55                                           
2019-02-06 13:52:10,680 DEBUG n.e.o.t.s.UpdateSvc                 - chic-cr5:10/1/3 55                                          
2019-02-06 13:52:10,680 DEBUG n.e.o.t.s.UpdateSvc                 - chic-cr5:10/1/1 55                                          
2019-02-06 13:52:10,680 DEBUG n.e.o.t.s.UpdateSvc                 - chic-cr5:BLANK 55                                           
2019-02-06 13:52:10,680 DEBUG n.e.o.t.s.UpdateSvc                 - chic-cr5:6/2/1 55                                           
2019-02-06 13:52:10,680 DEBUG n.e.o.t.s.UpdateSvc                 - chic-cr5:1/1/1 55                                           
2019-02-06 13:52:10,682 INFO  n.e.o.t.s.UpdateSvc                 - inserting p: doe-gtn-rt2:ge-0/0/3 to doe-gtn-rt2            
2019-02-06 13:52:10,683 DEBUG n.e.o.t.s.UpdateSvc                 - doe-gtn-rt2:ge-0/0/3 33                                     
2019-02-06 13:52:10,684 DEBUG n.e.o.t.s.UpdateSvc                 - doe-gtn-rt2:ge-0/0/0 33                                     
2019-02-06 13:52:10,686 INFO  n.e.o.t.s.UpdateSvc                 - inserting p: chic-cr5:10/1/7 to chic-cr5                    
2019-02-06 13:52:10,687 DEBUG n.e.o.t.s.UpdateSvc                 - chic-cr5:6/1/1 55                                           
2019-02-06 13:52:10,687 DEBUG n.e.o.t.s.UpdateSvc                 - chic-cr5:7/1/1 55                                           
2019-02-06 13:52:10,687 DEBUG n.e.o.t.s.UpdateSvc                 - chic-cr5:10/1/7 55                                          
2019-02-06 13:52:10,687 DEBUG n.e.o.t.s.UpdateSvc                 - chic-cr5:8/1/1 55                                           
2019-02-06 13:52:10,687 DEBUG n.e.o.t.s.UpdateSvc                 - chic-cr5:7/2/1 55                                           
2019-02-06 13:52:10,687 DEBUG n.e.o.t.s.UpdateSvc                 - chic-cr5:10/1/3 55                                          
2019-02-06 13:52:10,687 DEBUG n.e.o.t.s.UpdateSvc                 - chic-cr5:10/1/1 55                                          
2019-02-06 13:52:10,687 DEBUG n.e.o.t.s.UpdateSvc                 - chic-cr5:BLANK 55                                           
2019-02-06 13:52:10,687 DEBUG n.e.o.t.s.UpdateSvc                 - chic-cr5:6/2/1 55                                           
2019-02-06 13:52:10,687 DEBUG n.e.o.t.s.UpdateSvc                 - chic-cr5:1/1/1 55                                           
2019-02-06 13:52:10,689 INFO  n.e.o.t.s.UpdateSvc                 - inserting p: pantex-rt4:ge-0/1/0 to pantex-rt4              
2019-02-06 13:52:10,689 DEBUG n.e.o.t.s.UpdateSvc                 - pantex-rt4:ge-0/1/0 66                                      
2019-02-06 13:52:10,691 INFO  n.e.o.t.s.UpdateSvc                 - inserting p: chic-cr5:10/1/5 to chic-cr5                    
2019-02-06 13:52:10,692 DEBUG n.e.o.t.s.UpdateSvc                 - chic-cr5:6/1/1 55                                           
2019-02-06 13:52:10,692 DEBUG n.e.o.t.s.UpdateSvc                 - chic-cr5:7/1/1 55                                           
2019-02-06 13:52:10,692 DEBUG n.e.o.t.s.UpdateSvc                 - chic-cr5:10/1/7 55                                          
2019-02-06 13:52:10,692 DEBUG n.e.o.t.s.UpdateSvc                 - chic-cr5:8/1/1 55                                           
2019-02-06 13:52:10,692 DEBUG n.e.o.t.s.UpdateSvc                 - chic-cr5:7/2/1 55                                           
2019-02-06 13:52:10,692 DEBUG n.e.o.t.s.UpdateSvc                 - chic-cr5:10/1/3 55                                          
2019-02-06 13:52:10,692 DEBUG n.e.o.t.s.UpdateSvc                 - chic-cr5:10/1/1 55                                          
2019-02-06 13:52:10,692 DEBUG n.e.o.t.s.UpdateSvc                 - chic-cr5:BLANK 55                                           
2019-02-06 13:52:10,692 DEBUG n.e.o.t.s.UpdateSvc                 - chic-cr5:6/2/1 55                                           
2019-02-06 13:52:10,692 DEBUG n.e.o.t.s.UpdateSvc                 - chic-cr5:10/1/5 55                                          
2019-02-06 13:52:10,692 DEBUG n.e.o.t.s.UpdateSvc                 - chic-cr5:1/1/1 55                                           
2019-02-06 13:52:10,694 INFO  n.e.o.t.s.UpdateSvc                 - inserting p: chic-cr5:10/1/4 to chic-cr5                    
2019-02-06 13:52:10,694 DEBUG n.e.o.t.s.UpdateSvc                 - chic-cr5:6/1/1 55                                           
2019-02-06 13:52:10,695 DEBUG n.e.o.t.s.UpdateSvc                 - chic-cr5:7/1/1 55                                           
2019-02-06 13:52:10,695 DEBUG n.e.o.t.s.UpdateSvc                 - chic-cr5:10/1/7 55                                          
2019-02-06 13:52:10,695 DEBUG n.e.o.t.s.UpdateSvc                 - chic-cr5:8/1/1 55                                           
2019-02-06 13:52:10,695 DEBUG n.e.o.t.s.UpdateSvc                 - chic-cr5:7/2/1 55                                           
2019-02-06 13:52:10,695 DEBUG n.e.o.t.s.UpdateSvc                 - chic-cr5:10/1/3 55                                          
2019-02-06 13:52:10,695 DEBUG n.e.o.t.s.UpdateSvc                 - chic-cr5:10/1/1 55                                          
2019-02-06 13:52:10,695 DEBUG n.e.o.t.s.UpdateSvc                 - chic-cr5:BLANK 55                                           
2019-02-06 13:52:10,695 DEBUG n.e.o.t.s.UpdateSvc                 - chic-cr5:10/1/4 55                                          
2019-02-06 13:52:10,695 DEBUG n.e.o.t.s.UpdateSvc                 - chic-cr5:6/2/1 55                                           
2019-02-06 13:52:10,695 DEBUG n.e.o.t.s.UpdateSvc                 - chic-cr5:10/1/5 55                                          
2019-02-06 13:52:10,695 DEBUG n.e.o.t.s.UpdateSvc                 - chic-cr5:1/1/1 55                                           
2019-02-06 13:52:10,710 INFO  n.e.o.t.s.UpdateSvc                 - inserting p: llnl-mr2:xe-0/1/0 to llnl-mr2                  
2019-02-06 13:52:10,711 DEBUG n.e.o.t.s.UpdateSvc                 - llnl-mr2:xe-2/0/0 52                                        
2019-02-06 13:52:10,711 DEBUG n.e.o.t.s.UpdateSvc                 - llnl-mr2:xe-1/3/0 52                                        
2019-02-06 13:52:10,711 DEBUG n.e.o.t.s.UpdateSvc                 - llnl-mr2:xe-2/1/0 52                                        
2019-02-06 13:52:10,711 DEBUG n.e.o.t.s.UpdateSvc                 - llnl-mr2:ge-3/0/1 52                                        
2019-02-06 13:52:10,711 DEBUG n.e.o.t.s.UpdateSvc                 - llnl-mr2:xe-3/2/0 52                                        
2019-02-06 13:52:10,711 DEBUG n.e.o.t.s.UpdateSvc                 - llnl-mr2:ge-3/0/0 52                                        
2019-02-06 13:52:10,711 DEBUG n.e.o.t.s.UpdateSvc                 - llnl-mr2:xe-0/1/0 52                                        
2019-02-06 13:52:10,712 DEBUG n.e.o.t.s.UpdateSvc                 - llnl-mr2:xe-2/2/0 52                                        
2019-02-06 13:52:10,715 INFO  n.e.o.t.s.UpdateSvc                 - inserting p: cern-773-cr5:1/1/1 to cern-773-cr5             
2019-02-06 13:52:10,715 DEBUG n.e.o.t.s.UpdateSvc                 - cern-773-cr5:10/1/2 44                                      
2019-02-06 13:52:10,715 DEBUG n.e.o.t.s.UpdateSvc                 - cern-773-cr5:10/1/1 44                                      
2019-02-06 13:52:10,715 DEBUG n.e.o.t.s.UpdateSvc                 - cern-773-cr5:10/1/3 44                                      
2019-02-06 13:52:10,715 DEBUG n.e.o.t.s.UpdateSvc                 - cern-773-cr5:BLANK 44                                       
2019-02-06 13:52:10,715 DEBUG n.e.o.t.s.UpdateSvc                 - cern-773-cr5:1/1/1 44                                       
2019-02-06 13:52:10,718 INFO  n.e.o.t.s.UpdateSvc                 - inserting p: cern-513-cr5:5/1/1 to cern-513-cr5             
2019-02-06 13:52:10,719 DEBUG n.e.o.t.s.UpdateSvc                 - cern-513-cr5:2/1/1 34                                       
2019-02-06 13:52:10,719 DEBUG n.e.o.t.s.UpdateSvc                 - cern-513-cr5:1/1/1 34                                       
2019-02-06 13:52:10,719 DEBUG n.e.o.t.s.UpdateSvc                 - cern-513-cr5:5/1/1 34                                       
2019-02-06 13:52:10,719 DEBUG n.e.o.t.s.UpdateSvc                 - cern-513-cr5:1/2/1 34                                       
2019-02-06 13:52:10,719 DEBUG n.e.o.t.s.UpdateSvc                 - cern-513-cr5:BLANK 34                                       
2019-02-06 13:52:10,722 INFO  n.e.o.t.s.UpdateSvc                 - inserting p: nash-cr5:1/2/1 to nash-cr5                     
2019-02-06 13:52:10,723 DEBUG n.e.o.t.s.UpdateSvc                 - nash-cr5:10/1/5 45                                          
2019-02-06 13:52:10,724 DEBUG n.e.o.t.s.UpdateSvc                 - nash-cr5:1/2/1 45                                           
2019-02-06 13:52:10,724 DEBUG n.e.o.t.s.UpdateSvc                 - nash-cr5:10/1/6 45                                          
2019-02-06 13:52:10,724 DEBUG n.e.o.t.s.UpdateSvc                 - nash-cr5:10/1/3 45                                          
2019-02-06 13:52:10,724 DEBUG n.e.o.t.s.UpdateSvc                 - nash-cr5:10/1/4 45                                          
2019-02-06 13:52:10,727 INFO  n.e.o.t.s.UpdateSvc                 - inserting p: lond-cr5:2/2/1 to lond-cr5                     
2019-02-06 13:52:10,727 DEBUG n.e.o.t.s.UpdateSvc                 - lond-cr5:5/1/1 57                                           
2019-02-06 13:52:10,727 DEBUG n.e.o.t.s.UpdateSvc                 - lond-cr5:2/2/1 57                                           
2019-02-06 13:52:10,730 INFO  n.e.o.t.s.UpdateSvc                 - inserting p: snla-rt3:ge-1/0/2 to snla-rt3                  
2019-02-06 13:52:10,731 DEBUG n.e.o.t.s.UpdateSvc                 - snla-rt3:ge-1/0/2 48                                        
2019-02-06 13:52:10,734 INFO  n.e.o.t.s.UpdateSvc                 - inserting p: hous-cr5:3/1/1 to hous-cr5                     
2019-02-06 13:52:10,734 DEBUG n.e.o.t.s.UpdateSvc                 - hous-cr5:10/1/4 68                                          
2019-02-06 13:52:10,734 DEBUG n.e.o.t.s.UpdateSvc                 - hous-cr5:3/1/1 68                                           
2019-02-06 13:52:10,734 DEBUG n.e.o.t.s.UpdateSvc                 - hous-cr5:10/1/3 68                                          
2019-02-06 13:52:10,735 DEBUG n.e.o.t.s.UpdateSvc                 - hous-cr5:1/1/1 68                                           
2019-02-06 13:52:10,738 INFO  n.e.o.t.s.UpdateSvc                 - inserting p: pantex-rt4:ge-0/0/2 to pantex-rt4              
2019-02-06 13:52:10,739 DEBUG n.e.o.t.s.UpdateSvc                 - pantex-rt4:ge-0/1/0 66                                      
2019-02-06 13:52:10,739 DEBUG n.e.o.t.s.UpdateSvc                 - pantex-rt4:ge-0/0/2 66                                      
2019-02-06 13:52:10,742 INFO  n.e.o.t.s.UpdateSvc                 - inserting p: wash-cr5:4/1/1 to wash-cr5                     
2019-02-06 13:52:10,743 DEBUG n.e.o.t.s.UpdateSvc                 - wash-cr5:10/1/9 36                                          
2019-02-06 13:52:10,743 DEBUG n.e.o.t.s.UpdateSvc                 - wash-cr5:10/1/3 36                                          
2019-02-06 13:52:10,743 DEBUG n.e.o.t.s.UpdateSvc                 - wash-cr5:4/1/1 36                                           
2019-02-06 13:52:10,743 DEBUG n.e.o.t.s.UpdateSvc                 - wash-cr5:10/1/5 36                                          
2019-02-06 13:52:10,743 DEBUG n.e.o.t.s.UpdateSvc                 - wash-cr5:6/1/1 36                                           
2019-02-06 13:52:10,743 DEBUG n.e.o.t.s.UpdateSvc                 - wash-cr5:1/1/1 36                                           
2019-02-06 13:52:10,743 DEBUG n.e.o.t.s.UpdateSvc                 - wash-cr5:4/2/1 36                                           
2019-02-06 13:52:10,743 DEBUG n.e.o.t.s.UpdateSvc                 - wash-cr5:10/1/4 36                                          
2019-02-06 13:52:10,743 DEBUG n.e.o.t.s.UpdateSvc                 - wash-cr5:10/1/10 36                                         
2019-02-06 13:52:10,746 INFO  n.e.o.t.s.UpdateSvc                 - inserting p: fnal-mr2:xe-0/0/0 to fnal-mr2                  
2019-02-06 13:52:10,747 DEBUG n.e.o.t.s.UpdateSvc                 - fnal-mr2:xe-0/0/0 65                                        
2019-02-06 13:52:10,748 DEBUG n.e.o.t.s.UpdateSvc                 - fnal-mr2:xe-1/3/0 65                                        
2019-02-06 13:52:10,751 INFO  n.e.o.t.s.UpdateSvc                 - inserting p: snll-mr2:xe-2/3/0 to snll-mr2                  
2019-02-06 13:52:10,752 DEBUG n.e.o.t.s.UpdateSvc                 - snll-mr2:xe-2/2/0 40                                        
2019-02-06 13:52:10,752 DEBUG n.e.o.t.s.UpdateSvc                 - snll-mr2:xe-2/3/0 40                                        
2019-02-06 13:52:10,756 INFO  n.e.o.t.s.UpdateSvc                 - inserting p: doe-gtn-rt2:ge-0/1/3 to doe-gtn-rt2            
2019-02-06 13:52:10,757 DEBUG n.e.o.t.s.UpdateSvc                 - doe-gtn-rt2:ge-0/0/3 33                                     
2019-02-06 13:52:10,757 DEBUG n.e.o.t.s.UpdateSvc                 - doe-gtn-rt2:ge-0/1/3 33                                     
2019-02-06 13:52:10,757 DEBUG n.e.o.t.s.UpdateSvc                 - doe-gtn-rt2:ge-0/0/0 33                                     
2019-02-06 13:52:10,760 INFO  n.e.o.t.s.UpdateSvc                 - inserting p: doe-gtn-rt2:ge-0/1/0 to doe-gtn-rt2            
2019-02-06 13:52:10,760 DEBUG n.e.o.t.s.UpdateSvc                 - doe-gtn-rt2:ge-0/0/3 33                                     
2019-02-06 13:52:10,760 DEBUG n.e.o.t.s.UpdateSvc                 - doe-gtn-rt2:ge-0/1/3 33                                     
2019-02-06 13:52:10,760 DEBUG n.e.o.t.s.UpdateSvc                 - doe-gtn-rt2:ge-0/0/0 33                                     
2019-02-06 13:52:10,760 DEBUG n.e.o.t.s.UpdateSvc                 - doe-gtn-rt2:ge-0/1/0 33                                     
2019-02-06 13:52:10,763 INFO  n.e.o.t.s.UpdateSvc                 - inserting p: jgi-mr2:xe-1/3/0 to jgi-mr2                    
2019-02-06 13:52:10,764 DEBUG n.e.o.t.s.UpdateSvc                 - jgi-mr2:xe-1/3/0 61                                         
2019-02-06 13:52:10,767 INFO  n.e.o.t.s.UpdateSvc                 - inserting p: elpa-cr5:1/1/1 to elpa-cr5                     
2019-02-06 13:52:10,768 DEBUG n.e.o.t.s.UpdateSvc                 - elpa-cr5:10/1/3 46                                          
2019-02-06 13:52:10,768 DEBUG n.e.o.t.s.UpdateSvc                 - elpa-cr5:10/1/4 46                                          
2019-02-06 13:52:10,768 DEBUG n.e.o.t.s.UpdateSvc                 - elpa-cr5:10/1/5 46                                          
2019-02-06 13:52:10,768 DEBUG n.e.o.t.s.UpdateSvc                 - elpa-cr5:1/1/1 46                                           
2019-02-06 13:52:10,771 INFO  n.e.o.t.s.UpdateSvc                 - inserting p: aofa-cr5:2/1/1 to aofa-cr5                     
2019-02-06 13:52:10,772 DEBUG n.e.o.t.s.UpdateSvc                 - aofa-cr5:4/2/1 69                                           
2019-02-06 13:52:10,772 DEBUG n.e.o.t.s.UpdateSvc                 - aofa-cr5:4/1/1 69                                           
2019-02-06 13:52:10,772 DEBUG n.e.o.t.s.UpdateSvc                 - aofa-cr5:3/1/1 69                                           
2019-02-06 13:52:10,772 DEBUG n.e.o.t.s.UpdateSvc                 - aofa-cr5:10/1/1 69                                          
2019-02-06 13:52:10,772 DEBUG n.e.o.t.s.UpdateSvc                 - aofa-cr5:10/1/9 69                                          
2019-02-06 13:52:10,772 DEBUG n.e.o.t.s.UpdateSvc                 - aofa-cr5:9/1/5 69                                           
2019-02-06 13:52:10,772 DEBUG n.e.o.t.s.UpdateSvc                 - aofa-cr5:5/1/1 69                                           
2019-02-06 13:52:10,772 DEBUG n.e.o.t.s.UpdateSvc                 - aofa-cr5:6/2/1 69                                           
2019-02-06 13:52:10,772 DEBUG n.e.o.t.s.UpdateSvc                 - aofa-cr5:9/1/1 69                                           
2019-02-06 13:52:10,772 DEBUG n.e.o.t.s.UpdateSvc                 - aofa-cr5:10/1/2 69                                          
2019-02-06 13:52:10,772 DEBUG n.e.o.t.s.UpdateSvc                 - aofa-cr5:10/1/8 69                                          
2019-02-06 13:52:10,772 DEBUG n.e.o.t.s.UpdateSvc                 - aofa-cr5:2/1/1 69                                           
2019-02-06 13:52:10,775 INFO  n.e.o.t.s.UpdateSvc                 - inserting p: pantex-rt4:ge-0/0/0 to pantex-rt4              
2019-02-06 13:52:10,776 DEBUG n.e.o.t.s.UpdateSvc                 - pantex-rt4:ge-0/1/0 66                                      
2019-02-06 13:52:10,776 DEBUG n.e.o.t.s.UpdateSvc                 - pantex-rt4:ge-0/0/2 66                                      
2019-02-06 13:52:10,776 DEBUG n.e.o.t.s.UpdateSvc                 - pantex-rt4:ge-0/0/0 66                                      
2019-02-06 13:52:10,778 INFO  n.e.o.t.s.UpdateSvc                 - inserting p: pantex-rt4:ge-0/0/1 to pantex-rt4              
2019-02-06 13:52:10,780 DEBUG n.e.o.t.s.UpdateSvc                 - pantex-rt4:ge-0/0/1 66                                      
2019-02-06 13:52:10,780 DEBUG n.e.o.t.s.UpdateSvc                 - pantex-rt4:ge-0/1/0 66                                      
2019-02-06 13:52:10,780 DEBUG n.e.o.t.s.UpdateSvc                 - pantex-rt4:ge-0/0/2 66                                      
2019-02-06 13:52:10,780 DEBUG n.e.o.t.s.UpdateSvc                 - pantex-rt4:ge-0/0/0 66                                      
2019-02-06 13:52:10,782 INFO  n.e.o.t.s.UpdateSvc                 - inserting p: sunn-cr5:4/1/1 to sunn-cr5                     
2019-02-06 13:52:10,783 DEBUG n.e.o.t.s.UpdateSvc                 - sunn-cr5:10/1/6 50                                          
2019-02-06 13:52:10,784 DEBUG n.e.o.t.s.UpdateSvc                 - sunn-cr5:10/1/5 50                                          
2019-02-06 13:52:10,784 DEBUG n.e.o.t.s.UpdateSvc                 - sunn-cr5:10/2/4 50                                          
2019-02-06 13:52:10,784 DEBUG n.e.o.t.s.UpdateSvc                 - sunn-cr5:10/2/3 50                                          
2019-02-06 13:52:10,784 DEBUG n.e.o.t.s.UpdateSvc                 - sunn-cr5:10/2/6 50                                          
2019-02-06 13:52:10,784 DEBUG n.e.o.t.s.UpdateSvc                 - sunn-cr5:7/1/1 50                                           
2019-02-06 13:52:10,784 DEBUG n.e.o.t.s.UpdateSvc                 - sunn-cr5:4/1/1 50                                           
2019-02-06 13:52:10,784 DEBUG n.e.o.t.s.UpdateSvc                 - sunn-cr5:10/2/1 50                                          
2019-02-06 13:52:10,784 DEBUG n.e.o.t.s.UpdateSvc                 - sunn-cr5:10/2/5 50                                          
2019-02-06 13:52:10,784 DEBUG n.e.o.t.s.UpdateSvc                 - sunn-cr5:5/1/1 50                                           
2019-02-06 13:52:10,784 DEBUG n.e.o.t.s.UpdateSvc                 - sunn-cr5:10/1/1 50                                          
2019-02-06 13:52:10,784 DEBUG n.e.o.t.s.UpdateSvc                 - sunn-cr5:10/1/3 50                                          
2019-02-06 13:52:10,784 DEBUG n.e.o.t.s.UpdateSvc                 - sunn-cr5:8/1/1 50                                           
2019-02-06 13:52:10,784 DEBUG n.e.o.t.s.UpdateSvc                 - sunn-cr5:5/2/1 50                                           
2019-02-06 13:52:10,784 DEBUG n.e.o.t.s.UpdateSvc                 - sunn-cr5:10/1/4 50                                          
2019-02-06 13:52:10,784 DEBUG n.e.o.t.s.UpdateSvc                 - sunn-cr5:10/1/2 50                                          
2019-02-06 13:52:10,784 DEBUG n.e.o.t.s.UpdateSvc                 - sunn-cr5:7/2/1 50                                           
2019-02-06 13:52:10,784 DEBUG n.e.o.t.s.UpdateSvc                 - sunn-cr5:10/2/2 50                                          
2019-02-06 13:52:10,786 INFO  n.e.o.t.s.UpdateSvc                 - inserting p: denv-cr5:10/1/12 to denv-cr5                   
2019-02-06 13:52:10,786 DEBUG n.e.o.t.s.UpdateSvc                 - denv-cr5:10/1/7 75                                          
2019-02-06 13:52:10,787 DEBUG n.e.o.t.s.UpdateSvc                 - denv-cr5:4/2/1 75                                           
2019-02-06 13:52:10,787 DEBUG n.e.o.t.s.UpdateSvc                 - denv-cr5:4/1/1 75                                           
2019-02-06 13:52:10,787 DEBUG n.e.o.t.s.UpdateSvc                 - denv-cr5:10/1/5 75                                          
2019-02-06 13:52:10,787 DEBUG n.e.o.t.s.UpdateSvc                 - denv-cr5:10/1/3 75                                          
2019-02-06 13:52:10,787 DEBUG n.e.o.t.s.UpdateSvc                 - denv-cr5:10/1/4 75                                          
2019-02-06 13:52:10,787 DEBUG n.e.o.t.s.UpdateSvc                 - denv-cr5:10/1/12 75                                         
2019-02-06 13:52:10,787 DEBUG n.e.o.t.s.UpdateSvc                 - denv-cr5:10/1/6 75                                          
2019-02-06 13:52:10,789 INFO  n.e.o.t.s.UpdateSvc                 - inserting p: nash-cr5:1/1/1 to nash-cr5                     
2019-02-06 13:52:10,789 DEBUG n.e.o.t.s.UpdateSvc                 - nash-cr5:10/1/5 45                                          
2019-02-06 13:52:10,789 DEBUG n.e.o.t.s.UpdateSvc                 - nash-cr5:1/2/1 45                                           
2019-02-06 13:52:10,789 DEBUG n.e.o.t.s.UpdateSvc                 - nash-cr5:10/1/6 45                                          
2019-02-06 13:52:10,789 DEBUG n.e.o.t.s.UpdateSvc                 - nash-cr5:10/1/3 45                                          
2019-02-06 13:52:10,789 DEBUG n.e.o.t.s.UpdateSvc                 - nash-cr5:1/1/1 45                                           
2019-02-06 13:52:10,789 DEBUG n.e.o.t.s.UpdateSvc                 - nash-cr5:10/1/4 45                                          
2019-02-06 13:52:10,791 INFO  n.e.o.t.s.UpdateSvc                 - inserting p: denv-cr5:10/1/11 to denv-cr5                   
2019-02-06 13:52:10,792 DEBUG n.e.o.t.s.UpdateSvc                 - denv-cr5:10/1/7 75                                          
2019-02-06 13:52:10,792 DEBUG n.e.o.t.s.UpdateSvc                 - denv-cr5:4/2/1 75                                           
2019-02-06 13:52:10,792 DEBUG n.e.o.t.s.UpdateSvc                 - denv-cr5:10/1/11 75                                         
2019-02-06 13:52:10,792 DEBUG n.e.o.t.s.UpdateSvc                 - denv-cr5:4/1/1 75                                           
2019-02-06 13:52:10,792 DEBUG n.e.o.t.s.UpdateSvc                 - denv-cr5:10/1/5 75                                          
2019-02-06 13:52:10,792 DEBUG n.e.o.t.s.UpdateSvc                 - denv-cr5:10/1/3 75                                          
2019-02-06 13:52:10,792 DEBUG n.e.o.t.s.UpdateSvc                 - denv-cr5:10/1/4 75                                          
2019-02-06 13:52:10,792 DEBUG n.e.o.t.s.UpdateSvc                 - denv-cr5:10/1/12 75                                         
2019-02-06 13:52:10,792 DEBUG n.e.o.t.s.UpdateSvc                 - denv-cr5:10/1/6 75                                          
2019-02-06 13:52:10,795 INFO  n.e.o.t.s.UpdateSvc                 - inserting p: lond-cr5:2/1/1 to lond-cr5                     
2019-02-06 13:52:10,795 DEBUG n.e.o.t.s.UpdateSvc                 - lond-cr5:5/1/1 57                                           
2019-02-06 13:52:10,795 DEBUG n.e.o.t.s.UpdateSvc                 - lond-cr5:2/2/1 57                                           
2019-02-06 13:52:10,795 DEBUG n.e.o.t.s.UpdateSvc                 - lond-cr5:2/1/1 57                                           
2019-02-06 13:52:10,797 INFO  n.e.o.t.s.UpdateSvc                 - inserting p: denv-cr5:10/1/10 to denv-cr5                   
2019-02-06 13:52:10,798 DEBUG n.e.o.t.s.UpdateSvc                 - denv-cr5:10/1/7 75                                          
2019-02-06 13:52:10,798 DEBUG n.e.o.t.s.UpdateSvc                 - denv-cr5:4/2/1 75                                           
2019-02-06 13:52:10,798 DEBUG n.e.o.t.s.UpdateSvc                 - denv-cr5:10/1/11 75                                         
2019-02-06 13:52:10,798 DEBUG n.e.o.t.s.UpdateSvc                 - denv-cr5:4/1/1 75                                           
2019-02-06 13:52:10,798 DEBUG n.e.o.t.s.UpdateSvc                 - denv-cr5:10/1/5 75                                          
2019-02-06 13:52:10,798 DEBUG n.e.o.t.s.UpdateSvc                 - denv-cr5:10/1/10 75                                         
2019-02-06 13:52:10,798 DEBUG n.e.o.t.s.UpdateSvc                 - denv-cr5:10/1/3 75                                          
2019-02-06 13:52:10,798 DEBUG n.e.o.t.s.UpdateSvc                 - denv-cr5:10/1/4 75                                          
2019-02-06 13:52:10,798 DEBUG n.e.o.t.s.UpdateSvc                 - denv-cr5:10/1/12 75                                         
2019-02-06 13:52:10,798 DEBUG n.e.o.t.s.UpdateSvc                 - denv-cr5:10/1/6 75                                          
2019-02-06 13:52:10,801 INFO  n.e.o.t.s.UpdateSvc                 - inserting p: cern-513-cr5:4/1/1 to cern-513-cr5             
2019-02-06 13:52:10,801 DEBUG n.e.o.t.s.UpdateSvc                 - cern-513-cr5:2/1/1 34                                       
2019-02-06 13:52:10,802 DEBUG n.e.o.t.s.UpdateSvc                 - cern-513-cr5:1/1/1 34                                       
2019-02-06 13:52:10,802 DEBUG n.e.o.t.s.UpdateSvc                 - cern-513-cr5:5/1/1 34                                       
2019-02-06 13:52:10,802 DEBUG n.e.o.t.s.UpdateSvc                 - cern-513-cr5:1/2/1 34                                       
2019-02-06 13:52:10,802 DEBUG n.e.o.t.s.UpdateSvc                 - cern-513-cr5:BLANK 34                                       
2019-02-06 13:52:10,802 DEBUG n.e.o.t.s.UpdateSvc                 - cern-513-cr5:4/1/1 34                                       
2019-02-06 13:52:10,804 INFO  n.e.o.t.s.UpdateSvc                 - inserting p: chic-cr5:3/1/1 to chic-cr5                     
2019-02-06 13:52:10,804 DEBUG n.e.o.t.s.UpdateSvc                 - chic-cr5:6/1/1 55                                           
2019-02-06 13:52:10,804 DEBUG n.e.o.t.s.UpdateSvc                 - chic-cr5:7/1/1 55                                           
2019-02-06 13:52:10,804 DEBUG n.e.o.t.s.UpdateSvc                 - chic-cr5:8/1/1 55                                           
2019-02-06 13:52:10,804 DEBUG n.e.o.t.s.UpdateSvc                 - chic-cr5:10/1/3 55                                          
2019-02-06 13:52:10,804 DEBUG n.e.o.t.s.UpdateSvc                 - chic-cr5:10/1/1 55                                          
2019-02-06 13:52:10,805 DEBUG n.e.o.t.s.UpdateSvc                 - chic-cr5:BLANK 55                                           
2019-02-06 13:52:10,805 DEBUG n.e.o.t.s.UpdateSvc                 - chic-cr5:10/1/5 55                                          
2019-02-06 13:52:10,805 DEBUG n.e.o.t.s.UpdateSvc                 - chic-cr5:1/1/1 55                                           
2019-02-06 13:52:10,805 DEBUG n.e.o.t.s.UpdateSvc                 - chic-cr5:10/1/7 55                                          
2019-02-06 13:52:10,805 DEBUG n.e.o.t.s.UpdateSvc                 - chic-cr5:7/2/1 55                                           
2019-02-06 13:52:10,805 DEBUG n.e.o.t.s.UpdateSvc                 - chic-cr5:3/1/1 55                                           
2019-02-06 13:52:10,805 DEBUG n.e.o.t.s.UpdateSvc                 - chic-cr5:10/1/4 55                                          
2019-02-06 13:52:10,805 DEBUG n.e.o.t.s.UpdateSvc                 - chic-cr5:6/2/1 55                                           
2019-02-06 13:52:10,819 INFO  n.e.o.t.s.UpdateSvc                 - inserting p: llnl-mr2:xe-1/0/0 to llnl-mr2                  
2019-02-06 13:52:10,821 DEBUG n.e.o.t.s.UpdateSvc                 - llnl-mr2:xe-2/0/0 52                                        
2019-02-06 13:52:10,821 DEBUG n.e.o.t.s.UpdateSvc                 - llnl-mr2:xe-1/3/0 52                                        
2019-02-06 13:52:10,821 DEBUG n.e.o.t.s.UpdateSvc                 - llnl-mr2:xe-2/1/0 52                                        
2019-02-06 13:52:10,821 DEBUG n.e.o.t.s.UpdateSvc                 - llnl-mr2:ge-3/0/1 52                                        
2019-02-06 13:52:10,821 DEBUG n.e.o.t.s.UpdateSvc                 - llnl-mr2:xe-1/0/0 52                                        
2019-02-06 13:52:10,821 DEBUG n.e.o.t.s.UpdateSvc                 - llnl-mr2:xe-3/2/0 52                                        
2019-02-06 13:52:10,821 DEBUG n.e.o.t.s.UpdateSvc                 - llnl-mr2:ge-3/0/0 52                                        
2019-02-06 13:52:10,821 DEBUG n.e.o.t.s.UpdateSvc                 - llnl-mr2:xe-0/1/0 52                                        
2019-02-06 13:52:10,821 DEBUG n.e.o.t.s.UpdateSvc                 - llnl-mr2:xe-2/2/0 52                                        
2019-02-06 13:52:10,824 INFO  n.e.o.t.s.UpdateSvc                 - inserting p: eqx-sj-cr5:10/1/4 to eqx-sj-cr5                
2019-02-06 13:52:10,825 DEBUG n.e.o.t.s.UpdateSvc                 - eqx-sj-cr5:10/1/4 35                                        
2019-02-06 13:52:10,825 DEBUG n.e.o.t.s.UpdateSvc                 - eqx-sj-cr5:BLANK 35                                         
2019-02-06 13:52:10,825 DEBUG n.e.o.t.s.UpdateSvc                 - eqx-sj-cr5:1/2/1 35                                         
2019-02-06 13:52:10,827 INFO  n.e.o.t.s.UpdateSvc                 - inserting p: eqx-sj-cr5:10/1/2 to eqx-sj-cr5                
2019-02-06 13:52:10,828 DEBUG n.e.o.t.s.UpdateSvc                 - eqx-sj-cr5:10/1/4 35                                        
2019-02-06 13:52:10,828 DEBUG n.e.o.t.s.UpdateSvc                 - eqx-sj-cr5:10/1/2 35                                        
2019-02-06 13:52:10,828 DEBUG n.e.o.t.s.UpdateSvc                 - eqx-sj-cr5:BLANK 35                                         
2019-02-06 13:52:10,828 DEBUG n.e.o.t.s.UpdateSvc                 - eqx-sj-cr5:1/2/1 35                                         
2019-02-06 13:52:10,831 INFO  n.e.o.t.s.UpdateSvc                 - inserting p: eqx-sj-cr5:10/1/1 to eqx-sj-cr5                
2019-02-06 13:52:10,832 DEBUG n.e.o.t.s.UpdateSvc                 - eqx-sj-cr5:10/1/4 35                                        
2019-02-06 13:52:10,832 DEBUG n.e.o.t.s.UpdateSvc                 - eqx-sj-cr5:10/1/2 35                                        
2019-02-06 13:52:10,832 DEBUG n.e.o.t.s.UpdateSvc                 - eqx-sj-cr5:10/1/1 35                                        
2019-02-06 13:52:10,832 DEBUG n.e.o.t.s.UpdateSvc                 - eqx-sj-cr5:BLANK 35                                         
2019-02-06 13:52:10,832 DEBUG n.e.o.t.s.UpdateSvc                 - eqx-sj-cr5:1/2/1 35                                         
2019-02-06 13:52:10,836 INFO  n.e.o.t.s.UpdateSvc                 - inserting p: denv-cr5:1/1/1 to denv-cr5                     
2019-02-06 13:52:10,837 DEBUG n.e.o.t.s.UpdateSvc                 - denv-cr5:10/1/7 75                                          
2019-02-06 13:52:10,837 DEBUG n.e.o.t.s.UpdateSvc                 - denv-cr5:4/2/1 75                                           
2019-02-06 13:52:10,837 DEBUG n.e.o.t.s.UpdateSvc                 - denv-cr5:10/1/11 75                                         
2019-02-06 13:52:10,837 DEBUG n.e.o.t.s.UpdateSvc                 - denv-cr5:4/1/1 75                                           
2019-02-06 13:52:10,837 DEBUG n.e.o.t.s.UpdateSvc                 - denv-cr5:1/1/1 75                                           
2019-02-06 13:52:10,837 DEBUG n.e.o.t.s.UpdateSvc                 - denv-cr5:10/1/5 75                                          
2019-02-06 13:52:10,837 DEBUG n.e.o.t.s.UpdateSvc                 - denv-cr5:10/1/10 75                                         
2019-02-06 13:52:10,837 DEBUG n.e.o.t.s.UpdateSvc                 - denv-cr5:10/1/3 75                                          
2019-02-06 13:52:10,837 DEBUG n.e.o.t.s.UpdateSvc                 - denv-cr5:10/1/4 75                                          
2019-02-06 13:52:10,837 DEBUG n.e.o.t.s.UpdateSvc                 - denv-cr5:10/1/12 75                                         
2019-02-06 13:52:10,837 DEBUG n.e.o.t.s.UpdateSvc                 - denv-cr5:10/1/6 75                                          
2019-02-06 13:52:10,842 INFO  n.e.o.t.s.UpdateSvc                 - inserting p: kans-cr5:2/1/1 to kans-cr5                     
2019-02-06 13:52:10,842 DEBUG n.e.o.t.s.UpdateSvc                 - kans-cr5:2/1/1 38                                           
2019-02-06 13:52:10,842 DEBUG n.e.o.t.s.UpdateSvc                 - kans-cr5:10/1/3 38                                          
2019-02-06 13:52:10,842 DEBUG n.e.o.t.s.UpdateSvc                 - kans-cr5:10/1/4 38                                          
2019-02-06 13:52:10,842 DEBUG n.e.o.t.s.UpdateSvc                 - kans-cr5:1/1/1 38                                           
2019-02-06 13:52:10,846 INFO  n.e.o.t.s.UpdateSvc                 - inserting p: llnl-mr2:xe-0/2/0 to llnl-mr2                  
2019-02-06 13:52:10,847 DEBUG n.e.o.t.s.UpdateSvc                 - llnl-mr2:xe-2/0/0 52                                        
2019-02-06 13:52:10,847 DEBUG n.e.o.t.s.UpdateSvc                 - llnl-mr2:xe-1/3/0 52                                        
2019-02-06 13:52:10,847 DEBUG n.e.o.t.s.UpdateSvc                 - llnl-mr2:xe-2/1/0 52                                        
2019-02-06 13:52:10,847 DEBUG n.e.o.t.s.UpdateSvc                 - llnl-mr2:ge-3/0/1 52                                        
2019-02-06 13:52:10,847 DEBUG n.e.o.t.s.UpdateSvc                 - llnl-mr2:xe-1/0/0 52                                        
2019-02-06 13:52:10,847 DEBUG n.e.o.t.s.UpdateSvc                 - llnl-mr2:xe-0/2/0 52                                        
2019-02-06 13:52:10,847 DEBUG n.e.o.t.s.UpdateSvc                 - llnl-mr2:xe-3/2/0 52                                        
2019-02-06 13:52:10,847 DEBUG n.e.o.t.s.UpdateSvc                 - llnl-mr2:ge-3/0/0 52                                        
2019-02-06 13:52:10,847 DEBUG n.e.o.t.s.UpdateSvc                 - llnl-mr2:xe-0/1/0 52                                        
2019-02-06 13:52:10,847 DEBUG n.e.o.t.s.UpdateSvc                 - llnl-mr2:xe-2/2/0 52                                        
2019-02-06 13:52:10,851 INFO  n.e.o.t.s.UpdateSvc                 - inserting p: ornl-cr5:7/1/1 to ornl-cr5                     
2019-02-06 13:52:10,852 DEBUG n.e.o.t.s.UpdateSvc                 - ornl-cr5:7/1/1 64                                           
2019-02-06 13:52:10,852 DEBUG n.e.o.t.s.UpdateSvc                 - ornl-cr5:10/1/3 64                                          
2019-02-06 13:52:10,852 DEBUG n.e.o.t.s.UpdateSvc                 - ornl-cr5:10/1/1 64                                          
2019-02-06 13:52:10,852 DEBUG n.e.o.t.s.UpdateSvc                 - ornl-cr5:6/1/1 64                                           
2019-02-06 13:52:10,852 DEBUG n.e.o.t.s.UpdateSvc                 - ornl-cr5:10/1/2 64                                          
2019-02-06 13:52:10,855 INFO  n.e.o.t.s.UpdateSvc                 - inserting p: ornl-rt4:xe-0/2/0 to ornl-rt4                  
2019-02-06 13:52:10,855 DEBUG n.e.o.t.s.UpdateSvc                 - ornl-rt4:xe-1/2/0 42                                        
2019-02-06 13:52:10,855 DEBUG n.e.o.t.s.UpdateSvc                 - ornl-rt4:xe-0/2/0 42                                        
2019-02-06 13:52:10,855 DEBUG n.e.o.t.s.UpdateSvc                 - ornl-rt4:xe-2/3/0 42                                        
2019-02-06 13:52:10,855 DEBUG n.e.o.t.s.UpdateSvc                 - ornl-rt4:ge-0/0/1 42                                        
2019-02-06 13:52:10,858 INFO  n.e.o.t.s.UpdateSvc                 - inserting p: wash-cr5:5/2/1 to wash-cr5                     
2019-02-06 13:52:10,858 DEBUG n.e.o.t.s.UpdateSvc                 - wash-cr5:10/1/9 36                                          
2019-02-06 13:52:10,858 DEBUG n.e.o.t.s.UpdateSvc                 - wash-cr5:10/1/3 36                                          
2019-02-06 13:52:10,858 DEBUG n.e.o.t.s.UpdateSvc                 - wash-cr5:4/1/1 36                                           
2019-02-06 13:52:10,858 DEBUG n.e.o.t.s.UpdateSvc                 - wash-cr5:10/1/5 36                                          
2019-02-06 13:52:10,858 DEBUG n.e.o.t.s.UpdateSvc                 - wash-cr5:6/1/1 36                                           
2019-02-06 13:52:10,859 DEBUG n.e.o.t.s.UpdateSvc                 - wash-cr5:5/2/1 36                                           
2019-02-06 13:52:10,859 DEBUG n.e.o.t.s.UpdateSvc                 - wash-cr5:1/1/1 36                                           
2019-02-06 13:52:10,859 DEBUG n.e.o.t.s.UpdateSvc                 - wash-cr5:4/2/1 36                                           
2019-02-06 13:52:10,859 DEBUG n.e.o.t.s.UpdateSvc                 - wash-cr5:10/1/4 36                                          
2019-02-06 13:52:10,859 DEBUG n.e.o.t.s.UpdateSvc                 - wash-cr5:10/1/10 36                                         
2019-02-06 13:52:10,861 INFO  n.e.o.t.s.UpdateSvc                 - inserting p: amst-cr5:3/1/1 to amst-cr5                     
2019-02-06 13:52:10,863 DEBUG n.e.o.t.s.UpdateSvc                 - amst-cr5:5/1/1 72                                           
2019-02-06 13:52:10,863 DEBUG n.e.o.t.s.UpdateSvc                 - amst-cr5:3/1/1 72                                           
2019-02-06 13:52:10,863 DEBUG n.e.o.t.s.UpdateSvc                 - amst-cr5:10/1/1 72                                          
2019-02-06 13:52:10,863 DEBUG n.e.o.t.s.UpdateSvc                 - amst-cr5:10/1/2 72                                          
2019-02-06 13:52:10,863 DEBUG n.e.o.t.s.UpdateSvc                 - amst-cr5:10/2/5 72                                          
2019-02-06 13:52:10,865 INFO  n.e.o.t.s.UpdateSvc                 - inserting p: sacr-cr5:5/1/1 to sacr-cr5                     
2019-02-06 13:52:10,866 DEBUG n.e.o.t.s.UpdateSvc                 - sacr-cr5:10/1/1 47                                          
2019-02-06 13:52:10,866 DEBUG n.e.o.t.s.UpdateSvc                 - sacr-cr5:10/2/6 47                                          
2019-02-06 13:52:10,866 DEBUG n.e.o.t.s.UpdateSvc                 - sacr-cr5:1/1/1 47                                           
2019-02-06 13:52:10,866 DEBUG n.e.o.t.s.UpdateSvc                 - sacr-cr5:10/1/6 47                                          
2019-02-06 13:52:10,866 DEBUG n.e.o.t.s.UpdateSvc                 - sacr-cr5:10/2/1 47                                          
2019-02-06 13:52:10,867 DEBUG n.e.o.t.s.UpdateSvc                 - sacr-cr5:4/1/1 47                                           
2019-02-06 13:52:10,867 DEBUG n.e.o.t.s.UpdateSvc                 - sacr-cr5:10/2/3 47                                          
2019-02-06 13:52:10,867 DEBUG n.e.o.t.s.UpdateSvc                 - sacr-cr5:10/1/2 47                                          
2019-02-06 13:52:10,867 DEBUG n.e.o.t.s.UpdateSvc                 - sacr-cr5:3/1/1 47                                           
2019-02-06 13:52:10,867 DEBUG n.e.o.t.s.UpdateSvc                 - sacr-cr5:10/2/5 47                                          
2019-02-06 13:52:10,867 DEBUG n.e.o.t.s.UpdateSvc                 - sacr-cr5:2/1/1 47                                           
2019-02-06 13:52:10,867 DEBUG n.e.o.t.s.UpdateSvc                 - sacr-cr5:10/2/2 47                                          
2019-02-06 13:52:10,867 DEBUG n.e.o.t.s.UpdateSvc                 - sacr-cr5:10/1/4 47                                          
2019-02-06 13:52:10,867 DEBUG n.e.o.t.s.UpdateSvc                 - sacr-cr5:5/1/1 47                                           
2019-02-06 13:52:10,867 DEBUG n.e.o.t.s.UpdateSvc                 - sacr-cr5:10/2/4 47                                          
2019-02-06 13:52:10,870 INFO  n.e.o.t.s.UpdateSvc                 - inserting p: snll-mr2:xe-2/0/0 to snll-mr2                  
2019-02-06 13:52:10,871 DEBUG n.e.o.t.s.UpdateSvc                 - snll-mr2:xe-2/2/0 40                                        
2019-02-06 13:52:10,871 DEBUG n.e.o.t.s.UpdateSvc                 - snll-mr2:xe-2/0/0 40                                        
2019-02-06 13:52:10,871 DEBUG n.e.o.t.s.UpdateSvc                 - snll-mr2:xe-2/3/0 40                                        
2019-02-06 13:52:10,874 INFO  n.e.o.t.s.UpdateSvc                 - inserting p: cern-773-cr5:2/1/1 to cern-773-cr5             
2019-02-06 13:52:10,874 DEBUG n.e.o.t.s.UpdateSvc                 - cern-773-cr5:2/1/1 44                                       
2019-02-06 13:52:10,874 DEBUG n.e.o.t.s.UpdateSvc                 - cern-773-cr5:10/1/2 44                                      
2019-02-06 13:52:10,874 DEBUG n.e.o.t.s.UpdateSvc                 - cern-773-cr5:10/1/1 44                                      
2019-02-06 13:52:10,874 DEBUG n.e.o.t.s.UpdateSvc                 - cern-773-cr5:10/1/3 44                                      
2019-02-06 13:52:10,875 DEBUG n.e.o.t.s.UpdateSvc                 - cern-773-cr5:BLANK 44                                       
2019-02-06 13:52:10,875 DEBUG n.e.o.t.s.UpdateSvc                 - cern-773-cr5:1/1/1 44                                       
2019-02-06 13:52:10,877 INFO  n.e.o.t.s.UpdateSvc                 - inserting p: lond-cr5:10/1/4 to lond-cr5                    
2019-02-06 13:52:10,878 DEBUG n.e.o.t.s.UpdateSvc                 - lond-cr5:5/1/1 57                                           
2019-02-06 13:52:10,878 DEBUG n.e.o.t.s.UpdateSvc                 - lond-cr5:2/2/1 57                                           
2019-02-06 13:52:10,878 DEBUG n.e.o.t.s.UpdateSvc                 - lond-cr5:2/1/1 57                                           
2019-02-06 13:52:10,878 DEBUG n.e.o.t.s.UpdateSvc                 - lond-cr5:10/1/4 57                                          
2019-02-06 13:52:10,884 INFO  n.e.o.t.s.UpdateSvc                 - inserting p: lond-cr5:1/2/1 to lond-cr5                     
2019-02-06 13:52:10,885 DEBUG n.e.o.t.s.UpdateSvc                 - lond-cr5:5/1/1 57                                           
2019-02-06 13:52:10,886 DEBUG n.e.o.t.s.UpdateSvc                 - lond-cr5:2/2/1 57                                           
2019-02-06 13:52:10,886 DEBUG n.e.o.t.s.UpdateSvc                 - lond-cr5:2/1/1 57                                           
2019-02-06 13:52:10,886 DEBUG n.e.o.t.s.UpdateSvc                 - lond-cr5:10/1/4 57                                          
2019-02-06 13:52:10,886 DEBUG n.e.o.t.s.UpdateSvc                 - lond-cr5:1/2/1 57                                           
2019-02-06 13:52:10,889 INFO  n.e.o.t.s.UpdateSvc                 - inserting p: lond-cr5:10/1/2 to lond-cr5                    
2019-02-06 13:52:10,890 DEBUG n.e.o.t.s.UpdateSvc                 - lond-cr5:5/1/1 57                                           
2019-02-06 13:52:10,890 DEBUG n.e.o.t.s.UpdateSvc                 - lond-cr5:2/2/1 57                                           
2019-02-06 13:52:10,890 DEBUG n.e.o.t.s.UpdateSvc                 - lond-cr5:2/1/1 57                                           
2019-02-06 13:52:10,890 DEBUG n.e.o.t.s.UpdateSvc                 - lond-cr5:10/1/2 57                                          
2019-02-06 13:52:10,890 DEBUG n.e.o.t.s.UpdateSvc                 - lond-cr5:10/1/4 57                                          
2019-02-06 13:52:10,890 DEBUG n.e.o.t.s.UpdateSvc                 - lond-cr5:1/2/1 57                                           
2019-02-06 13:52:10,893 INFO  n.e.o.t.s.UpdateSvc                 - inserting p: star-cr5:BLANK to star-cr5                     
2019-02-06 13:52:10,893 DEBUG n.e.o.t.s.UpdateSvc                 - star-cr5:3/1/1 76                                           
2019-02-06 13:52:10,893 DEBUG n.e.o.t.s.UpdateSvc                 - star-cr5:4/1/1 76                                           
2019-02-06 13:52:10,893 DEBUG n.e.o.t.s.UpdateSvc                 - star-cr5:5/1/1 76                                           
2019-02-06 13:52:10,893 DEBUG n.e.o.t.s.UpdateSvc                 - star-cr5:4/2/1 76                                           
2019-02-06 13:52:10,894 DEBUG n.e.o.t.s.UpdateSvc                 - star-cr5:BLANK 76                                           
2019-02-06 13:52:10,894 DEBUG n.e.o.t.s.UpdateSvc                 - star-cr5:3/2/1 76                                           
2019-02-06 13:52:10,896 INFO  n.e.o.t.s.UpdateSvc                 - inserting p: lond-cr5:10/1/1 to lond-cr5                    
2019-02-06 13:52:10,897 DEBUG n.e.o.t.s.UpdateSvc                 - lond-cr5:5/1/1 57                                           
2019-02-06 13:52:10,897 DEBUG n.e.o.t.s.UpdateSvc                 - lond-cr5:2/2/1 57                                           
2019-02-06 13:52:10,897 DEBUG n.e.o.t.s.UpdateSvc                 - lond-cr5:2/1/1 57                                           
2019-02-06 13:52:10,897 DEBUG n.e.o.t.s.UpdateSvc                 - lond-cr5:10/1/2 57                                          
2019-02-06 13:52:10,898 DEBUG n.e.o.t.s.UpdateSvc                 - lond-cr5:10/1/1 57                                          
2019-02-06 13:52:10,898 DEBUG n.e.o.t.s.UpdateSvc                 - lond-cr5:10/1/4 57                                          
2019-02-06 13:52:10,898 DEBUG n.e.o.t.s.UpdateSvc                 - lond-cr5:1/2/1 57                                           
2019-02-06 13:52:10,900 INFO  n.e.o.t.s.UpdateSvc                 - inserting p: star-cr5:6/1/1 to star-cr5                     
2019-02-06 13:52:10,901 DEBUG n.e.o.t.s.UpdateSvc                 - star-cr5:3/1/1 76                                           
2019-02-06 13:52:10,901 DEBUG n.e.o.t.s.UpdateSvc                 - star-cr5:6/1/1 76                                           
2019-02-06 13:52:10,901 DEBUG n.e.o.t.s.UpdateSvc                 - star-cr5:4/1/1 76                                           
2019-02-06 13:52:10,901 DEBUG n.e.o.t.s.UpdateSvc                 - star-cr5:5/1/1 76                                           
2019-02-06 13:52:10,901 DEBUG n.e.o.t.s.UpdateSvc                 - star-cr5:4/2/1 76                                           
2019-02-06 13:52:10,901 DEBUG n.e.o.t.s.UpdateSvc                 - star-cr5:BLANK 76                                           
2019-02-06 13:52:10,901 DEBUG n.e.o.t.s.UpdateSvc                 - star-cr5:3/2/1 76                                           
2019-02-06 13:52:10,903 INFO  n.e.o.t.s.UpdateSvc                 - inserting p: star-cr5:10/1/1 to star-cr5                    
2019-02-06 13:52:10,904 DEBUG n.e.o.t.s.UpdateSvc                 - star-cr5:3/1/1 76                                           
2019-02-06 13:52:10,904 DEBUG n.e.o.t.s.UpdateSvc                 - star-cr5:6/1/1 76                                           
2019-02-06 13:52:10,904 DEBUG n.e.o.t.s.UpdateSvc                 - star-cr5:10/1/1 76                                          
2019-02-06 13:52:10,904 DEBUG n.e.o.t.s.UpdateSvc                 - star-cr5:4/1/1 76                                           
2019-02-06 13:52:10,904 DEBUG n.e.o.t.s.UpdateSvc                 - star-cr5:5/1/1 76                                           
2019-02-06 13:52:10,904 DEBUG n.e.o.t.s.UpdateSvc                 - star-cr5:4/2/1 76                                           
2019-02-06 13:52:10,904 DEBUG n.e.o.t.s.UpdateSvc                 - star-cr5:BLANK 76                                           
2019-02-06 13:52:10,904 DEBUG n.e.o.t.s.UpdateSvc                 - star-cr5:3/2/1 76                                           
2019-02-06 13:52:10,906 INFO  n.e.o.t.s.UpdateSvc                 - inserting p: nash-cr5:2/1/1 to nash-cr5                     
2019-02-06 13:52:10,907 DEBUG n.e.o.t.s.UpdateSvc                 - nash-cr5:10/1/5 45                                          
2019-02-06 13:52:10,907 DEBUG n.e.o.t.s.UpdateSvc                 - nash-cr5:1/2/1 45                                           
2019-02-06 13:52:10,907 DEBUG n.e.o.t.s.UpdateSvc                 - nash-cr5:10/1/6 45                                          
2019-02-06 13:52:10,907 DEBUG n.e.o.t.s.UpdateSvc                 - nash-cr5:2/1/1 45                                           
2019-02-06 13:52:10,907 DEBUG n.e.o.t.s.UpdateSvc                 - nash-cr5:10/1/3 45                                          
2019-02-06 13:52:10,907 DEBUG n.e.o.t.s.UpdateSvc                 - nash-cr5:1/1/1 45                                           
2019-02-06 13:52:10,907 DEBUG n.e.o.t.s.UpdateSvc                 - nash-cr5:10/1/4 45                                          
2019-02-06 13:52:10,909 INFO  n.e.o.t.s.UpdateSvc                 - inserting p: snll-mr2:xe-1/2/0 to snll-mr2                  
2019-02-06 13:52:10,910 DEBUG n.e.o.t.s.UpdateSvc                 - snll-mr2:xe-2/2/0 40                                        
2019-02-06 13:52:10,910 DEBUG n.e.o.t.s.UpdateSvc                 - snll-mr2:xe-2/0/0 40                                        
2019-02-06 13:52:10,910 DEBUG n.e.o.t.s.UpdateSvc                 - snll-mr2:xe-2/3/0 40                                        
2019-02-06 13:52:10,910 DEBUG n.e.o.t.s.UpdateSvc                 - snll-mr2:xe-1/2/0 40                                        
2019-02-06 13:52:10,912 INFO  n.e.o.t.s.UpdateSvc                 - inserting p: star-cr5:10/1/7 to star-cr5                    
2019-02-06 13:52:10,913 DEBUG n.e.o.t.s.UpdateSvc                 - star-cr5:3/1/1 76                                           
2019-02-06 13:52:10,913 DEBUG n.e.o.t.s.UpdateSvc                 - star-cr5:6/1/1 76                                           
2019-02-06 13:52:10,913 DEBUG n.e.o.t.s.UpdateSvc                 - star-cr5:10/1/1 76                                          
2019-02-06 13:52:10,913 DEBUG n.e.o.t.s.UpdateSvc                 - star-cr5:10/1/7 76                                          
2019-02-06 13:52:10,913 DEBUG n.e.o.t.s.UpdateSvc                 - star-cr5:4/1/1 76                                           
2019-02-06 13:52:10,913 DEBUG n.e.o.t.s.UpdateSvc                 - star-cr5:5/1/1 76                                           
2019-02-06 13:52:10,913 DEBUG n.e.o.t.s.UpdateSvc                 - star-cr5:4/2/1 76                                           
2019-02-06 13:52:10,913 DEBUG n.e.o.t.s.UpdateSvc                 - star-cr5:BLANK 76                                           
2019-02-06 13:52:10,913 DEBUG n.e.o.t.s.UpdateSvc                 - star-cr5:3/2/1 76                                           
2019-02-06 13:52:10,915 INFO  n.e.o.t.s.UpdateSvc                 - inserting p: star-cr5:10/1/8 to star-cr5                    
2019-02-06 13:52:10,916 DEBUG n.e.o.t.s.UpdateSvc                 - star-cr5:3/1/1 76                                           
2019-02-06 13:52:10,917 DEBUG n.e.o.t.s.UpdateSvc                 - star-cr5:6/1/1 76                                           
2019-02-06 13:52:10,917 DEBUG n.e.o.t.s.UpdateSvc                 - star-cr5:10/1/1 76                                          
2019-02-06 13:52:10,917 DEBUG n.e.o.t.s.UpdateSvc                 - star-cr5:10/1/7 76                                          
2019-02-06 13:52:10,917 DEBUG n.e.o.t.s.UpdateSvc                 - star-cr5:10/1/8 76                                          
2019-02-06 13:52:10,917 DEBUG n.e.o.t.s.UpdateSvc                 - star-cr5:4/1/1 76                                           
2019-02-06 13:52:10,917 DEBUG n.e.o.t.s.UpdateSvc                 - star-cr5:5/1/1 76                                           
2019-02-06 13:52:10,917 DEBUG n.e.o.t.s.UpdateSvc                 - star-cr5:4/2/1 76                                           
2019-02-06 13:52:10,917 DEBUG n.e.o.t.s.UpdateSvc                 - star-cr5:BLANK 76                                           
2019-02-06 13:52:10,917 DEBUG n.e.o.t.s.UpdateSvc                 - star-cr5:3/2/1 76                                           
2019-02-06 13:52:10,929 INFO  n.e.o.t.s.UpdateSvc                 - inserting p: ornl-rt4:xe-1/0/0 to ornl-rt4                  
2019-02-06 13:52:10,930 DEBUG n.e.o.t.s.UpdateSvc                 - ornl-rt4:xe-1/2/0 42                                        
2019-02-06 13:52:10,930 DEBUG n.e.o.t.s.UpdateSvc                 - ornl-rt4:xe-0/2/0 42                                        
2019-02-06 13:52:10,930 DEBUG n.e.o.t.s.UpdateSvc                 - ornl-rt4:xe-2/3/0 42                                        
2019-02-06 13:52:10,930 DEBUG n.e.o.t.s.UpdateSvc                 - ornl-rt4:ge-0/0/1 42                                        
2019-02-06 13:52:10,930 DEBUG n.e.o.t.s.UpdateSvc                 - ornl-rt4:xe-1/0/0 42                                        
2019-02-06 13:52:10,933 INFO  n.e.o.t.s.UpdateSvc                 - inserting p: eqx-sj-cr5:10/2/4 to eqx-sj-cr5                
2019-02-06 13:52:10,934 DEBUG n.e.o.t.s.UpdateSvc                 - eqx-sj-cr5:10/1/4 35                                        
2019-02-06 13:52:10,934 DEBUG n.e.o.t.s.UpdateSvc                 - eqx-sj-cr5:10/2/4 35                                        
2019-02-06 13:52:10,934 DEBUG n.e.o.t.s.UpdateSvc                 - eqx-sj-cr5:10/1/2 35                                        
2019-02-06 13:52:10,934 DEBUG n.e.o.t.s.UpdateSvc                 - eqx-sj-cr5:10/1/1 35                                        
2019-02-06 13:52:10,934 DEBUG n.e.o.t.s.UpdateSvc                 - eqx-sj-cr5:BLANK 35                                         
2019-02-06 13:52:10,934 DEBUG n.e.o.t.s.UpdateSvc                 - eqx-sj-cr5:1/2/1 35                                         
2019-02-06 13:52:10,936 INFO  n.e.o.t.s.UpdateSvc                 - inserting p: eqx-sj-cr5:10/2/2 to eqx-sj-cr5                
2019-02-06 13:52:10,937 DEBUG n.e.o.t.s.UpdateSvc                 - eqx-sj-cr5:10/1/4 35                                        
2019-02-06 13:52:10,937 DEBUG n.e.o.t.s.UpdateSvc                 - eqx-sj-cr5:10/2/4 35                                        
2019-02-06 13:52:10,937 DEBUG n.e.o.t.s.UpdateSvc                 - eqx-sj-cr5:10/1/2 35                                        
2019-02-06 13:52:10,937 DEBUG n.e.o.t.s.UpdateSvc                 - eqx-sj-cr5:10/1/1 35                                        
2019-02-06 13:52:10,938 DEBUG n.e.o.t.s.UpdateSvc                 - eqx-sj-cr5:10/2/2 35                                        
2019-02-06 13:52:10,938 DEBUG n.e.o.t.s.UpdateSvc                 - eqx-sj-cr5:BLANK 35                                         
2019-02-06 13:52:10,938 DEBUG n.e.o.t.s.UpdateSvc                 - eqx-sj-cr5:1/2/1 35                                         
2019-02-06 13:52:10,940 INFO  n.e.o.t.s.UpdateSvc                 - inserting p: atla-cr5:4/1/1 to atla-cr5                     
2019-02-06 13:52:10,941 DEBUG n.e.o.t.s.UpdateSvc                 - atla-cr5:10/1/8 41                                          
2019-02-06 13:52:10,941 DEBUG n.e.o.t.s.UpdateSvc                 - atla-cr5:10/1/2 41                                          
2019-02-06 13:52:10,941 DEBUG n.e.o.t.s.UpdateSvc                 - atla-cr5:2/1/1 41                                           
2019-02-06 13:52:10,941 DEBUG n.e.o.t.s.UpdateSvc                 - atla-cr5:3/1/1 41                                           
2019-02-06 13:52:10,941 DEBUG n.e.o.t.s.UpdateSvc                 - atla-cr5:4/1/1 41                                           
2019-02-06 13:52:10,941 DEBUG n.e.o.t.s.UpdateSvc                 - atla-cr5:1/1/1 41                                           
2019-02-06 13:52:10,941 DEBUG n.e.o.t.s.UpdateSvc                 - atla-cr5:10/1/3 41                                          
2019-02-06 13:52:10,943 INFO  n.e.o.t.s.UpdateSvc                 - inserting p: sunn-cr5:2/2/1 to sunn-cr5                     
2019-02-06 13:52:10,944 DEBUG n.e.o.t.s.UpdateSvc                 - sunn-cr5:10/1/6 50                                          
2019-02-06 13:52:10,944 DEBUG n.e.o.t.s.UpdateSvc                 - sunn-cr5:10/1/5 50                                          
2019-02-06 13:52:10,944 DEBUG n.e.o.t.s.UpdateSvc                 - sunn-cr5:10/2/4 50                                          
2019-02-06 13:52:10,944 DEBUG n.e.o.t.s.UpdateSvc                 - sunn-cr5:10/2/3 50                                          
2019-02-06 13:52:10,944 DEBUG n.e.o.t.s.UpdateSvc                 - sunn-cr5:10/2/6 50                                          
2019-02-06 13:52:10,944 DEBUG n.e.o.t.s.UpdateSvc                 - sunn-cr5:7/1/1 50                                           
2019-02-06 13:52:10,944 DEBUG n.e.o.t.s.UpdateSvc                 - sunn-cr5:4/1/1 50                                           
2019-02-06 13:52:10,945 DEBUG n.e.o.t.s.UpdateSvc                 - sunn-cr5:10/2/1 50                                          
2019-02-06 13:52:10,945 DEBUG n.e.o.t.s.UpdateSvc                 - sunn-cr5:10/2/5 50                                          
2019-02-06 13:52:10,945 DEBUG n.e.o.t.s.UpdateSvc                 - sunn-cr5:5/1/1 50                                           
2019-02-06 13:52:10,945 DEBUG n.e.o.t.s.UpdateSvc                 - sunn-cr5:10/1/1 50                                          
2019-02-06 13:52:10,945 DEBUG n.e.o.t.s.UpdateSvc                 - sunn-cr5:10/1/3 50                                          
2019-02-06 13:52:10,945 DEBUG n.e.o.t.s.UpdateSvc                 - sunn-cr5:2/2/1 50                                           
2019-02-06 13:52:10,945 DEBUG n.e.o.t.s.UpdateSvc                 - sunn-cr5:8/1/1 50                                           
2019-02-06 13:52:10,945 DEBUG n.e.o.t.s.UpdateSvc                 - sunn-cr5:5/2/1 50                                           
2019-02-06 13:52:10,945 DEBUG n.e.o.t.s.UpdateSvc                 - sunn-cr5:10/1/4 50                                          
2019-02-06 13:52:10,945 DEBUG n.e.o.t.s.UpdateSvc                 - sunn-cr5:10/1/2 50                                          
2019-02-06 13:52:10,945 DEBUG n.e.o.t.s.UpdateSvc                 - sunn-cr5:7/2/1 50                                           
2019-02-06 13:52:10,945 DEBUG n.e.o.t.s.UpdateSvc                 - sunn-cr5:10/2/2 50                                          
2019-02-06 13:52:10,948 INFO  n.e.o.t.s.UpdateSvc                 - inserting p: pnwg-cr5:10/1/10 to pnwg-cr5                   
2019-02-06 13:52:10,949 DEBUG n.e.o.t.s.UpdateSvc                 - pnwg-cr5:2/1/1 71                                           
2019-02-06 13:52:10,949 DEBUG n.e.o.t.s.UpdateSvc                 - pnwg-cr5:9/1/2 71                                           
2019-02-06 13:52:10,949 DEBUG n.e.o.t.s.UpdateSvc                 - pnwg-cr5:3/1/1 71                                           
2019-02-06 13:52:10,949 DEBUG n.e.o.t.s.UpdateSvc                 - pnwg-cr5:2/2/1 71                                           
2019-02-06 13:52:10,949 DEBUG n.e.o.t.s.UpdateSvc                 - pnwg-cr5:10/1/10 71                                         
2019-02-06 13:52:10,949 DEBUG n.e.o.t.s.UpdateSvc                 - pnwg-cr5:BLANK 71                                           
2019-02-06 13:52:10,949 DEBUG n.e.o.t.s.UpdateSvc                 - pnwg-cr5:1/1/1 71                                           
2019-02-06 13:52:10,952 INFO  n.e.o.t.s.UpdateSvc                 - inserting p: wash-cr5:5/1/1 to wash-cr5                     
2019-02-06 13:52:10,952 DEBUG n.e.o.t.s.UpdateSvc                 - wash-cr5:10/1/9 36                                          
2019-02-06 13:52:10,952 DEBUG n.e.o.t.s.UpdateSvc                 - wash-cr5:10/1/3 36                                          
2019-02-06 13:52:10,953 DEBUG n.e.o.t.s.UpdateSvc                 - wash-cr5:4/1/1 36                                           
2019-02-06 13:52:10,953 DEBUG n.e.o.t.s.UpdateSvc                 - wash-cr5:10/1/5 36                                          
2019-02-06 13:52:10,953 DEBUG n.e.o.t.s.UpdateSvc                 - wash-cr5:6/1/1 36                                           
2019-02-06 13:52:10,953 DEBUG n.e.o.t.s.UpdateSvc                 - wash-cr5:5/2/1 36                                           
2019-02-06 13:52:10,953 DEBUG n.e.o.t.s.UpdateSvc                 - wash-cr5:5/1/1 36                                           
2019-02-06 13:52:10,953 DEBUG n.e.o.t.s.UpdateSvc                 - wash-cr5:1/1/1 36                                           
2019-02-06 13:52:10,953 DEBUG n.e.o.t.s.UpdateSvc                 - wash-cr5:4/2/1 36                                           
2019-02-06 13:52:10,953 DEBUG n.e.o.t.s.UpdateSvc                 - wash-cr5:10/1/4 36                                          
2019-02-06 13:52:10,953 DEBUG n.e.o.t.s.UpdateSvc                 - wash-cr5:10/1/10 36                                         
2019-02-06 13:52:10,955 INFO  n.e.o.t.s.UpdateSvc                 - inserting p: anl-mr2:xe-0/0/0 to anl-mr2                    
2019-02-06 13:52:10,956 DEBUG n.e.o.t.s.UpdateSvc                 - anl-mr2:xe-2/3/0 53                                         
2019-02-06 13:52:10,956 DEBUG n.e.o.t.s.UpdateSvc                 - anl-mr2:ae0 53                                              
2019-02-06 13:52:10,956 DEBUG n.e.o.t.s.UpdateSvc                 - anl-mr2:xe-0/0/0 53                                         
2019-02-06 13:52:10,956 DEBUG n.e.o.t.s.UpdateSvc                 - anl-mr2:xe-0/1/0 53                                         
2019-02-06 13:52:10,959 INFO  n.e.o.t.s.UpdateSvc                 - inserting p: lbl-mr2:ae0 to lbl-mr2                         
2019-02-06 13:52:10,960 DEBUG n.e.o.t.s.UpdateSvc                 - lbl-mr2:xe-8/1/0 74                                         
2019-02-06 13:52:10,960 DEBUG n.e.o.t.s.UpdateSvc                 - lbl-mr2:xe-1/1/0 74                                         
2019-02-06 13:52:10,960 DEBUG n.e.o.t.s.UpdateSvc                 - lbl-mr2:xe-0/2/0 74                                         
2019-02-06 13:52:10,960 DEBUG n.e.o.t.s.UpdateSvc                 - lbl-mr2:xe-7/0/0 74                                         
2019-02-06 13:52:10,960 DEBUG n.e.o.t.s.UpdateSvc                 - lbl-mr2:ae0 74                                              
2019-02-06 13:52:10,960 DEBUG n.e.o.t.s.UpdateSvc                 - lbl-mr2:xe-0/1/0 74                                         
2019-02-06 13:52:10,960 DEBUG n.e.o.t.s.UpdateSvc                 - lbl-mr2:xe-8/3/0 74                                         
2019-02-06 13:52:10,960 DEBUG n.e.o.t.s.UpdateSvc                 - lbl-mr2:xe-7/2/0 74                                         
2019-02-06 13:52:10,964 INFO  n.e.o.t.s.UpdateSvc                 - inserting p: lond-cr5:1/1/1 to lond-cr5                     
2019-02-06 13:52:10,964 DEBUG n.e.o.t.s.UpdateSvc                 - lond-cr5:5/1/1 57                                           
2019-02-06 13:52:10,964 DEBUG n.e.o.t.s.UpdateSvc                 - lond-cr5:1/1/1 57                                           
2019-02-06 13:52:10,964 DEBUG n.e.o.t.s.UpdateSvc                 - lond-cr5:2/2/1 57                                           
2019-02-06 13:52:10,964 DEBUG n.e.o.t.s.UpdateSvc                 - lond-cr5:2/1/1 57                                           
2019-02-06 13:52:10,965 DEBUG n.e.o.t.s.UpdateSvc                 - lond-cr5:10/1/2 57                                          
2019-02-06 13:52:10,965 DEBUG n.e.o.t.s.UpdateSvc                 - lond-cr5:10/1/1 57                                          
2019-02-06 13:52:10,965 DEBUG n.e.o.t.s.UpdateSvc                 - lond-cr5:10/1/4 57                                          
2019-02-06 13:52:10,965 DEBUG n.e.o.t.s.UpdateSvc                 - lond-cr5:1/2/1 57                                           
2019-02-06 13:52:10,968 INFO  n.e.o.t.s.UpdateSvc                 - inserting p: star-cr5:6/2/1 to star-cr5                     
2019-02-06 13:52:10,969 DEBUG n.e.o.t.s.UpdateSvc                 - star-cr5:3/1/1 76                                           
2019-02-06 13:52:10,969 DEBUG n.e.o.t.s.UpdateSvc                 - star-cr5:6/1/1 76                                           
2019-02-06 13:52:10,969 DEBUG n.e.o.t.s.UpdateSvc                 - star-cr5:10/1/1 76                                          
2019-02-06 13:52:10,969 DEBUG n.e.o.t.s.UpdateSvc                 - star-cr5:10/1/7 76                                          
2019-02-06 13:52:10,969 DEBUG n.e.o.t.s.UpdateSvc                 - star-cr5:10/1/8 76                                          
2019-02-06 13:52:10,969 DEBUG n.e.o.t.s.UpdateSvc                 - star-cr5:4/1/1 76                                           
2019-02-06 13:52:10,969 DEBUG n.e.o.t.s.UpdateSvc                 - star-cr5:5/1/1 76                                           
2019-02-06 13:52:10,969 DEBUG n.e.o.t.s.UpdateSvc                 - star-cr5:4/2/1 76                                           
2019-02-06 13:52:10,969 DEBUG n.e.o.t.s.UpdateSvc                 - star-cr5:BLANK 76                                           
2019-02-06 13:52:10,969 DEBUG n.e.o.t.s.UpdateSvc                 - star-cr5:3/2/1 76                                           
2019-02-06 13:52:10,970 DEBUG n.e.o.t.s.UpdateSvc                 - star-cr5:6/2/1 76                                           
2019-02-06 13:52:10,973 INFO  n.e.o.t.s.UpdateSvc                 - inserting p: bost-cr5:3/1/1 to bost-cr5                     
2019-02-06 13:52:10,973 DEBUG n.e.o.t.s.UpdateSvc                 - bost-cr5:1/1/1 77                                           
2019-02-06 13:52:10,973 DEBUG n.e.o.t.s.UpdateSvc                 - bost-cr5:10/2/3 77                                          
2019-02-06 13:52:10,973 DEBUG n.e.o.t.s.UpdateSvc                 - bost-cr5:10/1/2 77                                          
2019-02-06 13:52:10,973 DEBUG n.e.o.t.s.UpdateSvc                 - bost-cr5:10/1/6 77                                          
2019-02-06 13:52:10,974 DEBUG n.e.o.t.s.UpdateSvc                 - bost-cr5:3/1/1 77                                           
2019-02-06 13:52:10,974 DEBUG n.e.o.t.s.UpdateSvc                 - bost-cr5:2/1/1 77                                           
2019-02-06 13:52:10,974 DEBUG n.e.o.t.s.UpdateSvc                 - bost-cr5:10/1/5 77                                          
2019-02-06 13:52:10,976 INFO  n.e.o.t.s.UpdateSvc                 - inserting p: snll-mr2:xe-1/3/0 to snll-mr2                  
2019-02-06 13:52:10,977 DEBUG n.e.o.t.s.UpdateSvc                 - snll-mr2:xe-2/2/0 40                                        
2019-02-06 13:52:10,977 DEBUG n.e.o.t.s.UpdateSvc                 - snll-mr2:xe-1/3/0 40                                        
2019-02-06 13:52:10,977 DEBUG n.e.o.t.s.UpdateSvc                 - snll-mr2:xe-2/0/0 40                                        
2019-02-06 13:52:10,977 DEBUG n.e.o.t.s.UpdateSvc                 - snll-mr2:xe-2/3/0 40                                        
2019-02-06 13:52:10,977 DEBUG n.e.o.t.s.UpdateSvc                 - snll-mr2:xe-1/2/0 40                                        
2019-02-06 13:52:10,981 INFO  n.e.o.t.s.UpdateSvc                 - inserting p: netl-pgh-rt1:xe-2/0/0 to netl-pgh-rt1          
2019-02-06 13:52:10,982 DEBUG n.e.o.t.s.UpdateSvc                 - netl-pgh-rt1:xe-2/0/0 51                                    
2019-02-06 13:52:10,985 INFO  n.e.o.t.s.UpdateSvc                 - inserting p: llnl-mr2:xe-0/0/0 to llnl-mr2                  
2019-02-06 13:52:10,987 DEBUG n.e.o.t.s.UpdateSvc                 - llnl-mr2:xe-0/0/0 52                                        
2019-02-06 13:52:10,987 DEBUG n.e.o.t.s.UpdateSvc                 - llnl-mr2:xe-2/0/0 52                                        
2019-02-06 13:52:10,987 DEBUG n.e.o.t.s.UpdateSvc                 - llnl-mr2:xe-1/3/0 52                                        
2019-02-06 13:52:10,987 DEBUG n.e.o.t.s.UpdateSvc                 - llnl-mr2:xe-2/1/0 52                                        
2019-02-06 13:52:10,987 DEBUG n.e.o.t.s.UpdateSvc                 - llnl-mr2:ge-3/0/1 52                                        
2019-02-06 13:52:10,987 DEBUG n.e.o.t.s.UpdateSvc                 - llnl-mr2:xe-1/0/0 52                                        
2019-02-06 13:52:10,987 DEBUG n.e.o.t.s.UpdateSvc                 - llnl-mr2:xe-0/2/0 52                                        
2019-02-06 13:52:10,987 DEBUG n.e.o.t.s.UpdateSvc                 - llnl-mr2:xe-3/2/0 52                                        
2019-02-06 13:52:10,987 DEBUG n.e.o.t.s.UpdateSvc                 - llnl-mr2:ge-3/0/0 52                                        
2019-02-06 13:52:10,987 DEBUG n.e.o.t.s.UpdateSvc                 - llnl-mr2:xe-0/1/0 52                                        
2019-02-06 13:52:10,987 DEBUG n.e.o.t.s.UpdateSvc                 - llnl-mr2:xe-2/2/0 52                                        
2019-02-06 13:52:10,990 INFO  n.e.o.t.s.UpdateSvc                 - inserting p: netl-pgh-rt1:xe-2/0/2 to netl-pgh-rt1          
2019-02-06 13:52:10,991 DEBUG n.e.o.t.s.UpdateSvc                 - netl-pgh-rt1:xe-2/0/0 51                                    
2019-02-06 13:52:10,991 DEBUG n.e.o.t.s.UpdateSvc                 - netl-pgh-rt1:xe-2/0/2 51                                    
2019-02-06 13:52:10,994 INFO  n.e.o.t.s.UpdateSvc                 - inserting p: netl-pgh-rt1:xe-2/0/1 to netl-pgh-rt1          
2019-02-06 13:52:10,995 DEBUG n.e.o.t.s.UpdateSvc                 - netl-pgh-rt1:xe-2/0/0 51                                    
2019-02-06 13:52:10,995 DEBUG n.e.o.t.s.UpdateSvc                 - netl-pgh-rt1:xe-2/0/2 51                                    
2019-02-06 13:52:10,995 DEBUG n.e.o.t.s.UpdateSvc                 - netl-pgh-rt1:xe-2/0/1 51                                    
2019-02-06 13:52:10,998 INFO  n.e.o.t.s.UpdateSvc                 - inserting p: netl-pgh-rt1:xe-2/0/3 to netl-pgh-rt1          
2019-02-06 13:52:10,999 DEBUG n.e.o.t.s.UpdateSvc                 - netl-pgh-rt1:xe-2/0/0 51                                    
2019-02-06 13:52:11,000 DEBUG n.e.o.t.s.UpdateSvc                 - netl-pgh-rt1:xe-2/0/2 51                                    
2019-02-06 13:52:11,000 DEBUG n.e.o.t.s.UpdateSvc                 - netl-pgh-rt1:xe-2/0/1 51                                    
2019-02-06 13:52:11,000 DEBUG n.e.o.t.s.UpdateSvc                 - netl-pgh-rt1:xe-2/0/3 51                                    
2019-02-06 13:52:11,002 INFO  n.e.o.t.s.UpdateSvc                 - inserting p: aofa-cr5:1/1/1 to aofa-cr5                     
2019-02-06 13:52:11,003 DEBUG n.e.o.t.s.UpdateSvc                 - aofa-cr5:4/2/1 69                                           
2019-02-06 13:52:11,003 DEBUG n.e.o.t.s.UpdateSvc                 - aofa-cr5:4/1/1 69                                           
2019-02-06 13:52:11,003 DEBUG n.e.o.t.s.UpdateSvc                 - aofa-cr5:3/1/1 69                                           
2019-02-06 13:52:11,003 DEBUG n.e.o.t.s.UpdateSvc                 - aofa-cr5:10/1/1 69                                          
2019-02-06 13:52:11,003 DEBUG n.e.o.t.s.UpdateSvc                 - aofa-cr5:10/1/9 69                                          
2019-02-06 13:52:11,003 DEBUG n.e.o.t.s.UpdateSvc                 - aofa-cr5:9/1/5 69                                           
2019-02-06 13:52:11,003 DEBUG n.e.o.t.s.UpdateSvc                 - aofa-cr5:5/1/1 69                                           
2019-02-06 13:52:11,003 DEBUG n.e.o.t.s.UpdateSvc                 - aofa-cr5:6/2/1 69                                           
2019-02-06 13:52:11,003 DEBUG n.e.o.t.s.UpdateSvc                 - aofa-cr5:10/1/8 69                                          
2019-02-06 13:52:11,003 DEBUG n.e.o.t.s.UpdateSvc                 - aofa-cr5:2/1/1 69                                           
2019-02-06 13:52:11,003 DEBUG n.e.o.t.s.UpdateSvc                 - aofa-cr5:1/1/1 69                                           
2019-02-06 13:52:11,003 DEBUG n.e.o.t.s.UpdateSvc                 - aofa-cr5:9/1/1 69                                           
2019-02-06 13:52:11,003 DEBUG n.e.o.t.s.UpdateSvc                 - aofa-cr5:10/1/2 69                                          
2019-02-06 13:52:11,006 INFO  n.e.o.t.s.UpdateSvc                 - inserting p: snla-rt3:xe-1/2/0 to snla-rt3                  
2019-02-06 13:52:11,007 DEBUG n.e.o.t.s.UpdateSvc                 - snla-rt3:xe-1/2/0 48                                        
2019-02-06 13:52:11,007 DEBUG n.e.o.t.s.UpdateSvc                 - snla-rt3:ge-1/0/2 48                                        
2019-02-06 13:52:11,009 INFO  n.e.o.t.s.UpdateSvc                 - inserting p: kans-cr5:3/1/1 to kans-cr5                     
2019-02-06 13:52:11,010 DEBUG n.e.o.t.s.UpdateSvc                 - kans-cr5:2/1/1 38                                           
2019-02-06 13:52:11,010 DEBUG n.e.o.t.s.UpdateSvc                 - kans-cr5:10/1/3 38                                          
2019-02-06 13:52:11,010 DEBUG n.e.o.t.s.UpdateSvc                 - kans-cr5:10/1/4 38                                          
2019-02-06 13:52:11,010 DEBUG n.e.o.t.s.UpdateSvc                 - kans-cr5:1/1/1 38                                           
2019-02-06 13:52:11,010 DEBUG n.e.o.t.s.UpdateSvc                 - kans-cr5:3/1/1 38                                           
2019-02-06 13:52:11,013 INFO  n.e.o.t.s.UpdateSvc                 - inserting p: llnl-mr2:ae0 to llnl-mr2                       
2019-02-06 13:52:11,014 DEBUG n.e.o.t.s.UpdateSvc                 - llnl-mr2:xe-0/0/0 52                                        
2019-02-06 13:52:11,014 DEBUG n.e.o.t.s.UpdateSvc                 - llnl-mr2:xe-2/0/0 52                                        
2019-02-06 13:52:11,014 DEBUG n.e.o.t.s.UpdateSvc                 - llnl-mr2:ae0 52                                             
2019-02-06 13:52:11,014 DEBUG n.e.o.t.s.UpdateSvc                 - llnl-mr2:xe-1/3/0 52                                        
2019-02-06 13:52:11,014 DEBUG n.e.o.t.s.UpdateSvc                 - llnl-mr2:xe-2/1/0 52                                        
2019-02-06 13:52:11,014 DEBUG n.e.o.t.s.UpdateSvc                 - llnl-mr2:ge-3/0/1 52                                        
2019-02-06 13:52:11,014 DEBUG n.e.o.t.s.UpdateSvc                 - llnl-mr2:xe-1/0/0 52                                        
2019-02-06 13:52:11,014 DEBUG n.e.o.t.s.UpdateSvc                 - llnl-mr2:xe-0/2/0 52                                        
2019-02-06 13:52:11,014 DEBUG n.e.o.t.s.UpdateSvc                 - llnl-mr2:xe-3/2/0 52                                        
2019-02-06 13:52:11,014 DEBUG n.e.o.t.s.UpdateSvc                 - llnl-mr2:ge-3/0/0 52                                        
2019-02-06 13:52:11,014 DEBUG n.e.o.t.s.UpdateSvc                 - llnl-mr2:xe-0/1/0 52                                        
2019-02-06 13:52:11,014 DEBUG n.e.o.t.s.UpdateSvc                 - llnl-mr2:xe-2/2/0 52                                        
2019-02-06 13:52:11,017 INFO  n.e.o.t.s.UpdateSvc                 - inserting p: denv-cr5:9/1/3 to denv-cr5                     
2019-02-06 13:52:11,018 DEBUG n.e.o.t.s.UpdateSvc                 - denv-cr5:10/1/7 75                                          
2019-02-06 13:52:11,018 DEBUG n.e.o.t.s.UpdateSvc                 - denv-cr5:4/2/1 75                                           
2019-02-06 13:52:11,018 DEBUG n.e.o.t.s.UpdateSvc                 - denv-cr5:10/1/11 75                                         
2019-02-06 13:52:11,018 DEBUG n.e.o.t.s.UpdateSvc                 - denv-cr5:4/1/1 75                                           
2019-02-06 13:52:11,018 DEBUG n.e.o.t.s.UpdateSvc                 - denv-cr5:1/1/1 75                                           
2019-02-06 13:52:11,018 DEBUG n.e.o.t.s.UpdateSvc                 - denv-cr5:10/1/5 75                                          
2019-02-06 13:52:11,018 DEBUG n.e.o.t.s.UpdateSvc                 - denv-cr5:10/1/10 75                                         
2019-02-06 13:52:11,018 DEBUG n.e.o.t.s.UpdateSvc                 - denv-cr5:10/1/3 75                                          
2019-02-06 13:52:11,018 DEBUG n.e.o.t.s.UpdateSvc                 - denv-cr5:10/1/4 75                                          
2019-02-06 13:52:11,018 DEBUG n.e.o.t.s.UpdateSvc                 - denv-cr5:10/1/12 75                                         
2019-02-06 13:52:11,018 DEBUG n.e.o.t.s.UpdateSvc                 - denv-cr5:10/1/6 75                                          
2019-02-06 13:52:11,018 DEBUG n.e.o.t.s.UpdateSvc                 - denv-cr5:9/1/3 75                                           
2019-02-06 13:52:11,020 INFO  n.e.o.t.s.UpdateSvc                 - inserting p: denv-cr5:9/1/1 to denv-cr5                     
2019-02-06 13:52:11,021 DEBUG n.e.o.t.s.UpdateSvc                 - denv-cr5:4/1/1 75                                           
2019-02-06 13:52:11,021 DEBUG n.e.o.t.s.UpdateSvc                 - denv-cr5:1/1/1 75                                           
2019-02-06 13:52:11,021 DEBUG n.e.o.t.s.UpdateSvc                 - denv-cr5:10/1/10 75                                         
2019-02-06 13:52:11,021 DEBUG n.e.o.t.s.UpdateSvc                 - denv-cr5:10/1/3 75                                          
2019-02-06 13:52:11,021 DEBUG n.e.o.t.s.UpdateSvc                 - denv-cr5:10/1/4 75                                          
2019-02-06 13:52:11,021 DEBUG n.e.o.t.s.UpdateSvc                 - denv-cr5:10/1/12 75                                         
2019-02-06 13:52:11,021 DEBUG n.e.o.t.s.UpdateSvc                 - denv-cr5:10/1/7 75                                          
2019-02-06 13:52:11,021 DEBUG n.e.o.t.s.UpdateSvc                 - denv-cr5:4/2/1 75                                           
2019-02-06 13:52:11,021 DEBUG n.e.o.t.s.UpdateSvc                 - denv-cr5:10/1/11 75                                         
2019-02-06 13:52:11,021 DEBUG n.e.o.t.s.UpdateSvc                 - denv-cr5:10/1/5 75                                          
2019-02-06 13:52:11,022 DEBUG n.e.o.t.s.UpdateSvc                 - denv-cr5:9/1/1 75                                           
2019-02-06 13:52:11,022 DEBUG n.e.o.t.s.UpdateSvc                 - denv-cr5:10/1/6 75                                          
2019-02-06 13:52:11,022 DEBUG n.e.o.t.s.UpdateSvc                 - denv-cr5:9/1/3 75                                           
2019-02-06 13:52:11,024 INFO  n.e.o.t.s.UpdateSvc                 - inserting p: osti-rt2:xe-1/2/0 to osti-rt2                  
2019-02-06 13:52:11,025 DEBUG n.e.o.t.s.UpdateSvc                 - osti-rt2:ae0 70                                             
2019-02-06 13:52:11,025 DEBUG n.e.o.t.s.UpdateSvc                 - osti-rt2:xe-1/2/0 70                                        
2019-02-06 13:52:11,027 INFO  n.e.o.t.s.UpdateSvc                 - inserting p: chic-cr5:2/1/1 to chic-cr5                     
2019-02-06 13:52:11,028 DEBUG n.e.o.t.s.UpdateSvc                 - chic-cr5:6/1/1 55                                           
2019-02-06 13:52:11,028 DEBUG n.e.o.t.s.UpdateSvc                 - chic-cr5:7/1/1 55                                           
2019-02-06 13:52:11,028 DEBUG n.e.o.t.s.UpdateSvc                 - chic-cr5:8/1/1 55                                           
2019-02-06 13:52:11,028 DEBUG n.e.o.t.s.UpdateSvc                 - chic-cr5:10/1/3 55                                          
2019-02-06 13:52:11,028 DEBUG n.e.o.t.s.UpdateSvc                 - chic-cr5:10/1/1 55                                          
2019-02-06 13:52:11,028 DEBUG n.e.o.t.s.UpdateSvc                 - chic-cr5:BLANK 55                                           
2019-02-06 13:52:11,028 DEBUG n.e.o.t.s.UpdateSvc                 - chic-cr5:10/1/5 55                                          
2019-02-06 13:52:11,028 DEBUG n.e.o.t.s.UpdateSvc                 - chic-cr5:1/1/1 55                                           
2019-02-06 13:52:11,028 DEBUG n.e.o.t.s.UpdateSvc                 - chic-cr5:10/1/7 55                                          
2019-02-06 13:52:11,028 DEBUG n.e.o.t.s.UpdateSvc                 - chic-cr5:7/2/1 55                                           
2019-02-06 13:52:11,028 DEBUG n.e.o.t.s.UpdateSvc                 - chic-cr5:3/1/1 55                                           
2019-02-06 13:52:11,028 DEBUG n.e.o.t.s.UpdateSvc                 - chic-cr5:10/1/4 55                                          
2019-02-06 13:52:11,028 DEBUG n.e.o.t.s.UpdateSvc                 - chic-cr5:6/2/1 55                                           
2019-02-06 13:52:11,028 DEBUG n.e.o.t.s.UpdateSvc                 - chic-cr5:2/1/1 55                                           
2019-02-06 13:52:11,043 INFO  n.e.o.t.s.UpdateSvc                 - inserting p: lbl-mr2:xe-2/3/0 to lbl-mr2                    
2019-02-06 13:52:11,046 DEBUG n.e.o.t.s.UpdateSvc                 - lbl-mr2:xe-8/1/0 74                                         
2019-02-06 13:52:11,046 DEBUG n.e.o.t.s.UpdateSvc                 - lbl-mr2:xe-1/1/0 74                                         
2019-02-06 13:52:11,046 DEBUG n.e.o.t.s.UpdateSvc                 - lbl-mr2:xe-0/2/0 74                                         
2019-02-06 13:52:11,046 DEBUG n.e.o.t.s.UpdateSvc                 - lbl-mr2:xe-7/0/0 74                                         
2019-02-06 13:52:11,046 DEBUG n.e.o.t.s.UpdateSvc                 - lbl-mr2:ae0 74                                              
2019-02-06 13:52:11,046 DEBUG n.e.o.t.s.UpdateSvc                 - lbl-mr2:xe-0/1/0 74                                         
2019-02-06 13:52:11,046 DEBUG n.e.o.t.s.UpdateSvc                 - lbl-mr2:xe-8/3/0 74                                         
2019-02-06 13:52:11,046 DEBUG n.e.o.t.s.UpdateSvc                 - lbl-mr2:xe-7/2/0 74                                         
2019-02-06 13:52:11,046 DEBUG n.e.o.t.s.UpdateSvc                 - lbl-mr2:xe-2/3/0 74                                         
2019-02-06 13:52:11,050 INFO  n.e.o.t.s.UpdateSvc                 - inserting p: amst-cr5:2/1/1 to amst-cr5                     
2019-02-06 13:52:11,051 DEBUG n.e.o.t.s.UpdateSvc                 - amst-cr5:5/1/1 72                                           
2019-02-06 13:52:11,051 DEBUG n.e.o.t.s.UpdateSvc                 - amst-cr5:3/1/1 72                                           
2019-02-06 13:52:11,051 DEBUG n.e.o.t.s.UpdateSvc                 - amst-cr5:2/1/1 72                                           
2019-02-06 13:52:11,051 DEBUG n.e.o.t.s.UpdateSvc                 - amst-cr5:10/1/1 72                                          
2019-02-06 13:52:11,051 DEBUG n.e.o.t.s.UpdateSvc                 - amst-cr5:10/1/2 72                                          
2019-02-06 13:52:11,051 DEBUG n.e.o.t.s.UpdateSvc                 - amst-cr5:10/2/5 72                                          
2019-02-06 13:52:11,055 INFO  n.e.o.t.s.UpdateSvc                 - inserting p: sunn-cr5:2/1/1 to sunn-cr5                     
2019-02-06 13:52:11,056 DEBUG n.e.o.t.s.UpdateSvc                 - sunn-cr5:10/1/6 50                                          
2019-02-06 13:52:11,056 DEBUG n.e.o.t.s.UpdateSvc                 - sunn-cr5:10/1/5 50                                          
2019-02-06 13:52:11,056 DEBUG n.e.o.t.s.UpdateSvc                 - sunn-cr5:10/2/4 50                                          
2019-02-06 13:52:11,056 DEBUG n.e.o.t.s.UpdateSvc                 - sunn-cr5:10/2/3 50                                          
2019-02-06 13:52:11,056 DEBUG n.e.o.t.s.UpdateSvc                 - sunn-cr5:10/2/6 50                                          
2019-02-06 13:52:11,056 DEBUG n.e.o.t.s.UpdateSvc                 - sunn-cr5:7/1/1 50                                           
2019-02-06 13:52:11,056 DEBUG n.e.o.t.s.UpdateSvc                 - sunn-cr5:4/1/1 50                                           
2019-02-06 13:52:11,056 DEBUG n.e.o.t.s.UpdateSvc                 - sunn-cr5:10/2/1 50                                          
2019-02-06 13:52:11,056 DEBUG n.e.o.t.s.UpdateSvc                 - sunn-cr5:10/2/5 50                                          
2019-02-06 13:52:11,056 DEBUG n.e.o.t.s.UpdateSvc                 - sunn-cr5:5/1/1 50                                           
2019-02-06 13:52:11,056 DEBUG n.e.o.t.s.UpdateSvc                 - sunn-cr5:10/1/1 50                                          
2019-02-06 13:52:11,056 DEBUG n.e.o.t.s.UpdateSvc                 - sunn-cr5:2/1/1 50                                           
2019-02-06 13:52:11,056 DEBUG n.e.o.t.s.UpdateSvc                 - sunn-cr5:10/1/3 50                                          
2019-02-06 13:52:11,056 DEBUG n.e.o.t.s.UpdateSvc                 - sunn-cr5:2/2/1 50                                           
2019-02-06 13:52:11,056 DEBUG n.e.o.t.s.UpdateSvc                 - sunn-cr5:8/1/1 50                                           
2019-02-06 13:52:11,056 DEBUG n.e.o.t.s.UpdateSvc                 - sunn-cr5:5/2/1 50                                           
2019-02-06 13:52:11,056 DEBUG n.e.o.t.s.UpdateSvc                 - sunn-cr5:10/1/4 50                                          
2019-02-06 13:52:11,056 DEBUG n.e.o.t.s.UpdateSvc                 - sunn-cr5:10/1/2 50                                          
2019-02-06 13:52:11,056 DEBUG n.e.o.t.s.UpdateSvc                 - sunn-cr5:7/2/1 50                                           
2019-02-06 13:52:11,057 DEBUG n.e.o.t.s.UpdateSvc                 - sunn-cr5:10/2/2 50                                          
2019-02-06 13:52:11,059 INFO  n.e.o.t.s.UpdateSvc                 - inserting p: nash-cr5:3/1/1 to nash-cr5                     
2019-02-06 13:52:11,060 DEBUG n.e.o.t.s.UpdateSvc                 - nash-cr5:10/1/5 45                                          
2019-02-06 13:52:11,060 DEBUG n.e.o.t.s.UpdateSvc                 - nash-cr5:3/1/1 45                                           
2019-02-06 13:52:11,060 DEBUG n.e.o.t.s.UpdateSvc                 - nash-cr5:1/2/1 45                                           
2019-02-06 13:52:11,060 DEBUG n.e.o.t.s.UpdateSvc                 - nash-cr5:10/1/6 45                                          
2019-02-06 13:52:11,060 DEBUG n.e.o.t.s.UpdateSvc                 - nash-cr5:2/1/1 45                                           
2019-02-06 13:52:11,060 DEBUG n.e.o.t.s.UpdateSvc                 - nash-cr5:10/1/3 45                                          
2019-02-06 13:52:11,060 DEBUG n.e.o.t.s.UpdateSvc                 - nash-cr5:1/1/1 45                                           
2019-02-06 13:52:11,060 DEBUG n.e.o.t.s.UpdateSvc                 - nash-cr5:10/1/4 45                                          
2019-02-06 13:52:11,063 INFO  n.e.o.t.s.UpdateSvc                 - inserting p: pppl-rt5:xe-1/3/0 to pppl-rt5                  
2019-02-06 13:52:11,064 DEBUG n.e.o.t.s.UpdateSvc                 - pppl-rt5:xe-1/3/0 30                                        
2019-02-06 13:52:11,066 INFO  n.e.o.t.s.UpdateSvc                 - inserting p: snll-mr2:xe-0/2/0 to snll-mr2                  
2019-02-06 13:52:11,068 DEBUG n.e.o.t.s.UpdateSvc                 - snll-mr2:xe-2/2/0 40                                        
2019-02-06 13:52:11,068 DEBUG n.e.o.t.s.UpdateSvc                 - snll-mr2:xe-1/3/0 40                                        
2019-02-06 13:52:11,068 DEBUG n.e.o.t.s.UpdateSvc                 - snll-mr2:xe-0/2/0 40                                        
2019-02-06 13:52:11,068 DEBUG n.e.o.t.s.UpdateSvc                 - snll-mr2:xe-2/0/0 40                                        
2019-02-06 13:52:11,068 DEBUG n.e.o.t.s.UpdateSvc                 - snll-mr2:xe-2/3/0 40                                        
2019-02-06 13:52:11,068 DEBUG n.e.o.t.s.UpdateSvc                 - snll-mr2:xe-1/2/0 40                                        
2019-02-06 13:52:11,070 INFO  n.e.o.t.s.UpdateSvc                 - inserting p: lbl-mr2:ge-9/0/4 to lbl-mr2                    
2019-02-06 13:52:11,072 DEBUG n.e.o.t.s.UpdateSvc                 - lbl-mr2:xe-8/1/0 74                                         
2019-02-06 13:52:11,072 DEBUG n.e.o.t.s.UpdateSvc                 - lbl-mr2:xe-1/1/0 74                                         
2019-02-06 13:52:11,072 DEBUG n.e.o.t.s.UpdateSvc                 - lbl-mr2:ge-9/0/4 74                                         
2019-02-06 13:52:11,072 DEBUG n.e.o.t.s.UpdateSvc                 - lbl-mr2:xe-0/2/0 74                                         
2019-02-06 13:52:11,072 DEBUG n.e.o.t.s.UpdateSvc                 - lbl-mr2:xe-7/0/0 74                                         
2019-02-06 13:52:11,072 DEBUG n.e.o.t.s.UpdateSvc                 - lbl-mr2:ae0 74                                              
2019-02-06 13:52:11,072 DEBUG n.e.o.t.s.UpdateSvc                 - lbl-mr2:xe-0/1/0 74                                         
2019-02-06 13:52:11,072 DEBUG n.e.o.t.s.UpdateSvc                 - lbl-mr2:xe-8/3/0 74                                         
2019-02-06 13:52:11,072 DEBUG n.e.o.t.s.UpdateSvc                 - lbl-mr2:xe-7/2/0 74                                         
2019-02-06 13:52:11,072 DEBUG n.e.o.t.s.UpdateSvc                 - lbl-mr2:xe-2/3/0 74                                         
2019-02-06 13:52:11,075 INFO  n.e.o.t.s.UpdateSvc                 - inserting p: anl-mr2:xe-1/3/0 to anl-mr2                    
2019-02-06 13:52:11,076 DEBUG n.e.o.t.s.UpdateSvc                 - anl-mr2:xe-1/3/0 53                                         
2019-02-06 13:52:11,076 DEBUG n.e.o.t.s.UpdateSvc                 - anl-mr2:xe-2/3/0 53                                         
2019-02-06 13:52:11,076 DEBUG n.e.o.t.s.UpdateSvc                 - anl-mr2:ae0 53                                              
2019-02-06 13:52:11,076 DEBUG n.e.o.t.s.UpdateSvc                 - anl-mr2:xe-0/0/0 53                                         
2019-02-06 13:52:11,076 DEBUG n.e.o.t.s.UpdateSvc                 - anl-mr2:xe-0/1/0 53                                         
2019-02-06 13:52:11,078 INFO  n.e.o.t.s.UpdateSvc                 - inserting p: denv-cr5:3/1/1 to denv-cr5                     
2019-02-06 13:52:11,079 DEBUG n.e.o.t.s.UpdateSvc                 - denv-cr5:4/1/1 75                                           
2019-02-06 13:52:11,079 DEBUG n.e.o.t.s.UpdateSvc                 - denv-cr5:1/1/1 75                                           
2019-02-06 13:52:11,079 DEBUG n.e.o.t.s.UpdateSvc                 - denv-cr5:10/1/10 75                                         
2019-02-06 13:52:11,079 DEBUG n.e.o.t.s.UpdateSvc                 - denv-cr5:10/1/3 75                                          
2019-02-06 13:52:11,079 DEBUG n.e.o.t.s.UpdateSvc                 - denv-cr5:10/1/4 75                                          
2019-02-06 13:52:11,079 DEBUG n.e.o.t.s.UpdateSvc                 - denv-cr5:10/1/12 75                                         
2019-02-06 13:52:11,079 DEBUG n.e.o.t.s.UpdateSvc                 - denv-cr5:10/1/7 75                                          
2019-02-06 13:52:11,079 DEBUG n.e.o.t.s.UpdateSvc                 - denv-cr5:4/2/1 75                                           
2019-02-06 13:52:11,079 DEBUG n.e.o.t.s.UpdateSvc                 - denv-cr5:10/1/11 75                                         
2019-02-06 13:52:11,079 DEBUG n.e.o.t.s.UpdateSvc                 - denv-cr5:10/1/5 75                                          
2019-02-06 13:52:11,079 DEBUG n.e.o.t.s.UpdateSvc                 - denv-cr5:9/1/1 75                                           
2019-02-06 13:52:11,079 DEBUG n.e.o.t.s.UpdateSvc                 - denv-cr5:3/1/1 75                                           
2019-02-06 13:52:11,079 DEBUG n.e.o.t.s.UpdateSvc                 - denv-cr5:10/1/6 75                                          
2019-02-06 13:52:11,079 DEBUG n.e.o.t.s.UpdateSvc                 - denv-cr5:9/1/3 75                                           
2019-02-06 13:52:11,082 INFO  n.e.o.t.s.UpdateSvc                 - inserting p: star-cr5:1/2/1 to star-cr5                     
2019-02-06 13:52:11,083 DEBUG n.e.o.t.s.UpdateSvc                 - star-cr5:3/1/1 76                                           
2019-02-06 13:52:11,083 DEBUG n.e.o.t.s.UpdateSvc                 - star-cr5:6/1/1 76                                           
2019-02-06 13:52:11,083 DEBUG n.e.o.t.s.UpdateSvc                 - star-cr5:10/1/1 76                                          
2019-02-06 13:52:11,083 DEBUG n.e.o.t.s.UpdateSvc                 - star-cr5:10/1/7 76                                          
2019-02-06 13:52:11,083 DEBUG n.e.o.t.s.UpdateSvc                 - star-cr5:10/1/8 76                                          
2019-02-06 13:52:11,083 DEBUG n.e.o.t.s.UpdateSvc                 - star-cr5:4/1/1 76                                           
2019-02-06 13:52:11,083 DEBUG n.e.o.t.s.UpdateSvc                 - star-cr5:5/1/1 76                                           
2019-02-06 13:52:11,083 DEBUG n.e.o.t.s.UpdateSvc                 - star-cr5:4/2/1 76                                           
2019-02-06 13:52:11,083 DEBUG n.e.o.t.s.UpdateSvc                 - star-cr5:BLANK 76                                           
2019-02-06 13:52:11,083 DEBUG n.e.o.t.s.UpdateSvc                 - star-cr5:1/2/1 76                                           
2019-02-06 13:52:11,083 DEBUG n.e.o.t.s.UpdateSvc                 - star-cr5:3/2/1 76                                           
2019-02-06 13:52:11,083 DEBUG n.e.o.t.s.UpdateSvc                 - star-cr5:6/2/1 76                                           
2019-02-06 13:52:11,086 INFO  n.e.o.t.s.UpdateSvc                 - inserting p: chic-cr5:4/1/1 to chic-cr5                     
2019-02-06 13:52:11,087 DEBUG n.e.o.t.s.UpdateSvc                 - chic-cr5:6/1/1 55                                           
2019-02-06 13:52:11,087 DEBUG n.e.o.t.s.UpdateSvc                 - chic-cr5:7/1/1 55                                           
2019-02-06 13:52:11,087 DEBUG n.e.o.t.s.UpdateSvc                 - chic-cr5:8/1/1 55                                           
2019-02-06 13:52:11,087 DEBUG n.e.o.t.s.UpdateSvc                 - chic-cr5:10/1/3 55                                          
2019-02-06 13:52:11,087 DEBUG n.e.o.t.s.UpdateSvc                 - chic-cr5:10/1/1 55                                          
2019-02-06 13:52:11,087 DEBUG n.e.o.t.s.UpdateSvc                 - chic-cr5:BLANK 55                                           
2019-02-06 13:52:11,087 DEBUG n.e.o.t.s.UpdateSvc                 - chic-cr5:10/1/5 55                                          
2019-02-06 13:52:11,087 DEBUG n.e.o.t.s.UpdateSvc                 - chic-cr5:1/1/1 55                                           
2019-02-06 13:52:11,087 DEBUG n.e.o.t.s.UpdateSvc                 - chic-cr5:10/1/7 55                                          
2019-02-06 13:52:11,087 DEBUG n.e.o.t.s.UpdateSvc                 - chic-cr5:7/2/1 55                                           
2019-02-06 13:52:11,087 DEBUG n.e.o.t.s.UpdateSvc                 - chic-cr5:3/1/1 55                                           
2019-02-06 13:52:11,087 DEBUG n.e.o.t.s.UpdateSvc                 - chic-cr5:10/1/4 55                                          
2019-02-06 13:52:11,087 DEBUG n.e.o.t.s.UpdateSvc                 - chic-cr5:6/2/1 55                                           
2019-02-06 13:52:11,087 DEBUG n.e.o.t.s.UpdateSvc                 - chic-cr5:2/1/1 55                                           
2019-02-06 13:52:11,087 DEBUG n.e.o.t.s.UpdateSvc                 - chic-cr5:4/1/1 55                                           
2019-02-06 13:52:11,090 INFO  n.e.o.t.s.UpdateSvc                 - inserting p: srs-rt3:ge-1/0/0 to srs-rt3                    
2019-02-06 13:52:11,091 DEBUG n.e.o.t.s.UpdateSvc                 - srs-rt3:ge-0/1/0 31                                         
2019-02-06 13:52:11,091 DEBUG n.e.o.t.s.UpdateSvc                 - srs-rt3:ge-1/0/0 31                                         
2019-02-06 13:52:11,091 DEBUG n.e.o.t.s.UpdateSvc                 - srs-rt3:ge-0/0/0 31                                         
2019-02-06 13:52:11,094 INFO  n.e.o.t.s.UpdateSvc                 - inserting p: sunn-cr5:9/1/2 to sunn-cr5                     
2019-02-06 13:52:11,095 DEBUG n.e.o.t.s.UpdateSvc                 - sunn-cr5:10/1/6 50                                          
2019-02-06 13:52:11,095 DEBUG n.e.o.t.s.UpdateSvc                 - sunn-cr5:10/1/5 50                                          
2019-02-06 13:52:11,095 DEBUG n.e.o.t.s.UpdateSvc                 - sunn-cr5:10/2/4 50                                          
2019-02-06 13:52:11,095 DEBUG n.e.o.t.s.UpdateSvc                 - sunn-cr5:10/2/3 50                                          
2019-02-06 13:52:11,095 DEBUG n.e.o.t.s.UpdateSvc                 - sunn-cr5:10/2/6 50                                          
2019-02-06 13:52:11,095 DEBUG n.e.o.t.s.UpdateSvc                 - sunn-cr5:7/1/1 50                                           
2019-02-06 13:52:11,095 DEBUG n.e.o.t.s.UpdateSvc                 - sunn-cr5:4/1/1 50                                           
2019-02-06 13:52:11,095 DEBUG n.e.o.t.s.UpdateSvc                 - sunn-cr5:10/2/1 50                                          
2019-02-06 13:52:11,095 DEBUG n.e.o.t.s.UpdateSvc                 - sunn-cr5:10/2/5 50                                          
2019-02-06 13:52:11,095 DEBUG n.e.o.t.s.UpdateSvc                 - sunn-cr5:5/1/1 50                                           
2019-02-06 13:52:11,096 DEBUG n.e.o.t.s.UpdateSvc                 - sunn-cr5:10/1/1 50                                          
2019-02-06 13:52:11,096 DEBUG n.e.o.t.s.UpdateSvc                 - sunn-cr5:2/1/1 50                                           
2019-02-06 13:52:11,096 DEBUG n.e.o.t.s.UpdateSvc                 - sunn-cr5:10/1/3 50                                          
2019-02-06 13:52:11,096 DEBUG n.e.o.t.s.UpdateSvc                 - sunn-cr5:2/2/1 50                                           
2019-02-06 13:52:11,096 DEBUG n.e.o.t.s.UpdateSvc                 - sunn-cr5:8/1/1 50                                           
2019-02-06 13:52:11,096 DEBUG n.e.o.t.s.UpdateSvc                 - sunn-cr5:5/2/1 50                                           
2019-02-06 13:52:11,096 DEBUG n.e.o.t.s.UpdateSvc                 - sunn-cr5:10/1/4 50                                          
2019-02-06 13:52:11,096 DEBUG n.e.o.t.s.UpdateSvc                 - sunn-cr5:10/1/2 50                                          
2019-02-06 13:52:11,096 DEBUG n.e.o.t.s.UpdateSvc                 - sunn-cr5:7/2/1 50                                           
2019-02-06 13:52:11,096 DEBUG n.e.o.t.s.UpdateSvc                 - sunn-cr5:10/2/2 50                                          
2019-02-06 13:52:11,096 DEBUG n.e.o.t.s.UpdateSvc                 - sunn-cr5:9/1/2 50                                           
2019-02-06 13:52:11,098 INFO  n.e.o.t.s.UpdateSvc                 - inserting p: sunn-cr5:9/1/1 to sunn-cr5                     
2019-02-06 13:52:11,099 DEBUG n.e.o.t.s.UpdateSvc                 - sunn-cr5:10/1/6 50                                          
2019-02-06 13:52:11,099 DEBUG n.e.o.t.s.UpdateSvc                 - sunn-cr5:10/1/5 50                                          
2019-02-06 13:52:11,099 DEBUG n.e.o.t.s.UpdateSvc                 - sunn-cr5:10/2/4 50                                          
2019-02-06 13:52:11,099 DEBUG n.e.o.t.s.UpdateSvc                 - sunn-cr5:10/2/3 50                                          
2019-02-06 13:52:11,099 DEBUG n.e.o.t.s.UpdateSvc                 - sunn-cr5:10/2/6 50                                          
2019-02-06 13:52:11,099 DEBUG n.e.o.t.s.UpdateSvc                 - sunn-cr5:7/1/1 50                                           
2019-02-06 13:52:11,099 DEBUG n.e.o.t.s.UpdateSvc                 - sunn-cr5:4/1/1 50                                           
2019-02-06 13:52:11,099 DEBUG n.e.o.t.s.UpdateSvc                 - sunn-cr5:10/2/1 50                                          
2019-02-06 13:52:11,099 DEBUG n.e.o.t.s.UpdateSvc                 - sunn-cr5:10/2/5 50                                          
2019-02-06 13:52:11,099 DEBUG n.e.o.t.s.UpdateSvc                 - sunn-cr5:5/1/1 50                                           
2019-02-06 13:52:11,099 DEBUG n.e.o.t.s.UpdateSvc                 - sunn-cr5:10/1/1 50                                          
2019-02-06 13:52:11,099 DEBUG n.e.o.t.s.UpdateSvc                 - sunn-cr5:2/1/1 50                                           
2019-02-06 13:52:11,099 DEBUG n.e.o.t.s.UpdateSvc                 - sunn-cr5:10/1/3 50                                          
2019-02-06 13:52:11,100 DEBUG n.e.o.t.s.UpdateSvc                 - sunn-cr5:2/2/1 50                                           
2019-02-06 13:52:11,100 DEBUG n.e.o.t.s.UpdateSvc                 - sunn-cr5:8/1/1 50                                           
2019-02-06 13:52:11,100 DEBUG n.e.o.t.s.UpdateSvc                 - sunn-cr5:5/2/1 50                                           
2019-02-06 13:52:11,100 DEBUG n.e.o.t.s.UpdateSvc                 - sunn-cr5:10/1/4 50                                          
2019-02-06 13:52:11,100 DEBUG n.e.o.t.s.UpdateSvc                 - sunn-cr5:9/1/1 50                                           
2019-02-06 13:52:11,100 DEBUG n.e.o.t.s.UpdateSvc                 - sunn-cr5:10/1/2 50                                          
2019-02-06 13:52:11,100 DEBUG n.e.o.t.s.UpdateSvc                 - sunn-cr5:7/2/1 50                                           
2019-02-06 13:52:11,100 DEBUG n.e.o.t.s.UpdateSvc                 - sunn-cr5:10/2/2 50                                          
2019-02-06 13:52:11,100 DEBUG n.e.o.t.s.UpdateSvc                 - sunn-cr5:9/1/2 50                                           
2019-02-06 13:52:11,103 INFO  n.e.o.t.s.UpdateSvc                 - inserting p: fnal-mr2:xe-8/1/0 to fnal-mr2                  
2019-02-06 13:52:11,103 DEBUG n.e.o.t.s.UpdateSvc                 - fnal-mr2:xe-0/0/0 65                                        
2019-02-06 13:52:11,103 DEBUG n.e.o.t.s.UpdateSvc                 - fnal-mr2:xe-8/1/0 65                                        
2019-02-06 13:52:11,103 DEBUG n.e.o.t.s.UpdateSvc                 - fnal-mr2:xe-1/3/0 65                                        
2019-02-06 13:52:11,106 INFO  n.e.o.t.s.UpdateSvc                 - inserting p: aofa-cr5:7/2/1 to aofa-cr5                     
2019-02-06 13:52:11,106 DEBUG n.e.o.t.s.UpdateSvc                 - aofa-cr5:4/2/1 69                                           
2019-02-06 13:52:11,106 DEBUG n.e.o.t.s.UpdateSvc                 - aofa-cr5:4/1/1 69                                           
2019-02-06 13:52:11,106 DEBUG n.e.o.t.s.UpdateSvc                 - aofa-cr5:3/1/1 69                                           
2019-02-06 13:52:11,107 DEBUG n.e.o.t.s.UpdateSvc                 - aofa-cr5:10/1/1 69                                          
2019-02-06 13:52:11,107 DEBUG n.e.o.t.s.UpdateSvc                 - aofa-cr5:10/1/9 69                                          
2019-02-06 13:52:11,107 DEBUG n.e.o.t.s.UpdateSvc                 - aofa-cr5:9/1/5 69                                           
2019-02-06 13:52:11,107 DEBUG n.e.o.t.s.UpdateSvc                 - aofa-cr5:5/1/1 69                                           
2019-02-06 13:52:11,107 DEBUG n.e.o.t.s.UpdateSvc                 - aofa-cr5:6/2/1 69                                           
2019-02-06 13:52:11,107 DEBUG n.e.o.t.s.UpdateSvc                 - aofa-cr5:10/1/8 69                                          
2019-02-06 13:52:11,107 DEBUG n.e.o.t.s.UpdateSvc                 - aofa-cr5:2/1/1 69                                           
2019-02-06 13:52:11,107 DEBUG n.e.o.t.s.UpdateSvc                 - aofa-cr5:7/2/1 69                                           
2019-02-06 13:52:11,107 DEBUG n.e.o.t.s.UpdateSvc                 - aofa-cr5:1/1/1 69                                           
2019-02-06 13:52:11,107 DEBUG n.e.o.t.s.UpdateSvc                 - aofa-cr5:9/1/1 69                                           
2019-02-06 13:52:11,107 DEBUG n.e.o.t.s.UpdateSvc                 - aofa-cr5:10/1/2 69                                          
2019-02-06 13:52:11,109 INFO  n.e.o.t.s.UpdateSvc                 - inserting p: ga-rt2:xe-0/0/0 to ga-rt2                      
2019-02-06 13:52:11,109 DEBUG n.e.o.t.s.UpdateSvc                 - ga-rt2:xe-0/0/0 37                                          
2019-02-06 13:52:11,109 DEBUG n.e.o.t.s.UpdateSvc                 - ga-rt2:ge-1/0/5 37                                          
2019-02-06 13:52:11,109 DEBUG n.e.o.t.s.UpdateSvc                 - ga-rt2:ge-1/0/3 37                                          
2019-02-06 13:52:11,109 DEBUG n.e.o.t.s.UpdateSvc                 - ga-rt2:ge-1/1/3 37                                          
2019-02-06 13:52:11,112 INFO  n.e.o.t.s.UpdateSvc                 - inserting p: fnal-mr2:xe-1/1/0 to fnal-mr2                  
2019-02-06 13:52:11,113 DEBUG n.e.o.t.s.UpdateSvc                 - fnal-mr2:xe-1/1/0 65                                        
2019-02-06 13:52:11,113 DEBUG n.e.o.t.s.UpdateSvc                 - fnal-mr2:xe-0/0/0 65                                        
2019-02-06 13:52:11,113 DEBUG n.e.o.t.s.UpdateSvc                 - fnal-mr2:xe-8/1/0 65                                        
2019-02-06 13:52:11,113 DEBUG n.e.o.t.s.UpdateSvc                 - fnal-mr2:xe-1/3/0 65                                        
2019-02-06 13:52:11,115 INFO  n.e.o.t.s.UpdateSvc                 - inserting p: elpa-cr5:3/1/1 to elpa-cr5                     
2019-02-06 13:52:11,116 DEBUG n.e.o.t.s.UpdateSvc                 - elpa-cr5:10/1/3 46                                          
2019-02-06 13:52:11,116 DEBUG n.e.o.t.s.UpdateSvc                 - elpa-cr5:10/1/4 46                                          
2019-02-06 13:52:11,116 DEBUG n.e.o.t.s.UpdateSvc                 - elpa-cr5:3/1/1 46                                           
2019-02-06 13:52:11,116 DEBUG n.e.o.t.s.UpdateSvc                 - elpa-cr5:10/1/5 46                                          
2019-02-06 13:52:11,116 DEBUG n.e.o.t.s.UpdateSvc                 - elpa-cr5:1/1/1 46                                           
2019-02-06 13:52:11,118 INFO  n.e.o.t.s.UpdateSvc                 - inserting p: netl-mgn-rt1:xe-2/0/0 to netl-mgn-rt1          
2019-02-06 13:52:11,119 DEBUG n.e.o.t.s.UpdateSvc                 - netl-mgn-rt1:xe-2/0/0 43                                    
2019-02-06 13:52:11,121 INFO  n.e.o.t.s.UpdateSvc                 - inserting p: netl-mgn-rt1:xe-2/0/1 to netl-mgn-rt1          
2019-02-06 13:52:11,121 DEBUG n.e.o.t.s.UpdateSvc                 - netl-mgn-rt1:xe-2/0/1 43                                    
2019-02-06 13:52:11,122 DEBUG n.e.o.t.s.UpdateSvc                 - netl-mgn-rt1:xe-2/0/0 43                                    
2019-02-06 13:52:11,124 INFO  n.e.o.t.s.UpdateSvc                 - inserting p: pppl-rt5:xe-1/2/0 to pppl-rt5                  
2019-02-06 13:52:11,125 DEBUG n.e.o.t.s.UpdateSvc                 - pppl-rt5:xe-1/2/0 30                                        
2019-02-06 13:52:11,125 DEBUG n.e.o.t.s.UpdateSvc                 - pppl-rt5:xe-1/3/0 30                                        
2019-02-06 13:52:11,128 INFO  n.e.o.t.s.UpdateSvc                 - inserting p: hous-cr5:2/1/1 to hous-cr5                     
2019-02-06 13:52:11,128 DEBUG n.e.o.t.s.UpdateSvc                 - hous-cr5:2/1/1 68                                           
2019-02-06 13:52:11,128 DEBUG n.e.o.t.s.UpdateSvc                 - hous-cr5:10/1/4 68                                          
2019-02-06 13:52:11,128 DEBUG n.e.o.t.s.UpdateSvc                 - hous-cr5:3/1/1 68                                           
2019-02-06 13:52:11,128 DEBUG n.e.o.t.s.UpdateSvc                 - hous-cr5:10/1/3 68                                          
2019-02-06 13:52:11,129 DEBUG n.e.o.t.s.UpdateSvc                 - hous-cr5:1/1/1 68                                           
2019-02-06 13:52:11,131 INFO  n.e.o.t.s.UpdateSvc                 - inserting p: netl-mgn-rt1:xe-2/0/2 to netl-mgn-rt1          
2019-02-06 13:52:11,131 DEBUG n.e.o.t.s.UpdateSvc                 - netl-mgn-rt1:xe-2/0/1 43                                    
2019-02-06 13:52:11,131 DEBUG n.e.o.t.s.UpdateSvc                 - netl-mgn-rt1:xe-2/0/2 43                                    
2019-02-06 13:52:11,132 DEBUG n.e.o.t.s.UpdateSvc                 - netl-mgn-rt1:xe-2/0/0 43                                    
2019-02-06 13:52:11,135 INFO  n.e.o.t.s.UpdateSvc                 - inserting p: netl-mgn-rt1:xe-2/0/3 to netl-mgn-rt1          
2019-02-06 13:52:11,145 DEBUG n.e.o.t.s.UpdateSvc                 - netl-mgn-rt1:xe-2/0/1 43                                    
2019-02-06 13:52:11,145 DEBUG n.e.o.t.s.UpdateSvc                 - netl-mgn-rt1:xe-2/0/2 43                                    
2019-02-06 13:52:11,145 DEBUG n.e.o.t.s.UpdateSvc                 - netl-mgn-rt1:xe-2/0/3 43                                    
2019-02-06 13:52:11,146 DEBUG n.e.o.t.s.UpdateSvc                 - netl-mgn-rt1:xe-2/0/0 43                                    
2019-02-06 13:52:11,149 INFO  n.e.o.t.s.UpdateSvc                 - inserting p: lbl-mr2:ge-9/1/2 to lbl-mr2                    
2019-02-06 13:52:11,150 DEBUG n.e.o.t.s.UpdateSvc                 - lbl-mr2:xe-8/1/0 74                                         
2019-02-06 13:52:11,150 DEBUG n.e.o.t.s.UpdateSvc                 - lbl-mr2:xe-1/1/0 74                                         
2019-02-06 13:52:11,150 DEBUG n.e.o.t.s.UpdateSvc                 - lbl-mr2:ge-9/1/2 74                                         
2019-02-06 13:52:11,150 DEBUG n.e.o.t.s.UpdateSvc                 - lbl-mr2:ge-9/0/4 74                                         
2019-02-06 13:52:11,150 DEBUG n.e.o.t.s.UpdateSvc                 - lbl-mr2:xe-0/2/0 74                                         
2019-02-06 13:52:11,150 DEBUG n.e.o.t.s.UpdateSvc                 - lbl-mr2:xe-7/0/0 74                                         
2019-02-06 13:52:11,150 DEBUG n.e.o.t.s.UpdateSvc                 - lbl-mr2:ae0 74                                              
2019-02-06 13:52:11,150 DEBUG n.e.o.t.s.UpdateSvc                 - lbl-mr2:xe-0/1/0 74                                         
2019-02-06 13:52:11,150 DEBUG n.e.o.t.s.UpdateSvc                 - lbl-mr2:xe-8/3/0 74                                         
2019-02-06 13:52:11,150 DEBUG n.e.o.t.s.UpdateSvc                 - lbl-mr2:xe-7/2/0 74                                         
2019-02-06 13:52:11,150 DEBUG n.e.o.t.s.UpdateSvc                 - lbl-mr2:xe-2/3/0 74                                         
2019-02-06 13:52:11,153 INFO  n.e.o.t.s.UpdateSvc                 - inserting p: kans-cr5:4/1/1 to kans-cr5                     
2019-02-06 13:52:11,154 DEBUG n.e.o.t.s.UpdateSvc                 - kans-cr5:2/1/1 38                                           
2019-02-06 13:52:11,154 DEBUG n.e.o.t.s.UpdateSvc                 - kans-cr5:4/1/1 38                                           
2019-02-06 13:52:11,154 DEBUG n.e.o.t.s.UpdateSvc                 - kans-cr5:10/1/3 38                                          
2019-02-06 13:52:11,154 DEBUG n.e.o.t.s.UpdateSvc                 - kans-cr5:10/1/4 38                                          
2019-02-06 13:52:11,154 DEBUG n.e.o.t.s.UpdateSvc                 - kans-cr5:1/1/1 38                                           
2019-02-06 13:52:11,154 DEBUG n.e.o.t.s.UpdateSvc                 - kans-cr5:3/1/1 38                                           
2019-02-06 13:52:11,157 INFO  n.e.o.t.s.UpdateSvc                 - inserting p: bois-cr1:xe-7/0/0 to bois-cr1                  
2019-02-06 13:52:11,158 DEBUG n.e.o.t.s.UpdateSvc                 - bois-cr1:xe-0/0/0 39                                        
2019-02-06 13:52:11,158 DEBUG n.e.o.t.s.UpdateSvc                 - bois-cr1:xe-0/2/0 39                                        
2019-02-06 13:52:11,158 DEBUG n.e.o.t.s.UpdateSvc                 - bois-cr1:xe-0/1/0 39                                        
2019-02-06 13:52:11,158 DEBUG n.e.o.t.s.UpdateSvc                 - bois-cr1:xe-7/1/0 39                                        
2019-02-06 13:52:11,158 DEBUG n.e.o.t.s.UpdateSvc                 - bois-cr1:xe-7/3/0 39                                        
2019-02-06 13:52:11,158 DEBUG n.e.o.t.s.UpdateSvc                 - bois-cr1:xe-1/2/0 39                                        
2019-02-06 13:52:11,158 DEBUG n.e.o.t.s.UpdateSvc                 - bois-cr1:xe-1/0/0 39                                        
2019-02-06 13:52:11,158 DEBUG n.e.o.t.s.UpdateSvc                 - bois-cr1:xe-7/0/0 39                                        
2019-02-06 13:52:11,162 INFO  n.e.o.t.s.UpdateSvc                 - inserting p: star-cr5:10/1/10 to star-cr5                   
2019-02-06 13:52:11,163 DEBUG n.e.o.t.s.UpdateSvc                 - star-cr5:3/1/1 76                                           
2019-02-06 13:52:11,163 DEBUG n.e.o.t.s.UpdateSvc                 - star-cr5:6/1/1 76                                           
2019-02-06 13:52:11,163 DEBUG n.e.o.t.s.UpdateSvc                 - star-cr5:10/1/1 76                                          
2019-02-06 13:52:11,163 DEBUG n.e.o.t.s.UpdateSvc                 - star-cr5:10/1/8 76                                          
2019-02-06 13:52:11,163 DEBUG n.e.o.t.s.UpdateSvc                 - star-cr5:5/1/1 76                                           
2019-02-06 13:52:11,163 DEBUG n.e.o.t.s.UpdateSvc                 - star-cr5:4/2/1 76                                           
2019-02-06 13:52:11,163 DEBUG n.e.o.t.s.UpdateSvc                 - star-cr5:BLANK 76                                           
2019-02-06 13:52:11,163 DEBUG n.e.o.t.s.UpdateSvc                 - star-cr5:3/2/1 76                                           
2019-02-06 13:52:11,163 DEBUG n.e.o.t.s.UpdateSvc                 - star-cr5:6/2/1 76                                           
2019-02-06 13:52:11,163 DEBUG n.e.o.t.s.UpdateSvc                 - star-cr5:10/1/7 76                                          
2019-02-06 13:52:11,163 DEBUG n.e.o.t.s.UpdateSvc                 - star-cr5:4/1/1 76                                           
2019-02-06 13:52:11,163 DEBUG n.e.o.t.s.UpdateSvc                 - star-cr5:10/1/10 76                                         
2019-02-06 13:52:11,163 DEBUG n.e.o.t.s.UpdateSvc                 - star-cr5:1/2/1 76                                           
2019-02-06 13:52:11,167 INFO  n.e.o.t.s.UpdateSvc                 - inserting p: lbl-mr2:ge-9/1/0 to lbl-mr2                    
2019-02-06 13:52:11,168 DEBUG n.e.o.t.s.UpdateSvc                 - lbl-mr2:xe-8/1/0 74                                         
2019-02-06 13:52:11,168 DEBUG n.e.o.t.s.UpdateSvc                 - lbl-mr2:xe-1/1/0 74                                         
2019-02-06 13:52:11,168 DEBUG n.e.o.t.s.UpdateSvc                 - lbl-mr2:ge-9/1/2 74                                         
2019-02-06 13:52:11,168 DEBUG n.e.o.t.s.UpdateSvc                 - lbl-mr2:ge-9/0/4 74                                         
2019-02-06 13:52:11,168 DEBUG n.e.o.t.s.UpdateSvc                 - lbl-mr2:xe-0/2/0 74                                         
2019-02-06 13:52:11,168 DEBUG n.e.o.t.s.UpdateSvc                 - lbl-mr2:xe-7/0/0 74                                         
2019-02-06 13:52:11,168 DEBUG n.e.o.t.s.UpdateSvc                 - lbl-mr2:ae0 74                                              
2019-02-06 13:52:11,168 DEBUG n.e.o.t.s.UpdateSvc                 - lbl-mr2:ge-9/1/0 74                                         
2019-02-06 13:52:11,168 DEBUG n.e.o.t.s.UpdateSvc                 - lbl-mr2:xe-0/1/0 74                                         
2019-02-06 13:52:11,168 DEBUG n.e.o.t.s.UpdateSvc                 - lbl-mr2:xe-8/3/0 74                                         
2019-02-06 13:52:11,168 DEBUG n.e.o.t.s.UpdateSvc                 - lbl-mr2:xe-7/2/0 74                                         
2019-02-06 13:52:11,168 DEBUG n.e.o.t.s.UpdateSvc                 - lbl-mr2:xe-2/3/0 74                                         
2019-02-06 13:52:11,172 INFO  n.e.o.t.s.UpdateSvc                 - inserting p: snll-mr2:xe-1/1/0 to snll-mr2                  
2019-02-06 13:52:11,173 DEBUG n.e.o.t.s.UpdateSvc                 - snll-mr2:xe-2/2/0 40                                        
2019-02-06 13:52:11,173 DEBUG n.e.o.t.s.UpdateSvc                 - snll-mr2:xe-1/3/0 40                                        
2019-02-06 13:52:11,173 DEBUG n.e.o.t.s.UpdateSvc                 - snll-mr2:xe-0/2/0 40                                        
2019-02-06 13:52:11,173 DEBUG n.e.o.t.s.UpdateSvc                 - snll-mr2:xe-1/1/0 40                                        
2019-02-06 13:52:11,173 DEBUG n.e.o.t.s.UpdateSvc                 - snll-mr2:xe-2/0/0 40                                        
2019-02-06 13:52:11,173 DEBUG n.e.o.t.s.UpdateSvc                 - snll-mr2:xe-2/3/0 40                                        
2019-02-06 13:52:11,173 DEBUG n.e.o.t.s.UpdateSvc                 - snll-mr2:xe-1/2/0 40                                        
2019-02-06 13:52:11,176 INFO  n.e.o.t.s.UpdateSvc                 - inserting p: sunn-cr5:9/1/5 to sunn-cr5                     
2019-02-06 13:52:11,178 DEBUG n.e.o.t.s.UpdateSvc                 - sunn-cr5:10/1/6 50                                          
2019-02-06 13:52:11,178 DEBUG n.e.o.t.s.UpdateSvc                 - sunn-cr5:10/1/5 50                                          
2019-02-06 13:52:11,178 DEBUG n.e.o.t.s.UpdateSvc                 - sunn-cr5:10/2/4 50                                          
2019-02-06 13:52:11,178 DEBUG n.e.o.t.s.UpdateSvc                 - sunn-cr5:10/2/3 50                                          
2019-02-06 13:52:11,178 DEBUG n.e.o.t.s.UpdateSvc                 - sunn-cr5:10/2/6 50                                          
2019-02-06 13:52:11,178 DEBUG n.e.o.t.s.UpdateSvc                 - sunn-cr5:7/1/1 50                                           
2019-02-06 13:52:11,178 DEBUG n.e.o.t.s.UpdateSvc                 - sunn-cr5:4/1/1 50                                           
2019-02-06 13:52:11,178 DEBUG n.e.o.t.s.UpdateSvc                 - sunn-cr5:10/2/1 50                                          
2019-02-06 13:52:11,178 DEBUG n.e.o.t.s.UpdateSvc                 - sunn-cr5:10/2/5 50                                          
2019-02-06 13:52:11,178 DEBUG n.e.o.t.s.UpdateSvc                 - sunn-cr5:5/1/1 50                                           
2019-02-06 13:52:11,178 DEBUG n.e.o.t.s.UpdateSvc                 - sunn-cr5:10/1/1 50                                          
2019-02-06 13:52:11,178 DEBUG n.e.o.t.s.UpdateSvc                 - sunn-cr5:2/1/1 50                                           
2019-02-06 13:52:11,178 DEBUG n.e.o.t.s.UpdateSvc                 - sunn-cr5:10/1/3 50                                          
2019-02-06 13:52:11,178 DEBUG n.e.o.t.s.UpdateSvc                 - sunn-cr5:2/2/1 50                                           
2019-02-06 13:52:11,178 DEBUG n.e.o.t.s.UpdateSvc                 - sunn-cr5:9/1/5 50                                           
2019-02-06 13:52:11,178 DEBUG n.e.o.t.s.UpdateSvc                 - sunn-cr5:8/1/1 50                                           
2019-02-06 13:52:11,178 DEBUG n.e.o.t.s.UpdateSvc                 - sunn-cr5:5/2/1 50                                           
2019-02-06 13:52:11,178 DEBUG n.e.o.t.s.UpdateSvc                 - sunn-cr5:10/1/4 50                                          
2019-02-06 13:52:11,178 DEBUG n.e.o.t.s.UpdateSvc                 - sunn-cr5:9/1/1 50                                           
2019-02-06 13:52:11,178 DEBUG n.e.o.t.s.UpdateSvc                 - sunn-cr5:10/1/2 50                                          
2019-02-06 13:52:11,178 DEBUG n.e.o.t.s.UpdateSvc                 - sunn-cr5:7/2/1 50                                           
2019-02-06 13:52:11,178 DEBUG n.e.o.t.s.UpdateSvc                 - sunn-cr5:10/2/2 50                                          
2019-02-06 13:52:11,178 DEBUG n.e.o.t.s.UpdateSvc                 - sunn-cr5:9/1/2 50                                           
2019-02-06 13:52:11,182 INFO  n.e.o.t.s.UpdateSvc                 - inserting p: lbl-mr2:ge-9/1/8 to lbl-mr2                    
2019-02-06 13:52:11,183 DEBUG n.e.o.t.s.UpdateSvc                 - lbl-mr2:xe-8/1/0 74                                         
2019-02-06 13:52:11,184 DEBUG n.e.o.t.s.UpdateSvc                 - lbl-mr2:ge-9/1/2 74                                         
2019-02-06 13:52:11,184 DEBUG n.e.o.t.s.UpdateSvc                 - lbl-mr2:ge-9/0/4 74                                         
2019-02-06 13:52:11,184 DEBUG n.e.o.t.s.UpdateSvc                 - lbl-mr2:xe-0/2/0 74                                         
2019-02-06 13:52:11,184 DEBUG n.e.o.t.s.UpdateSvc                 - lbl-mr2:xe-7/2/0 74                                         
2019-02-06 13:52:11,184 DEBUG n.e.o.t.s.UpdateSvc                 - lbl-mr2:xe-1/1/0 74                                         
2019-02-06 13:52:11,184 DEBUG n.e.o.t.s.UpdateSvc                 - lbl-mr2:xe-7/0/0 74                                         
2019-02-06 13:52:11,184 DEBUG n.e.o.t.s.UpdateSvc                 - lbl-mr2:ae0 74                                              
2019-02-06 13:52:11,184 DEBUG n.e.o.t.s.UpdateSvc                 - lbl-mr2:ge-9/1/0 74                                         
2019-02-06 13:52:11,184 DEBUG n.e.o.t.s.UpdateSvc                 - lbl-mr2:ge-9/1/8 74                                         
2019-02-06 13:52:11,184 DEBUG n.e.o.t.s.UpdateSvc                 - lbl-mr2:xe-0/1/0 74                                         
2019-02-06 13:52:11,184 DEBUG n.e.o.t.s.UpdateSvc                 - lbl-mr2:xe-8/3/0 74                                         
2019-02-06 13:52:11,184 DEBUG n.e.o.t.s.UpdateSvc                 - lbl-mr2:xe-2/3/0 74                                         
2019-02-06 13:52:11,187 INFO  n.e.o.t.s.UpdateSvc                 - inserting p: sunn-cr5:9/1/3 to sunn-cr5                     
2019-02-06 13:52:11,188 DEBUG n.e.o.t.s.UpdateSvc                 - sunn-cr5:10/1/6 50                                          
2019-02-06 13:52:11,188 DEBUG n.e.o.t.s.UpdateSvc                 - sunn-cr5:10/1/5 50                                          
2019-02-06 13:52:11,188 DEBUG n.e.o.t.s.UpdateSvc                 - sunn-cr5:10/2/4 50                                          
2019-02-06 13:52:11,188 DEBUG n.e.o.t.s.UpdateSvc                 - sunn-cr5:10/2/3 50                                          
2019-02-06 13:52:11,188 DEBUG n.e.o.t.s.UpdateSvc                 - sunn-cr5:10/2/6 50                                          
2019-02-06 13:52:11,188 DEBUG n.e.o.t.s.UpdateSvc                 - sunn-cr5:9/1/3 50                                           
2019-02-06 13:52:11,188 DEBUG n.e.o.t.s.UpdateSvc                 - sunn-cr5:7/1/1 50                                           
2019-02-06 13:52:11,188 DEBUG n.e.o.t.s.UpdateSvc                 - sunn-cr5:4/1/1 50                                           
2019-02-06 13:52:11,188 DEBUG n.e.o.t.s.UpdateSvc                 - sunn-cr5:10/2/1 50                                          
2019-02-06 13:52:11,188 DEBUG n.e.o.t.s.UpdateSvc                 - sunn-cr5:10/2/5 50                                          
2019-02-06 13:52:11,188 DEBUG n.e.o.t.s.UpdateSvc                 - sunn-cr5:5/1/1 50                                           
2019-02-06 13:52:11,188 DEBUG n.e.o.t.s.UpdateSvc                 - sunn-cr5:10/1/1 50                                          
2019-02-06 13:52:11,188 DEBUG n.e.o.t.s.UpdateSvc                 - sunn-cr5:2/1/1 50                                           
2019-02-06 13:52:11,188 DEBUG n.e.o.t.s.UpdateSvc                 - sunn-cr5:10/1/3 50                                          
2019-02-06 13:52:11,188 DEBUG n.e.o.t.s.UpdateSvc                 - sunn-cr5:2/2/1 50                                           
2019-02-06 13:52:11,188 DEBUG n.e.o.t.s.UpdateSvc                 - sunn-cr5:9/1/5 50                                           
2019-02-06 13:52:11,188 DEBUG n.e.o.t.s.UpdateSvc                 - sunn-cr5:8/1/1 50                                           
2019-02-06 13:52:11,188 DEBUG n.e.o.t.s.UpdateSvc                 - sunn-cr5:5/2/1 50                                           
2019-02-06 13:52:11,188 DEBUG n.e.o.t.s.UpdateSvc                 - sunn-cr5:10/1/4 50                                          
2019-02-06 13:52:11,188 DEBUG n.e.o.t.s.UpdateSvc                 - sunn-cr5:9/1/1 50                                           
2019-02-06 13:52:11,188 DEBUG n.e.o.t.s.UpdateSvc                 - sunn-cr5:10/1/2 50                                          
2019-02-06 13:52:11,188 DEBUG n.e.o.t.s.UpdateSvc                 - sunn-cr5:7/2/1 50                                           
2019-02-06 13:52:11,188 DEBUG n.e.o.t.s.UpdateSvc                 - sunn-cr5:10/2/2 50                                          
2019-02-06 13:52:11,188 DEBUG n.e.o.t.s.UpdateSvc                 - sunn-cr5:9/1/2 50                                           
2019-02-06 13:52:11,192 INFO  n.e.o.t.s.UpdateSvc                 - inserting p: star-cr5:1/1/1 to star-cr5                     
2019-02-06 13:52:11,193 DEBUG n.e.o.t.s.UpdateSvc                 - star-cr5:3/1/1 76                                           
2019-02-06 13:52:11,193 DEBUG n.e.o.t.s.UpdateSvc                 - star-cr5:6/1/1 76                                           
2019-02-06 13:52:11,193 DEBUG n.e.o.t.s.UpdateSvc                 - star-cr5:10/1/1 76                                          
2019-02-06 13:52:11,193 DEBUG n.e.o.t.s.UpdateSvc                 - star-cr5:10/1/8 76                                          
2019-02-06 13:52:11,193 DEBUG n.e.o.t.s.UpdateSvc                 - star-cr5:5/1/1 76                                           
2019-02-06 13:52:11,193 DEBUG n.e.o.t.s.UpdateSvc                 - star-cr5:4/2/1 76                                           
2019-02-06 13:52:11,193 DEBUG n.e.o.t.s.UpdateSvc                 - star-cr5:BLANK 76                                           
2019-02-06 13:52:11,193 DEBUG n.e.o.t.s.UpdateSvc                 - star-cr5:3/2/1 76                                           
2019-02-06 13:52:11,193 DEBUG n.e.o.t.s.UpdateSvc                 - star-cr5:6/2/1 76                                           
2019-02-06 13:52:11,193 DEBUG n.e.o.t.s.UpdateSvc                 - star-cr5:10/1/7 76                                          
2019-02-06 13:52:11,193 DEBUG n.e.o.t.s.UpdateSvc                 - star-cr5:4/1/1 76                                           
2019-02-06 13:52:11,193 DEBUG n.e.o.t.s.UpdateSvc                 - star-cr5:10/1/10 76                                         
2019-02-06 13:52:11,193 DEBUG n.e.o.t.s.UpdateSvc                 - star-cr5:1/2/1 76                                           
2019-02-06 13:52:11,193 DEBUG n.e.o.t.s.UpdateSvc                 - star-cr5:1/1/1 76                                           
2019-02-06 13:52:11,196 INFO  n.e.o.t.s.UpdateSvc                 - inserting p: jgi-mr2:xe-2/2/0 to jgi-mr2                    
2019-02-06 13:52:11,197 DEBUG n.e.o.t.s.UpdateSvc                 - jgi-mr2:xe-2/2/0 61                                         
2019-02-06 13:52:11,197 DEBUG n.e.o.t.s.UpdateSvc                 - jgi-mr2:xe-1/3/0 61                                         
2019-02-06 13:52:11,203 INFO  n.e.o.t.s.UpdateSvc                 - inserting p: srs-rt3:ge-1/1/0 to srs-rt3                    
2019-02-06 13:52:11,204 DEBUG n.e.o.t.s.UpdateSvc                 - srs-rt3:ge-0/1/0 31                                         
2019-02-06 13:52:11,204 DEBUG n.e.o.t.s.UpdateSvc                 - srs-rt3:ge-1/1/0 31                                         
2019-02-06 13:52:11,204 DEBUG n.e.o.t.s.UpdateSvc                 - srs-rt3:ge-1/0/0 31                                         
2019-02-06 13:52:11,204 DEBUG n.e.o.t.s.UpdateSvc                 - srs-rt3:ge-0/0/0 31                                         
2019-02-06 13:52:11,207 INFO  n.e.o.t.s.UpdateSvc                 - inserting p: wash-cr5:2/1/1 to wash-cr5                     
2019-02-06 13:52:11,208 DEBUG n.e.o.t.s.UpdateSvc                 - wash-cr5:10/1/9 36                                          
2019-02-06 13:52:11,208 DEBUG n.e.o.t.s.UpdateSvc                 - wash-cr5:10/1/3 36                                          
2019-02-06 13:52:11,208 DEBUG n.e.o.t.s.UpdateSvc                 - wash-cr5:4/1/1 36                                           
2019-02-06 13:52:11,208 DEBUG n.e.o.t.s.UpdateSvc                 - wash-cr5:10/1/5 36                                          
2019-02-06 13:52:11,208 DEBUG n.e.o.t.s.UpdateSvc                 - wash-cr5:6/1/1 36                                           
2019-02-06 13:52:11,208 DEBUG n.e.o.t.s.UpdateSvc                 - wash-cr5:2/1/1 36                                           
2019-02-06 13:52:11,208 DEBUG n.e.o.t.s.UpdateSvc                 - wash-cr5:5/2/1 36                                           
2019-02-06 13:52:11,208 DEBUG n.e.o.t.s.UpdateSvc                 - wash-cr5:5/1/1 36                                           
2019-02-06 13:52:11,208 DEBUG n.e.o.t.s.UpdateSvc                 - wash-cr5:1/1/1 36                                           
2019-02-06 13:52:11,208 DEBUG n.e.o.t.s.UpdateSvc                 - wash-cr5:4/2/1 36                                           
2019-02-06 13:52:11,208 DEBUG n.e.o.t.s.UpdateSvc                 - wash-cr5:10/1/4 36                                          
2019-02-06 13:52:11,208 DEBUG n.e.o.t.s.UpdateSvc                 - wash-cr5:10/1/10 36                                         
2019-02-06 13:52:11,211 INFO  n.e.o.t.s.UpdateSvc                 - inserting p: star-cr5:8/1/4 to star-cr5                     
2019-02-06 13:52:11,212 DEBUG n.e.o.t.s.UpdateSvc                 - star-cr5:3/1/1 76                                           
2019-02-06 13:52:11,212 DEBUG n.e.o.t.s.UpdateSvc                 - star-cr5:6/1/1 76                                           
2019-02-06 13:52:11,213 DEBUG n.e.o.t.s.UpdateSvc                 - star-cr5:10/1/1 76                                          
2019-02-06 13:52:11,213 DEBUG n.e.o.t.s.UpdateSvc                 - star-cr5:10/1/8 76                                          
2019-02-06 13:52:11,213 DEBUG n.e.o.t.s.UpdateSvc                 - star-cr5:5/1/1 76                                           
2019-02-06 13:52:11,213 DEBUG n.e.o.t.s.UpdateSvc                 - star-cr5:4/2/1 76                                           
2019-02-06 13:52:11,213 DEBUG n.e.o.t.s.UpdateSvc                 - star-cr5:BLANK 76                                           
2019-02-06 13:52:11,213 DEBUG n.e.o.t.s.UpdateSvc                 - star-cr5:8/1/4 76                                           
2019-02-06 13:52:11,213 DEBUG n.e.o.t.s.UpdateSvc                 - star-cr5:3/2/1 76                                           
2019-02-06 13:52:11,213 DEBUG n.e.o.t.s.UpdateSvc                 - star-cr5:6/2/1 76                                           
2019-02-06 13:52:11,213 DEBUG n.e.o.t.s.UpdateSvc                 - star-cr5:10/1/7 76                                          
2019-02-06 13:52:11,213 DEBUG n.e.o.t.s.UpdateSvc                 - star-cr5:4/1/1 76                                           
2019-02-06 13:52:11,213 DEBUG n.e.o.t.s.UpdateSvc                 - star-cr5:10/1/10 76                                         
2019-02-06 13:52:11,213 DEBUG n.e.o.t.s.UpdateSvc                 - star-cr5:1/2/1 76                                           
2019-02-06 13:52:11,213 DEBUG n.e.o.t.s.UpdateSvc                 - star-cr5:1/1/1 76                                           
2019-02-06 13:52:11,216 INFO  n.e.o.t.s.UpdateSvc                 - inserting p: star-cr5:8/1/6 to star-cr5                     
2019-02-06 13:52:11,217 DEBUG n.e.o.t.s.UpdateSvc                 - star-cr5:3/1/1 76                                           
2019-02-06 13:52:11,217 DEBUG n.e.o.t.s.UpdateSvc                 - star-cr5:6/1/1 76                                           
2019-02-06 13:52:11,217 DEBUG n.e.o.t.s.UpdateSvc                 - star-cr5:10/1/1 76                                          
2019-02-06 13:52:11,217 DEBUG n.e.o.t.s.UpdateSvc                 - star-cr5:10/1/8 76                                          
2019-02-06 13:52:11,217 DEBUG n.e.o.t.s.UpdateSvc                 - star-cr5:5/1/1 76                                           
2019-02-06 13:52:11,217 DEBUG n.e.o.t.s.UpdateSvc                 - star-cr5:4/2/1 76                                           
2019-02-06 13:52:11,217 DEBUG n.e.o.t.s.UpdateSvc                 - star-cr5:BLANK 76                                           
2019-02-06 13:52:11,217 DEBUG n.e.o.t.s.UpdateSvc                 - star-cr5:8/1/4 76                                           
2019-02-06 13:52:11,217 DEBUG n.e.o.t.s.UpdateSvc                 - star-cr5:3/2/1 76                                           
2019-02-06 13:52:11,217 DEBUG n.e.o.t.s.UpdateSvc                 - star-cr5:6/2/1 76                                           
2019-02-06 13:52:11,217 DEBUG n.e.o.t.s.UpdateSvc                 - star-cr5:8/1/6 76                                           
2019-02-06 13:52:11,217 DEBUG n.e.o.t.s.UpdateSvc                 - star-cr5:10/1/7 76                                          
2019-02-06 13:52:11,217 DEBUG n.e.o.t.s.UpdateSvc                 - star-cr5:4/1/1 76                                           
2019-02-06 13:52:11,217 DEBUG n.e.o.t.s.UpdateSvc                 - star-cr5:10/1/10 76                                         
2019-02-06 13:52:11,217 DEBUG n.e.o.t.s.UpdateSvc                 - star-cr5:1/2/1 76                                           
2019-02-06 13:52:11,217 DEBUG n.e.o.t.s.UpdateSvc                 - star-cr5:1/1/1 76                                           
2019-02-06 13:52:11,220 INFO  n.e.o.t.s.UpdateSvc                 - inserting p: sunn-cr5:8/2/1 to sunn-cr5                     
2019-02-06 13:52:11,221 DEBUG n.e.o.t.s.UpdateSvc                 - sunn-cr5:10/1/6 50                                          
2019-02-06 13:52:11,221 DEBUG n.e.o.t.s.UpdateSvc                 - sunn-cr5:9/1/3 50                                           
2019-02-06 13:52:11,221 DEBUG n.e.o.t.s.UpdateSvc                 - sunn-cr5:8/2/1 50                                           
2019-02-06 13:52:11,221 DEBUG n.e.o.t.s.UpdateSvc                 - sunn-cr5:10/2/1 50                                          
2019-02-06 13:52:11,221 DEBUG n.e.o.t.s.UpdateSvc                 - sunn-cr5:10/2/5 50                                          
2019-02-06 13:52:11,221 DEBUG n.e.o.t.s.UpdateSvc                 - sunn-cr5:2/1/1 50                                           
2019-02-06 13:52:11,221 DEBUG n.e.o.t.s.UpdateSvc                 - sunn-cr5:8/1/1 50                                           
2019-02-06 13:52:11,221 DEBUG n.e.o.t.s.UpdateSvc                 - sunn-cr5:9/1/1 50                                           
2019-02-06 13:52:11,222 DEBUG n.e.o.t.s.UpdateSvc                 - sunn-cr5:10/1/2 50                                          
2019-02-06 13:52:11,222 DEBUG n.e.o.t.s.UpdateSvc                 - sunn-cr5:7/2/1 50                                           
2019-02-06 13:52:11,222 DEBUG n.e.o.t.s.UpdateSvc                 - sunn-cr5:10/2/2 50                                          
2019-02-06 13:52:11,222 DEBUG n.e.o.t.s.UpdateSvc                 - sunn-cr5:9/1/2 50                                           
2019-02-06 13:52:11,222 DEBUG n.e.o.t.s.UpdateSvc                 - sunn-cr5:10/1/5 50                                          
2019-02-06 13:52:11,222 DEBUG n.e.o.t.s.UpdateSvc                 - sunn-cr5:10/2/4 50                                          
2019-02-06 13:52:11,222 DEBUG n.e.o.t.s.UpdateSvc                 - sunn-cr5:10/2/3 50                                          
2019-02-06 13:52:11,222 DEBUG n.e.o.t.s.UpdateSvc                 - sunn-cr5:10/2/6 50                                          
2019-02-06 13:52:11,222 DEBUG n.e.o.t.s.UpdateSvc                 - sunn-cr5:7/1/1 50                                           
2019-02-06 13:52:11,222 DEBUG n.e.o.t.s.UpdateSvc                 - sunn-cr5:4/1/1 50                                           
2019-02-06 13:52:11,222 DEBUG n.e.o.t.s.UpdateSvc                 - sunn-cr5:5/1/1 50                                           
2019-02-06 13:52:11,222 DEBUG n.e.o.t.s.UpdateSvc                 - sunn-cr5:10/1/1 50                                          
2019-02-06 13:52:11,222 DEBUG n.e.o.t.s.UpdateSvc                 - sunn-cr5:10/1/3 50                                          
2019-02-06 13:52:11,222 DEBUG n.e.o.t.s.UpdateSvc                 - sunn-cr5:2/2/1 50                                           
2019-02-06 13:52:11,222 DEBUG n.e.o.t.s.UpdateSvc                 - sunn-cr5:9/1/5 50                                           
2019-02-06 13:52:11,222 DEBUG n.e.o.t.s.UpdateSvc                 - sunn-cr5:5/2/1 50                                           
2019-02-06 13:52:11,222 DEBUG n.e.o.t.s.UpdateSvc                 - sunn-cr5:10/1/4 50                                          
2019-02-06 13:52:11,225 INFO  n.e.o.t.s.UpdateSvc                 - inserting p: star-cr5:8/1/2 to star-cr5                     
2019-02-06 13:52:11,226 DEBUG n.e.o.t.s.UpdateSvc                 - star-cr5:3/1/1 76                                           
2019-02-06 13:52:11,226 DEBUG n.e.o.t.s.UpdateSvc                 - star-cr5:6/1/1 76                                           
2019-02-06 13:52:11,226 DEBUG n.e.o.t.s.UpdateSvc                 - star-cr5:10/1/1 76                                          
2019-02-06 13:52:11,226 DEBUG n.e.o.t.s.UpdateSvc                 - star-cr5:10/1/8 76                                          
2019-02-06 13:52:11,226 DEBUG n.e.o.t.s.UpdateSvc                 - star-cr5:5/1/1 76                                           
2019-02-06 13:52:11,226 DEBUG n.e.o.t.s.UpdateSvc                 - star-cr5:4/2/1 76                                           
2019-02-06 13:52:11,226 DEBUG n.e.o.t.s.UpdateSvc                 - star-cr5:BLANK 76                                           
2019-02-06 13:52:11,226 DEBUG n.e.o.t.s.UpdateSvc                 - star-cr5:8/1/2 76                                           
2019-02-06 13:52:11,226 DEBUG n.e.o.t.s.UpdateSvc                 - star-cr5:8/1/4 76                                           
2019-02-06 13:52:11,226 DEBUG n.e.o.t.s.UpdateSvc                 - star-cr5:3/2/1 76                                           
2019-02-06 13:52:11,226 DEBUG n.e.o.t.s.UpdateSvc                 - star-cr5:6/2/1 76                                           
2019-02-06 13:52:11,226 DEBUG n.e.o.t.s.UpdateSvc                 - star-cr5:8/1/6 76                                           
2019-02-06 13:52:11,226 DEBUG n.e.o.t.s.UpdateSvc                 - star-cr5:10/1/7 76                                          
2019-02-06 13:52:11,226 DEBUG n.e.o.t.s.UpdateSvc                 - star-cr5:4/1/1 76                                           
2019-02-06 13:52:11,226 DEBUG n.e.o.t.s.UpdateSvc                 - star-cr5:10/1/10 76                                         
2019-02-06 13:52:11,226 DEBUG n.e.o.t.s.UpdateSvc                 - star-cr5:1/2/1 76                                           
2019-02-06 13:52:11,226 DEBUG n.e.o.t.s.UpdateSvc                 - star-cr5:1/1/1 76                                           
2019-02-06 13:52:11,229 INFO  n.e.o.t.s.UpdateSvc                 - inserting p: chic-cr5:5/1/1 to chic-cr5                     
2019-02-06 13:52:11,230 DEBUG n.e.o.t.s.UpdateSvc                 - chic-cr5:6/1/1 55                                           
2019-02-06 13:52:11,230 DEBUG n.e.o.t.s.UpdateSvc                 - chic-cr5:7/1/1 55                                           
2019-02-06 13:52:11,230 DEBUG n.e.o.t.s.UpdateSvc                 - chic-cr5:8/1/1 55                                           
2019-02-06 13:52:11,230 DEBUG n.e.o.t.s.UpdateSvc                 - chic-cr5:10/1/3 55                                          
2019-02-06 13:52:11,230 DEBUG n.e.o.t.s.UpdateSvc                 - chic-cr5:10/1/1 55                                          
2019-02-06 13:52:11,230 DEBUG n.e.o.t.s.UpdateSvc                 - chic-cr5:BLANK 55                                           
2019-02-06 13:52:11,230 DEBUG n.e.o.t.s.UpdateSvc                 - chic-cr5:5/1/1 55                                           
2019-02-06 13:52:11,230 DEBUG n.e.o.t.s.UpdateSvc                 - chic-cr5:10/1/5 55                                          
2019-02-06 13:52:11,230 DEBUG n.e.o.t.s.UpdateSvc                 - chic-cr5:1/1/1 55                                           
2019-02-06 13:52:11,230 DEBUG n.e.o.t.s.UpdateSvc                 - chic-cr5:10/1/7 55                                          
2019-02-06 13:52:11,230 DEBUG n.e.o.t.s.UpdateSvc                 - chic-cr5:7/2/1 55                                           
2019-02-06 13:52:11,231 DEBUG n.e.o.t.s.UpdateSvc                 - chic-cr5:3/1/1 55                                           
2019-02-06 13:52:11,231 DEBUG n.e.o.t.s.UpdateSvc                 - chic-cr5:10/1/4 55                                          
2019-02-06 13:52:11,231 DEBUG n.e.o.t.s.UpdateSvc                 - chic-cr5:6/2/1 55                                           
2019-02-06 13:52:11,231 DEBUG n.e.o.t.s.UpdateSvc                 - chic-cr5:2/1/1 55                                           
2019-02-06 13:52:11,231 DEBUG n.e.o.t.s.UpdateSvc                 - chic-cr5:4/1/1 55                                           
2019-02-06 13:52:11,234 INFO  n.e.o.t.s.UpdateSvc                 - inserting p: lbl-mr2:xe-2/1/0 to lbl-mr2                    
2019-02-06 13:52:11,235 DEBUG n.e.o.t.s.UpdateSvc                 - lbl-mr2:xe-8/1/0 74                                         
2019-02-06 13:52:11,235 DEBUG n.e.o.t.s.UpdateSvc                 - lbl-mr2:ge-9/1/2 74                                         
2019-02-06 13:52:11,235 DEBUG n.e.o.t.s.UpdateSvc                 - lbl-mr2:ge-9/0/4 74                                         
2019-02-06 13:52:11,235 DEBUG n.e.o.t.s.UpdateSvc                 - lbl-mr2:xe-0/2/0 74                                         
2019-02-06 13:52:11,235 DEBUG n.e.o.t.s.UpdateSvc                 - lbl-mr2:xe-2/1/0 74                                         
2019-02-06 13:52:11,235 DEBUG n.e.o.t.s.UpdateSvc                 - lbl-mr2:xe-7/2/0 74                                         
2019-02-06 13:52:11,235 DEBUG n.e.o.t.s.UpdateSvc                 - lbl-mr2:xe-1/1/0 74                                         
2019-02-06 13:52:11,235 DEBUG n.e.o.t.s.UpdateSvc                 - lbl-mr2:xe-7/0/0 74                                         
2019-02-06 13:52:11,235 DEBUG n.e.o.t.s.UpdateSvc                 - lbl-mr2:ae0 74                                              
2019-02-06 13:52:11,235 DEBUG n.e.o.t.s.UpdateSvc                 - lbl-mr2:ge-9/1/0 74                                         
2019-02-06 13:52:11,235 DEBUG n.e.o.t.s.UpdateSvc                 - lbl-mr2:ge-9/1/8 74                                         
2019-02-06 13:52:11,235 DEBUG n.e.o.t.s.UpdateSvc                 - lbl-mr2:xe-0/1/0 74                                         
2019-02-06 13:52:11,235 DEBUG n.e.o.t.s.UpdateSvc                 - lbl-mr2:xe-8/3/0 74                                         
2019-02-06 13:52:11,235 DEBUG n.e.o.t.s.UpdateSvc                 - lbl-mr2:xe-2/3/0 74                                         
2019-02-06 13:52:11,238 INFO  n.e.o.t.s.UpdateSvc                 - inserting p: pppl-rt5:ge-0/0/2 to pppl-rt5                  
2019-02-06 13:52:11,239 DEBUG n.e.o.t.s.UpdateSvc                 - pppl-rt5:xe-1/2/0 30                                        
2019-02-06 13:52:11,239 DEBUG n.e.o.t.s.UpdateSvc                 - pppl-rt5:ge-0/0/2 30                                        
2019-02-06 13:52:11,239 DEBUG n.e.o.t.s.UpdateSvc                 - pppl-rt5:xe-1/3/0 30                                        
2019-02-06 13:52:11,243 INFO  n.e.o.t.s.UpdateSvc                 - inserting p: orau-rt4:ge-0/1/0 to orau-rt4                  
2019-02-06 13:52:11,258 DEBUG n.e.o.t.s.UpdateSvc                 - orau-rt4:ge-0/1/0 32                                        
2019-02-06 13:52:11,261 INFO  n.e.o.t.s.UpdateSvc                 - inserting p: orau-rt4:ge-0/1/1 to orau-rt4                  
2019-02-06 13:52:11,262 DEBUG n.e.o.t.s.UpdateSvc                 - orau-rt4:ge-0/1/1 32                                        
2019-02-06 13:52:11,262 DEBUG n.e.o.t.s.UpdateSvc                 - orau-rt4:ge-0/1/0 32                                        
2019-02-06 13:52:11,265 INFO  n.e.o.t.s.UpdateSvc                 - inserting p: orau-rt4:ge-0/1/2 to orau-rt4                  
2019-02-06 13:52:11,266 DEBUG n.e.o.t.s.UpdateSvc                 - orau-rt4:ge-0/1/1 32                                        
2019-02-06 13:52:11,266 DEBUG n.e.o.t.s.UpdateSvc                 - orau-rt4:ge-0/1/0 32                                        
2019-02-06 13:52:11,266 DEBUG n.e.o.t.s.UpdateSvc                 - orau-rt4:ge-0/1/2 32                                        
2019-02-06 13:52:11,269 INFO  n.e.o.t.s.UpdateSvc                 - inserting p: eqx-chi-cr5:1/1/1 to eqx-chi-cr5               
2019-02-06 13:52:11,270 DEBUG n.e.o.t.s.UpdateSvc                 - eqx-chi-cr5:1/1/1 58                                        
2019-02-06 13:52:11,270 DEBUG n.e.o.t.s.UpdateSvc                 - eqx-chi-cr5:10/1/1 58                                       
2019-02-06 13:52:11,270 DEBUG n.e.o.t.s.UpdateSvc                 - eqx-chi-cr5:10/1/3 58                                       
2019-02-06 13:52:11,270 DEBUG n.e.o.t.s.UpdateSvc                 - eqx-chi-cr5:BLANK 58                                        
2019-02-06 13:52:11,270 DEBUG n.e.o.t.s.UpdateSvc                 - eqx-chi-cr5:10/1/2 58                                       
2019-02-06 13:52:11,273 INFO  n.e.o.t.s.UpdateSvc                 - inserting p: orau-rt4:ge-0/1/3 to orau-rt4                  
2019-02-06 13:52:11,274 DEBUG n.e.o.t.s.UpdateSvc                 - orau-rt4:ge-0/1/1 32                                        
2019-02-06 13:52:11,274 DEBUG n.e.o.t.s.UpdateSvc                 - orau-rt4:ge-0/1/3 32                                        
2019-02-06 13:52:11,274 DEBUG n.e.o.t.s.UpdateSvc                 - orau-rt4:ge-0/1/0 32                                        
2019-02-06 13:52:11,275 DEBUG n.e.o.t.s.UpdateSvc                 - orau-rt4:ge-0/1/2 32                                        
2019-02-06 13:52:11,278 INFO  n.e.o.t.s.UpdateSvc                 - inserting p: orau-rt4:ge-0/1/4 to orau-rt4                  
2019-02-06 13:52:11,279 DEBUG n.e.o.t.s.UpdateSvc                 - orau-rt4:ge-0/1/4 32                                        
2019-02-06 13:52:11,279 DEBUG n.e.o.t.s.UpdateSvc                 - orau-rt4:ge-0/1/1 32                                        
2019-02-06 13:52:11,279 DEBUG n.e.o.t.s.UpdateSvc                 - orau-rt4:ge-0/1/3 32                                        
2019-02-06 13:52:11,279 DEBUG n.e.o.t.s.UpdateSvc                 - orau-rt4:ge-0/1/0 32                                        
2019-02-06 13:52:11,279 DEBUG n.e.o.t.s.UpdateSvc                 - orau-rt4:ge-0/1/2 32                                        
2019-02-06 13:52:11,282 INFO  n.e.o.t.s.UpdateSvc                 - inserting p: slac-mr2:xe-1/3/0 to slac-mr2                  
2019-02-06 13:52:11,284 DEBUG n.e.o.t.s.UpdateSvc                 - slac-mr2:xe-0/1/0 56                                        
2019-02-06 13:52:11,284 DEBUG n.e.o.t.s.UpdateSvc                 - slac-mr2:xe-1/3/0 56                                        
2019-02-06 13:52:11,284 DEBUG n.e.o.t.s.UpdateSvc                 - slac-mr2:xe-0/2/0 56                                        
2019-02-06 13:52:11,284 DEBUG n.e.o.t.s.UpdateSvc                 - slac-mr2:xe-0/0/0 56                                        
2019-02-06 13:52:11,284 DEBUG n.e.o.t.s.UpdateSvc                 - slac-mr2:xe-1/1/0 56                                        
2019-02-06 13:52:11,287 INFO  n.e.o.t.s.UpdateSvc                 - inserting p: jgi-mr2:xe-0/2/0 to jgi-mr2                    
2019-02-06 13:52:11,288 DEBUG n.e.o.t.s.UpdateSvc                 - jgi-mr2:xe-2/2/0 61                                         
2019-02-06 13:52:11,288 DEBUG n.e.o.t.s.UpdateSvc                 - jgi-mr2:xe-1/3/0 61                                         
2019-02-06 13:52:11,288 DEBUG n.e.o.t.s.UpdateSvc                 - jgi-mr2:xe-0/2/0 61                                         
2019-02-06 13:52:11,291 INFO  n.e.o.t.s.UpdateSvc                 - inserting p: pppl-rt5:xe-1/1/0 to pppl-rt5                  
2019-02-06 13:52:11,292 DEBUG n.e.o.t.s.UpdateSvc                 - pppl-rt5:xe-1/2/0 30                                        
2019-02-06 13:52:11,293 DEBUG n.e.o.t.s.UpdateSvc                 - pppl-rt5:ge-0/0/2 30                                        
2019-02-06 13:52:11,293 DEBUG n.e.o.t.s.UpdateSvc                 - pppl-rt5:xe-1/1/0 30                                        
2019-02-06 13:52:11,293 DEBUG n.e.o.t.s.UpdateSvc                 - pppl-rt5:xe-1/3/0 30                                        
2019-02-06 13:52:11,296 INFO  n.e.o.t.s.UpdateSvc                 - inserting p: lbl-mr2:xe-1/3/0 to lbl-mr2                    
2019-02-06 13:52:11,297 DEBUG n.e.o.t.s.UpdateSvc                 - lbl-mr2:xe-8/1/0 74                                         
2019-02-06 13:52:11,297 DEBUG n.e.o.t.s.UpdateSvc                 - lbl-mr2:ge-9/1/2 74                                         
2019-02-06 13:52:11,297 DEBUG n.e.o.t.s.UpdateSvc                 - lbl-mr2:ge-9/0/4 74                                         
2019-02-06 13:52:11,297 DEBUG n.e.o.t.s.UpdateSvc                 - lbl-mr2:xe-0/2/0 74                                         
2019-02-06 13:52:11,297 DEBUG n.e.o.t.s.UpdateSvc                 - lbl-mr2:xe-2/1/0 74                                         
2019-02-06 13:52:11,297 DEBUG n.e.o.t.s.UpdateSvc                 - lbl-mr2:xe-1/3/0 74                                         
2019-02-06 13:52:11,297 DEBUG n.e.o.t.s.UpdateSvc                 - lbl-mr2:xe-7/2/0 74                                         
2019-02-06 13:52:11,297 DEBUG n.e.o.t.s.UpdateSvc                 - lbl-mr2:xe-1/1/0 74                                         
2019-02-06 13:52:11,297 DEBUG n.e.o.t.s.UpdateSvc                 - lbl-mr2:xe-7/0/0 74                                         
2019-02-06 13:52:11,297 DEBUG n.e.o.t.s.UpdateSvc                 - lbl-mr2:ae0 74                                              
2019-02-06 13:52:11,297 DEBUG n.e.o.t.s.UpdateSvc                 - lbl-mr2:ge-9/1/0 74                                         
2019-02-06 13:52:11,297 DEBUG n.e.o.t.s.UpdateSvc                 - lbl-mr2:ge-9/1/8 74                                         
2019-02-06 13:52:11,297 DEBUG n.e.o.t.s.UpdateSvc                 - lbl-mr2:xe-0/1/0 74                                         
2019-02-06 13:52:11,297 DEBUG n.e.o.t.s.UpdateSvc                 - lbl-mr2:xe-8/3/0 74                                         
2019-02-06 13:52:11,297 DEBUG n.e.o.t.s.UpdateSvc                 - lbl-mr2:xe-2/3/0 74                                         
2019-02-06 13:52:11,301 INFO  n.e.o.t.s.UpdateSvc                 - inserting p: ornl-cr5:9/1/4 to ornl-cr5                     
2019-02-06 13:52:11,302 DEBUG n.e.o.t.s.UpdateSvc                 - ornl-cr5:7/1/1 64                                           
2019-02-06 13:52:11,302 DEBUG n.e.o.t.s.UpdateSvc                 - ornl-cr5:10/1/3 64                                          
2019-02-06 13:52:11,302 DEBUG n.e.o.t.s.UpdateSvc                 - ornl-cr5:10/1/1 64                                          
2019-02-06 13:52:11,302 DEBUG n.e.o.t.s.UpdateSvc                 - ornl-cr5:6/1/1 64                                           
2019-02-06 13:52:11,302 DEBUG n.e.o.t.s.UpdateSvc                 - ornl-cr5:9/1/4 64                                           
2019-02-06 13:52:11,302 DEBUG n.e.o.t.s.UpdateSvc                 - ornl-cr5:10/1/2 64                                          
2019-02-06 13:52:11,305 INFO  n.e.o.t.s.UpdateSvc                 - inserting p: sunn-cr5:1/1/1 to sunn-cr5                     
2019-02-06 13:52:11,305 DEBUG n.e.o.t.s.UpdateSvc                 - sunn-cr5:10/1/6 50                                          
2019-02-06 13:52:11,305 DEBUG n.e.o.t.s.UpdateSvc                 - sunn-cr5:9/1/3 50                                           
2019-02-06 13:52:11,305 DEBUG n.e.o.t.s.UpdateSvc                 - sunn-cr5:8/2/1 50                                           
2019-02-06 13:52:11,305 DEBUG n.e.o.t.s.UpdateSvc                 - sunn-cr5:10/2/1 50                                          
2019-02-06 13:52:11,306 DEBUG n.e.o.t.s.UpdateSvc                 - sunn-cr5:10/2/5 50                                          
2019-02-06 13:52:11,306 DEBUG n.e.o.t.s.UpdateSvc                 - sunn-cr5:2/1/1 50                                           
2019-02-06 13:52:11,306 DEBUG n.e.o.t.s.UpdateSvc                 - sunn-cr5:8/1/1 50                                           
2019-02-06 13:52:11,306 DEBUG n.e.o.t.s.UpdateSvc                 - sunn-cr5:9/1/1 50                                           
2019-02-06 13:52:11,306 DEBUG n.e.o.t.s.UpdateSvc                 - sunn-cr5:10/1/2 50                                          
2019-02-06 13:52:11,306 DEBUG n.e.o.t.s.UpdateSvc                 - sunn-cr5:7/2/1 50                                           
2019-02-06 13:52:11,306 DEBUG n.e.o.t.s.UpdateSvc                 - sunn-cr5:10/2/2 50                                          
2019-02-06 13:52:11,306 DEBUG n.e.o.t.s.UpdateSvc                 - sunn-cr5:9/1/2 50                                           
2019-02-06 13:52:11,306 DEBUG n.e.o.t.s.UpdateSvc                 - sunn-cr5:10/1/5 50                                          
2019-02-06 13:52:11,306 DEBUG n.e.o.t.s.UpdateSvc                 - sunn-cr5:10/2/4 50                                          
2019-02-06 13:52:11,306 DEBUG n.e.o.t.s.UpdateSvc                 - sunn-cr5:10/2/3 50                                          
2019-02-06 13:52:11,306 DEBUG n.e.o.t.s.UpdateSvc                 - sunn-cr5:10/2/6 50                                          
2019-02-06 13:52:11,306 DEBUG n.e.o.t.s.UpdateSvc                 - sunn-cr5:1/1/1 50                                           
2019-02-06 13:52:11,306 DEBUG n.e.o.t.s.UpdateSvc                 - sunn-cr5:7/1/1 50                                           
2019-02-06 13:52:11,306 DEBUG n.e.o.t.s.UpdateSvc                 - sunn-cr5:4/1/1 50                                           
2019-02-06 13:52:11,306 DEBUG n.e.o.t.s.UpdateSvc                 - sunn-cr5:5/1/1 50                                           
2019-02-06 13:52:11,306 DEBUG n.e.o.t.s.UpdateSvc                 - sunn-cr5:10/1/1 50                                          
2019-02-06 13:52:11,306 DEBUG n.e.o.t.s.UpdateSvc                 - sunn-cr5:10/1/3 50                                          
2019-02-06 13:52:11,306 DEBUG n.e.o.t.s.UpdateSvc                 - sunn-cr5:2/2/1 50                                           
2019-02-06 13:52:11,306 DEBUG n.e.o.t.s.UpdateSvc                 - sunn-cr5:9/1/5 50                                           
2019-02-06 13:52:11,306 DEBUG n.e.o.t.s.UpdateSvc                 - sunn-cr5:5/2/1 50                                           
2019-02-06 13:52:11,306 DEBUG n.e.o.t.s.UpdateSvc                 - sunn-cr5:10/1/4 50                                          
2019-02-06 13:52:11,309 INFO  n.e.o.t.s.UpdateSvc                 - inserting p: fnal-mr2:xe-8/3/0 to fnal-mr2                  
2019-02-06 13:52:11,310 DEBUG n.e.o.t.s.UpdateSvc                 - fnal-mr2:xe-1/1/0 65                                        
2019-02-06 13:52:11,310 DEBUG n.e.o.t.s.UpdateSvc                 - fnal-mr2:xe-0/0/0 65                                        
2019-02-06 13:52:11,310 DEBUG n.e.o.t.s.UpdateSvc                 - fnal-mr2:xe-8/3/0 65                                        
2019-02-06 13:52:11,310 DEBUG n.e.o.t.s.UpdateSvc                 - fnal-mr2:xe-8/1/0 65                                        
2019-02-06 13:52:11,310 DEBUG n.e.o.t.s.UpdateSvc                 - fnal-mr2:xe-1/3/0 65                                        
2019-02-06 13:52:11,313 INFO  n.e.o.t.s.UpdateSvc                 - inserting p: ga-rt2:xe-0/2/0 to ga-rt2                      
2019-02-06 13:52:11,315 DEBUG n.e.o.t.s.UpdateSvc                 - ga-rt2:xe-0/0/0 37                                          
2019-02-06 13:52:11,315 DEBUG n.e.o.t.s.UpdateSvc                 - ga-rt2:ge-1/0/5 37                                          
2019-02-06 13:52:11,315 DEBUG n.e.o.t.s.UpdateSvc                 - ga-rt2:ge-1/0/3 37                                          
2019-02-06 13:52:11,315 DEBUG n.e.o.t.s.UpdateSvc                 - ga-rt2:ge-1/1/3 37                                          
2019-02-06 13:52:11,315 DEBUG n.e.o.t.s.UpdateSvc                 - ga-rt2:xe-0/2/0 37                                          
2019-02-06 13:52:11,319 INFO  n.e.o.t.s.UpdateSvc                 - inserting p: elpa-cr5:2/1/1 to elpa-cr5                     
2019-02-06 13:52:11,320 DEBUG n.e.o.t.s.UpdateSvc                 - elpa-cr5:10/1/3 46                                          
2019-02-06 13:52:11,320 DEBUG n.e.o.t.s.UpdateSvc                 - elpa-cr5:10/1/4 46                                          
2019-02-06 13:52:11,320 DEBUG n.e.o.t.s.UpdateSvc                 - elpa-cr5:3/1/1 46                                           
2019-02-06 13:52:11,320 DEBUG n.e.o.t.s.UpdateSvc                 - elpa-cr5:2/1/1 46                                           
2019-02-06 13:52:11,320 DEBUG n.e.o.t.s.UpdateSvc                 - elpa-cr5:10/1/5 46                                          
2019-02-06 13:52:11,320 DEBUG n.e.o.t.s.UpdateSvc                 - elpa-cr5:1/1/1 46                                           
2019-02-06 13:52:11,324 INFO  n.e.o.t.s.UpdateSvc                 - inserting p: chic-cr5:3/2/1 to chic-cr5                     
2019-02-06 13:52:11,325 DEBUG n.e.o.t.s.UpdateSvc                 - chic-cr5:6/1/1 55                                           
2019-02-06 13:52:11,325 DEBUG n.e.o.t.s.UpdateSvc                 - chic-cr5:7/1/1 55                                           
2019-02-06 13:52:11,325 DEBUG n.e.o.t.s.UpdateSvc                 - chic-cr5:8/1/1 55                                           
2019-02-06 13:52:11,325 DEBUG n.e.o.t.s.UpdateSvc                 - chic-cr5:10/1/3 55                                          
2019-02-06 13:52:11,325 DEBUG n.e.o.t.s.UpdateSvc                 - chic-cr5:10/1/1 55                                          
2019-02-06 13:52:11,325 DEBUG n.e.o.t.s.UpdateSvc                 - chic-cr5:BLANK 55                                           
2019-02-06 13:52:11,325 DEBUG n.e.o.t.s.UpdateSvc                 - chic-cr5:5/1/1 55                                           
2019-02-06 13:52:11,325 DEBUG n.e.o.t.s.UpdateSvc                 - chic-cr5:3/2/1 55                                           
2019-02-06 13:52:11,325 DEBUG n.e.o.t.s.UpdateSvc                 - chic-cr5:10/1/5 55                                          
2019-02-06 13:52:11,325 DEBUG n.e.o.t.s.UpdateSvc                 - chic-cr5:1/1/1 55                                           
2019-02-06 13:52:11,325 DEBUG n.e.o.t.s.UpdateSvc                 - chic-cr5:10/1/7 55                                          
2019-02-06 13:52:11,325 DEBUG n.e.o.t.s.UpdateSvc                 - chic-cr5:7/2/1 55                                           
2019-02-06 13:52:11,325 DEBUG n.e.o.t.s.UpdateSvc                 - chic-cr5:3/1/1 55                                           
2019-02-06 13:52:11,325 DEBUG n.e.o.t.s.UpdateSvc                 - chic-cr5:10/1/4 55                                          
2019-02-06 13:52:11,326 DEBUG n.e.o.t.s.UpdateSvc                 - chic-cr5:6/2/1 55                                           
2019-02-06 13:52:11,326 DEBUG n.e.o.t.s.UpdateSvc                 - chic-cr5:2/1/1 55                                           
2019-02-06 13:52:11,326 DEBUG n.e.o.t.s.UpdateSvc                 - chic-cr5:4/1/1 55                                           
2019-02-06 13:52:11,329 INFO  n.e.o.t.s.UpdateSvc                 - inserting p: srs-rt3:ge-1/2/0 to srs-rt3                    
2019-02-06 13:52:11,329 DEBUG n.e.o.t.s.UpdateSvc                 - srs-rt3:ge-0/1/0 31                                         
2019-02-06 13:52:11,330 DEBUG n.e.o.t.s.UpdateSvc                 - srs-rt3:ge-1/1/0 31                                         
2019-02-06 13:52:11,330 DEBUG n.e.o.t.s.UpdateSvc                 - srs-rt3:ge-1/0/0 31                                         
2019-02-06 13:52:11,330 DEBUG n.e.o.t.s.UpdateSvc                 - srs-rt3:ge-0/0/0 31                                         
2019-02-06 13:52:11,330 DEBUG n.e.o.t.s.UpdateSvc                 - srs-rt3:ge-1/2/0 31                                         
2019-02-06 13:52:11,333 INFO  n.e.o.t.s.UpdateSvc                 - inserting p: hous-cr5:4/1/1 to hous-cr5                     
2019-02-06 13:52:11,333 DEBUG n.e.o.t.s.UpdateSvc                 - hous-cr5:2/1/1 68                                           
2019-02-06 13:52:11,333 DEBUG n.e.o.t.s.UpdateSvc                 - hous-cr5:10/1/4 68                                          
2019-02-06 13:52:11,334 DEBUG n.e.o.t.s.UpdateSvc                 - hous-cr5:3/1/1 68                                           
2019-02-06 13:52:11,334 DEBUG n.e.o.t.s.UpdateSvc                 - hous-cr5:4/1/1 68                                           
2019-02-06 13:52:11,334 DEBUG n.e.o.t.s.UpdateSvc                 - hous-cr5:10/1/3 68                                          
2019-02-06 13:52:11,334 DEBUG n.e.o.t.s.UpdateSvc                 - hous-cr5:1/1/1 68                                           
2019-02-06 13:52:11,336 INFO  n.e.o.t.s.UpdateSvc                 - inserting p: amst-cr5:1/1/1 to amst-cr5                     
2019-02-06 13:52:11,337 DEBUG n.e.o.t.s.UpdateSvc                 - amst-cr5:1/1/1 72                                           
2019-02-06 13:52:11,337 DEBUG n.e.o.t.s.UpdateSvc                 - amst-cr5:5/1/1 72                                           
2019-02-06 13:52:11,337 DEBUG n.e.o.t.s.UpdateSvc                 - amst-cr5:3/1/1 72                                           
2019-02-06 13:52:11,337 DEBUG n.e.o.t.s.UpdateSvc                 - amst-cr5:2/1/1 72                                           
2019-02-06 13:52:11,337 DEBUG n.e.o.t.s.UpdateSvc                 - amst-cr5:10/1/1 72                                          
2019-02-06 13:52:11,337 DEBUG n.e.o.t.s.UpdateSvc                 - amst-cr5:10/1/2 72                                          
2019-02-06 13:52:11,337 DEBUG n.e.o.t.s.UpdateSvc                 - amst-cr5:10/2/5 72                                          
2019-02-06 13:52:11,340 INFO  n.e.o.t.s.UpdateSvc                 - inserting p: nash-cr5:4/1/1 to nash-cr5                     
2019-02-06 13:52:11,341 DEBUG n.e.o.t.s.UpdateSvc                 - nash-cr5:4/1/1 45                                           
2019-02-06 13:52:11,341 DEBUG n.e.o.t.s.UpdateSvc                 - nash-cr5:10/1/5 45                                          
2019-02-06 13:52:11,341 DEBUG n.e.o.t.s.UpdateSvc                 - nash-cr5:3/1/1 45                                           
2019-02-06 13:52:11,341 DEBUG n.e.o.t.s.UpdateSvc                 - nash-cr5:1/2/1 45                                           
2019-02-06 13:52:11,341 DEBUG n.e.o.t.s.UpdateSvc                 - nash-cr5:10/1/6 45                                          
2019-02-06 13:52:11,341 DEBUG n.e.o.t.s.UpdateSvc                 - nash-cr5:2/1/1 45                                           
2019-02-06 13:52:11,341 DEBUG n.e.o.t.s.UpdateSvc                 - nash-cr5:10/1/3 45                                          
2019-02-06 13:52:11,341 DEBUG n.e.o.t.s.UpdateSvc                 - nash-cr5:1/1/1 45                                           
2019-02-06 13:52:11,341 DEBUG n.e.o.t.s.UpdateSvc                 - nash-cr5:10/1/4 45                                          
2019-02-06 13:52:11,344 INFO  n.e.o.t.s.UpdateSvc                 - inserting p: pnwg-cr5:10/1/9 to pnwg-cr5                    
2019-02-06 13:52:11,344 DEBUG n.e.o.t.s.UpdateSvc                 - pnwg-cr5:2/1/1 71                                           
2019-02-06 13:52:11,344 DEBUG n.e.o.t.s.UpdateSvc                 - pnwg-cr5:9/1/2 71                                           
2019-02-06 13:52:11,344 DEBUG n.e.o.t.s.UpdateSvc                 - pnwg-cr5:3/1/1 71                                           
2019-02-06 13:52:11,344 DEBUG n.e.o.t.s.UpdateSvc                 - pnwg-cr5:2/2/1 71                                           
2019-02-06 13:52:11,344 DEBUG n.e.o.t.s.UpdateSvc                 - pnwg-cr5:10/1/10 71                                         
2019-02-06 13:52:11,344 DEBUG n.e.o.t.s.UpdateSvc                 - pnwg-cr5:BLANK 71                                           
2019-02-06 13:52:11,344 DEBUG n.e.o.t.s.UpdateSvc                 - pnwg-cr5:10/1/9 71                                          
2019-02-06 13:52:11,344 DEBUG n.e.o.t.s.UpdateSvc                 - pnwg-cr5:1/1/1 71                                           
2019-02-06 13:52:11,347 INFO  n.e.o.t.s.UpdateSvc                 - inserting p: lbl-mr2:xe-2/2/0 to lbl-mr2                    
2019-02-06 13:52:11,348 DEBUG n.e.o.t.s.UpdateSvc                 - lbl-mr2:xe-8/1/0 74                                         
2019-02-06 13:52:11,349 DEBUG n.e.o.t.s.UpdateSvc                 - lbl-mr2:ge-9/1/2 74                                         
2019-02-06 13:52:11,349 DEBUG n.e.o.t.s.UpdateSvc                 - lbl-mr2:xe-2/2/0 74                                         
2019-02-06 13:52:11,349 DEBUG n.e.o.t.s.UpdateSvc                 - lbl-mr2:ge-9/0/4 74                                         
2019-02-06 13:52:11,349 DEBUG n.e.o.t.s.UpdateSvc                 - lbl-mr2:xe-0/2/0 74                                         
2019-02-06 13:52:11,349 DEBUG n.e.o.t.s.UpdateSvc                 - lbl-mr2:xe-2/1/0 74                                         
2019-02-06 13:52:11,349 DEBUG n.e.o.t.s.UpdateSvc                 - lbl-mr2:xe-1/3/0 74                                         
2019-02-06 13:52:11,349 DEBUG n.e.o.t.s.UpdateSvc                 - lbl-mr2:xe-7/2/0 74                                         
2019-02-06 13:52:11,349 DEBUG n.e.o.t.s.UpdateSvc                 - lbl-mr2:xe-1/1/0 74                                         
2019-02-06 13:52:11,349 DEBUG n.e.o.t.s.UpdateSvc                 - lbl-mr2:xe-7/0/0 74                                         
2019-02-06 13:52:11,349 DEBUG n.e.o.t.s.UpdateSvc                 - lbl-mr2:ae0 74                                              
2019-02-06 13:52:11,349 DEBUG n.e.o.t.s.UpdateSvc                 - lbl-mr2:ge-9/1/0 74                                         
2019-02-06 13:52:11,349 DEBUG n.e.o.t.s.UpdateSvc                 - lbl-mr2:ge-9/1/8 74                                         
2019-02-06 13:52:11,349 DEBUG n.e.o.t.s.UpdateSvc                 - lbl-mr2:xe-0/1/0 74                                         
2019-02-06 13:52:11,349 DEBUG n.e.o.t.s.UpdateSvc                 - lbl-mr2:xe-8/3/0 74                                         
2019-02-06 13:52:11,349 DEBUG n.e.o.t.s.UpdateSvc                 - lbl-mr2:xe-2/3/0 74                                         
2019-02-06 13:52:11,352 INFO  n.e.o.t.s.UpdateSvc                 - inserting p: pnwg-cr5:10/1/6 to pnwg-cr5                    
2019-02-06 13:52:11,352 DEBUG n.e.o.t.s.UpdateSvc                 - pnwg-cr5:2/1/1 71                                           
2019-02-06 13:52:11,352 DEBUG n.e.o.t.s.UpdateSvc                 - pnwg-cr5:9/1/2 71                                           
2019-02-06 13:52:11,352 DEBUG n.e.o.t.s.UpdateSvc                 - pnwg-cr5:3/1/1 71                                           
2019-02-06 13:52:11,352 DEBUG n.e.o.t.s.UpdateSvc                 - pnwg-cr5:2/2/1 71                                           
2019-02-06 13:52:11,352 DEBUG n.e.o.t.s.UpdateSvc                 - pnwg-cr5:10/1/10 71                                         
2019-02-06 13:52:11,352 DEBUG n.e.o.t.s.UpdateSvc                 - pnwg-cr5:10/1/6 71                                          
2019-02-06 13:52:11,352 DEBUG n.e.o.t.s.UpdateSvc                 - pnwg-cr5:BLANK 71                                           
2019-02-06 13:52:11,352 DEBUG n.e.o.t.s.UpdateSvc                 - pnwg-cr5:10/1/9 71                                          
2019-02-06 13:52:11,352 DEBUG n.e.o.t.s.UpdateSvc                 - pnwg-cr5:1/1/1 71                                           
2019-02-06 13:52:11,355 INFO  n.e.o.t.s.UpdateSvc                 - inserting p: nash-cr5:4/2/1 to nash-cr5                     
2019-02-06 13:52:11,356 DEBUG n.e.o.t.s.UpdateSvc                 - nash-cr5:4/1/1 45                                           
2019-02-06 13:52:11,356 DEBUG n.e.o.t.s.UpdateSvc                 - nash-cr5:10/1/5 45                                          
2019-02-06 13:52:11,356 DEBUG n.e.o.t.s.UpdateSvc                 - nash-cr5:3/1/1 45                                           
2019-02-06 13:52:11,356 DEBUG n.e.o.t.s.UpdateSvc                 - nash-cr5:4/2/1 45                                           
2019-02-06 13:52:11,356 DEBUG n.e.o.t.s.UpdateSvc                 - nash-cr5:1/2/1 45                                           
2019-02-06 13:52:11,356 DEBUG n.e.o.t.s.UpdateSvc                 - nash-cr5:10/1/6 45                                          
2019-02-06 13:52:11,356 DEBUG n.e.o.t.s.UpdateSvc                 - nash-cr5:2/1/1 45                                           
2019-02-06 13:52:11,356 DEBUG n.e.o.t.s.UpdateSvc                 - nash-cr5:10/1/3 45                                          
2019-02-06 13:52:11,356 DEBUG n.e.o.t.s.UpdateSvc                 - nash-cr5:1/1/1 45                                           
2019-02-06 13:52:11,356 DEBUG n.e.o.t.s.UpdateSvc                 - nash-cr5:10/1/4 45                                          
2019-02-06 13:52:11,371 INFO  n.e.o.t.s.UpdateSvc                 - inserting p: pnwg-cr5:10/1/5 to pnwg-cr5                    
2019-02-06 13:52:11,372 DEBUG n.e.o.t.s.UpdateSvc                 - pnwg-cr5:2/1/1 71                                           
2019-02-06 13:52:11,372 DEBUG n.e.o.t.s.UpdateSvc                 - pnwg-cr5:9/1/2 71                                           
2019-02-06 13:52:11,372 DEBUG n.e.o.t.s.UpdateSvc                 - pnwg-cr5:10/1/5 71                                          
2019-02-06 13:52:11,372 DEBUG n.e.o.t.s.UpdateSvc                 - pnwg-cr5:3/1/1 71                                           
2019-02-06 13:52:11,372 DEBUG n.e.o.t.s.UpdateSvc                 - pnwg-cr5:2/2/1 71                                           
2019-02-06 13:52:11,372 DEBUG n.e.o.t.s.UpdateSvc                 - pnwg-cr5:10/1/10 71                                         
2019-02-06 13:52:11,372 DEBUG n.e.o.t.s.UpdateSvc                 - pnwg-cr5:10/1/6 71                                          
2019-02-06 13:52:11,372 DEBUG n.e.o.t.s.UpdateSvc                 - pnwg-cr5:BLANK 71                                           
2019-02-06 13:52:11,372 DEBUG n.e.o.t.s.UpdateSvc                 - pnwg-cr5:10/1/9 71                                          
2019-02-06 13:52:11,372 DEBUG n.e.o.t.s.UpdateSvc                 - pnwg-cr5:1/1/1 71                                           
2019-02-06 13:52:11,375 INFO  n.e.o.t.s.UpdateSvc                 - inserting p: pnwg-cr5:10/1/4 to pnwg-cr5                    
2019-02-06 13:52:11,376 DEBUG n.e.o.t.s.UpdateSvc                 - pnwg-cr5:2/1/1 71                                           
2019-02-06 13:52:11,376 DEBUG n.e.o.t.s.UpdateSvc                 - pnwg-cr5:10/1/4 71                                          
2019-02-06 13:52:11,376 DEBUG n.e.o.t.s.UpdateSvc                 - pnwg-cr5:9/1/2 71                                           
2019-02-06 13:52:11,376 DEBUG n.e.o.t.s.UpdateSvc                 - pnwg-cr5:10/1/5 71                                          
2019-02-06 13:52:11,376 DEBUG n.e.o.t.s.UpdateSvc                 - pnwg-cr5:3/1/1 71                                           
2019-02-06 13:52:11,376 DEBUG n.e.o.t.s.UpdateSvc                 - pnwg-cr5:2/2/1 71                                           
2019-02-06 13:52:11,376 DEBUG n.e.o.t.s.UpdateSvc                 - pnwg-cr5:10/1/10 71                                         
2019-02-06 13:52:11,376 DEBUG n.e.o.t.s.UpdateSvc                 - pnwg-cr5:10/1/6 71                                          
2019-02-06 13:52:11,376 DEBUG n.e.o.t.s.UpdateSvc                 - pnwg-cr5:BLANK 71                                           
2019-02-06 13:52:11,376 DEBUG n.e.o.t.s.UpdateSvc                 - pnwg-cr5:10/1/9 71                                          
2019-02-06 13:52:11,376 DEBUG n.e.o.t.s.UpdateSvc                 - pnwg-cr5:1/1/1 71                                           
2019-02-06 13:52:11,380 INFO  n.e.o.t.s.UpdateSvc                 - inserting p: slac-mr2:xe-1/2/0 to slac-mr2                  
2019-02-06 13:52:11,381 DEBUG n.e.o.t.s.UpdateSvc                 - slac-mr2:xe-1/2/0 56                                        
2019-02-06 13:52:11,381 DEBUG n.e.o.t.s.UpdateSvc                 - slac-mr2:xe-0/1/0 56                                        
2019-02-06 13:52:11,381 DEBUG n.e.o.t.s.UpdateSvc                 - slac-mr2:xe-1/3/0 56                                        
2019-02-06 13:52:11,381 DEBUG n.e.o.t.s.UpdateSvc                 - slac-mr2:xe-0/2/0 56                                        
2019-02-06 13:52:11,381 DEBUG n.e.o.t.s.UpdateSvc                 - slac-mr2:xe-0/0/0 56                                        
2019-02-06 13:52:11,381 DEBUG n.e.o.t.s.UpdateSvc                 - slac-mr2:xe-1/1/0 56                                        
2019-02-06 13:52:11,384 INFO  n.e.o.t.s.UpdateSvc                 - inserting p: pnwg-cr5:10/1/3 to pnwg-cr5                    
2019-02-06 13:52:11,385 DEBUG n.e.o.t.s.UpdateSvc                 - pnwg-cr5:2/1/1 71                                           
2019-02-06 13:52:11,385 DEBUG n.e.o.t.s.UpdateSvc                 - pnwg-cr5:10/1/4 71                                          
2019-02-06 13:52:11,385 DEBUG n.e.o.t.s.UpdateSvc                 - pnwg-cr5:9/1/2 71                                           
2019-02-06 13:52:11,385 DEBUG n.e.o.t.s.UpdateSvc                 - pnwg-cr5:10/1/5 71                                          
2019-02-06 13:52:11,386 DEBUG n.e.o.t.s.UpdateSvc                 - pnwg-cr5:3/1/1 71                                           
2019-02-06 13:52:11,386 DEBUG n.e.o.t.s.UpdateSvc                 - pnwg-cr5:2/2/1 71                                           
2019-02-06 13:52:11,386 DEBUG n.e.o.t.s.UpdateSvc                 - pnwg-cr5:10/1/3 71                                          
2019-02-06 13:52:11,386 DEBUG n.e.o.t.s.UpdateSvc                 - pnwg-cr5:10/1/10 71                                         
2019-02-06 13:52:11,386 DEBUG n.e.o.t.s.UpdateSvc                 - pnwg-cr5:10/1/6 71                                          
2019-02-06 13:52:11,386 DEBUG n.e.o.t.s.UpdateSvc                 - pnwg-cr5:BLANK 71                                           
2019-02-06 13:52:11,386 DEBUG n.e.o.t.s.UpdateSvc                 - pnwg-cr5:10/1/9 71                                          
2019-02-06 13:52:11,386 DEBUG n.e.o.t.s.UpdateSvc                 - pnwg-cr5:1/1/1 71                                           
2019-02-06 13:52:11,388 INFO  n.e.o.t.s.UpdateSvc                 - inserting p: pnwg-cr5:10/1/2 to pnwg-cr5                    
2019-02-06 13:52:11,389 DEBUG n.e.o.t.s.UpdateSvc                 - pnwg-cr5:2/1/1 71                                           
2019-02-06 13:52:11,389 DEBUG n.e.o.t.s.UpdateSvc                 - pnwg-cr5:10/1/4 71                                          
2019-02-06 13:52:11,390 DEBUG n.e.o.t.s.UpdateSvc                 - pnwg-cr5:BLANK 71                                           
2019-02-06 13:52:11,390 DEBUG n.e.o.t.s.UpdateSvc                 - pnwg-cr5:1/1/1 71                                           
2019-02-06 13:52:11,390 DEBUG n.e.o.t.s.UpdateSvc                 - pnwg-cr5:9/1/2 71                                           
2019-02-06 13:52:11,390 DEBUG n.e.o.t.s.UpdateSvc                 - pnwg-cr5:10/1/5 71                                          
2019-02-06 13:52:11,390 DEBUG n.e.o.t.s.UpdateSvc                 - pnwg-cr5:3/1/1 71                                           
2019-02-06 13:52:11,390 DEBUG n.e.o.t.s.UpdateSvc                 - pnwg-cr5:2/2/1 71                                           
2019-02-06 13:52:11,390 DEBUG n.e.o.t.s.UpdateSvc                 - pnwg-cr5:10/1/3 71                                          
2019-02-06 13:52:11,390 DEBUG n.e.o.t.s.UpdateSvc                 - pnwg-cr5:10/1/2 71                                          
2019-02-06 13:52:11,390 DEBUG n.e.o.t.s.UpdateSvc                 - pnwg-cr5:10/1/10 71                                         
2019-02-06 13:52:11,390 DEBUG n.e.o.t.s.UpdateSvc                 - pnwg-cr5:10/1/6 71                                          
2019-02-06 13:52:11,390 DEBUG n.e.o.t.s.UpdateSvc                 - pnwg-cr5:10/1/9 71                                          
2019-02-06 13:52:11,392 INFO  n.e.o.t.s.UpdateSvc                 - inserting p: fnal-mr2:xe-0/2/0 to fnal-mr2                  
2019-02-06 13:52:11,393 DEBUG n.e.o.t.s.UpdateSvc                 - fnal-mr2:xe-1/1/0 65                                        
2019-02-06 13:52:11,393 DEBUG n.e.o.t.s.UpdateSvc                 - fnal-mr2:xe-0/0/0 65                                        
2019-02-06 13:52:11,393 DEBUG n.e.o.t.s.UpdateSvc                 - fnal-mr2:xe-8/3/0 65                                        
2019-02-06 13:52:11,393 DEBUG n.e.o.t.s.UpdateSvc                 - fnal-mr2:xe-8/1/0 65                                        
2019-02-06 13:52:11,393 DEBUG n.e.o.t.s.UpdateSvc                 - fnal-mr2:xe-0/2/0 65                                        
2019-02-06 13:52:11,393 DEBUG n.e.o.t.s.UpdateSvc                 - fnal-mr2:xe-1/3/0 65                                        
2019-02-06 13:52:11,396 INFO  n.e.o.t.s.UpdateSvc                 - inserting p: pppl-rt5:xe-1/0/0 to pppl-rt5                  
2019-02-06 13:52:11,396 DEBUG n.e.o.t.s.UpdateSvc                 - pppl-rt5:xe-1/2/0 30                                        
2019-02-06 13:52:11,396 DEBUG n.e.o.t.s.UpdateSvc                 - pppl-rt5:ge-0/0/2 30                                        
2019-02-06 13:52:11,396 DEBUG n.e.o.t.s.UpdateSvc                 - pppl-rt5:xe-1/1/0 30                                        
2019-02-06 13:52:11,396 DEBUG n.e.o.t.s.UpdateSvc                 - pppl-rt5:xe-1/0/0 30                                        
2019-02-06 13:52:11,396 DEBUG n.e.o.t.s.UpdateSvc                 - pppl-rt5:xe-1/3/0 30                                        
2019-02-06 13:52:11,400 INFO  n.e.o.t.s.UpdateSvc                 - inserting p: eqx-chi-cr5:1/2/1 to eqx-chi-cr5               
2019-02-06 13:52:11,401 DEBUG n.e.o.t.s.UpdateSvc                 - eqx-chi-cr5:1/1/1 58                                        
2019-02-06 13:52:11,401 DEBUG n.e.o.t.s.UpdateSvc                 - eqx-chi-cr5:10/1/1 58                                       
2019-02-06 13:52:11,401 DEBUG n.e.o.t.s.UpdateSvc                 - eqx-chi-cr5:10/1/3 58                                       
2019-02-06 13:52:11,401 DEBUG n.e.o.t.s.UpdateSvc                 - eqx-chi-cr5:BLANK 58                                        
2019-02-06 13:52:11,401 DEBUG n.e.o.t.s.UpdateSvc                 - eqx-chi-cr5:1/2/1 58                                        
2019-02-06 13:52:11,401 DEBUG n.e.o.t.s.UpdateSvc                 - eqx-chi-cr5:10/1/2 58                                       
2019-02-06 13:52:11,405 INFO  n.e.o.t.s.UpdateSvc                 - inserting p: cern-513-cr5:10/1/2 to cern-513-cr5            
2019-02-06 13:52:11,406 DEBUG n.e.o.t.s.UpdateSvc                 - cern-513-cr5:2/1/1 34                                       
2019-02-06 13:52:11,406 DEBUG n.e.o.t.s.UpdateSvc                 - cern-513-cr5:1/1/1 34                                       
2019-02-06 13:52:11,406 DEBUG n.e.o.t.s.UpdateSvc                 - cern-513-cr5:5/1/1 34                                       
2019-02-06 13:52:11,406 DEBUG n.e.o.t.s.UpdateSvc                 - cern-513-cr5:1/2/1 34                                       
2019-02-06 13:52:11,406 DEBUG n.e.o.t.s.UpdateSvc                 - cern-513-cr5:BLANK 34                                       
2019-02-06 13:52:11,406 DEBUG n.e.o.t.s.UpdateSvc                 - cern-513-cr5:10/1/2 34                                      
2019-02-06 13:52:11,406 DEBUG n.e.o.t.s.UpdateSvc                 - cern-513-cr5:4/1/1 34                                       
2019-02-06 13:52:11,408 INFO  n.e.o.t.s.UpdateSvc                 - inserting p: cern-513-cr5:10/1/3 to cern-513-cr5            
2019-02-06 13:52:11,409 DEBUG n.e.o.t.s.UpdateSvc                 - cern-513-cr5:2/1/1 34                                       
2019-02-06 13:52:11,409 DEBUG n.e.o.t.s.UpdateSvc                 - cern-513-cr5:1/1/1 34                                       
2019-02-06 13:52:11,409 DEBUG n.e.o.t.s.UpdateSvc                 - cern-513-cr5:5/1/1 34                                       
2019-02-06 13:52:11,409 DEBUG n.e.o.t.s.UpdateSvc                 - cern-513-cr5:1/2/1 34                                       
2019-02-06 13:52:11,409 DEBUG n.e.o.t.s.UpdateSvc                 - cern-513-cr5:BLANK 34                                       
2019-02-06 13:52:11,409 DEBUG n.e.o.t.s.UpdateSvc                 - cern-513-cr5:10/1/2 34                                      
2019-02-06 13:52:11,409 DEBUG n.e.o.t.s.UpdateSvc                 - cern-513-cr5:10/1/3 34                                      
2019-02-06 13:52:11,409 DEBUG n.e.o.t.s.UpdateSvc                 - cern-513-cr5:4/1/1 34                                       
2019-02-06 13:52:11,413 INFO  n.e.o.t.s.UpdateSvc                 - inserting p: snll-mr2:xe-0/1/0 to snll-mr2                  
2019-02-06 13:52:11,414 DEBUG n.e.o.t.s.UpdateSvc                 - snll-mr2:xe-2/2/0 40                                        
2019-02-06 13:52:11,414 DEBUG n.e.o.t.s.UpdateSvc                 - snll-mr2:xe-1/3/0 40                                        
2019-02-06 13:52:11,414 DEBUG n.e.o.t.s.UpdateSvc                 - snll-mr2:xe-0/2/0 40                                        
2019-02-06 13:52:11,414 DEBUG n.e.o.t.s.UpdateSvc                 - snll-mr2:xe-1/1/0 40                                        
2019-02-06 13:52:11,414 DEBUG n.e.o.t.s.UpdateSvc                 - snll-mr2:xe-0/1/0 40                                        
2019-02-06 13:52:11,414 DEBUG n.e.o.t.s.UpdateSvc                 - snll-mr2:xe-2/0/0 40                                        
2019-02-06 13:52:11,414 DEBUG n.e.o.t.s.UpdateSvc                 - snll-mr2:xe-2/3/0 40                                        
2019-02-06 13:52:11,414 DEBUG n.e.o.t.s.UpdateSvc                 - snll-mr2:xe-1/2/0 40                                        
2019-02-06 13:52:11,418 INFO  n.e.o.t.s.UpdateSvc                 - inserting p: jgi-mr2:xe-1/1/0 to jgi-mr2                    
2019-02-06 13:52:11,419 DEBUG n.e.o.t.s.UpdateSvc                 - jgi-mr2:xe-2/2/0 61                                         
2019-02-06 13:52:11,419 DEBUG n.e.o.t.s.UpdateSvc                 - jgi-mr2:xe-1/1/0 61                                         
2019-02-06 13:52:11,419 DEBUG n.e.o.t.s.UpdateSvc                 - jgi-mr2:xe-1/3/0 61                                         
2019-02-06 13:52:11,419 DEBUG n.e.o.t.s.UpdateSvc                 - jgi-mr2:xe-0/2/0 61                                         
2019-02-06 13:52:11,423 INFO  n.e.o.t.s.UpdateSvc                 - inserting p: wash-cr5:3/1/1 to wash-cr5                     
2019-02-06 13:52:11,423 DEBUG n.e.o.t.s.UpdateSvc                 - wash-cr5:10/1/3 36                                          
2019-02-06 13:52:11,424 DEBUG n.e.o.t.s.UpdateSvc                 - wash-cr5:10/1/5 36                                          
2019-02-06 13:52:11,424 DEBUG n.e.o.t.s.UpdateSvc                 - wash-cr5:6/1/1 36                                           
2019-02-06 13:52:11,424 DEBUG n.e.o.t.s.UpdateSvc                 - wash-cr5:2/1/1 36                                           
2019-02-06 13:52:11,424 DEBUG n.e.o.t.s.UpdateSvc                 - wash-cr5:5/1/1 36                                           
2019-02-06 13:52:11,424 DEBUG n.e.o.t.s.UpdateSvc                 - wash-cr5:10/1/4 36                                          
2019-02-06 13:52:11,424 DEBUG n.e.o.t.s.UpdateSvc                 - wash-cr5:10/1/10 36                                         
2019-02-06 13:52:11,424 DEBUG n.e.o.t.s.UpdateSvc                 - wash-cr5:10/1/9 36                                          
2019-02-06 13:52:11,424 DEBUG n.e.o.t.s.UpdateSvc                 - wash-cr5:3/1/1 36                                           
2019-02-06 13:52:11,424 DEBUG n.e.o.t.s.UpdateSvc                 - wash-cr5:4/1/1 36                                           
2019-02-06 13:52:11,424 DEBUG n.e.o.t.s.UpdateSvc                 - wash-cr5:5/2/1 36                                           
2019-02-06 13:52:11,424 DEBUG n.e.o.t.s.UpdateSvc                 - wash-cr5:1/1/1 36                                           
2019-02-06 13:52:11,424 DEBUG n.e.o.t.s.UpdateSvc                 - wash-cr5:4/2/1 36                                           
2019-02-06 13:52:11,428 INFO  n.e.o.t.s.UpdateSvc                 - inserting p: star-cr5:9/1/4 to star-cr5                     
2019-02-06 13:52:11,429 DEBUG n.e.o.t.s.UpdateSvc                 - star-cr5:3/1/1 76                                           
2019-02-06 13:52:11,429 DEBUG n.e.o.t.s.UpdateSvc                 - star-cr5:6/1/1 76                                           
2019-02-06 13:52:11,429 DEBUG n.e.o.t.s.UpdateSvc                 - star-cr5:10/1/1 76                                          
2019-02-06 13:52:11,429 DEBUG n.e.o.t.s.UpdateSvc                 - star-cr5:10/1/8 76                                          
2019-02-06 13:52:11,429 DEBUG n.e.o.t.s.UpdateSvc                 - star-cr5:5/1/1 76                                           
2019-02-06 13:52:11,429 DEBUG n.e.o.t.s.UpdateSvc                 - star-cr5:4/2/1 76                                           
2019-02-06 13:52:11,429 DEBUG n.e.o.t.s.UpdateSvc                 - star-cr5:BLANK 76                                           
2019-02-06 13:52:11,429 DEBUG n.e.o.t.s.UpdateSvc                 - star-cr5:8/1/2 76                                           
2019-02-06 13:52:11,429 DEBUG n.e.o.t.s.UpdateSvc                 - star-cr5:9/1/4 76                                           
2019-02-06 13:52:11,429 DEBUG n.e.o.t.s.UpdateSvc                 - star-cr5:8/1/4 76                                           
2019-02-06 13:52:11,429 DEBUG n.e.o.t.s.UpdateSvc                 - star-cr5:3/2/1 76                                           
2019-02-06 13:52:11,429 DEBUG n.e.o.t.s.UpdateSvc                 - star-cr5:6/2/1 76                                           
2019-02-06 13:52:11,429 DEBUG n.e.o.t.s.UpdateSvc                 - star-cr5:8/1/6 76                                           
2019-02-06 13:52:11,429 DEBUG n.e.o.t.s.UpdateSvc                 - star-cr5:10/1/7 76                                          
2019-02-06 13:52:11,429 DEBUG n.e.o.t.s.UpdateSvc                 - star-cr5:4/1/1 76                                           
2019-02-06 13:52:11,430 DEBUG n.e.o.t.s.UpdateSvc                 - star-cr5:10/1/10 76                                         
2019-02-06 13:52:11,430 DEBUG n.e.o.t.s.UpdateSvc                 - star-cr5:1/2/1 76                                           
2019-02-06 13:52:11,430 DEBUG n.e.o.t.s.UpdateSvc                 - star-cr5:1/1/1 76                                           
2019-02-06 13:52:11,434 INFO  n.e.o.t.s.UpdateSvc                 - inserting p: ga-rt2:xe-0/3/0 to ga-rt2                      
2019-02-06 13:52:11,435 DEBUG n.e.o.t.s.UpdateSvc                 - ga-rt2:xe-0/0/0 37                                          
2019-02-06 13:52:11,435 DEBUG n.e.o.t.s.UpdateSvc                 - ga-rt2:ge-1/0/5 37                                          
2019-02-06 13:52:11,436 DEBUG n.e.o.t.s.UpdateSvc                 - ga-rt2:ge-1/0/3 37                                          
2019-02-06 13:52:11,436 DEBUG n.e.o.t.s.UpdateSvc                 - ga-rt2:xe-0/3/0 37                                          
2019-02-06 13:52:11,436 DEBUG n.e.o.t.s.UpdateSvc                 - ga-rt2:ge-1/1/3 37                                          
2019-02-06 13:52:11,436 DEBUG n.e.o.t.s.UpdateSvc                 - ga-rt2:xe-0/2/0 37                                          
2019-02-06 13:52:11,440 INFO  n.e.o.t.s.UpdateSvc                 - inserting p: denv-cr5:2/1/1 to denv-cr5                     
2019-02-06 13:52:11,441 DEBUG n.e.o.t.s.UpdateSvc                 - denv-cr5:4/1/1 75                                           
2019-02-06 13:52:11,441 DEBUG n.e.o.t.s.UpdateSvc                 - denv-cr5:1/1/1 75                                           
2019-02-06 13:52:11,441 DEBUG n.e.o.t.s.UpdateSvc                 - denv-cr5:10/1/10 75                                         
2019-02-06 13:52:11,441 DEBUG n.e.o.t.s.UpdateSvc                 - denv-cr5:10/1/3 75                                          
2019-02-06 13:52:11,441 DEBUG n.e.o.t.s.UpdateSvc                 - denv-cr5:10/1/4 75                                          
2019-02-06 13:52:11,441 DEBUG n.e.o.t.s.UpdateSvc                 - denv-cr5:10/1/12 75                                         
2019-02-06 13:52:11,441 DEBUG n.e.o.t.s.UpdateSvc                 - denv-cr5:2/1/1 75                                           
2019-02-06 13:52:11,441 DEBUG n.e.o.t.s.UpdateSvc                 - denv-cr5:10/1/7 75                                          
2019-02-06 13:52:11,441 DEBUG n.e.o.t.s.UpdateSvc                 - denv-cr5:4/2/1 75                                           
2019-02-06 13:52:11,441 DEBUG n.e.o.t.s.UpdateSvc                 - denv-cr5:10/1/11 75                                         
2019-02-06 13:52:11,441 DEBUG n.e.o.t.s.UpdateSvc                 - denv-cr5:10/1/5 75                                          
2019-02-06 13:52:11,441 DEBUG n.e.o.t.s.UpdateSvc                 - denv-cr5:9/1/1 75                                           
2019-02-06 13:52:11,441 DEBUG n.e.o.t.s.UpdateSvc                 - denv-cr5:3/1/1 75                                           
2019-02-06 13:52:11,441 DEBUG n.e.o.t.s.UpdateSvc                 - denv-cr5:10/1/6 75                                          
2019-02-06 13:52:11,441 DEBUG n.e.o.t.s.UpdateSvc                 - denv-cr5:9/1/3 75                                           
2019-02-06 13:52:11,445 INFO  n.e.o.t.s.UpdateSvc                 - inserting p: srs-rt3:ge-1/3/0 to srs-rt3                    
2019-02-06 13:52:11,446 DEBUG n.e.o.t.s.UpdateSvc                 - srs-rt3:ge-0/1/0 31                                         
2019-02-06 13:52:11,446 DEBUG n.e.o.t.s.UpdateSvc                 - srs-rt3:ge-1/1/0 31                                         
2019-02-06 13:52:11,446 DEBUG n.e.o.t.s.UpdateSvc                 - srs-rt3:ge-1/3/0 31                                         
2019-02-06 13:52:11,446 DEBUG n.e.o.t.s.UpdateSvc                 - srs-rt3:ge-1/0/0 31                                         
2019-02-06 13:52:11,446 DEBUG n.e.o.t.s.UpdateSvc                 - srs-rt3:ge-0/0/0 31                                         
2019-02-06 13:52:11,446 DEBUG n.e.o.t.s.UpdateSvc                 - srs-rt3:ge-1/2/0 31                                         
2019-02-06 13:52:11,449 INFO  n.e.o.t.s.UpdateSvc                 - inserting p: amst-cr5:1/2/1 to amst-cr5                     
2019-02-06 13:52:11,450 DEBUG n.e.o.t.s.UpdateSvc                 - amst-cr5:1/1/1 72                                           
2019-02-06 13:52:11,450 DEBUG n.e.o.t.s.UpdateSvc                 - amst-cr5:1/2/1 72                                           
2019-02-06 13:52:11,450 DEBUG n.e.o.t.s.UpdateSvc                 - amst-cr5:5/1/1 72                                           
2019-02-06 13:52:11,450 DEBUG n.e.o.t.s.UpdateSvc                 - amst-cr5:3/1/1 72                                           
2019-02-06 13:52:11,450 DEBUG n.e.o.t.s.UpdateSvc                 - amst-cr5:2/1/1 72                                           
2019-02-06 13:52:11,450 DEBUG n.e.o.t.s.UpdateSvc                 - amst-cr5:10/1/1 72                                          
2019-02-06 13:52:11,450 DEBUG n.e.o.t.s.UpdateSvc                 - amst-cr5:10/1/2 72                                          
2019-02-06 13:52:11,450 DEBUG n.e.o.t.s.UpdateSvc                 - amst-cr5:10/2/5 72                                          
2019-02-06 13:52:11,454 INFO  n.e.o.t.s.UpdateSvc                 - inserting p: lond-cr5:3/1/1 to lond-cr5                     
2019-02-06 13:52:11,454 DEBUG n.e.o.t.s.UpdateSvc                 - lond-cr5:5/1/1 57                                           
2019-02-06 13:52:11,454 DEBUG n.e.o.t.s.UpdateSvc                 - lond-cr5:1/1/1 57                                           
2019-02-06 13:52:11,454 DEBUG n.e.o.t.s.UpdateSvc                 - lond-cr5:2/2/1 57                                           
2019-02-06 13:52:11,454 DEBUG n.e.o.t.s.UpdateSvc                 - lond-cr5:3/1/1 57                                           
2019-02-06 13:52:11,454 DEBUG n.e.o.t.s.UpdateSvc                 - lond-cr5:2/1/1 57                                           
2019-02-06 13:52:11,454 DEBUG n.e.o.t.s.UpdateSvc                 - lond-cr5:10/1/2 57                                          
2019-02-06 13:52:11,454 DEBUG n.e.o.t.s.UpdateSvc                 - lond-cr5:10/1/1 57                                          
2019-02-06 13:52:11,454 DEBUG n.e.o.t.s.UpdateSvc                 - lond-cr5:10/1/4 57                                          
2019-02-06 13:52:11,454 DEBUG n.e.o.t.s.UpdateSvc                 - lond-cr5:1/2/1 57                                           
2019-02-06 13:52:11,457 INFO  n.e.o.t.s.UpdateSvc                 - inserting p: eqx-chi-cr5:2/1/1 to eqx-chi-cr5               
2019-02-06 13:52:11,457 DEBUG n.e.o.t.s.UpdateSvc                 - eqx-chi-cr5:1/1/1 58                                        
2019-02-06 13:52:11,457 DEBUG n.e.o.t.s.UpdateSvc                 - eqx-chi-cr5:10/1/1 58                                       
2019-02-06 13:52:11,457 DEBUG n.e.o.t.s.UpdateSvc                 - eqx-chi-cr5:10/1/3 58                                       
2019-02-06 13:52:11,457 DEBUG n.e.o.t.s.UpdateSvc                 - eqx-chi-cr5:BLANK 58                                        
2019-02-06 13:52:11,457 DEBUG n.e.o.t.s.UpdateSvc                 - eqx-chi-cr5:1/2/1 58                                        
2019-02-06 13:52:11,457 DEBUG n.e.o.t.s.UpdateSvc                 - eqx-chi-cr5:2/1/1 58                                        
2019-02-06 13:52:11,457 DEBUG n.e.o.t.s.UpdateSvc                 - eqx-chi-cr5:10/1/2 58                                       
2019-02-06 13:52:11,460 INFO  n.e.o.t.s.UpdateSvc                 - inserting p: snla-rt3:xe-0/0/0 to snla-rt3                  
2019-02-06 13:52:11,461 DEBUG n.e.o.t.s.UpdateSvc                 - snla-rt3:xe-1/2/0 48                                        
2019-02-06 13:52:11,461 DEBUG n.e.o.t.s.UpdateSvc                 - snla-rt3:ge-1/0/2 48                                        
2019-02-06 13:52:11,461 DEBUG n.e.o.t.s.UpdateSvc                 - snla-rt3:xe-0/0/0 48                                        
2019-02-06 13:52:11,464 INFO  n.e.o.t.s.UpdateSvc                 - inserting p: pppl-rt5:xe-0/2/0 to pppl-rt5                  
2019-02-06 13:52:11,465 DEBUG n.e.o.t.s.UpdateSvc                 - pppl-rt5:xe-1/2/0 30                                        
2019-02-06 13:52:11,465 DEBUG n.e.o.t.s.UpdateSvc                 - pppl-rt5:ge-0/0/2 30                                        
2019-02-06 13:52:11,465 DEBUG n.e.o.t.s.UpdateSvc                 - pppl-rt5:xe-1/1/0 30                                        
2019-02-06 13:52:11,465 DEBUG n.e.o.t.s.UpdateSvc                 - pppl-rt5:xe-1/0/0 30                                        
2019-02-06 13:52:11,465 DEBUG n.e.o.t.s.UpdateSvc                 - pppl-rt5:xe-0/2/0 30                                        
2019-02-06 13:52:11,465 DEBUG n.e.o.t.s.UpdateSvc                 - pppl-rt5:xe-1/3/0 30                                        
2019-02-06 13:52:11,465 INFO  n.e.o.t.s.UpdateSvc                 - finished merging ports                                      
2019-02-06 13:52:11,465 INFO  n.e.o.t.s.UpdateSvc                 -    inserted     :   395                                     
2019-02-06 13:52:11,465 INFO  n.e.o.t.s.UpdateSvc                 -    ver updated  :   0                                       
2019-02-06 13:52:11,465 INFO  n.e.o.t.s.UpdateSvc                 -    data updated :   0                                       
2019-02-06 13:52:11,465 INFO  n.e.o.t.s.UpdateSvc                 -    invalidated  :   0                                       
2019-02-06 13:52:12,571 INFO  n.e.o.t.s.UpdateSvc                 - inserting pa: sunn-cr5:9/1/1 - jgi-mr2:xe-1/1/0             
2019-02-06 13:52:12,583 INFO  n.e.o.t.s.UpdateSvc                 - inserting pa: fnal-mr2:xe-8/1/0 - star-cr5:9/1/4            
2019-02-06 13:52:12,600 INFO  n.e.o.t.s.UpdateSvc                 - inserting pa: wash-cr5:5/1/1 - cern-513-cr5:1/1/1           
2019-02-06 13:52:12,625 INFO  n.e.o.t.s.UpdateSvc                 - inserting pa: denv-cr5:10/1/5 - bois-cr1:xe-7/1/0           
2019-02-06 13:52:12,674 INFO  n.e.o.t.s.UpdateSvc                 - inserting pa: sunn-cr5:1/1/1 - sacr-cr5:1/1/1               
2019-02-06 13:52:12,734 INFO  n.e.o.t.s.UpdateSvc                 - inserting pa: orau-rt4:ge-0/1/2 - ornl-cr5:10/1/2           
2019-02-06 13:52:12,758 INFO  n.e.o.t.s.UpdateSvc                 - inserting pa: lsvn-cr1:xe-1/2/0 - sunn-cr5:10/2/4           
2019-02-06 13:52:12,786 INFO  n.e.o.t.s.UpdateSvc                 - inserting pa: pppl-rt5:xe-1/0/0 - wash-cr5:10/1/5           
2019-02-06 13:52:12,809 INFO  n.e.o.t.s.UpdateSvc                 - inserting pa: kans-cr5:1/1/1 - chic-cr5:3/1/1               
2019-02-06 13:52:12,877 INFO  n.e.o.t.s.UpdateSvc                 - inserting pa: pnwg-cr5:10/1/4 - netl-alb-rt1:xe-2/0/0       
2019-02-06 13:52:12,895 INFO  n.e.o.t.s.UpdateSvc                 - inserting pa: jgi-mr2:xe-2/2/0 - sacr-cr5:10/2/3            
2019-02-06 13:52:12,919 INFO  n.e.o.t.s.UpdateSvc                 - inserting pa: wash-cr5:3/1/1 - atla-cr5:1/1/1               
2019-02-06 13:52:12,934 INFO  n.e.o.t.s.UpdateSvc                 - inserting pa: amst-cr5:2/1/1 - lond-cr5:2/1/1               
2019-02-06 13:52:12,943 INFO  n.e.o.t.s.UpdateSvc                 - inserting pa: forr-rt2:ge-0/0/0 - wash-cr5:10/1/3           
2019-02-06 13:52:12,955 INFO  n.e.o.t.s.UpdateSvc                 - inserting pa: star-cr5:8/1/2 - fnal-mr2:xe-1/1/0            
2019-02-06 13:52:12,965 INFO  n.e.o.t.s.UpdateSvc                 - inserting pa: cern-773-cr5:1/1/1 - lond-cr5:1/1/1           
2019-02-06 13:52:12,978 INFO  n.e.o.t.s.UpdateSvc                 - inserting pa: sacr-cr5:1/1/1 - sunn-cr5:1/1/1               
2019-02-06 13:52:12,988 INFO  n.e.o.t.s.UpdateSvc                 - inserting pa: hous-cr5:2/1/1 - kans-cr5:3/1/1               
2019-02-06 13:52:12,998 INFO  n.e.o.t.s.UpdateSvc                 - inserting pa: llnl-mr2:xe-2/0/0 - snll-mr2:xe-2/0/0         
2019-02-06 13:52:13,008 INFO  n.e.o.t.s.UpdateSvc                 - inserting pa: ornl-cr5:9/1/4 - osti-rt2:xe-1/2/0            
2019-02-06 13:52:13,022 INFO  n.e.o.t.s.UpdateSvc                 - inserting pa: snla-rt3:xe-1/2/0 - albq-cr5:10/1/2           
2019-02-06 13:52:13,033 INFO  n.e.o.t.s.UpdateSvc                 - inserting pa: doe-gtn-rt2:ge-0/1/0 - eqx-ash-cr5:10/1/1     
2019-02-06 13:52:13,043 INFO  n.e.o.t.s.UpdateSvc                 - inserting pa: srs-rt3:ge-1/1/0 - nash-cr5:10/1/3            
2019-02-06 13:52:13,055 INFO  n.e.o.t.s.UpdateSvc                 - inserting pa: slac-mr2:xe-0/0/0 - sunn-cr5:10/1/1           
2019-02-06 13:52:13,064 INFO  n.e.o.t.s.UpdateSvc                 - inserting pa: lond-cr5:5/1/1 - aofa-cr5:7/2/1               
2019-02-06 13:52:13,074 INFO  n.e.o.t.s.UpdateSvc                 - inserting pa: slac-mr2:xe-1/1/0 - sunn-cr5:10/1/4           
2019-02-06 13:52:13,084 INFO  n.e.o.t.s.UpdateSvc                 - inserting pa: snll-mr2:xe-1/2/0 - sacr-cr5:10/2/4           
2019-02-06 13:52:13,094 INFO  n.e.o.t.s.UpdateSvc                 - inserting pa: star-cr5:1/1/1 - bost-cr5:2/1/1               
2019-02-06 13:52:13,104 INFO  n.e.o.t.s.UpdateSvc                 - inserting pa: wash-cr5:1/1/1 - chic-cr5:1/1/1               
2019-02-06 13:52:13,113 INFO  n.e.o.t.s.UpdateSvc                 - inserting pa: sunn-cr5:10/1/3 - nersc-mr2:xe-1/1/0          
2019-02-06 13:52:13,123 INFO  n.e.o.t.s.UpdateSvc                 - inserting pa: wash-cr5:10/1/5 - pppl-rt5:xe-1/0/0           
2019-02-06 13:52:13,136 INFO  n.e.o.t.s.UpdateSvc                 - inserting pa: star-cr5:9/1/4 - fnal-mr2:xe-8/1/0            
2019-02-06 13:52:13,145 INFO  n.e.o.t.s.UpdateSvc                 - inserting pa: sacr-cr5:3/1/1 - pnwg-cr5:1/1/1               
2019-02-06 13:52:13,153 INFO  n.e.o.t.s.UpdateSvc                 - inserting pa: sunn-cr5:10/1/1 - slac-mr2:xe-0/0/0           
2019-02-06 13:52:13,159 INFO  n.e.o.t.s.UpdateSvc                 - inserting pa: pnwg-cr5:1/1/1 - sacr-cr5:3/1/1               
2019-02-06 13:52:13,164 INFO  n.e.o.t.s.UpdateSvc                 - inserting pa: pnwg-cr5:10/1/9 - bois-cr1:xe-0/0/0           
2019-02-06 13:52:13,169 INFO  n.e.o.t.s.UpdateSvc                 - inserting pa: nash-cr5:4/2/1 - wash-cr5:5/2/1               
2019-02-06 13:52:13,184 INFO  n.e.o.t.s.UpdateSvc                 - inserting pa: elpa-cr5:2/1/1 - albq-cr5:2/1/1               
2019-02-06 13:52:13,192 INFO  n.e.o.t.s.UpdateSvc                 - inserting pa: llnl-mr2:xe-0/2/0 - sacr-cr5:10/2/6           
2019-02-06 13:52:13,200 INFO  n.e.o.t.s.UpdateSvc                 - inserting pa: aofa-cr5:3/1/1 - newy-cr5:2/1/1               
2019-02-06 13:52:13,208 INFO  n.e.o.t.s.UpdateSvc                 - inserting pa: hous-cr5:3/1/1 - nash-cr5:3/1/1               
2019-02-06 13:52:13,217 INFO  n.e.o.t.s.UpdateSvc                 - inserting pa: netl-mgn-rt1:xe-2/0/0 - eqx-ash-cr5:10/1/2    
2019-02-06 13:52:13,223 INFO  n.e.o.t.s.UpdateSvc                 - inserting pa: ga-rt2:ge-1/1/3 - lsvn-cr1:ge-1/1/5           
2019-02-06 13:52:13,230 INFO  n.e.o.t.s.UpdateSvc                 - inserting pa: eqx-ash-cr5:1/1/1 - wash-cr5:4/2/1            
2019-02-06 13:52:13,238 INFO  n.e.o.t.s.UpdateSvc                 - inserting pa: lond-cr5:2/1/1 - amst-cr5:2/1/1               
2019-02-06 13:52:13,245 INFO  n.e.o.t.s.UpdateSvc                 - inserting pa: sunn-cr5:10/1/4 - slac-mr2:xe-1/1/0           
2019-02-06 13:52:13,250 INFO  n.e.o.t.s.UpdateSvc                 - inserting pa: sacr-cr5:2/1/1 - denv-cr5:2/1/1               
2019-02-06 13:52:13,256 INFO  n.e.o.t.s.UpdateSvc                 - inserting pa: nash-cr5:3/1/1 - hous-cr5:3/1/1               
2019-02-06 13:52:13,262 INFO  n.e.o.t.s.UpdateSvc                 - inserting pa: ameslab-rt3:xe-0/0/0 - chic-cr5:10/1/7        
2019-02-06 13:52:13,268 INFO  n.e.o.t.s.UpdateSvc                 - inserting pa: orau-rt4:ge-0/1/4 - ornl-rt4:ge-0/0/1         
2019-02-06 13:52:13,275 INFO  n.e.o.t.s.UpdateSvc                 - inserting pa: aofa-cr5:6/2/1 - wash-cr5:4/1/1               
2019-02-06 13:52:13,280 INFO  n.e.o.t.s.UpdateSvc                 - inserting pa: snll-mr2:xe-2/0/0 - llnl-mr2:xe-2/0/0         
2019-02-06 13:52:13,287 INFO  n.e.o.t.s.UpdateSvc                 - inserting pa: sunn-cr5:9/1/3 - llnl-mr2:xe-3/2/0            
2019-02-06 13:52:13,292 INFO  n.e.o.t.s.UpdateSvc                 - inserting pa: eqx-ash-cr5:10/1/2 - netl-mgn-rt1:xe-2/0/0    
2019-02-06 13:52:13,296 INFO  n.e.o.t.s.UpdateSvc                 - inserting pa: chic-cr5:10/1/5 - anl-mr2:xe-0/0/0            
2019-02-06 13:52:13,299 INFO  n.e.o.t.s.UpdateSvc                 - inserting pa: pantex-rt4:ge-0/1/0 - hous-cr5:10/1/3         
2019-02-06 13:52:13,303 INFO  n.e.o.t.s.UpdateSvc                 - inserting pa: sunn-cr5:10/2/3 - ga-rt2:xe-0/0/0             
2019-02-06 13:52:13,308 INFO  n.e.o.t.s.UpdateSvc                 - inserting pa: nash-cr5:10/1/5 - ornl-rt4:xe-1/2/0           
2019-02-06 13:52:13,311 INFO  n.e.o.t.s.UpdateSvc                 - inserting pa: netl-pgh-rt1:xe-2/0/0 - eqx-ash-cr5:10/2/2    
2019-02-06 13:52:13,314 INFO  n.e.o.t.s.UpdateSvc                 - inserting pa: cern-513-cr5:1/2/1 - cern-773-cr5:2/1/1       
2019-02-06 13:52:13,319 INFO  n.e.o.t.s.UpdateSvc                 - inserting pa: aofa-cr5:2/1/1 - lond-cr5:2/2/1               
2019-02-06 13:52:13,326 INFO  n.e.o.t.s.UpdateSvc                 - inserting pa: star-cr5:8/1/6 - ameslab-rt3:xe-1/0/0         
2019-02-06 13:52:13,331 INFO  n.e.o.t.s.UpdateSvc                 - inserting pa: sacr-cr5:10/2/1 - nersc-mr2:xe-2/2/0          
2019-02-06 13:52:13,336 INFO  n.e.o.t.s.UpdateSvc                 - inserting pa: slac-mr2:xe-1/2/0 - sacr-cr5:10/2/5           
2019-02-06 13:52:13,341 INFO  n.e.o.t.s.UpdateSvc                 - inserting pa: llnl-mr2:xe-3/2/0 - sunn-cr5:9/1/3            
2019-02-06 13:52:13,345 INFO  n.e.o.t.s.UpdateSvc                 - inserting pa: hous-cr5:1/1/1 - elpa-cr5:1/1/1               
2019-02-06 13:52:13,349 INFO  n.e.o.t.s.UpdateSvc                 - inserting pa: atla-cr5:2/1/1 - nash-cr5:2/1/1               
2019-02-06 13:52:13,354 INFO  n.e.o.t.s.UpdateSvc                 - inserting pa: chic-cr5:6/2/1 - star-cr5:5/1/1               
2019-02-06 13:52:13,358 INFO  n.e.o.t.s.UpdateSvc                 - inserting pa: eqx-ash-cr5:10/1/1 - doe-gtn-rt2:ge-0/1/0     
2019-02-06 13:52:13,361 INFO  n.e.o.t.s.UpdateSvc                 - inserting pa: denv-cr5:3/1/1 - albq-cr5:1/1/1               
2019-02-06 13:52:13,364 INFO  n.e.o.t.s.UpdateSvc                 - inserting pa: wash-cr5:4/2/1 - eqx-ash-cr5:1/1/1            
2019-02-06 13:52:13,369 INFO  n.e.o.t.s.UpdateSvc                 - inserting pa: cern-513-cr5:5/1/1 - amst-cr5:1/1/1           
2019-02-06 13:52:13,376 INFO  n.e.o.t.s.UpdateSvc                 - inserting pa: lond-cr5:1/1/1 - cern-773-cr5:1/1/1           
2019-02-06 13:52:13,380 INFO  n.e.o.t.s.UpdateSvc                 - inserting pa: aofa-cr5:5/1/1 - star-cr5:4/2/1               
2019-02-06 13:52:13,386 INFO  n.e.o.t.s.UpdateSvc                 - inserting pa: doe-gtn-rt2:ge-0/0/0 - forr-rt2:ge-0/0/1      
2019-02-06 13:52:13,391 INFO  n.e.o.t.s.UpdateSvc                 - inserting pa: wash-cr5:4/1/1 - aofa-cr5:6/2/1               
2019-02-06 13:52:13,395 INFO  n.e.o.t.s.UpdateSvc                 - inserting pa: albq-cr5:1/1/1 - denv-cr5:3/1/1               
2019-02-06 13:52:13,398 INFO  n.e.o.t.s.UpdateSvc                 - inserting pa: denv-cr5:10/1/10 - lsvn-cr1:xe-2/2/0          
2019-02-06 13:52:13,403 INFO  n.e.o.t.s.UpdateSvc                 - inserting pa: wash-cr5:2/1/1 - aofa-cr5:1/1/1               
2019-02-06 13:52:13,408 INFO  n.e.o.t.s.UpdateSvc                 - inserting pa: pnwg-cr5:2/2/1 - denv-cr5:4/1/1               
2019-02-06 13:52:13,411 INFO  n.e.o.t.s.UpdateSvc                 - inserting pa: atla-cr5:1/1/1 - wash-cr5:3/1/1               
2019-02-06 13:52:13,415 INFO  n.e.o.t.s.UpdateSvc                 - inserting pa: denv-cr5:1/1/1 - kans-cr5:2/1/1               
2019-02-06 13:52:13,419 INFO  n.e.o.t.s.UpdateSvc                 - inserting pa: pnwg-cr5:10/1/6 - denv-cr5:10/1/4             
2019-02-06 13:52:13,424 INFO  n.e.o.t.s.UpdateSvc                 - inserting pa: sunn-cr5:10/2/4 - lsvn-cr1:xe-1/2/0           
2019-02-06 13:52:13,427 INFO  n.e.o.t.s.UpdateSvc                 - inserting pa: nash-cr5:4/1/1 - chic-cr5:6/1/1               
2019-02-06 13:52:13,431 INFO  n.e.o.t.s.UpdateSvc                 - inserting pa: nersc-mr2:xe-1/1/0 - sunn-cr5:10/1/3          
2019-02-06 13:52:13,442 INFO  n.e.o.t.s.UpdateSvc                 - inserting pa: pppl-rt5:xe-0/2/0 - aofa-cr5:9/1/1            
2019-02-06 13:52:13,446 INFO  n.e.o.t.s.UpdateSvc                 - inserting pa: amst-cr5:1/1/1 - cern-513-cr5:5/1/1           
2019-02-06 13:52:13,450 INFO  n.e.o.t.s.UpdateSvc                 - inserting pa: orau-rt4:ge-0/1/2 - ornl-rt4:xe-2/3/0         
2019-02-06 13:52:13,456 INFO  n.e.o.t.s.UpdateSvc                 - inserting pa: chic-cr5:2/1/1 - star-cr5:4/1/1               
2019-02-06 13:52:13,460 INFO  n.e.o.t.s.UpdateSvc                 - inserting pa: aofa-cr5:1/1/1 - wash-cr5:2/1/1               
2019-02-06 13:52:13,464 INFO  n.e.o.t.s.UpdateSvc                 - inserting pa: anl-mr2:xe-0/0/0 - chic-cr5:10/1/5            
2019-02-06 13:52:13,468 INFO  n.e.o.t.s.UpdateSvc                 - inserting pa: elpa-cr5:1/1/1 - hous-cr5:1/1/1               
2019-02-06 13:52:13,478 INFO  n.e.o.t.s.UpdateSvc                 - inserting pa: osti-rt2:xe-1/2/0 - ornl-cr5:9/1/4            
2019-02-06 13:52:13,483 INFO  n.e.o.t.s.UpdateSvc                 - inserting pa: srs-rt3:ge-0/1/0 - atla-cr5:10/1/3            
2019-02-06 13:52:13,489 INFO  n.e.o.t.s.UpdateSvc                 - inserting pa: eqx-ash-cr5:10/2/2 - netl-pgh-rt1:xe-2/0/0    
2019-02-06 13:52:13,493 INFO  n.e.o.t.s.UpdateSvc                 - inserting pa: nash-cr5:10/1/4 - ornl-rt4:xe-0/2/0           
2019-02-06 13:52:13,498 INFO  n.e.o.t.s.UpdateSvc                 - inserting pa: eqx-chi-cr5:1/1/1 - chic-cr5:7/1/1            
2019-02-06 13:52:13,502 INFO  n.e.o.t.s.UpdateSvc                 - inserting pa: ornl-cr5:10/1/2 - orau-rt4:ge-0/1/2           
2019-02-06 13:52:13,506 INFO  n.e.o.t.s.UpdateSvc                 - inserting pa: sacr-cr5:10/2/6 - llnl-mr2:xe-0/2/0           
2019-02-06 13:52:13,510 INFO  n.e.o.t.s.UpdateSvc                 - inserting pa: star-cr5:4/1/1 - chic-cr5:2/1/1               
2019-02-06 13:52:13,514 INFO  n.e.o.t.s.UpdateSvc                 - inserting pa: ornl-rt4:xe-1/0/0 - ornl-cr5:10/1/1           
2019-02-06 13:52:13,519 INFO  n.e.o.t.s.UpdateSvc                 - inserting pa: chic-cr5:10/1/7 - ameslab-rt3:xe-0/0/0        
2019-02-06 13:52:13,528 INFO  n.e.o.t.s.UpdateSvc                 - inserting pa: lbl-mr2:xe-7/2/0 - sacr-cr5:10/2/2            
2019-02-06 13:52:13,537 INFO  n.e.o.t.s.UpdateSvc                 - inserting pa: ornl-rt4:xe-2/3/0 - orau-rt4:ge-0/1/2         
2019-02-06 13:52:13,543 INFO  n.e.o.t.s.UpdateSvc                 - inserting pa: star-cr5:10/1/1 - anl-mr2:xe-2/3/0            
2019-02-06 13:52:13,547 INFO  n.e.o.t.s.UpdateSvc                 - inserting pa: sacr-cr5:10/2/5 - slac-mr2:xe-1/2/0           
2019-02-06 13:52:13,553 INFO  n.e.o.t.s.UpdateSvc                 - inserting pa: bost-cr5:1/1/1 - newy-cr5:4/2/1               
2019-02-06 13:52:13,557 INFO  n.e.o.t.s.UpdateSvc                 - inserting pa: sunn-cr5:10/1/5 - snll-mr2:xe-2/2/0           
2019-02-06 13:52:13,562 INFO  n.e.o.t.s.UpdateSvc                 - inserting pa: lond-cr5:2/2/1 - aofa-cr5:2/1/1               
2019-02-06 13:52:13,567 INFO  n.e.o.t.s.UpdateSvc                 - inserting pa: newy-cr5:4/2/1 - bost-cr5:1/1/1               
2019-02-06 13:52:13,572 INFO  n.e.o.t.s.UpdateSvc                 - inserting pa: jgi-mr2:xe-1/1/0 - sunn-cr5:9/1/1             
2019-02-06 13:52:13,578 INFO  n.e.o.t.s.UpdateSvc                 - inserting pa: denv-cr5:10/1/6 - pnwg-cr5:10/1/10            
2019-02-06 13:52:13,586 INFO  n.e.o.t.s.UpdateSvc                 - inserting pa: kans-cr5:3/1/1 - hous-cr5:2/1/1               
2019-02-06 13:52:13,590 INFO  n.e.o.t.s.UpdateSvc                 - inserting pa: hous-cr5:10/1/3 - pantex-rt4:ge-0/1/0         
2019-02-06 13:52:13,594 INFO  n.e.o.t.s.UpdateSvc                 - inserting pa: bois-cr1:xe-0/0/0 - pnwg-cr5:10/1/9           
2019-02-06 13:52:13,598 INFO  n.e.o.t.s.UpdateSvc                 - inserting pa: ornl-rt4:xe-0/2/0 - nash-cr5:10/1/4           
2019-02-06 13:52:13,602 INFO  n.e.o.t.s.UpdateSvc                 - inserting pa: netl-alb-rt1:xe-2/0/0 - pnwg-cr5:10/1/4       
2019-02-06 13:52:13,606 INFO  n.e.o.t.s.UpdateSvc                 - inserting pa: sunn-cr5:10/2/2 - eqx-sj-cr5:10/2/4           
2019-02-06 13:52:13,610 INFO  n.e.o.t.s.UpdateSvc                 - inserting pa: osti-rt2:ae0 - ornl-rt4:xe-2/3/0              
2019-02-06 13:52:13,613 INFO  n.e.o.t.s.UpdateSvc                 - inserting pa: snll-mr2:xe-1/1/0 - llnl-mr2:xe-0/1/0         
2019-02-06 13:52:13,617 INFO  n.e.o.t.s.UpdateSvc                 - inserting pa: lsvn-cr1:xe-2/2/0 - denv-cr5:10/1/10          
2019-02-06 13:52:13,622 INFO  n.e.o.t.s.UpdateSvc                 - inserting pa: elpa-cr5:3/1/1 - sunn-cr5:5/1/1               
2019-02-06 13:52:13,628 INFO  n.e.o.t.s.UpdateSvc                 - inserting pa: lond-cr5:3/1/1 - newy-cr5:4/1/1               
2019-02-06 13:52:13,633 INFO  n.e.o.t.s.UpdateSvc                 - inserting pa: ornl-cr5:10/1/1 - ornl-rt4:xe-1/0/0           
2019-02-06 13:52:13,639 INFO  n.e.o.t.s.UpdateSvc                 - inserting pa: eqx-chi-cr5:2/1/1 - eqx-ash-cr5:2/1/1         
2019-02-06 13:52:13,643 INFO  n.e.o.t.s.UpdateSvc                 - inserting pa: sacr-cr5:10/2/3 - jgi-mr2:xe-2/2/0            
2019-02-06 13:52:13,648 INFO  n.e.o.t.s.UpdateSvc                 - inserting pa: star-cr5:4/2/1 - aofa-cr5:5/1/1               
2019-02-06 13:52:13,651 INFO  n.e.o.t.s.UpdateSvc                 - inserting pa: ornl-rt4:xe-1/2/0 - nash-cr5:10/1/5           
2019-02-06 13:52:13,657 INFO  n.e.o.t.s.UpdateSvc                 - inserting pa: chic-cr5:3/1/1 - kans-cr5:1/1/1               
2019-02-06 13:52:13,661 INFO  n.e.o.t.s.UpdateSvc                 - inserting pa: snll-mr2:xe-2/2/0 - sunn-cr5:10/1/5           
2019-02-06 13:52:13,665 INFO  n.e.o.t.s.UpdateSvc                 - inserting pa: nash-cr5:10/1/3 - srs-rt3:ge-1/1/0            
2019-02-06 13:52:13,670 INFO  n.e.o.t.s.UpdateSvc                 - inserting pa: llnl-mr2:xe-0/1/0 - snll-mr2:xe-1/1/0         
2019-02-06 13:52:13,675 INFO  n.e.o.t.s.UpdateSvc                 - inserting pa: kans-cr5:2/1/1 - denv-cr5:1/1/1               
2019-02-06 13:52:13,679 INFO  n.e.o.t.s.UpdateSvc                 - inserting pa: anl-mr2:xe-2/3/0 - star-cr5:10/1/1            
2019-02-06 13:52:13,682 INFO  n.e.o.t.s.UpdateSvc                 - inserting pa: sacr-cr5:10/2/2 - lbl-mr2:xe-7/2/0            
2019-02-06 13:52:13,688 INFO  n.e.o.t.s.UpdateSvc                 - inserting pa: wash-cr5:5/2/1 - nash-cr5:4/2/1               
2019-02-06 13:52:13,691 INFO  n.e.o.t.s.UpdateSvc                 - inserting pa: ameslab-rt3:xe-1/0/0 - star-cr5:8/1/6         
2019-02-06 13:52:13,695 INFO  n.e.o.t.s.UpdateSvc                 - inserting pa: albq-cr5:2/1/1 - elpa-cr5:2/1/1               
2019-02-06 13:52:13,699 INFO  n.e.o.t.s.UpdateSvc                 - inserting pa: chic-cr5:7/1/1 - eqx-chi-cr5:1/1/1            
2019-02-06 13:52:13,703 INFO  n.e.o.t.s.UpdateSvc                 - inserting pa: star-cr5:5/1/1 - chic-cr5:6/2/1               
2019-02-06 13:52:13,708 INFO  n.e.o.t.s.UpdateSvc                 - inserting pa: denv-cr5:10/1/4 - pnwg-cr5:10/1/6             
2019-02-06 13:52:13,712 INFO  n.e.o.t.s.UpdateSvc                 - inserting pa: lbl-mr2:xe-1/3/0 - sunn-cr5:9/1/2             
2019-02-06 13:52:13,717 INFO  n.e.o.t.s.UpdateSvc                 - inserting pa: newy-cr5:2/1/1 - aofa-cr5:3/1/1               
2019-02-06 13:52:13,722 INFO  n.e.o.t.s.UpdateSvc                 - inserting pa: forr-rt2:ge-0/0/1 - doe-gtn-rt2:ge-0/0/0      
2019-02-06 13:52:13,736 INFO  n.e.o.t.s.UpdateSvc                 - inserting pa: cern-773-cr5:2/1/1 - cern-513-cr5:1/2/1       
2019-02-06 13:52:13,743 INFO  n.e.o.t.s.UpdateSvc                 - inserting pa: chic-cr5:10/1/4 - fnal-mr2:xe-0/0/0           
2019-02-06 13:52:13,748 INFO  n.e.o.t.s.UpdateSvc                 - inserting pa: ornl-rt4:ge-0/0/1 - orau-rt4:ge-0/1/4         
2019-02-06 13:52:13,754 INFO  n.e.o.t.s.UpdateSvc                 - inserting pa: nash-cr5:2/1/1 - atla-cr5:2/1/1               
2019-02-06 13:52:13,759 INFO  n.e.o.t.s.UpdateSvc                 - inserting pa: ornl-cr5:6/1/1 - atla-cr5:3/1/1               
2019-02-06 13:52:13,764 INFO  n.e.o.t.s.UpdateSvc                 - inserting pa: denv-cr5:2/1/1 - sacr-cr5:2/1/1               
2019-02-06 13:52:13,770 INFO  n.e.o.t.s.UpdateSvc                 - inserting pa: chic-cr5:1/1/1 - wash-cr5:1/1/1               
2019-02-06 13:52:13,777 INFO  n.e.o.t.s.UpdateSvc                 - inserting pa: lsvn-cr1:ge-1/1/5 - ga-rt2:ge-1/1/3           
2019-02-06 13:52:13,782 INFO  n.e.o.t.s.UpdateSvc                 - inserting pa: sunn-cr5:9/1/2 - lbl-mr2:xe-1/3/0             
2019-02-06 13:52:13,787 INFO  n.e.o.t.s.UpdateSvc                 - inserting pa: ga-rt2:xe-0/0/0 - sunn-cr5:10/2/3             
2019-02-06 13:52:13,791 INFO  n.e.o.t.s.UpdateSvc                 - inserting pa: nersc-mr2:xe-2/2/0 - sacr-cr5:10/2/1          
2019-02-06 13:52:13,796 INFO  n.e.o.t.s.UpdateSvc                 - inserting pa: bost-cr5:3/1/1 - amst-cr5:5/1/1               
2019-02-06 13:52:13,801 INFO  n.e.o.t.s.UpdateSvc                 - inserting pa: bois-cr1:xe-7/1/0 - denv-cr5:10/1/5           
2019-02-06 13:52:13,806 INFO  n.e.o.t.s.UpdateSvc                 - inserting pa: denv-cr5:4/1/1 - pnwg-cr5:2/2/1               
2019-02-06 13:52:13,810 INFO  n.e.o.t.s.UpdateSvc                 - inserting pa: wash-cr5:10/1/3 - forr-rt2:ge-0/0/0           
2019-02-06 13:52:13,813 INFO  n.e.o.t.s.UpdateSvc                 - inserting pa: cern-513-cr5:1/1/1 - wash-cr5:5/1/1           
2019-02-06 13:52:13,818 INFO  n.e.o.t.s.UpdateSvc                 - inserting pa: aofa-cr5:9/1/1 - pppl-rt5:xe-0/2/0            
2019-02-06 13:52:13,824 INFO  n.e.o.t.s.UpdateSvc                 - inserting pa: fnal-mr2:xe-1/1/0 - star-cr5:8/1/2            
2019-02-06 13:52:13,829 INFO  n.e.o.t.s.UpdateSvc                 - inserting pa: bost-cr5:2/1/1 - star-cr5:1/1/1               
2019-02-06 13:52:13,835 INFO  n.e.o.t.s.UpdateSvc                 - inserting pa: eqx-sj-cr5:10/2/4 - sunn-cr5:10/2/2           
2019-02-06 13:52:13,841 INFO  n.e.o.t.s.UpdateSvc                 - inserting pa: chic-cr5:4/1/1 - nash-cr5:1/1/1               
2019-02-06 13:52:13,845 INFO  n.e.o.t.s.UpdateSvc                 - inserting pa: fnal-mr2:xe-0/0/0 - chic-cr5:10/1/4           
2019-02-06 13:52:13,849 INFO  n.e.o.t.s.UpdateSvc                 - inserting pa: amst-cr5:5/1/1 - bost-cr5:3/1/1               
2019-02-06 13:52:13,853 INFO  n.e.o.t.s.UpdateSvc                 - inserting pa: pnwg-cr5:10/1/10 - denv-cr5:10/1/6            
2019-02-06 13:52:13,858 INFO  n.e.o.t.s.UpdateSvc                 - inserting pa: atla-cr5:10/1/3 - srs-rt3:ge-0/1/0            
2019-02-06 13:52:13,863 INFO  n.e.o.t.s.UpdateSvc                 - inserting pa: newy-cr5:4/1/1 - lond-cr5:3/1/1               
2019-02-06 13:52:13,867 INFO  n.e.o.t.s.UpdateSvc                 - inserting pa: llnldc-rt4:ge-1/0/0 - wash-cr5:10/1/3         
2019-02-06 13:52:13,872 INFO  n.e.o.t.s.UpdateSvc                 - inserting pa: sunn-cr5:5/1/1 - elpa-cr5:3/1/1               
2019-02-06 13:52:13,879 INFO  n.e.o.t.s.UpdateSvc                 - inserting pa: eqx-ash-cr5:2/1/1 - eqx-chi-cr5:2/1/1         
2019-02-06 13:52:13,886 INFO  n.e.o.t.s.UpdateSvc                 - inserting pa: chic-cr5:6/1/1 - nash-cr5:4/1/1               
2019-02-06 13:52:13,891 INFO  n.e.o.t.s.UpdateSvc                 - inserting pa: sacr-cr5:10/2/4 - snll-mr2:xe-1/2/0           
2019-02-06 13:52:13,894 INFO  n.e.o.t.s.UpdateSvc                 - inserting pa: atla-cr5:3/1/1 - ornl-cr5:6/1/1               
2019-02-06 13:52:13,898 INFO  n.e.o.t.s.UpdateSvc                 - inserting pa: aofa-cr5:7/2/1 - lond-cr5:5/1/1               
2019-02-06 13:52:13,902 INFO  n.e.o.t.s.UpdateSvc                 - inserting pa: nash-cr5:1/1/1 - chic-cr5:4/1/1               
2019-02-06 13:52:13,906 INFO  n.e.o.t.s.UpdateSvc                 - inserting pa: wash-cr5:10/1/3 - llnldc-rt4:ge-1/0/0         
2019-02-06 13:52:13,910 INFO  n.e.o.t.s.UpdateSvc                 - inserting pa: albq-cr5:10/1/2 - snla-rt3:xe-1/2/0           
2019-02-06 13:52:13,913 INFO  n.e.o.t.s.UpdateSvc                 - inserting pa: ornl-rt4:xe-2/3/0 - osti-rt2:ae0              
2019-02-06 13:52:13,917 INFO  n.e.o.t.s.UpdateSvc                 - finished merging adjacencies                                
2019-02-06 13:52:13,917 INFO  n.e.o.t.s.UpdateSvc                 -    inserted     :   182                                     
2019-02-06 13:52:13,917 INFO  n.e.o.t.s.UpdateSvc                 -    ver updated  :   0                                       
2019-02-06 13:52:13,917 INFO  n.e.o.t.s.UpdateSvc                 -    data updated :   0                                       
2019-02-06 13:52:13,917 INFO  n.e.o.t.s.UpdateSvc                 -    invalidated  :   0                                       
2019-02-06 13:52:13,917 INFO  n.e.o.t.s.UpdateSvc                 - finished merging topology delta.                            
2019-02-06 13:52:13,957 INFO  n.e.o.t.s.TopoService               - updating pathfinding topo to version: 28                    
2019-02-06 13:52:14,259 INFO  n.e.o.t.s.TopoService               - updated with 972 topo adjacencies                           
2019-02-06 13:52:14,289 INFO  n.e.o.c.FancyPCESteps               - adjcies size: 972                                           
2019-02-06 13:52:14,429 INFO  n.e.o.c.FancyPCESteps               - 97 distinct paths found between aofa-cr5 and chic-cr5 found in PT0.113S
2019-02-06 13:52:14,523 INFO  n.e.o.c.TopologySteps               - clearing adjacencies                                        
2019-02-06 13:52:14,694 INFO  n.e.o.c.TopologySteps               - clearing devices                                            
2019-02-06 13:52:14,699 INFO  n.e.o.c.TopologySteps               - deleting nersc-mr2:xe-1/1/0                                 
2019-02-06 13:52:14,699 INFO  n.e.o.c.TopologySteps               - deleting nersc-mr2:xe-0/2/0                                 
2019-02-06 13:52:14,699 INFO  n.e.o.c.TopologySteps               - deleting nersc-mr2:xe-1/3/0                                 
2019-02-06 13:52:14,699 INFO  n.e.o.c.TopologySteps               - deleting nersc-mr2:xe-2/2/0                                 
2019-02-06 13:52:14,700 INFO  n.e.o.c.TopologySteps               - deleting nersc-mr2:xe-7/3/0                                 
2019-02-06 13:52:14,700 INFO  n.e.o.c.TopologySteps               - deleting nersc-mr2                                          
2019-02-06 13:52:14,702 INFO  n.e.o.c.TopologySteps               - deleting pppl-rt5:xe-1/2/0                                  
2019-02-06 13:52:14,703 INFO  n.e.o.c.TopologySteps               - deleting pppl-rt5:ge-0/0/2                                  
2019-02-06 13:52:14,703 INFO  n.e.o.c.TopologySteps               - deleting pppl-rt5:xe-1/1/0                                  
2019-02-06 13:52:14,703 INFO  n.e.o.c.TopologySteps               - deleting pppl-rt5:xe-1/0/0                                  
2019-02-06 13:52:14,703 INFO  n.e.o.c.TopologySteps               - deleting pppl-rt5:xe-0/2/0                                  
2019-02-06 13:52:14,703 INFO  n.e.o.c.TopologySteps               - deleting pppl-rt5:xe-1/3/0                                  
2019-02-06 13:52:14,704 INFO  n.e.o.c.TopologySteps               - deleting pppl-rt5                                           
2019-02-06 13:52:14,706 INFO  n.e.o.c.TopologySteps               - deleting srs-rt3:ge-0/1/0                                   
2019-02-06 13:52:14,706 INFO  n.e.o.c.TopologySteps               - deleting srs-rt3:ge-1/1/0                                   
2019-02-06 13:52:14,706 INFO  n.e.o.c.TopologySteps               - deleting srs-rt3:ge-1/3/0                                   
2019-02-06 13:52:14,706 INFO  n.e.o.c.TopologySteps               - deleting srs-rt3:ge-1/0/0                                   
2019-02-06 13:52:14,706 INFO  n.e.o.c.TopologySteps               - deleting srs-rt3:ge-0/0/0                                   
2019-02-06 13:52:14,706 INFO  n.e.o.c.TopologySteps               - deleting srs-rt3:ge-1/2/0                                   
2019-02-06 13:52:14,707 INFO  n.e.o.c.TopologySteps               - deleting srs-rt3                                            
2019-02-06 13:52:14,709 INFO  n.e.o.c.TopologySteps               - deleting orau-rt4:ge-0/1/4                                  
2019-02-06 13:52:14,709 INFO  n.e.o.c.TopologySteps               - deleting orau-rt4:ge-0/1/1                                  
2019-02-06 13:52:14,709 INFO  n.e.o.c.TopologySteps               - deleting orau-rt4:ge-0/1/3                                  
2019-02-06 13:52:14,709 INFO  n.e.o.c.TopologySteps               - deleting orau-rt4:ge-0/1/0                                  
2019-02-06 13:52:14,709 INFO  n.e.o.c.TopologySteps               - deleting orau-rt4:ge-0/1/2                                  
2019-02-06 13:52:14,710 INFO  n.e.o.c.TopologySteps               - deleting orau-rt4                                           
2019-02-06 13:52:14,712 INFO  n.e.o.c.TopologySteps               - deleting doe-gtn-rt2:ge-0/0/3                               
2019-02-06 13:52:14,712 INFO  n.e.o.c.TopologySteps               - deleting doe-gtn-rt2:ge-0/1/3                               
2019-02-06 13:52:14,713 INFO  n.e.o.c.TopologySteps               - deleting doe-gtn-rt2:ge-0/0/0                               
2019-02-06 13:52:14,713 INFO  n.e.o.c.TopologySteps               - deleting doe-gtn-rt2:ge-0/1/0                               
2019-02-06 13:52:14,713 INFO  n.e.o.c.TopologySteps               - deleting doe-gtn-rt2                                        
2019-02-06 13:52:14,715 INFO  n.e.o.c.TopologySteps               - deleting cern-513-cr5:2/1/1                                 
2019-02-06 13:52:14,715 INFO  n.e.o.c.TopologySteps               - deleting cern-513-cr5:1/1/1                                 
2019-02-06 13:52:14,715 INFO  n.e.o.c.TopologySteps               - deleting cern-513-cr5:5/1/1                                 
2019-02-06 13:52:14,715 INFO  n.e.o.c.TopologySteps               - deleting cern-513-cr5:1/2/1                                 
2019-02-06 13:52:14,716 INFO  n.e.o.c.TopologySteps               - deleting cern-513-cr5:BLANK                                 
2019-02-06 13:52:14,716 INFO  n.e.o.c.TopologySteps               - deleting cern-513-cr5:10/1/2                                
2019-02-06 13:52:14,716 INFO  n.e.o.c.TopologySteps               - deleting cern-513-cr5:10/1/3                                
2019-02-06 13:52:14,716 INFO  n.e.o.c.TopologySteps               - deleting cern-513-cr5:4/1/1                                 
2019-02-06 13:52:14,716 INFO  n.e.o.c.TopologySteps               - deleting cern-513-cr5                                       
2019-02-06 13:52:14,718 INFO  n.e.o.c.TopologySteps               - deleting eqx-sj-cr5:10/1/4                                  
2019-02-06 13:52:14,719 INFO  n.e.o.c.TopologySteps               - deleting eqx-sj-cr5:10/2/4                                  
2019-02-06 13:52:14,719 INFO  n.e.o.c.TopologySteps               - deleting eqx-sj-cr5:10/1/2                                  
2019-02-06 13:52:14,719 INFO  n.e.o.c.TopologySteps               - deleting eqx-sj-cr5:10/1/1                                  
2019-02-06 13:52:14,719 INFO  n.e.o.c.TopologySteps               - deleting eqx-sj-cr5:10/2/2                                  
2019-02-06 13:52:14,719 INFO  n.e.o.c.TopologySteps               - deleting eqx-sj-cr5:BLANK                                   
2019-02-06 13:52:14,720 INFO  n.e.o.c.TopologySteps               - deleting eqx-sj-cr5:1/2/1                                   
2019-02-06 13:52:14,720 INFO  n.e.o.c.TopologySteps               - deleting eqx-sj-cr5                                         
2019-02-06 13:52:14,723 INFO  n.e.o.c.TopologySteps               - deleting wash-cr5:10/1/3                                    
2019-02-06 13:52:14,723 INFO  n.e.o.c.TopologySteps               - deleting wash-cr5:10/1/5                                    
2019-02-06 13:52:14,723 INFO  n.e.o.c.TopologySteps               - deleting wash-cr5:6/1/1                                     
2019-02-06 13:52:14,723 INFO  n.e.o.c.TopologySteps               - deleting wash-cr5:2/1/1                                     
2019-02-06 13:52:14,723 INFO  n.e.o.c.TopologySteps               - deleting wash-cr5:5/1/1                                     
2019-02-06 13:52:14,724 INFO  n.e.o.c.TopologySteps               - deleting wash-cr5:10/1/4                                    
2019-02-06 13:52:14,724 INFO  n.e.o.c.TopologySteps               - deleting wash-cr5:10/1/10                                   
2019-02-06 13:52:14,724 INFO  n.e.o.c.TopologySteps               - deleting wash-cr5:10/1/9                                    
2019-02-06 13:52:14,724 INFO  n.e.o.c.TopologySteps               - deleting wash-cr5:3/1/1                                     
2019-02-06 13:52:14,724 INFO  n.e.o.c.TopologySteps               - deleting wash-cr5:4/1/1                                     
2019-02-06 13:52:14,724 INFO  n.e.o.c.TopologySteps               - deleting wash-cr5:5/2/1                                     
2019-02-06 13:52:14,724 INFO  n.e.o.c.TopologySteps               - deleting wash-cr5:1/1/1                                     
2019-02-06 13:52:14,724 INFO  n.e.o.c.TopologySteps               - deleting wash-cr5:4/2/1                                     
2019-02-06 13:52:14,725 INFO  n.e.o.c.TopologySteps               - deleting wash-cr5                                           
2019-02-06 13:52:14,727 INFO  n.e.o.c.TopologySteps               - deleting ga-rt2:xe-0/0/0                                    
2019-02-06 13:52:14,728 INFO  n.e.o.c.TopologySteps               - deleting ga-rt2:ge-1/0/5                                    
2019-02-06 13:52:14,728 INFO  n.e.o.c.TopologySteps               - deleting ga-rt2:ge-1/0/3                                    
2019-02-06 13:52:14,728 INFO  n.e.o.c.TopologySteps               - deleting ga-rt2:xe-0/3/0                                    
2019-02-06 13:52:14,728 INFO  n.e.o.c.TopologySteps               - deleting ga-rt2:ge-1/1/3                                    
2019-02-06 13:52:14,728 INFO  n.e.o.c.TopologySteps               - deleting ga-rt2:xe-0/2/0                                    
2019-02-06 13:52:14,729 INFO  n.e.o.c.TopologySteps               - deleting ga-rt2                                             
2019-02-06 13:52:14,731 INFO  n.e.o.c.TopologySteps               - deleting kans-cr5:2/1/1                                     
2019-02-06 13:52:14,731 INFO  n.e.o.c.TopologySteps               - deleting kans-cr5:4/1/1                                     
2019-02-06 13:52:14,732 INFO  n.e.o.c.TopologySteps               - deleting kans-cr5:10/1/3                                    
2019-02-06 13:52:14,732 INFO  n.e.o.c.TopologySteps               - deleting kans-cr5:10/1/4                                    
2019-02-06 13:52:14,732 INFO  n.e.o.c.TopologySteps               - deleting kans-cr5:1/1/1                                     
2019-02-06 13:52:14,732 INFO  n.e.o.c.TopologySteps               - deleting kans-cr5:3/1/1                                     
2019-02-06 13:52:14,732 INFO  n.e.o.c.TopologySteps               - deleting kans-cr5                                           
2019-02-06 13:52:14,735 INFO  n.e.o.c.TopologySteps               - deleting bois-cr1:xe-0/0/0                                  
2019-02-06 13:52:14,735 INFO  n.e.o.c.TopologySteps               - deleting bois-cr1:xe-0/2/0                                  
2019-02-06 13:52:14,736 INFO  n.e.o.c.TopologySteps               - deleting bois-cr1:xe-0/1/0                                  
2019-02-06 13:52:14,736 INFO  n.e.o.c.TopologySteps               - deleting bois-cr1:xe-7/1/0                                  
2019-02-06 13:52:14,736 INFO  n.e.o.c.TopologySteps               - deleting bois-cr1:xe-7/3/0                                  
2019-02-06 13:52:14,737 INFO  n.e.o.c.TopologySteps               - deleting bois-cr1:xe-1/2/0                                  
2019-02-06 13:52:14,737 INFO  n.e.o.c.TopologySteps               - deleting bois-cr1:xe-1/0/0                                  
2019-02-06 13:52:14,737 INFO  n.e.o.c.TopologySteps               - deleting bois-cr1:xe-7/0/0                                  
2019-02-06 13:52:14,737 INFO  n.e.o.c.TopologySteps               - deleting bois-cr1                                           
2019-02-06 13:52:14,739 INFO  n.e.o.c.TopologySteps               - deleting snll-mr2:xe-2/2/0                                  
2019-02-06 13:52:14,739 INFO  n.e.o.c.TopologySteps               - deleting snll-mr2:xe-1/3/0                                  
2019-02-06 13:52:14,739 INFO  n.e.o.c.TopologySteps               - deleting snll-mr2:xe-0/2/0                                  
2019-02-06 13:52:14,739 INFO  n.e.o.c.TopologySteps               - deleting snll-mr2:xe-1/1/0                                  
2019-02-06 13:52:14,739 INFO  n.e.o.c.TopologySteps               - deleting snll-mr2:xe-0/1/0                                  
2019-02-06 13:52:14,740 INFO  n.e.o.c.TopologySteps               - deleting snll-mr2:xe-2/0/0                                  
2019-02-06 13:52:14,740 INFO  n.e.o.c.TopologySteps               - deleting snll-mr2:xe-2/3/0                                  
2019-02-06 13:52:14,740 INFO  n.e.o.c.TopologySteps               - deleting snll-mr2:xe-1/2/0                                  
2019-02-06 13:52:14,740 INFO  n.e.o.c.TopologySteps               - deleting snll-mr2                                           
2019-02-06 13:52:14,741 INFO  n.e.o.c.TopologySteps               - deleting atla-cr5:10/1/8                                    
2019-02-06 13:52:14,742 INFO  n.e.o.c.TopologySteps               - deleting atla-cr5:10/1/2                                    
2019-02-06 13:52:14,742 INFO  n.e.o.c.TopologySteps               - deleting atla-cr5:2/1/1                                     
2019-02-06 13:52:14,742 INFO  n.e.o.c.TopologySteps               - deleting atla-cr5:3/1/1                                     
2019-02-06 13:52:14,742 INFO  n.e.o.c.TopologySteps               - deleting atla-cr5:4/1/1                                     
2019-02-06 13:52:14,742 INFO  n.e.o.c.TopologySteps               - deleting atla-cr5:1/1/1                                     
2019-02-06 13:52:14,742 INFO  n.e.o.c.TopologySteps               - deleting atla-cr5:10/1/3                                    
2019-02-06 13:52:14,742 INFO  n.e.o.c.TopologySteps               - deleting atla-cr5                                           
2019-02-06 13:52:14,743 INFO  n.e.o.c.TopologySteps               - deleting ornl-rt4:xe-1/2/0                                  
2019-02-06 13:52:14,743 INFO  n.e.o.c.TopologySteps               - deleting ornl-rt4:xe-0/2/0                                  
2019-02-06 13:52:14,743 INFO  n.e.o.c.TopologySteps               - deleting ornl-rt4:xe-2/3/0                                  
2019-02-06 13:52:14,743 INFO  n.e.o.c.TopologySteps               - deleting ornl-rt4:ge-0/0/1                                  
2019-02-06 13:52:14,743 INFO  n.e.o.c.TopologySteps               - deleting ornl-rt4:xe-1/0/0                                  
2019-02-06 13:52:14,743 INFO  n.e.o.c.TopologySteps               - deleting ornl-rt4                                           
2019-02-06 13:52:14,744 INFO  n.e.o.c.TopologySteps               - deleting netl-mgn-rt1:xe-2/0/1                              
2019-02-06 13:52:14,745 INFO  n.e.o.c.TopologySteps               - deleting netl-mgn-rt1:xe-2/0/2                              
2019-02-06 13:52:14,745 INFO  n.e.o.c.TopologySteps               - deleting netl-mgn-rt1:xe-2/0/3                              
2019-02-06 13:52:14,745 INFO  n.e.o.c.TopologySteps               - deleting netl-mgn-rt1:xe-2/0/0                              
2019-02-06 13:52:14,745 INFO  n.e.o.c.TopologySteps               - deleting netl-mgn-rt1                                       
2019-02-06 13:52:14,747 INFO  n.e.o.c.TopologySteps               - deleting cern-773-cr5:2/1/1                                 
2019-02-06 13:52:14,747 INFO  n.e.o.c.TopologySteps               - deleting cern-773-cr5:10/1/2                                
2019-02-06 13:52:14,747 INFO  n.e.o.c.TopologySteps               - deleting cern-773-cr5:10/1/1                                
2019-02-06 13:52:14,747 INFO  n.e.o.c.TopologySteps               - deleting cern-773-cr5:10/1/3                                
2019-02-06 13:52:14,747 INFO  n.e.o.c.TopologySteps               - deleting cern-773-cr5:BLANK                                 
2019-02-06 13:52:14,747 INFO  n.e.o.c.TopologySteps               - deleting cern-773-cr5:1/1/1                                 
2019-02-06 13:52:14,747 INFO  n.e.o.c.TopologySteps               - deleting cern-773-cr5                                       
2019-02-06 13:52:14,748 INFO  n.e.o.c.TopologySteps               - deleting nash-cr5:4/1/1                                     
2019-02-06 13:52:14,748 INFO  n.e.o.c.TopologySteps               - deleting nash-cr5:10/1/5                                    
2019-02-06 13:52:14,749 INFO  n.e.o.c.TopologySteps               - deleting nash-cr5:3/1/1                                     
2019-02-06 13:52:14,749 INFO  n.e.o.c.TopologySteps               - deleting nash-cr5:4/2/1                                     
2019-02-06 13:52:14,749 INFO  n.e.o.c.TopologySteps               - deleting nash-cr5:1/2/1                                     
2019-02-06 13:52:14,749 INFO  n.e.o.c.TopologySteps               - deleting nash-cr5:10/1/6                                    
2019-02-06 13:52:14,749 INFO  n.e.o.c.TopologySteps               - deleting nash-cr5:2/1/1                                     
2019-02-06 13:52:14,749 INFO  n.e.o.c.TopologySteps               - deleting nash-cr5:10/1/3                                    
2019-02-06 13:52:14,749 INFO  n.e.o.c.TopologySteps               - deleting nash-cr5:1/1/1                                     
2019-02-06 13:52:14,749 INFO  n.e.o.c.TopologySteps               - deleting nash-cr5:10/1/4                                    
2019-02-06 13:52:14,749 INFO  n.e.o.c.TopologySteps               - deleting nash-cr5                                           
2019-02-06 13:52:14,751 INFO  n.e.o.c.TopologySteps               - deleting elpa-cr5:10/1/3                                    
2019-02-06 13:52:14,751 INFO  n.e.o.c.TopologySteps               - deleting elpa-cr5:10/1/4                                    
2019-02-06 13:52:14,751 INFO  n.e.o.c.TopologySteps               - deleting elpa-cr5:3/1/1                                     
2019-02-06 13:52:14,751 INFO  n.e.o.c.TopologySteps               - deleting elpa-cr5:2/1/1                                     
2019-02-06 13:52:14,752 INFO  n.e.o.c.TopologySteps               - deleting elpa-cr5:10/1/5                                    
2019-02-06 13:52:14,752 INFO  n.e.o.c.TopologySteps               - deleting elpa-cr5:1/1/1                                     
2019-02-06 13:52:14,752 INFO  n.e.o.c.TopologySteps               - deleting elpa-cr5                                           
2019-02-06 13:52:14,754 INFO  n.e.o.c.TopologySteps               - deleting sacr-cr5:10/1/1                                    
2019-02-06 13:52:14,754 INFO  n.e.o.c.TopologySteps               - deleting sacr-cr5:10/2/6                                    
2019-02-06 13:52:14,755 INFO  n.e.o.c.TopologySteps               - deleting sacr-cr5:1/1/1                                     
2019-02-06 13:52:14,755 INFO  n.e.o.c.TopologySteps               - deleting sacr-cr5:10/1/6                                    
2019-02-06 13:52:14,755 INFO  n.e.o.c.TopologySteps               - deleting sacr-cr5:10/2/1                                    
2019-02-06 13:52:14,755 INFO  n.e.o.c.TopologySteps               - deleting sacr-cr5:4/1/1                                     
2019-02-06 13:52:14,755 INFO  n.e.o.c.TopologySteps               - deleting sacr-cr5:10/2/3                                    
2019-02-06 13:52:14,755 INFO  n.e.o.c.TopologySteps               - deleting sacr-cr5:10/1/2                                    
2019-02-06 13:52:14,755 INFO  n.e.o.c.TopologySteps               - deleting sacr-cr5:3/1/1                                     
2019-02-06 13:52:14,755 INFO  n.e.o.c.TopologySteps               - deleting sacr-cr5:10/2/5                                    
2019-02-06 13:52:14,755 INFO  n.e.o.c.TopologySteps               - deleting sacr-cr5:2/1/1                                     
2019-02-06 13:52:14,755 INFO  n.e.o.c.TopologySteps               - deleting sacr-cr5:10/2/2                                    
2019-02-06 13:52:14,755 INFO  n.e.o.c.TopologySteps               - deleting sacr-cr5:10/1/4                                    
2019-02-06 13:52:14,755 INFO  n.e.o.c.TopologySteps               - deleting sacr-cr5:5/1/1                                     
2019-02-06 13:52:14,756 INFO  n.e.o.c.TopologySteps               - deleting sacr-cr5:10/2/4                                    
2019-02-06 13:52:14,756 INFO  n.e.o.c.TopologySteps               - deleting sacr-cr5                                           
2019-02-06 13:52:14,757 INFO  n.e.o.c.TopologySteps               - deleting snla-rt3:xe-1/2/0                                  
2019-02-06 13:52:14,757 INFO  n.e.o.c.TopologySteps               - deleting snla-rt3:ge-1/0/2                                  
2019-02-06 13:52:14,757 INFO  n.e.o.c.TopologySteps               - deleting snla-rt3:xe-0/0/0                                  
2019-02-06 13:52:14,757 INFO  n.e.o.c.TopologySteps               - deleting snla-rt3                                           
2019-02-06 13:52:14,759 INFO  n.e.o.c.TopologySteps               - deleting lsvn-cr1:ge-1/0/1                                  
2019-02-06 13:52:14,759 INFO  n.e.o.c.TopologySteps               - deleting lsvn-cr1:ge-1/0/0                                  
2019-02-06 13:52:14,759 INFO  n.e.o.c.TopologySteps               - deleting lsvn-cr1:ge-1/1/0                                  
2019-02-06 13:52:14,759 INFO  n.e.o.c.TopologySteps               - deleting lsvn-cr1:xe-2/1/0                                  
2019-02-06 13:52:14,759 INFO  n.e.o.c.TopologySteps               - deleting lsvn-cr1:xe-1/2/0                                  
2019-02-06 13:52:14,759 INFO  n.e.o.c.TopologySteps               - deleting lsvn-cr1:xe-2/0/0                                  
2019-02-06 13:52:14,760 INFO  n.e.o.c.TopologySteps               - deleting lsvn-cr1:ge-1/1/5                                  
2019-02-06 13:52:14,760 INFO  n.e.o.c.TopologySteps               - deleting lsvn-cr1:xe-2/2/0                                  
2019-02-06 13:52:14,760 INFO  n.e.o.c.TopologySteps               - deleting lsvn-cr1:ge-1/1/1                                  
2019-02-06 13:52:14,760 INFO  n.e.o.c.TopologySteps               - deleting lsvn-cr1                                           
2019-02-06 13:52:14,765 INFO  n.e.o.c.TopologySteps               - deleting sunn-cr5:10/1/6                                    
2019-02-06 13:52:14,766 INFO  n.e.o.c.TopologySteps               - deleting sunn-cr5:9/1/3                                     
2019-02-06 13:52:14,766 INFO  n.e.o.c.TopologySteps               - deleting sunn-cr5:8/2/1                                     
2019-02-06 13:52:14,766 INFO  n.e.o.c.TopologySteps               - deleting sunn-cr5:10/2/1                                    
2019-02-06 13:52:14,766 INFO  n.e.o.c.TopologySteps               - deleting sunn-cr5:10/2/5                                    
2019-02-06 13:52:14,767 INFO  n.e.o.c.TopologySteps               - deleting sunn-cr5:2/1/1                                     
2019-02-06 13:52:14,767 INFO  n.e.o.c.TopologySteps               - deleting sunn-cr5:8/1/1                                     
2019-02-06 13:52:14,767 INFO  n.e.o.c.TopologySteps               - deleting sunn-cr5:9/1/1                                     
2019-02-06 13:52:14,767 INFO  n.e.o.c.TopologySteps               - deleting sunn-cr5:10/1/2                                    
2019-02-06 13:52:14,767 INFO  n.e.o.c.TopologySteps               - deleting sunn-cr5:7/2/1                                     
2019-02-06 13:52:14,767 INFO  n.e.o.c.TopologySteps               - deleting sunn-cr5:10/2/2                                    
2019-02-06 13:52:14,767 INFO  n.e.o.c.TopologySteps               - deleting sunn-cr5:9/1/2                                     
2019-02-06 13:52:14,767 INFO  n.e.o.c.TopologySteps               - deleting sunn-cr5:10/1/5                                    
2019-02-06 13:52:14,767 INFO  n.e.o.c.TopologySteps               - deleting sunn-cr5:10/2/4                                    
2019-02-06 13:52:14,768 INFO  n.e.o.c.TopologySteps               - deleting sunn-cr5:10/2/3                                    
2019-02-06 13:52:14,768 INFO  n.e.o.c.TopologySteps               - deleting sunn-cr5:10/2/6                                    
2019-02-06 13:52:14,768 INFO  n.e.o.c.TopologySteps               - deleting sunn-cr5:1/1/1                                     
2019-02-06 13:52:14,768 INFO  n.e.o.c.TopologySteps               - deleting sunn-cr5:7/1/1                                     
2019-02-06 13:52:14,768 INFO  n.e.o.c.TopologySteps               - deleting sunn-cr5:4/1/1                                     
2019-02-06 13:52:14,768 INFO  n.e.o.c.TopologySteps               - deleting sunn-cr5:5/1/1                                     
2019-02-06 13:52:14,768 INFO  n.e.o.c.TopologySteps               - deleting sunn-cr5:10/1/1                                    
2019-02-06 13:52:14,769 INFO  n.e.o.c.TopologySteps               - deleting sunn-cr5:10/1/3                                    
2019-02-06 13:52:14,769 INFO  n.e.o.c.TopologySteps               - deleting sunn-cr5:2/2/1                                     
2019-02-06 13:52:14,769 INFO  n.e.o.c.TopologySteps               - deleting sunn-cr5:9/1/5                                     
2019-02-06 13:52:14,769 INFO  n.e.o.c.TopologySteps               - deleting sunn-cr5:5/2/1                                     
2019-02-06 13:52:14,769 INFO  n.e.o.c.TopologySteps               - deleting sunn-cr5:10/1/4                                    
2019-02-06 13:52:14,769 INFO  n.e.o.c.TopologySteps               - deleting sunn-cr5                                           
2019-02-06 13:52:14,771 INFO  n.e.o.c.TopologySteps               - deleting netl-pgh-rt1:xe-2/0/0                              
2019-02-06 13:52:14,772 INFO  n.e.o.c.TopologySteps               - deleting netl-pgh-rt1:xe-2/0/2                              
2019-02-06 13:52:14,772 INFO  n.e.o.c.TopologySteps               - deleting netl-pgh-rt1:xe-2/0/1                              
2019-02-06 13:52:14,772 INFO  n.e.o.c.TopologySteps               - deleting netl-pgh-rt1:xe-2/0/3                              
2019-02-06 13:52:14,773 INFO  n.e.o.c.TopologySteps               - deleting netl-pgh-rt1                                       
2019-02-06 13:52:14,776 INFO  n.e.o.c.TopologySteps               - deleting llnl-mr2:xe-2/0/0                                  
2019-02-06 13:52:14,776 INFO  n.e.o.c.TopologySteps               - deleting llnl-mr2:ae0                                       
2019-02-06 13:52:14,776 INFO  n.e.o.c.TopologySteps               - deleting llnl-mr2:xe-1/3/0                                  
2019-02-06 13:52:14,776 INFO  n.e.o.c.TopologySteps               - deleting llnl-mr2:ge-3/0/1                                  
2019-02-06 13:52:14,777 INFO  n.e.o.c.TopologySteps               - deleting llnl-mr2:xe-0/2/0                                  
2019-02-06 13:52:14,777 INFO  n.e.o.c.TopologySteps               - deleting llnl-mr2:xe-3/2/0                                  
2019-02-06 13:52:14,777 INFO  n.e.o.c.TopologySteps               - deleting llnl-mr2:ge-3/0/0                                  
2019-02-06 13:52:14,777 INFO  n.e.o.c.TopologySteps               - deleting llnl-mr2:xe-0/1/0                                  
2019-02-06 13:52:14,777 INFO  n.e.o.c.TopologySteps               - deleting llnl-mr2:xe-2/2/0                                  
2019-02-06 13:52:14,777 INFO  n.e.o.c.TopologySteps               - deleting llnl-mr2:xe-0/0/0                                  
2019-02-06 13:52:14,777 INFO  n.e.o.c.TopologySteps               - deleting llnl-mr2:xe-2/1/0                                  
2019-02-06 13:52:14,777 INFO  n.e.o.c.TopologySteps               - deleting llnl-mr2:xe-1/0/0                                  
2019-02-06 13:52:14,777 INFO  n.e.o.c.TopologySteps               - deleting llnl-mr2                                           
2019-02-06 13:52:14,779 INFO  n.e.o.c.TopologySteps               - deleting anl-mr2:xe-1/3/0                                   
2019-02-06 13:52:14,779 INFO  n.e.o.c.TopologySteps               - deleting anl-mr2:xe-2/3/0                                   
2019-02-06 13:52:14,779 INFO  n.e.o.c.TopologySteps               - deleting anl-mr2:ae0                                        
2019-02-06 13:52:14,779 INFO  n.e.o.c.TopologySteps               - deleting anl-mr2:xe-0/0/0                                   
2019-02-06 13:52:14,779 INFO  n.e.o.c.TopologySteps               - deleting anl-mr2:xe-0/1/0                                   
2019-02-06 13:52:14,780 INFO  n.e.o.c.TopologySteps               - deleting anl-mr2                                            
2019-02-06 13:52:14,780 INFO  n.e.o.c.TopologySteps               - deleting llnldc-rt4:ge-1/0/0                                
2019-02-06 13:52:14,780 INFO  n.e.o.c.TopologySteps               - deleting llnldc-rt4                                         
2019-02-06 13:52:14,783 INFO  n.e.o.c.TopologySteps               - deleting chic-cr5:6/1/1                                     
2019-02-06 13:52:14,783 INFO  n.e.o.c.TopologySteps               - deleting chic-cr5:7/1/1                                     
2019-02-06 13:52:14,784 INFO  n.e.o.c.TopologySteps               - deleting chic-cr5:8/1/1                                     
2019-02-06 13:52:14,784 INFO  n.e.o.c.TopologySteps               - deleting chic-cr5:10/1/3                                    
2019-02-06 13:52:14,784 INFO  n.e.o.c.TopologySteps               - deleting chic-cr5:10/1/1                                    
2019-02-06 13:52:14,784 INFO  n.e.o.c.TopologySteps               - deleting chic-cr5:BLANK                                     
2019-02-06 13:52:14,784 INFO  n.e.o.c.TopologySteps               - deleting chic-cr5:5/1/1                                     
2019-02-06 13:52:14,785 INFO  n.e.o.c.TopologySteps               - deleting chic-cr5:3/2/1                                     
2019-02-06 13:52:14,785 INFO  n.e.o.c.TopologySteps               - deleting chic-cr5:10/1/5                                    
2019-02-06 13:52:14,785 INFO  n.e.o.c.TopologySteps               - deleting chic-cr5:1/1/1                                     
2019-02-06 13:52:14,785 INFO  n.e.o.c.TopologySteps               - deleting chic-cr5:10/1/7                                    
2019-02-06 13:52:14,785 INFO  n.e.o.c.TopologySteps               - deleting chic-cr5:7/2/1                                     
2019-02-06 13:52:14,786 INFO  n.e.o.c.TopologySteps               - deleting chic-cr5:3/1/1                                     
2019-02-06 13:52:14,786 INFO  n.e.o.c.TopologySteps               - deleting chic-cr5:10/1/4                                    
2019-02-06 13:52:14,786 INFO  n.e.o.c.TopologySteps               - deleting chic-cr5:6/2/1                                     
2019-02-06 13:52:14,786 INFO  n.e.o.c.TopologySteps               - deleting chic-cr5:2/1/1                                     
2019-02-06 13:52:14,786 INFO  n.e.o.c.TopologySteps               - deleting chic-cr5:4/1/1                                     
2019-02-06 13:52:14,786 INFO  n.e.o.c.TopologySteps               - deleting chic-cr5                                           
2019-02-06 13:52:14,788 INFO  n.e.o.c.TopologySteps               - deleting slac-mr2:xe-1/2/0                                  
2019-02-06 13:52:14,788 INFO  n.e.o.c.TopologySteps               - deleting slac-mr2:xe-0/1/0                                  
2019-02-06 13:52:14,788 INFO  n.e.o.c.TopologySteps               - deleting slac-mr2:xe-1/3/0                                  
2019-02-06 13:52:14,789 INFO  n.e.o.c.TopologySteps               - deleting slac-mr2:xe-0/2/0                                  
2019-02-06 13:52:14,789 INFO  n.e.o.c.TopologySteps               - deleting slac-mr2:xe-0/0/0                                  
2019-02-06 13:52:14,789 INFO  n.e.o.c.TopologySteps               - deleting slac-mr2:xe-1/1/0                                  
2019-02-06 13:52:14,789 INFO  n.e.o.c.TopologySteps               - deleting slac-mr2                                           
2019-02-06 13:52:14,792 INFO  n.e.o.c.TopologySteps               - deleting lond-cr5:5/1/1                                     
2019-02-06 13:52:14,792 INFO  n.e.o.c.TopologySteps               - deleting lond-cr5:1/1/1                                     
2019-02-06 13:52:14,792 INFO  n.e.o.c.TopologySteps               - deleting lond-cr5:2/2/1                                     
2019-02-06 13:52:14,792 INFO  n.e.o.c.TopologySteps               - deleting lond-cr5:3/1/1                                     
2019-02-06 13:52:14,792 INFO  n.e.o.c.TopologySteps               - deleting lond-cr5:2/1/1                                     
2019-02-06 13:52:14,792 INFO  n.e.o.c.TopologySteps               - deleting lond-cr5:10/1/2                                    
2019-02-06 13:52:14,792 INFO  n.e.o.c.TopologySteps               - deleting lond-cr5:10/1/1                                    
2019-02-06 13:52:14,793 INFO  n.e.o.c.TopologySteps               - deleting lond-cr5:10/1/4                                    
2019-02-06 13:52:14,793 INFO  n.e.o.c.TopologySteps               - deleting lond-cr5:1/2/1                                     
2019-02-06 13:52:14,793 INFO  n.e.o.c.TopologySteps               - deleting lond-cr5                                           
2019-02-06 13:52:14,796 INFO  n.e.o.c.TopologySteps               - deleting eqx-chi-cr5:1/1/1                                  
2019-02-06 13:52:14,796 INFO  n.e.o.c.TopologySteps               - deleting eqx-chi-cr5:10/1/1                                 
2019-02-06 13:52:14,796 INFO  n.e.o.c.TopologySteps               - deleting eqx-chi-cr5:10/1/3                                 
2019-02-06 13:52:14,796 INFO  n.e.o.c.TopologySteps               - deleting eqx-chi-cr5:BLANK                                  
2019-02-06 13:52:14,796 INFO  n.e.o.c.TopologySteps               - deleting eqx-chi-cr5:1/2/1                                  
2019-02-06 13:52:14,796 INFO  n.e.o.c.TopologySteps               - deleting eqx-chi-cr5:2/1/1                                  
2019-02-06 13:52:14,796 INFO  n.e.o.c.TopologySteps               - deleting eqx-chi-cr5:10/1/2                                 
2019-02-06 13:52:14,797 INFO  n.e.o.c.TopologySteps               - deleting eqx-chi-cr5                                        
2019-02-06 13:52:14,799 INFO  n.e.o.c.TopologySteps               - deleting newy-cr5:4/1/1                                     
2019-02-06 13:52:14,799 INFO  n.e.o.c.TopologySteps               - deleting newy-cr5:9/1/1                                     
2019-02-06 13:52:14,799 INFO  n.e.o.c.TopologySteps               - deleting newy-cr5:10/1/3                                    
2019-02-06 13:52:14,799 INFO  n.e.o.c.TopologySteps               - deleting newy-cr5:4/2/1                                     
2019-02-06 13:52:14,799 INFO  n.e.o.c.TopologySteps               - deleting newy-cr5:2/1/1                                     
2019-02-06 13:52:14,799 INFO  n.e.o.c.TopologySteps               - deleting newy-cr5:10/1/9                                    
2019-02-06 13:52:14,799 INFO  n.e.o.c.TopologySteps               - deleting newy-cr5:9/1/4                                     
2019-02-06 13:52:14,799 INFO  n.e.o.c.TopologySteps               - deleting newy-cr5:3/1/1                                     
2019-02-06 13:52:14,800 INFO  n.e.o.c.TopologySteps               - deleting newy-cr5:10/1/2                                    
2019-02-06 13:52:14,800 INFO  n.e.o.c.TopologySteps               - deleting newy-cr5                                           
2019-02-06 13:52:14,801 INFO  n.e.o.c.TopologySteps               - deleting netl-alb-rt1:xe-2/0/2                              
2019-02-06 13:52:14,802 INFO  n.e.o.c.TopologySteps               - deleting netl-alb-rt1:xe-2/0/0                              
2019-02-06 13:52:14,802 INFO  n.e.o.c.TopologySteps               - deleting netl-alb-rt1:xe-2/0/3                              
2019-02-06 13:52:14,802 INFO  n.e.o.c.TopologySteps               - deleting netl-alb-rt1:xe-2/0/1                              
2019-02-06 13:52:14,802 INFO  n.e.o.c.TopologySteps               - deleting netl-alb-rt1                                       
2019-02-06 13:52:14,803 INFO  n.e.o.c.TopologySteps               - deleting jgi-mr2:xe-2/2/0                                   
2019-02-06 13:52:14,803 INFO  n.e.o.c.TopologySteps               - deleting jgi-mr2:xe-1/1/0                                   
2019-02-06 13:52:14,804 INFO  n.e.o.c.TopologySteps               - deleting jgi-mr2:xe-1/3/0                                   
2019-02-06 13:52:14,804 INFO  n.e.o.c.TopologySteps               - deleting jgi-mr2:xe-0/2/0                                   
2019-02-06 13:52:14,804 INFO  n.e.o.c.TopologySteps               - deleting jgi-mr2                                            
2019-02-06 13:52:14,806 INFO  n.e.o.c.TopologySteps               - deleting eqx-ash-cr5:10/1/1                                 
2019-02-06 13:52:14,806 INFO  n.e.o.c.TopologySteps               - deleting eqx-ash-cr5:10/2/5                                 
2019-02-06 13:52:14,806 INFO  n.e.o.c.TopologySteps               - deleting eqx-ash-cr5:1/1/1                                  
2019-02-06 13:52:14,806 INFO  n.e.o.c.TopologySteps               - deleting eqx-ash-cr5:BLANK                                  
2019-02-06 13:52:14,807 INFO  n.e.o.c.TopologySteps               - deleting eqx-ash-cr5:10/1/6                                 
2019-02-06 13:52:14,807 INFO  n.e.o.c.TopologySteps               - deleting eqx-ash-cr5:1/2/1                                  
2019-02-06 13:52:14,807 INFO  n.e.o.c.TopologySteps               - deleting eqx-ash-cr5:10/1/5                                 
2019-02-06 13:52:14,807 INFO  n.e.o.c.TopologySteps               - deleting eqx-ash-cr5:10/2/2                                 
2019-02-06 13:52:14,807 INFO  n.e.o.c.TopologySteps               - deleting eqx-ash-cr5:10/1/2                                 
2019-02-06 13:52:14,807 INFO  n.e.o.c.TopologySteps               - deleting eqx-ash-cr5:10/2/6                                 
2019-02-06 13:52:14,807 INFO  n.e.o.c.TopologySteps               - deleting eqx-ash-cr5:2/1/1                                  
2019-02-06 13:52:14,807 INFO  n.e.o.c.TopologySteps               - deleting eqx-ash-cr5                                        
2019-02-06 13:52:14,809 INFO  n.e.o.c.TopologySteps               - deleting forr-rt2:ge-0/0/0                                  
2019-02-06 13:52:14,809 INFO  n.e.o.c.TopologySteps               - deleting forr-rt2:ge-0/0/4                                  
2019-02-06 13:52:14,809 INFO  n.e.o.c.TopologySteps               - deleting forr-rt2:ge-0/0/2                                  
2019-02-06 13:52:14,809 INFO  n.e.o.c.TopologySteps               - deleting forr-rt2:ge-0/0/1                                  
2019-02-06 13:52:14,809 INFO  n.e.o.c.TopologySteps               - deleting forr-rt2:ge-0/0/5                                  
2019-02-06 13:52:14,809 INFO  n.e.o.c.TopologySteps               - deleting forr-rt2                                           
2019-02-06 13:52:14,810 INFO  n.e.o.c.TopologySteps               - deleting ornl-cr5:7/1/1                                     
2019-02-06 13:52:14,810 INFO  n.e.o.c.TopologySteps               - deleting ornl-cr5:10/1/3                                    
2019-02-06 13:52:14,810 INFO  n.e.o.c.TopologySteps               - deleting ornl-cr5:10/1/1                                    
2019-02-06 13:52:14,811 INFO  n.e.o.c.TopologySteps               - deleting ornl-cr5:6/1/1                                     
2019-02-06 13:52:14,811 INFO  n.e.o.c.TopologySteps               - deleting ornl-cr5:9/1/4                                     
2019-02-06 13:52:14,811 INFO  n.e.o.c.TopologySteps               - deleting ornl-cr5:10/1/2                                    
2019-02-06 13:52:14,811 INFO  n.e.o.c.TopologySteps               - deleting ornl-cr5                                           
2019-02-06 13:52:14,812 INFO  n.e.o.c.TopologySteps               - deleting fnal-mr2:xe-1/1/0                                  
2019-02-06 13:52:14,813 INFO  n.e.o.c.TopologySteps               - deleting fnal-mr2:xe-0/0/0                                  
2019-02-06 13:52:14,813 INFO  n.e.o.c.TopologySteps               - deleting fnal-mr2:xe-8/3/0                                  
2019-02-06 13:52:14,813 INFO  n.e.o.c.TopologySteps               - deleting fnal-mr2:xe-8/1/0                                  
2019-02-06 13:52:14,813 INFO  n.e.o.c.TopologySteps               - deleting fnal-mr2:xe-0/2/0                                  
2019-02-06 13:52:14,813 INFO  n.e.o.c.TopologySteps               - deleting fnal-mr2:xe-1/3/0                                  
2019-02-06 13:52:14,814 INFO  n.e.o.c.TopologySteps               - deleting fnal-mr2                                           
2019-02-06 13:52:14,815 INFO  n.e.o.c.TopologySteps               - deleting pantex-rt4:ge-0/0/1                                
2019-02-06 13:52:14,816 INFO  n.e.o.c.TopologySteps               - deleting pantex-rt4:ge-0/1/0                                
2019-02-06 13:52:14,816 INFO  n.e.o.c.TopologySteps               - deleting pantex-rt4:ge-0/0/2                                
2019-02-06 13:52:14,816 INFO  n.e.o.c.TopologySteps               - deleting pantex-rt4:ge-0/0/0                                
2019-02-06 13:52:14,817 INFO  n.e.o.c.TopologySteps               - deleting pantex-rt4                                         
2019-02-06 13:52:14,819 INFO  n.e.o.c.TopologySteps               - deleting ameslab-rt3:xe-0/2/0                               
2019-02-06 13:52:14,819 INFO  n.e.o.c.TopologySteps               - deleting ameslab-rt3:xe-1/3/0                               
2019-02-06 13:52:14,819 INFO  n.e.o.c.TopologySteps               - deleting ameslab-rt3:xe-0/1/0                               
2019-02-06 13:52:14,820 INFO  n.e.o.c.TopologySteps               - deleting ameslab-rt3:xe-1/0/0                               
2019-02-06 13:52:14,820 INFO  n.e.o.c.TopologySteps               - deleting ameslab-rt3:xe-0/0/0                               
2019-02-06 13:52:14,820 INFO  n.e.o.c.TopologySteps               - deleting ameslab-rt3:xe-1/1/0                               
2019-02-06 13:52:14,820 INFO  n.e.o.c.TopologySteps               - deleting ameslab-rt3                                        
2019-02-06 13:52:14,821 INFO  n.e.o.c.TopologySteps               - deleting hous-cr5:2/1/1                                     
2019-02-06 13:52:14,821 INFO  n.e.o.c.TopologySteps               - deleting hous-cr5:10/1/4                                    
2019-02-06 13:52:14,821 INFO  n.e.o.c.TopologySteps               - deleting hous-cr5:3/1/1                                     
2019-02-06 13:52:14,821 INFO  n.e.o.c.TopologySteps               - deleting hous-cr5:4/1/1                                     
2019-02-06 13:52:14,822 INFO  n.e.o.c.TopologySteps               - deleting hous-cr5:10/1/3                                    
2019-02-06 13:52:14,822 INFO  n.e.o.c.TopologySteps               - deleting hous-cr5:1/1/1                                     
2019-02-06 13:52:14,822 INFO  n.e.o.c.TopologySteps               - deleting hous-cr5                                           
2019-02-06 13:52:14,825 INFO  n.e.o.c.TopologySteps               - deleting aofa-cr5:4/2/1                                     
2019-02-06 13:52:14,825 INFO  n.e.o.c.TopologySteps               - deleting aofa-cr5:4/1/1                                     
2019-02-06 13:52:14,825 INFO  n.e.o.c.TopologySteps               - deleting aofa-cr5:3/1/1                                     
2019-02-06 13:52:14,825 INFO  n.e.o.c.TopologySteps               - deleting aofa-cr5:10/1/1                                    
2019-02-06 13:52:14,825 INFO  n.e.o.c.TopologySteps               - deleting aofa-cr5:10/1/9                                    
2019-02-06 13:52:14,826 INFO  n.e.o.c.TopologySteps               - deleting aofa-cr5:9/1/5                                     
2019-02-06 13:52:14,826 INFO  n.e.o.c.TopologySteps               - deleting aofa-cr5:5/1/1                                     
2019-02-06 13:52:14,826 INFO  n.e.o.c.TopologySteps               - deleting aofa-cr5:6/2/1                                     
2019-02-06 13:52:14,826 INFO  n.e.o.c.TopologySteps               - deleting aofa-cr5:10/1/8                                    
2019-02-06 13:52:14,826 INFO  n.e.o.c.TopologySteps               - deleting aofa-cr5:2/1/1                                     
2019-02-06 13:52:14,826 INFO  n.e.o.c.TopologySteps               - deleting aofa-cr5:7/2/1                                     
2019-02-06 13:52:14,826 INFO  n.e.o.c.TopologySteps               - deleting aofa-cr5:1/1/1                                     
2019-02-06 13:52:14,826 INFO  n.e.o.c.TopologySteps               - deleting aofa-cr5:9/1/1                                     
2019-02-06 13:52:14,826 INFO  n.e.o.c.TopologySteps               - deleting aofa-cr5:10/1/2                                    
2019-02-06 13:52:14,826 INFO  n.e.o.c.TopologySteps               - deleting aofa-cr5                                           
2019-02-06 13:52:14,827 INFO  n.e.o.c.TopologySteps               - deleting osti-rt2:ae0                                       
2019-02-06 13:52:14,827 INFO  n.e.o.c.TopologySteps               - deleting osti-rt2:xe-1/2/0                                  
2019-02-06 13:52:14,827 INFO  n.e.o.c.TopologySteps               - deleting osti-rt2                                           
2019-02-06 13:52:14,830 INFO  n.e.o.c.TopologySteps               - deleting pnwg-cr5:2/1/1                                     
2019-02-06 13:52:14,830 INFO  n.e.o.c.TopologySteps               - deleting pnwg-cr5:10/1/4                                    
2019-02-06 13:52:14,830 INFO  n.e.o.c.TopologySteps               - deleting pnwg-cr5:BLANK                                     
2019-02-06 13:52:14,830 INFO  n.e.o.c.TopologySteps               - deleting pnwg-cr5:1/1/1                                     
2019-02-06 13:52:14,831 INFO  n.e.o.c.TopologySteps               - deleting pnwg-cr5:9/1/2                                     
2019-02-06 13:52:14,831 INFO  n.e.o.c.TopologySteps               - deleting pnwg-cr5:10/1/5                                    
2019-02-06 13:52:14,831 INFO  n.e.o.c.TopologySteps               - deleting pnwg-cr5:3/1/1                                     
2019-02-06 13:52:14,831 INFO  n.e.o.c.TopologySteps               - deleting pnwg-cr5:2/2/1                                     
2019-02-06 13:52:14,831 INFO  n.e.o.c.TopologySteps               - deleting pnwg-cr5:10/1/3                                    
2019-02-06 13:52:14,831 INFO  n.e.o.c.TopologySteps               - deleting pnwg-cr5:10/1/2                                    
2019-02-06 13:52:14,831 INFO  n.e.o.c.TopologySteps               - deleting pnwg-cr5:10/1/10                                   
2019-02-06 13:52:14,831 INFO  n.e.o.c.TopologySteps               - deleting pnwg-cr5:10/1/6                                    
2019-02-06 13:52:14,831 INFO  n.e.o.c.TopologySteps               - deleting pnwg-cr5:10/1/9                                    
2019-02-06 13:52:14,831 INFO  n.e.o.c.TopologySteps               - deleting pnwg-cr5                                           
2019-02-06 13:52:14,833 INFO  n.e.o.c.TopologySteps               - deleting amst-cr5:1/1/1                                     
2019-02-06 13:52:14,833 INFO  n.e.o.c.TopologySteps               - deleting amst-cr5:1/2/1                                     
2019-02-06 13:52:14,833 INFO  n.e.o.c.TopologySteps               - deleting amst-cr5:5/1/1                                     
2019-02-06 13:52:14,833 INFO  n.e.o.c.TopologySteps               - deleting amst-cr5:3/1/1                                     
2019-02-06 13:52:14,833 INFO  n.e.o.c.TopologySteps               - deleting amst-cr5:2/1/1                                     
2019-02-06 13:52:14,833 INFO  n.e.o.c.TopologySteps               - deleting amst-cr5:10/1/1                                    
2019-02-06 13:52:14,834 INFO  n.e.o.c.TopologySteps               - deleting amst-cr5:10/1/2                                    
2019-02-06 13:52:14,834 INFO  n.e.o.c.TopologySteps               - deleting amst-cr5:10/2/5                                    
2019-02-06 13:52:14,834 INFO  n.e.o.c.TopologySteps               - deleting amst-cr5                                           
2019-02-06 13:52:14,836 INFO  n.e.o.c.TopologySteps               - deleting albq-cr5:10/1/4                                    
2019-02-06 13:52:14,836 INFO  n.e.o.c.TopologySteps               - deleting albq-cr5:10/1/2                                    
2019-02-06 13:52:14,836 INFO  n.e.o.c.TopologySteps               - deleting albq-cr5:10/1/5                                    
2019-02-06 13:52:14,836 INFO  n.e.o.c.TopologySteps               - deleting albq-cr5:10/1/3                                    
2019-02-06 13:52:14,836 INFO  n.e.o.c.TopologySteps               - deleting albq-cr5:3/1/1                                     
2019-02-06 13:52:14,837 INFO  n.e.o.c.TopologySteps               - deleting albq-cr5:2/1/1                                     
2019-02-06 13:52:14,837 INFO  n.e.o.c.TopologySteps               - deleting albq-cr5:1/1/1                                     
2019-02-06 13:52:14,837 INFO  n.e.o.c.TopologySteps               - deleting albq-cr5                                           
2019-02-06 13:52:14,842 INFO  n.e.o.c.TopologySteps               - deleting lbl-mr2:xe-8/1/0                                   
2019-02-06 13:52:14,842 INFO  n.e.o.c.TopologySteps               - deleting lbl-mr2:ge-9/1/2                                   
2019-02-06 13:52:14,843 INFO  n.e.o.c.TopologySteps               - deleting lbl-mr2:xe-2/2/0                                   
2019-02-06 13:52:14,843 INFO  n.e.o.c.TopologySteps               - deleting lbl-mr2:ge-9/0/4                                   
2019-02-06 13:52:14,843 INFO  n.e.o.c.TopologySteps               - deleting lbl-mr2:xe-0/2/0                                   
2019-02-06 13:52:14,843 INFO  n.e.o.c.TopologySteps               - deleting lbl-mr2:xe-2/1/0                                   
2019-02-06 13:52:14,843 INFO  n.e.o.c.TopologySteps               - deleting lbl-mr2:xe-1/3/0                                   
2019-02-06 13:52:14,843 INFO  n.e.o.c.TopologySteps               - deleting lbl-mr2:xe-7/2/0                                   
2019-02-06 13:52:14,843 INFO  n.e.o.c.TopologySteps               - deleting lbl-mr2:xe-1/1/0                                   
2019-02-06 13:52:14,843 INFO  n.e.o.c.TopologySteps               - deleting lbl-mr2:xe-7/0/0                                   
2019-02-06 13:52:14,844 INFO  n.e.o.c.TopologySteps               - deleting lbl-mr2:ae0                                        
2019-02-06 13:52:14,844 INFO  n.e.o.c.TopologySteps               - deleting lbl-mr2:ge-9/1/0                                   
2019-02-06 13:52:14,844 INFO  n.e.o.c.TopologySteps               - deleting lbl-mr2:ge-9/1/8                                   
2019-02-06 13:52:14,844 INFO  n.e.o.c.TopologySteps               - deleting lbl-mr2:xe-0/1/0                                   
2019-02-06 13:52:14,844 INFO  n.e.o.c.TopologySteps               - deleting lbl-mr2:xe-8/3/0                                   
2019-02-06 13:52:14,844 INFO  n.e.o.c.TopologySteps               - deleting lbl-mr2:xe-2/3/0                                   
2019-02-06 13:52:14,845 INFO  n.e.o.c.TopologySteps               - deleting lbl-mr2                                            
2019-02-06 13:52:14,848 INFO  n.e.o.c.TopologySteps               - deleting denv-cr5:4/1/1                                     
2019-02-06 13:52:14,848 INFO  n.e.o.c.TopologySteps               - deleting denv-cr5:1/1/1                                     
2019-02-06 13:52:14,848 INFO  n.e.o.c.TopologySteps               - deleting denv-cr5:10/1/10                                   
2019-02-06 13:52:14,848 INFO  n.e.o.c.TopologySteps               - deleting denv-cr5:10/1/3                                    
2019-02-06 13:52:14,848 INFO  n.e.o.c.TopologySteps               - deleting denv-cr5:10/1/4                                    
2019-02-06 13:52:14,848 INFO  n.e.o.c.TopologySteps               - deleting denv-cr5:10/1/12                                   
2019-02-06 13:52:14,848 INFO  n.e.o.c.TopologySteps               - deleting denv-cr5:2/1/1                                     
2019-02-06 13:52:14,848 INFO  n.e.o.c.TopologySteps               - deleting denv-cr5:10/1/7                                    
2019-02-06 13:52:14,849 INFO  n.e.o.c.TopologySteps               - deleting denv-cr5:4/2/1                                     
2019-02-06 13:52:14,849 INFO  n.e.o.c.TopologySteps               - deleting denv-cr5:10/1/11                                   
2019-02-06 13:52:14,849 INFO  n.e.o.c.TopologySteps               - deleting denv-cr5:10/1/5                                    
2019-02-06 13:52:14,849 INFO  n.e.o.c.TopologySteps               - deleting denv-cr5:9/1/1                                     
2019-02-06 13:52:14,849 INFO  n.e.o.c.TopologySteps               - deleting denv-cr5:3/1/1                                     
2019-02-06 13:52:14,849 INFO  n.e.o.c.TopologySteps               - deleting denv-cr5:10/1/6                                    
2019-02-06 13:52:14,849 INFO  n.e.o.c.TopologySteps               - deleting denv-cr5:9/1/3                                     
2019-02-06 13:52:14,849 INFO  n.e.o.c.TopologySteps               - deleting denv-cr5                                           
2019-02-06 13:52:14,852 INFO  n.e.o.c.TopologySteps               - deleting star-cr5:3/1/1                                     
2019-02-06 13:52:14,853 INFO  n.e.o.c.TopologySteps               - deleting star-cr5:6/1/1                                     
2019-02-06 13:52:14,853 INFO  n.e.o.c.TopologySteps               - deleting star-cr5:10/1/1                                    
2019-02-06 13:52:14,853 INFO  n.e.o.c.TopologySteps               - deleting star-cr5:10/1/8                                    
2019-02-06 13:52:14,853 INFO  n.e.o.c.TopologySteps               - deleting star-cr5:5/1/1                                     
2019-02-06 13:52:14,853 INFO  n.e.o.c.TopologySteps               - deleting star-cr5:4/2/1                                     
2019-02-06 13:52:14,853 INFO  n.e.o.c.TopologySteps               - deleting star-cr5:BLANK                                     
2019-02-06 13:52:14,854 INFO  n.e.o.c.TopologySteps               - deleting star-cr5:8/1/2                                     
2019-02-06 13:52:14,854 INFO  n.e.o.c.TopologySteps               - deleting star-cr5:9/1/4                                     
2019-02-06 13:52:14,854 INFO  n.e.o.c.TopologySteps               - deleting star-cr5:8/1/4                                     
2019-02-06 13:52:14,854 INFO  n.e.o.c.TopologySteps               - deleting star-cr5:3/2/1                                     
2019-02-06 13:52:14,854 INFO  n.e.o.c.TopologySteps               - deleting star-cr5:6/2/1                                     
2019-02-06 13:52:14,855 INFO  n.e.o.c.TopologySteps               - deleting star-cr5:8/1/6                                     
2019-02-06 13:52:14,855 INFO  n.e.o.c.TopologySteps               - deleting star-cr5:10/1/7                                    
2019-02-06 13:52:14,855 INFO  n.e.o.c.TopologySteps               - deleting star-cr5:4/1/1                                     
2019-02-06 13:52:14,855 INFO  n.e.o.c.TopologySteps               - deleting star-cr5:10/1/10                                   
2019-02-06 13:52:14,855 INFO  n.e.o.c.TopologySteps               - deleting star-cr5:1/2/1                                     
2019-02-06 13:52:14,855 INFO  n.e.o.c.TopologySteps               - deleting star-cr5:1/1/1                                     
2019-02-06 13:52:14,855 INFO  n.e.o.c.TopologySteps               - deleting star-cr5                                           
2019-02-06 13:52:14,857 INFO  n.e.o.c.TopologySteps               - deleting bost-cr5:1/1/1                                     
2019-02-06 13:52:14,857 INFO  n.e.o.c.TopologySteps               - deleting bost-cr5:10/2/3                                    
2019-02-06 13:52:14,857 INFO  n.e.o.c.TopologySteps               - deleting bost-cr5:10/1/2                                    
2019-02-06 13:52:14,858 INFO  n.e.o.c.TopologySteps               - deleting bost-cr5:10/1/6                                    
2019-02-06 13:52:14,858 INFO  n.e.o.c.TopologySteps               - deleting bost-cr5:3/1/1                                     
2019-02-06 13:52:14,858 INFO  n.e.o.c.TopologySteps               - deleting bost-cr5:2/1/1                                     
2019-02-06 13:52:14,858 INFO  n.e.o.c.TopologySteps               - deleting bost-cr5:10/1/5                                    
2019-02-06 13:52:14,858 INFO  n.e.o.c.TopologySteps               - deleting bost-cr5                                           
2019-02-06 13:52:14,950 INFO  n.e.o.c.TopologySteps               - clearing ports                                              
2019-02-06 13:52:14,952 INFO  n.e.o.c.TopologySteps               - clearing versions                                           
2019-02-06 13:52:14,972 DEBUG n.e.o.t.p.TopoPopulator             - Loaded topology from config/test/topo/one.json , config/test/topo/adj_none.json
2019-02-06 13:52:14,975 INFO  n.e.o.t.s.TopoLibrary               -  will add port A:1                                          
2019-02-06 13:52:14,975 INFO  n.e.o.t.s.TopoLibrary               -  will add port A:2                                          
2019-02-06 13:52:14,981 DEBUG n.e.o.t.s.UpdateSvc                 - New version id is: 655                                      
2019-02-06 13:52:14,981 INFO  n.e.o.t.s.UpdateSvc                 - Merging version delta                                       
2019-02-06 13:52:14,991 INFO  n.e.o.t.s.UpdateSvc                 - d: inserting: A                                             
2019-02-06 13:52:14,991 INFO  n.e.o.t.s.UpdateSvc                 - finished merging devices                                    
2019-02-06 13:52:14,991 INFO  n.e.o.t.s.UpdateSvc                 -    inserted       : 1                                       
2019-02-06 13:52:14,991 INFO  n.e.o.t.s.UpdateSvc                 -    ver updated    : 0                                       
2019-02-06 13:52:14,991 INFO  n.e.o.t.s.UpdateSvc                 -     + unchanged      : 0                                    
2019-02-06 13:52:14,991 INFO  n.e.o.t.s.UpdateSvc                 -     + data updated   : 0                                    
2019-02-06 13:52:14,991 INFO  n.e.o.t.s.UpdateSvc                 -    invalidated    :   0                                     
2019-02-06 13:52:14,993 INFO  n.e.o.t.s.UpdateSvc                 - inserting p: A:1 to A                                       
2019-02-06 13:52:14,994 DEBUG n.e.o.t.s.UpdateSvc                 - A:1 656                                                     
2019-02-06 13:52:14,995 INFO  n.e.o.t.s.UpdateSvc                 - inserting p: A:2 to A                                       
2019-02-06 13:52:14,995 DEBUG n.e.o.t.s.UpdateSvc                 - A:1 656                                                     
2019-02-06 13:52:14,995 DEBUG n.e.o.t.s.UpdateSvc                 - A:2 656                                                     
2019-02-06 13:52:14,995 INFO  n.e.o.t.s.UpdateSvc                 - finished merging ports                                      
2019-02-06 13:52:14,995 INFO  n.e.o.t.s.UpdateSvc                 -    inserted     :   2                                       
2019-02-06 13:52:14,995 INFO  n.e.o.t.s.UpdateSvc                 -    ver updated  :   0                                       
2019-02-06 13:52:14,995 INFO  n.e.o.t.s.UpdateSvc                 -    data updated :   0                                       
2019-02-06 13:52:14,995 INFO  n.e.o.t.s.UpdateSvc                 -    invalidated  :   0                                       
2019-02-06 13:52:14,995 INFO  n.e.o.t.s.UpdateSvc                 - finished merging adjacencies                                
2019-02-06 13:52:14,995 INFO  n.e.o.t.s.UpdateSvc                 -    inserted     :   0                                       
2019-02-06 13:52:14,995 INFO  n.e.o.t.s.UpdateSvc                 -    ver updated  :   0                                       
2019-02-06 13:52:14,995 INFO  n.e.o.t.s.UpdateSvc                 -    data updated :   0                                       
2019-02-06 13:52:14,995 INFO  n.e.o.t.s.UpdateSvc                 -    invalidated  :   0                                       
2019-02-06 13:52:14,995 INFO  n.e.o.t.s.UpdateSvc                 - finished merging topology delta.                            
2019-02-06 13:52:15,016 INFO  n.e.o.c.TopologySteps               - clearing adjacencies                                        
2019-02-06 13:52:15,017 INFO  n.e.o.c.TopologySteps               - clearing devices                                            
2019-02-06 13:52:15,020 INFO  n.e.o.c.TopologySteps               - deleting A:1                                                
2019-02-06 13:52:15,020 INFO  n.e.o.c.TopologySteps               - deleting A:2                                                
2019-02-06 13:52:15,020 INFO  n.e.o.c.TopologySteps               - deleting A                                                  
2019-02-06 13:52:15,021 INFO  n.e.o.c.TopologySteps               - clearing ports                                              
2019-02-06 13:52:15,022 INFO  n.e.o.c.TopologySteps               - clearing versions                                           
2019-02-06 13:52:15,030 DEBUG n.e.o.t.p.TopoPopulator             - Loaded topology from config/test/topo/two_routers.json , config/test/topo/adj_a_b_mpls.json
2019-02-06 13:52:15,032 INFO  n.e.o.t.s.TopoLibrary               -  will add port A:1                                          
2019-02-06 13:52:15,032 INFO  n.e.o.t.s.TopoLibrary               -  will add port A:2                                          
2019-02-06 13:52:15,032 INFO  n.e.o.t.s.TopoLibrary               -  will add port B:1                                          
2019-02-06 13:52:15,032 INFO  n.e.o.t.s.TopoLibrary               -  will add port B:2                                          
2019-02-06 13:52:15,036 DEBUG n.e.o.t.s.UpdateSvc                 - New version id is: 659                                      
2019-02-06 13:52:15,041 INFO  n.e.o.t.s.UpdateSvc                 - Merging version delta                                       
2019-02-06 13:52:15,054 INFO  n.e.o.t.s.UpdateSvc                 - d: inserting: A                                             
2019-02-06 13:52:15,055 INFO  n.e.o.t.s.UpdateSvc                 - d: inserting: B                                             
2019-02-06 13:52:15,055 INFO  n.e.o.t.s.UpdateSvc                 - finished merging devices                                    
2019-02-06 13:52:15,055 INFO  n.e.o.t.s.UpdateSvc                 -    inserted       : 2                                       
2019-02-06 13:52:15,055 INFO  n.e.o.t.s.UpdateSvc                 -    ver updated    : 0                                       
2019-02-06 13:52:15,055 INFO  n.e.o.t.s.UpdateSvc                 -     + unchanged      : 0                                    
2019-02-06 13:52:15,055 INFO  n.e.o.t.s.UpdateSvc                 -     + data updated   : 0                                    
2019-02-06 13:52:15,055 INFO  n.e.o.t.s.UpdateSvc                 -    invalidated    :   0                                     
2019-02-06 13:52:15,058 INFO  n.e.o.t.s.UpdateSvc                 - inserting p: A:1 to A                                       
2019-02-06 13:52:15,058 DEBUG n.e.o.t.s.UpdateSvc                 - A:1 660                                                     
2019-02-06 13:52:15,059 INFO  n.e.o.t.s.UpdateSvc                 - inserting p: A:2 to A                                       
2019-02-06 13:52:15,059 DEBUG n.e.o.t.s.UpdateSvc                 - A:2 660                                                     
2019-02-06 13:52:15,059 DEBUG n.e.o.t.s.UpdateSvc                 - A:1 660                                                     
2019-02-06 13:52:15,060 INFO  n.e.o.t.s.UpdateSvc                 - inserting p: B:1 to B                                       
2019-02-06 13:52:15,060 DEBUG n.e.o.t.s.UpdateSvc                 - B:1 661                                                     
2019-02-06 13:52:15,060 INFO  n.e.o.t.s.UpdateSvc                 - inserting p: B:2 to B                                       
2019-02-06 13:52:15,061 DEBUG n.e.o.t.s.UpdateSvc                 - B:2 661                                                     
2019-02-06 13:52:15,061 DEBUG n.e.o.t.s.UpdateSvc                 - B:1 661                                                     
2019-02-06 13:52:15,061 INFO  n.e.o.t.s.UpdateSvc                 - finished merging ports                                      
2019-02-06 13:52:15,061 INFO  n.e.o.t.s.UpdateSvc                 -    inserted     :   4                                       
2019-02-06 13:52:15,061 INFO  n.e.o.t.s.UpdateSvc                 -    ver updated  :   0                                       
2019-02-06 13:52:15,061 INFO  n.e.o.t.s.UpdateSvc                 -    data updated :   0                                       
2019-02-06 13:52:15,061 INFO  n.e.o.t.s.UpdateSvc                 -    invalidated  :   0                                       
2019-02-06 13:52:15,121 INFO  n.e.o.t.s.UpdateSvc                 - inserting pa: A:2 - B:2                                     
2019-02-06 13:52:15,130 INFO  n.e.o.t.s.UpdateSvc                 - inserting pa: B:2 - A:2                                     
2019-02-06 13:52:15,137 INFO  n.e.o.t.s.UpdateSvc                 - finished merging adjacencies                                
2019-02-06 13:52:15,154 INFO  n.e.o.t.s.UpdateSvc                 -    inserted     :   2                                       
2019-02-06 13:52:15,154 INFO  n.e.o.t.s.UpdateSvc                 -    ver updated  :   0                                       
2019-02-06 13:52:15,154 INFO  n.e.o.t.s.UpdateSvc                 -    data updated :   0                                       
2019-02-06 13:52:15,154 INFO  n.e.o.t.s.UpdateSvc                 -    invalidated  :   0                                       
2019-02-06 13:52:15,154 INFO  n.e.o.t.s.UpdateSvc                 - finished merging topology delta.                            
2019-02-06 13:52:15,185 INFO  n.e.o.c.TopologySteps               - clearing adjacencies                                        
2019-02-06 13:52:15,189 INFO  n.e.o.c.TopologySteps               - clearing devices                                            
2019-02-06 13:52:15,191 INFO  n.e.o.c.TopologySteps               - deleting A:2                                                
2019-02-06 13:52:15,191 INFO  n.e.o.c.TopologySteps               - deleting A:1                                                
2019-02-06 13:52:15,191 INFO  n.e.o.c.TopologySteps               - deleting A                                                  
2019-02-06 13:52:15,191 INFO  n.e.o.c.TopologySteps               - deleting B:2                                                
2019-02-06 13:52:15,191 INFO  n.e.o.c.TopologySteps               - deleting B:1                                                
2019-02-06 13:52:15,192 INFO  n.e.o.c.TopologySteps               - deleting B                                                  
2019-02-06 13:52:15,193 INFO  n.e.o.c.TopologySteps               - clearing ports                                              
2019-02-06 13:52:15,193 INFO  n.e.o.c.TopologySteps               - clearing versions                                           
2019-02-06 13:52:15,205 DEBUG n.e.o.t.p.TopoPopulator             - Loaded topology from config/test/topo/router_and_switch.json , config/test/topo/adj_a_b_eth.json
2019-02-06 13:52:15,208 INFO  n.e.o.t.s.TopoLibrary               -  will add port A:1                                          
2019-02-06 13:52:15,208 INFO  n.e.o.t.s.TopoLibrary               -  will add port A:2                                          
2019-02-06 13:52:15,208 INFO  n.e.o.t.s.TopoLibrary               -  will add port B:1                                          
2019-02-06 13:52:15,208 INFO  n.e.o.t.s.TopoLibrary               -  will add port B:2                                          
2019-02-06 13:52:15,212 DEBUG n.e.o.t.s.UpdateSvc                 - New version id is: 668                                      
2019-02-06 13:52:15,212 INFO  n.e.o.t.s.UpdateSvc                 - Merging version delta                                       
2019-02-06 13:52:15,233 INFO  n.e.o.t.s.UpdateSvc                 - d: inserting: A                                             
2019-02-06 13:52:15,233 INFO  n.e.o.t.s.UpdateSvc                 - d: inserting: B                                             
2019-02-06 13:52:15,233 INFO  n.e.o.t.s.UpdateSvc                 - finished merging devices                                    
2019-02-06 13:52:15,234 INFO  n.e.o.t.s.UpdateSvc                 -    inserted       : 2                                       
2019-02-06 13:52:15,234 INFO  n.e.o.t.s.UpdateSvc                 -    ver updated    : 0                                       
2019-02-06 13:52:15,234 INFO  n.e.o.t.s.UpdateSvc                 -     + unchanged      : 0                                    
2019-02-06 13:52:15,234 INFO  n.e.o.t.s.UpdateSvc                 -     + data updated   : 0                                    
2019-02-06 13:52:15,234 INFO  n.e.o.t.s.UpdateSvc                 -    invalidated    :   0                                     
2019-02-06 13:52:15,237 INFO  n.e.o.t.s.UpdateSvc                 - inserting p: A:1 to A                                       
2019-02-06 13:52:15,237 DEBUG n.e.o.t.s.UpdateSvc                 - A:1 669                                                     
2019-02-06 13:52:15,238 INFO  n.e.o.t.s.UpdateSvc                 - inserting p: A:2 to A                                       
2019-02-06 13:52:15,238 DEBUG n.e.o.t.s.UpdateSvc                 - A:1 669                                                     
2019-02-06 13:52:15,238 DEBUG n.e.o.t.s.UpdateSvc                 - A:2 669                                                     
2019-02-06 13:52:15,239 INFO  n.e.o.t.s.UpdateSvc                 - inserting p: B:1 to B                                       
2019-02-06 13:52:15,240 DEBUG n.e.o.t.s.UpdateSvc                 - B:1 670                                                     
2019-02-06 13:52:15,241 INFO  n.e.o.t.s.UpdateSvc                 - inserting p: B:2 to B                                       
2019-02-06 13:52:15,241 DEBUG n.e.o.t.s.UpdateSvc                 - B:2 670                                                     
2019-02-06 13:52:15,241 DEBUG n.e.o.t.s.UpdateSvc                 - B:1 670                                                     
2019-02-06 13:52:15,242 INFO  n.e.o.t.s.UpdateSvc                 - finished merging ports                                      
2019-02-06 13:52:15,242 INFO  n.e.o.t.s.UpdateSvc                 -    inserted     :   4                                       
2019-02-06 13:52:15,242 INFO  n.e.o.t.s.UpdateSvc                 -    ver updated  :   0                                       
2019-02-06 13:52:15,242 INFO  n.e.o.t.s.UpdateSvc                 -    data updated :   0                                       
2019-02-06 13:52:15,242 INFO  n.e.o.t.s.UpdateSvc                 -    invalidated  :   0                                       
2019-02-06 13:52:15,245 INFO  n.e.o.t.s.UpdateSvc                 - inserting pa: A:2 - B:2                                     
2019-02-06 13:52:15,246 INFO  n.e.o.t.s.UpdateSvc                 - inserting pa: B:2 - A:2                                     
2019-02-06 13:52:15,248 INFO  n.e.o.t.s.UpdateSvc                 - finished merging adjacencies                                
2019-02-06 13:52:15,248 INFO  n.e.o.t.s.UpdateSvc                 -    inserted     :   2                                       
2019-02-06 13:52:15,248 INFO  n.e.o.t.s.UpdateSvc                 -    ver updated  :   0                                       
2019-02-06 13:52:15,248 INFO  n.e.o.t.s.UpdateSvc                 -    data updated :   0                                       
2019-02-06 13:52:15,248 INFO  n.e.o.t.s.UpdateSvc                 -    invalidated  :   0                                       
2019-02-06 13:52:15,248 INFO  n.e.o.t.s.UpdateSvc                 - finished merging topology delta.                            
2019-02-06 13:52:15,275 INFO  n.e.o.c.TopologySteps               - clearing adjacencies                                        
2019-02-06 13:52:15,278 INFO  n.e.o.c.TopologySteps               - clearing devices                                            
2019-02-06 13:52:15,279 INFO  n.e.o.c.TopologySteps               - deleting A:1                                                
2019-02-06 13:52:15,280 INFO  n.e.o.c.TopologySteps               - deleting A:2                                                
2019-02-06 13:52:15,280 INFO  n.e.o.c.TopologySteps               - deleting A                                                  
2019-02-06 13:52:15,280 INFO  n.e.o.c.TopologySteps               - deleting B:2                                                
2019-02-06 13:52:15,280 INFO  n.e.o.c.TopologySteps               - deleting B:1                                                
2019-02-06 13:52:15,281 INFO  n.e.o.c.TopologySteps               - deleting B                                                  
2019-02-06 13:52:15,282 INFO  n.e.o.c.TopologySteps               - clearing ports                                              
2019-02-06 13:52:15,284 INFO  n.e.o.c.TopologySteps               - clearing versions                                           
2019-02-06 13:52:15,294 DEBUG n.e.o.t.p.TopoPopulator             - Loaded topology from config/test/topo/one.json , config/test/topo/adj_none.json
2019-02-06 13:52:15,296 INFO  n.e.o.t.s.TopoLibrary               -  will add port A:1                                          
2019-02-06 13:52:15,297 INFO  n.e.o.t.s.TopoLibrary               -  will add port A:2                                          
2019-02-06 13:52:15,307 DEBUG n.e.o.t.s.UpdateSvc                 - New version id is: 677                                      
2019-02-06 13:52:15,308 INFO  n.e.o.t.s.UpdateSvc                 - Merging version delta                                       
2019-02-06 13:52:15,317 INFO  n.e.o.t.s.UpdateSvc                 - d: inserting: A                                             
2019-02-06 13:52:15,326 INFO  n.e.o.t.s.UpdateSvc                 - finished merging devices                                    
2019-02-06 13:52:15,326 INFO  n.e.o.t.s.UpdateSvc                 -    inserted       : 1                                       
2019-02-06 13:52:15,327 INFO  n.e.o.t.s.UpdateSvc                 -    ver updated    : 0                                       
2019-02-06 13:52:15,327 INFO  n.e.o.t.s.UpdateSvc                 -     + unchanged      : 0                                    
2019-02-06 13:52:15,327 INFO  n.e.o.t.s.UpdateSvc                 -     + data updated   : 0                                    
2019-02-06 13:52:15,327 INFO  n.e.o.t.s.UpdateSvc                 -    invalidated    :   0                                     
2019-02-06 13:52:15,328 INFO  n.e.o.t.s.UpdateSvc                 - inserting p: A:1 to A                                       
2019-02-06 13:52:15,329 DEBUG n.e.o.t.s.UpdateSvc                 - A:1 678                                                     
2019-02-06 13:52:15,329 INFO  n.e.o.t.s.UpdateSvc                 - inserting p: A:2 to A                                       
2019-02-06 13:52:15,329 DEBUG n.e.o.t.s.UpdateSvc                 - A:2 678                                                     
2019-02-06 13:52:15,330 DEBUG n.e.o.t.s.UpdateSvc                 - A:1 678                                                     
2019-02-06 13:52:15,330 INFO  n.e.o.t.s.UpdateSvc                 - finished merging ports                                      
2019-02-06 13:52:15,330 INFO  n.e.o.t.s.UpdateSvc                 -    inserted     :   2                                       
2019-02-06 13:52:15,330 INFO  n.e.o.t.s.UpdateSvc                 -    ver updated  :   0                                       
2019-02-06 13:52:15,330 INFO  n.e.o.t.s.UpdateSvc                 -    data updated :   0                                       
2019-02-06 13:52:15,330 INFO  n.e.o.t.s.UpdateSvc                 -    invalidated  :   0                                       
2019-02-06 13:52:15,330 INFO  n.e.o.t.s.UpdateSvc                 - finished merging adjacencies                                
2019-02-06 13:52:15,330 INFO  n.e.o.t.s.UpdateSvc                 -    inserted     :   0                                       
2019-02-06 13:52:15,330 INFO  n.e.o.t.s.UpdateSvc                 -    ver updated  :   0                                       
2019-02-06 13:52:15,330 INFO  n.e.o.t.s.UpdateSvc                 -    data updated :   0                                       
2019-02-06 13:52:15,330 INFO  n.e.o.t.s.UpdateSvc                 -    invalidated  :   0                                       
2019-02-06 13:52:15,330 INFO  n.e.o.t.s.UpdateSvc                 - finished merging topology delta.                            
2019-02-06 13:52:15,341 DEBUG n.e.o.t.p.TopoPopulator             - Loaded topology from config/test/topo/two_routers.json , config/test/topo/adj_a_b_mpls.json
2019-02-06 13:52:15,345 INFO  n.e.o.t.s.TopoService               - found 1 devices in version 677                              
2019-02-06 13:52:15,345 INFO  n.e.o.t.s.TopoService               - found 0 adjcies in version 677                              
2019-02-06 13:52:15,346 INFO  n.e.o.t.s.TopoLibrary               -  will add port B:1                                          
2019-02-06 13:52:15,347 INFO  n.e.o.t.s.TopoLibrary               -  will add port B:2                                          
2019-02-06 13:52:15,347 DEBUG n.e.o.t.s.TopoLibrary               - A:2 changed caps                                            
2019-02-06 13:52:15,347 DEBUG n.e.o.t.s.TopoLibrary               - A:2 changed vlans                                           
2019-02-06 13:52:15,357 DEBUG n.e.o.t.s.UpdateSvc                 - Setting previous version to invalid: 677                    
2019-02-06 13:52:15,361 DEBUG n.e.o.t.s.UpdateSvc                 - New version id is: 681                                      
2019-02-06 13:52:15,362 INFO  n.e.o.t.s.UpdateSvc                 - Merging version delta                                       
2019-02-06 13:52:15,377 DEBUG n.e.o.t.s.UpdateSvc                 - will just update version: A                                 
2019-02-06 13:52:15,377 INFO  n.e.o.t.s.UpdateSvc                 - d: inserting: B                                             
2019-02-06 13:52:15,378 DEBUG n.e.o.t.s.UpdateSvc                 - updating version d: A                                       
2019-02-06 13:52:15,378 INFO  n.e.o.t.s.UpdateSvc                 - finished merging devices                                    
2019-02-06 13:52:15,378 INFO  n.e.o.t.s.UpdateSvc                 -    inserted       : 1                                       
2019-02-06 13:52:15,378 INFO  n.e.o.t.s.UpdateSvc                 -    ver updated    : 1                                       
2019-02-06 13:52:15,378 INFO  n.e.o.t.s.UpdateSvc                 -     + unchanged      : 1                                    
2019-02-06 13:52:15,378 INFO  n.e.o.t.s.UpdateSvc                 -     + data updated   : 0                                    
2019-02-06 13:52:15,378 INFO  n.e.o.t.s.UpdateSvc                 -    invalidated    :   0                                     
2019-02-06 13:52:15,383 INFO  n.e.o.t.s.UpdateSvc                 - inserting p: B:1 to B                                       
2019-02-06 13:52:15,383 DEBUG n.e.o.t.s.UpdateSvc                 - B:1 682                                                     
2019-02-06 13:52:15,384 INFO  n.e.o.t.s.UpdateSvc                 - inserting p: B:2 to B                                       
2019-02-06 13:52:15,384 DEBUG n.e.o.t.s.UpdateSvc                 - B:1 682                                                     
2019-02-06 13:52:15,384 DEBUG n.e.o.t.s.UpdateSvc                 - B:2 682                                                     
2019-02-06 13:52:15,385 DEBUG n.e.o.t.s.UpdateSvc                 - updating data p: A:2                                        
2019-02-06 13:52:15,386 DEBUG n.e.o.t.s.UpdateSvc                 - A:2 <- caps [MPLS]                                          
2019-02-06 13:52:15,386 DEBUG n.e.o.t.s.UpdateSvc                 - A:2 <- ifce null                                            
2019-02-06 13:52:15,386 DEBUG n.e.o.t.s.UpdateSvc                 - A:2 <- tags : null                                          
2019-02-06 13:52:15,386 DEBUG n.e.o.t.s.UpdateSvc                 - A:2 <- ipv4 null                                            
2019-02-06 13:52:15,386 DEBUG n.e.o.t.s.UpdateSvc                 - A:2 <- ipv6 null                                            
2019-02-06 13:52:15,386 DEBUG n.e.o.t.s.UpdateSvc                 - A:2 <- vlans []                                             
2019-02-06 13:52:15,386 INFO  n.e.o.t.s.UpdateSvc                 - finished merging ports                                      
2019-02-06 13:52:15,386 INFO  n.e.o.t.s.UpdateSvc                 -    inserted     :   2                                       
2019-02-06 13:52:15,386 INFO  n.e.o.t.s.UpdateSvc                 -    ver updated  :   2                                       
2019-02-06 13:52:15,386 INFO  n.e.o.t.s.UpdateSvc                 -    data updated :   1                                       
2019-02-06 13:52:15,386 INFO  n.e.o.t.s.UpdateSvc                 -    invalidated  :   0                                       
2019-02-06 13:52:15,389 INFO  n.e.o.t.s.UpdateSvc                 - inserting pa: A:2 - B:2                                     
2019-02-06 13:52:15,390 INFO  n.e.o.t.s.UpdateSvc                 - inserting pa: B:2 - A:2                                     
2019-02-06 13:52:15,391 INFO  n.e.o.t.s.UpdateSvc                 - finished merging adjacencies                                
2019-02-06 13:52:15,391 INFO  n.e.o.t.s.UpdateSvc                 -    inserted     :   2                                       
2019-02-06 13:52:15,391 INFO  n.e.o.t.s.UpdateSvc                 -    ver updated  :   0                                       
2019-02-06 13:52:15,391 INFO  n.e.o.t.s.UpdateSvc                 -    data updated :   0                                       
2019-02-06 13:52:15,391 INFO  n.e.o.t.s.UpdateSvc                 -    invalidated  :   0                                       
2019-02-06 13:52:15,391 INFO  n.e.o.t.s.UpdateSvc                 - finished merging topology delta.                            
2019-02-06 13:52:15,427 INFO  n.e.o.c.TopologySteps               - clearing adjacencies                                        
2019-02-06 13:52:15,430 INFO  n.e.o.c.TopologySteps               - clearing devices                                            
2019-02-06 13:52:15,432 INFO  n.e.o.c.TopologySteps               - deleting A:1                                                
2019-02-06 13:52:15,432 INFO  n.e.o.c.TopologySteps               - deleting A:2                                                
2019-02-06 13:52:15,432 INFO  n.e.o.c.TopologySteps               - deleting A                                                  
2019-02-06 13:52:15,433 INFO  n.e.o.c.TopologySteps               - deleting B:1                                                
2019-02-06 13:52:15,433 INFO  n.e.o.c.TopologySteps               - deleting B:2                                                
2019-02-06 13:52:15,433 INFO  n.e.o.c.TopologySteps               - deleting B                                                  
2019-02-06 13:52:15,434 INFO  n.e.o.c.TopologySteps               - clearing ports                                              
2019-02-06 13:52:15,435 INFO  n.e.o.c.TopologySteps               - clearing versions                                           
2019-02-06 13:52:15,444 DEBUG n.e.o.t.p.TopoPopulator             - Loaded topology from config/test/topo/two_routers.json , config/test/topo/adj_a_b_mpls.json
2019-02-06 13:52:15,447 INFO  n.e.o.t.s.TopoLibrary               -  will add port A:1                                          
2019-02-06 13:52:15,447 INFO  n.e.o.t.s.TopoLibrary               -  will add port A:2                                          
2019-02-06 13:52:15,447 INFO  n.e.o.t.s.TopoLibrary               -  will add port B:1                                          
2019-02-06 13:52:15,447 INFO  n.e.o.t.s.TopoLibrary               -  will add port B:2                                          
2019-02-06 13:52:15,450 DEBUG n.e.o.t.s.UpdateSvc                 - New version id is: 687                                      
2019-02-06 13:52:15,451 INFO  n.e.o.t.s.UpdateSvc                 - Merging version delta                                       
2019-02-06 13:52:15,461 INFO  n.e.o.t.s.UpdateSvc                 - d: inserting: A                                             
2019-02-06 13:52:15,461 INFO  n.e.o.t.s.UpdateSvc                 - d: inserting: B                                             
2019-02-06 13:52:15,462 INFO  n.e.o.t.s.UpdateSvc                 - finished merging devices                                    
2019-02-06 13:52:15,462 INFO  n.e.o.t.s.UpdateSvc                 -    inserted       : 2                                       
2019-02-06 13:52:15,462 INFO  n.e.o.t.s.UpdateSvc                 -    ver updated    : 0                                       
2019-02-06 13:52:15,462 INFO  n.e.o.t.s.UpdateSvc                 -     + unchanged      : 0                                    
2019-02-06 13:52:15,462 INFO  n.e.o.t.s.UpdateSvc                 -     + data updated   : 0                                    
2019-02-06 13:52:15,462 INFO  n.e.o.t.s.UpdateSvc                 -    invalidated    :   0                                     
2019-02-06 13:52:15,466 INFO  n.e.o.t.s.UpdateSvc                 - inserting p: A:1 to A                                       
2019-02-06 13:52:15,466 DEBUG n.e.o.t.s.UpdateSvc                 - A:1 688                                                     
2019-02-06 13:52:15,467 INFO  n.e.o.t.s.UpdateSvc                 - inserting p: A:2 to A                                       
2019-02-06 13:52:15,468 DEBUG n.e.o.t.s.UpdateSvc                 - A:1 688                                                     
2019-02-06 13:52:15,468 DEBUG n.e.o.t.s.UpdateSvc                 - A:2 688                                                     
2019-02-06 13:52:15,469 INFO  n.e.o.t.s.UpdateSvc                 - inserting p: B:1 to B                                       
2019-02-06 13:52:15,470 DEBUG n.e.o.t.s.UpdateSvc                 - B:1 689                                                     
2019-02-06 13:52:15,472 INFO  n.e.o.t.s.UpdateSvc                 - inserting p: B:2 to B                                       
2019-02-06 13:52:15,472 DEBUG n.e.o.t.s.UpdateSvc                 - B:2 689                                                     
2019-02-06 13:52:15,473 DEBUG n.e.o.t.s.UpdateSvc                 - B:1 689                                                     
2019-02-06 13:52:15,473 INFO  n.e.o.t.s.UpdateSvc                 - finished merging ports                                      
2019-02-06 13:52:15,473 INFO  n.e.o.t.s.UpdateSvc                 -    inserted     :   4                                       
2019-02-06 13:52:15,473 INFO  n.e.o.t.s.UpdateSvc                 -    ver updated  :   0                                       
2019-02-06 13:52:15,473 INFO  n.e.o.t.s.UpdateSvc                 -    data updated :   0                                       
2019-02-06 13:52:15,473 INFO  n.e.o.t.s.UpdateSvc                 -    invalidated  :   0                                       
2019-02-06 13:52:15,479 INFO  n.e.o.t.s.UpdateSvc                 - inserting pa: A:2 - B:2                                     
2019-02-06 13:52:15,481 INFO  n.e.o.t.s.UpdateSvc                 - inserting pa: B:2 - A:2                                     
2019-02-06 13:52:15,485 INFO  n.e.o.t.s.UpdateSvc                 - finished merging adjacencies                                
2019-02-06 13:52:15,485 INFO  n.e.o.t.s.UpdateSvc                 -    inserted     :   2                                       
2019-02-06 13:52:15,485 INFO  n.e.o.t.s.UpdateSvc                 -    ver updated  :   0                                       
2019-02-06 13:52:15,485 INFO  n.e.o.t.s.UpdateSvc                 -    data updated :   0                                       
2019-02-06 13:52:15,485 INFO  n.e.o.t.s.UpdateSvc                 -    invalidated  :   0                                       
2019-02-06 13:52:15,485 INFO  n.e.o.t.s.UpdateSvc                 - finished merging topology delta.                            
2019-02-06 13:52:15,493 DEBUG n.e.o.t.p.TopoPopulator             - Loaded topology from config/test/topo/two_routers.json , config/test/topo/adj_a_b_mpls.json
2019-02-06 13:52:15,499 INFO  n.e.o.t.s.TopoService               - found 2 devices in version 687                              
2019-02-06 13:52:15,499 INFO  n.e.o.t.s.TopoService               - found 2 adjcies in version 687                              
2019-02-06 13:52:15,541 DEBUG n.e.o.t.s.UpdateSvc                 - Setting previous version to invalid: 687                    
2019-02-06 13:52:15,543 DEBUG n.e.o.t.s.UpdateSvc                 - New version id is: 696                                      
2019-02-06 13:52:15,543 INFO  n.e.o.t.s.UpdateSvc                 - Merging version delta                                       
2019-02-06 13:52:15,553 DEBUG n.e.o.t.s.UpdateSvc                 - will just update version: A                                 
2019-02-06 13:52:15,554 DEBUG n.e.o.t.s.UpdateSvc                 - will just update version: B                                 
2019-02-06 13:52:15,554 DEBUG n.e.o.t.s.UpdateSvc                 - updating version d: A                                       
2019-02-06 13:52:15,554 DEBUG n.e.o.t.s.UpdateSvc                 - updating version d: B                                       
2019-02-06 13:52:15,555 INFO  n.e.o.t.s.UpdateSvc                 - finished merging devices                                    
2019-02-06 13:52:15,555 INFO  n.e.o.t.s.UpdateSvc                 -    inserted       : 0                                       
2019-02-06 13:52:15,555 INFO  n.e.o.t.s.UpdateSvc                 -    ver updated    : 2                                       
2019-02-06 13:52:15,555 INFO  n.e.o.t.s.UpdateSvc                 -     + unchanged      : 2                                    
2019-02-06 13:52:15,555 INFO  n.e.o.t.s.UpdateSvc                 -     + data updated   : 0                                    
2019-02-06 13:52:15,555 INFO  n.e.o.t.s.UpdateSvc                 -    invalidated    :   0                                     
2019-02-06 13:52:15,558 INFO  n.e.o.t.s.UpdateSvc                 - finished merging ports                                      
2019-02-06 13:52:15,558 INFO  n.e.o.t.s.UpdateSvc                 -    inserted     :   0                                       
2019-02-06 13:52:15,558 INFO  n.e.o.t.s.UpdateSvc                 -    ver updated  :   4                                       
2019-02-06 13:52:15,558 INFO  n.e.o.t.s.UpdateSvc                 -    data updated :   0                                       
2019-02-06 13:52:15,558 INFO  n.e.o.t.s.UpdateSvc                 -    invalidated  :   0                                       
2019-02-06 13:52:15,561 DEBUG n.e.o.t.s.UpdateSvc                 - updating version pa: A:2 - B:2                              
2019-02-06 13:52:15,562 DEBUG n.e.o.t.s.UpdateSvc                 - updating version pa: B:2 - A:2                              
2019-02-06 13:52:15,562 INFO  n.e.o.t.s.UpdateSvc                 - finished merging adjacencies                                
2019-02-06 13:52:15,562 INFO  n.e.o.t.s.UpdateSvc                 -    inserted     :   0                                       
2019-02-06 13:52:15,562 INFO  n.e.o.t.s.UpdateSvc                 -    ver updated  :   2                                       
2019-02-06 13:52:15,562 INFO  n.e.o.t.s.UpdateSvc                 -    data updated :   0                                       
2019-02-06 13:52:15,562 INFO  n.e.o.t.s.UpdateSvc                 -    invalidated  :   0                                       
2019-02-06 13:52:15,562 INFO  n.e.o.t.s.UpdateSvc                 - finished merging topology delta.                            
2019-02-06 13:52:15,594 INFO  n.e.o.c.TopologySteps               - clearing adjacencies                                        
2019-02-06 13:52:15,599 INFO  n.e.o.c.TopologySteps               - clearing devices                                            
2019-02-06 13:52:15,600 INFO  n.e.o.c.TopologySteps               - deleting A:2                                                
2019-02-06 13:52:15,601 INFO  n.e.o.c.TopologySteps               - deleting A:1                                                
2019-02-06 13:52:15,601 INFO  n.e.o.c.TopologySteps               - deleting A                                                  
2019-02-06 13:52:15,602 INFO  n.e.o.c.TopologySteps               - deleting B:2                                                
2019-02-06 13:52:15,603 INFO  n.e.o.c.TopologySteps               - deleting B:1                                                
2019-02-06 13:52:15,603 INFO  n.e.o.c.TopologySteps               - deleting B                                                  
2019-02-06 13:52:15,604 INFO  n.e.o.c.TopologySteps               - clearing ports                                              
2019-02-06 13:52:15,604 INFO  n.e.o.c.TopologySteps               - clearing versions                                           
2019-02-06 13:52:15,611 DEBUG n.e.o.t.p.TopoPopulator             - Loaded topology from config/test/topo/two_routers.json , config/test/topo/adj_a_b_mpls.json
2019-02-06 13:52:15,612 INFO  n.e.o.t.s.TopoLibrary               -  will add port A:1                                          
2019-02-06 13:52:15,612 INFO  n.e.o.t.s.TopoLibrary               -  will add port A:2                                          
2019-02-06 13:52:15,612 INFO  n.e.o.t.s.TopoLibrary               -  will add port B:1                                          
2019-02-06 13:52:15,612 INFO  n.e.o.t.s.TopoLibrary               -  will add port B:2                                          
2019-02-06 13:52:15,617 DEBUG n.e.o.t.s.UpdateSvc                 - New version id is: 697                                      
2019-02-06 13:52:15,617 INFO  n.e.o.t.s.UpdateSvc                 - Merging version delta                                       
2019-02-06 13:52:15,625 INFO  n.e.o.t.s.UpdateSvc                 - d: inserting: A                                             
2019-02-06 13:52:15,625 INFO  n.e.o.t.s.UpdateSvc                 - d: inserting: B                                             
2019-02-06 13:52:15,625 INFO  n.e.o.t.s.UpdateSvc                 - finished merging devices                                    
2019-02-06 13:52:15,625 INFO  n.e.o.t.s.UpdateSvc                 -    inserted       : 2                                       
2019-02-06 13:52:15,625 INFO  n.e.o.t.s.UpdateSvc                 -    ver updated    : 0                                       
2019-02-06 13:52:15,625 INFO  n.e.o.t.s.UpdateSvc                 -     + unchanged      : 0                                    
2019-02-06 13:52:15,625 INFO  n.e.o.t.s.UpdateSvc                 -     + data updated   : 0                                    
2019-02-06 13:52:15,626 INFO  n.e.o.t.s.UpdateSvc                 -    invalidated    :   0                                     
2019-02-06 13:52:15,640 INFO  n.e.o.t.s.UpdateSvc                 - inserting p: A:1 to A                                       
2019-02-06 13:52:15,641 DEBUG n.e.o.t.s.UpdateSvc                 - A:1 698                                                     
2019-02-06 13:52:15,643 INFO  n.e.o.t.s.UpdateSvc                 - inserting p: A:2 to A                                       
2019-02-06 13:52:15,644 DEBUG n.e.o.t.s.UpdateSvc                 - A:1 698                                                     
2019-02-06 13:52:15,644 DEBUG n.e.o.t.s.UpdateSvc                 - A:2 698                                                     
2019-02-06 13:52:15,645 INFO  n.e.o.t.s.UpdateSvc                 - inserting p: B:1 to B                                       
2019-02-06 13:52:15,645 DEBUG n.e.o.t.s.UpdateSvc                 - B:1 699                                                     
2019-02-06 13:52:15,646 INFO  n.e.o.t.s.UpdateSvc                 - inserting p: B:2 to B                                       
2019-02-06 13:52:15,647 DEBUG n.e.o.t.s.UpdateSvc                 - B:1 699                                                     
2019-02-06 13:52:15,647 DEBUG n.e.o.t.s.UpdateSvc                 - B:2 699                                                     
2019-02-06 13:52:15,647 INFO  n.e.o.t.s.UpdateSvc                 - finished merging ports                                      
2019-02-06 13:52:15,647 INFO  n.e.o.t.s.UpdateSvc                 -    inserted     :   4                                       
2019-02-06 13:52:15,647 INFO  n.e.o.t.s.UpdateSvc                 -    ver updated  :   0                                       
2019-02-06 13:52:15,647 INFO  n.e.o.t.s.UpdateSvc                 -    data updated :   0                                       
2019-02-06 13:52:15,647 INFO  n.e.o.t.s.UpdateSvc                 -    invalidated  :   0                                       
2019-02-06 13:52:15,650 INFO  n.e.o.t.s.UpdateSvc                 - inserting pa: A:2 - B:2                                     
2019-02-06 13:52:15,651 INFO  n.e.o.t.s.UpdateSvc                 - inserting pa: B:2 - A:2                                     
2019-02-06 13:52:15,652 INFO  n.e.o.t.s.UpdateSvc                 - finished merging adjacencies                                
2019-02-06 13:52:15,653 INFO  n.e.o.t.s.UpdateSvc                 -    inserted     :   2                                       
2019-02-06 13:52:15,653 INFO  n.e.o.t.s.UpdateSvc                 -    ver updated  :   0                                       
2019-02-06 13:52:15,653 INFO  n.e.o.t.s.UpdateSvc                 -    data updated :   0                                       
2019-02-06 13:52:15,653 INFO  n.e.o.t.s.UpdateSvc                 -    invalidated  :   0                                       
2019-02-06 13:52:15,653 INFO  n.e.o.t.s.UpdateSvc                 - finished merging topology delta.                            
2019-02-06 13:52:15,663 DEBUG n.e.o.t.p.TopoPopulator             - Loaded topology from config/test/topo/one.json , config/test/topo/adj_none.json
2019-02-06 13:52:15,669 INFO  n.e.o.t.s.TopoService               - found 2 devices in version 697                              
2019-02-06 13:52:15,669 INFO  n.e.o.t.s.TopoService               - found 2 adjcies in version 697                              
2019-02-06 13:52:15,671 INFO  n.e.o.t.s.TopoLibrary               -  will remove port B:1                                       
2019-02-06 13:52:15,671 INFO  n.e.o.t.s.TopoLibrary               -  will remove port B:2                                       
2019-02-06 13:52:15,671 DEBUG n.e.o.t.s.TopoLibrary               - A:2 changed caps                                            
2019-02-06 13:52:15,671 DEBUG n.e.o.t.s.TopoLibrary               - A:2 changed vlans                                           
2019-02-06 13:52:15,687 DEBUG n.e.o.t.s.UpdateSvc                 - Setting previous version to invalid: 697                    
2019-02-06 13:52:15,689 DEBUG n.e.o.t.s.UpdateSvc                 - New version id is: 706                                      
2019-02-06 13:52:15,690 INFO  n.e.o.t.s.UpdateSvc                 - Merging version delta                                       
2019-02-06 13:52:15,706 INFO  n.e.o.t.s.UpdateSvc                 - will invalidate device (and all ports): B                   
2019-02-06 13:52:15,707 DEBUG n.e.o.t.s.UpdateSvc                 - will just update version: A                                 
2019-02-06 13:52:15,707 DEBUG n.e.o.t.s.UpdateSvc                 - updating version d: A                                       
2019-02-06 13:52:15,708 INFO  n.e.o.t.s.UpdateSvc                 - finished merging devices                                    
2019-02-06 13:52:15,708 INFO  n.e.o.t.s.UpdateSvc                 -    inserted       : 0                                       
2019-02-06 13:52:15,708 INFO  n.e.o.t.s.UpdateSvc                 -    ver updated    : 1                                       
2019-02-06 13:52:15,709 INFO  n.e.o.t.s.UpdateSvc                 -     + unchanged      : 1                                    
2019-02-06 13:52:15,709 INFO  n.e.o.t.s.UpdateSvc                 -     + data updated   : 0                                    
2019-02-06 13:52:15,709 INFO  n.e.o.t.s.UpdateSvc                 -    invalidated    :   1                                     
2019-02-06 13:52:15,712 DEBUG n.e.o.t.s.UpdateSvc                 - updating data p: A:2                                        
2019-02-06 13:52:15,712 DEBUG n.e.o.t.s.UpdateSvc                 - A:2 <- caps [ETHERNET]                                      
2019-02-06 13:52:15,712 DEBUG n.e.o.t.s.UpdateSvc                 - A:2 <- ifce null                                            
2019-02-06 13:52:15,712 DEBUG n.e.o.t.s.UpdateSvc                 - A:2 <- tags : null                                          
2019-02-06 13:52:15,712 DEBUG n.e.o.t.s.UpdateSvc                 - A:2 <- ipv4 null                                            
2019-02-06 13:52:15,712 DEBUG n.e.o.t.s.UpdateSvc                 - A:2 <- ipv6 null                                            
2019-02-06 13:52:15,713 DEBUG n.e.o.t.s.UpdateSvc                 - A:2 <- vlans [IntRange(floor=100, ceiling=200)]             
2019-02-06 13:52:15,713 DEBUG n.e.o.t.s.UpdateSvc                 - invalidating port B:1                                       
2019-02-06 13:52:15,714 DEBUG n.e.o.t.s.UpdateSvc                 - B:1                                                         
2019-02-06 13:52:15,714 DEBUG n.e.o.t.s.UpdateSvc                 - B:2                                                         
2019-02-06 13:52:15,714 DEBUG n.e.o.t.s.UpdateSvc                 - invalidating port B:2                                       
2019-02-06 13:52:15,715 DEBUG n.e.o.t.s.UpdateSvc                 - B:1                                                         
2019-02-06 13:52:15,715 DEBUG n.e.o.t.s.UpdateSvc                 - B:2                                                         
2019-02-06 13:52:15,715 INFO  n.e.o.t.s.UpdateSvc                 - finished merging ports                                      
2019-02-06 13:52:15,715 INFO  n.e.o.t.s.UpdateSvc                 -    inserted     :   0                                       
2019-02-06 13:52:15,715 INFO  n.e.o.t.s.UpdateSvc                 -    ver updated  :   2                                       
2019-02-06 13:52:15,715 INFO  n.e.o.t.s.UpdateSvc                 -    data updated :   1                                       
2019-02-06 13:52:15,715 INFO  n.e.o.t.s.UpdateSvc                 -    invalidated  :   2                                       
2019-02-06 13:52:15,718 INFO  n.e.o.t.s.UpdateSvc                 - finished merging adjacencies                                
2019-02-06 13:52:15,718 INFO  n.e.o.t.s.UpdateSvc                 -    inserted     :   0                                       
2019-02-06 13:52:15,718 INFO  n.e.o.t.s.UpdateSvc                 -    ver updated  :   0                                       
2019-02-06 13:52:15,719 INFO  n.e.o.t.s.UpdateSvc                 -    data updated :   0                                       
2019-02-06 13:52:15,719 INFO  n.e.o.t.s.UpdateSvc                 -    invalidated  :   2                                       
2019-02-06 13:52:15,719 INFO  n.e.o.t.s.UpdateSvc                 - finished merging topology delta.                            
2019-02-06 13:52:15,738 INFO  n.e.o.c.TopologySteps               - clearing adjacencies                                        
2019-02-06 13:52:15,755 INFO  n.e.o.c.TopologySteps               - clearing devices                                            
2019-02-06 13:52:15,757 INFO  n.e.o.c.TopologySteps               - deleting A:1                                                
2019-02-06 13:52:15,757 INFO  n.e.o.c.TopologySteps               - deleting A:2                                                
2019-02-06 13:52:15,757 INFO  n.e.o.c.TopologySteps               - deleting A                                                  
2019-02-06 13:52:15,758 INFO  n.e.o.c.TopologySteps               - deleting B:1                                                
2019-02-06 13:52:15,759 INFO  n.e.o.c.TopologySteps               - deleting B:2                                                
2019-02-06 13:52:15,760 INFO  n.e.o.c.TopologySteps               - deleting B                                                  
2019-02-06 13:52:15,762 INFO  n.e.o.c.TopologySteps               - clearing ports                                              
2019-02-06 13:52:15,763 INFO  n.e.o.c.TopologySteps               - clearing versions                                           
2019-02-06 13:52:15,773 DEBUG n.e.o.t.p.TopoPopulator             - Loaded topology from config/test/topo/one.json , config/test/topo/adj_none.json
2019-02-06 13:52:15,775 INFO  n.e.o.t.s.TopoLibrary               -  will add port A:1                                          
2019-02-06 13:52:15,775 INFO  n.e.o.t.s.TopoLibrary               -  will add port A:2                                          
2019-02-06 13:52:15,779 DEBUG n.e.o.t.s.UpdateSvc                 - New version id is: 707                                      
2019-02-06 13:52:15,780 INFO  n.e.o.t.s.UpdateSvc                 - Merging version delta                                       
2019-02-06 13:52:15,787 INFO  n.e.o.t.s.UpdateSvc                 - d: inserting: A                                             
2019-02-06 13:52:15,788 INFO  n.e.o.t.s.UpdateSvc                 - finished merging devices                                    
2019-02-06 13:52:15,788 INFO  n.e.o.t.s.UpdateSvc                 -    inserted       : 1                                       
2019-02-06 13:52:15,788 INFO  n.e.o.t.s.UpdateSvc                 -    ver updated    : 0                                       
2019-02-06 13:52:15,788 INFO  n.e.o.t.s.UpdateSvc                 -     + unchanged      : 0                                    
2019-02-06 13:52:15,788 INFO  n.e.o.t.s.UpdateSvc                 -     + data updated   : 0                                    
2019-02-06 13:52:15,788 INFO  n.e.o.t.s.UpdateSvc                 -    invalidated    :   0                                     
2019-02-06 13:52:15,791 INFO  n.e.o.t.s.UpdateSvc                 - inserting p: A:1 to A                                       
2019-02-06 13:52:15,791 DEBUG n.e.o.t.s.UpdateSvc                 - A:1 708                                                     
2019-02-06 13:52:15,792 INFO  n.e.o.t.s.UpdateSvc                 - inserting p: A:2 to A                                       
2019-02-06 13:52:15,792 DEBUG n.e.o.t.s.UpdateSvc                 - A:2 708                                                     
2019-02-06 13:52:15,792 DEBUG n.e.o.t.s.UpdateSvc                 - A:1 708                                                     
2019-02-06 13:52:15,792 INFO  n.e.o.t.s.UpdateSvc                 - finished merging ports                                      
2019-02-06 13:52:15,792 INFO  n.e.o.t.s.UpdateSvc                 -    inserted     :   2                                       
2019-02-06 13:52:15,792 INFO  n.e.o.t.s.UpdateSvc                 -    ver updated  :   0                                       
2019-02-06 13:52:15,792 INFO  n.e.o.t.s.UpdateSvc                 -    data updated :   0                                       
2019-02-06 13:52:15,792 INFO  n.e.o.t.s.UpdateSvc                 -    invalidated  :   0                                       
2019-02-06 13:52:15,792 INFO  n.e.o.t.s.UpdateSvc                 - finished merging adjacencies                                
2019-02-06 13:52:15,792 INFO  n.e.o.t.s.UpdateSvc                 -    inserted     :   0                                       
2019-02-06 13:52:15,792 INFO  n.e.o.t.s.UpdateSvc                 -    ver updated  :   0                                       
2019-02-06 13:52:15,792 INFO  n.e.o.t.s.UpdateSvc                 -    data updated :   0                                       
2019-02-06 13:52:15,792 INFO  n.e.o.t.s.UpdateSvc                 -    invalidated  :   0                                       
2019-02-06 13:52:15,792 INFO  n.e.o.t.s.UpdateSvc                 - finished merging topology delta.                            
2019-02-06 13:52:15,797 INFO  n.e.o.t.s.TopoService               - updating pathfinding topo to version: 707                   
2019-02-06 13:52:15,800 INFO  n.e.o.t.s.TopoService               - updated with 4 topo adjacencies                             
